n232-194-226:234132:234196 [0] NCCL INFO Allocated shareable buffer 0x7f8ad3800000 size 2097152 ipcDesc 0x7f8b0400c3f0
n232-194-226:234132:234196 [0] NCCL INFO proxyProgressAsync opId=0x7f8aeabbc6c0 op.type=3 op.reqBuff=0x7f8b0401e4b0 op.respSize=80 done
n232-194-226:234135:234157 [3] NCCL INFO GPU Direct RDMA Enabled for GPU 5a000 / HCA 2 (distance 3 <= 4), read 0
n232-194-226:234132:234153 [0] NCCL INFO ncclPollProxyResponse Received new opId=0x7f8aeabbc6c0
n232-194-226:234132:234153 [0] NCCL INFO recvOpId=0x7f8aeabbc6c0 matches expected opId=0x7f8aeabbc6c0
n232-194-226:234132:234196 [0] NCCL INFO Received and initiated operation=Setup res=0
n232-194-226:234132:234153 [0] NCCL INFO Channel 10/0 : 0[0] -> 4[4] via P2P/IPC
n232-194-226:234135:234195 [3] NCCL INFO New proxy recv connection 42 from local rank 3, transport 2
n232-194-226:234135:234195 [3] NCCL INFO proxyProgressAsync opId=0x7fc5f6bbc880 op.type=1 op.reqBuff=0x7fc5ec0a6da0 op.respSize=16 done
n232-194-226:234136:234194 [4] NCCL INFO New proxy recv connection 34 from local rank 4, transport 0
n232-194-226:234136:234194 [4] NCCL INFO proxyProgressAsync opId=0x7fb68ebbc6c0 op.type=1 op.reqBuff=0x7fb6800c0b90 op.respSize=16 done
n232-194-226:234135:234157 [3] NCCL INFO ncclPollProxyResponse Received new opId=0x7fc5f6bbc880
n232-194-226:234132:234196 [0] NCCL INFO New proxy send connection 34 from local rank 0, transport 0
n232-194-226:234132:234196 [0] NCCL INFO proxyProgressAsync opId=0x7f8aeabbc6c0 op.type=1 op.reqBuff=0x7f8b0401e4b0 op.respSize=16 done
n232-194-226:234135:234195 [3] NCCL INFO Received and initiated operation=Init res=0
n232-194-226:234136:234155 [4] NCCL INFO ncclPollProxyResponse Received new opId=0x7fb68ebbc6c0
n232-194-226:234132:234153 [0] NCCL INFO ncclPollProxyResponse Received new opId=0x7f8aeabbc6c0
n232-194-226:234135:234157 [3] NCCL INFO recvOpId=0x7fc5f6bbc880 matches expected opId=0x7fc5f6bbc880
n232-194-226:234136:234194 [4] NCCL INFO Received and initiated operation=Init res=0
n232-194-226:234135:234157 [3] NCCL INFO Connection to proxy localRank 3 -> connection 0x7fc5ec003e70
n232-194-226:234136:234155 [4] NCCL INFO recvOpId=0x7fb68ebbc6c0 matches expected opId=0x7fb68ebbc6c0
n232-194-226:234132:234153 [0] NCCL INFO recvOpId=0x7f8aeabbc6c0 matches expected opId=0x7f8aeabbc6c0
n232-194-226:234136:234155 [4] NCCL INFO Connection to proxy localRank 4 -> connection 0x7fb680003bf0
n232-194-226:234132:234196 [0] NCCL INFO Received and initiated operation=Init res=0
n232-194-226:234132:234153 [0] NCCL INFO Connection to proxy localRank 0 -> connection 0x7f8b04003bf0
n232-194-226:234135:234195 [3] NCCL INFO proxyProgressAsync opId=0x7fc5f6bbc880 op.type=3 op.reqBuff=0x7fc5ec07cfd0 op.respSize=128 done
n232-194-226:234135:234157 [3] NCCL INFO ncclPollProxyResponse Received new opId=0x7fc5f6bbc880
n232-194-226:234135:234157 [3] NCCL INFO recvOpId=0x7fc5f6bbc880 matches expected opId=0x7fc5f6bbc880
n232-194-226:234135:234195 [3] NCCL INFO Received and initiated operation=Setup res=0
n232-194-226:234135:234157 [3] NCCL INFO Channel 02/0 : 8[3] -> 3[3] [receive] via NET/IB/2/GDRDMA
n232-194-226:234135:234157 [3] NCCL INFO GPU Direct RDMA Enabled for GPU 5a000 / HCA 2 (distance 3 <= 4), read 0
n232-194-226:234134:234197 [2] NCCL INFO transport/p2p.cc:204 Cuda Alloc Size 10485760 pointer 0x7fc617400000
n232-194-226:234135:234195 [3] NCCL INFO New proxy recv connection 43 from local rank 3, transport 2
n232-194-226:234135:234195 [3] NCCL INFO proxyProgressAsync opId=0x7fc5f6bbc880 op.type=1 op.reqBuff=0x7fc5ec0a6da0 op.respSize=16 done
n232-194-226:234135:234157 [3] NCCL INFO ncclPollProxyResponse Received new opId=0x7fc5f6bbc880
n232-194-226:234135:234195 [3] NCCL INFO Received and initiated operation=Init res=0
n232-194-226:234135:234157 [3] NCCL INFO recvOpId=0x7fc5f6bbc880 matches expected opId=0x7fc5f6bbc880
n232-194-226:234135:234157 [3] NCCL INFO Connection to proxy localRank 3 -> connection 0x7fc5ec003ec0
n232-194-226:234134:234197 [2] NCCL INFO Allocated shareable buffer 0x7fc617400000 size 10485760 ipcDesc 0x7fc638055ee0
n232-194-226:234134:234197 [2] NCCL INFO proxyProgressAsync opId=0x7fc642bbc880 op.type=3 op.reqBuff=0x7fc638137210 op.respSize=80 done
n232-194-226:234134:234156 [2] NCCL INFO ncclPollProxyResponse Received new opId=0x7fc642bbc880
n232-194-226:234134:234197 [2] NCCL INFO Received and initiated operation=Setup res=0
n232-194-226:234134:234156 [2] NCCL INFO recvOpId=0x7fc642bbc880 matches expected opId=0x7fc642bbc880
n232-194-226:234135:234195 [3] NCCL INFO proxyProgressAsync opId=0x7fc5f6bbc880 op.type=3 op.reqBuff=0x7fc5ec0acfd0 op.respSize=128 done
n232-194-226:234134:234197 [2] NCCL INFO New proxy recv connection 55 from local rank 2, transport 0
n232-194-226:234135:234157 [3] NCCL INFO ncclPollProxyResponse Received new opId=0x7fc5f6bbc880
n232-194-226:234134:234197 [2] NCCL INFO proxyProgressAsync opId=0x7fc642bbc880 op.type=1 op.reqBuff=0x7fc638137210 op.respSize=16 done
n232-194-226:234135:234157 [3] NCCL INFO recvOpId=0x7fc5f6bbc880 matches expected opId=0x7fc5f6bbc880
n232-194-226:234134:234156 [2] NCCL INFO ncclPollProxyResponse Received new opId=0x7fc642bbc880
n232-194-226:234135:234195 [3] NCCL INFO Received and initiated operation=Setup res=0
n232-194-226:234135:234157 [3] NCCL INFO Channel 03/0 : 8[3] -> 3[3] [receive] via NET/IB/2/GDRDMA
n232-194-226:234134:234197 [2] NCCL INFO Received and initiated operation=Init res=0
n232-194-226:234135:234157 [3] NCCL INFO GPU Direct RDMA Enabled for GPU 5a000 / HCA 2 (distance 3 <= 4), read 0
n232-194-226:234134:234156 [2] NCCL INFO recvOpId=0x7fc642bbc880 matches expected opId=0x7fc642bbc880
n232-194-226:234134:234156 [2] NCCL INFO Connection to proxy localRank 2 -> connection 0x7fc638004280
n232-194-226:234135:234195 [3] NCCL INFO New proxy recv connection 44 from local rank 3, transport 2
n232-194-226:234135:234195 [3] NCCL INFO proxyProgressAsync opId=0x7fc5f6bbc880 op.type=1 op.reqBuff=0x7fc5ec0a6da0 op.respSize=16 done
n232-194-226:234135:234157 [3] NCCL INFO ncclPollProxyResponse Received new opId=0x7fc5f6bbc880
n232-194-226:234135:234195 [3] NCCL INFO Received and initiated operation=Init res=0
n232-194-226:234135:234157 [3] NCCL INFO recvOpId=0x7fc5f6bbc880 matches expected opId=0x7fc5f6bbc880
n232-194-226:234135:234157 [3] NCCL INFO Connection to proxy localRank 3 -> connection 0x7fc5ec003f10
n232-194-226:234136:234194 [4] NCCL INFO transport/p2p.cc:204 Cuda Alloc Size 10485760 pointer 0x7fb665400000
n232-194-226:234135:234195 [3] NCCL INFO proxyProgressAsync opId=0x7fc5f6bbc880 op.type=3 op.reqBuff=0x7fc5ec08dfd0 op.respSize=128 done
n232-194-226:234132:234196 [0] NCCL INFO transport/p2p.cc:204 Cuda Alloc Size 2097152 pointer 0x7f8ad3a00000
n232-194-226:234135:234157 [3] NCCL INFO ncclPollProxyResponse Received new opId=0x7fc5f6bbc880
n232-194-226:234135:234195 [3] NCCL INFO Received and initiated operation=Setup res=0
n232-194-226:234136:234194 [4] NCCL INFO Allocated shareable buffer 0x7fb665400000 size 10485760 ipcDesc 0x7fb6801412c0
n232-194-226:234136:234194 [4] NCCL INFO proxyProgressAsync opId=0x7fb68ebbc6c0 op.type=3 op.reqBuff=0x7fb6800c0ec0 op.respSize=80 done
n232-194-226:234135:234157 [3] NCCL INFO recvOpId=0x7fc5f6bbc880 matches expected opId=0x7fc5f6bbc880
n232-194-226:234132:234196 [0] NCCL INFO Allocated shareable buffer 0x7f8ad3a00000 size 2097152 ipcDesc 0x7f8b0400c3f0
n232-194-226:234132:234196 [0] NCCL INFO proxyProgressAsync opId=0x7f8aeabbc6c0 op.type=3 op.reqBuff=0x7f8b0401fcf0 op.respSize=80 done
n232-194-226:234135:234157 [3] NCCL INFO Channel 08/0 : 8[3] -> 3[3] [receive] via NET/IB/2/GDRDMA
n232-194-226:234136:234155 [4] NCCL INFO ncclPollProxyResponse Received new opId=0x7fb68ebbc6c0
n232-194-226:234135:234157 [3] NCCL INFO GPU Direct RDMA Enabled for GPU 5a000 / HCA 2 (distance 3 <= 4), read 0
n232-194-226:234136:234194 [4] NCCL INFO Received and initiated operation=Setup res=0
n232-194-226:234132:234153 [0] NCCL INFO ncclPollProxyResponse Received new opId=0x7f8aeabbc6c0
n232-194-226:234136:234155 [4] NCCL INFO recvOpId=0x7fb68ebbc6c0 matches expected opId=0x7fb68ebbc6c0
n232-194-226:234132:234153 [0] NCCL INFO recvOpId=0x7f8aeabbc6c0 matches expected opId=0x7f8aeabbc6c0
n232-194-226:234132:234196 [0] NCCL INFO Received and initiated operation=Setup res=0
n232-194-226:234132:234153 [0] NCCL INFO Channel 11/0 : 0[0] -> 4[4] via P2P/IPC
n232-194-226:234135:234195 [3] NCCL INFO New proxy recv connection 45 from local rank 3, transport 2
n232-194-226:234135:234195 [3] NCCL INFO proxyProgressAsync opId=0x7fc5f6bbc880 op.type=1 op.reqBuff=0x7fc5ec0a6da0 op.respSize=16 done
n232-194-226:234135:234157 [3] NCCL INFO ncclPollProxyResponse Received new opId=0x7fc5f6bbc880
n232-194-226:234136:234194 [4] NCCL INFO New proxy recv connection 35 from local rank 4, transport 0
n232-194-226:234135:234195 [3] NCCL INFO Received and initiated operation=Init res=0
n232-194-226:234136:234194 [4] NCCL INFO proxyProgressAsync opId=0x7fb68ebbc6c0 op.type=1 op.reqBuff=0x7fb6800c0ec0 op.respSize=16 done
n232-194-226:234135:234157 [3] NCCL INFO recvOpId=0x7fc5f6bbc880 matches expected opId=0x7fc5f6bbc880
n232-194-226:234135:234157 [3] NCCL INFO Connection to proxy localRank 3 -> connection 0x7fc5ec003f60
n232-194-226:234132:234196 [0] NCCL INFO New proxy send connection 35 from local rank 0, transport 0
n232-194-226:234132:234196 [0] NCCL INFO proxyProgressAsync opId=0x7f8aeabbc6c0 op.type=1 op.reqBuff=0x7f8b0401fcf0 op.respSize=16 done
n232-194-226:234136:234155 [4] NCCL INFO ncclPollProxyResponse Received new opId=0x7fb68ebbc6c0
n232-194-226:234132:234153 [0] NCCL INFO ncclPollProxyResponse Received new opId=0x7f8aeabbc6c0
n232-194-226:234136:234155 [4] NCCL INFO recvOpId=0x7fb68ebbc6c0 matches expected opId=0x7fb68ebbc6c0
n232-194-226:234132:234196 [0] NCCL INFO Received and initiated operation=Init res=0
n232-194-226:234136:234194 [4] NCCL INFO Received and initiated operation=Init res=0
n232-194-226:234132:234153 [0] NCCL INFO recvOpId=0x7f8aeabbc6c0 matches expected opId=0x7f8aeabbc6c0
n232-194-226:234132:234153 [0] NCCL INFO Connection to proxy localRank 0 -> connection 0x7f8b04003c40
n232-194-226:234136:234155 [4] NCCL INFO Connection to proxy localRank 4 -> connection 0x7fb680003c40
n232-194-226:234134:234197 [2] NCCL INFO transport/p2p.cc:204 Cuda Alloc Size 10485760 pointer 0x7fc614000000
n232-194-226:234135:234195 [3] NCCL INFO proxyProgressAsync opId=0x7fc5f6bbc880 op.type=3 op.reqBuff=0x7fc5ec0dffd0 op.respSize=128 done
n232-194-226:234134:234197 [2] NCCL INFO Allocated shareable buffer 0x7fc614000000 size 10485760 ipcDesc 0x7fc638055ee0
n232-194-226:234134:234197 [2] NCCL INFO proxyProgressAsync opId=0x7fc642bbc880 op.type=3 op.reqBuff=0x7fc638069ef0 op.respSize=80 done
n232-194-226:234135:234157 [3] NCCL INFO ncclPollProxyResponse Received new opId=0x7fc5f6bbc880
n232-194-226:234134:234156 [2] NCCL INFO ncclPollProxyResponse Received new opId=0x7fc642bbc880
n232-194-226:234135:234157 [3] NCCL INFO recvOpId=0x7fc5f6bbc880 matches expected opId=0x7fc5f6bbc880
n232-194-226:234135:234195 [3] NCCL INFO Received and initiated operation=Setup res=0
n232-194-226:234135:234157 [3] NCCL INFO Channel 09/0 : 8[3] -> 3[3] [receive] via NET/IB/2/GDRDMA
n232-194-226:234134:234156 [2] NCCL INFO recvOpId=0x7fc642bbc880 matches expected opId=0x7fc642bbc880
n232-194-226:234135:234157 [3] NCCL INFO GPU Direct RDMA Enabled for GPU 5a000 / HCA 2 (distance 3 <= 4), read 1
n232-194-226:234134:234197 [2] NCCL INFO Received and initiated operation=Setup res=0
n232-194-226:234134:234197 [2] NCCL INFO New proxy recv connection 56 from local rank 2, transport 0
n232-194-226:234135:234195 [3] NCCL INFO New proxy send connection 46 from local rank 3, transport 2
n232-194-226:234135:234195 [3] NCCL INFO proxyProgressAsync opId=0x7fc5f6bbc880 op.type=1 op.reqBuff=0x7fc5ec0a6da0 op.respSize=16 done
n232-194-226:234134:234197 [2] NCCL INFO proxyProgressAsync opId=0x7fc642bbc880 op.type=1 op.reqBuff=0x7fc638069ef0 op.respSize=16 done
n232-194-226:234135:234157 [3] NCCL INFO ncclPollProxyResponse Received new opId=0x7fc5f6bbc880
n232-194-226:234134:234156 [2] NCCL INFO ncclPollProxyResponse Received new opId=0x7fc642bbc880
n232-194-226:234135:234195 [3] NCCL INFO Received and initiated operation=Init res=0
n232-194-226:234134:234197 [2] NCCL INFO Received and initiated operation=Init res=0
n232-194-226:234134:234156 [2] NCCL INFO recvOpId=0x7fc642bbc880 matches expected opId=0x7fc642bbc880
n232-194-226:234135:234157 [3] NCCL INFO recvOpId=0x7fc5f6bbc880 matches expected opId=0x7fc5f6bbc880
n232-194-226:234134:234156 [2] NCCL INFO Connection to proxy localRank 2 -> connection 0x7fc6380042d0
n232-194-226:234135:234157 [3] NCCL INFO Connection to proxy localRank 3 -> connection 0x7fc5ec003fb0
n232-194-226:234135:234195 [3] NCCL INFO proxyProgressAsync opId=0x7fc5f6bbc880 op.type=3 op.reqBuff=0x7fc5ec045ab0 op.respSize=0 done
n232-194-226:234135:234157 [3] NCCL INFO ncclPollProxyResponse Received new opId=0x7fc5f6bbc880
n232-194-226:234135:234195 [3] NCCL INFO Received and initiated operation=Setup res=0
n232-194-226:234135:234157 [3] NCCL INFO recvOpId=0x7fc5f6bbc880 matches expected opId=0x7fc5f6bbc880
n232-194-226:234135:234157 [3] NCCL INFO Channel 02/0 : 3[3] -> 8[3] [send] via NET/IB/2/GDRDMA
n232-194-226:234135:234157 [3] NCCL INFO GPU Direct RDMA Enabled for GPU 5a000 / HCA 2 (distance 3 <= 4), read 1
n232-194-226:234135:234195 [3] NCCL INFO New proxy send connection 47 from local rank 3, transport 2
n232-194-226:234135:234195 [3] NCCL INFO proxyProgressAsync opId=0x7fc5f6bbc880 op.type=1 op.reqBuff=0x7fc5ec0a6da0 op.respSize=16 done
n232-194-226:234135:234157 [3] NCCL INFO ncclPollProxyResponse Received new opId=0x7fc5f6bbc880
n232-194-226:234135:234195 [3] NCCL INFO Received and initiated operation=Init res=0
n232-194-226:234135:234157 [3] NCCL INFO recvOpId=0x7fc5f6bbc880 matches expected opId=0x7fc5f6bbc880
n232-194-226:234135:234157 [3] NCCL INFO Connection to proxy localRank 3 -> connection 0x7fc5ec004000
n232-194-226:234135:234195 [3] NCCL INFO proxyProgressAsync opId=0x7fc5f6bbc880 op.type=3 op.reqBuff=0x7fc5ec150fd0 op.respSize=0 done
n232-194-226:234135:234157 [3] NCCL INFO ncclPollProxyResponse Received new opId=0x7fc5f6bbc880
n232-194-226:234135:234195 [3] NCCL INFO Received and initiated operation=Setup res=0
n232-194-226:234135:234157 [3] NCCL INFO recvOpId=0x7fc5f6bbc880 matches expected opId=0x7fc5f6bbc880
n232-194-226:234135:234157 [3] NCCL INFO Channel 03/0 : 3[3] -> 8[3] [send] via NET/IB/2/GDRDMA
n232-194-226:234135:234157 [3] NCCL INFO GPU Direct RDMA Enabled for GPU 5a000 / HCA 2 (distance 3 <= 4), read 1
n232-194-226:234135:234195 [3] NCCL INFO New proxy send connection 48 from local rank 3, transport 2
n232-194-226:234132:234196 [0] NCCL INFO transport/p2p.cc:204 Cuda Alloc Size 2097152 pointer 0x7f8ad3c00000
n232-194-226:234135:234195 [3] NCCL INFO proxyProgressAsync opId=0x7fc5f6bbc880 op.type=1 op.reqBuff=0x7fc5ec0a6da0 op.respSize=16 done
n232-194-226:234135:234157 [3] NCCL INFO ncclPollProxyResponse Received new opId=0x7fc5f6bbc880
n232-194-226:234135:234195 [3] NCCL INFO Received and initiated operation=Init res=0
n232-194-226:234135:234157 [3] NCCL INFO recvOpId=0x7fc5f6bbc880 matches expected opId=0x7fc5f6bbc880
n232-194-226:234135:234157 [3] NCCL INFO Connection to proxy localRank 3 -> connection 0x7fc5ec004050
n232-194-226:234135:234195 [3] NCCL INFO proxyProgressAsync opId=0x7fc5f6bbc880 op.type=3 op.reqBuff=0x7fc5ec0f9fd0 op.respSize=0 done
n232-194-226:234132:234196 [0] NCCL INFO Allocated shareable buffer 0x7f8ad3c00000 size 2097152 ipcDesc 0x7f8b0400c3f0
n232-194-226:234132:234196 [0] NCCL INFO proxyProgressAsync opId=0x7f8aeabbc6c0 op.type=3 op.reqBuff=0x7f8b0401fd30 op.respSize=80 done
n232-194-226:234136:234194 [4] NCCL INFO transport/p2p.cc:204 Cuda Alloc Size 10485760 pointer 0x7fb662000000
n232-194-226:234135:234157 [3] NCCL INFO ncclPollProxyResponse Received new opId=0x7fc5f6bbc880
n232-194-226:234132:234153 [0] NCCL INFO ncclPollProxyResponse Received new opId=0x7f8aeabbc6c0
n232-194-226:234135:234195 [3] NCCL INFO Received and initiated operation=Setup res=0
n232-194-226:234135:234157 [3] NCCL INFO recvOpId=0x7fc5f6bbc880 matches expected opId=0x7fc5f6bbc880
n232-194-226:234132:234153 [0] NCCL INFO recvOpId=0x7f8aeabbc6c0 matches expected opId=0x7f8aeabbc6c0
n232-194-226:234135:234157 [3] NCCL INFO Channel 08/0 : 3[3] -> 8[3] [send] via NET/IB/2/GDRDMA
n232-194-226:234132:234196 [0] NCCL INFO Received and initiated operation=Setup res=0
n232-194-226:234135:234157 [3] NCCL INFO GPU Direct RDMA Enabled for GPU 5a000 / HCA 2 (distance 3 <= 4), read 1
n232-194-226:234136:234194 [4] NCCL INFO Allocated shareable buffer 0x7fb662000000 size 10485760 ipcDesc 0x7fb6801412c0
n232-194-226:234136:234194 [4] NCCL INFO proxyProgressAsync opId=0x7fb68ebbc6c0 op.type=3 op.reqBuff=0x7fb6800d0560 op.respSize=80 done
n232-194-226:234136:234155 [4] NCCL INFO ncclPollProxyResponse Received new opId=0x7fb68ebbc6c0
n232-194-226:234135:234195 [3] NCCL INFO New proxy send connection 49 from local rank 3, transport 2
n232-194-226:234135:234195 [3] NCCL INFO proxyProgressAsync opId=0x7fc5f6bbc880 op.type=1 op.reqBuff=0x7fc5ec0a6da0 op.respSize=16 done
n232-194-226:234136:234194 [4] NCCL INFO Received and initiated operation=Setup res=0
n232-194-226:234135:234157 [3] NCCL INFO ncclPollProxyResponse Received new opId=0x7fc5f6bbc880
n232-194-226:234136:234155 [4] NCCL INFO recvOpId=0x7fb68ebbc6c0 matches expected opId=0x7fb68ebbc6c0
n232-194-226:234135:234195 [3] NCCL INFO Received and initiated operation=Init res=0
n232-194-226:234135:234157 [3] NCCL INFO recvOpId=0x7fc5f6bbc880 matches expected opId=0x7fc5f6bbc880
n232-194-226:234135:234157 [3] NCCL INFO Connection to proxy localRank 3 -> connection 0x7fc5ec0040a0
n232-194-226:234134:234197 [2] NCCL INFO transport/p2p.cc:204 Cuda Alloc Size 10485760 pointer 0x7fc614a00000
n232-194-226:234134:234197 [2] NCCL INFO Allocated shareable buffer 0x7fc614a00000 size 10485760 ipcDesc 0x7fc638055ee0
n232-194-226:234134:234197 [2] NCCL INFO proxyProgressAsync opId=0x7fc642bbc880 op.type=3 op.reqBuff=0x7fc63806ab30 op.respSize=80 done
n232-194-226:234134:234156 [2] NCCL INFO ncclPollProxyResponse Received new opId=0x7fc642bbc880
n232-194-226:234136:234194 [4] NCCL INFO New proxy recv connection 36 from local rank 4, transport 0
n232-194-226:234136:234194 [4] NCCL INFO proxyProgressAsync opId=0x7fb68ebbc6c0 op.type=1 op.reqBuff=0x7fb6800d0560 op.respSize=16 done
n232-194-226:234134:234156 [2] NCCL INFO recvOpId=0x7fc642bbc880 matches expected opId=0x7fc642bbc880
n232-194-226:234134:234197 [2] NCCL INFO Received and initiated operation=Setup res=0
n232-194-226:234136:234155 [4] NCCL INFO ncclPollProxyResponse Received new opId=0x7fb68ebbc6c0
n232-194-226:234135:234195 [3] NCCL INFO proxyProgressAsync opId=0x7fc5f6bbc880 op.type=3 op.reqBuff=0x7fc5ec0f8fe0 op.respSize=0 done
n232-194-226:234136:234194 [4] NCCL INFO Received and initiated operation=Init res=0
n232-194-226:234135:234157 [3] NCCL INFO ncclPollProxyResponse Received new opId=0x7fc5f6bbc880
n232-194-226:234136:234155 [4] NCCL INFO recvOpId=0x7fb68ebbc6c0 matches expected opId=0x7fb68ebbc6c0
n232-194-226:234136:234155 [4] NCCL INFO Connection to proxy localRank 4 -> connection 0x7fb680003c90
n232-194-226:234135:234195 [3] NCCL INFO Received and initiated operation=Setup res=0
n232-194-226:234135:234157 [3] NCCL INFO recvOpId=0x7fc5f6bbc880 matches expected opId=0x7fc5f6bbc880
n232-194-226:234135:234157 [3] NCCL INFO Channel 09/0 : 3[3] -> 8[3] [send] via NET/IB/2/GDRDMA
n232-194-226:234134:234197 [2] NCCL INFO New proxy recv connection 57 from local rank 2, transport 0
n232-194-226:234134:234197 [2] NCCL INFO proxyProgressAsync opId=0x7fc642bbc880 op.type=1 op.reqBuff=0x7fc63806ab30 op.respSize=16 done
n232-194-226:234134:234156 [2] NCCL INFO ncclPollProxyResponse Received new opId=0x7fc642bbc880
n232-194-226:234134:234197 [2] NCCL INFO Received and initiated operation=Init res=0
n232-194-226:234134:234156 [2] NCCL INFO recvOpId=0x7fc642bbc880 matches expected opId=0x7fc642bbc880
n232-194-226:234134:234156 [2] NCCL INFO Connection to proxy localRank 2 -> connection 0x7fc638004320
n232-194-226:234135:234195 [3] NCCL INFO New proxy recv connection 50 from local rank 3, transport 0
n232-194-226:234135:234195 [3] NCCL INFO proxyProgressAsync opId=0x7fc5f6bbc880 op.type=1 op.reqBuff=0x7fc5ec0a6da0 op.respSize=16 done
n232-194-226:234135:234157 [3] NCCL INFO ncclPollProxyResponse Received new opId=0x7fc5f6bbc880
n232-194-226:234135:234195 [3] NCCL INFO Received and initiated operation=Init res=0
n232-194-226:234135:234157 [3] NCCL INFO recvOpId=0x7fc5f6bbc880 matches expected opId=0x7fc5f6bbc880
n232-194-226:234135:234157 [3] NCCL INFO Connection to proxy localRank 3 -> connection 0x7fc5ec0040f0
n232-194-226:234136:234194 [4] NCCL INFO transport/p2p.cc:204 Cuda Alloc Size 10485760 pointer 0x7fb662a00000
n232-194-226:234136:234194 [4] NCCL INFO Allocated shareable buffer 0x7fb662a00000 size 10485760 ipcDesc 0x7fb6801412c0
n232-194-226:234136:234194 [4] NCCL INFO proxyProgressAsync opId=0x7fb68ebbc6c0 op.type=3 op.reqBuff=0x7fb6800d0560 op.respSize=80 done
n232-194-226:234136:234155 [4] NCCL INFO ncclPollProxyResponse Received new opId=0x7fb68ebbc6c0
n232-194-226:234134:234197 [2] NCCL INFO transport/p2p.cc:204 Cuda Alloc Size 10485760 pointer 0x7fc615400000
n232-194-226:234136:234194 [4] NCCL INFO Received and initiated operation=Setup res=0
n232-194-226:234136:234155 [4] NCCL INFO recvOpId=0x7fb68ebbc6c0 matches expected opId=0x7fb68ebbc6c0
n232-194-226:234134:234197 [2] NCCL INFO Allocated shareable buffer 0x7fc615400000 size 10485760 ipcDesc 0x7fc638055ee0
n232-194-226:234134:234197 [2] NCCL INFO proxyProgressAsync opId=0x7fc642bbc880 op.type=3 op.reqBuff=0x7fc63806bb20 op.respSize=80 done
n232-194-226:234134:234156 [2] NCCL INFO ncclPollProxyResponse Received new opId=0x7fc642bbc880
n232-194-226:234134:234197 [2] NCCL INFO Received and initiated operation=Setup res=0
n232-194-226:234134:234156 [2] NCCL INFO recvOpId=0x7fc642bbc880 matches expected opId=0x7fc642bbc880
n232-194-226:234134:234156 [2] NCCL INFO Channel 03/0 : 2[2] -> 1[1] via P2P/IPC
n232-194-226:234136:234194 [4] NCCL INFO New proxy recv connection 37 from local rank 4, transport 0
n232-194-226:234136:234194 [4] NCCL INFO proxyProgressAsync opId=0x7fb68ebbc6c0 op.type=1 op.reqBuff=0x7fb6800d0560 op.respSize=16 done
n232-194-226:234136:234155 [4] NCCL INFO ncclPollProxyResponse Received new opId=0x7fb68ebbc6c0
n232-194-226:234136:234155 [4] NCCL INFO recvOpId=0x7fb68ebbc6c0 matches expected opId=0x7fb68ebbc6c0
n232-194-226:234136:234155 [4] NCCL INFO Connection to proxy localRank 4 -> connection 0x7fb680003ce0
n232-194-226:234134:234197 [2] NCCL INFO New proxy send connection 58 from local rank 2, transport 0
n232-194-226:234136:234194 [4] NCCL INFO Received and initiated operation=Init res=0
n232-194-226:234134:234197 [2] NCCL INFO proxyProgressAsync opId=0x7fc642bbc880 op.type=1 op.reqBuff=0x7fc63806bb20 op.respSize=16 done
n232-194-226:234134:234156 [2] NCCL INFO ncclPollProxyResponse Received new opId=0x7fc642bbc880
n232-194-226:234134:234156 [2] NCCL INFO recvOpId=0x7fc642bbc880 matches expected opId=0x7fc642bbc880
n232-194-226:234134:234197 [2] NCCL INFO Received and initiated operation=Init res=0
n232-194-226:234134:234156 [2] NCCL INFO Connection to proxy localRank 2 -> connection 0x7fc638004370
n232-194-226:234135:234195 [3] NCCL INFO transport/p2p.cc:204 Cuda Alloc Size 10485760 pointer 0x7fc5ca000000
n232-194-226:234135:234195 [3] NCCL INFO Allocated shareable buffer 0x7fc5ca000000 size 10485760 ipcDesc 0x7fc5ec0baf30
n232-194-226:234135:234195 [3] NCCL INFO proxyProgressAsync opId=0x7fc5f6bbc880 op.type=3 op.reqBuff=0x7fc5ec0a6da0 op.respSize=80 done
n232-194-226:234135:234157 [3] NCCL INFO ncclPollProxyResponse Received new opId=0x7fc5f6bbc880
n232-194-226:234135:234157 [3] NCCL INFO recvOpId=0x7fc5f6bbc880 matches expected opId=0x7fc5f6bbc880
n232-194-226:234135:234195 [3] NCCL INFO Received and initiated operation=Setup res=0
n232-194-226:234135:234195 [3] NCCL INFO New proxy recv connection 51 from local rank 3, transport 0
n232-194-226:234135:234195 [3] NCCL INFO proxyProgressAsync opId=0x7fc5f6bbc880 op.type=1 op.reqBuff=0x7fc5ec0a6da0 op.respSize=16 done
n232-194-226:234135:234157 [3] NCCL INFO ncclPollProxyResponse Received new opId=0x7fc5f6bbc880
n232-194-226:234135:234157 [3] NCCL INFO recvOpId=0x7fc5f6bbc880 matches expected opId=0x7fc5f6bbc880
n232-194-226:234135:234195 [3] NCCL INFO Received and initiated operation=Init res=0
n232-194-226:234135:234157 [3] NCCL INFO Connection to proxy localRank 3 -> connection 0x7fc5ec004140
n232-194-226:234136:234194 [4] NCCL INFO transport/p2p.cc:204 Cuda Alloc Size 10485760 pointer 0x7fb663400000
n232-194-226:234136:234194 [4] NCCL INFO Allocated shareable buffer 0x7fb663400000 size 10485760 ipcDesc 0x7fb6801412c0
n232-194-226:234136:234194 [4] NCCL INFO proxyProgressAsync opId=0x7fb68ebbc6c0 op.type=3 op.reqBuff=0x7fb6800d05c0 op.respSize=80 done
n232-194-226:234134:234197 [2] NCCL INFO transport/p2p.cc:204 Cuda Alloc Size 2097152 pointer 0x7fc615e00000
n232-194-226:234136:234155 [4] NCCL INFO ncclPollProxyResponse Received new opId=0x7fb68ebbc6c0
n232-194-226:234136:234155 [4] NCCL INFO recvOpId=0x7fb68ebbc6c0 matches expected opId=0x7fb68ebbc6c0
n232-194-226:234136:234194 [4] NCCL INFO Received and initiated operation=Setup res=0
n232-194-226:234134:234197 [2] NCCL INFO Allocated shareable buffer 0x7fc615e00000 size 2097152 ipcDesc 0x7fc638055ee0
n232-194-226:234134:234197 [2] NCCL INFO proxyProgressAsync opId=0x7fc642bbc880 op.type=3 op.reqBuff=0x7fc63806c760 op.respSize=80 done
n232-194-226:234136:234194 [4] NCCL INFO New proxy recv connection 38 from local rank 4, transport 0
n232-194-226:234136:234194 [4] NCCL INFO proxyProgressAsync opId=0x7fb68ebbc6c0 op.type=1 op.reqBuff=0x7fb6800d05c0 op.respSize=16 done
n232-194-226:234134:234156 [2] NCCL INFO ncclPollProxyResponse Received new opId=0x7fc642bbc880
n232-194-226:234134:234197 [2] NCCL INFO Received and initiated operation=Setup res=0
n232-194-226:234136:234155 [4] NCCL INFO ncclPollProxyResponse Received new opId=0x7fb68ebbc6c0
n232-194-226:234134:234156 [2] NCCL INFO recvOpId=0x7fc642bbc880 matches expected opId=0x7fc642bbc880
n232-194-226:234136:234155 [4] NCCL INFO recvOpId=0x7fb68ebbc6c0 matches expected opId=0x7fb68ebbc6c0
n232-194-226:234134:234156 [2] NCCL INFO Channel 09/0 : 2[2] -> 1[1] via P2P/IPC
n232-194-226:234136:234155 [4] NCCL INFO Connection to proxy localRank 4 -> connection 0x7fb680003d30
n232-194-226:234136:234194 [4] NCCL INFO Received and initiated operation=Init res=0
n232-194-226:234134:234197 [2] NCCL INFO New proxy send connection 59 from local rank 2, transport 0
n232-194-226:234134:234197 [2] NCCL INFO proxyProgressAsync opId=0x7fc642bbc880 op.type=1 op.reqBuff=0x7fc63806c760 op.respSize=16 done
n232-194-226:234135:234195 [3] NCCL INFO transport/p2p.cc:204 Cuda Alloc Size 10485760 pointer 0x7fc5caa00000
n232-194-226:234134:234156 [2] NCCL INFO ncclPollProxyResponse Received new opId=0x7fc642bbc880
n232-194-226:234134:234197 [2] NCCL INFO Received and initiated operation=Init res=0
n232-194-226:234135:234195 [3] NCCL INFO Allocated shareable buffer 0x7fc5caa00000 size 10485760 ipcDesc 0x7fc5ec0baf30
n232-194-226:234135:234195 [3] NCCL INFO proxyProgressAsync opId=0x7fc5f6bbc880 op.type=3 op.reqBuff=0x7fc5ec0f01c0 op.respSize=80 done
n232-194-226:234134:234156 [2] NCCL INFO recvOpId=0x7fc642bbc880 matches expected opId=0x7fc642bbc880
n232-194-226:234134:234156 [2] NCCL INFO Connection to proxy localRank 2 -> connection 0x7fc6380043c0
n232-194-226:234135:234157 [3] NCCL INFO ncclPollProxyResponse Received new opId=0x7fc5f6bbc880
n232-194-226:234135:234195 [3] NCCL INFO Received and initiated operation=Setup res=0
n232-194-226:234135:234157 [3] NCCL INFO recvOpId=0x7fc5f6bbc880 matches expected opId=0x7fc5f6bbc880
n232-194-226:234135:234157 [3] NCCL INFO Channel 00/0 : 3[3] -> 2[2] via P2P/IPC
n232-194-226:234135:234195 [3] NCCL INFO New proxy send connection 52 from local rank 3, transport 0
n232-194-226:234135:234195 [3] NCCL INFO proxyProgressAsync opId=0x7fc5f6bbc880 op.type=1 op.reqBuff=0x7fc5ec0f01c0 op.respSize=16 done
n232-194-226:234135:234157 [3] NCCL INFO ncclPollProxyResponse Received new opId=0x7fc5f6bbc880
n232-194-226:234135:234157 [3] NCCL INFO recvOpId=0x7fc5f6bbc880 matches expected opId=0x7fc5f6bbc880
n232-194-226:234135:234195 [3] NCCL INFO Received and initiated operation=Init res=0
n232-194-226:234135:234157 [3] NCCL INFO Connection to proxy localRank 3 -> connection 0x7fc5ec004190
n232-194-226:234136:234194 [4] NCCL INFO transport/p2p.cc:204 Cuda Alloc Size 10485760 pointer 0x7fb660000000
n232-194-226:234136:234194 [4] NCCL INFO Allocated shareable buffer 0x7fb660000000 size 10485760 ipcDesc 0x7fb6801412c0
n232-194-226:234136:234194 [4] NCCL INFO proxyProgressAsync opId=0x7fb68ebbc6c0 op.type=3 op.reqBuff=0x7fb680045360 op.respSize=80 done
n232-194-226:234136:234155 [4] NCCL INFO ncclPollProxyResponse Received new opId=0x7fb68ebbc6c0
n232-194-226:234136:234155 [4] NCCL INFO recvOpId=0x7fb68ebbc6c0 matches expected opId=0x7fb68ebbc6c0
n232-194-226:234136:234194 [4] NCCL INFO Received and initiated operation=Setup res=0
n232-194-226:234134:234197 [2] NCCL INFO transport/p2p.cc:204 Cuda Alloc Size 2097152 pointer 0x7fc617e00000
n232-194-226:234136:234194 [4] NCCL INFO New proxy recv connection 39 from local rank 4, transport 0
n232-194-226:234136:234194 [4] NCCL INFO proxyProgressAsync opId=0x7fb68ebbc6c0 op.type=1 op.reqBuff=0x7fb680045360 op.respSize=16 done
n232-194-226:234134:234197 [2] NCCL INFO Allocated shareable buffer 0x7fc617e00000 size 2097152 ipcDesc 0x7fc638055ee0
n232-194-226:234134:234197 [2] NCCL INFO proxyProgressAsync opId=0x7fc642bbc880 op.type=3 op.reqBuff=0x7fc63806d3a0 op.respSize=80 done
n232-194-226:234136:234155 [4] NCCL INFO ncclPollProxyResponse Received new opId=0x7fb68ebbc6c0
n232-194-226:234134:234156 [2] NCCL INFO ncclPollProxyResponse Received new opId=0x7fc642bbc880
n232-194-226:234136:234155 [4] NCCL INFO recvOpId=0x7fb68ebbc6c0 matches expected opId=0x7fb68ebbc6c0
n232-194-226:234136:234194 [4] NCCL INFO Received and initiated operation=Init res=0
n232-194-226:234136:234155 [4] NCCL INFO Connection to proxy localRank 4 -> connection 0x7fb680003d80
n232-194-226:234134:234197 [2] NCCL INFO Received and initiated operation=Setup res=0
n232-194-226:234134:234156 [2] NCCL INFO recvOpId=0x7fc642bbc880 matches expected opId=0x7fc642bbc880
n232-194-226:234135:234195 [3] NCCL INFO transport/p2p.cc:204 Cuda Alloc Size 2097152 pointer 0x7fc5cb400000
n232-194-226:234135:234195 [3] NCCL INFO Allocated shareable buffer 0x7fc5cb400000 size 2097152 ipcDesc 0x7fc5ec0baf30
n232-194-226:234135:234195 [3] NCCL INFO proxyProgressAsync opId=0x7fc5f6bbc880 op.type=3 op.reqBuff=0x7fc5ec122900 op.respSize=80 done
n232-194-226:234135:234157 [3] NCCL INFO ncclPollProxyResponse Received new opId=0x7fc5f6bbc880
n232-194-226:234135:234195 [3] NCCL INFO Received and initiated operation=Setup res=0
n232-194-226:234135:234157 [3] NCCL INFO recvOpId=0x7fc5f6bbc880 matches expected opId=0x7fc5f6bbc880
n232-194-226:234135:234157 [3] NCCL INFO Channel 01/0 : 3[3] -> 2[2] via P2P/IPC
n232-194-226:234135:234195 [3] NCCL INFO New proxy send connection 53 from local rank 3, transport 0
n232-194-226:234135:234195 [3] NCCL INFO proxyProgressAsync opId=0x7fc5f6bbc880 op.type=1 op.reqBuff=0x7fc5ec122900 op.respSize=16 done
n232-194-226:234135:234157 [3] NCCL INFO ncclPollProxyResponse Received new opId=0x7fc5f6bbc880
n232-194-226:234135:234195 [3] NCCL INFO Received and initiated operation=Init res=0
n232-194-226:234135:234157 [3] NCCL INFO recvOpId=0x7fc5f6bbc880 matches expected opId=0x7fc5f6bbc880
n232-194-226:234135:234157 [3] NCCL INFO Connection to proxy localRank 3 -> connection 0x7fc5ec0041e0
n232-194-226:234136:234194 [4] NCCL INFO transport/p2p.cc:204 Cuda Alloc Size 10485760 pointer 0x7fb660a00000
n232-194-226:234136:234194 [4] NCCL INFO Allocated shareable buffer 0x7fb660a00000 size 10485760 ipcDesc 0x7fb6801412c0
n232-194-226:234136:234194 [4] NCCL INFO proxyProgressAsync opId=0x7fb68ebbc6c0 op.type=3 op.reqBuff=0x7fb680041ff0 op.respSize=80 done
n232-194-226:234136:234155 [4] NCCL INFO ncclPollProxyResponse Received new opId=0x7fb68ebbc6c0
n232-194-226:234136:234155 [4] NCCL INFO recvOpId=0x7fb68ebbc6c0 matches expected opId=0x7fb68ebbc6c0
n232-194-226:234136:234194 [4] NCCL INFO Received and initiated operation=Setup res=0
n232-194-226:234136:234194 [4] NCCL INFO New proxy recv connection 40 from local rank 4, transport 0
n232-194-226:234136:234194 [4] NCCL INFO proxyProgressAsync opId=0x7fb68ebbc6c0 op.type=1 op.reqBuff=0x7fb680041ff0 op.respSize=16 done
n232-194-226:234136:234155 [4] NCCL INFO ncclPollProxyResponse Received new opId=0x7fb68ebbc6c0
n232-194-226:234136:234155 [4] NCCL INFO recvOpId=0x7fb68ebbc6c0 matches expected opId=0x7fb68ebbc6c0
n232-194-226:234136:234194 [4] NCCL INFO Received and initiated operation=Init res=0
n232-194-226:234136:234155 [4] NCCL INFO Connection to proxy localRank 4 -> connection 0x7fb680003dd0
n232-194-226:234135:234195 [3] NCCL INFO transport/p2p.cc:204 Cuda Alloc Size 2097152 pointer 0x7fc5cb600000
n232-194-226:234135:234195 [3] NCCL INFO Allocated shareable buffer 0x7fc5cb600000 size 2097152 ipcDesc 0x7fc5ec0baf30
n232-194-226:234135:234195 [3] NCCL INFO proxyProgressAsync opId=0x7fc5f6bbc880 op.type=3 op.reqBuff=0x7fc5ec122960 op.respSize=80 done
n232-194-226:234135:234157 [3] NCCL INFO ncclPollProxyResponse Received new opId=0x7fc5f6bbc880
n232-194-226:234133:234154 [1] NCCL INFO Imported shareable buffer device 1 size 2097152 ptr 0x7fd965400000
n232-194-226:234135:234195 [3] NCCL INFO Received and initiated operation=Setup res=0
n232-194-226:234135:234157 [3] NCCL INFO recvOpId=0x7fc5f6bbc880 matches expected opId=0x7fc5f6bbc880
n232-194-226:234135:234157 [3] NCCL INFO Channel 04/0 : 3[3] -> 2[2] via P2P/IPC
n232-194-226:234135:234195 [3] NCCL INFO New proxy send connection 54 from local rank 3, transport 0
n232-194-226:234135:234195 [3] NCCL INFO proxyProgressAsync opId=0x7fc5f6bbc880 op.type=1 op.reqBuff=0x7fc5ec122960 op.respSize=16 done
n232-194-226:234135:234157 [3] NCCL INFO ncclPollProxyResponse Received new opId=0x7fc5f6bbc880
n232-194-226:234135:234195 [3] NCCL INFO Received and initiated operation=Init res=0
n232-194-226:234135:234157 [3] NCCL INFO recvOpId=0x7fc5f6bbc880 matches expected opId=0x7fc5f6bbc880
n232-194-226:234135:234157 [3] NCCL INFO Connection to proxy localRank 3 -> connection 0x7fc5ec004230
n232-194-226:234136:234194 [4] NCCL INFO transport/p2p.cc:204 Cuda Alloc Size 10485760 pointer 0x7fb661400000
n232-194-226:234136:234194 [4] NCCL INFO Allocated shareable buffer 0x7fb661400000 size 10485760 ipcDesc 0x7fb6801412c0
n232-194-226:234136:234194 [4] NCCL INFO proxyProgressAsync opId=0x7fb68ebbc6c0 op.type=3 op.reqBuff=0x7fb680045450 op.respSize=80 done
n232-194-226:234133:234154 [1] NCCL INFO Imported shareable buffer device 1 size 2097152 ptr 0x7fd965600000
n232-194-226:234136:234155 [4] NCCL INFO ncclPollProxyResponse Received new opId=0x7fb68ebbc6c0
n232-194-226:234136:234194 [4] NCCL INFO Received and initiated operation=Setup res=0
n232-194-226:234136:234155 [4] NCCL INFO recvOpId=0x7fb68ebbc6c0 matches expected opId=0x7fb68ebbc6c0
n232-194-226:234136:234194 [4] NCCL INFO New proxy recv connection 41 from local rank 4, transport 0
n232-194-226:234136:234194 [4] NCCL INFO proxyProgressAsync opId=0x7fb68ebbc6c0 op.type=1 op.reqBuff=0x7fb680045450 op.respSize=16 done
n232-194-226:234136:234155 [4] NCCL INFO ncclPollProxyResponse Received new opId=0x7fb68ebbc6c0
n232-194-226:234136:234155 [4] NCCL INFO recvOpId=0x7fb68ebbc6c0 matches expected opId=0x7fb68ebbc6c0
n232-194-226:234136:234155 [4] NCCL INFO Connection to proxy localRank 4 -> connection 0x7fb680003e20
n232-194-226:234136:234194 [4] NCCL INFO Received and initiated operation=Init res=0
n232-194-226:234135:234195 [3] NCCL INFO transport/p2p.cc:204 Cuda Alloc Size 2097152 pointer 0x7fc5cb800000
n232-194-226:234135:234195 [3] NCCL INFO Allocated shareable buffer 0x7fc5cb800000 size 2097152 ipcDesc 0x7fc5ec0baf30
n232-194-226:234135:234195 [3] NCCL INFO proxyProgressAsync opId=0x7fc5f6bbc880 op.type=3 op.reqBuff=0x7fc5ec13d440 op.respSize=80 done
n232-194-226:234135:234157 [3] NCCL INFO ncclPollProxyResponse Received new opId=0x7fc5f6bbc880
n232-194-226:234135:234195 [3] NCCL INFO Received and initiated operation=Setup res=0
n232-194-226:234135:234157 [3] NCCL INFO recvOpId=0x7fc5f6bbc880 matches expected opId=0x7fc5f6bbc880
n232-194-226:234135:234157 [3] NCCL INFO Channel 06/0 : 3[3] -> 2[2] via P2P/IPC
n232-194-226:234135:234195 [3] NCCL INFO New proxy send connection 55 from local rank 3, transport 0
n232-194-226:234135:234195 [3] NCCL INFO proxyProgressAsync opId=0x7fc5f6bbc880 op.type=1 op.reqBuff=0x7fc5ec13d440 op.respSize=16 done
n232-194-226:234135:234157 [3] NCCL INFO ncclPollProxyResponse Received new opId=0x7fc5f6bbc880
n232-194-226:234135:234157 [3] NCCL INFO recvOpId=0x7fc5f6bbc880 matches expected opId=0x7fc5f6bbc880
n232-194-226:234135:234195 [3] NCCL INFO Received and initiated operation=Init res=0
n232-194-226:234135:234157 [3] NCCL INFO Connection to proxy localRank 3 -> connection 0x7fc5ec004280
n232-194-226:234133:234154 [1] NCCL INFO Imported shareable buffer device 1 size 10485760 ptr 0x7fd962000000
n232-194-226:234136:234194 [4] NCCL INFO transport/p2p.cc:204 Cuda Alloc Size 10485760 pointer 0x7fb65e000000
n232-194-226:234133:234154 [1] NCCL INFO Imported shareable buffer device 1 size 2097152 ptr 0x7fd962a00000
n232-194-226:234136:234194 [4] NCCL INFO Allocated shareable buffer 0x7fb65e000000 size 10485760 ipcDesc 0x7fb6801412c0
n232-194-226:234136:234194 [4] NCCL INFO proxyProgressAsync opId=0x7fb68ebbc6c0 op.type=3 op.reqBuff=0x7fb6800cf060 op.respSize=80 done
n232-194-226:234136:234155 [4] NCCL INFO ncclPollProxyResponse Received new opId=0x7fb68ebbc6c0
n232-194-226:234136:234194 [4] NCCL INFO Received and initiated operation=Setup res=0
n232-194-226:234136:234155 [4] NCCL INFO recvOpId=0x7fb68ebbc6c0 matches expected opId=0x7fb68ebbc6c0
n232-194-226:234135:234195 [3] NCCL INFO transport/p2p.cc:204 Cuda Alloc Size 2097152 pointer 0x7fc5cba00000
n232-194-226:234136:234194 [4] NCCL INFO New proxy recv connection 42 from local rank 4, transport 0
n232-194-226:234136:234194 [4] NCCL INFO proxyProgressAsync opId=0x7fb68ebbc6c0 op.type=1 op.reqBuff=0x7fb6800cf060 op.respSize=16 done
n232-194-226:234136:234155 [4] NCCL INFO ncclPollProxyResponse Received new opId=0x7fb68ebbc6c0
n232-194-226:234136:234155 [4] NCCL INFO recvOpId=0x7fb68ebbc6c0 matches expected opId=0x7fb68ebbc6c0
n232-194-226:234136:234155 [4] NCCL INFO Connection to proxy localRank 4 -> connection 0x7fb680003e70
n232-194-226:234136:234194 [4] NCCL INFO Received and initiated operation=Init res=0
n232-194-226:234135:234195 [3] NCCL INFO Allocated shareable buffer 0x7fc5cba00000 size 2097152 ipcDesc 0x7fc5ec0baf30
n232-194-226:234135:234195 [3] NCCL INFO proxyProgressAsync opId=0x7fc5f6bbc880 op.type=3 op.reqBuff=0x7fc5ec13e080 op.respSize=80 done
n232-194-226:234135:234157 [3] NCCL INFO ncclPollProxyResponse Received new opId=0x7fc5f6bbc880
n232-194-226:234135:234195 [3] NCCL INFO Received and initiated operation=Setup res=0
n232-194-226:234135:234157 [3] NCCL INFO recvOpId=0x7fc5f6bbc880 matches expected opId=0x7fc5f6bbc880
n232-194-226:234135:234157 [3] NCCL INFO Channel 07/0 : 3[3] -> 2[2] via P2P/IPC
n232-194-226:234135:234195 [3] NCCL INFO New proxy send connection 56 from local rank 3, transport 0
n232-194-226:234135:234195 [3] NCCL INFO proxyProgressAsync opId=0x7fc5f6bbc880 op.type=1 op.reqBuff=0x7fc5ec13e080 op.respSize=16 done
n232-194-226:234135:234157 [3] NCCL INFO ncclPollProxyResponse Received new opId=0x7fc5f6bbc880
n232-194-226:234135:234195 [3] NCCL INFO Received and initiated operation=Init res=0
n232-194-226:234135:234157 [3] NCCL INFO recvOpId=0x7fc5f6bbc880 matches expected opId=0x7fc5f6bbc880
n232-194-226:234135:234157 [3] NCCL INFO Connection to proxy localRank 3 -> connection 0x7fc5ec0042d0
n232-194-226:234133:234154 [1] NCCL INFO Imported shareable buffer device 1 size 10485760 ptr 0x7fd962c00000
n232-194-226:234136:234194 [4] NCCL INFO transport/p2p.cc:204 Cuda Alloc Size 10485760 pointer 0x7fb65ea00000
n232-194-226:234136:234194 [4] NCCL INFO Allocated shareable buffer 0x7fb65ea00000 size 10485760 ipcDesc 0x7fb6801412c0
n232-194-226:234136:234194 [4] NCCL INFO proxyProgressAsync opId=0x7fb68ebbc6c0 op.type=3 op.reqBuff=0x7fb6800cf060 op.respSize=80 done
n232-194-226:234136:234155 [4] NCCL INFO ncclPollProxyResponse Received new opId=0x7fb68ebbc6c0
n232-194-226:234136:234194 [4] NCCL INFO Received and initiated operation=Setup res=0
n232-194-226:234136:234155 [4] NCCL INFO recvOpId=0x7fb68ebbc6c0 matches expected opId=0x7fb68ebbc6c0
n232-194-226:234136:234194 [4] NCCL INFO New proxy recv connection 43 from local rank 4, transport 0
n232-194-226:234136:234194 [4] NCCL INFO proxyProgressAsync opId=0x7fb68ebbc6c0 op.type=1 op.reqBuff=0x7fb6800cf060 op.respSize=16 done
n232-194-226:234136:234155 [4] NCCL INFO ncclPollProxyResponse Received new opId=0x7fb68ebbc6c0
n232-194-226:234136:234155 [4] NCCL INFO recvOpId=0x7fb68ebbc6c0 matches expected opId=0x7fb68ebbc6c0
n232-194-226:234136:234155 [4] NCCL INFO Connection to proxy localRank 4 -> connection 0x7fb680003ec0
n232-194-226:234136:234194 [4] NCCL INFO Received and initiated operation=Init res=0
n232-194-226:234135:234195 [3] NCCL INFO transport/p2p.cc:204 Cuda Alloc Size 2097152 pointer 0x7fc5cbc00000
n232-194-226:234135:234195 [3] NCCL INFO Allocated shareable buffer 0x7fc5cbc00000 size 2097152 ipcDesc 0x7fc5ec0baf30
n232-194-226:234133:234154 [1] NCCL INFO Imported shareable buffer device 1 size 2097152 ptr 0x7fd963600000
n232-194-226:234135:234195 [3] NCCL INFO proxyProgressAsync opId=0x7fc5f6bbc880 op.type=3 op.reqBuff=0x7fc5ec13ecc0 op.respSize=80 done
n232-194-226:234135:234157 [3] NCCL INFO ncclPollProxyResponse Received new opId=0x7fc5f6bbc880
n232-194-226:234135:234195 [3] NCCL INFO Received and initiated operation=Setup res=0
n232-194-226:234135:234157 [3] NCCL INFO recvOpId=0x7fc5f6bbc880 matches expected opId=0x7fc5f6bbc880
n232-194-226:234135:234157 [3] NCCL INFO Channel 10/0 : 3[3] -> 2[2] via P2P/IPC
n232-194-226:234135:234195 [3] NCCL INFO New proxy send connection 57 from local rank 3, transport 0
n232-194-226:234135:234195 [3] NCCL INFO proxyProgressAsync opId=0x7fc5f6bbc880 op.type=1 op.reqBuff=0x7fc5ec13ecc0 op.respSize=16 done
n232-194-226:234135:234157 [3] NCCL INFO ncclPollProxyResponse Received new opId=0x7fc5f6bbc880
n232-194-226:234135:234157 [3] NCCL INFO recvOpId=0x7fc5f6bbc880 matches expected opId=0x7fc5f6bbc880
n232-194-226:234135:234157 [3] NCCL INFO Connection to proxy localRank 3 -> connection 0x7fc5ec004320
n232-194-226:234135:234195 [3] NCCL INFO Received and initiated operation=Init res=0
n232-194-226:234136:234194 [4] NCCL INFO transport/p2p.cc:204 Cuda Alloc Size 10485760 pointer 0x7fb65f400000
n232-194-226:234136:234194 [4] NCCL INFO Allocated shareable buffer 0x7fb65f400000 size 10485760 ipcDesc 0x7fb6801412c0
n232-194-226:234136:234194 [4] NCCL INFO proxyProgressAsync opId=0x7fb68ebbc6c0 op.type=3 op.reqBuff=0x7fb6800cfca0 op.respSize=80 done
n232-194-226:234136:234155 [4] NCCL INFO ncclPollProxyResponse Received new opId=0x7fb68ebbc6c0
n232-194-226:234133:234154 [1] NCCL INFO Imported shareable buffer device 1 size 10485760 ptr 0x7fd960000000
n232-194-226:234136:234194 [4] NCCL INFO Received and initiated operation=Setup res=0
n232-194-226:234136:234155 [4] NCCL INFO recvOpId=0x7fb68ebbc6c0 matches expected opId=0x7fb68ebbc6c0
n232-194-226:234136:234194 [4] NCCL INFO New proxy recv connection 44 from local rank 4, transport 0
n232-194-226:234136:234194 [4] NCCL INFO proxyProgressAsync opId=0x7fb68ebbc6c0 op.type=1 op.reqBuff=0x7fb6800cfca0 op.respSize=16 done
n232-194-226:234136:234155 [4] NCCL INFO ncclPollProxyResponse Received new opId=0x7fb68ebbc6c0
n232-194-226:234136:234194 [4] NCCL INFO Received and initiated operation=Init res=0
n232-194-226:234136:234155 [4] NCCL INFO recvOpId=0x7fb68ebbc6c0 matches expected opId=0x7fb68ebbc6c0
n232-194-226:234136:234155 [4] NCCL INFO Connection to proxy localRank 4 -> connection 0x7fb680003f10
n232-194-226:234135:234195 [3] NCCL INFO transport/p2p.cc:204 Cuda Alloc Size 2097152 pointer 0x7fc5cbe00000
n232-194-226:234135:234195 [3] NCCL INFO Allocated shareable buffer 0x7fc5cbe00000 size 2097152 ipcDesc 0x7fc5ec0baf30
n232-194-226:234135:234195 [3] NCCL INFO proxyProgressAsync opId=0x7fc5f6bbc880 op.type=3 op.reqBuff=0x7fc5ec0a7c50 op.respSize=80 done
n232-194-226:234135:234157 [3] NCCL INFO ncclPollProxyResponse Received new opId=0x7fc5f6bbc880
n232-194-226:234135:234195 [3] NCCL INFO Received and initiated operation=Setup res=0
n232-194-226:234135:234157 [3] NCCL INFO recvOpId=0x7fc5f6bbc880 matches expected opId=0x7fc5f6bbc880
n232-194-226:234133:234154 [1] NCCL INFO Imported shareable buffer device 1 size 2097152 ptr 0x7fd960a00000
n232-194-226:234136:234194 [4] NCCL INFO transport/p2p.cc:204 Cuda Alloc Size 10485760 pointer 0x7fb65c000000
n232-194-226:234136:234194 [4] NCCL INFO Allocated shareable buffer 0x7fb65c000000 size 10485760 ipcDesc 0x7fb6801412c0
n232-194-226:234136:234194 [4] NCCL INFO proxyProgressAsync opId=0x7fb68ebbc6c0 op.type=3 op.reqBuff=0x7fb6800cd910 op.respSize=80 done
n232-194-226:234133:234154 [1] NCCL INFO Imported shareable buffer device 1 size 10485760 ptr 0x7fd960c00000
n232-194-226:234136:234155 [4] NCCL INFO ncclPollProxyResponse Received new opId=0x7fb68ebbc6c0
n232-194-226:234136:234194 [4] NCCL INFO Received and initiated operation=Setup res=0
n232-194-226:234136:234155 [4] NCCL INFO recvOpId=0x7fb68ebbc6c0 matches expected opId=0x7fb68ebbc6c0
n232-194-226:234136:234194 [4] NCCL INFO New proxy recv connection 45 from local rank 4, transport 0
n232-194-226:234136:234194 [4] NCCL INFO proxyProgressAsync opId=0x7fb68ebbc6c0 op.type=1 op.reqBuff=0x7fb6800cd910 op.respSize=16 done
n232-194-226:234136:234155 [4] NCCL INFO ncclPollProxyResponse Received new opId=0x7fb68ebbc6c0
n232-194-226:234136:234155 [4] NCCL INFO recvOpId=0x7fb68ebbc6c0 matches expected opId=0x7fb68ebbc6c0
n232-194-226:234136:234194 [4] NCCL INFO Received and initiated operation=Init res=0
n232-194-226:234136:234155 [4] NCCL INFO Connection to proxy localRank 4 -> connection 0x7fb680003f60
n232-194-226:234134:234156 [2] NCCL INFO Imported shareable buffer device 2 size 10485760 ptr 0x7fc612000000
n232-194-226:234133:234154 [1] NCCL INFO Imported shareable buffer device 1 size 2097152 ptr 0x7fd961600000
n232-194-226:234136:234194 [4] NCCL INFO transport/p2p.cc:204 Cuda Alloc Size 10485760 pointer 0x7fb65ca00000
n232-194-226:234134:234156 [2] NCCL INFO Imported shareable buffer device 2 size 10485760 ptr 0x7fc612a00000
n232-194-226:234136:234194 [4] NCCL INFO Allocated shareable buffer 0x7fb65ca00000 size 10485760 ipcDesc 0x7fb6801412c0
n232-194-226:234133:234154 [1] NCCL INFO Imported shareable buffer device 1 size 2097152 ptr 0x7fd961800000
n232-194-226:234136:234194 [4] NCCL INFO proxyProgressAsync opId=0x7fb68ebbc6c0 op.type=3 op.reqBuff=0x7fb6800f6550 op.respSize=80 done
n232-194-226:234136:234155 [4] NCCL INFO ncclPollProxyResponse Received new opId=0x7fb68ebbc6c0
n232-194-226:234136:234194 [4] NCCL INFO Received and initiated operation=Setup res=0
n232-194-226:234136:234155 [4] NCCL INFO recvOpId=0x7fb68ebbc6c0 matches expected opId=0x7fb68ebbc6c0
n232-194-226:234136:234155 [4] NCCL INFO GPU Direct RDMA Enabled for GPU 87000 / HCA 3 (distance 3 <= 4), read 0
n232-194-226:234136:234194 [4] NCCL INFO New proxy recv connection 46 from local rank 4, transport 2
n232-194-226:234136:234194 [4] NCCL INFO proxyProgressAsync opId=0x7fb68ebbc6c0 op.type=1 op.reqBuff=0x7fb6800f6550 op.respSize=16 done
n232-194-226:234136:234155 [4] NCCL INFO ncclPollProxyResponse Received new opId=0x7fb68ebbc6c0
n232-194-226:234136:234155 [4] NCCL INFO recvOpId=0x7fb68ebbc6c0 matches expected opId=0x7fb68ebbc6c0
n232-194-226:234136:234194 [4] NCCL INFO Received and initiated operation=Init res=0
n232-194-226:234136:234155 [4] NCCL INFO Connection to proxy localRank 4 -> connection 0x7fb680003fb0
n232-194-226:234132:234196 [0] NCCL INFO New proxy recv connection 36 from local rank 0, transport 0
n232-194-226:234132:234196 [0] NCCL INFO proxyProgressAsync opId=0x7f8aeabbc6c0 op.type=1 op.reqBuff=0x7f8b0401fd30 op.respSize=16 done
n232-194-226:234132:234153 [0] NCCL INFO ncclPollProxyResponse Received new opId=0x7f8aeabbc6c0
n232-194-226:234132:234196 [0] NCCL INFO Received and initiated operation=Init res=0
n232-194-226:234132:234153 [0] NCCL INFO recvOpId=0x7f8aeabbc6c0 matches expected opId=0x7f8aeabbc6c0
n232-194-226:234132:234153 [0] NCCL INFO Connection to proxy localRank 0 -> connection 0x7f8b04003c90
n232-194-226:234136:234194 [4] NCCL INFO proxyProgressAsync opId=0x7fb68ebbc6c0 op.type=3 op.reqBuff=0x7fb680045550 op.respSize=128 done
n232-194-226:234136:234155 [4] NCCL INFO ncclPollProxyResponse Received new opId=0x7fb68ebbc6c0
n232-194-226:234136:234155 [4] NCCL INFO recvOpId=0x7fb68ebbc6c0 matches expected opId=0x7fb68ebbc6c0
n232-194-226:234136:234194 [4] NCCL INFO Received and initiated operation=Setup res=0
n232-194-226:234136:234155 [4] NCCL INFO Channel 04/0 : 9[4] -> 4[4] [receive] via NET/IB/3/GDRDMA
n232-194-226:234136:234155 [4] NCCL INFO GPU Direct RDMA Enabled for GPU 87000 / HCA 3 (distance 3 <= 4), read 0
n232-194-226:234136:234194 [4] NCCL INFO New proxy recv connection 47 from local rank 4, transport 2
n232-194-226:234136:234194 [4] NCCL INFO proxyProgressAsync opId=0x7fb68ebbc6c0 op.type=1 op.reqBuff=0x7fb6800f6550 op.respSize=16 done
