n232-194-226:234275:234299 [2] NCCL INFO recvConnect ncclProxyCallAsync opId=0x7f51a3591280 &recv->proxyConn=0x7f51a3591288 connectInfo=0x7f51a35b3410
n232-194-226:234275:234347 [2] NCCL INFO Received and initiated operation=Connect res=0
n232-194-226:234275:234299 [2] NCCL INFO recvConnect ncclProxyCallAsync opId=0x7f51a359b6c0 &recv->proxyConn=0x7f51a359b6c8 connectInfo=0x7f51a35b3490
n232-194-226:234275:234347 [2] NCCL INFO transport/net_ib.cc:739 Ib Alloc Size 22280 pointer 0x7f5198058000
n232-194-226:234275:234347 [2] NCCL INFO Received and initiated operation=Connect res=0
n232-194-226:234275:234347 [2] NCCL INFO transport/net_ib.cc:739 Ib Alloc Size 22280 pointer 0x7f5198064000
n232-194-226:234275:234347 [2] NCCL INFO Received and initiated operation=Connect res=0
n232-194-226:234275:234347 [2] NCCL INFO transport/net_ib.cc:739 Ib Alloc Size 22280 pointer 0x7f5198070000
n232-194-226:234275:234347 [2] NCCL INFO Received and initiated operation=Connect res=0
n232-194-226:234277:234349 [4] NCCL INFO NET/IB: Dev 3 Port 1 qpn 21184 mtu 5 LID 27
n232-194-226:234277:234349 [4] NCCL INFO transport/net_ib.cc:679 Ib Alloc Size 552 pointer 0x7feb04109000
n232-194-226:234277:234349 [4] NCCL INFO Received and initiated operation=Connect res=0
n232-194-226:234274:234301 [1] NCCL INFO Imported shareable buffer device 1 size 10485760 ptr 0x7f35fa000000
n232-194-226:234276:234302 [3] NCCL INFO Imported shareable buffer device 3 size 2097152 ptr 0x7fac49800000
n232-194-226:234277:234300 [4] NCCL INFO Imported shareable buffer device 4 size 10485760 ptr 0x7feaea000000
n232-194-226:234277:234300 [4] NCCL INFO ncclPollProxyResponse Received new opId=0x7feb0f584f78
n232-194-226:234277:234300 [4] NCCL INFO recvOpId=0x7feb0f584f78 matches expected opId=0x7feb0f584f78
n232-194-226:234277:234300 [4] NCCL INFO sendConnect ncclPollProxyResponse opId=0x7feb0f584f78
n232-194-226:234273:234298 [0] NCCL INFO Imported shareable buffer device 0 size 10485760 ptr 0x7f2b08a00000
n232-194-226:234273:234298 [0] NCCL INFO sendConnect ncclProxyCallAsync opId=0x7f2b1f56ca60
n232-194-226:234273:234298 [0] NCCL INFO sendConnect ncclProxyCallAsync opId=0x7f2b1f586f20
n232-194-226:234275:234347 [2] NCCL INFO transport/net_ib.cc:627 Ib Alloc Size 27160 pointer 0x7f519807c000
n232-194-226:234273:234298 [0] NCCL INFO sendConnect ncclProxyCallAsync opId=0x7f2b1f591360
n232-194-226:234273:234298 [0] NCCL INFO sendConnect ncclProxyCallAsync opId=0x7f2b1f59b7a0
n232-194-226:234273:234298 [0] NCCL INFO sendConnect ncclProxyCallAsync opId=0x7f2b1f57f398
n232-194-226:234273:234298 [0] NCCL INFO sendConnect ncclProxyCallAsync opId=0x7f2b1f589a78
n232-194-226:234273:234298 [0] NCCL INFO sendConnect ncclProxyCallAsync opId=0x7f2b1f593eb8
n232-194-226:234273:234298 [0] NCCL INFO sendConnect ncclProxyCallAsync opId=0x7f2b1f59e2f8
n232-194-226:234276:234346 [3] NCCL INFO transport/net_ib.cc:627 Ib Alloc Size 27160 pointer 0x7fac5c07c000
n232-194-226:234275:234347 [2] NCCL INFO NET/IB: Dev 1 Port 1 qpn 23076 mtu 5 LID 25
n232-194-226:234275:234347 [2] NCCL INFO transport/net_ib.cc:679 Ib Alloc Size 552 pointer 0x7f519809e000
n232-194-226:234275:234347 [2] NCCL INFO Received and initiated operation=Connect res=0
n232-194-226:234275:234347 [2] NCCL INFO transport/net_ib.cc:627 Ib Alloc Size 27160 pointer 0x7f51980a5000
n232-194-226:234276:234346 [3] NCCL INFO NET/IB: Dev 2 Port 1 qpn 19221 mtu 5 LID 29
n232-194-226:234276:234346 [3] NCCL INFO transport/net_ib.cc:679 Ib Alloc Size 552 pointer 0x7fac5c09e000
n232-194-226:234276:234346 [3] NCCL INFO Received and initiated operation=Connect res=0
n232-194-226:234276:234346 [3] NCCL INFO transport/net_ib.cc:627 Ib Alloc Size 27160 pointer 0x7fac5c0a5000
n232-194-226:234275:234347 [2] NCCL INFO NET/IB: Dev 1 Port 1 qpn 23077 mtu 5 LID 25
n232-194-226:234275:234347 [2] NCCL INFO transport/net_ib.cc:679 Ib Alloc Size 552 pointer 0x7f51980bd000
n232-194-226:234275:234347 [2] NCCL INFO Received and initiated operation=Connect res=0
n232-194-226:234275:234347 [2] NCCL INFO transport/net_ib.cc:627 Ib Alloc Size 27160 pointer 0x7f51980c4000
n232-194-226:234276:234346 [3] NCCL INFO NET/IB: Dev 2 Port 1 qpn 19222 mtu 5 LID 29
n232-194-226:234276:234346 [3] NCCL INFO transport/net_ib.cc:679 Ib Alloc Size 552 pointer 0x7fac5c0bd000
n232-194-226:234276:234346 [3] NCCL INFO Received and initiated operation=Connect res=0
n232-194-226:234276:234346 [3] NCCL INFO transport/net_ib.cc:627 Ib Alloc Size 27160 pointer 0x7fac5c0c4000
n232-194-226:234278:234303 [5] NCCL INFO Imported shareable buffer device 5 size 10485760 ptr 0x7f2c47400000
n232-194-226:234275:234347 [2] NCCL INFO NET/IB: Dev 1 Port 1 qpn 23078 mtu 5 LID 25
n232-194-226:234275:234347 [2] NCCL INFO transport/net_ib.cc:679 Ib Alloc Size 552 pointer 0x7f51980dc000
n232-194-226:234275:234347 [2] NCCL INFO Received and initiated operation=Connect res=0
n232-194-226:234276:234346 [3] NCCL INFO NET/IB: Dev 2 Port 1 qpn 19223 mtu 5 LID 29
n232-194-226:234276:234346 [3] NCCL INFO transport/net_ib.cc:679 Ib Alloc Size 552 pointer 0x7fac5c0dc000
n232-194-226:234276:234346 [3] NCCL INFO Received and initiated operation=Connect res=0
n232-194-226:234276:234346 [3] NCCL INFO transport/net_ib.cc:627 Ib Alloc Size 27160 pointer 0x7fac5c0e3000
n232-194-226:234274:234301 [1] NCCL INFO Imported shareable buffer device 1 size 2097152 ptr 0x7f35faa00000
n232-194-226:234276:234346 [3] NCCL INFO NET/IB: Dev 2 Port 1 qpn 19224 mtu 5 LID 29
n232-194-226:234276:234346 [3] NCCL INFO transport/net_ib.cc:679 Ib Alloc Size 552 pointer 0x7fac5c0fb000
n232-194-226:234276:234346 [3] NCCL INFO Received and initiated operation=Connect res=0
n232-194-226:234276:234302 [3] NCCL INFO Imported shareable buffer device 3 size 10485760 ptr 0x7fac46000000
n232-194-226:234273:234298 [0] NCCL INFO Imported shareable buffer device 0 size 2097152 ptr 0x7f2b09400000
n232-194-226:234275:234299 [2] NCCL INFO Imported shareable buffer device 2 size 2097152 ptr 0x7f5186a00000
n232-194-226:234278:234303 [5] NCCL INFO Imported shareable buffer device 5 size 10485760 ptr 0x7f2c44000000
n232-194-226:234274:234301 [1] NCCL INFO Imported shareable buffer device 1 size 10485760 ptr 0x7f35fac00000
n232-194-226:234276:234346 [3] NCCL INFO transport/p2p.cc:204 Cuda Alloc Size 10485760 pointer 0x7fac46a00000
n232-194-226:234277:234300 [4] NCCL INFO Imported shareable buffer device 4 size 10485760 ptr 0x7feaeaa00000
n232-194-226:234278:234303 [5] NCCL INFO Imported shareable buffer device 5 size 10485760 ptr 0x7f2c44a00000
n232-194-226:234274:234301 [1] NCCL INFO Imported shareable buffer device 1 size 2097152 ptr 0x7f35fb600000
n232-194-226:234275:234347 [2] NCCL INFO transport/p2p.cc:204 Cuda Alloc Size 10485760 pointer 0x7f5186c00000
n232-194-226:234273:234298 [0] NCCL INFO Imported shareable buffer device 0 size 2097152 ptr 0x7f2b09600000
n232-194-226:234276:234302 [3] NCCL INFO Imported shareable buffer device 3 size 2097152 ptr 0x7fac47400000
n232-194-226:234276:234346 [3] NCCL INFO Allocated shareable buffer 0x7fac46a00000 size 10485760 ipcDesc 0x7fac5c01f8dc
n232-194-226:234276:234346 [3] NCCL INFO Allocated 532484 bytes of shared memory in /dev/shm/nccl-x4UZC7
n232-194-226:234276:234346 [3] NCCL INFO Mem Realloc old size 0, new size 768 pointer 0x7fac5c0db010
n232-194-226:234278:234303 [5] NCCL INFO Imported shareable buffer device 5 size 10485760 ptr 0x7f2c45400000
n232-194-226:234274:234301 [1] NCCL INFO Imported shareable buffer device 1 size 10485760 ptr 0x7f35f8000000
n232-194-226:234275:234299 [2] NCCL INFO Imported shareable buffer device 2 size 2097152 ptr 0x7f5187600000
n232-194-226:234275:234347 [2] NCCL INFO Allocated shareable buffer 0x7f5186c00000 size 10485760 ipcDesc 0x7f519800fc1c
n232-194-226:234275:234347 [2] NCCL INFO Allocated 532484 bytes of shared memory in /dev/shm/nccl-1U4gUN
n232-194-226:234275:234347 [2] NCCL INFO Mem Realloc old size 0, new size 768 pointer 0x7f51980db010
n232-194-226:234273:234298 [0] NCCL INFO Imported shareable buffer device 0 size 2097152 ptr 0x7f2b09800000
n232-194-226:234276:234302 [3] NCCL INFO Imported shareable buffer device 3 size 10485760 ptr 0x7fac47600000
n232-194-226:234274:234301 [1] NCCL INFO Imported shareable buffer device 1 size 2097152 ptr 0x7f35f8a00000
n232-194-226:234275:234299 [2] NCCL INFO Imported shareable buffer device 2 size 2097152 ptr 0x7f5187800000
n232-194-226:234276:234302 [3] NCCL INFO Imported shareable buffer device 3 size 2097152 ptr 0x7fac49a00000
n232-194-226:234274:234301 [1] NCCL INFO Imported shareable buffer device 1 size 10485760 ptr 0x7f35f8c00000
n232-194-226:234275:234299 [2] NCCL INFO Imported shareable buffer device 2 size 2097152 ptr 0x7f5187a00000
n232-194-226:234278:234303 [5] NCCL INFO Imported shareable buffer device 5 size 10485760 ptr 0x7f2c42000000
n232-194-226:234278:234303 [5] NCCL INFO ncclPollProxyResponse Received new opId=0x7f2c675822d0
n232-194-226:234278:234303 [5] NCCL INFO recvOpId=0x7f2c675822d0 matches expected opId=0x7f2c675822d0
n232-194-226:234278:234303 [5] NCCL INFO sendConnect ncclPollProxyResponse opId=0x7f2c675822d0
n232-194-226:234276:234302 [3] NCCL INFO Imported shareable buffer device 3 size 10485760 ptr 0x7fac44000000
n232-194-226:234273:234298 [0] NCCL INFO Imported shareable buffer device 0 size 2097152 ptr 0x7f2b09a00000
n232-194-226:234278:234348 [5] NCCL INFO proxyProgressAsync opId=0x7f2c67584e50 op.type=4 op.reqBuff=0x7f2c5c042740 op.respSize=21040 done
n232-194-226:234276:234302 [3] NCCL INFO Imported shareable buffer device 3 size 2097152 ptr 0x7fac44a00000
n232-194-226:234273:234298 [0] NCCL INFO Imported shareable buffer device 0 size 2097152 ptr 0x7f2b09c00000
n232-194-226:234276:234302 [3] NCCL INFO Imported shareable buffer device 3 size 10485760 ptr 0x7fac44c00000
n232-194-226:234274:234301 [1] NCCL INFO Imported shareable buffer device 1 size 10485760 ptr 0x7f35f9600000
n232-194-226:234273:234298 [0] NCCL INFO Imported shareable buffer device 0 size 2097152 ptr 0x7f2b09e00000
n232-194-226:234278:234303 [5] NCCL INFO Imported shareable buffer device 5 size 10485760 ptr 0x7f2c42a00000
n232-194-226:234276:234302 [3] NCCL INFO Imported shareable buffer device 3 size 2097152 ptr 0x7fac45600000
n232-194-226:234274:234301 [1] NCCL INFO Imported shareable buffer device 1 size 2097152 ptr 0x7f35fb800000
n232-194-226:234275:234299 [2] NCCL INFO Imported shareable buffer device 2 size 10485760 ptr 0x7f5184000000
n232-194-226:234273:234298 [0] NCCL INFO Imported shareable buffer device 0 size 2097152 ptr 0x7f2b0be00000
n232-194-226:234275:234347 [2] NCCL INFO proxyProgressAsync opId=0x7f2b1f56ca60 op.type=4 op.reqBuff=0x7f5198063510 op.respSize=21040 done
n232-194-226:234276:234302 [3] NCCL INFO Imported shareable buffer device 3 size 10485760 ptr 0x7fac42000000
n232-194-226:234278:234303 [5] NCCL INFO ncclPollProxyResponse Received new opId=0x7f2c6758c860
n232-194-226:234278:234303 [5] NCCL INFO recvOpId=0x7f2c6758c860 matches expected opId=0x7f2c6758c860
n232-194-226:234278:234303 [5] NCCL INFO sendConnect ncclPollProxyResponse opId=0x7f2c6758c860
n232-194-226:234278:234348 [5] NCCL INFO transport/net.cc:773 Cuda Alloc Size 9633792 pointer 0x7f2c43400000
n232-194-226:234274:234301 [1] NCCL INFO Imported shareable buffer device 1 size 10485760 ptr 0x7f35f6000000
n232-194-226:234275:234299 [2] NCCL INFO Imported shareable buffer device 2 size 10485760 ptr 0x7f5184a00000
n232-194-226:234273:234298 [0] NCCL INFO Imported shareable buffer device 0 size 2097152 ptr 0x7f2b0de00000
n232-194-226:234276:234346 [3] NCCL INFO proxyProgressAsync opId=0x7f2b1f57f398 op.type=4 op.reqBuff=0x7fac5c063510 op.respSize=21040 done
n232-194-226:234276:234302 [3] NCCL INFO Imported shareable buffer device 3 size 2097152 ptr 0x7fac42a00000
n232-194-226:234274:234301 [1] NCCL INFO Imported shareable buffer device 1 size 2097152 ptr 0x7f35f6a00000
n232-194-226:234273:234298 [0] NCCL INFO Imported shareable buffer device 0 size 2097152 ptr 0x7f2b0fe00000
n232-194-226:234276:234302 [3] NCCL INFO Imported shareable buffer device 3 size 10485760 ptr 0x7fac42c00000
n232-194-226:234274:234301 [1] NCCL INFO Imported shareable buffer device 1 size 10485760 ptr 0x7f35f6c00000
n232-194-226:234273:234298 [0] NCCL INFO Imported shareable buffer device 0 size 2097152 ptr 0x7f2b11e00000
n232-194-226:234278:234303 [5] NCCL INFO Imported shareable buffer device 5 size 10485760 ptr 0x7f2c40000000
n232-194-226:234278:234348 [5] NCCL INFO transport/net.cc:778 Cuda Host Alloc Size 8192 pointer 0x7f2c9ea02200
n232-194-226:234278:234303 [5] NCCL INFO ncclPollProxyResponse Received new opId=0x7f2c67584e50
n232-194-226:234278:234303 [5] NCCL INFO recvOpId=0x7f2c67584e50 matches expected opId=0x7f2c67584e50
n232-194-226:234278:234303 [5] NCCL INFO recvConnect ncclPollProxyResponse opId=0x7f2c67584e50
n232-194-226:234274:234301 [1] NCCL INFO Imported shareable buffer device 1 size 2097152 ptr 0x7f35f7600000
n232-194-226:234276:234346 [3] NCCL INFO transport/p2p.cc:204 Cuda Alloc Size 10485760 pointer 0x7fac43600000
n232-194-226:234273:234298 [0] NCCL INFO Imported shareable buffer device 0 size 2097152 ptr 0x7f2b13e00000
n232-194-226:234274:234301 [1] NCCL INFO Imported shareable buffer device 1 size 10485760 ptr 0x7f35f4000000
n232-194-226:234276:234302 [3] NCCL INFO Imported shareable buffer device 3 size 2097152 ptr 0x7fac45800000
n232-194-226:234273:234298 [0] NCCL INFO Imported shareable buffer device 0 size 2097152 ptr 0x7f2b15e00000
n232-194-226:234276:234346 [3] NCCL INFO Allocated shareable buffer 0x7fac43600000 size 10485760 ipcDesc 0x7fac5c024bec
n232-194-226:234276:234346 [3] NCCL INFO Allocated 532484 bytes of shared memory in /dev/shm/nccl-Pw8rkC
n232-194-226:234275:234299 [2] NCCL INFO Imported shareable buffer device 2 size 2097152 ptr 0x7f5185e00000
n232-194-226:234275:234347 [2] NCCL INFO transport/p2p.cc:204 Cuda Alloc Size 10485760 pointer 0x7f5185400000
n232-194-226:234273:234298 [0] NCCL INFO Imported shareable buffer device 0 size 2097152 ptr 0x7f2b17e00000
n232-194-226:234273:234298 [0] NCCL INFO Imported shareable buffer device 0 size 2097152 ptr 0x7f2b06000000
n232-194-226:234273:234298 [0] NCCL INFO Imported shareable buffer device 0 size 2097152 ptr 0x7f2b06200000
n232-194-226:234276:234302 [3] NCCL INFO Imported shareable buffer device 3 size 10485760 ptr 0x7fac40000000
n232-194-226:234273:234298 [0] NCCL INFO Imported shareable buffer device 0 size 2097152 ptr 0x7f2b06400000
n232-194-226:234273:234298 [0] NCCL INFO ncclPollProxyResponse Received new opId=0x7f2b1f56ca60
n232-194-226:234273:234298 [0] NCCL INFO recvOpId=0x7f2b1f56ca60 matches expected opId=0x7f2b1f56ca60
n232-194-226:234273:234298 [0] NCCL INFO sendConnect ncclPollProxyResponse opId=0x7f2b1f56ca60
n232-194-226:234276:234302 [3] NCCL INFO Imported shareable buffer device 3 size 2097152 ptr 0x7fac40a00000
n232-194-226:234276:234302 [3] NCCL INFO Imported shareable buffer device 3 size 10485760 ptr 0x7fac40c00000
n232-194-226:234277:234349 [4] NCCL INFO transport/p2p.cc:204 Cuda Alloc Size 10485760 pointer 0x7feaeb400000
n232-194-226:234277:234349 [4] NCCL INFO Allocated shareable buffer 0x7feaeb400000 size 10485760 ipcDesc 0x7feb04024f0c
n232-194-226:234277:234349 [4] NCCL INFO Allocated 532484 bytes of shared memory in /dev/shm/nccl-t1YDpg
n232-194-226:234275:234299 [2] NCCL INFO Imported shareable buffer device 2 size 10485760 ptr 0x7f5182000000
n232-194-226:234275:234347 [2] NCCL INFO Allocated shareable buffer 0x7f5185400000 size 10485760 ipcDesc 0x7f5198014f2c
n232-194-226:234275:234347 [2] NCCL INFO Allocated 532484 bytes of shared memory in /dev/shm/nccl-X7hHdb
n232-194-226:234274:234301 [1] NCCL INFO Imported shareable buffer device 1 size 10485760 ptr 0x7f35f4a00000
n232-194-226:234278:234348 [5] NCCL INFO proxyProgressAsync opId=0x7f2c6758f290 op.type=4 op.reqBuff=0x7f2c5c042700 op.respSize=21040 done
n232-194-226:234278:234303 [5] NCCL INFO ncclPollProxyResponse Received new opId=0x7f2c6758f290
n232-194-226:234278:234303 [5] NCCL INFO recvOpId=0x7f2c6758f290 matches expected opId=0x7f2c6758f290
n232-194-226:234278:234303 [5] NCCL INFO recvConnect ncclPollProxyResponse opId=0x7f2c6758f290
n232-194-226:234278:234348 [5] NCCL INFO transport/net_ib.cc:739 Ib Alloc Size 22280 pointer 0x7f2c5c11f000
n232-194-226:234278:234348 [5] NCCL INFO transport/net_ib.cc:752 Ib Alloc Size 552 pointer 0x7f2c5c0ca000
n232-194-226:234273:234298 [0] NCCL INFO Imported shareable buffer device 0 size 10485760 ptr 0x7f2b06600000
n232-194-226:234273:234298 [0] NCCL INFO ncclPollProxyResponse Received new opId=0x7f2b1f57f398
n232-194-226:234273:234298 [0] NCCL INFO recvOpId=0x7f2b1f57f398 matches expected opId=0x7f2b1f57f398
n232-194-226:234273:234298 [0] NCCL INFO sendConnect ncclPollProxyResponse opId=0x7f2b1f57f398
n232-194-226:234278:234348 [5] NCCL INFO transport/net_ib.cc:830 Ib Alloc Size 552 pointer 0x7f2c5c0cc000
n232-194-226:234278:234348 [5] NCCL INFO Received and initiated operation=Connect res=0
n232-194-226:234275:234299 [2] NCCL INFO Imported shareable buffer device 2 size 2097152 ptr 0x7f5182a00000
n232-194-226:234274:234301 [1] NCCL INFO Imported shareable buffer device 1 size 2097152 ptr 0x7f35f5400000
n232-194-226:234276:234346 [3] NCCL INFO proxyProgressAsync opId=0x7f2b1f589a78 op.type=4 op.reqBuff=0x7fac5c063d80 op.respSize=21040 done
n232-194-226:234275:234299 [2] NCCL INFO Imported shareable buffer device 2 size 10485760 ptr 0x7f5182c00000
n232-194-226:234274:234301 [1] NCCL INFO Imported shareable buffer device 1 size 10485760 ptr 0x7f35f5600000
n232-194-226:234278:234348 [5] NCCL INFO transport/p2p.cc:204 Cuda Alloc Size 10485760 pointer 0x7f2c40a00000
n232-194-226:234278:234348 [5] NCCL INFO Allocated shareable buffer 0x7f2c40a00000 size 10485760 ipcDesc 0x7f2c5c01c53c
n232-194-226:234278:234348 [5] NCCL INFO Allocated 532484 bytes of shared memory in /dev/shm/nccl-QETueA
n232-194-226:234275:234299 [2] NCCL INFO Imported shareable buffer device 2 size 10485760 ptr 0x7f5183600000
n232-194-226:234276:234346 [3] NCCL INFO transport/p2p.cc:204 Cuda Alloc Size 10485760 pointer 0x7fac41600000
n232-194-226:234274:234301 [1] NCCL INFO Imported shareable buffer device 1 size 2097152 ptr 0x7f35f7800000
n232-194-226:234273:234298 [0] NCCL INFO Imported shareable buffer device 0 size 10485760 ptr 0x7f2b07000000
n232-194-226:234273:234298 [0] NCCL INFO ncclPollProxyResponse Received new opId=0x7f2b1f589a78
n232-194-226:234273:234298 [0] NCCL INFO recvOpId=0x7f2b1f589a78 matches expected opId=0x7f2b1f589a78
n232-194-226:234273:234298 [0] NCCL INFO sendConnect ncclPollProxyResponse opId=0x7f2b1f589a78
n232-194-226:234275:234299 [2] NCCL INFO Imported shareable buffer device 2 size 2097152 ptr 0x7f5187c00000
n232-194-226:234276:234346 [3] NCCL INFO Allocated shareable buffer 0x7fac41600000 size 10485760 ipcDesc 0x7fac5c029efc
n232-194-226:234276:234346 [3] NCCL INFO Allocated 532484 bytes of shared memory in /dev/shm/nccl-qHfZ3W
n232-194-226:234277:234349 [4] NCCL INFO proxyProgressAsync opId=0x7f2c67596ca0 op.type=4 op.reqBuff=0x7feb04073e60 op.respSize=21040 done
n232-194-226:234278:234303 [5] NCCL INFO ncclPollProxyResponse Received new opId=0x7f2c67596ca0
n232-194-226:234278:234303 [5] NCCL INFO recvOpId=0x7f2c67596ca0 matches expected opId=0x7f2c67596ca0
n232-194-226:234278:234303 [5] NCCL INFO sendConnect ncclPollProxyResponse opId=0x7f2c67596ca0
n232-194-226:234274:234301 [1] NCCL INFO Imported shareable buffer device 1 size 10485760 ptr 0x7f35f2000000
n232-194-226:234275:234299 [2] NCCL INFO Imported shareable buffer device 2 size 10485760 ptr 0x7f5180000000
n232-194-226:234274:234301 [1] NCCL INFO Imported shareable buffer device 1 size 2097152 ptr 0x7f35f2a00000
n232-194-226:234275:234299 [2] NCCL INFO Imported shareable buffer device 2 size 2097152 ptr 0x7f5180a00000
n232-194-226:234277:234349 [4] NCCL INFO transport/p2p.cc:204 Cuda Alloc Size 10485760 pointer 0x7feae8000000
n232-194-226:234277:234349 [4] NCCL INFO Allocated shareable buffer 0x7feae8000000 size 10485760 ipcDesc 0x7feb0402f65c
n232-194-226:234273:234298 [0] NCCL INFO Imported shareable buffer device 0 size 10485760 ptr 0x7f2b04000000
n232-194-226:234277:234349 [4] NCCL INFO Allocated 532484 bytes of shared memory in /dev/shm/nccl-5AKjhZ
n232-194-226:234275:234347 [2] NCCL INFO proxyProgressAsync opId=0x7f2b1f586f20 op.type=4 op.reqBuff=0x7f5198063d80 op.respSize=21040 done
n232-194-226:234273:234298 [0] NCCL INFO ncclPollProxyResponse Received new opId=0x7f2b1f586f20
n232-194-226:234273:234298 [0] NCCL INFO recvOpId=0x7f2b1f586f20 matches expected opId=0x7f2b1f586f20
n232-194-226:234273:234298 [0] NCCL INFO sendConnect ncclPollProxyResponse opId=0x7f2b1f586f20
n232-194-226:234274:234301 [1] NCCL INFO Imported shareable buffer device 1 size 10485760 ptr 0x7f35f2c00000
n232-194-226:234275:234299 [2] NCCL INFO Imported shareable buffer device 2 size 10485760 ptr 0x7f5180c00000
n232-194-226:234278:234303 [5] NCCL INFO Imported shareable buffer device 5 size 10485760 ptr 0x7f2c41400000
n232-194-226:234274:234301 [1] NCCL INFO Imported shareable buffer device 1 size 10485760 ptr 0x7f35f3600000
n232-194-226:234275:234347 [2] NCCL INFO transport/p2p.cc:204 Cuda Alloc Size 10485760 pointer 0x7f5181600000
n232-194-226:234278:234348 [5] NCCL INFO proxyProgressAsync opId=0x7feb0f58f3b8 op.type=4 op.reqBuff=0x7f2c5c055d10 op.respSize=21040 done
n232-194-226:234277:234300 [4] NCCL INFO ncclPollProxyResponse Received new opId=0x7feb0f58f3b8
n232-194-226:234277:234300 [4] NCCL INFO recvOpId=0x7feb0f58f3b8 matches expected opId=0x7feb0f58f3b8
n232-194-226:234277:234300 [4] NCCL INFO sendConnect ncclPollProxyResponse opId=0x7feb0f58f3b8
n232-194-226:234274:234301 [1] NCCL INFO Imported shareable buffer device 1 size 2097152 ptr 0x7f35f7a00000
n232-194-226:234275:234299 [2] NCCL INFO Imported shareable buffer device 2 size 10485760 ptr 0x7f517e000000
n232-194-226:234273:234298 [0] NCCL INFO Imported shareable buffer device 0 size 10485760 ptr 0x7f2b04a00000
n232-194-226:234275:234347 [2] NCCL INFO Allocated shareable buffer 0x7f5181600000 size 10485760 ipcDesc 0x7f519801f67c
n232-194-226:234275:234347 [2] NCCL INFO Allocated 532484 bytes of shared memory in /dev/shm/nccl-16suuu
n232-194-226:234274:234301 [1] NCCL INFO Imported shareable buffer device 1 size 10485760 ptr 0x7f35f0000000
n232-194-226:234278:234348 [5] NCCL INFO transport/p2p.cc:204 Cuda Alloc Size 10485760 pointer 0x7f2c3e000000
n232-194-226:234278:234348 [5] NCCL INFO Allocated shareable buffer 0x7f2c3e000000 size 10485760 ipcDesc 0x7f2c5c026c2c
n232-194-226:234278:234348 [5] NCCL INFO Allocated 532484 bytes of shared memory in /dev/shm/nccl-rcbK6w
n232-194-226:234275:234299 [2] NCCL INFO Imported shareable buffer device 2 size 2097152 ptr 0x7f517ea00000
n232-194-226:234276:234346 [3] NCCL INFO proxyProgressAsync opId=0x7f2b1f593eb8 op.type=4 op.reqBuff=0x7fac5c063e90 op.respSize=21040 done
n232-194-226:234273:234298 [0] NCCL INFO ncclPollProxyResponse Received new opId=0x7f2b1f593eb8
n232-194-226:234273:234298 [0] NCCL INFO recvOpId=0x7f2b1f593eb8 matches expected opId=0x7f2b1f593eb8
n232-194-226:234273:234298 [0] NCCL INFO sendConnect ncclPollProxyResponse opId=0x7f2b1f593eb8
n232-194-226:234274:234301 [1] NCCL INFO Imported shareable buffer device 1 size 2097152 ptr 0x7f35f0a00000
n232-194-226:234277:234300 [4] NCCL INFO Imported shareable buffer device 4 size 10485760 ptr 0x7feae8a00000
n232-194-226:234275:234299 [2] NCCL INFO Imported shareable buffer device 2 size 10485760 ptr 0x7f517ec00000
n232-194-226:234277:234349 [4] NCCL INFO proxyProgressAsync opId=0x7f2c675a10e0 op.type=4 op.reqBuff=0x7feb0409dd30 op.respSize=21040 done
n232-194-226:234278:234303 [5] NCCL INFO ncclPollProxyResponse Received new opId=0x7f2c675a10e0
n232-194-226:234278:234303 [5] NCCL INFO recvOpId=0x7f2c675a10e0 matches expected opId=0x7f2c675a10e0
n232-194-226:234278:234303 [5] NCCL INFO sendConnect ncclPollProxyResponse opId=0x7f2c675a10e0
n232-194-226:234274:234301 [1] NCCL INFO Imported shareable buffer device 1 size 10485760 ptr 0x7f35f0c00000
n232-194-226:234276:234346 [3] NCCL INFO transport/p2p.cc:204 Cuda Alloc Size 10485760 pointer 0x7fac3e000000
n232-194-226:234275:234299 [2] NCCL INFO Imported shareable buffer device 2 size 2097152 ptr 0x7f517f600000
n232-194-226:234276:234346 [3] NCCL INFO Allocated shareable buffer 0x7fac3e000000 size 10485760 ipcDesc 0x7fac5c02f20c
n232-194-226:234276:234346 [3] NCCL INFO Allocated 532484 bytes of shared memory in /dev/shm/nccl-aBYHsG
n232-194-226:234274:234301 [1] NCCL INFO Imported shareable buffer device 1 size 2097152 ptr 0x7f35f1600000
n232-194-226:234274:234301 [1] NCCL INFO Connected all rings
n232-194-226:234274:234350 [1] NCCL INFO New proxy recv connection 32 from local rank 1, transport 0
n232-194-226:234274:234350 [1] NCCL INFO proxyProgressAsync opId=0x7f3612bbbce0 op.type=1 op.reqBuff=0x7f360801d660 op.respSize=16 done
n232-194-226:234274:234301 [1] NCCL INFO ncclPollProxyResponse Received new opId=0x7f3612bbbce0
n232-194-226:234274:234350 [1] NCCL INFO Received and initiated operation=Init res=0
n232-194-226:234274:234301 [1] NCCL INFO recvOpId=0x7f3612bbbce0 matches expected opId=0x7f3612bbbce0
n232-194-226:234274:234301 [1] NCCL INFO Connection to proxy localRank 1 -> connection 0x7f3608003b50
n232-194-226:234277:234349 [4] NCCL INFO transport/net.cc:773 Cuda Alloc Size 9633792 pointer 0x7feae9400000
n232-194-226:234277:234349 [4] NCCL INFO transport/net.cc:778 Cuda Host Alloc Size 8192 pointer 0x7feb48a00200
n232-194-226:234273:234298 [0] NCCL INFO Imported shareable buffer device 0 size 10485760 ptr 0x7f2b05400000
n232-194-226:234275:234299 [2] NCCL INFO Imported shareable buffer device 2 size 10485760 ptr 0x7f517c000000
n232-194-226:234274:234350 [1] NCCL INFO transport/p2p.cc:204 Cuda Alloc Size 10485760 pointer 0x7f35ee000000
n232-194-226:234278:234303 [5] NCCL INFO Imported shareable buffer device 5 size 10485760 ptr 0x7f2c3ea00000
n232-194-226:234274:234350 [1] NCCL INFO Allocated shareable buffer 0x7f35ee000000 size 10485760 ipcDesc 0x7f360800c520
n232-194-226:234274:234350 [1] NCCL INFO proxyProgressAsync opId=0x7f3612bbbce0 op.type=3 op.reqBuff=0x7f360801f290 op.respSize=80 done
n232-194-226:234275:234299 [2] NCCL INFO Imported shareable buffer device 2 size 10485760 ptr 0x7f517ca00000
n232-194-226:234274:234301 [1] NCCL INFO ncclPollProxyResponse Received new opId=0x7f3612bbbce0
n232-194-226:234274:234350 [1] NCCL INFO Received and initiated operation=Setup res=0
n232-194-226:234274:234301 [1] NCCL INFO recvOpId=0x7f3612bbbce0 matches expected opId=0x7f3612bbbce0
n232-194-226:234274:234350 [1] NCCL INFO New proxy recv connection 33 from local rank 1, transport 0
n232-194-226:234274:234350 [1] NCCL INFO proxyProgressAsync opId=0x7f3612bbbce0 op.type=1 op.reqBuff=0x7f360801f290 op.respSize=16 done
n232-194-226:234274:234301 [1] NCCL INFO ncclPollProxyResponse Received new opId=0x7f3612bbbce0
n232-194-226:234274:234350 [1] NCCL INFO Received and initiated operation=Init res=0
n232-194-226:234274:234301 [1] NCCL INFO recvOpId=0x7f3612bbbce0 matches expected opId=0x7f3612bbbce0
n232-194-226:234274:234301 [1] NCCL INFO Connection to proxy localRank 1 -> connection 0x7f3608003ba0
n232-194-226:234275:234347 [2] NCCL INFO proxyProgressAsync opId=0x7f2b1f591360 op.type=4 op.reqBuff=0x7f5198063e90 op.respSize=21040 done
n232-194-226:234273:234298 [0] NCCL INFO ncclPollProxyResponse Received new opId=0x7f2b1f591360
n232-194-226:234273:234298 [0] NCCL INFO recvOpId=0x7f2b1f591360 matches expected opId=0x7f2b1f591360
n232-194-226:234273:234298 [0] NCCL INFO sendConnect ncclPollProxyResponse opId=0x7f2b1f591360
n232-194-226:234275:234347 [2] NCCL INFO transport/net_ib.cc:627 Ib Alloc Size 27160 pointer 0x7f51980de000
n232-194-226:234275:234347 [2] NCCL INFO NET/IB: Dev 1 Port 1 qpn 23079 mtu 5 LID 25
n232-194-226:234275:234347 [2] NCCL INFO transport/net_ib.cc:679 Ib Alloc Size 552 pointer 0x7f51980bd000
n232-194-226:234275:234347 [2] NCCL INFO Received and initiated operation=Connect res=0
n232-194-226:234275:234299 [2] NCCL INFO Imported shareable buffer device 2 size 2097152 ptr 0x7f517d400000
n232-194-226:234275:234347 [2] NCCL INFO transport/net_ib.cc:752 Ib Alloc Size 552 pointer 0x7f51980bf000
n232-194-226:234274:234350 [1] NCCL INFO transport/p2p.cc:204 Cuda Alloc Size 10485760 pointer 0x7f35eea00000
n232-194-226:234275:234299 [2] NCCL INFO Imported shareable buffer device 2 size 10485760 ptr 0x7f517d600000
n232-194-226:234274:234350 [1] NCCL INFO Allocated shareable buffer 0x7f35eea00000 size 10485760 ipcDesc 0x7f360800c520
n232-194-226:234274:234350 [1] NCCL INFO proxyProgressAsync opId=0x7f3612bbbce0 op.type=3 op.reqBuff=0x7f360801f2d0 op.respSize=80 done
n232-194-226:234274:234301 [1] NCCL INFO ncclPollProxyResponse Received new opId=0x7f3612bbbce0
n232-194-226:234274:234350 [1] NCCL INFO Received and initiated operation=Setup res=0
n232-194-226:234274:234301 [1] NCCL INFO recvOpId=0x7f3612bbbce0 matches expected opId=0x7f3612bbbce0
n232-194-226:234274:234350 [1] NCCL INFO New proxy recv connection 34 from local rank 1, transport 0
n232-194-226:234274:234350 [1] NCCL INFO proxyProgressAsync opId=0x7f3612bbbce0 op.type=1 op.reqBuff=0x7f360801f2d0 op.respSize=16 done
n232-194-226:234274:234301 [1] NCCL INFO ncclPollProxyResponse Received new opId=0x7f3612bbbce0
n232-194-226:234274:234350 [1] NCCL INFO Received and initiated operation=Init res=0
n232-194-226:234274:234301 [1] NCCL INFO recvOpId=0x7f3612bbbce0 matches expected opId=0x7f3612bbbce0
n232-194-226:234274:234301 [1] NCCL INFO Connection to proxy localRank 1 -> connection 0x7f3608003bf0
n232-194-226:234275:234347 [2] NCCL INFO transport/net_ib.cc:830 Ib Alloc Size 552 pointer 0x7f51980c2000
n232-194-226:234275:234347 [2] NCCL INFO transport/net_ib.cc:752 Ib Alloc Size 552 pointer 0x7f5198109000
n232-194-226:234275:234299 [2] NCCL INFO Imported shareable buffer device 2 size 2097152 ptr 0x7f517f800000
n232-194-226:234278:234348 [5] NCCL INFO proxyProgressAsync opId=0x7feb0f5997f8 op.type=4 op.reqBuff=0x7f2c5c06af00 op.respSize=21040 done
n232-194-226:234274:234350 [1] NCCL INFO transport/p2p.cc:204 Cuda Alloc Size 10485760 pointer 0x7f35ef400000
n232-194-226:234277:234300 [4] NCCL INFO ncclPollProxyResponse Received new opId=0x7feb0f5997f8
n232-194-226:234277:234300 [4] NCCL INFO recvOpId=0x7feb0f5997f8 matches expected opId=0x7feb0f5997f8
n232-194-226:234277:234300 [4] NCCL INFO sendConnect ncclPollProxyResponse opId=0x7feb0f5997f8
n232-194-226:234273:234298 [0] NCCL INFO Imported shareable buffer device 0 size 10485760 ptr 0x7f2b02000000
n232-194-226:234274:234350 [1] NCCL INFO Allocated shareable buffer 0x7f35ef400000 size 10485760 ipcDesc 0x7f360800c520
n232-194-226:234274:234350 [1] NCCL INFO proxyProgressAsync opId=0x7f3612bbbce0 op.type=3 op.reqBuff=0x7f3608020f00 op.respSize=80 done
n232-194-226:234274:234301 [1] NCCL INFO ncclPollProxyResponse Received new opId=0x7f3612bbbce0
n232-194-226:234274:234350 [1] NCCL INFO Received and initiated operation=Setup res=0
n232-194-226:234274:234301 [1] NCCL INFO recvOpId=0x7f3612bbbce0 matches expected opId=0x7f3612bbbce0
n232-194-226:234274:234350 [1] NCCL INFO New proxy recv connection 35 from local rank 1, transport 0
n232-194-226:234274:234350 [1] NCCL INFO proxyProgressAsync opId=0x7f3612bbbce0 op.type=1 op.reqBuff=0x7f3608020f00 op.respSize=16 done
n232-194-226:234274:234301 [1] NCCL INFO ncclPollProxyResponse Received new opId=0x7f3612bbbce0
n232-194-226:234274:234301 [1] NCCL INFO recvOpId=0x7f3612bbbce0 matches expected opId=0x7f3612bbbce0
n232-194-226:234274:234301 [1] NCCL INFO Connection to proxy localRank 1 -> connection 0x7f3608003c40
n232-194-226:234274:234350 [1] NCCL INFO Received and initiated operation=Init res=0
n232-194-226:234275:234347 [2] NCCL INFO transport/net_ib.cc:830 Ib Alloc Size 552 pointer 0x7f5198125000
n232-194-226:234275:234347 [2] NCCL INFO transport/net_ib.cc:752 Ib Alloc Size 552 pointer 0x7f5198127000
n232-194-226:234276:234346 [3] NCCL INFO proxyProgressAsync opId=0x7f2b1f59e2f8 op.type=4 op.reqBuff=0x7fac5c0b2de0 op.respSize=21040 done
n232-194-226:234273:234298 [0] NCCL INFO ncclPollProxyResponse Received new opId=0x7f2b1f59e2f8
n232-194-226:234273:234298 [0] NCCL INFO recvOpId=0x7f2b1f59e2f8 matches expected opId=0x7f2b1f59e2f8
n232-194-226:234273:234298 [0] NCCL INFO sendConnect ncclPollProxyResponse opId=0x7f2b1f59e2f8
n232-194-226:234276:234346 [3] NCCL INFO transport/net_ib.cc:752 Ib Alloc Size 552 pointer 0x7fac5c0a0000
n232-194-226:234278:234348 [5] NCCL INFO transport/p2p.cc:204 Cuda Alloc Size 10485760 pointer 0x7f2c3f400000
n232-194-226:234278:234348 [5] NCCL INFO Allocated shareable buffer 0x7f2c3f400000 size 10485760 ipcDesc 0x7f2c5c03137c
n232-194-226:234278:234348 [5] NCCL INFO Allocated 532484 bytes of shared memory in /dev/shm/nccl-4gTwVt
n232-194-226:234274:234350 [1] NCCL INFO transport/p2p.cc:204 Cuda Alloc Size 10485760 pointer 0x7f35ec000000
n232-194-226:234274:234350 [1] NCCL INFO Allocated shareable buffer 0x7f35ec000000 size 10485760 ipcDesc 0x7f360800c520
n232-194-226:234274:234350 [1] NCCL INFO proxyProgressAsync opId=0x7f3612bbbce0 op.type=3 op.reqBuff=0x7f3608020f40 op.respSize=80 done
n232-194-226:234274:234301 [1] NCCL INFO ncclPollProxyResponse Received new opId=0x7f3612bbbce0
n232-194-226:234274:234350 [1] NCCL INFO Received and initiated operation=Setup res=0
n232-194-226:234274:234301 [1] NCCL INFO recvOpId=0x7f3612bbbce0 matches expected opId=0x7f3612bbbce0
n232-194-226:234274:234350 [1] NCCL INFO New proxy recv connection 36 from local rank 1, transport 0
n232-194-226:234274:234350 [1] NCCL INFO proxyProgressAsync opId=0x7f3612bbbce0 op.type=1 op.reqBuff=0x7f3608020f40 op.respSize=16 done
n232-194-226:234274:234301 [1] NCCL INFO ncclPollProxyResponse Received new opId=0x7f3612bbbce0
n232-194-226:234274:234350 [1] NCCL INFO Received and initiated operation=Init res=0
n232-194-226:234274:234301 [1] NCCL INFO recvOpId=0x7f3612bbbce0 matches expected opId=0x7f3612bbbce0
n232-194-226:234274:234301 [1] NCCL INFO Connection to proxy localRank 1 -> connection 0x7f3608003c90
n232-194-226:234277:234300 [4] NCCL INFO Imported shareable buffer device 4 size 10485760 ptr 0x7feae6000000
n232-194-226:234275:234347 [2] NCCL INFO transport/net_ib.cc:830 Ib Alloc Size 552 pointer 0x7f5198143000
n232-194-226:234275:234347 [2] NCCL INFO transport/net_ib.cc:752 Ib Alloc Size 552 pointer 0x7f5198145000
n232-194-226:234274:234350 [1] NCCL INFO transport/p2p.cc:204 Cuda Alloc Size 10485760 pointer 0x7f35eca00000
n232-194-226:234276:234346 [3] NCCL INFO transport/net_ib.cc:830 Ib Alloc Size 552 pointer 0x7fac5c0a2000
n232-194-226:234276:234346 [3] NCCL INFO transport/net_ib.cc:752 Ib Alloc Size 552 pointer 0x7fac5c077000
n232-194-226:234274:234350 [1] NCCL INFO Allocated shareable buffer 0x7f35eca00000 size 10485760 ipcDesc 0x7f360800c520
n232-194-226:234273:234298 [0] NCCL INFO Imported shareable buffer device 0 size 10485760 ptr 0x7f2b02a00000
n232-194-226:234274:234350 [1] NCCL INFO proxyProgressAsync opId=0x7f3612bbbce0 op.type=3 op.reqBuff=0x7f36080227c0 op.respSize=80 done
n232-194-226:234274:234301 [1] NCCL INFO ncclPollProxyResponse Received new opId=0x7f3612bbbce0
n232-194-226:234274:234350 [1] NCCL INFO Received and initiated operation=Setup res=0
n232-194-226:234274:234301 [1] NCCL INFO recvOpId=0x7f3612bbbce0 matches expected opId=0x7f3612bbbce0
n232-194-226:234274:234350 [1] NCCL INFO New proxy recv connection 37 from local rank 1, transport 0
n232-194-226:234274:234350 [1] NCCL INFO proxyProgressAsync opId=0x7f3612bbbce0 op.type=1 op.reqBuff=0x7f36080227c0 op.respSize=16 done
n232-194-226:234274:234301 [1] NCCL INFO ncclPollProxyResponse Received new opId=0x7f3612bbbce0
n232-194-226:234274:234301 [1] NCCL INFO recvOpId=0x7f3612bbbce0 matches expected opId=0x7f3612bbbce0
n232-194-226:234274:234301 [1] NCCL INFO Connection to proxy localRank 1 -> connection 0x7f3608003ce0
n232-194-226:234274:234350 [1] NCCL INFO Received and initiated operation=Init res=0
n232-194-226:234274:234350 [1] NCCL INFO transport/p2p.cc:204 Cuda Alloc Size 10485760 pointer 0x7f35ed400000
n232-194-226:234274:234350 [1] NCCL INFO Allocated shareable buffer 0x7f35ed400000 size 10485760 ipcDesc 0x7f360800c520
n232-194-226:234274:234350 [1] NCCL INFO proxyProgressAsync opId=0x7f3612bbbce0 op.type=3 op.reqBuff=0x7f3608022800 op.respSize=80 done
n232-194-226:234274:234301 [1] NCCL INFO ncclPollProxyResponse Received new opId=0x7f3612bbbce0
n232-194-226:234277:234349 [4] NCCL INFO proxyProgressAsync opId=0x7feb0f582638 op.type=4 op.reqBuff=0x7feb04042620 op.respSize=21040 done
n232-194-226:234274:234350 [1] NCCL INFO Received and initiated operation=Setup res=0
n232-194-226:234274:234301 [1] NCCL INFO recvOpId=0x7f3612bbbce0 matches expected opId=0x7f3612bbbce0
n232-194-226:234277:234300 [4] NCCL INFO ncclPollProxyResponse Received new opId=0x7feb0f582638
n232-194-226:234274:234350 [1] NCCL INFO New proxy recv connection 38 from local rank 1, transport 0
n232-194-226:234274:234350 [1] NCCL INFO proxyProgressAsync opId=0x7f3612bbbce0 op.type=1 op.reqBuff=0x7f3608022800 op.respSize=16 done
n232-194-226:234277:234349 [4] NCCL INFO transport/net_ib.cc:752 Ib Alloc Size 552 pointer 0x7feb040ec000
n232-194-226:234274:234301 [1] NCCL INFO ncclPollProxyResponse Received new opId=0x7f3612bbbce0
n232-194-226:234274:234350 [1] NCCL INFO Received and initiated operation=Init res=0
n232-194-226:234274:234301 [1] NCCL INFO recvOpId=0x7f3612bbbce0 matches expected opId=0x7f3612bbbce0
n232-194-226:234274:234301 [1] NCCL INFO Connection to proxy localRank 1 -> connection 0x7f3608003d30
n232-194-226:234277:234300 [4] NCCL INFO Queuing opId=0x7feb0f582638 respBuff=0x7feb0f5f7e30 respSize=21040
n232-194-226:234277:234300 [4] NCCL INFO ncclPollProxyResponse Dequeued cached opId=0x7feb0f582638
n232-194-226:234277:234300 [4] NCCL INFO recvConnect ncclPollProxyResponse opId=0x7feb0f582638
n232-194-226:234274:234350 [1] NCCL INFO transport/p2p.cc:204 Cuda Alloc Size 10485760 pointer 0x7f35ea000000
n232-194-226:234274:234350 [1] NCCL INFO Allocated shareable buffer 0x7f35ea000000 size 10485760 ipcDesc 0x7f360800c520
n232-194-226:234275:234347 [2] NCCL INFO transport/net_ib.cc:830 Ib Alloc Size 552 pointer 0x7f5198161000
n232-194-226:234274:234350 [1] NCCL INFO proxyProgressAsync opId=0x7f3612bbbce0 op.type=3 op.reqBuff=0x7f3608024430 op.respSize=80 done
n232-194-226:234274:234301 [1] NCCL INFO ncclPollProxyResponse Received new opId=0x7f3612bbbce0
n232-194-226:234274:234301 [1] NCCL INFO recvOpId=0x7f3612bbbce0 matches expected opId=0x7f3612bbbce0
n232-194-226:234274:234350 [1] NCCL INFO Received and initiated operation=Setup res=0
n232-194-226:234274:234350 [1] NCCL INFO New proxy recv connection 39 from local rank 1, transport 0
n232-194-226:234274:234350 [1] NCCL INFO proxyProgressAsync opId=0x7f3612bbbce0 op.type=1 op.reqBuff=0x7f3608024430 op.respSize=16 done
n232-194-226:234274:234301 [1] NCCL INFO ncclPollProxyResponse Received new opId=0x7f3612bbbce0
n232-194-226:234274:234350 [1] NCCL INFO Received and initiated operation=Init res=0
n232-194-226:234274:234301 [1] NCCL INFO recvOpId=0x7f3612bbbce0 matches expected opId=0x7f3612bbbce0
n232-194-226:234274:234301 [1] NCCL INFO Connection to proxy localRank 1 -> connection 0x7f3608003d80
n232-194-226:234274:234350 [1] NCCL INFO transport/p2p.cc:204 Cuda Alloc Size 10485760 pointer 0x7f35eaa00000
n232-194-226:234274:234350 [1] NCCL INFO Allocated shareable buffer 0x7f35eaa00000 size 10485760 ipcDesc 0x7f360800c520
n232-194-226:234274:234350 [1] NCCL INFO proxyProgressAsync opId=0x7f3612bbbce0 op.type=3 op.reqBuff=0x7f3608024470 op.respSize=80 done
n232-194-226:234274:234301 [1] NCCL INFO ncclPollProxyResponse Received new opId=0x7f3612bbbce0
n232-194-226:234274:234301 [1] NCCL INFO recvOpId=0x7f3612bbbce0 matches expected opId=0x7f3612bbbce0
n232-194-226:234274:234350 [1] NCCL INFO Received and initiated operation=Setup res=0
n232-194-226:234274:234350 [1] NCCL INFO New proxy recv connection 40 from local rank 1, transport 0
n232-194-226:234274:234350 [1] NCCL INFO proxyProgressAsync opId=0x7f3612bbbce0 op.type=1 op.reqBuff=0x7f3608024470 op.respSize=16 done
n232-194-226:234274:234301 [1] NCCL INFO ncclPollProxyResponse Received new opId=0x7f3612bbbce0
n232-194-226:234274:234301 [1] NCCL INFO recvOpId=0x7f3612bbbce0 matches expected opId=0x7f3612bbbce0
n232-194-226:234274:234301 [1] NCCL INFO Connection to proxy localRank 1 -> connection 0x7f3608003dd0
n232-194-226:234274:234350 [1] NCCL INFO Received and initiated operation=Init res=0
n232-194-226:234275:234347 [2] NCCL INFO transport/p2p.cc:204 Cuda Alloc Size 10485760 pointer 0x7f517a000000
n232-194-226:234278:234348 [5] NCCL INFO proxyProgressAsync opId=0x7feb0f5a3c38 op.type=4 op.reqBuff=0x7f2c5c098bb0 op.respSize=21040 done
n232-194-226:234275:234347 [2] NCCL INFO Allocated shareable buffer 0x7f517a000000 size 10485760 ipcDesc 0x7f5198029dcc
n232-194-226:234277:234300 [4] NCCL INFO ncclPollProxyResponse Received new opId=0x7feb0f5a3c38
n232-194-226:234276:234346 [3] NCCL INFO transport/net_ib.cc:830 Ib Alloc Size 552 pointer 0x7fac5c0c2000
n232-194-226:234275:234347 [2] NCCL INFO Allocated 532484 bytes of shared memory in /dev/shm/nccl-xl5M8n
n232-194-226:234274:234350 [1] NCCL INFO transport/p2p.cc:204 Cuda Alloc Size 10485760 pointer 0x7f35eb400000
n232-194-226:234277:234300 [4] NCCL INFO recvOpId=0x7feb0f5a3c38 matches expected opId=0x7feb0f5a3c38
n232-194-226:234276:234346 [3] NCCL INFO transport/net_ib.cc:752 Ib Alloc Size 552 pointer 0x7fac5c079000
n232-194-226:234274:234350 [1] NCCL INFO Allocated shareable buffer 0x7f35eb400000 size 10485760 ipcDesc 0x7f360800c520
n232-194-226:234277:234300 [4] NCCL INFO sendConnect ncclPollProxyResponse opId=0x7feb0f5a3c38
n232-194-226:234274:234350 [1] NCCL INFO proxyProgressAsync opId=0x7f3612bbbce0 op.type=3 op.reqBuff=0x7f36080260a0 op.respSize=80 done
n232-194-226:234274:234301 [1] NCCL INFO ncclPollProxyResponse Received new opId=0x7f3612bbbce0
n232-194-226:234274:234350 [1] NCCL INFO Received and initiated operation=Setup res=0
n232-194-226:234274:234301 [1] NCCL INFO recvOpId=0x7f3612bbbce0 matches expected opId=0x7f3612bbbce0
n232-194-226:234274:234350 [1] NCCL INFO New proxy recv connection 41 from local rank 1, transport 0
n232-194-226:234274:234350 [1] NCCL INFO proxyProgressAsync opId=0x7f3612bbbce0 op.type=1 op.reqBuff=0x7f36080260a0 op.respSize=16 done
n232-194-226:234274:234301 [1] NCCL INFO ncclPollProxyResponse Received new opId=0x7f3612bbbce0
n232-194-226:234274:234301 [1] NCCL INFO recvOpId=0x7f3612bbbce0 matches expected opId=0x7f3612bbbce0
n232-194-226:234274:234301 [1] NCCL INFO Connection to proxy localRank 1 -> connection 0x7f3608003e20
n232-194-226:234274:234350 [1] NCCL INFO Received and initiated operation=Init res=0
n232-194-226:234278:234348 [5] NCCL INFO transport/net.cc:773 Cuda Alloc Size 9633792 pointer 0x7f2c3c000000
n232-194-226:234278:234348 [5] NCCL INFO transport/net.cc:778 Cuda Host Alloc Size 8192 pointer 0x7f2c9ea04200
n232-194-226:234274:234350 [1] NCCL INFO transport/p2p.cc:204 Cuda Alloc Size 10485760 pointer 0x7f35e8000000
n232-194-226:234274:234350 [1] NCCL INFO Allocated shareable buffer 0x7f35e8000000 size 10485760 ipcDesc 0x7f360800c520
n232-194-226:234274:234350 [1] NCCL INFO proxyProgressAsync opId=0x7f3612bbbce0 op.type=3 op.reqBuff=0x7f36080260e0 op.respSize=80 done
n232-194-226:234274:234301 [1] NCCL INFO ncclPollProxyResponse Received new opId=0x7f3612bbbce0
n232-194-226:234274:234350 [1] NCCL INFO Received and initiated operation=Setup res=0
n232-194-226:234274:234301 [1] NCCL INFO recvOpId=0x7f3612bbbce0 matches expected opId=0x7f3612bbbce0
n232-194-226:234274:234350 [1] NCCL INFO New proxy recv connection 42 from local rank 1, transport 0
n232-194-226:234274:234350 [1] NCCL INFO proxyProgressAsync opId=0x7f3612bbbce0 op.type=1 op.reqBuff=0x7f36080260e0 op.respSize=16 done
n232-194-226:234274:234301 [1] NCCL INFO ncclPollProxyResponse Received new opId=0x7f3612bbbce0
n232-194-226:234274:234301 [1] NCCL INFO recvOpId=0x7f3612bbbce0 matches expected opId=0x7f3612bbbce0
n232-194-226:234274:234301 [1] NCCL INFO Connection to proxy localRank 1 -> connection 0x7f3608003e70
n232-194-226:234274:234350 [1] NCCL INFO Received and initiated operation=Init res=0
n232-194-226:234277:234349 [4] NCCL INFO transport/net_ib.cc:830 Ib Alloc Size 552 pointer 0x7feb040ee000
n232-194-226:234277:234349 [4] NCCL INFO transport/net_ib.cc:752 Ib Alloc Size 552 pointer 0x7feb040ce000
n232-194-226:234277:234300 [4] NCCL INFO Imported shareable buffer device 4 size 10485760 ptr 0x7feae6a00000
n232-194-226:234276:234346 [3] NCCL INFO transport/net_ib.cc:830 Ib Alloc Size 552 pointer 0x7fac5c13e000
n232-194-226:234276:234346 [3] NCCL INFO transport/net_ib.cc:752 Ib Alloc Size 552 pointer 0x7fac5c140000
n232-194-226:234274:234350 [1] NCCL INFO transport/p2p.cc:204 Cuda Alloc Size 10485760 pointer 0x7f35e8a00000
n232-194-226:234274:234350 [1] NCCL INFO Allocated shareable buffer 0x7f35e8a00000 size 10485760 ipcDesc 0x7f360800c520
n232-194-226:234274:234350 [1] NCCL INFO proxyProgressAsync opId=0x7f3612bbbce0 op.type=3 op.reqBuff=0x7f3608027960 op.respSize=80 done
n232-194-226:234274:234301 [1] NCCL INFO ncclPollProxyResponse Received new opId=0x7f3612bbbce0
n232-194-226:234274:234350 [1] NCCL INFO Received and initiated operation=Setup res=0
n232-194-226:234274:234301 [1] NCCL INFO recvOpId=0x7f3612bbbce0 matches expected opId=0x7f3612bbbce0
n232-194-226:234274:234350 [1] NCCL INFO New proxy recv connection 43 from local rank 1, transport 0
n232-194-226:234274:234350 [1] NCCL INFO proxyProgressAsync opId=0x7f3612bbbce0 op.type=1 op.reqBuff=0x7f3608027960 op.respSize=16 done
n232-194-226:234274:234301 [1] NCCL INFO ncclPollProxyResponse Received new opId=0x7f3612bbbce0
n232-194-226:234274:234350 [1] NCCL INFO Received and initiated operation=Init res=0
n232-194-226:234274:234301 [1] NCCL INFO recvOpId=0x7f3612bbbce0 matches expected opId=0x7f3612bbbce0
n232-194-226:234274:234301 [1] NCCL INFO Connection to proxy localRank 1 -> connection 0x7f3608003ec0
n232-194-226:234274:234350 [1] NCCL INFO transport/p2p.cc:204 Cuda Alloc Size 10485760 pointer 0x7f35e9400000
n232-194-226:234274:234350 [1] NCCL INFO Allocated shareable buffer 0x7f35e9400000 size 10485760 ipcDesc 0x7f360800c520
n232-194-226:234274:234350 [1] NCCL INFO proxyProgressAsync opId=0x7f3612bbbce0 op.type=3 op.reqBuff=0x7f36080279a0 op.respSize=80 done
n232-194-226:234274:234301 [1] NCCL INFO ncclPollProxyResponse Received new opId=0x7f3612bbbce0
n232-194-226:234274:234301 [1] NCCL INFO recvOpId=0x7f3612bbbce0 matches expected opId=0x7f3612bbbce0
n232-194-226:234274:234350 [1] NCCL INFO Received and initiated operation=Setup res=0
n232-194-226:234274:234350 [1] NCCL INFO New proxy recv connection 44 from local rank 1, transport 0
n232-194-226:234274:234350 [1] NCCL INFO proxyProgressAsync opId=0x7f3612bbbce0 op.type=1 op.reqBuff=0x7f36080279a0 op.respSize=16 done
n232-194-226:234274:234301 [1] NCCL INFO ncclPollProxyResponse Received new opId=0x7f3612bbbce0
n232-194-226:234274:234350 [1] NCCL INFO Received and initiated operation=Init res=0
n232-194-226:234274:234301 [1] NCCL INFO recvOpId=0x7f3612bbbce0 matches expected opId=0x7f3612bbbce0
n232-194-226:234274:234301 [1] NCCL INFO Connection to proxy localRank 1 -> connection 0x7f3608003f10
n232-194-226:234274:234350 [1] NCCL INFO transport/p2p.cc:204 Cuda Alloc Size 10485760 pointer 0x7f35e6000000
n232-194-226:234274:234350 [1] NCCL INFO Allocated shareable buffer 0x7f35e6000000 size 10485760 ipcDesc 0x7f360800c520
n232-194-226:234274:234350 [1] NCCL INFO proxyProgressAsync opId=0x7f3612bbbce0 op.type=3 op.reqBuff=0x7f36080295d0 op.respSize=80 done
n232-194-226:234274:234301 [1] NCCL INFO ncclPollProxyResponse Received new opId=0x7f3612bbbce0
n232-194-226:234274:234350 [1] NCCL INFO Received and initiated operation=Setup res=0
n232-194-226:234274:234301 [1] NCCL INFO recvOpId=0x7f3612bbbce0 matches expected opId=0x7f3612bbbce0
n232-194-226:234274:234350 [1] NCCL INFO New proxy recv connection 45 from local rank 1, transport 0
n232-194-226:234274:234350 [1] NCCL INFO proxyProgressAsync opId=0x7f3612bbbce0 op.type=1 op.reqBuff=0x7f36080295d0 op.respSize=16 done
n232-194-226:234274:234301 [1] NCCL INFO ncclPollProxyResponse Received new opId=0x7f3612bbbce0
n232-194-226:234274:234301 [1] NCCL INFO recvOpId=0x7f3612bbbce0 matches expected opId=0x7f3612bbbce0
n232-194-226:234274:234350 [1] NCCL INFO Received and initiated operation=Init res=0
n232-194-226:234274:234301 [1] NCCL INFO Connection to proxy localRank 1 -> connection 0x7f3608003f60
n232-194-226:234275:234347 [2] NCCL INFO proxyProgressAsync opId=0x7f2b1f59b7a0 op.type=4 op.reqBuff=0x7f5198063e90 op.respSize=21040 done
n232-194-226:234273:234298 [0] NCCL INFO ncclPollProxyResponse Received new opId=0x7f2b1f59b7a0
n232-194-226:234273:234298 [0] NCCL INFO recvOpId=0x7f2b1f59b7a0 matches expected opId=0x7f2b1f59b7a0
n232-194-226:234273:234298 [0] NCCL INFO sendConnect ncclPollProxyResponse opId=0x7f2b1f59b7a0
n232-194-226:234274:234350 [1] NCCL INFO transport/p2p.cc:204 Cuda Alloc Size 10485760 pointer 0x7f35e6a00000
n232-194-226:234274:234350 [1] NCCL INFO Allocated shareable buffer 0x7f35e6a00000 size 10485760 ipcDesc 0x7f360800c520
n232-194-226:234274:234350 [1] NCCL INFO proxyProgressAsync opId=0x7f3612bbbce0 op.type=3 op.reqBuff=0x7f3608029610 op.respSize=80 done
n232-194-226:234274:234301 [1] NCCL INFO ncclPollProxyResponse Received new opId=0x7f3612bbbce0
n232-194-226:234274:234301 [1] NCCL INFO recvOpId=0x7f3612bbbce0 matches expected opId=0x7f3612bbbce0
n232-194-226:234274:234350 [1] NCCL INFO Received and initiated operation=Setup res=0
n232-194-226:234274:234350 [1] NCCL INFO New proxy recv connection 46 from local rank 1, transport 0
