n232-194-226:234005:234022 [0] NCCL INFO ncclPollProxyResponse Received new opId=0x7fbdd6bbc3a0
n232-194-226:234005:234022 [0] NCCL INFO recvOpId=0x7fbdd6bbc3a0 matches expected opId=0x7fbdd6bbc3a0
n232-194-226:234005:234055 [0] NCCL INFO Received and initiated operation=Setup res=0
n232-194-226:234005:234022 [0] NCCL INFO Channel 04/0 : 0[0] -> 1[1] via P2P/IPC
n232-194-226:234008:234054 [3] NCCL INFO New proxy recv connection 1 from local rank 3, transport 0
n232-194-226:234008:234054 [3] NCCL INFO proxyProgressAsync opId=0x7f1466bbc540 op.type=1 op.reqBuff=0x7f145c009720 op.respSize=16 done
n232-194-226:234008:234023 [3] NCCL INFO ncclPollProxyResponse Received new opId=0x7f1466bbc540
n232-194-226:234008:234054 [3] NCCL INFO Received and initiated operation=Init res=0
n232-194-226:234008:234023 [3] NCCL INFO recvOpId=0x7f1466bbc540 matches expected opId=0x7f1466bbc540
n232-194-226:234008:234023 [3] NCCL INFO Connection to proxy localRank 3 -> connection 0x7f145c0031a0
n232-194-226:234005:234055 [0] NCCL INFO New proxy send connection 1 from local rank 0, transport 0
n232-194-226:234005:234055 [0] NCCL INFO proxyProgressAsync opId=0x7fbdd6bbc3a0 op.type=1 op.reqBuff=0x7fbdf0009720 op.respSize=16 done
n232-194-226:234005:234022 [0] NCCL INFO ncclPollProxyResponse Received new opId=0x7fbdd6bbc3a0
n232-194-226:234005:234022 [0] NCCL INFO recvOpId=0x7fbdd6bbc3a0 matches expected opId=0x7fbdd6bbc3a0
n232-194-226:234005:234055 [0] NCCL INFO Received and initiated operation=Init res=0
n232-194-226:234005:234022 [0] NCCL INFO Connection to proxy localRank 0 -> connection 0x7fbdf00031a0
n232-194-226:234007:234056 [2] NCCL INFO transport/p2p.cc:204 Cuda Alloc Size 10485760 pointer 0x7f0af2600000
n232-194-226:234006:234057 [1] NCCL INFO transport/p2p.cc:204 Cuda Alloc Size 10485760 pointer 0x7f6212600000
n232-194-226:234007:234056 [2] NCCL INFO Allocated shareable buffer 0x7f0af2600000 size 10485760 ipcDesc 0x7f0aec0059d0
n232-194-226:234007:234056 [2] NCCL INFO proxyProgressAsync opId=0x7f0af6bbc540 op.type=3 op.reqBuff=0x7f0aec0059a0 op.respSize=80 done
n232-194-226:234007:234025 [2] NCCL INFO ncclPollProxyResponse Received new opId=0x7f0af6bbc540
n232-194-226:234007:234025 [2] NCCL INFO recvOpId=0x7f0af6bbc540 matches expected opId=0x7f0af6bbc540
n232-194-226:234007:234056 [2] NCCL INFO Received and initiated operation=Setup res=0
n232-194-226:234007:234056 [2] NCCL INFO New proxy recv connection 1 from local rank 2, transport 0
n232-194-226:234007:234056 [2] NCCL INFO proxyProgressAsync opId=0x7f0af6bbc540 op.type=1 op.reqBuff=0x7f0aec009720 op.respSize=16 done
n232-194-226:234007:234025 [2] NCCL INFO ncclPollProxyResponse Received new opId=0x7f0af6bbc540
n232-194-226:234007:234025 [2] NCCL INFO recvOpId=0x7f0af6bbc540 matches expected opId=0x7f0af6bbc540
n232-194-226:234007:234056 [2] NCCL INFO Received and initiated operation=Init res=0
n232-194-226:234007:234025 [2] NCCL INFO Connection to proxy localRank 2 -> connection 0x7f0aec0031a0
n232-194-226:234008:234054 [3] NCCL INFO transport/p2p.cc:204 Cuda Alloc Size 10485760 pointer 0x7f1463000000
n232-194-226:234008:234054 [3] NCCL INFO Allocated shareable buffer 0x7f1463000000 size 10485760 ipcDesc 0x7f145c0097d0
n232-194-226:234008:234054 [3] NCCL INFO proxyProgressAsync opId=0x7f1466bbc540 op.type=3 op.reqBuff=0x7f145c0097a0 op.respSize=80 done
n232-194-226:234006:234057 [1] NCCL INFO Allocated shareable buffer 0x7f6212600000 size 10485760 ipcDesc 0x7f620c0059d0
n232-194-226:234008:234023 [3] NCCL INFO ncclPollProxyResponse Received new opId=0x7f1466bbc540
n232-194-226:234006:234057 [1] NCCL INFO proxyProgressAsync opId=0x7f6216bbc360 op.type=3 op.reqBuff=0x7f620c0059a0 op.respSize=80 done
n232-194-226:234008:234023 [3] NCCL INFO recvOpId=0x7f1466bbc540 matches expected opId=0x7f1466bbc540
n232-194-226:234008:234054 [3] NCCL INFO Received and initiated operation=Setup res=0
n232-194-226:234006:234024 [1] NCCL INFO ncclPollProxyResponse Received new opId=0x7f6216bbc360
n232-194-226:234006:234024 [1] NCCL INFO recvOpId=0x7f6216bbc360 matches expected opId=0x7f6216bbc360
n232-194-226:234006:234057 [1] NCCL INFO Received and initiated operation=Setup res=0
n232-194-226:234008:234054 [3] NCCL INFO New proxy recv connection 2 from local rank 3, transport 0
n232-194-226:234008:234054 [3] NCCL INFO proxyProgressAsync opId=0x7f1466bbc540 op.type=1 op.reqBuff=0x7f145c00a530 op.respSize=16 done
n232-194-226:234005:234055 [0] NCCL INFO transport/p2p.cc:204 Cuda Alloc Size 2097152 pointer 0x7fbdd0800000
n232-194-226:234008:234023 [3] NCCL INFO ncclPollProxyResponse Received new opId=0x7f1466bbc540
n232-194-226:234008:234023 [3] NCCL INFO recvOpId=0x7f1466bbc540 matches expected opId=0x7f1466bbc540
n232-194-226:234008:234054 [3] NCCL INFO Received and initiated operation=Init res=0
n232-194-226:234006:234057 [1] NCCL INFO New proxy recv connection 1 from local rank 1, transport 0
n232-194-226:234008:234023 [3] NCCL INFO Connection to proxy localRank 3 -> connection 0x7f145c0031f0
n232-194-226:234006:234057 [1] NCCL INFO proxyProgressAsync opId=0x7f6216bbc360 op.type=1 op.reqBuff=0x7f620c009720 op.respSize=16 done
n232-194-226:234006:234024 [1] NCCL INFO ncclPollProxyResponse Received new opId=0x7f6216bbc360
n232-194-226:234006:234024 [1] NCCL INFO recvOpId=0x7f6216bbc360 matches expected opId=0x7f6216bbc360
n232-194-226:234006:234057 [1] NCCL INFO Received and initiated operation=Init res=0
n232-194-226:234006:234024 [1] NCCL INFO Connection to proxy localRank 1 -> connection 0x7f620c0031a0
n232-194-226:234007:234056 [2] NCCL INFO transport/p2p.cc:204 Cuda Alloc Size 10485760 pointer 0x7f0af3000000
n232-194-226:234005:234055 [0] NCCL INFO Allocated shareable buffer 0x7fbdd0800000 size 2097152 ipcDesc 0x7fbdf00097d0
n232-194-226:234005:234055 [0] NCCL INFO proxyProgressAsync opId=0x7fbdd6bbc3a0 op.type=3 op.reqBuff=0x7fbdf00097a0 op.respSize=80 done
n232-194-226:234005:234022 [0] NCCL INFO ncclPollProxyResponse Received new opId=0x7fbdd6bbc3a0
n232-194-226:234005:234022 [0] NCCL INFO recvOpId=0x7fbdd6bbc3a0 matches expected opId=0x7fbdd6bbc3a0
n232-194-226:234005:234055 [0] NCCL INFO Received and initiated operation=Setup res=0
n232-194-226:234005:234022 [0] NCCL INFO Channel 07/0 : 0[0] -> 1[1] via P2P/IPC
n232-194-226:234005:234055 [0] NCCL INFO New proxy send connection 2 from local rank 0, transport 0
n232-194-226:234005:234055 [0] NCCL INFO proxyProgressAsync opId=0x7fbdd6bbc3a0 op.type=1 op.reqBuff=0x7fbdf000a530 op.respSize=16 done
n232-194-226:234005:234022 [0] NCCL INFO ncclPollProxyResponse Received new opId=0x7fbdd6bbc3a0
n232-194-226:234005:234022 [0] NCCL INFO recvOpId=0x7fbdd6bbc3a0 matches expected opId=0x7fbdd6bbc3a0
n232-194-226:234005:234055 [0] NCCL INFO Received and initiated operation=Init res=0
n232-194-226:234005:234022 [0] NCCL INFO Connection to proxy localRank 0 -> connection 0x7fbdf00031f0
n232-194-226:234007:234056 [2] NCCL INFO Allocated shareable buffer 0x7f0af3000000 size 10485760 ipcDesc 0x7f0aec0097d0
n232-194-226:234007:234056 [2] NCCL INFO proxyProgressAsync opId=0x7f0af6bbc540 op.type=3 op.reqBuff=0x7f0aec0097a0 op.respSize=80 done
n232-194-226:234006:234057 [1] NCCL INFO transport/p2p.cc:204 Cuda Alloc Size 10485760 pointer 0x7f6213000000
n232-194-226:234007:234025 [2] NCCL INFO ncclPollProxyResponse Received new opId=0x7f0af6bbc540
n232-194-226:234007:234025 [2] NCCL INFO recvOpId=0x7f0af6bbc540 matches expected opId=0x7f0af6bbc540
n232-194-226:234007:234056 [2] NCCL INFO Received and initiated operation=Setup res=0
n232-194-226:234007:234056 [2] NCCL INFO New proxy recv connection 2 from local rank 2, transport 0
n232-194-226:234007:234056 [2] NCCL INFO proxyProgressAsync opId=0x7f0af6bbc540 op.type=1 op.reqBuff=0x7f0aec00a530 op.respSize=16 done
n232-194-226:234007:234025 [2] NCCL INFO ncclPollProxyResponse Received new opId=0x7f0af6bbc540
n232-194-226:234007:234025 [2] NCCL INFO recvOpId=0x7f0af6bbc540 matches expected opId=0x7f0af6bbc540
n232-194-226:234007:234056 [2] NCCL INFO Received and initiated operation=Init res=0
n232-194-226:234007:234025 [2] NCCL INFO Connection to proxy localRank 2 -> connection 0x7f0aec0031f0
n232-194-226:234008:234054 [3] NCCL INFO transport/p2p.cc:204 Cuda Alloc Size 10485760 pointer 0x7f145a000000
n232-194-226:234006:234057 [1] NCCL INFO Allocated shareable buffer 0x7f6213000000 size 10485760 ipcDesc 0x7f620c0097d0
n232-194-226:234006:234057 [1] NCCL INFO proxyProgressAsync opId=0x7f6216bbc360 op.type=3 op.reqBuff=0x7f620c0097a0 op.respSize=80 done
n232-194-226:234006:234024 [1] NCCL INFO ncclPollProxyResponse Received new opId=0x7f6216bbc360
n232-194-226:234006:234057 [1] NCCL INFO Received and initiated operation=Setup res=0
n232-194-226:234006:234024 [1] NCCL INFO recvOpId=0x7f6216bbc360 matches expected opId=0x7f6216bbc360
n232-194-226:234006:234057 [1] NCCL INFO New proxy recv connection 2 from local rank 1, transport 0
n232-194-226:234006:234057 [1] NCCL INFO proxyProgressAsync opId=0x7f6216bbc360 op.type=1 op.reqBuff=0x7f620c00a530 op.respSize=16 done
n232-194-226:234006:234024 [1] NCCL INFO ncclPollProxyResponse Received new opId=0x7f6216bbc360
n232-194-226:234006:234057 [1] NCCL INFO Received and initiated operation=Init res=0
n232-194-226:234006:234024 [1] NCCL INFO recvOpId=0x7f6216bbc360 matches expected opId=0x7f6216bbc360
n232-194-226:234006:234024 [1] NCCL INFO Connection to proxy localRank 1 -> connection 0x7f620c0031f0
n232-194-226:234005:234055 [0] NCCL INFO transport/p2p.cc:204 Cuda Alloc Size 2097152 pointer 0x7fbdd0a00000
n232-194-226:234008:234054 [3] NCCL INFO Allocated shareable buffer 0x7f145a000000 size 10485760 ipcDesc 0x7f145c00a5c0
n232-194-226:234008:234054 [3] NCCL INFO proxyProgressAsync opId=0x7f1466bbc540 op.type=3 op.reqBuff=0x7f145c00a550 op.respSize=80 done
n232-194-226:234008:234023 [3] NCCL INFO ncclPollProxyResponse Received new opId=0x7f1466bbc540
n232-194-226:234008:234054 [3] NCCL INFO Received and initiated operation=Setup res=0
n232-194-226:234008:234023 [3] NCCL INFO recvOpId=0x7f1466bbc540 matches expected opId=0x7f1466bbc540
n232-194-226:234008:234054 [3] NCCL INFO New proxy recv connection 3 from local rank 3, transport 0
n232-194-226:234005:234055 [0] NCCL INFO Allocated shareable buffer 0x7fbdd0a00000 size 2097152 ipcDesc 0x7fbdf000a5c0
n232-194-226:234008:234054 [3] NCCL INFO proxyProgressAsync opId=0x7f1466bbc540 op.type=1 op.reqBuff=0x7f145c00a550 op.respSize=16 done
n232-194-226:234005:234055 [0] NCCL INFO proxyProgressAsync opId=0x7fbdd6bbc3a0 op.type=3 op.reqBuff=0x7fbdf000a550 op.respSize=80 done
n232-194-226:234008:234023 [3] NCCL INFO ncclPollProxyResponse Received new opId=0x7f1466bbc540
n232-194-226:234008:234023 [3] NCCL INFO recvOpId=0x7f1466bbc540 matches expected opId=0x7f1466bbc540
n232-194-226:234005:234022 [0] NCCL INFO ncclPollProxyResponse Received new opId=0x7fbdd6bbc3a0
n232-194-226:234008:234023 [3] NCCL INFO Connection to proxy localRank 3 -> connection 0x7f145c003240
n232-194-226:234008:234054 [3] NCCL INFO Received and initiated operation=Init res=0
n232-194-226:234005:234022 [0] NCCL INFO recvOpId=0x7fbdd6bbc3a0 matches expected opId=0x7fbdd6bbc3a0
n232-194-226:234005:234055 [0] NCCL INFO Received and initiated operation=Setup res=0
n232-194-226:234005:234022 [0] NCCL INFO Channel 10/0 : 0[0] -> 1[1] via P2P/IPC
n232-194-226:234005:234055 [0] NCCL INFO New proxy send connection 3 from local rank 0, transport 0
n232-194-226:234005:234055 [0] NCCL INFO proxyProgressAsync opId=0x7fbdd6bbc3a0 op.type=1 op.reqBuff=0x7fbdf000a550 op.respSize=16 done
n232-194-226:234005:234022 [0] NCCL INFO ncclPollProxyResponse Received new opId=0x7fbdd6bbc3a0
n232-194-226:234005:234055 [0] NCCL INFO Received and initiated operation=Init res=0
n232-194-226:234005:234022 [0] NCCL INFO recvOpId=0x7fbdd6bbc3a0 matches expected opId=0x7fbdd6bbc3a0
n232-194-226:234005:234022 [0] NCCL INFO Connection to proxy localRank 0 -> connection 0x7fbdf0003240
n232-194-226:234007:234056 [2] NCCL INFO transport/p2p.cc:204 Cuda Alloc Size 10485760 pointer 0x7f0aea000000
n232-194-226:234006:234057 [1] NCCL INFO transport/p2p.cc:204 Cuda Alloc Size 10485760 pointer 0x7f620a000000
n232-194-226:234007:234056 [2] NCCL INFO Allocated shareable buffer 0x7f0aea000000 size 10485760 ipcDesc 0x7f0aec00a5c0
n232-194-226:234007:234056 [2] NCCL INFO proxyProgressAsync opId=0x7f0af6bbc540 op.type=3 op.reqBuff=0x7f0aec00a550 op.respSize=80 done
n232-194-226:234007:234025 [2] NCCL INFO ncclPollProxyResponse Received new opId=0x7f0af6bbc540
n232-194-226:234007:234056 [2] NCCL INFO Received and initiated operation=Setup res=0
n232-194-226:234007:234025 [2] NCCL INFO recvOpId=0x7f0af6bbc540 matches expected opId=0x7f0af6bbc540
n232-194-226:234007:234056 [2] NCCL INFO New proxy recv connection 3 from local rank 2, transport 0
n232-194-226:234007:234056 [2] NCCL INFO proxyProgressAsync opId=0x7f0af6bbc540 op.type=1 op.reqBuff=0x7f0aec00a550 op.respSize=16 done
n232-194-226:234007:234025 [2] NCCL INFO ncclPollProxyResponse Received new opId=0x7f0af6bbc540
n232-194-226:234007:234025 [2] NCCL INFO recvOpId=0x7f0af6bbc540 matches expected opId=0x7f0af6bbc540
n232-194-226:234007:234025 [2] NCCL INFO Connection to proxy localRank 2 -> connection 0x7f0aec003240
n232-194-226:234007:234056 [2] NCCL INFO Received and initiated operation=Init res=0
n232-194-226:234006:234057 [1] NCCL INFO Allocated shareable buffer 0x7f620a000000 size 10485760 ipcDesc 0x7f620c00a5c0
n232-194-226:234006:234057 [1] NCCL INFO proxyProgressAsync opId=0x7f6216bbc360 op.type=3 op.reqBuff=0x7f620c00a550 op.respSize=80 done
n232-194-226:234006:234024 [1] NCCL INFO ncclPollProxyResponse Received new opId=0x7f6216bbc360
n232-194-226:234006:234057 [1] NCCL INFO Received and initiated operation=Setup res=0
n232-194-226:234006:234024 [1] NCCL INFO recvOpId=0x7f6216bbc360 matches expected opId=0x7f6216bbc360
n232-194-226:234008:234054 [3] NCCL INFO transport/p2p.cc:204 Cuda Alloc Size 10485760 pointer 0x7f145aa00000
n232-194-226:234006:234057 [1] NCCL INFO New proxy recv connection 3 from local rank 1, transport 0
n232-194-226:234006:234057 [1] NCCL INFO proxyProgressAsync opId=0x7f6216bbc360 op.type=1 op.reqBuff=0x7f620c00a550 op.respSize=16 done
n232-194-226:234006:234024 [1] NCCL INFO ncclPollProxyResponse Received new opId=0x7f6216bbc360
n232-194-226:234005:234055 [0] NCCL INFO transport/p2p.cc:204 Cuda Alloc Size 2097152 pointer 0x7fbdd0c00000
n232-194-226:234006:234024 [1] NCCL INFO recvOpId=0x7f6216bbc360 matches expected opId=0x7f6216bbc360
n232-194-226:234006:234024 [1] NCCL INFO Connection to proxy localRank 1 -> connection 0x7f620c003240
n232-194-226:234006:234057 [1] NCCL INFO Received and initiated operation=Init res=0
n232-194-226:234008:234054 [3] NCCL INFO Allocated shareable buffer 0x7f145aa00000 size 10485760 ipcDesc 0x7f145c00b7e0
n232-194-226:234008:234054 [3] NCCL INFO proxyProgressAsync opId=0x7f1466bbc540 op.type=3 op.reqBuff=0x7f145c00b770 op.respSize=80 done
n232-194-226:234008:234023 [3] NCCL INFO ncclPollProxyResponse Received new opId=0x7f1466bbc540
n232-194-226:234008:234023 [3] NCCL INFO recvOpId=0x7f1466bbc540 matches expected opId=0x7f1466bbc540
n232-194-226:234008:234054 [3] NCCL INFO Received and initiated operation=Setup res=0
n232-194-226:234005:234055 [0] NCCL INFO Allocated shareable buffer 0x7fbdd0c00000 size 2097152 ipcDesc 0x7fbdf000b390
n232-194-226:234005:234055 [0] NCCL INFO proxyProgressAsync opId=0x7fbdd6bbc3a0 op.type=3 op.reqBuff=0x7fbdf000b320 op.respSize=80 done
n232-194-226:234005:234022 [0] NCCL INFO ncclPollProxyResponse Received new opId=0x7fbdd6bbc3a0
n232-194-226:234005:234022 [0] NCCL INFO recvOpId=0x7fbdd6bbc3a0 matches expected opId=0x7fbdd6bbc3a0
n232-194-226:234005:234055 [0] NCCL INFO Received and initiated operation=Setup res=0
n232-194-226:234007:234056 [2] NCCL INFO transport/p2p.cc:204 Cuda Alloc Size 10485760 pointer 0x7f0aeaa00000
n232-194-226:234007:234056 [2] NCCL INFO Allocated shareable buffer 0x7f0aeaa00000 size 10485760 ipcDesc 0x7f0aec00b7e0
n232-194-226:234007:234056 [2] NCCL INFO proxyProgressAsync opId=0x7f0af6bbc540 op.type=3 op.reqBuff=0x7f0aec00b770 op.respSize=80 done
n232-194-226:234007:234025 [2] NCCL INFO ncclPollProxyResponse Received new opId=0x7f0af6bbc540
n232-194-226:234007:234056 [2] NCCL INFO Received and initiated operation=Setup res=0
n232-194-226:234007:234025 [2] NCCL INFO recvOpId=0x7f0af6bbc540 matches expected opId=0x7f0af6bbc540
n232-194-226:234006:234057 [1] NCCL INFO transport/p2p.cc:204 Cuda Alloc Size 10485760 pointer 0x7f620aa00000
n232-194-226:234006:234057 [1] NCCL INFO Allocated shareable buffer 0x7f620aa00000 size 10485760 ipcDesc 0x7f620c00b7e0
n232-194-226:234006:234057 [1] NCCL INFO proxyProgressAsync opId=0x7f6216bbc360 op.type=3 op.reqBuff=0x7f620c00b770 op.respSize=80 done
n232-194-226:234006:234024 [1] NCCL INFO ncclPollProxyResponse Received new opId=0x7f6216bbc360
n232-194-226:234006:234057 [1] NCCL INFO Received and initiated operation=Setup res=0
n232-194-226:234006:234024 [1] NCCL INFO recvOpId=0x7f6216bbc360 matches expected opId=0x7f6216bbc360
n232-194-226:234005:234022 [0] NCCL INFO Channel 02/0 : 0[0] -> 2[2] via P2P/IPC
n232-194-226:234006:234024 [1] NCCL INFO Channel 02/0 : 1[1] -> 3[3] via P2P/IPC
n232-194-226:234005:234055 [0] NCCL INFO New proxy send connection 4 from local rank 0, transport 0
n232-194-226:234005:234055 [0] NCCL INFO proxyProgressAsync opId=0x7fbdd6bbc3a0 op.type=1 op.reqBuff=0x7fbdf000b320 op.respSize=16 done
n232-194-226:234005:234022 [0] NCCL INFO ncclPollProxyResponse Received new opId=0x7fbdd6bbc3a0
n232-194-226:234005:234022 [0] NCCL INFO recvOpId=0x7fbdd6bbc3a0 matches expected opId=0x7fbdd6bbc3a0
n232-194-226:234006:234057 [1] NCCL INFO New proxy send connection 4 from local rank 1, transport 0
n232-194-226:234006:234057 [1] NCCL INFO proxyProgressAsync opId=0x7f6216bbc360 op.type=1 op.reqBuff=0x7f620c00b770 op.respSize=16 done
n232-194-226:234005:234055 [0] NCCL INFO Received and initiated operation=Init res=0
n232-194-226:234006:234024 [1] NCCL INFO ncclPollProxyResponse Received new opId=0x7f6216bbc360
n232-194-226:234005:234022 [0] NCCL INFO Connection to proxy localRank 0 -> connection 0x7fbdf0003290
n232-194-226:234006:234057 [1] NCCL INFO Received and initiated operation=Init res=0
n232-194-226:234006:234024 [1] NCCL INFO recvOpId=0x7f6216bbc360 matches expected opId=0x7f6216bbc360
n232-194-226:234006:234024 [1] NCCL INFO Connection to proxy localRank 1 -> connection 0x7f620c003290
n232-194-226:234005:234055 [0] NCCL INFO transport/p2p.cc:204 Cuda Alloc Size 2097152 pointer 0x7fbdd0e00000
n232-194-226:234006:234057 [1] NCCL INFO transport/p2p.cc:204 Cuda Alloc Size 2097152 pointer 0x7f620b400000
n232-194-226:234005:234055 [0] NCCL INFO Allocated shareable buffer 0x7fbdd0e00000 size 2097152 ipcDesc 0x7fbdf000c140
n232-194-226:234005:234055 [0] NCCL INFO proxyProgressAsync opId=0x7fbdd6bbc3a0 op.type=3 op.reqBuff=0x7fbdf000c0d0 op.respSize=80 done
n232-194-226:234006:234057 [1] NCCL INFO Allocated shareable buffer 0x7f620b400000 size 2097152 ipcDesc 0x7f620c00c590
n232-194-226:234006:234057 [1] NCCL INFO proxyProgressAsync opId=0x7f6216bbc360 op.type=3 op.reqBuff=0x7f620c00c520 op.respSize=80 done
n232-194-226:234005:234022 [0] NCCL INFO ncclPollProxyResponse Received new opId=0x7fbdd6bbc3a0
n232-194-226:234006:234024 [1] NCCL INFO ncclPollProxyResponse Received new opId=0x7f6216bbc360
n232-194-226:234005:234022 [0] NCCL INFO recvOpId=0x7fbdd6bbc3a0 matches expected opId=0x7fbdd6bbc3a0
n232-194-226:234005:234055 [0] NCCL INFO Received and initiated operation=Setup res=0
n232-194-226:234006:234057 [1] NCCL INFO Received and initiated operation=Setup res=0
n232-194-226:234005:234022 [0] NCCL INFO Channel 05/0 : 0[0] -> 2[2] via P2P/IPC
n232-194-226:234006:234024 [1] NCCL INFO recvOpId=0x7f6216bbc360 matches expected opId=0x7f6216bbc360
n232-194-226:234006:234024 [1] NCCL INFO Channel 05/0 : 1[1] -> 3[3] via P2P/IPC
n232-194-226:234005:234055 [0] NCCL INFO New proxy send connection 5 from local rank 0, transport 0
n232-194-226:234005:234055 [0] NCCL INFO proxyProgressAsync opId=0x7fbdd6bbc3a0 op.type=1 op.reqBuff=0x7fbdf000c0d0 op.respSize=16 done
n232-194-226:234006:234057 [1] NCCL INFO New proxy send connection 5 from local rank 1, transport 0
n232-194-226:234006:234057 [1] NCCL INFO proxyProgressAsync opId=0x7f6216bbc360 op.type=1 op.reqBuff=0x7f620c00c520 op.respSize=16 done
n232-194-226:234005:234022 [0] NCCL INFO ncclPollProxyResponse Received new opId=0x7fbdd6bbc3a0
n232-194-226:234006:234024 [1] NCCL INFO ncclPollProxyResponse Received new opId=0x7f6216bbc360
n232-194-226:234005:234022 [0] NCCL INFO recvOpId=0x7fbdd6bbc3a0 matches expected opId=0x7fbdd6bbc3a0
n232-194-226:234005:234055 [0] NCCL INFO Received and initiated operation=Init res=0
n232-194-226:234005:234022 [0] NCCL INFO Connection to proxy localRank 0 -> connection 0x7fbdf00032e0
n232-194-226:234006:234057 [1] NCCL INFO Received and initiated operation=Init res=0
n232-194-226:234006:234024 [1] NCCL INFO recvOpId=0x7f6216bbc360 matches expected opId=0x7f6216bbc360
n232-194-226:234006:234024 [1] NCCL INFO Connection to proxy localRank 1 -> connection 0x7f620c0032e0
n232-194-226:234006:234057 [1] NCCL INFO transport/p2p.cc:204 Cuda Alloc Size 2097152 pointer 0x7f620b600000
n232-194-226:234006:234057 [1] NCCL INFO Allocated shareable buffer 0x7f620b600000 size 2097152 ipcDesc 0x7f620c00d340
n232-194-226:234006:234057 [1] NCCL INFO proxyProgressAsync opId=0x7f6216bbc360 op.type=3 op.reqBuff=0x7f620c00d2d0 op.respSize=80 done
n232-194-226:234006:234024 [1] NCCL INFO ncclPollProxyResponse Received new opId=0x7f6216bbc360
n232-194-226:234006:234057 [1] NCCL INFO Received and initiated operation=Setup res=0
n232-194-226:234006:234024 [1] NCCL INFO recvOpId=0x7f6216bbc360 matches expected opId=0x7f6216bbc360
n232-194-226:234006:234024 [1] NCCL INFO Channel 08/0 : 1[1] -> 3[3] via P2P/IPC
n232-194-226:234006:234057 [1] NCCL INFO New proxy send connection 6 from local rank 1, transport 0
n232-194-226:234006:234057 [1] NCCL INFO proxyProgressAsync opId=0x7f6216bbc360 op.type=1 op.reqBuff=0x7f620c00d2d0 op.respSize=16 done
n232-194-226:234005:234055 [0] NCCL INFO transport/p2p.cc:204 Cuda Alloc Size 2097152 pointer 0x7fbdd1000000
n232-194-226:234006:234024 [1] NCCL INFO ncclPollProxyResponse Received new opId=0x7f6216bbc360
n232-194-226:234006:234024 [1] NCCL INFO recvOpId=0x7f6216bbc360 matches expected opId=0x7f6216bbc360
n232-194-226:234006:234024 [1] NCCL INFO Connection to proxy localRank 1 -> connection 0x7f620c003330
n232-194-226:234006:234057 [1] NCCL INFO Received and initiated operation=Init res=0
n232-194-226:234005:234055 [0] NCCL INFO Allocated shareable buffer 0x7fbdd1000000 size 2097152 ipcDesc 0x7fbdf000cef0
n232-194-226:234005:234055 [0] NCCL INFO proxyProgressAsync opId=0x7fbdd6bbc3a0 op.type=3 op.reqBuff=0x7fbdf000ce80 op.respSize=80 done
n232-194-226:234005:234022 [0] NCCL INFO ncclPollProxyResponse Received new opId=0x7fbdd6bbc3a0
n232-194-226:234005:234022 [0] NCCL INFO recvOpId=0x7fbdd6bbc3a0 matches expected opId=0x7fbdd6bbc3a0
n232-194-226:234005:234055 [0] NCCL INFO Received and initiated operation=Setup res=0
n232-194-226:234005:234022 [0] NCCL INFO Channel 08/0 : 0[0] -> 2[2] via P2P/IPC
n232-194-226:234005:234055 [0] NCCL INFO New proxy send connection 6 from local rank 0, transport 0
n232-194-226:234005:234055 [0] NCCL INFO proxyProgressAsync opId=0x7fbdd6bbc3a0 op.type=1 op.reqBuff=0x7fbdf000ce80 op.respSize=16 done
n232-194-226:234005:234022 [0] NCCL INFO ncclPollProxyResponse Received new opId=0x7fbdd6bbc3a0
n232-194-226:234005:234022 [0] NCCL INFO recvOpId=0x7fbdd6bbc3a0 matches expected opId=0x7fbdd6bbc3a0
n232-194-226:234005:234022 [0] NCCL INFO Connection to proxy localRank 0 -> connection 0x7fbdf0003330
n232-194-226:234005:234055 [0] NCCL INFO Received and initiated operation=Init res=0
n232-194-226:234006:234057 [1] NCCL INFO transport/p2p.cc:204 Cuda Alloc Size 2097152 pointer 0x7f620b800000
n232-194-226:234006:234057 [1] NCCL INFO Allocated shareable buffer 0x7f620b800000 size 2097152 ipcDesc 0x7f620c00e0f0
n232-194-226:234006:234057 [1] NCCL INFO proxyProgressAsync opId=0x7f6216bbc360 op.type=3 op.reqBuff=0x7f620c00e080 op.respSize=80 done
n232-194-226:234006:234024 [1] NCCL INFO ncclPollProxyResponse Received new opId=0x7f6216bbc360
n232-194-226:234006:234057 [1] NCCL INFO Received and initiated operation=Setup res=0
n232-194-226:234006:234024 [1] NCCL INFO recvOpId=0x7f6216bbc360 matches expected opId=0x7f6216bbc360
n232-194-226:234006:234024 [1] NCCL INFO Channel 11/0 : 1[1] -> 3[3] via P2P/IPC
n232-194-226:234006:234057 [1] NCCL INFO New proxy send connection 7 from local rank 1, transport 0
n232-194-226:234006:234057 [1] NCCL INFO proxyProgressAsync opId=0x7f6216bbc360 op.type=1 op.reqBuff=0x7f620c00e080 op.respSize=16 done
n232-194-226:234006:234024 [1] NCCL INFO ncclPollProxyResponse Received new opId=0x7f6216bbc360
n232-194-226:234006:234024 [1] NCCL INFO recvOpId=0x7f6216bbc360 matches expected opId=0x7f6216bbc360
n232-194-226:234006:234024 [1] NCCL INFO Connection to proxy localRank 1 -> connection 0x7f620c003380
n232-194-226:234006:234057 [1] NCCL INFO Received and initiated operation=Init res=0
n232-194-226:234005:234055 [0] NCCL INFO transport/p2p.cc:204 Cuda Alloc Size 2097152 pointer 0x7fbdd1200000
n232-194-226:234005:234055 [0] NCCL INFO Allocated shareable buffer 0x7fbdd1200000 size 2097152 ipcDesc 0x7fbdf000dca0
n232-194-226:234005:234055 [0] NCCL INFO proxyProgressAsync opId=0x7fbdd6bbc3a0 op.type=3 op.reqBuff=0x7fbdf000dc30 op.respSize=80 done
n232-194-226:234005:234022 [0] NCCL INFO ncclPollProxyResponse Received new opId=0x7fbdd6bbc3a0
n232-194-226:234005:234055 [0] NCCL INFO Received and initiated operation=Setup res=0
n232-194-226:234005:234022 [0] NCCL INFO recvOpId=0x7fbdd6bbc3a0 matches expected opId=0x7fbdd6bbc3a0
n232-194-226:234005:234022 [0] NCCL INFO Channel 11/0 : 0[0] -> 2[2] via P2P/IPC
n232-194-226:234006:234057 [1] NCCL INFO transport/p2p.cc:204 Cuda Alloc Size 2097152 pointer 0x7f620ba00000
n232-194-226:234005:234055 [0] NCCL INFO New proxy send connection 7 from local rank 0, transport 0
n232-194-226:234005:234055 [0] NCCL INFO proxyProgressAsync opId=0x7fbdd6bbc3a0 op.type=1 op.reqBuff=0x7fbdf000dc30 op.respSize=16 done
n232-194-226:234005:234022 [0] NCCL INFO ncclPollProxyResponse Received new opId=0x7fbdd6bbc3a0
n232-194-226:234005:234055 [0] NCCL INFO Received and initiated operation=Init res=0
n232-194-226:234005:234022 [0] NCCL INFO recvOpId=0x7fbdd6bbc3a0 matches expected opId=0x7fbdd6bbc3a0
n232-194-226:234005:234022 [0] NCCL INFO Connection to proxy localRank 0 -> connection 0x7fbdf0003380
n232-194-226:234006:234057 [1] NCCL INFO Allocated shareable buffer 0x7f620ba00000 size 2097152 ipcDesc 0x7f620c00ee60
n232-194-226:234006:234057 [1] NCCL INFO proxyProgressAsync opId=0x7f6216bbc360 op.type=3 op.reqBuff=0x7f620c00ee30 op.respSize=80 done
n232-194-226:234006:234024 [1] NCCL INFO ncclPollProxyResponse Received new opId=0x7f6216bbc360
n232-194-226:234006:234057 [1] NCCL INFO Received and initiated operation=Setup res=0
n232-194-226:234006:234024 [1] NCCL INFO recvOpId=0x7f6216bbc360 matches expected opId=0x7f6216bbc360
n232-194-226:234006:234024 [1] NCCL INFO GPU Direct RDMA Enabled for GPU 34000 / HCA 0 (distance 3 <= 4), read 0
n232-194-226:234005:234055 [0] NCCL INFO transport/p2p.cc:204 Cuda Alloc Size 2097152 pointer 0x7fbdd1400000
n232-194-226:234005:234055 [0] NCCL INFO Allocated shareable buffer 0x7fbdd1400000 size 2097152 ipcDesc 0x7fbdf000ea10
n232-194-226:234005:234055 [0] NCCL INFO proxyProgressAsync opId=0x7fbdd6bbc3a0 op.type=3 op.reqBuff=0x7fbdf000e9e0 op.respSize=80 done
n232-194-226:234008:234054 [3] NCCL INFO New proxy recv connection 4 from local rank 3, transport 0
n232-194-226:234008:234054 [3] NCCL INFO proxyProgressAsync opId=0x7f1466bbc540 op.type=1 op.reqBuff=0x7f145c00b770 op.respSize=16 done
n232-194-226:234005:234022 [0] NCCL INFO ncclPollProxyResponse Received new opId=0x7fbdd6bbc3a0
n232-194-226:234008:234023 [3] NCCL INFO ncclPollProxyResponse Received new opId=0x7f1466bbc540
n232-194-226:234005:234022 [0] NCCL INFO recvOpId=0x7fbdd6bbc3a0 matches expected opId=0x7fbdd6bbc3a0
n232-194-226:234008:234054 [3] NCCL INFO Received and initiated operation=Init res=0
n232-194-226:234005:234055 [0] NCCL INFO Received and initiated operation=Setup res=0
n232-194-226:234008:234023 [3] NCCL INFO recvOpId=0x7f1466bbc540 matches expected opId=0x7f1466bbc540
n232-194-226:234008:234023 [3] NCCL INFO Connection to proxy localRank 3 -> connection 0x7f145c003290
n232-194-226:234006:234057 [1] NCCL INFO Allocated 4194660 bytes of shared memory in /dev/shm/nccl-lQ2sAi
n232-194-226:234007:234025 [2] NCCL INFO GPU Direct RDMA Enabled for GPU 48000 / HCA 1 (distance 3 <= 4), read 0
n232-194-226:234005:234022 [0] NCCL INFO Channel 00/0 : 0[0] -> 3[3] via P2P/IPC
n232-194-226:234005:234055 [0] NCCL INFO New proxy send connection 8 from local rank 0, transport 0
n232-194-226:234005:234055 [0] NCCL INFO proxyProgressAsync opId=0x7fbdd6bbc3a0 op.type=1 op.reqBuff=0x7fbdf000e9e0 op.respSize=16 done
n232-194-226:234005:234022 [0] NCCL INFO ncclPollProxyResponse Received new opId=0x7fbdd6bbc3a0
n232-194-226:234005:234022 [0] NCCL INFO recvOpId=0x7fbdd6bbc3a0 matches expected opId=0x7fbdd6bbc3a0
n232-194-226:234005:234055 [0] NCCL INFO Received and initiated operation=Init res=0
n232-194-226:234005:234022 [0] NCCL INFO Connection to proxy localRank 0 -> connection 0x7fbdf00033d0
n232-194-226:234007:234056 [2] NCCL INFO Allocated 4194660 bytes of shared memory in /dev/shm/nccl-P0rkiK
n232-194-226:234008:234054 [3] NCCL INFO transport/p2p.cc:204 Cuda Alloc Size 10485760 pointer 0x7f145b400000
n232-194-226:234008:234054 [3] NCCL INFO Allocated shareable buffer 0x7f145b400000 size 10485760 ipcDesc 0x7f145c00c590
n232-194-226:234008:234054 [3] NCCL INFO proxyProgressAsync opId=0x7f1466bbc540 op.type=3 op.reqBuff=0x7f145c00c520 op.respSize=80 done
n232-194-226:234008:234023 [3] NCCL INFO ncclPollProxyResponse Received new opId=0x7f1466bbc540
n232-194-226:234008:234023 [3] NCCL INFO recvOpId=0x7f1466bbc540 matches expected opId=0x7f1466bbc540
n232-194-226:234008:234054 [3] NCCL INFO Received and initiated operation=Setup res=0
n232-194-226:234005:234055 [0] NCCL INFO transport/p2p.cc:204 Cuda Alloc Size 2097152 pointer 0x7fbdd1600000
n232-194-226:234005:234055 [0] NCCL INFO Allocated shareable buffer 0x7fbdd1600000 size 2097152 ipcDesc 0x7fbdf000ea10
n232-194-226:234005:234055 [0] NCCL INFO proxyProgressAsync opId=0x7fbdd6bbc3a0 op.type=3 op.reqBuff=0x7fbdf000eaa0 op.respSize=80 done
n232-194-226:234005:234022 [0] NCCL INFO ncclPollProxyResponse Received new opId=0x7fbdd6bbc3a0
n232-194-226:234008:234054 [3] NCCL INFO New proxy recv connection 5 from local rank 3, transport 0
n232-194-226:234008:234054 [3] NCCL INFO proxyProgressAsync opId=0x7f1466bbc540 op.type=1 op.reqBuff=0x7f145c00c520 op.respSize=16 done
n232-194-226:234005:234055 [0] NCCL INFO Received and initiated operation=Setup res=0
n232-194-226:234005:234022 [0] NCCL INFO recvOpId=0x7fbdd6bbc3a0 matches expected opId=0x7fbdd6bbc3a0
n232-194-226:234008:234023 [3] NCCL INFO ncclPollProxyResponse Received new opId=0x7f1466bbc540
n232-194-226:234005:234022 [0] NCCL INFO Channel 03/0 : 0[0] -> 3[3] via P2P/IPC
n232-194-226:234008:234054 [3] NCCL INFO Received and initiated operation=Init res=0
n232-194-226:234008:234023 [3] NCCL INFO recvOpId=0x7f1466bbc540 matches expected opId=0x7f1466bbc540
n232-194-226:234008:234023 [3] NCCL INFO Connection to proxy localRank 3 -> connection 0x7f145c0032e0
n232-194-226:234005:234055 [0] NCCL INFO New proxy send connection 9 from local rank 0, transport 0
n232-194-226:234005:234055 [0] NCCL INFO proxyProgressAsync opId=0x7fbdd6bbc3a0 op.type=1 op.reqBuff=0x7fbdf000eaa0 op.respSize=16 done
n232-194-226:234005:234022 [0] NCCL INFO ncclPollProxyResponse Received new opId=0x7fbdd6bbc3a0
n232-194-226:234005:234055 [0] NCCL INFO Received and initiated operation=Init res=0
n232-194-226:234005:234022 [0] NCCL INFO recvOpId=0x7fbdd6bbc3a0 matches expected opId=0x7fbdd6bbc3a0
n232-194-226:234005:234022 [0] NCCL INFO Connection to proxy localRank 0 -> connection 0x7fbdf0003420
n232-194-226:234005:234055 [0] NCCL INFO transport/p2p.cc:204 Cuda Alloc Size 2097152 pointer 0x7fbdd1800000
n232-194-226:234008:234054 [3] NCCL INFO transport/p2p.cc:204 Cuda Alloc Size 10485760 pointer 0x7f1458000000
n232-194-226:234005:234055 [0] NCCL INFO Allocated shareable buffer 0x7fbdd1800000 size 2097152 ipcDesc 0x7fbdf000ea10
n232-194-226:234005:234055 [0] NCCL INFO proxyProgressAsync opId=0x7fbdd6bbc3a0 op.type=3 op.reqBuff=0x7fbdf000eae0 op.respSize=80 done
n232-194-226:234008:234054 [3] NCCL INFO Allocated shareable buffer 0x7f1458000000 size 10485760 ipcDesc 0x7f145c00d340
n232-194-226:234008:234054 [3] NCCL INFO proxyProgressAsync opId=0x7f1466bbc540 op.type=3 op.reqBuff=0x7f145c00d2d0 op.respSize=80 done
n232-194-226:234005:234022 [0] NCCL INFO ncclPollProxyResponse Received new opId=0x7fbdd6bbc3a0
n232-194-226:234008:234023 [3] NCCL INFO ncclPollProxyResponse Received new opId=0x7f1466bbc540
n232-194-226:234005:234022 [0] NCCL INFO recvOpId=0x7fbdd6bbc3a0 matches expected opId=0x7fbdd6bbc3a0
n232-194-226:234005:234055 [0] NCCL INFO Received and initiated operation=Setup res=0
n232-194-226:234008:234023 [3] NCCL INFO recvOpId=0x7f1466bbc540 matches expected opId=0x7f1466bbc540
n232-194-226:234008:234054 [3] NCCL INFO Received and initiated operation=Setup res=0
n232-194-226:234005:234022 [0] NCCL INFO Channel 06/0 : 0[0] -> 3[3] via P2P/IPC
n232-194-226:234005:234055 [0] NCCL INFO New proxy send connection 10 from local rank 0, transport 0
n232-194-226:234005:234055 [0] NCCL INFO proxyProgressAsync opId=0x7fbdd6bbc3a0 op.type=1 op.reqBuff=0x7fbdf000eae0 op.respSize=16 done
n232-194-226:234005:234022 [0] NCCL INFO ncclPollProxyResponse Received new opId=0x7fbdd6bbc3a0
n232-194-226:234008:234054 [3] NCCL INFO New proxy recv connection 6 from local rank 3, transport 0
n232-194-226:234008:234054 [3] NCCL INFO proxyProgressAsync opId=0x7f1466bbc540 op.type=1 op.reqBuff=0x7f145c00d2d0 op.respSize=16 done
n232-194-226:234005:234055 [0] NCCL INFO Received and initiated operation=Init res=0
n232-194-226:234005:234022 [0] NCCL INFO recvOpId=0x7fbdd6bbc3a0 matches expected opId=0x7fbdd6bbc3a0
n232-194-226:234005:234022 [0] NCCL INFO Connection to proxy localRank 0 -> connection 0x7fbdf0003470
n232-194-226:234008:234023 [3] NCCL INFO ncclPollProxyResponse Received new opId=0x7f1466bbc540
n232-194-226:234008:234023 [3] NCCL INFO recvOpId=0x7f1466bbc540 matches expected opId=0x7f1466bbc540
n232-194-226:234008:234054 [3] NCCL INFO Received and initiated operation=Init res=0
n232-194-226:234008:234023 [3] NCCL INFO Connection to proxy localRank 3 -> connection 0x7f145c003330
n232-194-226:234005:234055 [0] NCCL INFO transport/p2p.cc:204 Cuda Alloc Size 2097152 pointer 0x7fbdd1a00000
n232-194-226:234008:234054 [3] NCCL INFO transport/p2p.cc:204 Cuda Alloc Size 10485760 pointer 0x7f1458a00000
n232-194-226:234005:234055 [0] NCCL INFO Allocated shareable buffer 0x7fbdd1a00000 size 2097152 ipcDesc 0x7fbdf000ea10
n232-194-226:234008:234054 [3] NCCL INFO Allocated shareable buffer 0x7f1458a00000 size 10485760 ipcDesc 0x7f145c00e4a0
n232-194-226:234008:234054 [3] NCCL INFO proxyProgressAsync opId=0x7f1466bbc540 op.type=3 op.reqBuff=0x7f145c00e430 op.respSize=80 done
n232-194-226:234005:234055 [0] NCCL INFO proxyProgressAsync opId=0x7fbdd6bbc3a0 op.type=3 op.reqBuff=0x7fbdf0010340 op.respSize=80 done
n232-194-226:234008:234023 [3] NCCL INFO ncclPollProxyResponse Received new opId=0x7f1466bbc540
n232-194-226:234005:234022 [0] NCCL INFO ncclPollProxyResponse Received new opId=0x7fbdd6bbc3a0
n232-194-226:234008:234023 [3] NCCL INFO recvOpId=0x7f1466bbc540 matches expected opId=0x7f1466bbc540
n232-194-226:234008:234054 [3] NCCL INFO Received and initiated operation=Setup res=0
n232-194-226:234005:234022 [0] NCCL INFO recvOpId=0x7fbdd6bbc3a0 matches expected opId=0x7fbdd6bbc3a0
n232-194-226:234005:234055 [0] NCCL INFO Received and initiated operation=Setup res=0
n232-194-226:234005:234022 [0] NCCL INFO Channel 09/0 : 0[0] -> 3[3] via P2P/IPC
n232-194-226:234008:234054 [3] NCCL INFO New proxy recv connection 7 from local rank 3, transport 0
n232-194-226:234008:234054 [3] NCCL INFO proxyProgressAsync opId=0x7f1466bbc540 op.type=1 op.reqBuff=0x7f145c00e430 op.respSize=16 done
n232-194-226:234008:234023 [3] NCCL INFO ncclPollProxyResponse Received new opId=0x7f1466bbc540
n232-194-226:234008:234054 [3] NCCL INFO Received and initiated operation=Init res=0
n232-194-226:234008:234023 [3] NCCL INFO recvOpId=0x7f1466bbc540 matches expected opId=0x7f1466bbc540
n232-194-226:234008:234023 [3] NCCL INFO Connection to proxy localRank 3 -> connection 0x7f145c003380
n232-194-226:234005:234055 [0] NCCL INFO New proxy send connection 11 from local rank 0, transport 0
n232-194-226:234005:234055 [0] NCCL INFO proxyProgressAsync opId=0x7fbdd6bbc3a0 op.type=1 op.reqBuff=0x7fbdf0010340 op.respSize=16 done
n232-194-226:234005:234022 [0] NCCL INFO ncclPollProxyResponse Received new opId=0x7fbdd6bbc3a0
n232-194-226:234005:234055 [0] NCCL INFO Received and initiated operation=Init res=0
n232-194-226:234005:234022 [0] NCCL INFO recvOpId=0x7fbdd6bbc3a0 matches expected opId=0x7fbdd6bbc3a0
n232-194-226:234005:234022 [0] NCCL INFO Connection to proxy localRank 0 -> connection 0x7fbdf00034c0
n232-194-226:234008:234054 [3] NCCL INFO transport/p2p.cc:204 Cuda Alloc Size 10485760 pointer 0x7f1459400000
n232-194-226:234008:234054 [3] NCCL INFO Allocated shareable buffer 0x7f1459400000 size 10485760 ipcDesc 0x7f145c00f1c0
n232-194-226:234008:234054 [3] NCCL INFO proxyProgressAsync opId=0x7f1466bbc540 op.type=3 op.reqBuff=0x7f145c00f190 op.respSize=80 done
n232-194-226:234008:234023 [3] NCCL INFO ncclPollProxyResponse Received new opId=0x7f1466bbc540
n232-194-226:234005:234055 [0] NCCL INFO transport/p2p.cc:204 Cuda Alloc Size 2097152 pointer 0x7fbdd1c00000
n232-194-226:234008:234054 [3] NCCL INFO Received and initiated operation=Setup res=0
n232-194-226:234008:234023 [3] NCCL INFO recvOpId=0x7f1466bbc540 matches expected opId=0x7f1466bbc540
n232-194-226:234005:234055 [0] NCCL INFO Allocated shareable buffer 0x7fbdd1c00000 size 2097152 ipcDesc 0x7fbdf000ea10
n232-194-226:234005:234055 [0] NCCL INFO proxyProgressAsync opId=0x7fbdd6bbc3a0 op.type=3 op.reqBuff=0x7fbdf0010380 op.respSize=80 done
n232-194-226:234008:234023 [3] NCCL INFO GPU Direct RDMA Enabled for GPU 5a000 / HCA 2 (distance 3 <= 4), read 1
n232-194-226:234005:234022 [0] NCCL INFO ncclPollProxyResponse Received new opId=0x7fbdd6bbc3a0
n232-194-226:234005:234022 [0] NCCL INFO recvOpId=0x7fbdd6bbc3a0 matches expected opId=0x7fbdd6bbc3a0
n232-194-226:234005:234055 [0] NCCL INFO Received and initiated operation=Setup res=0
n232-194-226:234008:234054 [3] NCCL INFO Allocated 4194660 bytes of shared memory in /dev/shm/nccl-L2z29C
n232-194-226:234006:234057 [1] NCCL INFO New proxy recv connection 8 from local rank 1, transport 2
n232-194-226:234006:234057 [1] NCCL INFO proxyProgressAsync opId=0x7f6216bbc360 op.type=1 op.reqBuff=0x7f620c00ee30 op.respSize=16 done
n232-194-226:234006:234024 [1] NCCL INFO ncclPollProxyResponse Received new opId=0x7f6216bbc360
n232-194-226:234006:234057 [1] NCCL INFO Received and initiated operation=Init res=0
n232-194-226:234006:234024 [1] NCCL INFO recvOpId=0x7f6216bbc360 matches expected opId=0x7f6216bbc360
n232-194-226:234006:234024 [1] NCCL INFO Connection to proxy localRank 1 -> connection 0x7f620c0033d0
n232-194-226:234006:234057 [1] NCCL INFO proxyProgressAsync opId=0x7f6216bbc360 op.type=3 op.reqBuff=0x7f620c00fd80 op.respSize=128 done
n232-194-226:234006:234024 [1] NCCL INFO ncclPollProxyResponse Received new opId=0x7f6216bbc360
n232-194-226:234006:234057 [1] NCCL INFO Received and initiated operation=Setup res=0
n232-194-226:234006:234024 [1] NCCL INFO recvOpId=0x7f6216bbc360 matches expected opId=0x7f6216bbc360
n232-194-226:234006:234024 [1] NCCL INFO Channel 02/0 : 6[2] -> 1[1] [receive] via NET/IB/0/GDRDMA
n232-194-226:234007:234056 [2] NCCL INFO New proxy recv connection 4 from local rank 2, transport 2
n232-194-226:234006:234024 [1] NCCL INFO GPU Direct RDMA Enabled for GPU 34000 / HCA 0 (distance 3 <= 4), read 0
n232-194-226:234007:234056 [2] NCCL INFO proxyProgressAsync opId=0x7f0af6bbc540 op.type=1 op.reqBuff=0x7f0aec00b770 op.respSize=16 done
n232-194-226:234007:234025 [2] NCCL INFO ncclPollProxyResponse Received new opId=0x7f0af6bbc540
n232-194-226:234007:234056 [2] NCCL INFO Received and initiated operation=Init res=0
n232-194-226:234007:234025 [2] NCCL INFO recvOpId=0x7f0af6bbc540 matches expected opId=0x7f0af6bbc540
n232-194-226:234006:234057 [1] NCCL INFO New proxy recv connection 9 from local rank 1, transport 2
n232-194-226:234006:234057 [1] NCCL INFO proxyProgressAsync opId=0x7f6216bbc360 op.type=1 op.reqBuff=0x7f620c00eef0 op.respSize=16 done
n232-194-226:234006:234024 [1] NCCL INFO ncclPollProxyResponse Received new opId=0x7f6216bbc360
n232-194-226:234006:234024 [1] NCCL INFO recvOpId=0x7f6216bbc360 matches expected opId=0x7f6216bbc360
n232-194-226:234006:234057 [1] NCCL INFO Received and initiated operation=Init res=0
n232-194-226:234006:234024 [1] NCCL INFO Connection to proxy localRank 1 -> connection 0x7f620c003420
n232-194-226:234007:234025 [2] NCCL INFO Connection to proxy localRank 2 -> connection 0x7f0aec003290
n232-194-226:234006:234057 [1] NCCL INFO proxyProgressAsync opId=0x7f6216bbc360 op.type=3 op.reqBuff=0x7f620c00ef70 op.respSize=128 done
n232-194-226:234006:234024 [1] NCCL INFO ncclPollProxyResponse Received new opId=0x7f6216bbc360
n232-194-226:234006:234057 [1] NCCL INFO Received and initiated operation=Setup res=0
n232-194-226:234006:234024 [1] NCCL INFO recvOpId=0x7f6216bbc360 matches expected opId=0x7f6216bbc360
n232-194-226:234006:234024 [1] NCCL INFO Channel 05/0 : 6[2] -> 1[1] [receive] via NET/IB/0/GDRDMA
n232-194-226:234006:234024 [1] NCCL INFO GPU Direct RDMA Enabled for GPU 34000 / HCA 0 (distance 3 <= 4), read 0
n232-194-226:234007:234056 [2] NCCL INFO proxyProgressAsync opId=0x7f0af6bbc540 op.type=3 op.reqBuff=0x7f0aec00c830 op.respSize=128 done
n232-194-226:234007:234025 [2] NCCL INFO ncclPollProxyResponse Received new opId=0x7f0af6bbc540
n232-194-226:234007:234025 [2] NCCL INFO recvOpId=0x7f0af6bbc540 matches expected opId=0x7f0af6bbc540
n232-194-226:234007:234056 [2] NCCL INFO Received and initiated operation=Setup res=0
n232-194-226:234007:234025 [2] NCCL INFO Channel 00/0 : 7[3] -> 2[2] [receive] via NET/IB/1/GDRDMA
n232-194-226:234007:234025 [2] NCCL INFO GPU Direct RDMA Enabled for GPU 48000 / HCA 1 (distance 3 <= 4), read 0
n232-194-226:234006:234057 [1] NCCL INFO New proxy recv connection 10 from local rank 1, transport 2
n232-194-226:234006:234057 [1] NCCL INFO proxyProgressAsync opId=0x7f6216bbc360 op.type=1 op.reqBuff=0x7f620c00ef50 op.respSize=16 done
n232-194-226:234006:234024 [1] NCCL INFO ncclPollProxyResponse Received new opId=0x7f6216bbc360
n232-194-226:234006:234024 [1] NCCL INFO recvOpId=0x7f6216bbc360 matches expected opId=0x7f6216bbc360
n232-194-226:234006:234057 [1] NCCL INFO Received and initiated operation=Init res=0
n232-194-226:234006:234024 [1] NCCL INFO Connection to proxy localRank 1 -> connection 0x7f620c003470
n232-194-226:234007:234056 [2] NCCL INFO New proxy recv connection 5 from local rank 2, transport 2
n232-194-226:234007:234056 [2] NCCL INFO proxyProgressAsync opId=0x7f0af6bbc540 op.type=1 op.reqBuff=0x7f0aec00c520 op.respSize=16 done
n232-194-226:234007:234025 [2] NCCL INFO ncclPollProxyResponse Received new opId=0x7f0af6bbc540
n232-194-226:234007:234025 [2] NCCL INFO recvOpId=0x7f0af6bbc540 matches expected opId=0x7f0af6bbc540
n232-194-226:234007:234056 [2] NCCL INFO Received and initiated operation=Init res=0
n232-194-226:234007:234025 [2] NCCL INFO Connection to proxy localRank 2 -> connection 0x7f0aec0032e0
n232-194-226:234006:234057 [1] NCCL INFO proxyProgressAsync opId=0x7f6216bbc360 op.type=3 op.reqBuff=0x7f620c00ee50 op.respSize=128 done
n232-194-226:234006:234024 [1] NCCL INFO ncclPollProxyResponse Received new opId=0x7f6216bbc360
n232-194-226:234006:234057 [1] NCCL INFO Received and initiated operation=Setup res=0
n232-194-226:234006:234024 [1] NCCL INFO recvOpId=0x7f6216bbc360 matches expected opId=0x7f6216bbc360
n232-194-226:234007:234056 [2] NCCL INFO proxyProgressAsync opId=0x7f0af6bbc540 op.type=3 op.reqBuff=0x7f0aec011d10 op.respSize=128 done
n232-194-226:234006:234024 [1] NCCL INFO Channel 08/0 : 6[2] -> 1[1] [receive] via NET/IB/0/GDRDMA
n232-194-226:234006:234024 [1] NCCL INFO GPU Direct RDMA Enabled for GPU 34000 / HCA 0 (distance 3 <= 4), read 0
n232-194-226:234007:234025 [2] NCCL INFO ncclPollProxyResponse Received new opId=0x7f0af6bbc540
n232-194-226:234007:234025 [2] NCCL INFO recvOpId=0x7f0af6bbc540 matches expected opId=0x7f0af6bbc540
n232-194-226:234007:234056 [2] NCCL INFO Received and initiated operation=Setup res=0
n232-194-226:234007:234025 [2] NCCL INFO Channel 03/0 : 7[3] -> 2[2] [receive] via NET/IB/1/GDRDMA
n232-194-226:234007:234025 [2] NCCL INFO GPU Direct RDMA Enabled for GPU 48000 / HCA 1 (distance 3 <= 4), read 0
n232-194-226:234006:234057 [1] NCCL INFO New proxy recv connection 11 from local rank 1, transport 2
n232-194-226:234006:234057 [1] NCCL INFO proxyProgressAsync opId=0x7f6216bbc360 op.type=1 op.reqBuff=0x7f620c00eef0 op.respSize=16 done
n232-194-226:234007:234056 [2] NCCL INFO New proxy recv connection 6 from local rank 2, transport 2
n232-194-226:234006:234024 [1] NCCL INFO ncclPollProxyResponse Received new opId=0x7f6216bbc360
n232-194-226:234007:234056 [2] NCCL INFO proxyProgressAsync opId=0x7f0af6bbc540 op.type=1 op.reqBuff=0x7f0aec011cb0 op.respSize=16 done
n232-194-226:234006:234024 [1] NCCL INFO recvOpId=0x7f6216bbc360 matches expected opId=0x7f6216bbc360
n232-194-226:234006:234024 [1] NCCL INFO Connection to proxy localRank 1 -> connection 0x7f620c0034c0
n232-194-226:234007:234025 [2] NCCL INFO ncclPollProxyResponse Received new opId=0x7f0af6bbc540
n232-194-226:234006:234057 [1] NCCL INFO Received and initiated operation=Init res=0
n232-194-226:234007:234025 [2] NCCL INFO recvOpId=0x7f0af6bbc540 matches expected opId=0x7f0af6bbc540
n232-194-226:234007:234056 [2] NCCL INFO Received and initiated operation=Init res=0
n232-194-226:234007:234025 [2] NCCL INFO Connection to proxy localRank 2 -> connection 0x7f0aec003330
n232-194-226:234006:234057 [1] NCCL INFO proxyProgressAsync opId=0x7f6216bbc360 op.type=3 op.reqBuff=0x7f620c00ee80 op.respSize=128 done
n232-194-226:234006:234024 [1] NCCL INFO ncclPollProxyResponse Received new opId=0x7f6216bbc360
n232-194-226:234007:234056 [2] NCCL INFO proxyProgressAsync opId=0x7f0af6bbc540 op.type=3 op.reqBuff=0x7f0aec017150 op.respSize=128 done
n232-194-226:234006:234024 [1] NCCL INFO recvOpId=0x7f6216bbc360 matches expected opId=0x7f6216bbc360
n232-194-226:234007:234025 [2] NCCL INFO ncclPollProxyResponse Received new opId=0x7f0af6bbc540
n232-194-226:234006:234057 [1] NCCL INFO Received and initiated operation=Setup res=0
n232-194-226:234006:234024 [1] NCCL INFO Channel 11/0 : 6[2] -> 1[1] [receive] via NET/IB/0/GDRDMA
n232-194-226:234007:234056 [2] NCCL INFO Received and initiated operation=Setup res=0
n232-194-226:234007:234025 [2] NCCL INFO recvOpId=0x7f0af6bbc540 matches expected opId=0x7f0af6bbc540
n232-194-226:234007:234025 [2] NCCL INFO Channel 06/0 : 7[3] -> 2[2] [receive] via NET/IB/1/GDRDMA
n232-194-226:234007:234025 [2] NCCL INFO GPU Direct RDMA Enabled for GPU 48000 / HCA 1 (distance 3 <= 4), read 0
n232-194-226:234007:234056 [2] NCCL INFO New proxy recv connection 7 from local rank 2, transport 2
n232-194-226:234007:234056 [2] NCCL INFO proxyProgressAsync opId=0x7f0af6bbc540 op.type=1 op.reqBuff=0x7f0aec00c520 op.respSize=16 done
n232-194-226:234007:234025 [2] NCCL INFO ncclPollProxyResponse Received new opId=0x7f0af6bbc540
n232-194-226:234007:234056 [2] NCCL INFO Received and initiated operation=Init res=0
n232-194-226:234007:234025 [2] NCCL INFO recvOpId=0x7f0af6bbc540 matches expected opId=0x7f0af6bbc540
n232-194-226:234007:234025 [2] NCCL INFO Connection to proxy localRank 2 -> connection 0x7f0aec003380
n232-194-226:234007:234056 [2] NCCL INFO proxyProgressAsync opId=0x7f0af6bbc540 op.type=3 op.reqBuff=0x7f0aec01c590 op.respSize=128 done
n232-194-226:234007:234025 [2] NCCL INFO ncclPollProxyResponse Received new opId=0x7f0af6bbc540
n232-194-226:234007:234056 [2] NCCL INFO Received and initiated operation=Setup res=0
n232-194-226:234007:234025 [2] NCCL INFO recvOpId=0x7f0af6bbc540 matches expected opId=0x7f0af6bbc540
n232-194-226:234007:234025 [2] NCCL INFO Channel 09/0 : 7[3] -> 2[2] [receive] via NET/IB/1/GDRDMA
n232-194-226:234007:234025 [2] NCCL INFO GPU Direct RDMA Enabled for GPU 48000 / HCA 1 (distance 3 <= 4), read 1
n232-194-226:234007:234056 [2] NCCL INFO New proxy send connection 8 from local rank 2, transport 2
n232-194-226:234007:234056 [2] NCCL INFO proxyProgressAsync opId=0x7f0af6bbc540 op.type=1 op.reqBuff=0x7f0aec011cb0 op.respSize=16 done
n232-194-226:234007:234025 [2] NCCL INFO ncclPollProxyResponse Received new opId=0x7f0af6bbc540
n232-194-226:234007:234056 [2] NCCL INFO Received and initiated operation=Init res=0
n232-194-226:234007:234025 [2] NCCL INFO recvOpId=0x7f0af6bbc540 matches expected opId=0x7f0af6bbc540
n232-194-226:234007:234025 [2] NCCL INFO Connection to proxy localRank 2 -> connection 0x7f0aec0033d0
n232-194-226:234006:234024 [1] NCCL INFO GPU Direct RDMA Enabled for GPU 34000 / HCA 0 (distance 3 <= 4), read 1
n232-194-226:234007:234056 [2] NCCL INFO proxyProgressAsync opId=0x7f0af6bbc540 op.type=3 op.reqBuff=0x7f0aec0219d0 op.respSize=0 done
n232-194-226:234007:234025 [2] NCCL INFO ncclPollProxyResponse Received new opId=0x7f0af6bbc540
n232-194-226:234007:234056 [2] NCCL INFO Received and initiated operation=Setup res=0
