n232-194-226:234134:234197 [2] NCCL INFO proxyProgressAsync opId=0x7fc642bbc880 op.type=3 op.reqBuff=0x7fc638036160 op.respSize=80 done
n232-194-226:234134:234156 [2] NCCL INFO ncclPollProxyResponse Received new opId=0x7fc642bbc880
n232-194-226:234134:234197 [2] NCCL INFO Received and initiated operation=Setup res=0
n232-194-226:234134:234156 [2] NCCL INFO recvOpId=0x7fc642bbc880 matches expected opId=0x7fc642bbc880
n232-194-226:234133:234193 [1] NCCL INFO New proxy recv connection 4 from local rank 1, transport 0
n232-194-226:234134:234197 [2] NCCL INFO New proxy recv connection 17 from local rank 2, transport 0
n232-194-226:234134:234197 [2] NCCL INFO proxyProgressAsync opId=0x7fc642bbc880 op.type=1 op.reqBuff=0x7fc638036160 op.respSize=16 done
n232-194-226:234133:234193 [1] NCCL INFO proxyProgressAsync opId=0x7fd98abbc6a0 op.type=1 op.reqBuff=0x7fd980008970 op.respSize=16 done
n232-194-226:234135:234195 [3] NCCL INFO New proxy recv connection 16 from local rank 3, transport 0
n232-194-226:234135:234195 [3] NCCL INFO proxyProgressAsync opId=0x7fc5f6bbc880 op.type=1 op.reqBuff=0x7fc5ec035c50 op.respSize=16 done
n232-194-226:234134:234156 [2] NCCL INFO ncclPollProxyResponse Received new opId=0x7fc642bbc880
n232-194-226:234133:234154 [1] NCCL INFO ncclPollProxyResponse Received new opId=0x7fd98abbc6a0
n232-194-226:234134:234197 [2] NCCL INFO Received and initiated operation=Init res=0
n232-194-226:234133:234193 [1] NCCL INFO Received and initiated operation=Init res=0
n232-194-226:234135:234157 [3] NCCL INFO ncclPollProxyResponse Received new opId=0x7fc5f6bbc880
n232-194-226:234134:234156 [2] NCCL INFO recvOpId=0x7fc642bbc880 matches expected opId=0x7fc642bbc880
n232-194-226:234135:234195 [3] NCCL INFO Received and initiated operation=Init res=0
n232-194-226:234134:234156 [2] NCCL INFO Connection to proxy localRank 2 -> connection 0x7fc6380036a0
n232-194-226:234133:234154 [1] NCCL INFO recvOpId=0x7fd98abbc6a0 matches expected opId=0x7fd98abbc6a0
n232-194-226:234133:234154 [1] NCCL INFO Connection to proxy localRank 1 -> connection 0x7fd980003290
n232-194-226:234135:234157 [3] NCCL INFO recvOpId=0x7fc5f6bbc880 matches expected opId=0x7fc5f6bbc880
n232-194-226:234135:234157 [3] NCCL INFO Connection to proxy localRank 3 -> connection 0x7fc5ec003650
n232-194-226:234132:234196 [0] NCCL INFO transport/p2p.cc:204 Cuda Alloc Size 10485760 pointer 0x7f8ae2000000
n232-194-226:234132:234196 [0] NCCL INFO Allocated shareable buffer 0x7f8ae2000000 size 10485760 ipcDesc 0x7f8b040077a0
n232-194-226:234132:234196 [0] NCCL INFO proxyProgressAsync opId=0x7f8aeabbc6c0 op.type=3 op.reqBuff=0x7f8b04007730 op.respSize=80 done
n232-194-226:234132:234153 [0] NCCL INFO ncclPollProxyResponse Received new opId=0x7f8aeabbc6c0
n232-194-226:234132:234153 [0] NCCL INFO recvOpId=0x7f8aeabbc6c0 matches expected opId=0x7f8aeabbc6c0
n232-194-226:234132:234196 [0] NCCL INFO Received and initiated operation=Setup res=0
n232-194-226:234132:234196 [0] NCCL INFO New proxy recv connection 3 from local rank 0, transport 0
n232-194-226:234132:234196 [0] NCCL INFO proxyProgressAsync opId=0x7f8aeabbc6c0 op.type=1 op.reqBuff=0x7f8b04007730 op.respSize=16 done
n232-194-226:234132:234153 [0] NCCL INFO ncclPollProxyResponse Received new opId=0x7f8aeabbc6c0
n232-194-226:234132:234153 [0] NCCL INFO recvOpId=0x7f8aeabbc6c0 matches expected opId=0x7f8aeabbc6c0
n232-194-226:234132:234196 [0] NCCL INFO Received and initiated operation=Init res=0
n232-194-226:234132:234153 [0] NCCL INFO Connection to proxy localRank 0 -> connection 0x7f8b04003240
n232-194-226:234133:234193 [1] NCCL INFO transport/p2p.cc:204 Cuda Alloc Size 10485760 pointer 0x7fd97f400000
n232-194-226:234133:234193 [1] NCCL INFO Allocated shareable buffer 0x7fd97f400000 size 10485760 ipcDesc 0x7fd9800097b0
n232-194-226:234133:234193 [1] NCCL INFO proxyProgressAsync opId=0x7fd98abbc6a0 op.type=3 op.reqBuff=0x7fd980009740 op.respSize=80 done
n232-194-226:234135:234195 [3] NCCL INFO transport/p2p.cc:204 Cuda Alloc Size 10485760 pointer 0x7fc5f3600000
n232-194-226:234133:234154 [1] NCCL INFO ncclPollProxyResponse Received new opId=0x7fd98abbc6a0
n232-194-226:234133:234193 [1] NCCL INFO Received and initiated operation=Setup res=0
n232-194-226:234133:234154 [1] NCCL INFO recvOpId=0x7fd98abbc6a0 matches expected opId=0x7fd98abbc6a0
n232-194-226:234135:234195 [3] NCCL INFO Allocated shareable buffer 0x7fc5f3600000 size 10485760 ipcDesc 0x7fc5ec035c80
n232-194-226:234135:234195 [3] NCCL INFO proxyProgressAsync opId=0x7fc5f6bbc880 op.type=3 op.reqBuff=0x7fc5ec035d10 op.respSize=80 done
n232-194-226:234134:234197 [2] NCCL INFO transport/p2p.cc:204 Cuda Alloc Size 10485760 pointer 0x7fc62ea00000
n232-194-226:234135:234157 [3] NCCL INFO ncclPollProxyResponse Received new opId=0x7fc5f6bbc880
n232-194-226:234135:234157 [3] NCCL INFO recvOpId=0x7fc5f6bbc880 matches expected opId=0x7fc5f6bbc880
n232-194-226:234135:234195 [3] NCCL INFO Received and initiated operation=Setup res=0
n232-194-226:234133:234193 [1] NCCL INFO New proxy recv connection 5 from local rank 1, transport 0
n232-194-226:234133:234193 [1] NCCL INFO proxyProgressAsync opId=0x7fd98abbc6a0 op.type=1 op.reqBuff=0x7fd980009740 op.respSize=16 done
n232-194-226:234133:234154 [1] NCCL INFO ncclPollProxyResponse Received new opId=0x7fd98abbc6a0
n232-194-226:234134:234197 [2] NCCL INFO Allocated shareable buffer 0x7fc62ea00000 size 10485760 ipcDesc 0x7fc6380360d0
n232-194-226:234134:234197 [2] NCCL INFO proxyProgressAsync opId=0x7fc642bbc880 op.type=3 op.reqBuff=0x7fc638036e00 op.respSize=80 done
n232-194-226:234133:234193 [1] NCCL INFO Received and initiated operation=Init res=0
n232-194-226:234134:234156 [2] NCCL INFO ncclPollProxyResponse Received new opId=0x7fc642bbc880
n232-194-226:234133:234154 [1] NCCL INFO recvOpId=0x7fd98abbc6a0 matches expected opId=0x7fd98abbc6a0
n232-194-226:234133:234154 [1] NCCL INFO Connection to proxy localRank 1 -> connection 0x7fd9800032e0
n232-194-226:234135:234195 [3] NCCL INFO New proxy recv connection 17 from local rank 3, transport 0
n232-194-226:234135:234195 [3] NCCL INFO proxyProgressAsync opId=0x7fc5f6bbc880 op.type=1 op.reqBuff=0x7fc5ec035d10 op.respSize=16 done
n232-194-226:234134:234197 [2] NCCL INFO Received and initiated operation=Setup res=0
n232-194-226:234134:234156 [2] NCCL INFO recvOpId=0x7fc642bbc880 matches expected opId=0x7fc642bbc880
n232-194-226:234135:234157 [3] NCCL INFO ncclPollProxyResponse Received new opId=0x7fc5f6bbc880
n232-194-226:234135:234195 [3] NCCL INFO Received and initiated operation=Init res=0
n232-194-226:234135:234157 [3] NCCL INFO recvOpId=0x7fc5f6bbc880 matches expected opId=0x7fc5f6bbc880
n232-194-226:234135:234157 [3] NCCL INFO Connection to proxy localRank 3 -> connection 0x7fc5ec0036a0
n232-194-226:234134:234197 [2] NCCL INFO New proxy recv connection 18 from local rank 2, transport 0
n232-194-226:234134:234197 [2] NCCL INFO proxyProgressAsync opId=0x7fc642bbc880 op.type=1 op.reqBuff=0x7fc638036e00 op.respSize=16 done
n232-194-226:234134:234156 [2] NCCL INFO ncclPollProxyResponse Received new opId=0x7fc642bbc880
n232-194-226:234134:234197 [2] NCCL INFO Received and initiated operation=Init res=0
n232-194-226:234134:234156 [2] NCCL INFO recvOpId=0x7fc642bbc880 matches expected opId=0x7fc642bbc880
n232-194-226:234134:234156 [2] NCCL INFO Connection to proxy localRank 2 -> connection 0x7fc6380036f0
n232-194-226:234132:234196 [0] NCCL INFO transport/p2p.cc:204 Cuda Alloc Size 10485760 pointer 0x7f8ae2a00000
n232-194-226:234132:234196 [0] NCCL INFO Allocated shareable buffer 0x7f8ae2a00000 size 10485760 ipcDesc 0x7f8b04008940
n232-194-226:234132:234196 [0] NCCL INFO proxyProgressAsync opId=0x7f8aeabbc6c0 op.type=3 op.reqBuff=0x7f8b040088d0 op.respSize=80 done
n232-194-226:234132:234153 [0] NCCL INFO ncclPollProxyResponse Received new opId=0x7f8aeabbc6c0
n232-194-226:234132:234153 [0] NCCL INFO recvOpId=0x7f8aeabbc6c0 matches expected opId=0x7f8aeabbc6c0
n232-194-226:234132:234196 [0] NCCL INFO Received and initiated operation=Setup res=0
n232-194-226:234132:234196 [0] NCCL INFO New proxy recv connection 4 from local rank 0, transport 0
n232-194-226:234132:234196 [0] NCCL INFO proxyProgressAsync opId=0x7f8aeabbc6c0 op.type=1 op.reqBuff=0x7f8b040088d0 op.respSize=16 done
n232-194-226:234132:234153 [0] NCCL INFO ncclPollProxyResponse Received new opId=0x7f8aeabbc6c0
n232-194-226:234132:234153 [0] NCCL INFO recvOpId=0x7f8aeabbc6c0 matches expected opId=0x7f8aeabbc6c0
n232-194-226:234132:234196 [0] NCCL INFO Received and initiated operation=Init res=0
n232-194-226:234132:234153 [0] NCCL INFO Connection to proxy localRank 0 -> connection 0x7f8b04003290
n232-194-226:234133:234193 [1] NCCL INFO transport/p2p.cc:204 Cuda Alloc Size 10485760 pointer 0x7fd97c000000
n232-194-226:234133:234193 [1] NCCL INFO Allocated shareable buffer 0x7fd97c000000 size 10485760 ipcDesc 0x7fd98000a580
n232-194-226:234133:234193 [1] NCCL INFO proxyProgressAsync opId=0x7fd98abbc6a0 op.type=3 op.reqBuff=0x7fd98000a510 op.respSize=80 done
n232-194-226:234133:234154 [1] NCCL INFO ncclPollProxyResponse Received new opId=0x7fd98abbc6a0
n232-194-226:234133:234154 [1] NCCL INFO recvOpId=0x7fd98abbc6a0 matches expected opId=0x7fd98abbc6a0
n232-194-226:234133:234193 [1] NCCL INFO Received and initiated operation=Setup res=0
n232-194-226:234133:234193 [1] NCCL INFO New proxy recv connection 6 from local rank 1, transport 0
n232-194-226:234133:234193 [1] NCCL INFO proxyProgressAsync opId=0x7fd98abbc6a0 op.type=1 op.reqBuff=0x7fd98000a510 op.respSize=16 done
n232-194-226:234133:234154 [1] NCCL INFO ncclPollProxyResponse Received new opId=0x7fd98abbc6a0
n232-194-226:234133:234154 [1] NCCL INFO recvOpId=0x7fd98abbc6a0 matches expected opId=0x7fd98abbc6a0
n232-194-226:234133:234154 [1] NCCL INFO Connection to proxy localRank 1 -> connection 0x7fd980003330
n232-194-226:234133:234193 [1] NCCL INFO Received and initiated operation=Init res=0
n232-194-226:234134:234197 [2] NCCL INFO transport/p2p.cc:204 Cuda Alloc Size 10485760 pointer 0x7fc62f400000
n232-194-226:234134:234197 [2] NCCL INFO Allocated shareable buffer 0x7fc62f400000 size 10485760 ipcDesc 0x7fc6380360d0
n232-194-226:234134:234197 [2] NCCL INFO proxyProgressAsync opId=0x7fc642bbc880 op.type=3 op.reqBuff=0x7fc638036e40 op.respSize=80 done
n232-194-226:234134:234156 [2] NCCL INFO ncclPollProxyResponse Received new opId=0x7fc642bbc880
n232-194-226:234134:234197 [2] NCCL INFO Received and initiated operation=Setup res=0
n232-194-226:234134:234156 [2] NCCL INFO recvOpId=0x7fc642bbc880 matches expected opId=0x7fc642bbc880
n232-194-226:234135:234195 [3] NCCL INFO transport/p2p.cc:204 Cuda Alloc Size 10485760 pointer 0x7fc5ea000000
n232-194-226:234134:234197 [2] NCCL INFO New proxy recv connection 19 from local rank 2, transport 0
n232-194-226:234134:234197 [2] NCCL INFO proxyProgressAsync opId=0x7fc642bbc880 op.type=1 op.reqBuff=0x7fc638036e40 op.respSize=16 done
n232-194-226:234134:234156 [2] NCCL INFO ncclPollProxyResponse Received new opId=0x7fc642bbc880
n232-194-226:234135:234195 [3] NCCL INFO Allocated shareable buffer 0x7fc5ea000000 size 10485760 ipcDesc 0x7fc5ec035c80
n232-194-226:234135:234195 [3] NCCL INFO proxyProgressAsync opId=0x7fc5f6bbc880 op.type=3 op.reqBuff=0x7fc5ec035d50 op.respSize=80 done
n232-194-226:234134:234197 [2] NCCL INFO Received and initiated operation=Init res=0
n232-194-226:234134:234156 [2] NCCL INFO recvOpId=0x7fc642bbc880 matches expected opId=0x7fc642bbc880
n232-194-226:234135:234157 [3] NCCL INFO ncclPollProxyResponse Received new opId=0x7fc5f6bbc880
n232-194-226:234134:234156 [2] NCCL INFO Connection to proxy localRank 2 -> connection 0x7fc638003740
n232-194-226:234135:234195 [3] NCCL INFO Received and initiated operation=Setup res=0
n232-194-226:234135:234157 [3] NCCL INFO recvOpId=0x7fc5f6bbc880 matches expected opId=0x7fc5f6bbc880
n232-194-226:234135:234195 [3] NCCL INFO New proxy recv connection 18 from local rank 3, transport 0
n232-194-226:234135:234195 [3] NCCL INFO proxyProgressAsync opId=0x7fc5f6bbc880 op.type=1 op.reqBuff=0x7fc5ec035d50 op.respSize=16 done
n232-194-226:234132:234196 [0] NCCL INFO transport/p2p.cc:204 Cuda Alloc Size 10485760 pointer 0x7f8ae3400000
n232-194-226:234135:234157 [3] NCCL INFO ncclPollProxyResponse Received new opId=0x7fc5f6bbc880
n232-194-226:234135:234195 [3] NCCL INFO Received and initiated operation=Init res=0
n232-194-226:234135:234157 [3] NCCL INFO recvOpId=0x7fc5f6bbc880 matches expected opId=0x7fc5f6bbc880
n232-194-226:234132:234196 [0] NCCL INFO Allocated shareable buffer 0x7f8ae3400000 size 10485760 ipcDesc 0x7f8b04009710
n232-194-226:234135:234157 [3] NCCL INFO Connection to proxy localRank 3 -> connection 0x7fc5ec0036f0
n232-194-226:234132:234196 [0] NCCL INFO proxyProgressAsync opId=0x7f8aeabbc6c0 op.type=3 op.reqBuff=0x7f8b040096a0 op.respSize=80 done
n232-194-226:234132:234153 [0] NCCL INFO ncclPollProxyResponse Received new opId=0x7f8aeabbc6c0
n232-194-226:234133:234193 [1] NCCL INFO transport/p2p.cc:204 Cuda Alloc Size 10485760 pointer 0x7fd97ca00000
n232-194-226:234132:234153 [0] NCCL INFO recvOpId=0x7f8aeabbc6c0 matches expected opId=0x7f8aeabbc6c0
n232-194-226:234132:234196 [0] NCCL INFO Received and initiated operation=Setup res=0
n232-194-226:234133:234193 [1] NCCL INFO Allocated shareable buffer 0x7fd97ca00000 size 10485760 ipcDesc 0x7fd98000b700
n232-194-226:234133:234193 [1] NCCL INFO proxyProgressAsync opId=0x7fd98abbc6a0 op.type=3 op.reqBuff=0x7fd98000b690 op.respSize=80 done
n232-194-226:234133:234154 [1] NCCL INFO ncclPollProxyResponse Received new opId=0x7fd98abbc6a0
n232-194-226:234133:234154 [1] NCCL INFO recvOpId=0x7fd98abbc6a0 matches expected opId=0x7fd98abbc6a0
n232-194-226:234133:234193 [1] NCCL INFO Received and initiated operation=Setup res=0
n232-194-226:234132:234196 [0] NCCL INFO New proxy recv connection 5 from local rank 0, transport 0
n232-194-226:234132:234196 [0] NCCL INFO proxyProgressAsync opId=0x7f8aeabbc6c0 op.type=1 op.reqBuff=0x7f8b040096a0 op.respSize=16 done
n232-194-226:234132:234153 [0] NCCL INFO ncclPollProxyResponse Received new opId=0x7f8aeabbc6c0
n232-194-226:234132:234196 [0] NCCL INFO Received and initiated operation=Init res=0
n232-194-226:234132:234153 [0] NCCL INFO recvOpId=0x7f8aeabbc6c0 matches expected opId=0x7f8aeabbc6c0
n232-194-226:234132:234153 [0] NCCL INFO Connection to proxy localRank 0 -> connection 0x7f8b040032e0
n232-194-226:234133:234193 [1] NCCL INFO New proxy recv connection 7 from local rank 1, transport 0
n232-194-226:234133:234193 [1] NCCL INFO proxyProgressAsync opId=0x7fd98abbc6a0 op.type=1 op.reqBuff=0x7fd98000b690 op.respSize=16 done
n232-194-226:234133:234154 [1] NCCL INFO ncclPollProxyResponse Received new opId=0x7fd98abbc6a0
n232-194-226:234133:234154 [1] NCCL INFO recvOpId=0x7fd98abbc6a0 matches expected opId=0x7fd98abbc6a0
n232-194-226:234133:234193 [1] NCCL INFO Received and initiated operation=Init res=0
n232-194-226:234133:234154 [1] NCCL INFO Connection to proxy localRank 1 -> connection 0x7fd980003380
n232-194-226:234134:234197 [2] NCCL INFO transport/p2p.cc:204 Cuda Alloc Size 10485760 pointer 0x7fc62c000000
n232-194-226:234134:234197 [2] NCCL INFO Allocated shareable buffer 0x7fc62c000000 size 10485760 ipcDesc 0x7fc6380360d0
n232-194-226:234134:234197 [2] NCCL INFO proxyProgressAsync opId=0x7fc642bbc880 op.type=3 op.reqBuff=0x7fc638038ad0 op.respSize=80 done
n232-194-226:234134:234156 [2] NCCL INFO ncclPollProxyResponse Received new opId=0x7fc642bbc880
n232-194-226:234134:234197 [2] NCCL INFO Received and initiated operation=Setup res=0
n232-194-226:234134:234156 [2] NCCL INFO recvOpId=0x7fc642bbc880 matches expected opId=0x7fc642bbc880
n232-194-226:234134:234156 [2] NCCL INFO Channel 01/0 : 2[2] -> 1[1] via P2P/IPC
n232-194-226:234134:234197 [2] NCCL INFO New proxy send connection 20 from local rank 2, transport 0
n232-194-226:234134:234197 [2] NCCL INFO proxyProgressAsync opId=0x7fc642bbc880 op.type=1 op.reqBuff=0x7fc638038ad0 op.respSize=16 done
n232-194-226:234134:234156 [2] NCCL INFO ncclPollProxyResponse Received new opId=0x7fc642bbc880
n232-194-226:234135:234195 [3] NCCL INFO transport/p2p.cc:204 Cuda Alloc Size 10485760 pointer 0x7fc5eaa00000
n232-194-226:234134:234197 [2] NCCL INFO Received and initiated operation=Init res=0
n232-194-226:234134:234156 [2] NCCL INFO recvOpId=0x7fc642bbc880 matches expected opId=0x7fc642bbc880
n232-194-226:234134:234156 [2] NCCL INFO Connection to proxy localRank 2 -> connection 0x7fc638003790
n232-194-226:234135:234195 [3] NCCL INFO Allocated shareable buffer 0x7fc5eaa00000 size 10485760 ipcDesc 0x7fc5ec035c80
n232-194-226:234135:234195 [3] NCCL INFO proxyProgressAsync opId=0x7fc5f6bbc880 op.type=3 op.reqBuff=0x7fc5ec037550 op.respSize=80 done
n232-194-226:234135:234157 [3] NCCL INFO ncclPollProxyResponse Received new opId=0x7fc5f6bbc880
n232-194-226:234135:234195 [3] NCCL INFO Received and initiated operation=Setup res=0
n232-194-226:234135:234157 [3] NCCL INFO recvOpId=0x7fc5f6bbc880 matches expected opId=0x7fc5f6bbc880
n232-194-226:234135:234195 [3] NCCL INFO New proxy recv connection 19 from local rank 3, transport 0
n232-194-226:234135:234195 [3] NCCL INFO proxyProgressAsync opId=0x7fc5f6bbc880 op.type=1 op.reqBuff=0x7fc5ec037550 op.respSize=16 done
n232-194-226:234135:234157 [3] NCCL INFO ncclPollProxyResponse Received new opId=0x7fc5f6bbc880
n232-194-226:234135:234195 [3] NCCL INFO Received and initiated operation=Init res=0
n232-194-226:234135:234157 [3] NCCL INFO recvOpId=0x7fc5f6bbc880 matches expected opId=0x7fc5f6bbc880
n232-194-226:234135:234157 [3] NCCL INFO Connection to proxy localRank 3 -> connection 0x7fc5ec003740
n232-194-226:234133:234193 [1] NCCL INFO transport/p2p.cc:204 Cuda Alloc Size 10485760 pointer 0x7fd97d400000
n232-194-226:234132:234196 [0] NCCL INFO transport/p2p.cc:204 Cuda Alloc Size 10485760 pointer 0x7f8ae0000000
n232-194-226:234133:234193 [1] NCCL INFO Allocated shareable buffer 0x7fd97d400000 size 10485760 ipcDesc 0x7fd98000c440
n232-194-226:234133:234193 [1] NCCL INFO proxyProgressAsync opId=0x7fd98abbc6a0 op.type=3 op.reqBuff=0x7fd98000c410 op.respSize=80 done
n232-194-226:234132:234196 [0] NCCL INFO Allocated shareable buffer 0x7f8ae0000000 size 10485760 ipcDesc 0x7f8b0400a4e0
n232-194-226:234132:234196 [0] NCCL INFO proxyProgressAsync opId=0x7f8aeabbc6c0 op.type=3 op.reqBuff=0x7f8b0400a470 op.respSize=80 done
n232-194-226:234133:234154 [1] NCCL INFO ncclPollProxyResponse Received new opId=0x7fd98abbc6a0
n232-194-226:234132:234153 [0] NCCL INFO ncclPollProxyResponse Received new opId=0x7f8aeabbc6c0
n232-194-226:234133:234193 [1] NCCL INFO Received and initiated operation=Setup res=0
n232-194-226:234133:234154 [1] NCCL INFO recvOpId=0x7fd98abbc6a0 matches expected opId=0x7fd98abbc6a0
n232-194-226:234132:234153 [0] NCCL INFO recvOpId=0x7f8aeabbc6c0 matches expected opId=0x7f8aeabbc6c0
n232-194-226:234132:234196 [0] NCCL INFO Received and initiated operation=Setup res=0
n232-194-226:234132:234196 [0] NCCL INFO New proxy recv connection 6 from local rank 0, transport 0
n232-194-226:234133:234193 [1] NCCL INFO New proxy recv connection 8 from local rank 1, transport 0
n232-194-226:234133:234193 [1] NCCL INFO proxyProgressAsync opId=0x7fd98abbc6a0 op.type=1 op.reqBuff=0x7fd98000c410 op.respSize=16 done
n232-194-226:234132:234196 [0] NCCL INFO proxyProgressAsync opId=0x7f8aeabbc6c0 op.type=1 op.reqBuff=0x7f8b0400a470 op.respSize=16 done
n232-194-226:234133:234154 [1] NCCL INFO ncclPollProxyResponse Received new opId=0x7fd98abbc6a0
n232-194-226:234132:234153 [0] NCCL INFO ncclPollProxyResponse Received new opId=0x7f8aeabbc6c0
n232-194-226:234133:234154 [1] NCCL INFO recvOpId=0x7fd98abbc6a0 matches expected opId=0x7fd98abbc6a0
n232-194-226:234132:234153 [0] NCCL INFO recvOpId=0x7f8aeabbc6c0 matches expected opId=0x7f8aeabbc6c0
n232-194-226:234133:234154 [1] NCCL INFO Connection to proxy localRank 1 -> connection 0x7fd9800033d0
n232-194-226:234132:234196 [0] NCCL INFO Received and initiated operation=Init res=0
n232-194-226:234133:234193 [1] NCCL INFO Received and initiated operation=Init res=0
n232-194-226:234132:234153 [0] NCCL INFO Connection to proxy localRank 0 -> connection 0x7f8b04003330
n232-194-226:234134:234197 [2] NCCL INFO transport/p2p.cc:204 Cuda Alloc Size 2097152 pointer 0x7fc62ca00000
n232-194-226:234134:234197 [2] NCCL INFO Allocated shareable buffer 0x7fc62ca00000 size 2097152 ipcDesc 0x7fc6380360d0
n232-194-226:234134:234197 [2] NCCL INFO proxyProgressAsync opId=0x7fc642bbc880 op.type=3 op.reqBuff=0x7fc638038b10 op.respSize=80 done
n232-194-226:234134:234156 [2] NCCL INFO ncclPollProxyResponse Received new opId=0x7fc642bbc880
n232-194-226:234134:234197 [2] NCCL INFO Received and initiated operation=Setup res=0
n232-194-226:234134:234156 [2] NCCL INFO recvOpId=0x7fc642bbc880 matches expected opId=0x7fc642bbc880
n232-194-226:234134:234156 [2] NCCL INFO Channel 02/0 : 2[2] -> 1[1] via P2P/IPC
n232-194-226:234134:234197 [2] NCCL INFO New proxy send connection 21 from local rank 2, transport 0
n232-194-226:234134:234197 [2] NCCL INFO proxyProgressAsync opId=0x7fc642bbc880 op.type=1 op.reqBuff=0x7fc638038b10 op.respSize=16 done
n232-194-226:234135:234195 [3] NCCL INFO transport/p2p.cc:204 Cuda Alloc Size 10485760 pointer 0x7fc5eb400000
n232-194-226:234134:234156 [2] NCCL INFO ncclPollProxyResponse Received new opId=0x7fc642bbc880
n232-194-226:234134:234197 [2] NCCL INFO Received and initiated operation=Init res=0
n232-194-226:234134:234156 [2] NCCL INFO recvOpId=0x7fc642bbc880 matches expected opId=0x7fc642bbc880
n232-194-226:234134:234156 [2] NCCL INFO Connection to proxy localRank 2 -> connection 0x7fc6380037e0
n232-194-226:234135:234195 [3] NCCL INFO Allocated shareable buffer 0x7fc5eb400000 size 10485760 ipcDesc 0x7fc5ec035c80
n232-194-226:234135:234195 [3] NCCL INFO proxyProgressAsync opId=0x7fc5f6bbc880 op.type=3 op.reqBuff=0x7fc5ec037590 op.respSize=80 done
n232-194-226:234135:234157 [3] NCCL INFO ncclPollProxyResponse Received new opId=0x7fc5f6bbc880
n232-194-226:234135:234157 [3] NCCL INFO recvOpId=0x7fc5f6bbc880 matches expected opId=0x7fc5f6bbc880
n232-194-226:234135:234195 [3] NCCL INFO Received and initiated operation=Setup res=0
n232-194-226:234135:234195 [3] NCCL INFO New proxy recv connection 20 from local rank 3, transport 0
n232-194-226:234135:234195 [3] NCCL INFO proxyProgressAsync opId=0x7fc5f6bbc880 op.type=1 op.reqBuff=0x7fc5ec037590 op.respSize=16 done
n232-194-226:234135:234157 [3] NCCL INFO ncclPollProxyResponse Received new opId=0x7fc5f6bbc880
n232-194-226:234135:234157 [3] NCCL INFO recvOpId=0x7fc5f6bbc880 matches expected opId=0x7fc5f6bbc880
n232-194-226:234135:234195 [3] NCCL INFO Received and initiated operation=Init res=0
n232-194-226:234135:234157 [3] NCCL INFO Connection to proxy localRank 3 -> connection 0x7fc5ec003790
n232-194-226:234133:234193 [1] NCCL INFO transport/p2p.cc:204 Cuda Alloc Size 10485760 pointer 0x7fd97a000000
n232-194-226:234133:234193 [1] NCCL INFO Allocated shareable buffer 0x7fd97a000000 size 10485760 ipcDesc 0x7fd98000c440
n232-194-226:234133:234193 [1] NCCL INFO proxyProgressAsync opId=0x7fd98abbc6a0 op.type=3 op.reqBuff=0x7fd98000c4d0 op.respSize=80 done
n232-194-226:234133:234154 [1] NCCL INFO ncclPollProxyResponse Received new opId=0x7fd98abbc6a0
n232-194-226:234133:234193 [1] NCCL INFO Received and initiated operation=Setup res=0
n232-194-226:234133:234154 [1] NCCL INFO recvOpId=0x7fd98abbc6a0 matches expected opId=0x7fd98abbc6a0
n232-194-226:234132:234196 [0] NCCL INFO transport/p2p.cc:204 Cuda Alloc Size 10485760 pointer 0x7f8ae0a00000
n232-194-226:234133:234193 [1] NCCL INFO New proxy recv connection 9 from local rank 1, transport 0
n232-194-226:234133:234193 [1] NCCL INFO proxyProgressAsync opId=0x7fd98abbc6a0 op.type=1 op.reqBuff=0x7fd98000c4d0 op.respSize=16 done
n232-194-226:234133:234154 [1] NCCL INFO ncclPollProxyResponse Received new opId=0x7fd98abbc6a0
n232-194-226:234133:234154 [1] NCCL INFO recvOpId=0x7fd98abbc6a0 matches expected opId=0x7fd98abbc6a0
n232-194-226:234133:234193 [1] NCCL INFO Received and initiated operation=Init res=0
n232-194-226:234133:234154 [1] NCCL INFO Connection to proxy localRank 1 -> connection 0x7fd980003420
n232-194-226:234132:234196 [0] NCCL INFO Allocated shareable buffer 0x7f8ae0a00000 size 10485760 ipcDesc 0x7f8b0400b660
n232-194-226:234132:234196 [0] NCCL INFO proxyProgressAsync opId=0x7f8aeabbc6c0 op.type=3 op.reqBuff=0x7f8b0400b5f0 op.respSize=80 done
n232-194-226:234132:234153 [0] NCCL INFO ncclPollProxyResponse Received new opId=0x7f8aeabbc6c0
n232-194-226:234132:234196 [0] NCCL INFO Received and initiated operation=Setup res=0
n232-194-226:234132:234153 [0] NCCL INFO recvOpId=0x7f8aeabbc6c0 matches expected opId=0x7f8aeabbc6c0
n232-194-226:234134:234197 [2] NCCL INFO transport/p2p.cc:204 Cuda Alloc Size 2097152 pointer 0x7fc62cc00000
n232-194-226:234132:234196 [0] NCCL INFO New proxy recv connection 7 from local rank 0, transport 0
n232-194-226:234132:234196 [0] NCCL INFO proxyProgressAsync opId=0x7f8aeabbc6c0 op.type=1 op.reqBuff=0x7f8b0400b5f0 op.respSize=16 done
n232-194-226:234132:234153 [0] NCCL INFO ncclPollProxyResponse Received new opId=0x7f8aeabbc6c0
n232-194-226:234132:234153 [0] NCCL INFO recvOpId=0x7f8aeabbc6c0 matches expected opId=0x7f8aeabbc6c0
n232-194-226:234132:234153 [0] NCCL INFO Connection to proxy localRank 0 -> connection 0x7f8b04003380
n232-194-226:234132:234196 [0] NCCL INFO Received and initiated operation=Init res=0
n232-194-226:234134:234197 [2] NCCL INFO Allocated shareable buffer 0x7fc62cc00000 size 2097152 ipcDesc 0x7fc6380360d0
n232-194-226:234134:234197 [2] NCCL INFO proxyProgressAsync opId=0x7fc642bbc880 op.type=3 op.reqBuff=0x7fc63803a700 op.respSize=80 done
n232-194-226:234134:234156 [2] NCCL INFO ncclPollProxyResponse Received new opId=0x7fc642bbc880
n232-194-226:234134:234156 [2] NCCL INFO recvOpId=0x7fc642bbc880 matches expected opId=0x7fc642bbc880
n232-194-226:234135:234195 [3] NCCL INFO transport/p2p.cc:204 Cuda Alloc Size 10485760 pointer 0x7fc5e2000000
n232-194-226:234134:234197 [2] NCCL INFO Received and initiated operation=Setup res=0
n232-194-226:234134:234156 [2] NCCL INFO Channel 04/0 : 2[2] -> 1[1] via P2P/IPC
n232-194-226:234135:234195 [3] NCCL INFO Allocated shareable buffer 0x7fc5e2000000 size 10485760 ipcDesc 0x7fc5ec035c80
n232-194-226:234135:234195 [3] NCCL INFO proxyProgressAsync opId=0x7fc5f6bbc880 op.type=3 op.reqBuff=0x7fc5ec039220 op.respSize=80 done
n232-194-226:234135:234157 [3] NCCL INFO ncclPollProxyResponse Received new opId=0x7fc5f6bbc880
n232-194-226:234135:234195 [3] NCCL INFO Received and initiated operation=Setup res=0
n232-194-226:234135:234157 [3] NCCL INFO recvOpId=0x7fc5f6bbc880 matches expected opId=0x7fc5f6bbc880
n232-194-226:234134:234197 [2] NCCL INFO New proxy send connection 22 from local rank 2, transport 0
n232-194-226:234134:234197 [2] NCCL INFO proxyProgressAsync opId=0x7fc642bbc880 op.type=1 op.reqBuff=0x7fc63803a700 op.respSize=16 done
n232-194-226:234134:234156 [2] NCCL INFO ncclPollProxyResponse Received new opId=0x7fc642bbc880
n232-194-226:234134:234197 [2] NCCL INFO Received and initiated operation=Init res=0
n232-194-226:234134:234156 [2] NCCL INFO recvOpId=0x7fc642bbc880 matches expected opId=0x7fc642bbc880
n232-194-226:234135:234195 [3] NCCL INFO New proxy recv connection 21 from local rank 3, transport 0
n232-194-226:234134:234156 [2] NCCL INFO Connection to proxy localRank 2 -> connection 0x7fc638003830
n232-194-226:234135:234195 [3] NCCL INFO proxyProgressAsync opId=0x7fc5f6bbc880 op.type=1 op.reqBuff=0x7fc5ec039220 op.respSize=16 done
n232-194-226:234135:234157 [3] NCCL INFO ncclPollProxyResponse Received new opId=0x7fc5f6bbc880
n232-194-226:234135:234195 [3] NCCL INFO Received and initiated operation=Init res=0
n232-194-226:234135:234157 [3] NCCL INFO recvOpId=0x7fc5f6bbc880 matches expected opId=0x7fc5f6bbc880
n232-194-226:234135:234157 [3] NCCL INFO Connection to proxy localRank 3 -> connection 0x7fc5ec0037e0
n232-194-226:234133:234193 [1] NCCL INFO transport/p2p.cc:204 Cuda Alloc Size 10485760 pointer 0x7fd97aa00000
n232-194-226:234133:234193 [1] NCCL INFO Allocated shareable buffer 0x7fd97aa00000 size 10485760 ipcDesc 0x7fd98000c440
n232-194-226:234133:234193 [1] NCCL INFO proxyProgressAsync opId=0x7fd98abbc6a0 op.type=3 op.reqBuff=0x7fd98000c510 op.respSize=80 done
n232-194-226:234133:234154 [1] NCCL INFO ncclPollProxyResponse Received new opId=0x7fd98abbc6a0
n232-194-226:234133:234193 [1] NCCL INFO Received and initiated operation=Setup res=0
n232-194-226:234133:234154 [1] NCCL INFO recvOpId=0x7fd98abbc6a0 matches expected opId=0x7fd98abbc6a0
n232-194-226:234133:234193 [1] NCCL INFO New proxy recv connection 10 from local rank 1, transport 0
n232-194-226:234133:234193 [1] NCCL INFO proxyProgressAsync opId=0x7fd98abbc6a0 op.type=1 op.reqBuff=0x7fd98000c510 op.respSize=16 done
n232-194-226:234133:234154 [1] NCCL INFO ncclPollProxyResponse Received new opId=0x7fd98abbc6a0
n232-194-226:234133:234154 [1] NCCL INFO recvOpId=0x7fd98abbc6a0 matches expected opId=0x7fd98abbc6a0
n232-194-226:234133:234193 [1] NCCL INFO Received and initiated operation=Init res=0
n232-194-226:234132:234196 [0] NCCL INFO transport/p2p.cc:204 Cuda Alloc Size 10485760 pointer 0x7f8ae1400000
n232-194-226:234133:234154 [1] NCCL INFO Connection to proxy localRank 1 -> connection 0x7fd980003470
n232-194-226:234132:234196 [0] NCCL INFO Allocated shareable buffer 0x7f8ae1400000 size 10485760 ipcDesc 0x7f8b0400c3f0
n232-194-226:234132:234196 [0] NCCL INFO proxyProgressAsync opId=0x7f8aeabbc6c0 op.type=3 op.reqBuff=0x7f8b0400c3c0 op.respSize=80 done
n232-194-226:234132:234153 [0] NCCL INFO ncclPollProxyResponse Received new opId=0x7f8aeabbc6c0
n232-194-226:234132:234153 [0] NCCL INFO recvOpId=0x7f8aeabbc6c0 matches expected opId=0x7f8aeabbc6c0
n232-194-226:234132:234196 [0] NCCL INFO Received and initiated operation=Setup res=0
n232-194-226:234132:234196 [0] NCCL INFO New proxy recv connection 8 from local rank 0, transport 0
n232-194-226:234132:234196 [0] NCCL INFO proxyProgressAsync opId=0x7f8aeabbc6c0 op.type=1 op.reqBuff=0x7f8b0400c3c0 op.respSize=16 done
n232-194-226:234132:234153 [0] NCCL INFO ncclPollProxyResponse Received new opId=0x7f8aeabbc6c0
n232-194-226:234132:234153 [0] NCCL INFO recvOpId=0x7f8aeabbc6c0 matches expected opId=0x7f8aeabbc6c0
n232-194-226:234132:234153 [0] NCCL INFO Connection to proxy localRank 0 -> connection 0x7f8b040033d0
n232-194-226:234132:234196 [0] NCCL INFO Received and initiated operation=Init res=0
n232-194-226:234134:234197 [2] NCCL INFO transport/p2p.cc:204 Cuda Alloc Size 2097152 pointer 0x7fc62ce00000
n232-194-226:234134:234197 [2] NCCL INFO Allocated shareable buffer 0x7fc62ce00000 size 2097152 ipcDesc 0x7fc6380360d0
n232-194-226:234134:234197 [2] NCCL INFO proxyProgressAsync opId=0x7fc642bbc880 op.type=3 op.reqBuff=0x7fc63803a740 op.respSize=80 done
n232-194-226:234135:234195 [3] NCCL INFO transport/p2p.cc:204 Cuda Alloc Size 10485760 pointer 0x7fc5e2a00000
n232-194-226:234134:234156 [2] NCCL INFO ncclPollProxyResponse Received new opId=0x7fc642bbc880
n232-194-226:234134:234197 [2] NCCL INFO Received and initiated operation=Setup res=0
n232-194-226:234134:234156 [2] NCCL INFO recvOpId=0x7fc642bbc880 matches expected opId=0x7fc642bbc880
n232-194-226:234134:234156 [2] NCCL INFO Channel 05/0 : 2[2] -> 1[1] via P2P/IPC
n232-194-226:234135:234195 [3] NCCL INFO Allocated shareable buffer 0x7fc5e2a00000 size 10485760 ipcDesc 0x7fc5ec035c80
n232-194-226:234135:234195 [3] NCCL INFO proxyProgressAsync opId=0x7fc5f6bbc880 op.type=3 op.reqBuff=0x7fc5ec039260 op.respSize=80 done
n232-194-226:234134:234197 [2] NCCL INFO New proxy send connection 23 from local rank 2, transport 0
n232-194-226:234134:234197 [2] NCCL INFO proxyProgressAsync opId=0x7fc642bbc880 op.type=1 op.reqBuff=0x7fc63803a740 op.respSize=16 done
n232-194-226:234135:234157 [3] NCCL INFO ncclPollProxyResponse Received new opId=0x7fc5f6bbc880
n232-194-226:234136:234194 [4] NCCL INFO New proxy recv connection 12 from local rank 4, transport 2
n232-194-226:234134:234156 [2] NCCL INFO ncclPollProxyResponse Received new opId=0x7fc642bbc880
n232-194-226:234135:234195 [3] NCCL INFO Received and initiated operation=Setup res=0
n232-194-226:234136:234194 [4] NCCL INFO proxyProgressAsync opId=0x7fb68ebbc6c0 op.type=1 op.reqBuff=0x7fb68000dd50 op.respSize=16 done
n232-194-226:234134:234197 [2] NCCL INFO Received and initiated operation=Init res=0
n232-194-226:234135:234157 [3] NCCL INFO recvOpId=0x7fc5f6bbc880 matches expected opId=0x7fc5f6bbc880
n232-194-226:234134:234156 [2] NCCL INFO recvOpId=0x7fc642bbc880 matches expected opId=0x7fc642bbc880
n232-194-226:234134:234156 [2] NCCL INFO Connection to proxy localRank 2 -> connection 0x7fc638003880
n232-194-226:234136:234155 [4] NCCL INFO ncclPollProxyResponse Received new opId=0x7fb68ebbc6c0
n232-194-226:234136:234155 [4] NCCL INFO recvOpId=0x7fb68ebbc6c0 matches expected opId=0x7fb68ebbc6c0
n232-194-226:234136:234194 [4] NCCL INFO Received and initiated operation=Init res=0
n232-194-226:234135:234195 [3] NCCL INFO New proxy recv connection 22 from local rank 3, transport 0
n232-194-226:234135:234195 [3] NCCL INFO proxyProgressAsync opId=0x7fc5f6bbc880 op.type=1 op.reqBuff=0x7fc5ec039260 op.respSize=16 done
n232-194-226:234133:234193 [1] NCCL INFO transport/p2p.cc:204 Cuda Alloc Size 10485760 pointer 0x7fd97b400000
n232-194-226:234135:234157 [3] NCCL INFO ncclPollProxyResponse Received new opId=0x7fc5f6bbc880
n232-194-226:234136:234155 [4] NCCL INFO Connection to proxy localRank 4 -> connection 0x7fb680003510
n232-194-226:234133:234193 [1] NCCL INFO Allocated shareable buffer 0x7fd97b400000 size 10485760 ipcDesc 0x7fd98000c440
n232-194-226:234135:234157 [3] NCCL INFO recvOpId=0x7fc5f6bbc880 matches expected opId=0x7fc5f6bbc880
n232-194-226:234133:234193 [1] NCCL INFO proxyProgressAsync opId=0x7fd98abbc6a0 op.type=3 op.reqBuff=0x7fd98000e160 op.respSize=80 done
n232-194-226:234135:234195 [3] NCCL INFO Received and initiated operation=Init res=0
n232-194-226:234135:234157 [3] NCCL INFO Connection to proxy localRank 3 -> connection 0x7fc5ec003830
n232-194-226:234133:234154 [1] NCCL INFO ncclPollProxyResponse Received new opId=0x7fd98abbc6a0
n232-194-226:234133:234193 [1] NCCL INFO Received and initiated operation=Setup res=0
n232-194-226:234133:234154 [1] NCCL INFO recvOpId=0x7fd98abbc6a0 matches expected opId=0x7fd98abbc6a0
n232-194-226:234133:234193 [1] NCCL INFO New proxy recv connection 11 from local rank 1, transport 0
n232-194-226:234133:234193 [1] NCCL INFO proxyProgressAsync opId=0x7fd98abbc6a0 op.type=1 op.reqBuff=0x7fd98000e160 op.respSize=16 done
n232-194-226:234133:234154 [1] NCCL INFO ncclPollProxyResponse Received new opId=0x7fd98abbc6a0
n232-194-226:234133:234193 [1] NCCL INFO Received and initiated operation=Init res=0
n232-194-226:234133:234154 [1] NCCL INFO recvOpId=0x7fd98abbc6a0 matches expected opId=0x7fd98abbc6a0
n232-194-226:234133:234154 [1] NCCL INFO Connection to proxy localRank 1 -> connection 0x7fd9800034c0
n232-194-226:234136:234194 [4] NCCL INFO proxyProgressAsync opId=0x7fb68ebbc6c0 op.type=3 op.reqBuff=0x7fb680010170 op.respSize=128 done
n232-194-226:234136:234155 [4] NCCL INFO ncclPollProxyResponse Received new opId=0x7fb68ebbc6c0
n232-194-226:234136:234155 [4] NCCL INFO recvOpId=0x7fb68ebbc6c0 matches expected opId=0x7fb68ebbc6c0
n232-194-226:234132:234196 [0] NCCL INFO transport/p2p.cc:204 Cuda Alloc Size 10485760 pointer 0x7f8ade000000
n232-194-226:234136:234155 [4] NCCL INFO Channel 02/0 : 5[0] -> 4[4] [receive] via NET/IB/3/GDRDMA
n232-194-226:234136:234155 [4] NCCL INFO GPU Direct RDMA Enabled for GPU 87000 / HCA 3 (distance 3 <= 4), read 0
n232-194-226:234136:234194 [4] NCCL INFO Received and initiated operation=Setup res=0
n232-194-226:234136:234194 [4] NCCL INFO New proxy recv connection 13 from local rank 4, transport 2
n232-194-226:234136:234194 [4] NCCL INFO proxyProgressAsync opId=0x7fb68ebbc6c0 op.type=1 op.reqBuff=0x7fb68000f310 op.respSize=16 done
n232-194-226:234136:234155 [4] NCCL INFO ncclPollProxyResponse Received new opId=0x7fb68ebbc6c0
n232-194-226:234132:234196 [0] NCCL INFO Allocated shareable buffer 0x7f8ade000000 size 10485760 ipcDesc 0x7f8b0400c3f0
n232-194-226:234132:234196 [0] NCCL INFO proxyProgressAsync opId=0x7f8aeabbc6c0 op.type=3 op.reqBuff=0x7f8b0400c480 op.respSize=80 done
n232-194-226:234136:234155 [4] NCCL INFO recvOpId=0x7fb68ebbc6c0 matches expected opId=0x7fb68ebbc6c0
n232-194-226:234136:234194 [4] NCCL INFO Received and initiated operation=Init res=0
n232-194-226:234136:234155 [4] NCCL INFO Connection to proxy localRank 4 -> connection 0x7fb680003560
n232-194-226:234132:234153 [0] NCCL INFO ncclPollProxyResponse Received new opId=0x7f8aeabbc6c0
n232-194-226:234132:234196 [0] NCCL INFO Received and initiated operation=Setup res=0
n232-194-226:234132:234153 [0] NCCL INFO recvOpId=0x7f8aeabbc6c0 matches expected opId=0x7f8aeabbc6c0
n232-194-226:234132:234196 [0] NCCL INFO New proxy recv connection 9 from local rank 0, transport 0
n232-194-226:234132:234196 [0] NCCL INFO proxyProgressAsync opId=0x7f8aeabbc6c0 op.type=1 op.reqBuff=0x7f8b0400c480 op.respSize=16 done
n232-194-226:234136:234194 [4] NCCL INFO proxyProgressAsync opId=0x7fb68ebbc6c0 op.type=3 op.reqBuff=0x7fb68000c450 op.respSize=128 done
n232-194-226:234132:234153 [0] NCCL INFO ncclPollProxyResponse Received new opId=0x7f8aeabbc6c0
n232-194-226:234136:234155 [4] NCCL INFO ncclPollProxyResponse Received new opId=0x7fb68ebbc6c0
n232-194-226:234132:234153 [0] NCCL INFO recvOpId=0x7f8aeabbc6c0 matches expected opId=0x7f8aeabbc6c0
n232-194-226:234134:234197 [2] NCCL INFO transport/p2p.cc:204 Cuda Alloc Size 2097152 pointer 0x7fc62d000000
n232-194-226:234132:234196 [0] NCCL INFO Received and initiated operation=Init res=0
n232-194-226:234136:234155 [4] NCCL INFO recvOpId=0x7fb68ebbc6c0 matches expected opId=0x7fb68ebbc6c0
n232-194-226:234136:234155 [4] NCCL INFO Channel 05/0 : 5[0] -> 4[4] [receive] via NET/IB/3/GDRDMA
n232-194-226:234132:234153 [0] NCCL INFO Connection to proxy localRank 0 -> connection 0x7f8b04003420
n232-194-226:234136:234194 [4] NCCL INFO Received and initiated operation=Setup res=0
n232-194-226:234136:234155 [4] NCCL INFO GPU Direct RDMA Enabled for GPU 87000 / HCA 3 (distance 3 <= 4), read 0
n232-194-226:234134:234197 [2] NCCL INFO Allocated shareable buffer 0x7fc62d000000 size 2097152 ipcDesc 0x7fc6380360d0
n232-194-226:234136:234194 [4] NCCL INFO New proxy recv connection 14 from local rank 4, transport 2
n232-194-226:234134:234197 [2] NCCL INFO proxyProgressAsync opId=0x7fc642bbc880 op.type=3 op.reqBuff=0x7fc63803bf80 op.respSize=80 done
n232-194-226:234136:234194 [4] NCCL INFO proxyProgressAsync opId=0x7fb68ebbc6c0 op.type=1 op.reqBuff=0x7fb68000c430 op.respSize=16 done
n232-194-226:234134:234156 [2] NCCL INFO ncclPollProxyResponse Received new opId=0x7fc642bbc880
n232-194-226:234136:234155 [4] NCCL INFO ncclPollProxyResponse Received new opId=0x7fb68ebbc6c0
n232-194-226:234134:234197 [2] NCCL INFO Received and initiated operation=Setup res=0
n232-194-226:234136:234194 [4] NCCL INFO Received and initiated operation=Init res=0
n232-194-226:234134:234156 [2] NCCL INFO recvOpId=0x7fc642bbc880 matches expected opId=0x7fc642bbc880
n232-194-226:234136:234155 [4] NCCL INFO recvOpId=0x7fb68ebbc6c0 matches expected opId=0x7fb68ebbc6c0
n232-194-226:234134:234156 [2] NCCL INFO Channel 07/0 : 2[2] -> 1[1] via P2P/IPC
n232-194-226:234136:234155 [4] NCCL INFO Connection to proxy localRank 4 -> connection 0x7fb6800035b0
n232-194-226:234135:234195 [3] NCCL INFO transport/p2p.cc:204 Cuda Alloc Size 10485760 pointer 0x7fc5e3400000
n232-194-226:234134:234197 [2] NCCL INFO New proxy send connection 24 from local rank 2, transport 0
n232-194-226:234134:234197 [2] NCCL INFO proxyProgressAsync opId=0x7fc642bbc880 op.type=1 op.reqBuff=0x7fc63803bf80 op.respSize=16 done
n232-194-226:234135:234195 [3] NCCL INFO Allocated shareable buffer 0x7fc5e3400000 size 10485760 ipcDesc 0x7fc5ec035c80
n232-194-226:234134:234156 [2] NCCL INFO ncclPollProxyResponse Received new opId=0x7fc642bbc880
n232-194-226:234135:234195 [3] NCCL INFO proxyProgressAsync opId=0x7fc5f6bbc880 op.type=3 op.reqBuff=0x7fc5ec03aef0 op.respSize=80 done
n232-194-226:234134:234197 [2] NCCL INFO Received and initiated operation=Init res=0
n232-194-226:234136:234194 [4] NCCL INFO proxyProgressAsync opId=0x7fb68ebbc6c0 op.type=3 op.reqBuff=0x7fb68000e6c0 op.respSize=128 done
n232-194-226:234135:234157 [3] NCCL INFO ncclPollProxyResponse Received new opId=0x7fc5f6bbc880
n232-194-226:234134:234156 [2] NCCL INFO recvOpId=0x7fc642bbc880 matches expected opId=0x7fc642bbc880
n232-194-226:234134:234156 [2] NCCL INFO Connection to proxy localRank 2 -> connection 0x7fc6380038d0
n232-194-226:234136:234155 [4] NCCL INFO ncclPollProxyResponse Received new opId=0x7fb68ebbc6c0
n232-194-226:234136:234194 [4] NCCL INFO Received and initiated operation=Setup res=0
n232-194-226:234135:234157 [3] NCCL INFO recvOpId=0x7fc5f6bbc880 matches expected opId=0x7fc5f6bbc880
n232-194-226:234135:234195 [3] NCCL INFO Received and initiated operation=Setup res=0
n232-194-226:234136:234155 [4] NCCL INFO recvOpId=0x7fb68ebbc6c0 matches expected opId=0x7fb68ebbc6c0
n232-194-226:234136:234155 [4] NCCL INFO Channel 08/0 : 5[0] -> 4[4] [receive] via NET/IB/3/GDRDMA
n232-194-226:234136:234155 [4] NCCL INFO GPU Direct RDMA Enabled for GPU 87000 / HCA 3 (distance 3 <= 4), read 0
n232-194-226:234133:234193 [1] NCCL INFO transport/p2p.cc:204 Cuda Alloc Size 10485760 pointer 0x7fd978000000
n232-194-226:234135:234195 [3] NCCL INFO New proxy recv connection 23 from local rank 3, transport 0
n232-194-226:234136:234194 [4] NCCL INFO New proxy recv connection 15 from local rank 4, transport 2
n232-194-226:234136:234194 [4] NCCL INFO proxyProgressAsync opId=0x7fb68ebbc6c0 op.type=1 op.reqBuff=0x7fb68000f310 op.respSize=16 done
n232-194-226:234135:234195 [3] NCCL INFO proxyProgressAsync opId=0x7fc5f6bbc880 op.type=1 op.reqBuff=0x7fc5ec03aef0 op.respSize=16 done
n232-194-226:234133:234193 [1] NCCL INFO Allocated shareable buffer 0x7fd978000000 size 10485760 ipcDesc 0x7fd98000c440
n232-194-226:234133:234193 [1] NCCL INFO proxyProgressAsync opId=0x7fd98abbc6a0 op.type=3 op.reqBuff=0x7fd98000e1a0 op.respSize=80 done
n232-194-226:234136:234155 [4] NCCL INFO ncclPollProxyResponse Received new opId=0x7fb68ebbc6c0
n232-194-226:234135:234157 [3] NCCL INFO ncclPollProxyResponse Received new opId=0x7fc5f6bbc880
n232-194-226:234136:234194 [4] NCCL INFO Received and initiated operation=Init res=0
n232-194-226:234133:234154 [1] NCCL INFO ncclPollProxyResponse Received new opId=0x7fd98abbc6a0
n232-194-226:234136:234155 [4] NCCL INFO recvOpId=0x7fb68ebbc6c0 matches expected opId=0x7fb68ebbc6c0
n232-194-226:234135:234157 [3] NCCL INFO recvOpId=0x7fc5f6bbc880 matches expected opId=0x7fc5f6bbc880
n232-194-226:234135:234195 [3] NCCL INFO Received and initiated operation=Init res=0
n232-194-226:234133:234193 [1] NCCL INFO Received and initiated operation=Setup res=0
n232-194-226:234136:234155 [4] NCCL INFO Connection to proxy localRank 4 -> connection 0x7fb680003600
n232-194-226:234133:234154 [1] NCCL INFO recvOpId=0x7fd98abbc6a0 matches expected opId=0x7fd98abbc6a0
n232-194-226:234135:234157 [3] NCCL INFO Connection to proxy localRank 3 -> connection 0x7fc5ec003880
n232-194-226:234133:234154 [1] NCCL INFO Channel 00/0 : 1[1] -> 0[0] via P2P/IPC
n232-194-226:234133:234193 [1] NCCL INFO New proxy send connection 12 from local rank 1, transport 0
n232-194-226:234133:234193 [1] NCCL INFO proxyProgressAsync opId=0x7fd98abbc6a0 op.type=1 op.reqBuff=0x7fd98000e1a0 op.respSize=16 done
n232-194-226:234133:234154 [1] NCCL INFO ncclPollProxyResponse Received new opId=0x7fd98abbc6a0
n232-194-226:234132:234196 [0] NCCL INFO transport/p2p.cc:204 Cuda Alloc Size 10485760 pointer 0x7f8adea00000
n232-194-226:234133:234193 [1] NCCL INFO Received and initiated operation=Init res=0
n232-194-226:234133:234154 [1] NCCL INFO recvOpId=0x7fd98abbc6a0 matches expected opId=0x7fd98abbc6a0
n232-194-226:234136:234194 [4] NCCL INFO proxyProgressAsync opId=0x7fb68ebbc6c0 op.type=3 op.reqBuff=0x7fb68000c430 op.respSize=128 done
n232-194-226:234133:234154 [1] NCCL INFO Connection to proxy localRank 1 -> connection 0x7fd980003510
n232-194-226:234136:234155 [4] NCCL INFO ncclPollProxyResponse Received new opId=0x7fb68ebbc6c0
n232-194-226:234136:234155 [4] NCCL INFO recvOpId=0x7fb68ebbc6c0 matches expected opId=0x7fb68ebbc6c0
n232-194-226:234136:234155 [4] NCCL INFO Channel 11/0 : 5[0] -> 4[4] [receive] via NET/IB/3/GDRDMA
n232-194-226:234136:234194 [4] NCCL INFO Received and initiated operation=Setup res=0
n232-194-226:234136:234155 [4] NCCL INFO Channel 00/0 : 4[4] -> 3[3] via P2P/IPC
n232-194-226:234132:234196 [0] NCCL INFO Allocated shareable buffer 0x7f8adea00000 size 10485760 ipcDesc 0x7f8b0400c3f0
n232-194-226:234132:234196 [0] NCCL INFO proxyProgressAsync opId=0x7f8aeabbc6c0 op.type=3 op.reqBuff=0x7f8b0400c4c0 op.respSize=80 done
n232-194-226:234132:234153 [0] NCCL INFO ncclPollProxyResponse Received new opId=0x7f8aeabbc6c0
n232-194-226:234132:234196 [0] NCCL INFO Received and initiated operation=Setup res=0
n232-194-226:234132:234153 [0] NCCL INFO recvOpId=0x7f8aeabbc6c0 matches expected opId=0x7f8aeabbc6c0
n232-194-226:234136:234194 [4] NCCL INFO New proxy send connection 16 from local rank 4, transport 0
n232-194-226:234136:234194 [4] NCCL INFO proxyProgressAsync opId=0x7fb68ebbc6c0 op.type=1 op.reqBuff=0x7fb68000f310 op.respSize=16 done
n232-194-226:234136:234155 [4] NCCL INFO ncclPollProxyResponse Received new opId=0x7fb68ebbc6c0
n232-194-226:234136:234194 [4] NCCL INFO Received and initiated operation=Init res=0
n232-194-226:234136:234155 [4] NCCL INFO recvOpId=0x7fb68ebbc6c0 matches expected opId=0x7fb68ebbc6c0
n232-194-226:234132:234196 [0] NCCL INFO New proxy recv connection 10 from local rank 0, transport 0
n232-194-226:234136:234155 [4] NCCL INFO Connection to proxy localRank 4 -> connection 0x7fb680003650
n232-194-226:234132:234196 [0] NCCL INFO proxyProgressAsync opId=0x7f8aeabbc6c0 op.type=1 op.reqBuff=0x7f8b0400c4c0 op.respSize=16 done
n232-194-226:234132:234153 [0] NCCL INFO ncclPollProxyResponse Received new opId=0x7f8aeabbc6c0
n232-194-226:234132:234196 [0] NCCL INFO Received and initiated operation=Init res=0
n232-194-226:234132:234153 [0] NCCL INFO recvOpId=0x7f8aeabbc6c0 matches expected opId=0x7f8aeabbc6c0
n232-194-226:234132:234153 [0] NCCL INFO Connection to proxy localRank 0 -> connection 0x7f8b04003470
n232-194-226:234134:234197 [2] NCCL INFO transport/p2p.cc:204 Cuda Alloc Size 2097152 pointer 0x7fc62d200000
n232-194-226:234134:234197 [2] NCCL INFO Allocated shareable buffer 0x7fc62d200000 size 2097152 ipcDesc 0x7fc6380360d0
n232-194-226:234134:234197 [2] NCCL INFO proxyProgressAsync opId=0x7fc642bbc880 op.type=3 op.reqBuff=0x7fc63803bfc0 op.respSize=80 done
n232-194-226:234134:234156 [2] NCCL INFO ncclPollProxyResponse Received new opId=0x7fc642bbc880
n232-194-226:234134:234156 [2] NCCL INFO recvOpId=0x7fc642bbc880 matches expected opId=0x7fc642bbc880
n232-194-226:234134:234197 [2] NCCL INFO Received and initiated operation=Setup res=0
n232-194-226:234134:234156 [2] NCCL INFO Channel 08/0 : 2[2] -> 1[1] via P2P/IPC
n232-194-226:234134:234197 [2] NCCL INFO New proxy send connection 25 from local rank 2, transport 0
n232-194-226:234134:234197 [2] NCCL INFO proxyProgressAsync opId=0x7fc642bbc880 op.type=1 op.reqBuff=0x7fc63803bfc0 op.respSize=16 done
n232-194-226:234134:234156 [2] NCCL INFO ncclPollProxyResponse Received new opId=0x7fc642bbc880
n232-194-226:234134:234197 [2] NCCL INFO Received and initiated operation=Init res=0
n232-194-226:234134:234156 [2] NCCL INFO recvOpId=0x7fc642bbc880 matches expected opId=0x7fc642bbc880
n232-194-226:234134:234156 [2] NCCL INFO Connection to proxy localRank 2 -> connection 0x7fc638003920
n232-194-226:234135:234195 [3] NCCL INFO transport/p2p.cc:204 Cuda Alloc Size 10485760 pointer 0x7fc5e0000000
n232-194-226:234133:234193 [1] NCCL INFO transport/p2p.cc:204 Cuda Alloc Size 2097152 pointer 0x7fd978a00000
n232-194-226:234135:234195 [3] NCCL INFO Allocated shareable buffer 0x7fc5e0000000 size 10485760 ipcDesc 0x7fc5ec035c80
n232-194-226:234135:234195 [3] NCCL INFO proxyProgressAsync opId=0x7fc5f6bbc880 op.type=3 op.reqBuff=0x7fc5ec03af30 op.respSize=80 done
n232-194-226:234133:234193 [1] NCCL INFO Allocated shareable buffer 0x7fd978a00000 size 2097152 ipcDesc 0x7fd98000c440
n232-194-226:234133:234193 [1] NCCL INFO proxyProgressAsync opId=0x7fd98abbc6a0 op.type=3 op.reqBuff=0x7fd98000f9e0 op.respSize=80 done
n232-194-226:234135:234157 [3] NCCL INFO ncclPollProxyResponse Received new opId=0x7fc5f6bbc880
n232-194-226:234133:234154 [1] NCCL INFO ncclPollProxyResponse Received new opId=0x7fd98abbc6a0
n232-194-226:234135:234195 [3] NCCL INFO Received and initiated operation=Setup res=0
n232-194-226:234135:234157 [3] NCCL INFO recvOpId=0x7fc5f6bbc880 matches expected opId=0x7fc5f6bbc880
n232-194-226:234133:234154 [1] NCCL INFO recvOpId=0x7fd98abbc6a0 matches expected opId=0x7fd98abbc6a0
n232-194-226:234133:234193 [1] NCCL INFO Received and initiated operation=Setup res=0
n232-194-226:234133:234154 [1] NCCL INFO Channel 01/0 : 1[1] -> 0[0] via P2P/IPC
n232-194-226:234135:234157 [3] NCCL INFO Channel 02/0 : 3[3] -> 2[2] via P2P/IPC
n232-194-226:234135:234195 [3] NCCL INFO New proxy send connection 24 from local rank 3, transport 0
n232-194-226:234133:234193 [1] NCCL INFO New proxy send connection 13 from local rank 1, transport 0
n232-194-226:234133:234193 [1] NCCL INFO proxyProgressAsync opId=0x7fd98abbc6a0 op.type=1 op.reqBuff=0x7fd98000f9e0 op.respSize=16 done
n232-194-226:234135:234195 [3] NCCL INFO proxyProgressAsync opId=0x7fc5f6bbc880 op.type=1 op.reqBuff=0x7fc5ec03af30 op.respSize=16 done
n232-194-226:234133:234154 [1] NCCL INFO ncclPollProxyResponse Received new opId=0x7fd98abbc6a0
n232-194-226:234135:234157 [3] NCCL INFO ncclPollProxyResponse Received new opId=0x7fc5f6bbc880
