n232-194-226:234599:234699 [2] NCCL INFO Received and initiated operation=Init res=0
n232-194-226:234603:234637 [6] NCCL INFO recvOpId=0x7fc5d2bbc6f0 matches expected opId=0x7fc5d2bbc6f0
n232-194-226:234599:234633 [2] NCCL INFO recvOpId=0x7f9902bbc510 matches expected opId=0x7f9902bbc510
n232-194-226:234599:234633 [2] NCCL INFO Connection to proxy localRank 2 -> connection 0x7f98f80033d0
n232-194-226:234603:234637 [6] NCCL INFO Channel 08/0 : 6[6] -> 5[5] via P2P/IPC
n232-194-226:234599:234699 [2] NCCL INFO New proxy send connection 9 from local rank 0, transport 2
n232-194-226:234599:234699 [2] NCCL INFO proxyProgressAsync opId=0x7f5a4abbc8b0 op.type=1 op.reqBuff=0x7f98f8015950 op.respSize=16 done
n232-194-226:234597:234630 [0] NCCL INFO ncclPollProxyResponse Received new opId=0x7f5a4abbc8b0
n232-194-226:234597:234630 [0] NCCL INFO recvOpId=0x7f5a4abbc8b0 matches expected opId=0x7f5a4abbc8b0
n232-194-226:234599:234699 [2] NCCL INFO Received and initiated operation=Init res=0
n232-194-226:234597:234630 [0] NCCL INFO Connection to proxy localRank 2 -> connection 0x7f98f8003420
n232-194-226:234603:234701 [6] NCCL INFO New proxy send connection 20 from local rank 6, transport 0
n232-194-226:234603:234701 [6] NCCL INFO proxyProgressAsync opId=0x7fc5d2bbc6f0 op.type=1 op.reqBuff=0x7fc5c8021290 op.respSize=16 done
n232-194-226:234604:234695 [7] NCCL INFO transport/p2p.cc:204 Cuda Alloc Size 2097152 pointer 0x7fdcab800000
n232-194-226:234603:234637 [6] NCCL INFO ncclPollProxyResponse Received new opId=0x7fc5d2bbc6f0
n232-194-226:234603:234701 [6] NCCL INFO Received and initiated operation=Init res=0
n232-194-226:234603:234637 [6] NCCL INFO recvOpId=0x7fc5d2bbc6f0 matches expected opId=0x7fc5d2bbc6f0
n232-194-226:234603:234637 [6] NCCL INFO Connection to proxy localRank 6 -> connection 0x7fc5c8003790
n232-194-226:234599:234699 [2] NCCL INFO proxyProgressAsync opId=0x7f9902bbc510 op.type=3 op.reqBuff=0x7f98f802aba0 op.respSize=128 done
n232-194-226:234599:234633 [2] NCCL INFO ncclPollProxyResponse Received new opId=0x7f9902bbc510
n232-194-226:234599:234633 [2] NCCL INFO recvOpId=0x7f9902bbc510 matches expected opId=0x7f9902bbc510
n232-194-226:234599:234633 [2] NCCL INFO Channel 06/0 : 8[0] -> 2[2] [receive] via NET/IB/1/GDRDMA
n232-194-226:234599:234633 [2] NCCL INFO GPU Direct RDMA Enabled for GPU 48000 / HCA 1 (distance 3 <= 4), read 0
n232-194-226:234604:234695 [7] NCCL INFO Allocated shareable buffer 0x7fdcab800000 size 2097152 ipcDesc 0x7fdcb0018bc0
n232-194-226:234599:234699 [2] NCCL INFO Received and initiated operation=Setup res=0
n232-194-226:234604:234695 [7] NCCL INFO proxyProgressAsync opId=0x7fdcbebbc610 op.type=3 op.reqBuff=0x7fdcb0021290 op.respSize=80 done
n232-194-226:234604:234632 [7] NCCL INFO ncclPollProxyResponse Received new opId=0x7fdcbebbc610
n232-194-226:234604:234695 [7] NCCL INFO Received and initiated operation=Setup res=0
n232-194-226:234604:234632 [7] NCCL INFO recvOpId=0x7fdcbebbc610 matches expected opId=0x7fdcbebbc610
n232-194-226:234604:234632 [7] NCCL INFO Channel 08/0 : 7[7] -> 6[6] via P2P/IPC
n232-194-226:234599:234699 [2] NCCL INFO New proxy recv connection 10 from local rank 2, transport 2
n232-194-226:234599:234699 [2] NCCL INFO proxyProgressAsync opId=0x7f9902bbc510 op.type=1 op.reqBuff=0x7f98f8015c60 op.respSize=16 done
n232-194-226:234599:234633 [2] NCCL INFO ncclPollProxyResponse Received new opId=0x7f9902bbc510
n232-194-226:234599:234633 [2] NCCL INFO recvOpId=0x7f9902bbc510 matches expected opId=0x7f9902bbc510
n232-194-226:234599:234699 [2] NCCL INFO Received and initiated operation=Init res=0
n232-194-226:234599:234633 [2] NCCL INFO Connection to proxy localRank 2 -> connection 0x7f98f8003470
n232-194-226:234602:234696 [5] NCCL INFO transport/p2p.cc:204 Cuda Alloc Size 2097152 pointer 0x7f7420e00000
n232-194-226:234604:234695 [7] NCCL INFO New proxy send connection 20 from local rank 7, transport 0
n232-194-226:234604:234695 [7] NCCL INFO proxyProgressAsync opId=0x7fdcbebbc610 op.type=1 op.reqBuff=0x7fdcb0021290 op.respSize=16 done
n232-194-226:234602:234696 [5] NCCL INFO Allocated shareable buffer 0x7f7420e00000 size 2097152 ipcDesc 0x7f7428018bc0
n232-194-226:234602:234696 [5] NCCL INFO proxyProgressAsync opId=0x7f7432bbc6f0 op.type=3 op.reqBuff=0x7f742801dfd0 op.respSize=80 done
n232-194-226:234604:234632 [7] NCCL INFO ncclPollProxyResponse Received new opId=0x7fdcbebbc610
n232-194-226:234599:234699 [2] NCCL INFO proxyProgressAsync opId=0x7f5a4abbc8b0 op.type=3 op.reqBuff=0x7f98f802ffe0 op.respSize=0 done
n232-194-226:234602:234636 [5] NCCL INFO ncclPollProxyResponse Received new opId=0x7f7432bbc6f0
n232-194-226:234604:234632 [7] NCCL INFO recvOpId=0x7fdcbebbc610 matches expected opId=0x7fdcbebbc610
n232-194-226:234604:234695 [7] NCCL INFO Received and initiated operation=Init res=0
n232-194-226:234597:234630 [0] NCCL INFO ncclPollProxyResponse Received new opId=0x7f5a4abbc8b0
n232-194-226:234599:234699 [2] NCCL INFO Received and initiated operation=Setup res=0
n232-194-226:234602:234636 [5] NCCL INFO recvOpId=0x7f7432bbc6f0 matches expected opId=0x7f7432bbc6f0
n232-194-226:234604:234632 [7] NCCL INFO Connection to proxy localRank 7 -> connection 0x7fdcb0003790
n232-194-226:234602:234696 [5] NCCL INFO Received and initiated operation=Setup res=0
n232-194-226:234597:234630 [0] NCCL INFO recvOpId=0x7f5a4abbc8b0 matches expected opId=0x7f5a4abbc8b0
n232-194-226:234597:234630 [0] NCCL INFO Channel 06/0 : 0[0] -> 10[2] [send] via NET/IB/1(2)/GDRDMA
n232-194-226:234602:234636 [5] NCCL INFO Channel 04/0 : 5[5] -> 4[4] via P2P/IPC
n232-194-226:234597:234630 [0] NCCL INFO GPU Direct RDMA Enabled for GPU f000 / HCA 1 (distance 3 <= 4), read 1
n232-194-226:234599:234699 [2] NCCL INFO proxyProgressAsync opId=0x7f9902bbc510 op.type=3 op.reqBuff=0x7f98f80352f0 op.respSize=128 done
n232-194-226:234602:234696 [5] NCCL INFO New proxy send connection 15 from local rank 5, transport 0
n232-194-226:234602:234696 [5] NCCL INFO proxyProgressAsync opId=0x7f7432bbc6f0 op.type=1 op.reqBuff=0x7f742801dfd0 op.respSize=16 done
n232-194-226:234599:234633 [2] NCCL INFO ncclPollProxyResponse Received new opId=0x7f9902bbc510
n232-194-226:234602:234636 [5] NCCL INFO ncclPollProxyResponse Received new opId=0x7f7432bbc6f0
n232-194-226:234602:234696 [5] NCCL INFO Received and initiated operation=Init res=0
n232-194-226:234599:234699 [2] NCCL INFO Received and initiated operation=Setup res=0
n232-194-226:234599:234633 [2] NCCL INFO recvOpId=0x7f9902bbc510 matches expected opId=0x7f9902bbc510
n232-194-226:234602:234636 [5] NCCL INFO recvOpId=0x7f7432bbc6f0 matches expected opId=0x7f7432bbc6f0
n232-194-226:234602:234636 [5] NCCL INFO Connection to proxy localRank 5 -> connection 0x7f7428003600
n232-194-226:234599:234633 [2] NCCL INFO Channel 09/0 : 8[0] -> 2[2] [receive] via NET/IB/1/GDRDMA
n232-194-226:234599:234699 [2] NCCL INFO New proxy send connection 11 from local rank 0, transport 2
n232-194-226:234599:234699 [2] NCCL INFO proxyProgressAsync opId=0x7f5a4abbc8b0 op.type=1 op.reqBuff=0x7f98f8015950 op.respSize=16 done
n232-194-226:234603:234701 [6] NCCL INFO transport/p2p.cc:204 Cuda Alloc Size 2097152 pointer 0x7fc5c1a00000
n232-194-226:234597:234630 [0] NCCL INFO ncclPollProxyResponse Received new opId=0x7f5a4abbc8b0
n232-194-226:234599:234699 [2] NCCL INFO Received and initiated operation=Init res=0
n232-194-226:234597:234630 [0] NCCL INFO recvOpId=0x7f5a4abbc8b0 matches expected opId=0x7f5a4abbc8b0
n232-194-226:234597:234630 [0] NCCL INFO Connection to proxy localRank 2 -> connection 0x7f98f80034c0
n232-194-226:234603:234701 [6] NCCL INFO Allocated shareable buffer 0x7fc5c1a00000 size 2097152 ipcDesc 0x7fc5c8018bc0
n232-194-226:234603:234701 [6] NCCL INFO proxyProgressAsync opId=0x7fc5d2bbc6f0 op.type=3 op.reqBuff=0x7fc5c8022b90 op.respSize=80 done
n232-194-226:234603:234637 [6] NCCL INFO ncclPollProxyResponse Received new opId=0x7fc5d2bbc6f0
n232-194-226:234603:234637 [6] NCCL INFO recvOpId=0x7fc5d2bbc6f0 matches expected opId=0x7fc5d2bbc6f0
n232-194-226:234603:234701 [6] NCCL INFO Received and initiated operation=Setup res=0
n232-194-226:234603:234637 [6] NCCL INFO Channel 09/0 : 6[6] -> 5[5] via P2P/IPC
n232-194-226:234599:234699 [2] NCCL INFO proxyProgressAsync opId=0x7f5a4abbc8b0 op.type=3 op.reqBuff=0x7f98f803a730 op.respSize=0 done
n232-194-226:234597:234630 [0] NCCL INFO ncclPollProxyResponse Received new opId=0x7f5a4abbc8b0
n232-194-226:234599:234699 [2] NCCL INFO Received and initiated operation=Setup res=0
n232-194-226:234597:234630 [0] NCCL INFO recvOpId=0x7f5a4abbc8b0 matches expected opId=0x7f5a4abbc8b0
n232-194-226:234597:234630 [0] NCCL INFO Channel 09/0 : 0[0] -> 10[2] [send] via NET/IB/1(2)/GDRDMA
n232-194-226:234603:234701 [6] NCCL INFO New proxy send connection 21 from local rank 6, transport 0
n232-194-226:234603:234701 [6] NCCL INFO proxyProgressAsync opId=0x7fc5d2bbc6f0 op.type=1 op.reqBuff=0x7fc5c8022b90 op.respSize=16 done
n232-194-226:234603:234637 [6] NCCL INFO ncclPollProxyResponse Received new opId=0x7fc5d2bbc6f0
n232-194-226:234603:234637 [6] NCCL INFO recvOpId=0x7fc5d2bbc6f0 matches expected opId=0x7fc5d2bbc6f0
n232-194-226:234603:234701 [6] NCCL INFO Received and initiated operation=Init res=0
n232-194-226:234603:234637 [6] NCCL INFO Connection to proxy localRank 6 -> connection 0x7fc5c80037e0
n232-194-226:234604:234695 [7] NCCL INFO transport/p2p.cc:204 Cuda Alloc Size 2097152 pointer 0x7fdcaba00000
n232-194-226:234604:234695 [7] NCCL INFO Allocated shareable buffer 0x7fdcaba00000 size 2097152 ipcDesc 0x7fdcb0018bc0
n232-194-226:234604:234695 [7] NCCL INFO proxyProgressAsync opId=0x7fdcbebbc610 op.type=3 op.reqBuff=0x7fdcb0022b90 op.respSize=80 done
n232-194-226:234604:234632 [7] NCCL INFO ncclPollProxyResponse Received new opId=0x7fdcbebbc610
n232-194-226:234604:234695 [7] NCCL INFO Received and initiated operation=Setup res=0
n232-194-226:234604:234632 [7] NCCL INFO recvOpId=0x7fdcbebbc610 matches expected opId=0x7fdcbebbc610
n232-194-226:234604:234632 [7] NCCL INFO Channel 09/0 : 7[7] -> 6[6] via P2P/IPC
n232-194-226:234604:234695 [7] NCCL INFO New proxy send connection 21 from local rank 7, transport 0
n232-194-226:234597:234630 [0] NCCL INFO GPU Direct RDMA Enabled for GPU f000 / HCA 2 (distance 3 <= 4), read 1
n232-194-226:234604:234695 [7] NCCL INFO proxyProgressAsync opId=0x7fdcbebbc610 op.type=1 op.reqBuff=0x7fdcb0022b90 op.respSize=16 done
n232-194-226:234604:234632 [7] NCCL INFO ncclPollProxyResponse Received new opId=0x7fdcbebbc610
n232-194-226:234602:234696 [5] NCCL INFO transport/p2p.cc:204 Cuda Alloc Size 2097152 pointer 0x7f7421000000
n232-194-226:234604:234632 [7] NCCL INFO recvOpId=0x7fdcbebbc610 matches expected opId=0x7fdcbebbc610
n232-194-226:234604:234695 [7] NCCL INFO Received and initiated operation=Init res=0
n232-194-226:234604:234632 [7] NCCL INFO Connection to proxy localRank 7 -> connection 0x7fdcb00037e0
n232-194-226:234599:234699 [2] NCCL INFO New proxy recv connection 12 from local rank 2, transport 0
n232-194-226:234599:234699 [2] NCCL INFO proxyProgressAsync opId=0x7f9902bbc510 op.type=1 op.reqBuff=0x7f98f8015c60 op.respSize=16 done
n232-194-226:234599:234633 [2] NCCL INFO ncclPollProxyResponse Received new opId=0x7f9902bbc510
n232-194-226:234602:234696 [5] NCCL INFO Allocated shareable buffer 0x7f7421000000 size 2097152 ipcDesc 0x7f7428018bc0
n232-194-226:234602:234696 [5] NCCL INFO proxyProgressAsync opId=0x7f7432bbc6f0 op.type=3 op.reqBuff=0x7f742801e010 op.respSize=80 done
n232-194-226:234599:234699 [2] NCCL INFO Received and initiated operation=Init res=0
n232-194-226:234599:234633 [2] NCCL INFO recvOpId=0x7f9902bbc510 matches expected opId=0x7f9902bbc510
n232-194-226:234599:234633 [2] NCCL INFO Connection to proxy localRank 2 -> connection 0x7f98f8003510
n232-194-226:234602:234636 [5] NCCL INFO ncclPollProxyResponse Received new opId=0x7f7432bbc6f0
n232-194-226:234602:234696 [5] NCCL INFO Received and initiated operation=Setup res=0
n232-194-226:234602:234636 [5] NCCL INFO recvOpId=0x7f7432bbc6f0 matches expected opId=0x7f7432bbc6f0
n232-194-226:234602:234636 [5] NCCL INFO Channel 06/0 : 5[5] -> 4[4] via P2P/IPC
n232-194-226:234602:234696 [5] NCCL INFO New proxy send connection 16 from local rank 5, transport 0
n232-194-226:234600:234700 [3] NCCL INFO New proxy send connection 8 from local rank 0, transport 2
n232-194-226:234602:234696 [5] NCCL INFO proxyProgressAsync opId=0x7f7432bbc6f0 op.type=1 op.reqBuff=0x7f742801e010 op.respSize=16 done
n232-194-226:234603:234701 [6] NCCL INFO transport/p2p.cc:204 Cuda Alloc Size 2097152 pointer 0x7fc5c1c00000
n232-194-226:234600:234700 [3] NCCL INFO proxyProgressAsync opId=0x7f5a4abbc8b0 op.type=1 op.reqBuff=0x7fb91c01b0e0 op.respSize=16 done
n232-194-226:234602:234636 [5] NCCL INFO ncclPollProxyResponse Received new opId=0x7f7432bbc6f0
n232-194-226:234603:234701 [6] NCCL INFO Allocated shareable buffer 0x7fc5c1c00000 size 2097152 ipcDesc 0x7fc5c8018bc0
n232-194-226:234603:234701 [6] NCCL INFO proxyProgressAsync opId=0x7fc5d2bbc6f0 op.type=3 op.reqBuff=0x7fc5c8022bd0 op.respSize=80 done
n232-194-226:234602:234696 [5] NCCL INFO Received and initiated operation=Init res=0
n232-194-226:234597:234630 [0] NCCL INFO ncclPollProxyResponse Received new opId=0x7f5a4abbc8b0
n232-194-226:234602:234636 [5] NCCL INFO recvOpId=0x7f7432bbc6f0 matches expected opId=0x7f7432bbc6f0
n232-194-226:234602:234636 [5] NCCL INFO Connection to proxy localRank 5 -> connection 0x7f7428003650
n232-194-226:234603:234637 [6] NCCL INFO ncclPollProxyResponse Received new opId=0x7fc5d2bbc6f0
n232-194-226:234603:234701 [6] NCCL INFO Received and initiated operation=Setup res=0
n232-194-226:234603:234637 [6] NCCL INFO recvOpId=0x7fc5d2bbc6f0 matches expected opId=0x7fc5d2bbc6f0
n232-194-226:234597:234630 [0] NCCL INFO recvOpId=0x7f5a4abbc8b0 matches expected opId=0x7f5a4abbc8b0
n232-194-226:234600:234700 [3] NCCL INFO Received and initiated operation=Init res=0
n232-194-226:234603:234637 [6] NCCL INFO Channel 10/0 : 6[6] -> 5[5] via P2P/IPC
n232-194-226:234597:234630 [0] NCCL INFO Connection to proxy localRank 3 -> connection 0x7fb91c0033d0
n232-194-226:234603:234701 [6] NCCL INFO New proxy send connection 22 from local rank 6, transport 0
n232-194-226:234603:234701 [6] NCCL INFO proxyProgressAsync opId=0x7fc5d2bbc6f0 op.type=1 op.reqBuff=0x7fc5c8022bd0 op.respSize=16 done
n232-194-226:234603:234637 [6] NCCL INFO ncclPollProxyResponse Received new opId=0x7fc5d2bbc6f0
n232-194-226:234603:234701 [6] NCCL INFO Received and initiated operation=Init res=0
n232-194-226:234603:234637 [6] NCCL INFO recvOpId=0x7fc5d2bbc6f0 matches expected opId=0x7fc5d2bbc6f0
n232-194-226:234603:234637 [6] NCCL INFO Connection to proxy localRank 6 -> connection 0x7fc5c8003830
n232-194-226:234600:234700 [3] NCCL INFO proxyProgressAsync opId=0x7f5a4abbc8b0 op.type=3 op.reqBuff=0x7fb91c02ae00 op.respSize=0 done
n232-194-226:234597:234630 [0] NCCL INFO ncclPollProxyResponse Received new opId=0x7f5a4abbc8b0
n232-194-226:234600:234700 [3] NCCL INFO Received and initiated operation=Setup res=0
n232-194-226:234597:234630 [0] NCCL INFO recvOpId=0x7f5a4abbc8b0 matches expected opId=0x7f5a4abbc8b0
n232-194-226:234597:234630 [0] NCCL INFO Channel 01/0 : 0[0] -> 11[3] [send] via NET/IB/2(3)/GDRDMA
n232-194-226:234597:234630 [0] NCCL INFO GPU Direct RDMA Enabled for GPU f000 / HCA 2 (distance 3 <= 4), read 1
n232-194-226:234604:234695 [7] NCCL INFO transport/p2p.cc:204 Cuda Alloc Size 2097152 pointer 0x7fdcabc00000
n232-194-226:234600:234700 [3] NCCL INFO New proxy send connection 9 from local rank 0, transport 2
n232-194-226:234604:234695 [7] NCCL INFO Allocated shareable buffer 0x7fdcabc00000 size 2097152 ipcDesc 0x7fdcb0018bc0
n232-194-226:234604:234695 [7] NCCL INFO proxyProgressAsync opId=0x7fdcbebbc610 op.type=3 op.reqBuff=0x7fdcb0022bd0 op.respSize=80 done
n232-194-226:234600:234700 [3] NCCL INFO proxyProgressAsync opId=0x7f5a4abbc8b0 op.type=1 op.reqBuff=0x7fb91c015950 op.respSize=16 done
n232-194-226:234604:234632 [7] NCCL INFO ncclPollProxyResponse Received new opId=0x7fdcbebbc610
n232-194-226:234597:234630 [0] NCCL INFO ncclPollProxyResponse Received new opId=0x7f5a4abbc8b0
n232-194-226:234604:234695 [7] NCCL INFO Received and initiated operation=Setup res=0
n232-194-226:234604:234632 [7] NCCL INFO recvOpId=0x7fdcbebbc610 matches expected opId=0x7fdcbebbc610
n232-194-226:234597:234630 [0] NCCL INFO recvOpId=0x7f5a4abbc8b0 matches expected opId=0x7f5a4abbc8b0
n232-194-226:234600:234700 [3] NCCL INFO Received and initiated operation=Init res=0
n232-194-226:234597:234630 [0] NCCL INFO Connection to proxy localRank 3 -> connection 0x7fb91c003420
n232-194-226:234604:234632 [7] NCCL INFO Channel 10/0 : 7[7] -> 6[6] via P2P/IPC
n232-194-226:234604:234695 [7] NCCL INFO New proxy send connection 22 from local rank 7, transport 0
n232-194-226:234600:234700 [3] NCCL INFO proxyProgressAsync opId=0x7f5a4abbc8b0 op.type=3 op.reqBuff=0x7fb91c030110 op.respSize=0 done
n232-194-226:234604:234695 [7] NCCL INFO proxyProgressAsync opId=0x7fdcbebbc610 op.type=1 op.reqBuff=0x7fdcb0022bd0 op.respSize=16 done
n232-194-226:234597:234630 [0] NCCL INFO ncclPollProxyResponse Received new opId=0x7f5a4abbc8b0
n232-194-226:234600:234700 [3] NCCL INFO Received and initiated operation=Setup res=0
n232-194-226:234604:234632 [7] NCCL INFO ncclPollProxyResponse Received new opId=0x7fdcbebbc610
n232-194-226:234597:234630 [0] NCCL INFO recvOpId=0x7f5a4abbc8b0 matches expected opId=0x7f5a4abbc8b0
n232-194-226:234604:234695 [7] NCCL INFO Received and initiated operation=Init res=0
n232-194-226:234597:234630 [0] NCCL INFO Channel 04/0 : 0[0] -> 11[3] [send] via NET/IB/2(3)/GDRDMA
n232-194-226:234597:234630 [0] NCCL INFO GPU Direct RDMA Enabled for GPU f000 / HCA 2 (distance 3 <= 4), read 1
n232-194-226:234604:234632 [7] NCCL INFO recvOpId=0x7fdcbebbc610 matches expected opId=0x7fdcbebbc610
n232-194-226:234604:234632 [7] NCCL INFO Connection to proxy localRank 7 -> connection 0x7fdcb0003830
n232-194-226:234600:234700 [3] NCCL INFO New proxy send connection 10 from local rank 0, transport 2
n232-194-226:234600:234700 [3] NCCL INFO proxyProgressAsync opId=0x7f5a4abbc8b0 op.type=1 op.reqBuff=0x7fb91c01b0e0 op.respSize=16 done
n232-194-226:234597:234630 [0] NCCL INFO ncclPollProxyResponse Received new opId=0x7f5a4abbc8b0
n232-194-226:234600:234700 [3] NCCL INFO Received and initiated operation=Init res=0
n232-194-226:234597:234630 [0] NCCL INFO recvOpId=0x7f5a4abbc8b0 matches expected opId=0x7f5a4abbc8b0
n232-194-226:234597:234630 [0] NCCL INFO Connection to proxy localRank 3 -> connection 0x7fb91c003470
n232-194-226:234600:234700 [3] NCCL INFO proxyProgressAsync opId=0x7f5a4abbc8b0 op.type=3 op.reqBuff=0x7fb91c035420 op.respSize=0 done
n232-194-226:234597:234630 [0] NCCL INFO ncclPollProxyResponse Received new opId=0x7f5a4abbc8b0
n232-194-226:234600:234700 [3] NCCL INFO Received and initiated operation=Setup res=0
n232-194-226:234597:234630 [0] NCCL INFO recvOpId=0x7f5a4abbc8b0 matches expected opId=0x7f5a4abbc8b0
n232-194-226:234597:234630 [0] NCCL INFO Channel 07/0 : 0[0] -> 11[3] [send] via NET/IB/2(3)/GDRDMA
n232-194-226:234597:234630 [0] NCCL INFO GPU Direct RDMA Enabled for GPU f000 / HCA 2 (distance 3 <= 4), read 1
n232-194-226:234600:234700 [3] NCCL INFO New proxy send connection 11 from local rank 0, transport 2
n232-194-226:234600:234700 [3] NCCL INFO proxyProgressAsync opId=0x7f5a4abbc8b0 op.type=1 op.reqBuff=0x7fb91c015950 op.respSize=16 done
n232-194-226:234597:234630 [0] NCCL INFO ncclPollProxyResponse Received new opId=0x7f5a4abbc8b0
n232-194-226:234597:234630 [0] NCCL INFO recvOpId=0x7f5a4abbc8b0 matches expected opId=0x7f5a4abbc8b0
n232-194-226:234597:234630 [0] NCCL INFO Connection to proxy localRank 3 -> connection 0x7fb91c0034c0
n232-194-226:234600:234700 [3] NCCL INFO Received and initiated operation=Init res=0
n232-194-226:234600:234700 [3] NCCL INFO proxyProgressAsync opId=0x7f5a4abbc8b0 op.type=3 op.reqBuff=0x7fb91c03a730 op.respSize=0 done
n232-194-226:234597:234630 [0] NCCL INFO ncclPollProxyResponse Received new opId=0x7f5a4abbc8b0
n232-194-226:234600:234700 [3] NCCL INFO Received and initiated operation=Setup res=0
n232-194-226:234597:234630 [0] NCCL INFO recvOpId=0x7f5a4abbc8b0 matches expected opId=0x7f5a4abbc8b0
n232-194-226:234597:234630 [0] NCCL INFO Channel 10/0 : 0[0] -> 11[3] [send] via NET/IB/2(3)/GDRDMA
n232-194-226:234600:234631 [3] NCCL INFO Channel 00/0 : 3[3] -> 1[1] via P2P/IPC
n232-194-226:234602:234696 [5] NCCL INFO transport/p2p.cc:204 Cuda Alloc Size 2097152 pointer 0x7f7421200000
n232-194-226:234603:234701 [6] NCCL INFO transport/p2p.cc:204 Cuda Alloc Size 2097152 pointer 0x7fc5c1e00000
n232-194-226:234600:234700 [3] NCCL INFO New proxy send connection 12 from local rank 3, transport 0
n232-194-226:234600:234700 [3] NCCL INFO proxyProgressAsync opId=0x7fb926bbc6f0 op.type=1 op.reqBuff=0x7fb91c01b0e0 op.respSize=16 done
n232-194-226:234599:234699 [2] NCCL INFO transport/p2p.cc:204 Cuda Alloc Size 10485760 pointer 0x7f98ff000000
n232-194-226:234600:234631 [3] NCCL INFO ncclPollProxyResponse Received new opId=0x7fb926bbc6f0
n232-194-226:234602:234696 [5] NCCL INFO Allocated shareable buffer 0x7f7421200000 size 2097152 ipcDesc 0x7f7428018bc0
n232-194-226:234603:234701 [6] NCCL INFO Allocated shareable buffer 0x7fc5c1e00000 size 2097152 ipcDesc 0x7fc5c8018bc0
n232-194-226:234602:234696 [5] NCCL INFO proxyProgressAsync opId=0x7f7432bbc6f0 op.type=3 op.reqBuff=0x7f742801f910 op.respSize=80 done
n232-194-226:234603:234701 [6] NCCL INFO proxyProgressAsync opId=0x7fc5d2bbc6f0 op.type=3 op.reqBuff=0x7fc5c80244d0 op.respSize=80 done
n232-194-226:234600:234700 [3] NCCL INFO Received and initiated operation=Init res=0
n232-194-226:234602:234636 [5] NCCL INFO ncclPollProxyResponse Received new opId=0x7f7432bbc6f0
n232-194-226:234603:234637 [6] NCCL INFO ncclPollProxyResponse Received new opId=0x7fc5d2bbc6f0
n232-194-226:234599:234699 [2] NCCL INFO Allocated shareable buffer 0x7f98ff000000 size 10485760 ipcDesc 0x7f98f803fa50
n232-194-226:234600:234631 [3] NCCL INFO recvOpId=0x7fb926bbc6f0 matches expected opId=0x7fb926bbc6f0
n232-194-226:234599:234699 [2] NCCL INFO proxyProgressAsync opId=0x7f9902bbc510 op.type=3 op.reqBuff=0x7f98f8015950 op.respSize=80 done
n232-194-226:234602:234696 [5] NCCL INFO Received and initiated operation=Setup res=0
n232-194-226:234603:234701 [6] NCCL INFO Received and initiated operation=Setup res=0
n232-194-226:234600:234631 [3] NCCL INFO Connection to proxy localRank 3 -> connection 0x7fb91c003510
n232-194-226:234599:234633 [2] NCCL INFO ncclPollProxyResponse Received new opId=0x7f9902bbc510
n232-194-226:234602:234636 [5] NCCL INFO recvOpId=0x7f7432bbc6f0 matches expected opId=0x7f7432bbc6f0
n232-194-226:234603:234637 [6] NCCL INFO recvOpId=0x7fc5d2bbc6f0 matches expected opId=0x7fc5d2bbc6f0
n232-194-226:234599:234699 [2] NCCL INFO Received and initiated operation=Setup res=0
n232-194-226:234599:234633 [2] NCCL INFO recvOpId=0x7f9902bbc510 matches expected opId=0x7f9902bbc510
n232-194-226:234602:234636 [5] NCCL INFO Channel 07/0 : 5[5] -> 4[4] via P2P/IPC
n232-194-226:234603:234637 [6] NCCL INFO Channel 11/0 : 6[6] -> 5[5] via P2P/IPC
n232-194-226:234602:234696 [5] NCCL INFO New proxy send connection 17 from local rank 5, transport 0
n232-194-226:234602:234696 [5] NCCL INFO proxyProgressAsync opId=0x7f7432bbc6f0 op.type=1 op.reqBuff=0x7f742801f910 op.respSize=16 done
n232-194-226:234603:234701 [6] NCCL INFO New proxy send connection 23 from local rank 6, transport 0
n232-194-226:234599:234699 [2] NCCL INFO New proxy recv connection 13 from local rank 2, transport 0
n232-194-226:234604:234695 [7] NCCL INFO transport/p2p.cc:204 Cuda Alloc Size 2097152 pointer 0x7fdcabe00000
n232-194-226:234603:234701 [6] NCCL INFO proxyProgressAsync opId=0x7fc5d2bbc6f0 op.type=1 op.reqBuff=0x7fc5c80244d0 op.respSize=16 done
n232-194-226:234599:234699 [2] NCCL INFO proxyProgressAsync opId=0x7f9902bbc510 op.type=1 op.reqBuff=0x7f98f8015950 op.respSize=16 done
n232-194-226:234602:234636 [5] NCCL INFO ncclPollProxyResponse Received new opId=0x7f7432bbc6f0
n232-194-226:234604:234695 [7] NCCL INFO Allocated shareable buffer 0x7fdcabe00000 size 2097152 ipcDesc 0x7fdcb0018bc0
n232-194-226:234603:234637 [6] NCCL INFO ncclPollProxyResponse Received new opId=0x7fc5d2bbc6f0
n232-194-226:234599:234633 [2] NCCL INFO ncclPollProxyResponse Received new opId=0x7f9902bbc510
n232-194-226:234604:234695 [7] NCCL INFO proxyProgressAsync opId=0x7fdcbebbc610 op.type=3 op.reqBuff=0x7fdcb00244d0 op.respSize=80 done
n232-194-226:234602:234696 [5] NCCL INFO Received and initiated operation=Init res=0
n232-194-226:234597:234698 [0] NCCL INFO New proxy recv connection 4 from local rank 0, transport 0
n232-194-226:234603:234637 [6] NCCL INFO recvOpId=0x7fc5d2bbc6f0 matches expected opId=0x7fc5d2bbc6f0
n232-194-226:234602:234636 [5] NCCL INFO recvOpId=0x7f7432bbc6f0 matches expected opId=0x7f7432bbc6f0
n232-194-226:234599:234633 [2] NCCL INFO recvOpId=0x7f9902bbc510 matches expected opId=0x7f9902bbc510
n232-194-226:234597:234698 [0] NCCL INFO proxyProgressAsync opId=0x7f5a4abbc8b0 op.type=1 op.reqBuff=0x7f5a64014b20 op.respSize=16 done
n232-194-226:234604:234632 [7] NCCL INFO ncclPollProxyResponse Received new opId=0x7fdcbebbc610
n232-194-226:234603:234637 [6] NCCL INFO Connection to proxy localRank 6 -> connection 0x7fc5c8003880
n232-194-226:234602:234636 [5] NCCL INFO Connection to proxy localRank 5 -> connection 0x7f74280036a0
n232-194-226:234599:234633 [2] NCCL INFO Connection to proxy localRank 2 -> connection 0x7f98f8003560
n232-194-226:234599:234699 [2] NCCL INFO Received and initiated operation=Init res=0
n232-194-226:234604:234695 [7] NCCL INFO Received and initiated operation=Setup res=0
n232-194-226:234603:234701 [6] NCCL INFO Received and initiated operation=Init res=0
n232-194-226:234597:234630 [0] NCCL INFO ncclPollProxyResponse Received new opId=0x7f5a4abbc8b0
n232-194-226:234604:234632 [7] NCCL INFO recvOpId=0x7fdcbebbc610 matches expected opId=0x7fdcbebbc610
n232-194-226:234597:234630 [0] NCCL INFO recvOpId=0x7f5a4abbc8b0 matches expected opId=0x7f5a4abbc8b0
n232-194-226:234604:234632 [7] NCCL INFO Channel 11/0 : 7[7] -> 6[6] via P2P/IPC
n232-194-226:234597:234698 [0] NCCL INFO Received and initiated operation=Init res=0
n232-194-226:234597:234630 [0] NCCL INFO Connection to proxy localRank 0 -> connection 0x7f5a64003290
n232-194-226:234604:234695 [7] NCCL INFO New proxy send connection 23 from local rank 7, transport 0
n232-194-226:234604:234695 [7] NCCL INFO proxyProgressAsync opId=0x7fdcbebbc610 op.type=1 op.reqBuff=0x7fdcb00244d0 op.respSize=16 done
n232-194-226:234604:234632 [7] NCCL INFO ncclPollProxyResponse Received new opId=0x7fdcbebbc610
n232-194-226:234604:234695 [7] NCCL INFO Received and initiated operation=Init res=0
n232-194-226:234604:234632 [7] NCCL INFO recvOpId=0x7fdcbebbc610 matches expected opId=0x7fdcbebbc610
n232-194-226:234604:234632 [7] NCCL INFO Connection to proxy localRank 7 -> connection 0x7fdcb0003880
n232-194-226:234602:234696 [5] NCCL INFO transport/p2p.cc:204 Cuda Alloc Size 2097152 pointer 0x7f7421400000
n232-194-226:234602:234696 [5] NCCL INFO Allocated shareable buffer 0x7f7421400000 size 2097152 ipcDesc 0x7f7428018bc0
n232-194-226:234602:234696 [5] NCCL INFO proxyProgressAsync opId=0x7f7432bbc6f0 op.type=3 op.reqBuff=0x7f742801f950 op.respSize=80 done
n232-194-226:234602:234636 [5] NCCL INFO ncclPollProxyResponse Received new opId=0x7f7432bbc6f0
n232-194-226:234602:234696 [5] NCCL INFO Received and initiated operation=Setup res=0
n232-194-226:234602:234636 [5] NCCL INFO recvOpId=0x7f7432bbc6f0 matches expected opId=0x7f7432bbc6f0
n232-194-226:234602:234636 [5] NCCL INFO Channel 09/0 : 5[5] -> 4[4] via P2P/IPC
n232-194-226:234603:234701 [6] NCCL INFO transport/p2p.cc:204 Cuda Alloc Size 2097152 pointer 0x7fc5c3e00000
n232-194-226:234602:234696 [5] NCCL INFO New proxy send connection 18 from local rank 5, transport 0
n232-194-226:234602:234696 [5] NCCL INFO proxyProgressAsync opId=0x7f7432bbc6f0 op.type=1 op.reqBuff=0x7f742801f950 op.respSize=16 done
n232-194-226:234602:234636 [5] NCCL INFO ncclPollProxyResponse Received new opId=0x7f7432bbc6f0
n232-194-226:234602:234696 [5] NCCL INFO Received and initiated operation=Init res=0
n232-194-226:234602:234636 [5] NCCL INFO recvOpId=0x7f7432bbc6f0 matches expected opId=0x7f7432bbc6f0
n232-194-226:234602:234636 [5] NCCL INFO Connection to proxy localRank 5 -> connection 0x7f74280036f0
n232-194-226:234600:234700 [3] NCCL INFO transport/p2p.cc:204 Cuda Alloc Size 2097152 pointer 0x7fb923000000
n232-194-226:234597:234698 [0] NCCL INFO transport/p2p.cc:204 Cuda Alloc Size 10485760 pointer 0x7f5a47000000
n232-194-226:234603:234701 [6] NCCL INFO Allocated shareable buffer 0x7fc5c3e00000 size 2097152 ipcDesc 0x7fc5c8018bc0
n232-194-226:234604:234695 [7] NCCL INFO transport/p2p.cc:204 Cuda Alloc Size 2097152 pointer 0x7fdcade00000
n232-194-226:234603:234701 [6] NCCL INFO proxyProgressAsync opId=0x7fc5d2bbc6f0 op.type=3 op.reqBuff=0x7fc5c8024510 op.respSize=80 done
n232-194-226:234600:234700 [3] NCCL INFO Allocated shareable buffer 0x7fb923000000 size 2097152 ipcDesc 0x7fb91c03fa50
n232-194-226:234600:234700 [3] NCCL INFO proxyProgressAsync opId=0x7fb926bbc6f0 op.type=3 op.reqBuff=0x7fb91c015950 op.respSize=80 done
n232-194-226:234603:234701 [6] NCCL INFO Received and initiated operation=Setup res=0
n232-194-226:234600:234631 [3] NCCL INFO ncclPollProxyResponse Received new opId=0x7fb926bbc6f0
n232-194-226:234603:234637 [6] NCCL INFO ncclPollProxyResponse Received new opId=0x7fc5d2bbc6f0
n232-194-226:234600:234700 [3] NCCL INFO Received and initiated operation=Setup res=0
n232-194-226:234600:234631 [3] NCCL INFO recvOpId=0x7fb926bbc6f0 matches expected opId=0x7fb926bbc6f0
n232-194-226:234603:234637 [6] NCCL INFO recvOpId=0x7fc5d2bbc6f0 matches expected opId=0x7fc5d2bbc6f0
n232-194-226:234600:234631 [3] NCCL INFO Channel 03/0 : 3[3] -> 1[1] via P2P/IPC
n232-194-226:234604:234695 [7] NCCL INFO Allocated shareable buffer 0x7fdcade00000 size 2097152 ipcDesc 0x7fdcb0018bc0
n232-194-226:234604:234695 [7] NCCL INFO proxyProgressAsync opId=0x7fdcbebbc610 op.type=3 op.reqBuff=0x7fdcb0024510 op.respSize=80 done
n232-194-226:234597:234698 [0] NCCL INFO Allocated shareable buffer 0x7f5a47000000 size 10485760 ipcDesc 0x7f5a640159c0
n232-194-226:234597:234698 [0] NCCL INFO proxyProgressAsync opId=0x7f5a4abbc8b0 op.type=3 op.reqBuff=0x7f5a64015950 op.respSize=80 done
n232-194-226:234604:234632 [7] NCCL INFO ncclPollProxyResponse Received new opId=0x7fdcbebbc610
n232-194-226:234604:234695 [7] NCCL INFO Received and initiated operation=Setup res=0
n232-194-226:234597:234630 [0] NCCL INFO ncclPollProxyResponse Received new opId=0x7f5a4abbc8b0
n232-194-226:234604:234632 [7] NCCL INFO recvOpId=0x7fdcbebbc610 matches expected opId=0x7fdcbebbc610
n232-194-226:234597:234630 [0] NCCL INFO recvOpId=0x7f5a4abbc8b0 matches expected opId=0x7f5a4abbc8b0
n232-194-226:234600:234700 [3] NCCL INFO New proxy send connection 13 from local rank 3, transport 0
n232-194-226:234597:234698 [0] NCCL INFO Received and initiated operation=Setup res=0
n232-194-226:234600:234700 [3] NCCL INFO proxyProgressAsync opId=0x7fb926bbc6f0 op.type=1 op.reqBuff=0x7fb91c015950 op.respSize=16 done
n232-194-226:234600:234631 [3] NCCL INFO ncclPollProxyResponse Received new opId=0x7fb926bbc6f0
n232-194-226:234600:234631 [3] NCCL INFO recvOpId=0x7fb926bbc6f0 matches expected opId=0x7fb926bbc6f0
n232-194-226:234600:234631 [3] NCCL INFO Connection to proxy localRank 3 -> connection 0x7fb91c003560
n232-194-226:234600:234700 [3] NCCL INFO Received and initiated operation=Init res=0
n232-194-226:234597:234698 [0] NCCL INFO New proxy recv connection 5 from local rank 0, transport 0
n232-194-226:234597:234698 [0] NCCL INFO proxyProgressAsync opId=0x7f5a4abbc8b0 op.type=1 op.reqBuff=0x7f5a64015950 op.respSize=16 done
n232-194-226:234597:234630 [0] NCCL INFO ncclPollProxyResponse Received new opId=0x7f5a4abbc8b0
n232-194-226:234597:234630 [0] NCCL INFO recvOpId=0x7f5a4abbc8b0 matches expected opId=0x7f5a4abbc8b0
n232-194-226:234597:234698 [0] NCCL INFO Received and initiated operation=Init res=0
n232-194-226:234597:234630 [0] NCCL INFO Connection to proxy localRank 0 -> connection 0x7f5a640032e0
n232-194-226:234602:234696 [5] NCCL INFO transport/p2p.cc:204 Cuda Alloc Size 2097152 pointer 0x7f7421600000
n232-194-226:234602:234696 [5] NCCL INFO Allocated shareable buffer 0x7f7421600000 size 2097152 ipcDesc 0x7f7428018bc0
n232-194-226:234602:234696 [5] NCCL INFO proxyProgressAsync opId=0x7f7432bbc6f0 op.type=3 op.reqBuff=0x7f7428021250 op.respSize=80 done
n232-194-226:234602:234636 [5] NCCL INFO ncclPollProxyResponse Received new opId=0x7f7432bbc6f0
n232-194-226:234602:234636 [5] NCCL INFO recvOpId=0x7f7432bbc6f0 matches expected opId=0x7f7432bbc6f0
n232-194-226:234602:234696 [5] NCCL INFO Received and initiated operation=Setup res=0
n232-194-226:234602:234636 [5] NCCL INFO Channel 10/0 : 5[5] -> 4[4] via P2P/IPC
n232-194-226:234602:234696 [5] NCCL INFO New proxy send connection 19 from local rank 5, transport 0
n232-194-226:234602:234696 [5] NCCL INFO proxyProgressAsync opId=0x7f7432bbc6f0 op.type=1 op.reqBuff=0x7f7428021250 op.respSize=16 done
n232-194-226:234602:234636 [5] NCCL INFO ncclPollProxyResponse Received new opId=0x7f7432bbc6f0
n232-194-226:234602:234696 [5] NCCL INFO Received and initiated operation=Init res=0
n232-194-226:234599:234699 [2] NCCL INFO transport/p2p.cc:204 Cuda Alloc Size 10485760 pointer 0x7f98f6000000
n232-194-226:234602:234636 [5] NCCL INFO recvOpId=0x7f7432bbc6f0 matches expected opId=0x7f7432bbc6f0
n232-194-226:234602:234636 [5] NCCL INFO Connection to proxy localRank 5 -> connection 0x7f7428003740
n232-194-226:234599:234699 [2] NCCL INFO Allocated shareable buffer 0x7f98f6000000 size 10485760 ipcDesc 0x7f98f8040820
n232-194-226:234599:234699 [2] NCCL INFO proxyProgressAsync opId=0x7f9902bbc510 op.type=3 op.reqBuff=0x7f98f80407f0 op.respSize=80 done
n232-194-226:234599:234633 [2] NCCL INFO ncclPollProxyResponse Received new opId=0x7f9902bbc510
n232-194-226:234599:234699 [2] NCCL INFO Received and initiated operation=Setup res=0
n232-194-226:234599:234633 [2] NCCL INFO recvOpId=0x7f9902bbc510 matches expected opId=0x7f9902bbc510
n232-194-226:234599:234699 [2] NCCL INFO New proxy recv connection 14 from local rank 2, transport 0
n232-194-226:234599:234699 [2] NCCL INFO proxyProgressAsync opId=0x7f9902bbc510 op.type=1 op.reqBuff=0x7f98f80407f0 op.respSize=16 done
n232-194-226:234599:234633 [2] NCCL INFO ncclPollProxyResponse Received new opId=0x7f9902bbc510
n232-194-226:234599:234633 [2] NCCL INFO recvOpId=0x7f9902bbc510 matches expected opId=0x7f9902bbc510
n232-194-226:234599:234633 [2] NCCL INFO Connection to proxy localRank 2 -> connection 0x7f98f80035b0
n232-194-226:234599:234699 [2] NCCL INFO Received and initiated operation=Init res=0
n232-194-226:234600:234700 [3] NCCL INFO transport/p2p.cc:204 Cuda Alloc Size 2097152 pointer 0x7fb923200000
n232-194-226:234600:234700 [3] NCCL INFO Allocated shareable buffer 0x7fb923200000 size 2097152 ipcDesc 0x7fb91c040820
n232-194-226:234600:234700 [3] NCCL INFO proxyProgressAsync opId=0x7fb926bbc6f0 op.type=3 op.reqBuff=0x7fb91c0407f0 op.respSize=80 done
n232-194-226:234600:234631 [3] NCCL INFO ncclPollProxyResponse Received new opId=0x7fb926bbc6f0
n232-194-226:234600:234700 [3] NCCL INFO Received and initiated operation=Setup res=0
n232-194-226:234600:234631 [3] NCCL INFO recvOpId=0x7fb926bbc6f0 matches expected opId=0x7fb926bbc6f0
n232-194-226:234600:234631 [3] NCCL INFO Channel 06/0 : 3[3] -> 1[1] via P2P/IPC
n232-194-226:234600:234700 [3] NCCL INFO New proxy send connection 14 from local rank 3, transport 0
n232-194-226:234600:234700 [3] NCCL INFO proxyProgressAsync opId=0x7fb926bbc6f0 op.type=1 op.reqBuff=0x7fb91c0407f0 op.respSize=16 done
n232-194-226:234600:234631 [3] NCCL INFO ncclPollProxyResponse Received new opId=0x7fb926bbc6f0
n232-194-226:234600:234631 [3] NCCL INFO recvOpId=0x7fb926bbc6f0 matches expected opId=0x7fb926bbc6f0
n232-194-226:234600:234700 [3] NCCL INFO Received and initiated operation=Init res=0
n232-194-226:234600:234631 [3] NCCL INFO Connection to proxy localRank 3 -> connection 0x7fb91c0035b0
n232-194-226:234604:234632 [7] NCCL INFO Imported shareable buffer device 7 size 2097152 ptr 0x7fdcafe00000
n232-194-226:234602:234696 [5] NCCL INFO transport/p2p.cc:204 Cuda Alloc Size 2097152 pointer 0x7f7421800000
n232-194-226:234602:234696 [5] NCCL INFO Allocated shareable buffer 0x7f7421800000 size 2097152 ipcDesc 0x7f7428018bc0
n232-194-226:234602:234696 [5] NCCL INFO proxyProgressAsync opId=0x7f7432bbc6f0 op.type=3 op.reqBuff=0x7f7428021290 op.respSize=80 done
n232-194-226:234602:234636 [5] NCCL INFO ncclPollProxyResponse Received new opId=0x7f7432bbc6f0
n232-194-226:234602:234696 [5] NCCL INFO Received and initiated operation=Setup res=0
n232-194-226:234602:234636 [5] NCCL INFO recvOpId=0x7f7432bbc6f0 matches expected opId=0x7f7432bbc6f0
n232-194-226:234599:234699 [2] NCCL INFO transport/p2p.cc:204 Cuda Alloc Size 10485760 pointer 0x7f98f6a00000
n232-194-226:234597:234698 [0] NCCL INFO transport/p2p.cc:204 Cuda Alloc Size 10485760 pointer 0x7f5a44000000
n232-194-226:234599:234699 [2] NCCL INFO Allocated shareable buffer 0x7f98f6a00000 size 10485760 ipcDesc 0x7f98f8041a60
n232-194-226:234599:234699 [2] NCCL INFO proxyProgressAsync opId=0x7f9902bbc510 op.type=3 op.reqBuff=0x7f98f8041a30 op.respSize=80 done
n232-194-226:234597:234698 [0] NCCL INFO Allocated shareable buffer 0x7f5a44000000 size 10485760 ipcDesc 0x7f5a640167f0
n232-194-226:234597:234698 [0] NCCL INFO proxyProgressAsync opId=0x7f5a4abbc8b0 op.type=3 op.reqBuff=0x7f5a64016780 op.respSize=80 done
n232-194-226:234604:234632 [7] NCCL INFO Imported shareable buffer device 7 size 2097152 ptr 0x7fdcb7e00000
n232-194-226:234599:234633 [2] NCCL INFO ncclPollProxyResponse Received new opId=0x7f9902bbc510
n232-194-226:234597:234630 [0] NCCL INFO ncclPollProxyResponse Received new opId=0x7f5a4abbc8b0
n232-194-226:234599:234699 [2] NCCL INFO Received and initiated operation=Setup res=0
n232-194-226:234597:234698 [0] NCCL INFO Received and initiated operation=Setup res=0
n232-194-226:234599:234633 [2] NCCL INFO recvOpId=0x7f9902bbc510 matches expected opId=0x7f9902bbc510
n232-194-226:234597:234630 [0] NCCL INFO recvOpId=0x7f5a4abbc8b0 matches expected opId=0x7f5a4abbc8b0
n232-194-226:234599:234699 [2] NCCL INFO New proxy recv connection 15 from local rank 2, transport 0
n232-194-226:234597:234698 [0] NCCL INFO New proxy recv connection 6 from local rank 0, transport 0
n232-194-226:234597:234698 [0] NCCL INFO proxyProgressAsync opId=0x7f5a4abbc8b0 op.type=1 op.reqBuff=0x7f5a64016780 op.respSize=16 done
n232-194-226:234599:234699 [2] NCCL INFO proxyProgressAsync opId=0x7f9902bbc510 op.type=1 op.reqBuff=0x7f98f8041a30 op.respSize=16 done
n232-194-226:234597:234630 [0] NCCL INFO ncclPollProxyResponse Received new opId=0x7f5a4abbc8b0
n232-194-226:234599:234633 [2] NCCL INFO ncclPollProxyResponse Received new opId=0x7f9902bbc510
n232-194-226:234599:234633 [2] NCCL INFO recvOpId=0x7f9902bbc510 matches expected opId=0x7f9902bbc510
n232-194-226:234597:234630 [0] NCCL INFO recvOpId=0x7f5a4abbc8b0 matches expected opId=0x7f5a4abbc8b0
n232-194-226:234599:234699 [2] NCCL INFO Received and initiated operation=Init res=0
n232-194-226:234597:234698 [0] NCCL INFO Received and initiated operation=Init res=0
n232-194-226:234599:234633 [2] NCCL INFO Connection to proxy localRank 2 -> connection 0x7f98f8003600
n232-194-226:234597:234630 [0] NCCL INFO Connection to proxy localRank 0 -> connection 0x7f5a64003330
n232-194-226:234600:234700 [3] NCCL INFO transport/p2p.cc:204 Cuda Alloc Size 2097152 pointer 0x7fb923400000
n232-194-226:234600:234700 [3] NCCL INFO Allocated shareable buffer 0x7fb923400000 size 2097152 ipcDesc 0x7fb91c041610
n232-194-226:234600:234700 [3] NCCL INFO proxyProgressAsync opId=0x7fb926bbc6f0 op.type=3 op.reqBuff=0x7fb91c0415e0 op.respSize=80 done
n232-194-226:234600:234631 [3] NCCL INFO ncclPollProxyResponse Received new opId=0x7fb926bbc6f0
n232-194-226:234600:234631 [3] NCCL INFO recvOpId=0x7fb926bbc6f0 matches expected opId=0x7fb926bbc6f0
n232-194-226:234600:234700 [3] NCCL INFO Received and initiated operation=Setup res=0
n232-194-226:234600:234631 [3] NCCL INFO Channel 09/0 : 3[3] -> 1[1] via P2P/IPC
n232-194-226:234600:234700 [3] NCCL INFO New proxy send connection 15 from local rank 3, transport 0
n232-194-226:234600:234700 [3] NCCL INFO proxyProgressAsync opId=0x7fb926bbc6f0 op.type=1 op.reqBuff=0x7fb91c0415e0 op.respSize=16 done
n232-194-226:234600:234631 [3] NCCL INFO ncclPollProxyResponse Received new opId=0x7fb926bbc6f0
n232-194-226:234600:234631 [3] NCCL INFO recvOpId=0x7fb926bbc6f0 matches expected opId=0x7fb926bbc6f0
n232-194-226:234600:234700 [3] NCCL INFO Received and initiated operation=Init res=0
n232-194-226:234600:234631 [3] NCCL INFO Connection to proxy localRank 3 -> connection 0x7fb91c003600
n232-194-226:234604:234632 [7] NCCL INFO Imported shareable buffer device 7 size 2097152 ptr 0x7fdcb9c00000
n232-194-226:234603:234637 [6] NCCL INFO Imported shareable buffer device 6 size 10485760 ptr 0x7fc5be000000
n232-194-226:234599:234699 [2] NCCL INFO transport/p2p.cc:204 Cuda Alloc Size 10485760 pointer 0x7f98f7400000
n232-194-226:234597:234698 [0] NCCL INFO transport/p2p.cc:204 Cuda Alloc Size 10485760 pointer 0x7f5a44a00000
n232-194-226:234599:234699 [2] NCCL INFO Allocated shareable buffer 0x7f98f7400000 size 10485760 ipcDesc 0x7f98f8042850
n232-194-226:234599:234699 [2] NCCL INFO proxyProgressAsync opId=0x7f9902bbc510 op.type=3 op.reqBuff=0x7f98f8042820 op.respSize=80 done
n232-194-226:234604:234632 [7] NCCL INFO Imported shareable buffer device 7 size 2097152 ptr 0x7fdcb9e00000
n232-194-226:234599:234633 [2] NCCL INFO ncclPollProxyResponse Received new opId=0x7f9902bbc510
n232-194-226:234599:234699 [2] NCCL INFO Received and initiated operation=Setup res=0
n232-194-226:234599:234633 [2] NCCL INFO recvOpId=0x7f9902bbc510 matches expected opId=0x7f9902bbc510
n232-194-226:234599:234699 [2] NCCL INFO New proxy recv connection 16 from local rank 2, transport 0
n232-194-226:234599:234699 [2] NCCL INFO proxyProgressAsync opId=0x7f9902bbc510 op.type=1 op.reqBuff=0x7f98f8042820 op.respSize=16 done
n232-194-226:234599:234633 [2] NCCL INFO ncclPollProxyResponse Received new opId=0x7f9902bbc510
n232-194-226:234599:234699 [2] NCCL INFO Received and initiated operation=Init res=0
n232-194-226:234599:234633 [2] NCCL INFO recvOpId=0x7f9902bbc510 matches expected opId=0x7f9902bbc510
n232-194-226:234599:234633 [2] NCCL INFO Connection to proxy localRank 2 -> connection 0x7f98f8003650
n232-194-226:234601:234694 [4] NCCL INFO New proxy recv connection 12 from local rank 4, transport 0
n232-194-226:234601:234694 [4] NCCL INFO proxyProgressAsync opId=0x7fad32bbc6f0 op.type=1 op.reqBuff=0x7fad2803ec00 op.respSize=16 done
n232-194-226:234601:234635 [4] NCCL INFO ncclPollProxyResponse Received new opId=0x7fad32bbc6f0
n232-194-226:234601:234694 [4] NCCL INFO Received and initiated operation=Init res=0
n232-194-226:234601:234635 [4] NCCL INFO recvOpId=0x7fad32bbc6f0 matches expected opId=0x7fad32bbc6f0
n232-194-226:234601:234635 [4] NCCL INFO Connection to proxy localRank 4 -> connection 0x7fad28003510
n232-194-226:234597:234698 [0] NCCL INFO Allocated shareable buffer 0x7f5a44a00000 size 10485760 ipcDesc 0x7f5a640179d0
n232-194-226:234597:234698 [0] NCCL INFO proxyProgressAsync opId=0x7f5a4abbc8b0 op.type=3 op.reqBuff=0x7f5a64017960 op.respSize=80 done
n232-194-226:234597:234630 [0] NCCL INFO ncclPollProxyResponse Received new opId=0x7f5a4abbc8b0
n232-194-226:234597:234698 [0] NCCL INFO Received and initiated operation=Setup res=0
n232-194-226:234597:234630 [0] NCCL INFO recvOpId=0x7f5a4abbc8b0 matches expected opId=0x7f5a4abbc8b0
n232-194-226:234600:234700 [3] NCCL INFO transport/p2p.cc:204 Cuda Alloc Size 2097152 pointer 0x7fb923600000
n232-194-226:234597:234698 [0] NCCL INFO New proxy recv connection 7 from local rank 0, transport 0
n232-194-226:234597:234698 [0] NCCL INFO proxyProgressAsync opId=0x7f5a4abbc8b0 op.type=1 op.reqBuff=0x7f5a64017960 op.respSize=16 done
n232-194-226:234597:234630 [0] NCCL INFO ncclPollProxyResponse Received new opId=0x7f5a4abbc8b0
n232-194-226:234597:234630 [0] NCCL INFO recvOpId=0x7f5a4abbc8b0 matches expected opId=0x7f5a4abbc8b0
n232-194-226:234597:234630 [0] NCCL INFO Connection to proxy localRank 0 -> connection 0x7f5a64003380
n232-194-226:234597:234698 [0] NCCL INFO Received and initiated operation=Init res=0
n232-194-226:234600:234700 [3] NCCL INFO Allocated shareable buffer 0x7fb923600000 size 2097152 ipcDesc 0x7fb91c042400
n232-194-226:234600:234700 [3] NCCL INFO proxyProgressAsync opId=0x7fb926bbc6f0 op.type=3 op.reqBuff=0x7fb91c0423d0 op.respSize=80 done
n232-194-226:234600:234631 [3] NCCL INFO ncclPollProxyResponse Received new opId=0x7fb926bbc6f0
n232-194-226:234600:234700 [3] NCCL INFO Received and initiated operation=Setup res=0
n232-194-226:234600:234631 [3] NCCL INFO recvOpId=0x7fb926bbc6f0 matches expected opId=0x7fb926bbc6f0
n232-194-226:234600:234700 [3] NCCL INFO New proxy recv connection 16 from local rank 3, transport 0
n232-194-226:234600:234700 [3] NCCL INFO proxyProgressAsync opId=0x7fb926bbc6f0 op.type=1 op.reqBuff=0x7fb91c0423d0 op.respSize=16 done
n232-194-226:234600:234631 [3] NCCL INFO ncclPollProxyResponse Received new opId=0x7fb926bbc6f0
n232-194-226:234600:234700 [3] NCCL INFO Received and initiated operation=Init res=0
n232-194-226:234598:234697 [1] NCCL INFO New proxy recv connection 4 from local rank 1, transport 0
n232-194-226:234600:234631 [3] NCCL INFO recvOpId=0x7fb926bbc6f0 matches expected opId=0x7fb926bbc6f0
n232-194-226:234598:234697 [1] NCCL INFO proxyProgressAsync opId=0x7f9d92bbc510 op.type=1 op.reqBuff=0x7f9d88014f70 op.respSize=16 done
n232-194-226:234600:234631 [3] NCCL INFO Connection to proxy localRank 3 -> connection 0x7fb91c003650
n232-194-226:234598:234634 [1] NCCL INFO ncclPollProxyResponse Received new opId=0x7f9d92bbc510
n232-194-226:234598:234697 [1] NCCL INFO Received and initiated operation=Init res=0
n232-194-226:234598:234634 [1] NCCL INFO recvOpId=0x7f9d92bbc510 matches expected opId=0x7f9d92bbc510
n232-194-226:234598:234634 [1] NCCL INFO Connection to proxy localRank 1 -> connection 0x7f9d88003290
n232-194-226:234603:234637 [6] NCCL INFO Imported shareable buffer device 6 size 2097152 ptr 0x7fc5bea00000
n232-194-226:234601:234694 [4] NCCL INFO transport/p2p.cc:204 Cuda Alloc Size 10485760 pointer 0x7fad2f000000
n232-194-226:234597:234698 [0] NCCL INFO transport/p2p.cc:204 Cuda Alloc Size 10485760 pointer 0x7f5a45400000
n232-194-226:234601:234694 [4] NCCL INFO Allocated shareable buffer 0x7fad2f000000 size 10485760 ipcDesc 0x7fad2803fa20
n232-194-226:234597:234698 [0] NCCL INFO Allocated shareable buffer 0x7f5a45400000 size 10485760 ipcDesc 0x7f5a640187c0
n232-194-226:234597:234698 [0] NCCL INFO proxyProgressAsync opId=0x7f5a4abbc8b0 op.type=3 op.reqBuff=0x7f5a64018790 op.respSize=80 done
n232-194-226:234601:234694 [4] NCCL INFO proxyProgressAsync opId=0x7fad32bbc6f0 op.type=3 op.reqBuff=0x7fad2803f9f0 op.respSize=80 done
n232-194-226:234597:234630 [0] NCCL INFO ncclPollProxyResponse Received new opId=0x7f5a4abbc8b0
n232-194-226:234597:234698 [0] NCCL INFO Received and initiated operation=Setup res=0
n232-194-226:234601:234635 [4] NCCL INFO ncclPollProxyResponse Received new opId=0x7fad32bbc6f0
n232-194-226:234597:234630 [0] NCCL INFO recvOpId=0x7f5a4abbc8b0 matches expected opId=0x7f5a4abbc8b0
n232-194-226:234601:234694 [4] NCCL INFO Received and initiated operation=Setup res=0
n232-194-226:234601:234635 [4] NCCL INFO recvOpId=0x7fad32bbc6f0 matches expected opId=0x7fad32bbc6f0
n232-194-226:234597:234698 [0] NCCL INFO New proxy recv connection 8 from local rank 0, transport 0
n232-194-226:234597:234698 [0] NCCL INFO proxyProgressAsync opId=0x7f5a4abbc8b0 op.type=1 op.reqBuff=0x7f5a64018790 op.respSize=16 done
n232-194-226:234597:234630 [0] NCCL INFO ncclPollProxyResponse Received new opId=0x7f5a4abbc8b0
n232-194-226:234601:234694 [4] NCCL INFO New proxy recv connection 13 from local rank 4, transport 0
n232-194-226:234601:234694 [4] NCCL INFO proxyProgressAsync opId=0x7fad32bbc6f0 op.type=1 op.reqBuff=0x7fad2803f9f0 op.respSize=16 done
n232-194-226:234597:234698 [0] NCCL INFO Received and initiated operation=Init res=0
n232-194-226:234597:234630 [0] NCCL INFO recvOpId=0x7f5a4abbc8b0 matches expected opId=0x7f5a4abbc8b0
n232-194-226:234597:234630 [0] NCCL INFO Connection to proxy localRank 0 -> connection 0x7f5a640033d0
n232-194-226:234601:234635 [4] NCCL INFO ncclPollProxyResponse Received new opId=0x7fad32bbc6f0
n232-194-226:234601:234694 [4] NCCL INFO Received and initiated operation=Init res=0
n232-194-226:234601:234635 [4] NCCL INFO recvOpId=0x7fad32bbc6f0 matches expected opId=0x7fad32bbc6f0
n232-194-226:234601:234635 [4] NCCL INFO Connection to proxy localRank 4 -> connection 0x7fad28003560
n232-194-226:234603:234637 [6] NCCL INFO Imported shareable buffer device 6 size 10485760 ptr 0x7fc5bec00000
n232-194-226:234598:234697 [1] NCCL INFO transport/p2p.cc:204 Cuda Alloc Size 10485760 pointer 0x7f9d87400000
n232-194-226:234598:234697 [1] NCCL INFO Allocated shareable buffer 0x7f9d87400000 size 10485760 ipcDesc 0x7f9d88015e10
n232-194-226:234598:234697 [1] NCCL INFO proxyProgressAsync opId=0x7f9d92bbc510 op.type=3 op.reqBuff=0x7f9d88015da0 op.respSize=80 done
n232-194-226:234598:234634 [1] NCCL INFO ncclPollProxyResponse Received new opId=0x7f9d92bbc510
n232-194-226:234598:234697 [1] NCCL INFO Received and initiated operation=Setup res=0
n232-194-226:234598:234634 [1] NCCL INFO recvOpId=0x7f9d92bbc510 matches expected opId=0x7f9d92bbc510
n232-194-226:234598:234697 [1] NCCL INFO New proxy recv connection 5 from local rank 1, transport 0
