n232-194-226:233794:233818 [1] NCCL INFO proxyProgressAsync opId=0x7f79c2bb93c0 op.type=3 op.reqBuff=0x7f79b800ec80 op.respSize=0 done
n232-194-226:233794:233802 [1] NCCL INFO ncclPollProxyResponse Received new opId=0x7f79c2bb93c0
n232-194-226:233794:233818 [1] NCCL INFO Received and initiated operation=Setup res=0
n232-194-226:233794:233802 [1] NCCL INFO recvOpId=0x7f79c2bb93c0 matches expected opId=0x7f79c2bb93c0
n232-194-226:233794:233802 [1] NCCL INFO Channel 02/0 : 1[1] -> 2[0] [send] via NET/IB/0/GDRDMA
n232-194-226:233794:233802 [1] NCCL INFO GPU Direct RDMA Enabled for GPU 34000 / HCA 0 (distance 3 <= 4), read 1
n232-194-226:233794:233818 [1] NCCL INFO New proxy send connection 6 from local rank 1, transport 2
n232-194-226:233794:233818 [1] NCCL INFO proxyProgressAsync opId=0x7f79c2bb93c0 op.type=1 op.reqBuff=0x7f79b800ec20 op.respSize=16 done
n232-194-226:233794:233802 [1] NCCL INFO ncclPollProxyResponse Received new opId=0x7f79c2bb93c0
n232-194-226:233794:233802 [1] NCCL INFO recvOpId=0x7f79c2bb93c0 matches expected opId=0x7f79c2bb93c0
n232-194-226:233794:233818 [1] NCCL INFO Received and initiated operation=Init res=0
n232-194-226:233794:233802 [1] NCCL INFO Connection to proxy localRank 1 -> connection 0x7f79b8003330
n232-194-226:233794:233818 [1] NCCL INFO proxyProgressAsync opId=0x7f79c2bb93c0 op.type=3 op.reqBuff=0x7f79b8013f90 op.respSize=0 done
n232-194-226:233794:233802 [1] NCCL INFO ncclPollProxyResponse Received new opId=0x7f79c2bb93c0
n232-194-226:233794:233818 [1] NCCL INFO Received and initiated operation=Setup res=0
n232-194-226:233794:233802 [1] NCCL INFO recvOpId=0x7f79c2bb93c0 matches expected opId=0x7f79c2bb93c0
n232-194-226:233794:233802 [1] NCCL INFO Channel 04/0 : 1[1] -> 2[0] [send] via NET/IB/0/GDRDMA
n232-194-226:233794:233802 [1] NCCL INFO GPU Direct RDMA Enabled for GPU 34000 / HCA 0 (distance 3 <= 4), read 1
n232-194-226:233794:233818 [1] NCCL INFO New proxy send connection 7 from local rank 1, transport 2
n232-194-226:233794:233818 [1] NCCL INFO proxyProgressAsync opId=0x7f79c2bb93c0 op.type=1 op.reqBuff=0x7f79b80095c0 op.respSize=16 done
n232-194-226:233794:233802 [1] NCCL INFO ncclPollProxyResponse Received new opId=0x7f79c2bb93c0
n232-194-226:233794:233818 [1] NCCL INFO Received and initiated operation=Init res=0
n232-194-226:233794:233802 [1] NCCL INFO recvOpId=0x7f79c2bb93c0 matches expected opId=0x7f79c2bb93c0
n232-194-226:233794:233802 [1] NCCL INFO Connection to proxy localRank 1 -> connection 0x7f79b8003380
n232-194-226:233794:233818 [1] NCCL INFO proxyProgressAsync opId=0x7f79c2bb93c0 op.type=3 op.reqBuff=0x7f79b80192a0 op.respSize=0 done
n232-194-226:233794:233802 [1] NCCL INFO ncclPollProxyResponse Received new opId=0x7f79c2bb93c0
n232-194-226:233794:233818 [1] NCCL INFO Received and initiated operation=Setup res=0
n232-194-226:233794:233802 [1] NCCL INFO recvOpId=0x7f79c2bb93c0 matches expected opId=0x7f79c2bb93c0
n232-194-226:233794:233802 [1] NCCL INFO Channel 06/0 : 1[1] -> 2[0] [send] via NET/IB/0/GDRDMA
n232-194-226:233793:233819 [0] NCCL INFO New proxy recv connection 8 from local rank 0, transport 0
n232-194-226:233793:233819 [0] NCCL INFO proxyProgressAsync opId=0x7f1956bbb210 op.type=1 op.reqBuff=0x7f197001d8d0 op.respSize=16 done
n232-194-226:233793:233803 [0] NCCL INFO ncclPollProxyResponse Received new opId=0x7f1956bbb210
n232-194-226:233793:233803 [0] NCCL INFO recvOpId=0x7f1956bbb210 matches expected opId=0x7f1956bbb210
n232-194-226:233793:233819 [0] NCCL INFO Received and initiated operation=Init res=0
n232-194-226:233793:233803 [0] NCCL INFO Connection to proxy localRank 0 -> connection 0x7f1970003460
n232-194-226:233794:233802 [1] NCCL INFO GPU Direct RDMA Disabled for GPU 34000 / HCA 1 (distance 6 > 4)
n232-194-226:233794:233818 [1] NCCL INFO New proxy recv connection 8 from local rank 1, transport 2
n232-194-226:233794:233818 [1] NCCL INFO proxyProgressAsync opId=0x7f79c2bb93c0 op.type=1 op.reqBuff=0x7f79b800ec20 op.respSize=16 done
n232-194-226:233794:233802 [1] NCCL INFO ncclPollProxyResponse Received new opId=0x7f79c2bb93c0
n232-194-226:233794:233818 [1] NCCL INFO Received and initiated operation=Init res=0
n232-194-226:233794:233802 [1] NCCL INFO recvOpId=0x7f79c2bb93c0 matches expected opId=0x7f79c2bb93c0
n232-194-226:233794:233802 [1] NCCL INFO Connection to proxy localRank 1 -> connection 0x7f79b80033d0
n232-194-226:233793:233819 [0] NCCL INFO transport/p2p.cc:204 Cuda Alloc Size 10485760 pointer 0x7f1950c00000
n232-194-226:233793:233819 [0] NCCL INFO Allocated shareable buffer 0x7f1950c00000 size 10485760 ipcDesc 0x7f197001e630
n232-194-226:233793:233819 [0] NCCL INFO proxyProgressAsync opId=0x7f1956bbb210 op.type=3 op.reqBuff=0x7f197001e600 op.respSize=80 done
n232-194-226:233793:233803 [0] NCCL INFO ncclPollProxyResponse Received new opId=0x7f1956bbb210
n232-194-226:233793:233819 [0] NCCL INFO Received and initiated operation=Setup res=0
n232-194-226:233794:233818 [1] NCCL INFO proxyProgressAsync opId=0x7f79c2bb93c0 op.type=3 op.reqBuff=0x7f79b801e5b0 op.respSize=128 done
n232-194-226:233793:233803 [0] NCCL INFO recvOpId=0x7f1956bbb210 matches expected opId=0x7f1956bbb210
n232-194-226:233794:233802 [1] NCCL INFO ncclPollProxyResponse Received new opId=0x7f79c2bb93c0
n232-194-226:233794:233802 [1] NCCL INFO recvOpId=0x7f79c2bb93c0 matches expected opId=0x7f79c2bb93c0
n232-194-226:233794:233818 [1] NCCL INFO Received and initiated operation=Setup res=0
n232-194-226:233794:233802 [1] NCCL INFO Channel 01/0 : 2[0] -> 1[1] [receive] via NET/IB/1
n232-194-226:233794:233802 [1] NCCL INFO GPU Direct RDMA Disabled for GPU 34000 / HCA 1 (distance 6 > 4)
n232-194-226:233793:233819 [0] NCCL INFO New proxy recv connection 9 from local rank 0, transport 0
n232-194-226:233793:233819 [0] NCCL INFO proxyProgressAsync opId=0x7f1956bbb210 op.type=1 op.reqBuff=0x7f197001e600 op.respSize=16 done
n232-194-226:233793:233803 [0] NCCL INFO ncclPollProxyResponse Received new opId=0x7f1956bbb210
n232-194-226:233793:233803 [0] NCCL INFO recvOpId=0x7f1956bbb210 matches expected opId=0x7f1956bbb210
n232-194-226:233793:233819 [0] NCCL INFO Received and initiated operation=Init res=0
n232-194-226:233793:233803 [0] NCCL INFO Connection to proxy localRank 0 -> connection 0x7f19700034b0
n232-194-226:233794:233818 [1] NCCL INFO New proxy recv connection 9 from local rank 1, transport 2
n232-194-226:233794:233818 [1] NCCL INFO proxyProgressAsync opId=0x7f79c2bb93c0 op.type=1 op.reqBuff=0x7f79b80095c0 op.respSize=16 done
n232-194-226:233794:233802 [1] NCCL INFO ncclPollProxyResponse Received new opId=0x7f79c2bb93c0
n232-194-226:233794:233818 [1] NCCL INFO Received and initiated operation=Init res=0
n232-194-226:233794:233802 [1] NCCL INFO recvOpId=0x7f79c2bb93c0 matches expected opId=0x7f79c2bb93c0
n232-194-226:233794:233802 [1] NCCL INFO Connection to proxy localRank 1 -> connection 0x7f79b8003420
n232-194-226:233794:233818 [1] NCCL INFO proxyProgressAsync opId=0x7f79c2bb93c0 op.type=3 op.reqBuff=0x7f79b80239f0 op.respSize=128 done
n232-194-226:233794:233802 [1] NCCL INFO ncclPollProxyResponse Received new opId=0x7f79c2bb93c0
n232-194-226:233794:233802 [1] NCCL INFO recvOpId=0x7f79c2bb93c0 matches expected opId=0x7f79c2bb93c0
n232-194-226:233794:233818 [1] NCCL INFO Received and initiated operation=Setup res=0
n232-194-226:233794:233802 [1] NCCL INFO Channel 03/0 : 2[0] -> 1[1] [receive] via NET/IB/1
n232-194-226:233794:233802 [1] NCCL INFO GPU Direct RDMA Disabled for GPU 34000 / HCA 1 (distance 6 > 4)
n232-194-226:233794:233818 [1] NCCL INFO New proxy recv connection 10 from local rank 1, transport 2
n232-194-226:233794:233818 [1] NCCL INFO proxyProgressAsync opId=0x7f79c2bb93c0 op.type=1 op.reqBuff=0x7f79b800ec20 op.respSize=16 done
n232-194-226:233794:233802 [1] NCCL INFO ncclPollProxyResponse Received new opId=0x7f79c2bb93c0
n232-194-226:233794:233802 [1] NCCL INFO recvOpId=0x7f79c2bb93c0 matches expected opId=0x7f79c2bb93c0
n232-194-226:233794:233818 [1] NCCL INFO Received and initiated operation=Init res=0
n232-194-226:233794:233802 [1] NCCL INFO Connection to proxy localRank 1 -> connection 0x7f79b8003470
n232-194-226:233794:233818 [1] NCCL INFO proxyProgressAsync opId=0x7f79c2bb93c0 op.type=3 op.reqBuff=0x7f79b8028e30 op.respSize=128 done
n232-194-226:233794:233802 [1] NCCL INFO ncclPollProxyResponse Received new opId=0x7f79c2bb93c0
n232-194-226:233793:233819 [0] NCCL INFO transport/p2p.cc:204 Cuda Alloc Size 10485760 pointer 0x7f1951600000
n232-194-226:233794:233818 [1] NCCL INFO Received and initiated operation=Setup res=0
n232-194-226:233793:233819 [0] NCCL INFO Allocated shareable buffer 0x7f1951600000 size 10485760 ipcDesc 0x7f197001f360
n232-194-226:233794:233802 [1] NCCL INFO recvOpId=0x7f79c2bb93c0 matches expected opId=0x7f79c2bb93c0
n232-194-226:233793:233819 [0] NCCL INFO proxyProgressAsync opId=0x7f1956bbb210 op.type=3 op.reqBuff=0x7f197001f330 op.respSize=80 done
n232-194-226:233794:233802 [1] NCCL INFO Channel 05/0 : 2[0] -> 1[1] [receive] via NET/IB/1
n232-194-226:233794:233802 [1] NCCL INFO GPU Direct RDMA Disabled for GPU 34000 / HCA 1 (distance 6 > 4)
n232-194-226:233793:233803 [0] NCCL INFO ncclPollProxyResponse Received new opId=0x7f1956bbb210
n232-194-226:233793:233803 [0] NCCL INFO recvOpId=0x7f1956bbb210 matches expected opId=0x7f1956bbb210
n232-194-226:233793:233819 [0] NCCL INFO Received and initiated operation=Setup res=0
n232-194-226:233794:233818 [1] NCCL INFO New proxy recv connection 11 from local rank 1, transport 2
n232-194-226:233794:233818 [1] NCCL INFO proxyProgressAsync opId=0x7f79c2bb93c0 op.type=1 op.reqBuff=0x7f79b80095c0 op.respSize=16 done
n232-194-226:233794:233802 [1] NCCL INFO ncclPollProxyResponse Received new opId=0x7f79c2bb93c0
n232-194-226:233793:233819 [0] NCCL INFO New proxy recv connection 10 from local rank 0, transport 0
n232-194-226:233793:233819 [0] NCCL INFO proxyProgressAsync opId=0x7f1956bbb210 op.type=1 op.reqBuff=0x7f197001f330 op.respSize=16 done
n232-194-226:233794:233802 [1] NCCL INFO recvOpId=0x7f79c2bb93c0 matches expected opId=0x7f79c2bb93c0
n232-194-226:233794:233818 [1] NCCL INFO Received and initiated operation=Init res=0
n232-194-226:233793:233803 [0] NCCL INFO ncclPollProxyResponse Received new opId=0x7f1956bbb210
n232-194-226:233794:233802 [1] NCCL INFO Connection to proxy localRank 1 -> connection 0x7f79b80034c0
n232-194-226:233793:233803 [0] NCCL INFO recvOpId=0x7f1956bbb210 matches expected opId=0x7f1956bbb210
n232-194-226:233793:233803 [0] NCCL INFO Connection to proxy localRank 0 -> connection 0x7f1970003500
n232-194-226:233793:233819 [0] NCCL INFO Received and initiated operation=Init res=0
n232-194-226:233794:233818 [1] NCCL INFO proxyProgressAsync opId=0x7f79c2bb93c0 op.type=3 op.reqBuff=0x7f79b802e270 op.respSize=128 done
n232-194-226:233794:233802 [1] NCCL INFO ncclPollProxyResponse Received new opId=0x7f79c2bb93c0
n232-194-226:233794:233818 [1] NCCL INFO Received and initiated operation=Setup res=0
n232-194-226:233794:233802 [1] NCCL INFO recvOpId=0x7f79c2bb93c0 matches expected opId=0x7f79c2bb93c0
n232-194-226:233794:233802 [1] NCCL INFO Channel 07/0 : 2[0] -> 1[1] [receive] via NET/IB/1
n232-194-226:233794:233802 [1] NCCL INFO Channel 01/0 : 1[1] -> 0[0] via P2P/IPC
n232-194-226:233794:233818 [1] NCCL INFO New proxy send connection 12 from local rank 1, transport 0
n232-194-226:233794:233818 [1] NCCL INFO proxyProgressAsync opId=0x7f79c2bb93c0 op.type=1 op.reqBuff=0x7f79b800ec20 op.respSize=16 done
n232-194-226:233794:233802 [1] NCCL INFO ncclPollProxyResponse Received new opId=0x7f79c2bb93c0
n232-194-226:233794:233802 [1] NCCL INFO recvOpId=0x7f79c2bb93c0 matches expected opId=0x7f79c2bb93c0
n232-194-226:233794:233818 [1] NCCL INFO Received and initiated operation=Init res=0
n232-194-226:233794:233802 [1] NCCL INFO Connection to proxy localRank 1 -> connection 0x7f79b8003510
n232-194-226:233793:233819 [0] NCCL INFO transport/p2p.cc:204 Cuda Alloc Size 10485760 pointer 0x7f194e000000
n232-194-226:233793:233819 [0] NCCL INFO Allocated shareable buffer 0x7f194e000000 size 10485760 ipcDesc 0x7f197001fe10
n232-194-226:233793:233819 [0] NCCL INFO proxyProgressAsync opId=0x7f1956bbb210 op.type=3 op.reqBuff=0x7f197001fde0 op.respSize=80 done
n232-194-226:233793:233803 [0] NCCL INFO ncclPollProxyResponse Received new opId=0x7f1956bbb210
n232-194-226:233793:233803 [0] NCCL INFO recvOpId=0x7f1956bbb210 matches expected opId=0x7f1956bbb210
n232-194-226:233793:233819 [0] NCCL INFO Received and initiated operation=Setup res=0
n232-194-226:233793:233819 [0] NCCL INFO New proxy recv connection 11 from local rank 0, transport 0
n232-194-226:233793:233819 [0] NCCL INFO proxyProgressAsync opId=0x7f1956bbb210 op.type=1 op.reqBuff=0x7f197001fde0 op.respSize=16 done
n232-194-226:233793:233803 [0] NCCL INFO ncclPollProxyResponse Received new opId=0x7f1956bbb210
n232-194-226:233793:233803 [0] NCCL INFO recvOpId=0x7f1956bbb210 matches expected opId=0x7f1956bbb210
n232-194-226:233793:233819 [0] NCCL INFO Received and initiated operation=Init res=0
n232-194-226:233793:233803 [0] NCCL INFO Connection to proxy localRank 0 -> connection 0x7f1970003550
n232-194-226:233794:233818 [1] NCCL INFO transport/p2p.cc:204 Cuda Alloc Size 2097152 pointer 0x7f79b7400000
n232-194-226:233794:233818 [1] NCCL INFO Allocated shareable buffer 0x7f79b7400000 size 2097152 ipcDesc 0x7f79b80336c0
n232-194-226:233794:233818 [1] NCCL INFO proxyProgressAsync opId=0x7f79c2bb93c0 op.type=3 op.reqBuff=0x7f79b80095c0 op.respSize=80 done
n232-194-226:233794:233802 [1] NCCL INFO ncclPollProxyResponse Received new opId=0x7f79c2bb93c0
n232-194-226:233794:233818 [1] NCCL INFO Received and initiated operation=Setup res=0
n232-194-226:233794:233802 [1] NCCL INFO recvOpId=0x7f79c2bb93c0 matches expected opId=0x7f79c2bb93c0
n232-194-226:233794:233802 [1] NCCL INFO Channel 03/0 : 1[1] -> 0[0] via P2P/IPC
n232-194-226:233794:233818 [1] NCCL INFO New proxy send connection 13 from local rank 1, transport 0
n232-194-226:233794:233818 [1] NCCL INFO proxyProgressAsync opId=0x7f79c2bb93c0 op.type=1 op.reqBuff=0x7f79b80095c0 op.respSize=16 done
n232-194-226:233794:233802 [1] NCCL INFO ncclPollProxyResponse Received new opId=0x7f79c2bb93c0
n232-194-226:233794:233802 [1] NCCL INFO recvOpId=0x7f79c2bb93c0 matches expected opId=0x7f79c2bb93c0
n232-194-226:233793:233819 [0] NCCL INFO transport/p2p.cc:204 Cuda Alloc Size 10485760 pointer 0x7f194ea00000
n232-194-226:233794:233818 [1] NCCL INFO Received and initiated operation=Init res=0
n232-194-226:233793:233819 [0] NCCL INFO Allocated shareable buffer 0x7f194ea00000 size 10485760 ipcDesc 0x7f1970020ef0
n232-194-226:233793:233819 [0] NCCL INFO proxyProgressAsync opId=0x7f1956bbb210 op.type=3 op.reqBuff=0x7f1970020ec0 op.respSize=80 done
n232-194-226:233793:233803 [0] NCCL INFO ncclPollProxyResponse Received new opId=0x7f1956bbb210
n232-194-226:233793:233819 [0] NCCL INFO Received and initiated operation=Setup res=0
n232-194-226:233793:233803 [0] NCCL INFO recvOpId=0x7f1956bbb210 matches expected opId=0x7f1956bbb210
n232-194-226:233793:233803 [0] NCCL INFO GPU Direct RDMA Disabled for GPU f000 / HCA 1 (distance 6 > 4)
n232-194-226:233793:233819 [0] NCCL INFO New proxy send connection 12 from local rank 0, transport 2
n232-194-226:233793:233819 [0] NCCL INFO proxyProgressAsync opId=0x7f1956bbb210 op.type=1 op.reqBuff=0x7f1970020ec0 op.respSize=16 done
n232-194-226:233793:233803 [0] NCCL INFO ncclPollProxyResponse Received new opId=0x7f1956bbb210
n232-194-226:233793:233819 [0] NCCL INFO Received and initiated operation=Init res=0
n232-194-226:233793:233803 [0] NCCL INFO recvOpId=0x7f1956bbb210 matches expected opId=0x7f1956bbb210
n232-194-226:233793:233803 [0] NCCL INFO Connection to proxy localRank 0 -> connection 0x7f19700035a0
n232-194-226:233794:233802 [1] NCCL INFO Connection to proxy localRank 1 -> connection 0x7f79b8003560
n232-194-226:233793:233819 [0] NCCL INFO proxyProgressAsync opId=0x7f1956bbb210 op.type=3 op.reqBuff=0x7f1970020fa0 op.respSize=0 done
n232-194-226:233793:233803 [0] NCCL INFO ncclPollProxyResponse Received new opId=0x7f1956bbb210
n232-194-226:233793:233819 [0] NCCL INFO Received and initiated operation=Setup res=0
n232-194-226:233793:233803 [0] NCCL INFO recvOpId=0x7f1956bbb210 matches expected opId=0x7f1956bbb210
n232-194-226:233793:233803 [0] NCCL INFO Channel 01/0 : 0[0] -> 3[1] [send] via NET/IB/1
n232-194-226:233793:233803 [0] NCCL INFO GPU Direct RDMA Disabled for GPU f000 / HCA 1 (distance 6 > 4)
n232-194-226:233793:233819 [0] NCCL INFO New proxy send connection 13 from local rank 0, transport 2
n232-194-226:233793:233819 [0] NCCL INFO proxyProgressAsync opId=0x7f1956bbb210 op.type=1 op.reqBuff=0x7f1970020f80 op.respSize=16 done
n232-194-226:233793:233803 [0] NCCL INFO ncclPollProxyResponse Received new opId=0x7f1956bbb210
n232-194-226:233793:233819 [0] NCCL INFO Received and initiated operation=Init res=0
n232-194-226:233793:233803 [0] NCCL INFO recvOpId=0x7f1956bbb210 matches expected opId=0x7f1956bbb210
n232-194-226:233793:233803 [0] NCCL INFO Connection to proxy localRank 0 -> connection 0x7f19700035f0
n232-194-226:233793:233819 [0] NCCL INFO proxyProgressAsync opId=0x7f1956bbb210 op.type=3 op.reqBuff=0x7f1970021000 op.respSize=0 done
n232-194-226:233793:233803 [0] NCCL INFO ncclPollProxyResponse Received new opId=0x7f1956bbb210
n232-194-226:233793:233819 [0] NCCL INFO Received and initiated operation=Setup res=0
n232-194-226:233793:233803 [0] NCCL INFO recvOpId=0x7f1956bbb210 matches expected opId=0x7f1956bbb210
n232-194-226:233793:233803 [0] NCCL INFO Channel 03/0 : 0[0] -> 3[1] [send] via NET/IB/1
n232-194-226:233793:233803 [0] NCCL INFO GPU Direct RDMA Disabled for GPU f000 / HCA 1 (distance 6 > 4)
n232-194-226:233793:233819 [0] NCCL INFO New proxy send connection 14 from local rank 0, transport 2
n232-194-226:233793:233819 [0] NCCL INFO proxyProgressAsync opId=0x7f1956bbb210 op.type=1 op.reqBuff=0x7f1970020ec0 op.respSize=16 done
n232-194-226:233793:233803 [0] NCCL INFO ncclPollProxyResponse Received new opId=0x7f1956bbb210
n232-194-226:233793:233803 [0] NCCL INFO recvOpId=0x7f1956bbb210 matches expected opId=0x7f1956bbb210
n232-194-226:233793:233819 [0] NCCL INFO Received and initiated operation=Init res=0
n232-194-226:233793:233803 [0] NCCL INFO Connection to proxy localRank 0 -> connection 0x7f1970003640
n232-194-226:233793:233819 [0] NCCL INFO proxyProgressAsync opId=0x7f1956bbb210 op.type=3 op.reqBuff=0x7f1970020f00 op.respSize=0 done
n232-194-226:233793:233803 [0] NCCL INFO ncclPollProxyResponse Received new opId=0x7f1956bbb210
n232-194-226:233793:233819 [0] NCCL INFO Received and initiated operation=Setup res=0
n232-194-226:233793:233803 [0] NCCL INFO recvOpId=0x7f1956bbb210 matches expected opId=0x7f1956bbb210
n232-194-226:233793:233803 [0] NCCL INFO Channel 05/0 : 0[0] -> 3[1] [send] via NET/IB/1
n232-194-226:233793:233803 [0] NCCL INFO GPU Direct RDMA Disabled for GPU f000 / HCA 1 (distance 6 > 4)
n232-194-226:233794:233818 [1] NCCL INFO transport/p2p.cc:204 Cuda Alloc Size 2097152 pointer 0x7f79b7600000
n232-194-226:233794:233818 [1] NCCL INFO Allocated shareable buffer 0x7f79b7600000 size 2097152 ipcDesc 0x7f79b80343d0
n232-194-226:233794:233818 [1] NCCL INFO proxyProgressAsync opId=0x7f79c2bb93c0 op.type=3 op.reqBuff=0x7f79b80095c0 op.respSize=80 done
n232-194-226:233794:233802 [1] NCCL INFO ncclPollProxyResponse Received new opId=0x7f79c2bb93c0
n232-194-226:233794:233818 [1] NCCL INFO Received and initiated operation=Setup res=0
n232-194-226:233794:233802 [1] NCCL INFO recvOpId=0x7f79c2bb93c0 matches expected opId=0x7f79c2bb93c0
n232-194-226:233793:233819 [0] NCCL INFO New proxy send connection 15 from local rank 0, transport 2
n232-194-226:233793:233819 [0] NCCL INFO proxyProgressAsync opId=0x7f1956bbb210 op.type=1 op.reqBuff=0x7f1970020ec0 op.respSize=16 done
n232-194-226:233794:233802 [1] NCCL INFO Channel 05/0 : 1[1] -> 0[0] via P2P/IPC
n232-194-226:233793:233803 [0] NCCL INFO ncclPollProxyResponse Received new opId=0x7f1956bbb210
n232-194-226:233793:233819 [0] NCCL INFO Received and initiated operation=Init res=0
n232-194-226:233793:233803 [0] NCCL INFO recvOpId=0x7f1956bbb210 matches expected opId=0x7f1956bbb210
n232-194-226:233793:233803 [0] NCCL INFO Connection to proxy localRank 0 -> connection 0x7f1970003690
n232-194-226:233794:233818 [1] NCCL INFO New proxy send connection 14 from local rank 1, transport 0
n232-194-226:233794:233818 [1] NCCL INFO proxyProgressAsync opId=0x7f79c2bb93c0 op.type=1 op.reqBuff=0x7f79b80095c0 op.respSize=16 done
n232-194-226:233794:233802 [1] NCCL INFO ncclPollProxyResponse Received new opId=0x7f79c2bb93c0
n232-194-226:233794:233818 [1] NCCL INFO Received and initiated operation=Init res=0
n232-194-226:233793:233819 [0] NCCL INFO proxyProgressAsync opId=0x7f1956bbb210 op.type=3 op.reqBuff=0x7f1970020f80 op.respSize=0 done
n232-194-226:233794:233802 [1] NCCL INFO recvOpId=0x7f79c2bb93c0 matches expected opId=0x7f79c2bb93c0
n232-194-226:233794:233802 [1] NCCL INFO Connection to proxy localRank 1 -> connection 0x7f79b80035b0
n232-194-226:233793:233803 [0] NCCL INFO ncclPollProxyResponse Received new opId=0x7f1956bbb210
n232-194-226:233793:233819 [0] NCCL INFO Received and initiated operation=Setup res=0
n232-194-226:233793:233803 [0] NCCL INFO recvOpId=0x7f1956bbb210 matches expected opId=0x7f1956bbb210
n232-194-226:233793:233803 [0] NCCL INFO Channel 07/0 : 0[0] -> 3[1] [send] via NET/IB/1
n232-194-226:233794:233818 [1] NCCL INFO transport/p2p.cc:204 Cuda Alloc Size 2097152 pointer 0x7f79b7800000
n232-194-226:233794:233818 [1] NCCL INFO Allocated shareable buffer 0x7f79b7800000 size 2097152 ipcDesc 0x7f79b8035100
n232-194-226:233794:233818 [1] NCCL INFO proxyProgressAsync opId=0x7f79c2bb93c0 op.type=3 op.reqBuff=0x7f79b80095c0 op.respSize=80 done
n232-194-226:233794:233802 [1] NCCL INFO ncclPollProxyResponse Received new opId=0x7f79c2bb93c0
n232-194-226:233794:233802 [1] NCCL INFO recvOpId=0x7f79c2bb93c0 matches expected opId=0x7f79c2bb93c0
n232-194-226:233794:233818 [1] NCCL INFO Received and initiated operation=Setup res=0
n232-194-226:233794:233802 [1] NCCL INFO Channel 07/0 : 1[1] -> 0[0] via P2P/IPC
n232-194-226:233794:233818 [1] NCCL INFO New proxy send connection 15 from local rank 1, transport 0
n232-194-226:233794:233818 [1] NCCL INFO proxyProgressAsync opId=0x7f79c2bb93c0 op.type=1 op.reqBuff=0x7f79b80095c0 op.respSize=16 done
n232-194-226:233794:233802 [1] NCCL INFO ncclPollProxyResponse Received new opId=0x7f79c2bb93c0
n232-194-226:233794:233818 [1] NCCL INFO Received and initiated operation=Init res=0
n232-194-226:233794:233802 [1] NCCL INFO recvOpId=0x7f79c2bb93c0 matches expected opId=0x7f79c2bb93c0
n232-194-226:233794:233802 [1] NCCL INFO Connection to proxy localRank 1 -> connection 0x7f79b8003600
n232-194-226:233794:233818 [1] NCCL INFO transport/p2p.cc:204 Cuda Alloc Size 2097152 pointer 0x7f79b7a00000
n232-194-226:233794:233818 [1] NCCL INFO Allocated shareable buffer 0x7f79b7a00000 size 2097152 ipcDesc 0x7f79b8035e50
n232-194-226:233794:233818 [1] NCCL INFO proxyProgressAsync opId=0x7f79c2bb93c0 op.type=3 op.reqBuff=0x7f79b8035e20 op.respSize=80 done
n232-194-226:233794:233802 [1] NCCL INFO ncclPollProxyResponse Received new opId=0x7f79c2bb93c0
n232-194-226:233794:233802 [1] NCCL INFO recvOpId=0x7f79c2bb93c0 matches expected opId=0x7f79c2bb93c0
n232-194-226:233794:233818 [1] NCCL INFO Received and initiated operation=Setup res=0
n232-194-226:233794:233802 [1] NCCL INFO sendConnect ncclProxyCallAsync opId=0x7f79c3308a30
n232-194-226:233794:233818 [1] NCCL INFO transport/net_ib.cc:627 Ib Alloc Size 27160 pointer 0x7f79b803c000
n232-194-226:233794:233818 [1] NCCL INFO NET/IB: Dev 0 Port 1 qpn 58174 mtu 5 LID 42
n232-194-226:233794:233818 [1] NCCL INFO transport/net_ib.cc:679 Ib Alloc Size 552 pointer 0x7f79b805e000
n232-194-226:233794:233818 [1] NCCL INFO Received and initiated operation=Connect res=0
n232-194-226:233793:233803 [0] NCCL INFO Imported shareable buffer device 0 size 10485760 ptr 0x7f194f400000
n232-194-226:233793:233803 [0] NCCL INFO recvConnect ncclProxyCallAsync opId=0x7f1957308938 &recv->proxyConn=0x7f1957308940 connectInfo=0x7f19573240e0
n232-194-226:233793:233819 [0] NCCL INFO transport/net_ib.cc:739 Ib Alloc Size 22280 pointer 0x7f197003c000
n232-194-226:233793:233819 [0] NCCL INFO transport/net_ib.cc:752 Ib Alloc Size 552 pointer 0x7f1970043000
n232-194-226:233794:233802 [1] NCCL INFO Imported shareable buffer device 1 size 2097152 ptr 0x7f79b7c00000
n232-194-226:233794:233802 [1] NCCL INFO sendConnect ncclProxyCallAsync opId=0x7f79c331c1e0
n232-194-226:233794:233818 [1] NCCL INFO transport/net_ib.cc:627 Ib Alloc Size 27160 pointer 0x7f79b8065000
n232-194-226:233793:233819 [0] NCCL INFO transport/net_ib.cc:830 Ib Alloc Size 552 pointer 0x7f197006a000
n232-194-226:233793:233819 [0] NCCL INFO Received and initiated operation=Connect res=0
n232-194-226:233794:233818 [1] NCCL INFO NET/IB: Dev 0 Port 1 qpn 58176 mtu 5 LID 42
n232-194-226:233794:233818 [1] NCCL INFO transport/net_ib.cc:679 Ib Alloc Size 552 pointer 0x7f79b807d000
n232-194-226:233794:233818 [1] NCCL INFO Received and initiated operation=Connect res=0
n232-194-226:233793:233803 [0] NCCL INFO Imported shareable buffer device 0 size 10485760 ptr 0x7f1946000000
n232-194-226:233793:233803 [0] NCCL INFO recvConnect ncclProxyCallAsync opId=0x7f195731c0e8 &recv->proxyConn=0x7f195731c0f0 connectInfo=0x7f1957324160
n232-194-226:233793:233819 [0] NCCL INFO transport/net_ib.cc:739 Ib Alloc Size 22280 pointer 0x7f1970071000
n232-194-226:233793:233819 [0] NCCL INFO transport/net_ib.cc:752 Ib Alloc Size 552 pointer 0x7f1970078000
n232-194-226:233794:233802 [1] NCCL INFO Imported shareable buffer device 1 size 2097152 ptr 0x7f79b7e00000
n232-194-226:233794:233802 [1] NCCL INFO sendConnect ncclProxyCallAsync opId=0x7f79c331f010
n232-194-226:233793:233803 [0] NCCL INFO Imported shareable buffer device 0 size 10485760 ptr 0x7f1946a00000
n232-194-226:233793:233803 [0] NCCL INFO recvConnect ncclProxyCallAsync opId=0x7f195731ef18 &recv->proxyConn=0x7f195731ef20 connectInfo=0x7f19573241e0
n232-194-226:233793:233819 [0] NCCL INFO transport/net_ib.cc:830 Ib Alloc Size 552 pointer 0x7f1970094000
n232-194-226:233793:233819 [0] NCCL INFO Received and initiated operation=Connect res=0
n232-194-226:233794:233802 [1] NCCL INFO Imported shareable buffer device 1 size 2097152 ptr 0x7f79bf800000
n232-194-226:233793:233803 [0] NCCL INFO Imported shareable buffer device 0 size 10485760 ptr 0x7f1947400000
n232-194-226:233794:233802 [1] NCCL INFO sendConnect ncclProxyCallAsync opId=0x7f79c3321cf0
n232-194-226:233794:233818 [1] NCCL INFO transport/net.cc:637 Cuda Alloc Size 9109504 pointer 0x7f79ae000000
n232-194-226:233794:233802 [1] NCCL INFO Imported shareable buffer device 1 size 2097152 ptr 0x7f79aea00000
n232-194-226:233794:233818 [1] NCCL INFO transport/net.cc:643 Cuda Host Alloc Size 532480 pointer 0x7f79fca00200
n232-194-226:233794:233818 [1] NCCL INFO Mem Realloc old size 0, new size 768 pointer 0x7f79b8064b10
n232-194-226:233794:233802 [1] NCCL INFO Imported shareable buffer device 1 size 10485760 ptr 0x7f79aec00000
n232-194-226:233794:233802 [1] NCCL INFO recvConnect ncclProxyCallAsync opId=0x7f79c331ab40 &recv->proxyConn=0x7f79c331ab48 connectInfo=0x7f79c3328a10
n232-194-226:233794:233802 [1] NCCL INFO Imported shareable buffer device 1 size 10485760 ptr 0x7f79af600000
n232-194-226:233794:233802 [1] NCCL INFO recvConnect ncclProxyCallAsync opId=0x7f79c331dac0 &recv->proxyConn=0x7f79c331dac8 connectInfo=0x7f79c3328a90
n232-194-226:233794:233802 [1] NCCL INFO Imported shareable buffer device 1 size 10485760 ptr 0x7f79ac000000
n232-194-226:233794:233802 [1] NCCL INFO recvConnect ncclProxyCallAsync opId=0x7f79c33207a0 &recv->proxyConn=0x7f79c33207a8 connectInfo=0x7f79c3328b10
n232-194-226:233793:233803 [0] NCCL INFO recvConnect ncclProxyCallAsync opId=0x7f1957321bf8 &recv->proxyConn=0x7f1957321c00 connectInfo=0x7f1957324260
n232-194-226:233793:233803 [0] NCCL INFO sendConnect ncclProxyCallAsync opId=0x7f195731a808
n232-194-226:233793:233819 [0] NCCL INFO transport/net.cc:778 Cuda Host Alloc Size 9641984 pointer 0x7f1944000000
n232-194-226:233793:233819 [0] NCCL INFO Mem Realloc old size 0, new size 768 pointer 0x7f197005f480
n232-194-226:233793:233819 [0] NCCL INFO proxyProgressAsync opId=0x7f1957308938 op.type=4 op.reqBuff=0x7f1970020fb0 op.respSize=21040 done
n232-194-226:233794:233802 [1] NCCL INFO Imported shareable buffer device 1 size 10485760 ptr 0x7f79aca00000
n232-194-226:233794:233802 [1] NCCL INFO recvConnect ncclProxyCallAsync opId=0x7f79c3323480 &recv->proxyConn=0x7f79c3323488 connectInfo=0x7f79c3328b90
n232-194-226:233794:233818 [1] NCCL INFO proxyProgressAsync opId=0x7f79c3308a30 op.type=4 op.reqBuff=0x7f79b8036aa0 op.respSize=21040 done
n232-194-226:233794:233802 [1] NCCL INFO ncclPollProxyResponse Received new opId=0x7f79c3308a30
n232-194-226:233794:233802 [1] NCCL INFO Queuing opId=0x7f79c3308a30 respBuff=0x7f79c33834b0 respSize=21040
n232-194-226:233794:233802 [1] NCCL INFO ncclPollProxyResponse Dequeued cached opId=0x7f79c3308a30
n232-194-226:233794:233802 [1] NCCL INFO sendConnect ncclPollProxyResponse opId=0x7f79c3308a30
n232-194-226:233793:233803 [0] NCCL INFO Imported shareable buffer device 0 size 2097152 ptr 0x7f1944a00000
n232-194-226:233794:233818 [1] NCCL INFO transport/net.cc:637 Cuda Alloc Size 9109504 pointer 0x7f79ad400000
n232-194-226:233794:233818 [1] NCCL INFO transport/net.cc:643 Cuda Host Alloc Size 532480 pointer 0x7f79fca82200
n232-194-226:233794:233818 [1] NCCL INFO proxyProgressAsync opId=0x7f79c331c1e0 op.type=4 op.reqBuff=0x7f79b8043ce0 op.respSize=21040 done
n232-194-226:233794:233802 [1] NCCL INFO ncclPollProxyResponse Received new opId=0x7f79c331c1e0
n232-194-226:233794:233802 [1] NCCL INFO Queuing opId=0x7f79c331c1e0 respBuff=0x7f79c332ffe0 respSize=21040
n232-194-226:233794:233802 [1] NCCL INFO ncclPollProxyResponse Dequeued cached opId=0x7f79c331c1e0
n232-194-226:233794:233802 [1] NCCL INFO sendConnect ncclPollProxyResponse opId=0x7f79c331c1e0
n232-194-226:233794:233818 [1] NCCL INFO transport/net_ib.cc:627 Ib Alloc Size 27160 pointer 0x7f79b807f000
n232-194-226:233794:233818 [1] NCCL INFO NET/IB: Dev 0 Port 1 qpn 58180 mtu 5 LID 42
n232-194-226:233794:233818 [1] NCCL INFO transport/net_ib.cc:679 Ib Alloc Size 552 pointer 0x7f79b8091000
n232-194-226:233794:233818 [1] NCCL INFO Received and initiated operation=Connect res=0
n232-194-226:233794:233818 [1] NCCL INFO transport/net_ib.cc:627 Ib Alloc Size 27160 pointer 0x7f79b8098000
n232-194-226:233794:233818 [1] NCCL INFO NET/IB: Dev 0 Port 1 qpn 58181 mtu 5 LID 42
n232-194-226:233794:233818 [1] NCCL INFO transport/net_ib.cc:679 Ib Alloc Size 552 pointer 0x7f79b80b0000
n232-194-226:233794:233818 [1] NCCL INFO Received and initiated operation=Connect res=0
n232-194-226:233794:233818 [1] NCCL INFO transport/net_ib.cc:739 Ib Alloc Size 22280 pointer 0x7f79b80b7000
n232-194-226:233794:233818 [1] NCCL INFO transport/net_ib.cc:752 Ib Alloc Size 552 pointer 0x7f79b80be000
n232-194-226:233793:233803 [0] NCCL INFO sendConnect ncclProxyCallAsync opId=0x7f195731d788
n232-194-226:233793:233803 [0] NCCL INFO ncclPollProxyResponse Received new opId=0x7f1957308938
n232-194-226:233793:233803 [0] NCCL INFO Queuing opId=0x7f1957308938 respBuff=0x7f195736c570 respSize=21040
n232-194-226:233793:233819 [0] NCCL INFO transport/net.cc:778 Cuda Host Alloc Size 9641984 pointer 0x7f1944c00000
n232-194-226:233793:233819 [0] NCCL INFO proxyProgressAsync opId=0x7f195731c0e8 op.type=4 op.reqBuff=0x7f1970020f20 op.respSize=21040 done
n232-194-226:233793:233819 [0] NCCL INFO transport/net_ib.cc:739 Ib Alloc Size 22280 pointer 0x7f1970096000
n232-194-226:233793:233819 [0] NCCL INFO transport/net_ib.cc:752 Ib Alloc Size 552 pointer 0x7f1970037000
n232-194-226:233794:233818 [1] NCCL INFO transport/net_ib.cc:830 Ib Alloc Size 552 pointer 0x7f79b80e5000
n232-194-226:233793:233803 [0] NCCL INFO Imported shareable buffer device 0 size 2097152 ptr 0x7f1945600000
n232-194-226:233794:233818 [1] NCCL INFO Received and initiated operation=Connect res=0
n232-194-226:233793:233803 [0] NCCL INFO sendConnect ncclProxyCallAsync opId=0x7f1957320468
n232-194-226:233793:233803 [0] NCCL INFO ncclPollProxyResponse Received new opId=0x7f195731c0e8
n232-194-226:233794:233818 [1] NCCL INFO transport/net_ib.cc:739 Ib Alloc Size 22280 pointer 0x7f79b80ec000
n232-194-226:233794:233818 [1] NCCL INFO transport/net_ib.cc:752 Ib Alloc Size 552 pointer 0x7f79b80f3000
n232-194-226:233793:233803 [0] NCCL INFO Queuing opId=0x7f195731c0e8 respBuff=0x7f19573777e0 respSize=21040
n232-194-226:233793:233803 [0] NCCL INFO Imported shareable buffer device 0 size 2097152 ptr 0x7f1945800000
n232-194-226:233793:233803 [0] NCCL INFO sendConnect ncclProxyCallAsync opId=0x7f1957323148
n232-194-226:233793:233819 [0] NCCL INFO transport/net_ib.cc:830 Ib Alloc Size 552 pointer 0x7f1970037000
n232-194-226:233793:233819 [0] NCCL INFO Received and initiated operation=Connect res=0
n232-194-226:233793:233819 [0] NCCL INFO transport/net_ib.cc:739 Ib Alloc Size 22280 pointer 0x7f19700bb000
n232-194-226:233793:233819 [0] NCCL INFO transport/net_ib.cc:752 Ib Alloc Size 552 pointer 0x7f1970039000
n232-194-226:233794:233818 [1] NCCL INFO transport/net_ib.cc:830 Ib Alloc Size 552 pointer 0x7f79b810f000
n232-194-226:233794:233818 [1] NCCL INFO Received and initiated operation=Connect res=0
n232-194-226:233793:233803 [0] NCCL INFO Imported shareable buffer device 0 size 2097152 ptr 0x7f1945a00000
n232-194-226:233793:233803 [0] NCCL INFO ncclPollProxyResponse Dequeued cached opId=0x7f1957308938
n232-194-226:233793:233803 [0] NCCL INFO recvConnect ncclPollProxyResponse opId=0x7f1957308938
n232-194-226:233793:233803 [0] NCCL INFO ncclPollProxyResponse Dequeued cached opId=0x7f195731c0e8
n232-194-226:233793:233803 [0] NCCL INFO recvConnect ncclPollProxyResponse opId=0x7f195731c0e8
n232-194-226:233794:233818 [1] NCCL INFO transport/net.cc:637 Cuda Alloc Size 9109504 pointer 0x7f79aa000000
n232-194-226:233794:233818 [1] NCCL INFO transport/net.cc:643 Cuda Host Alloc Size 532480 pointer 0x7f79fcb04200
n232-194-226:233794:233818 [1] NCCL INFO proxyProgressAsync opId=0x7f79c331f010 op.type=4 op.reqBuff=0x7f79b806c1f0 op.respSize=21040 done
n232-194-226:233794:233802 [1] NCCL INFO ncclPollProxyResponse Received new opId=0x7f79c331f010
n232-194-226:233794:233802 [1] NCCL INFO Queuing opId=0x7f79c331f010 respBuff=0x7f79c332ffe0 respSize=21040
n232-194-226:233794:233802 [1] NCCL INFO ncclPollProxyResponse Dequeued cached opId=0x7f79c331f010
n232-194-226:233794:233802 [1] NCCL INFO sendConnect ncclPollProxyResponse opId=0x7f79c331f010
n232-194-226:233793:233819 [0] NCCL INFO transport/net_ib.cc:830 Ib Alloc Size 552 pointer 0x7f19700db000
n232-194-226:233793:233819 [0] NCCL INFO Received and initiated operation=Connect res=0
n232-194-226:233794:233818 [1] NCCL INFO transport/net.cc:637 Cuda Alloc Size 9109504 pointer 0x7f79aaa00000
n232-194-226:233794:233818 [1] NCCL INFO transport/net.cc:643 Cuda Host Alloc Size 532480 pointer 0x7f79ab400000
n232-194-226:233794:233818 [1] NCCL INFO proxyProgressAsync opId=0x7f79c3321cf0 op.type=4 op.reqBuff=0x7f79b803b940 op.respSize=21040 done
n232-194-226:233794:233802 [1] NCCL INFO ncclPollProxyResponse Received new opId=0x7f79c3321cf0
n232-194-226:233794:233802 [1] NCCL INFO Queuing opId=0x7f79c3321cf0 respBuff=0x7f79c333b020 respSize=21040
n232-194-226:233794:233802 [1] NCCL INFO ncclPollProxyResponse Dequeued cached opId=0x7f79c3321cf0
n232-194-226:233794:233802 [1] NCCL INFO sendConnect ncclPollProxyResponse opId=0x7f79c3321cf0
n232-194-226:233793:233819 [0] NCCL INFO transport/net.cc:778 Cuda Host Alloc Size 9641984 pointer 0x7f1942000000
n232-194-226:233793:233819 [0] NCCL INFO proxyProgressAsync opId=0x7f195731ef18 op.type=4 op.reqBuff=0x7f1970020f20 op.respSize=21040 done
n232-194-226:233793:233803 [0] NCCL INFO ncclPollProxyResponse Received new opId=0x7f195731ef18
n232-194-226:233793:233803 [0] NCCL INFO Queuing opId=0x7f195731ef18 respBuff=0x7f1957330730 respSize=21040
n232-194-226:233793:233803 [0] NCCL INFO ncclPollProxyResponse Dequeued cached opId=0x7f195731ef18
n232-194-226:233793:233803 [0] NCCL INFO recvConnect ncclPollProxyResponse opId=0x7f195731ef18
n232-194-226:233794:233818 [1] NCCL INFO transport/net.cc:778 Cuda Host Alloc Size 9641984 pointer 0x7f79ab600000
n232-194-226:233794:233818 [1] NCCL INFO Mem Realloc old size 0, new size 768 pointer 0x7f79b807e0e0
n232-194-226:233794:233818 [1] NCCL INFO proxyProgressAsync opId=0x7f79c331ab40 op.type=4 op.reqBuff=0x7f79b806cfe0 op.respSize=21040 done
n232-194-226:233794:233802 [1] NCCL INFO ncclPollProxyResponse Received new opId=0x7f79c331ab40
n232-194-226:233794:233802 [1] NCCL INFO Queuing opId=0x7f79c331ab40 respBuff=0x7f79c332ffe0 respSize=21040
n232-194-226:233794:233802 [1] NCCL INFO ncclPollProxyResponse Dequeued cached opId=0x7f79c331ab40
n232-194-226:233794:233802 [1] NCCL INFO recvConnect ncclPollProxyResponse opId=0x7f79c331ab40
n232-194-226:233793:233819 [0] NCCL INFO transport/net.cc:778 Cuda Host Alloc Size 9641984 pointer 0x7f1942a00000
n232-194-226:233793:233819 [0] NCCL INFO proxyProgressAsync opId=0x7f1957321bf8 op.type=4 op.reqBuff=0x7f197005ffe0 op.respSize=21040 done
n232-194-226:233793:233803 [0] NCCL INFO ncclPollProxyResponse Received new opId=0x7f1957321bf8
n232-194-226:233793:233803 [0] NCCL INFO Queuing opId=0x7f1957321bf8 respBuff=0x7f195733bb50 respSize=21040
n232-194-226:233793:233803 [0] NCCL INFO ncclPollProxyResponse Dequeued cached opId=0x7f1957321bf8
n232-194-226:233793:233803 [0] NCCL INFO recvConnect ncclPollProxyResponse opId=0x7f1957321bf8
n232-194-226:233793:233819 [0] NCCL INFO transport/net_ib.cc:627 Ib Alloc Size 27160 pointer 0x7f19700dd000
n232-194-226:233793:233819 [0] NCCL INFO NET/IB: Dev 1 Port 1 qpn 22840 mtu 5 LID 25
n232-194-226:233793:233819 [0] NCCL INFO transport/net_ib.cc:679 Ib Alloc Size 552 pointer 0x7f19700f7000
n232-194-226:233793:233819 [0] NCCL INFO Received and initiated operation=Connect res=0
n232-194-226:233793:233819 [0] NCCL INFO transport/net_ib.cc:627 Ib Alloc Size 27160 pointer 0x7f19700fe000
n232-194-226:233794:233818 [1] NCCL INFO transport/net.cc:778 Cuda Host Alloc Size 9641984 pointer 0x7f79a8000000
n232-194-226:233794:233818 [1] NCCL INFO proxyProgressAsync opId=0x7f79c331dac0 op.type=4 op.reqBuff=0x7f79b8097fe0 op.respSize=21040 done
n232-194-226:233794:233802 [1] NCCL INFO ncclPollProxyResponse Received new opId=0x7f79c331dac0
n232-194-226:233794:233802 [1] NCCL INFO recvOpId=0x7f79c331dac0 matches expected opId=0x7f79c331dac0
n232-194-226:233794:233802 [1] NCCL INFO recvConnect ncclPollProxyResponse opId=0x7f79c331dac0
n232-194-226:233794:233818 [1] NCCL INFO transport/net_ib.cc:739 Ib Alloc Size 22280 pointer 0x7f79b80b0000
n232-194-226:233794:233818 [1] NCCL INFO Received and initiated operation=Connect res=0
n232-194-226:233794:233818 [1] NCCL INFO transport/net_ib.cc:739 Ib Alloc Size 22280 pointer 0x7f79b8111000
n232-194-226:233794:233818 [1] NCCL INFO Received and initiated operation=Connect res=0
n232-194-226:233793:233819 [0] NCCL INFO NET/IB: Dev 1 Port 1 qpn 22841 mtu 5 LID 25
n232-194-226:233793:233819 [0] NCCL INFO transport/net_ib.cc:679 Ib Alloc Size 552 pointer 0x7f1970115000
n232-194-226:233793:233819 [0] NCCL INFO Received and initiated operation=Connect res=0
n232-194-226:233793:233819 [0] NCCL INFO transport/net_ib.cc:627 Ib Alloc Size 27160 pointer 0x7f197011c000
n232-194-226:233793:233819 [0] NCCL INFO NET/IB: Dev 1 Port 1 qpn 22842 mtu 5 LID 25
n232-194-226:233793:233819 [0] NCCL INFO transport/net_ib.cc:679 Ib Alloc Size 552 pointer 0x7f1970134000
n232-194-226:233793:233819 [0] NCCL INFO Received and initiated operation=Connect res=0
n232-194-226:233794:233818 [1] NCCL INFO transport/net_ib.cc:752 Ib Alloc Size 552 pointer 0x7f79b80e5000
n232-194-226:233793:233819 [0] NCCL INFO transport/net.cc:643 Cuda Host Alloc Size 9641984 pointer 0x7f1943400000
n232-194-226:233793:233819 [0] NCCL INFO Mem Realloc old size 0, new size 768 pointer 0x7f1970133520
n232-194-226:233794:233818 [1] NCCL INFO transport/net_ib.cc:830 Ib Alloc Size 552 pointer 0x7f79b812c000
n232-194-226:233794:233818 [1] NCCL INFO transport/net_ib.cc:752 Ib Alloc Size 552 pointer 0x7f79b812e000
n232-194-226:233793:233819 [0] NCCL INFO proxyProgressAsync opId=0x7f195731a808 op.type=4 op.reqBuff=0x7f19700c6090 op.respSize=21040 done
n232-194-226:233793:233803 [0] NCCL INFO ncclPollProxyResponse Received new opId=0x7f195731a808
n232-194-226:233793:233803 [0] NCCL INFO Queuing opId=0x7f195731a808 respBuff=0x7f1957330730 respSize=21040
n232-194-226:233793:233803 [0] NCCL INFO ncclPollProxyResponse Dequeued cached opId=0x7f195731a808
n232-194-226:233793:233803 [0] NCCL INFO sendConnect ncclPollProxyResponse opId=0x7f195731a808
n232-194-226:233794:233818 [1] NCCL INFO transport/net_ib.cc:830 Ib Alloc Size 552 pointer 0x7f79b8149000
n232-194-226:233793:233819 [0] NCCL INFO transport/net.cc:643 Cuda Host Alloc Size 9641984 pointer 0x7f1940000000
n232-194-226:233793:233819 [0] NCCL INFO proxyProgressAsync opId=0x7f195731d788 op.type=4 op.reqBuff=0x7f197006bd70 op.respSize=21040 done
n232-194-226:233793:233803 [0] NCCL INFO ncclPollProxyResponse Received new opId=0x7f195731d788
n232-194-226:233793:233803 [0] NCCL INFO Queuing opId=0x7f195731d788 respBuff=0x7f1957346bb0 respSize=21040
n232-194-226:233793:233803 [0] NCCL INFO ncclPollProxyResponse Dequeued cached opId=0x7f195731d788
n232-194-226:233793:233803 [0] NCCL INFO sendConnect ncclPollProxyResponse opId=0x7f195731d788
n232-194-226:233794:233818 [1] NCCL INFO transport/net.cc:778 Cuda Host Alloc Size 9641984 pointer 0x7f79a8a00000
n232-194-226:233794:233818 [1] NCCL INFO proxyProgressAsync opId=0x7f79c33207a0 op.type=4 op.reqBuff=0x7f79b8097fe0 op.respSize=21040 done
n232-194-226:233794:233802 [1] NCCL INFO ncclPollProxyResponse Received new opId=0x7f79c33207a0
n232-194-226:233794:233802 [1] NCCL INFO recvOpId=0x7f79c33207a0 matches expected opId=0x7f79c33207a0
n232-194-226:233794:233802 [1] NCCL INFO recvConnect ncclPollProxyResponse opId=0x7f79c33207a0
n232-194-226:233793:233819 [0] NCCL INFO transport/net.cc:643 Cuda Host Alloc Size 9641984 pointer 0x7f1940a00000
n232-194-226:233793:233819 [0] NCCL INFO proxyProgressAsync opId=0x7f1957320468 op.type=4 op.reqBuff=0x7f19700fdc50 op.respSize=21040 done
n232-194-226:233793:233803 [0] NCCL INFO ncclPollProxyResponse Received new opId=0x7f1957320468
n232-194-226:233793:233803 [0] NCCL INFO recvOpId=0x7f1957320468 matches expected opId=0x7f1957320468
n232-194-226:233793:233803 [0] NCCL INFO sendConnect ncclPollProxyResponse opId=0x7f1957320468
n232-194-226:233793:233819 [0] NCCL INFO transport/net_ib.cc:627 Ib Alloc Size 27160 pointer 0x7f1970136000
n232-194-226:233793:233819 [0] NCCL INFO NET/IB: Dev 1 Port 1 qpn 22847 mtu 5 LID 25
n232-194-226:233793:233819 [0] NCCL INFO transport/net_ib.cc:679 Ib Alloc Size 552 pointer 0x7f19700b6000
n232-194-226:233793:233819 [0] NCCL INFO Received and initiated operation=Connect res=0
n232-194-226:233794:233818 [1] NCCL INFO transport/net.cc:778 Cuda Host Alloc Size 9641984 pointer 0x7f79a9400000
n232-194-226:233794:233818 [1] NCCL INFO proxyProgressAsync opId=0x7f79c3323480 op.type=4 op.reqBuff=0x7f79b8043fd0 op.respSize=21040 done
n232-194-226:233794:233802 [1] NCCL INFO ncclPollProxyResponse Received new opId=0x7f79c3323480
n232-194-226:233794:233802 [1] NCCL INFO recvOpId=0x7f79c3323480 matches expected opId=0x7f79c3323480
n232-194-226:233794:233802 [1] NCCL INFO recvConnect ncclPollProxyResponse opId=0x7f79c3323480
n232-194-226:233794:233802 [1] NCCL INFO Connected all rings
n232-194-226:233794:233818 [1] NCCL INFO New proxy recv connection 16 from local rank 1, transport 0
n232-194-226:233794:233818 [1] NCCL INFO proxyProgressAsync opId=0x7f79c2bb93c0 op.type=1 op.reqBuff=0x7f79b813ef10 op.respSize=16 done
n232-194-226:233794:233802 [1] NCCL INFO ncclPollProxyResponse Received new opId=0x7f79c2bb93c0
n232-194-226:233794:233818 [1] NCCL INFO Received and initiated operation=Init res=0
n232-194-226:233794:233802 [1] NCCL INFO recvOpId=0x7f79c2bb93c0 matches expected opId=0x7f79c2bb93c0
n232-194-226:233794:233802 [1] NCCL INFO Connection to proxy localRank 1 -> connection 0x7f79b8003650
n232-194-226:233794:233818 [1] NCCL INFO transport/p2p.cc:204 Cuda Alloc Size 10485760 pointer 0x7f79a6000000
n232-194-226:233794:233818 [1] NCCL INFO Allocated shareable buffer 0x7f79a6000000 size 10485760 ipcDesc 0x7f79b813efa0
n232-194-226:233794:233818 [1] NCCL INFO proxyProgressAsync opId=0x7f79c2bb93c0 op.type=3 op.reqBuff=0x7f79b813ef30 op.respSize=80 done
n232-194-226:233794:233802 [1] NCCL INFO ncclPollProxyResponse Received new opId=0x7f79c2bb93c0
n232-194-226:233794:233802 [1] NCCL INFO recvOpId=0x7f79c2bb93c0 matches expected opId=0x7f79c2bb93c0
n232-194-226:233794:233818 [1] NCCL INFO Received and initiated operation=Setup res=0
n232-194-226:233794:233818 [1] NCCL INFO New proxy recv connection 17 from local rank 1, transport 0
n232-194-226:233794:233818 [1] NCCL INFO proxyProgressAsync opId=0x7f79c2bb93c0 op.type=1 op.reqBuff=0x7f79b813ef30 op.respSize=16 done
n232-194-226:233794:233802 [1] NCCL INFO ncclPollProxyResponse Received new opId=0x7f79c2bb93c0
n232-194-226:233794:233818 [1] NCCL INFO Received and initiated operation=Init res=0
n232-194-226:233794:233802 [1] NCCL INFO recvOpId=0x7f79c2bb93c0 matches expected opId=0x7f79c2bb93c0
n232-194-226:233794:233802 [1] NCCL INFO Connection to proxy localRank 1 -> connection 0x7f79b80036a0
n232-194-226:233794:233818 [1] NCCL INFO transport/p2p.cc:204 Cuda Alloc Size 10485760 pointer 0x7f79a6a00000
n232-194-226:233794:233818 [1] NCCL INFO Allocated shareable buffer 0x7f79a6a00000 size 10485760 ipcDesc 0x7f79b80afea0
n232-194-226:233794:233818 [1] NCCL INFO proxyProgressAsync opId=0x7f79c2bb93c0 op.type=3 op.reqBuff=0x7f79b813ef30 op.respSize=80 done
n232-194-226:233794:233802 [1] NCCL INFO ncclPollProxyResponse Received new opId=0x7f79c2bb93c0
n232-194-226:233794:233818 [1] NCCL INFO Received and initiated operation=Setup res=0
n232-194-226:233794:233802 [1] NCCL INFO recvOpId=0x7f79c2bb93c0 matches expected opId=0x7f79c2bb93c0
n232-194-226:233794:233818 [1] NCCL INFO New proxy recv connection 18 from local rank 1, transport 0
n232-194-226:233794:233818 [1] NCCL INFO proxyProgressAsync opId=0x7f79c2bb93c0 op.type=1 op.reqBuff=0x7f79b813ef30 op.respSize=16 done
n232-194-226:233794:233802 [1] NCCL INFO ncclPollProxyResponse Received new opId=0x7f79c2bb93c0
n232-194-226:233794:233802 [1] NCCL INFO recvOpId=0x7f79c2bb93c0 matches expected opId=0x7f79c2bb93c0
n232-194-226:233794:233818 [1] NCCL INFO Received and initiated operation=Init res=0
n232-194-226:233794:233802 [1] NCCL INFO Connection to proxy localRank 1 -> connection 0x7f79b80036f0
n232-194-226:233794:233818 [1] NCCL INFO transport/p2p.cc:204 Cuda Alloc Size 10485760 pointer 0x7f79a7400000
n232-194-226:233794:233818 [1] NCCL INFO Allocated shareable buffer 0x7f79a7400000 size 10485760 ipcDesc 0x7f79b80afea0
n232-194-226:233794:233818 [1] NCCL INFO proxyProgressAsync opId=0x7f79c2bb93c0 op.type=3 op.reqBuff=0x7f79b80a5f40 op.respSize=80 done
n232-194-226:233794:233802 [1] NCCL INFO ncclPollProxyResponse Received new opId=0x7f79c2bb93c0
n232-194-226:233794:233818 [1] NCCL INFO Received and initiated operation=Setup res=0
n232-194-226:233794:233802 [1] NCCL INFO recvOpId=0x7f79c2bb93c0 matches expected opId=0x7f79c2bb93c0
n232-194-226:233794:233818 [1] NCCL INFO New proxy recv connection 19 from local rank 1, transport 0
n232-194-226:233794:233818 [1] NCCL INFO proxyProgressAsync opId=0x7f79c2bb93c0 op.type=1 op.reqBuff=0x7f79b80a5f40 op.respSize=16 done
n232-194-226:233794:233802 [1] NCCL INFO ncclPollProxyResponse Received new opId=0x7f79c2bb93c0
n232-194-226:233794:233818 [1] NCCL INFO Received and initiated operation=Init res=0
n232-194-226:233794:233802 [1] NCCL INFO recvOpId=0x7f79c2bb93c0 matches expected opId=0x7f79c2bb93c0
n232-194-226:233794:233802 [1] NCCL INFO Connection to proxy localRank 1 -> connection 0x7f79b8003740
n232-194-226:233794:233818 [1] NCCL INFO transport/p2p.cc:204 Cuda Alloc Size 10485760 pointer 0x7f79a4000000
n232-194-226:233794:233818 [1] NCCL INFO Allocated shareable buffer 0x7f79a4000000 size 10485760 ipcDesc 0x7f79b80afea0
n232-194-226:233794:233818 [1] NCCL INFO proxyProgressAsync opId=0x7f79c2bb93c0 op.type=3 op.reqBuff=0x7f79b8121bf0 op.respSize=80 done
n232-194-226:233794:233802 [1] NCCL INFO ncclPollProxyResponse Received new opId=0x7f79c2bb93c0
n232-194-226:233794:233802 [1] NCCL INFO recvOpId=0x7f79c2bb93c0 matches expected opId=0x7f79c2bb93c0
n232-194-226:233794:233818 [1] NCCL INFO Received and initiated operation=Setup res=0
n232-194-226:233793:233819 [0] NCCL INFO transport/net.cc:643 Cuda Host Alloc Size 9641984 pointer 0x7f1941400000
n232-194-226:233793:233819 [0] NCCL INFO proxyProgressAsync opId=0x7f1957323148 op.type=4 op.reqBuff=0x7f19700fdc50 op.respSize=21040 done
n232-194-226:233793:233803 [0] NCCL INFO ncclPollProxyResponse Received new opId=0x7f1957323148
n232-194-226:233793:233803 [0] NCCL INFO recvOpId=0x7f1957323148 matches expected opId=0x7f1957323148
n232-194-226:233793:233803 [0] NCCL INFO sendConnect ncclPollProxyResponse opId=0x7f1957323148
n232-194-226:233793:233803 [0] NCCL INFO Connected all rings
n232-194-226:233793:233803 [0] NCCL INFO Channel 01/0 : 0[0] -> 1[1] via P2P/IPC
n232-194-226:233793:233819 [0] NCCL INFO New proxy send connection 16 from local rank 0, transport 0
n232-194-226:233793:233819 [0] NCCL INFO proxyProgressAsync opId=0x7f1956bbb210 op.type=1 op.reqBuff=0x7f19700fd400 op.respSize=16 done
n232-194-226:233793:233803 [0] NCCL INFO ncclPollProxyResponse Received new opId=0x7f1956bbb210
n232-194-226:233793:233803 [0] NCCL INFO recvOpId=0x7f1956bbb210 matches expected opId=0x7f1956bbb210
n232-194-226:233793:233803 [0] NCCL INFO Connection to proxy localRank 0 -> connection 0x7f19700036e0
