n232-194-226:234135:234157 [3] NCCL INFO recvConnect ncclProxyCallAsync opId=0x7fc5f74f8ab8 &recv->proxyConn=0x7fc5f74f8ac0 connectInfo=0x7fc5f750b1d0
n232-194-226:234132:234153 [0] NCCL INFO Imported shareable buffer device 0 size 2097152 ptr 0x7f8add400000
n232-194-226:234136:234155 [4] NCCL INFO Imported shareable buffer device 4 size 10485760 ptr 0x7fb674a00000
n232-194-226:234133:234154 [1] NCCL INFO Imported shareable buffer device 1 size 10485760 ptr 0x7fd976a00000
n232-194-226:234135:234157 [3] NCCL INFO Imported shareable buffer device 3 size 2097152 ptr 0x7fc5db400000
n232-194-226:234132:234153 [0] NCCL INFO Imported shareable buffer device 0 size 2097152 ptr 0x7f8add600000
n232-194-226:234136:234155 [4] NCCL INFO Imported shareable buffer device 4 size 10485760 ptr 0x7fb675400000
n232-194-226:234134:234156 [2] NCCL INFO Imported shareable buffer device 2 size 2097152 ptr 0x7fc629400000
n232-194-226:234133:234154 [1] NCCL INFO Imported shareable buffer device 1 size 2097152 ptr 0x7fd977400000
n232-194-226:234135:234195 [3] NCCL INFO proxyProgressAsync opId=0x7f8aeb4e3910 op.type=4 op.reqBuff=0x7fc5ec040810 op.respSize=21040 done
n232-194-226:234135:234195 [3] NCCL INFO transport/net_ib.cc:739 Ib Alloc Size 22280 pointer 0x7fc5ec0c7000
n232-194-226:234135:234195 [3] NCCL INFO transport/net_ib.cc:752 Ib Alloc Size 552 pointer 0x7fc5ec0ce000
n232-194-226:234132:234153 [0] NCCL INFO Imported shareable buffer device 0 size 2097152 ptr 0x7f8add800000
n232-194-226:234132:234153 [0] NCCL INFO sendConnect ncclProxyCallAsync opId=0x7f8aeb4f4328
n232-194-226:234136:234194 [4] NCCL INFO transport/net_ib.cc:627 Ib Alloc Size 27160 pointer 0x7fb68008e000
n232-194-226:234135:234195 [3] NCCL INFO transport/net_ib.cc:830 Ib Alloc Size 552 pointer 0x7fc5ec0ea000
n232-194-226:234135:234195 [3] NCCL INFO Received and initiated operation=Connect res=0
n232-194-226:234135:234195 [3] NCCL INFO transport/net_ib.cc:739 Ib Alloc Size 22280 pointer 0x7fc5ec0f1000
n232-194-226:234135:234195 [3] NCCL INFO transport/net_ib.cc:752 Ib Alloc Size 552 pointer 0x7fc5ec0f8000
n232-194-226:234136:234155 [4] NCCL INFO Imported shareable buffer device 4 size 10485760 ptr 0x7fb672000000
n232-194-226:234136:234194 [4] NCCL INFO NET/IB: Dev 3 Port 1 qpn 21109 mtu 5 LID 27
n232-194-226:234136:234194 [4] NCCL INFO transport/net_ib.cc:679 Ib Alloc Size 552 pointer 0x7fb6800a6000
n232-194-226:234136:234194 [4] NCCL INFO Received and initiated operation=Connect res=0
n232-194-226:234135:234157 [3] NCCL INFO Imported shareable buffer device 3 size 10485760 ptr 0x7fc5db600000
n232-194-226:234135:234195 [3] NCCL INFO transport/net_ib.cc:830 Ib Alloc Size 552 pointer 0x7fc5ec114000
n232-194-226:234135:234195 [3] NCCL INFO Received and initiated operation=Connect res=0
n232-194-226:234135:234195 [3] NCCL INFO transport/net_ib.cc:739 Ib Alloc Size 22280 pointer 0x7fc5ec11b000
n232-194-226:234135:234195 [3] NCCL INFO transport/net_ib.cc:752 Ib Alloc Size 552 pointer 0x7fc5ec122000
n232-194-226:234134:234156 [2] NCCL INFO Imported shareable buffer device 2 size 2097152 ptr 0x7fc629600000
n232-194-226:234133:234154 [1] NCCL INFO Imported shareable buffer device 1 size 10485760 ptr 0x7fd977600000
n232-194-226:234135:234195 [3] NCCL INFO transport/net_ib.cc:830 Ib Alloc Size 552 pointer 0x7fc5ec13e000
n232-194-226:234135:234195 [3] NCCL INFO Received and initiated operation=Connect res=0
n232-194-226:234132:234153 [0] NCCL INFO Imported shareable buffer device 0 size 2097152 ptr 0x7f8adda00000
n232-194-226:234136:234155 [4] NCCL INFO Imported shareable buffer device 4 size 10485760 ptr 0x7fb672a00000
n232-194-226:234135:234157 [3] NCCL INFO Imported shareable buffer device 3 size 2097152 ptr 0x7fc5dde00000
n232-194-226:234134:234156 [2] NCCL INFO Imported shareable buffer device 2 size 2097152 ptr 0x7fc629800000
n232-194-226:234133:234154 [1] NCCL INFO Imported shareable buffer device 1 size 2097152 ptr 0x7fd987e00000
n232-194-226:234132:234153 [0] NCCL INFO Imported shareable buffer device 0 size 2097152 ptr 0x7f8addc00000
n232-194-226:234136:234155 [4] NCCL INFO Imported shareable buffer device 4 size 10485760 ptr 0x7fb673400000
n232-194-226:234134:234156 [2] NCCL INFO Imported shareable buffer device 2 size 2097152 ptr 0x7fc629a00000
n232-194-226:234135:234195 [3] NCCL INFO transport/net.cc:773 Cuda Alloc Size 9633792 pointer 0x7fc5d8000000
n232-194-226:234133:234154 [1] NCCL INFO Imported shareable buffer device 1 size 10485760 ptr 0x7fd974000000
n232-194-226:234134:234197 [2] NCCL INFO proxyProgressAsync opId=0x7f8aeb4e1118 op.type=4 op.reqBuff=0x7fc6380408c0 op.respSize=21040 done
n232-194-226:234132:234153 [0] NCCL INFO Imported shareable buffer device 0 size 2097152 ptr 0x7f8adde00000
n232-194-226:234132:234153 [0] NCCL INFO sendConnect ncclProxyCallAsync opId=0x7f8aeb4fb438
n232-194-226:234136:234155 [4] NCCL INFO recvConnect ncclProxyCallAsync opId=0x7fb68f4e5b78 &recv->proxyConn=0x7fb68f4e5b80 connectInfo=0x7fb68f50d5a0
n232-194-226:234136:234194 [4] NCCL INFO transport/p2p.cc:204 Cuda Alloc Size 10485760 pointer 0x7fb670000000
n232-194-226:234135:234157 [3] NCCL INFO Imported shareable buffer device 3 size 2097152 ptr 0x7fc5d8a00000
n232-194-226:234135:234195 [3] NCCL INFO transport/net.cc:778 Cuda Host Alloc Size 8192 pointer 0x7fc62ea00200
n232-194-226:234133:234154 [1] NCCL INFO Imported shareable buffer device 1 size 10485760 ptr 0x7fd974a00000
n232-194-226:234136:234194 [4] NCCL INFO Allocated shareable buffer 0x7fb670000000 size 10485760 ipcDesc 0x7fb680028a1c
n232-194-226:234134:234156 [2] NCCL INFO Imported shareable buffer device 2 size 10485760 ptr 0x7fc626000000
n232-194-226:234136:234194 [4] NCCL INFO Allocated 532484 bytes of shared memory in /dev/shm/nccl-EEuPNs
n232-194-226:234136:234194 [4] NCCL INFO Mem Realloc old size 0, new size 768 pointer 0x7fb6800a5010
n232-194-226:234132:234153 [0] NCCL INFO Imported shareable buffer device 0 size 2097152 ptr 0x7f8adfe00000
n232-194-226:234132:234153 [0] NCCL INFO ncclPollProxyResponse Received new opId=0x7f8aeb4e1118
n232-194-226:234132:234153 [0] NCCL INFO recvOpId=0x7f8aeb4e1118 matches expected opId=0x7f8aeb4e1118
n232-194-226:234132:234153 [0] NCCL INFO sendConnect ncclPollProxyResponse opId=0x7f8aeb4e1118
n232-194-226:234135:234157 [3] NCCL INFO Imported shareable buffer device 3 size 10485760 ptr 0x7fc5d8c00000
n232-194-226:234133:234154 [1] NCCL INFO Imported shareable buffer device 1 size 2097152 ptr 0x7fd975400000
n232-194-226:234136:234155 [4] NCCL INFO Imported shareable buffer device 4 size 10485760 ptr 0x7fb670a00000
n232-194-226:234134:234197 [2] NCCL INFO transport/p2p.cc:204 Cuda Alloc Size 10485760 pointer 0x7fc626a00000
n232-194-226:234135:234157 [3] NCCL INFO Imported shareable buffer device 3 size 2097152 ptr 0x7fc5d9600000
n232-194-226:234133:234154 [1] NCCL INFO Imported shareable buffer device 1 size 10485760 ptr 0x7fd975600000
n232-194-226:234136:234155 [4] NCCL INFO Imported shareable buffer device 4 size 10485760 ptr 0x7fb671400000
n232-194-226:234136:234155 [4] NCCL INFO recvConnect ncclProxyCallAsync opId=0x7fb68f4ecc88 &recv->proxyConn=0x7fb68f4ecc90 connectInfo=0x7fb68f50d620
n232-194-226:234134:234156 [2] NCCL INFO Imported shareable buffer device 2 size 10485760 ptr 0x7fc627400000
n232-194-226:234134:234197 [2] NCCL INFO Allocated shareable buffer 0x7fc626a00000 size 10485760 ipcDesc 0x7fc63800d13c
n232-194-226:234134:234197 [2] NCCL INFO Allocated 532484 bytes of shared memory in /dev/shm/nccl-ribquB
n232-194-226:234135:234157 [3] NCCL INFO Imported shareable buffer device 3 size 2097152 ptr 0x7fc5d9800000
n232-194-226:234133:234154 [1] NCCL INFO Imported shareable buffer device 1 size 2097152 ptr 0x7fd972000000
n232-194-226:234136:234155 [4] NCCL INFO Imported shareable buffer device 4 size 10485760 ptr 0x7fb66e000000
n232-194-226:234132:234153 [0] NCCL INFO Imported shareable buffer device 0 size 10485760 ptr 0x7f8ada000000
n232-194-226:234132:234153 [0] NCCL INFO ncclPollProxyResponse Received new opId=0x7f8aeb4e3910
n232-194-226:234132:234153 [0] NCCL INFO recvOpId=0x7f8aeb4e3910 matches expected opId=0x7f8aeb4e3910
n232-194-226:234132:234153 [0] NCCL INFO sendConnect ncclPollProxyResponse opId=0x7f8aeb4e3910
n232-194-226:234135:234157 [3] NCCL INFO Imported shareable buffer device 3 size 10485760 ptr 0x7fc5d6000000
n232-194-226:234133:234154 [1] NCCL INFO Imported shareable buffer device 1 size 10485760 ptr 0x7fd972200000
n232-194-226:234136:234155 [4] NCCL INFO Imported shareable buffer device 4 size 10485760 ptr 0x7fb66ea00000
n232-194-226:234136:234155 [4] NCCL INFO recvConnect ncclProxyCallAsync opId=0x7fb68f4f3d98 &recv->proxyConn=0x7fb68f4f3da0 connectInfo=0x7fb68f50d6a0
n232-194-226:234134:234156 [2] NCCL INFO Imported shareable buffer device 2 size 2097152 ptr 0x7fc627e00000
n232-194-226:234136:234194 [4] NCCL INFO proxyProgressAsync opId=0x7f8aeb4e6108 op.type=4 op.reqBuff=0x7fb6800402b0 op.respSize=21040 done
n232-194-226:234136:234194 [4] NCCL INFO transport/net_ib.cc:739 Ib Alloc Size 22280 pointer 0x7fb6800a8000
n232-194-226:234136:234194 [4] NCCL INFO transport/net_ib.cc:752 Ib Alloc Size 552 pointer 0x7fb6800af000
n232-194-226:234135:234157 [3] NCCL INFO Imported shareable buffer device 3 size 2097152 ptr 0x7fc5d6a00000
n232-194-226:234136:234194 [4] NCCL INFO transport/net_ib.cc:830 Ib Alloc Size 552 pointer 0x7fb6800cb000
n232-194-226:234133:234154 [1] NCCL INFO Imported shareable buffer device 1 size 10485760 ptr 0x7fd972c00000
n232-194-226:234136:234194 [4] NCCL INFO Received and initiated operation=Connect res=0
n232-194-226:234136:234194 [4] NCCL INFO transport/net_ib.cc:627 Ib Alloc Size 27160 pointer 0x7fb6800d2000
n232-194-226:234136:234155 [4] NCCL INFO Imported shareable buffer device 4 size 10485760 ptr 0x7fb66f400000
n232-194-226:234136:234194 [4] NCCL INFO NET/IB: Dev 3 Port 1 qpn 21112 mtu 5 LID 27
n232-194-226:234136:234194 [4] NCCL INFO transport/net_ib.cc:679 Ib Alloc Size 552 pointer 0x7fb6800e9000
n232-194-226:234136:234194 [4] NCCL INFO Received and initiated operation=Connect res=0
n232-194-226:234136:234194 [4] NCCL INFO transport/net_ib.cc:739 Ib Alloc Size 22280 pointer 0x7fb6800f0000
n232-194-226:234136:234194 [4] NCCL INFO transport/net_ib.cc:752 Ib Alloc Size 552 pointer 0x7fb6800f7000
n232-194-226:234134:234156 [2] NCCL INFO Imported shareable buffer device 2 size 10485760 ptr 0x7fc624000000
n232-194-226:234136:234194 [4] NCCL INFO transport/net_ib.cc:830 Ib Alloc Size 552 pointer 0x7fb680114000
n232-194-226:234136:234194 [4] NCCL INFO Received and initiated operation=Connect res=0
n232-194-226:234135:234157 [3] NCCL INFO Imported shareable buffer device 3 size 2097152 ptr 0x7fc5d6c00000
n232-194-226:234133:234154 [1] NCCL INFO Imported shareable buffer device 1 size 2097152 ptr 0x7fd973600000
n232-194-226:234136:234155 [4] NCCL INFO Imported shareable buffer device 4 size 10485760 ptr 0x7fb66c000000
n232-194-226:234134:234156 [2] NCCL INFO Imported shareable buffer device 2 size 10485760 ptr 0x7fc624a00000
n232-194-226:234135:234195 [3] NCCL INFO proxyProgressAsync opId=0x7fc5f74e3788 op.type=4 op.reqBuff=0x7fc5ec008520 op.respSize=21040 done
n232-194-226:234135:234157 [3] NCCL INFO Imported shareable buffer device 3 size 10485760 ptr 0x7fc5d6e00000
n232-194-226:234134:234156 [2] NCCL INFO Imported shareable buffer device 2 size 2097152 ptr 0x7fc625400000
n232-194-226:234136:234155 [4] NCCL INFO recvConnect ncclProxyCallAsync opId=0x7fb68f4faea8 &recv->proxyConn=0x7fb68f4faeb0 connectInfo=0x7fb68f50d720
n232-194-226:234136:234194 [4] NCCL INFO transport/p2p.cc:204 Cuda Alloc Size 10485760 pointer 0x7fb66ca00000
n232-194-226:234136:234194 [4] NCCL INFO Allocated shareable buffer 0x7fb66ca00000 size 10485760 ipcDesc 0x7fb68002e99c
n232-194-226:234136:234194 [4] NCCL INFO Allocated 532484 bytes of shared memory in /dev/shm/nccl-l9s5Kh
n232-194-226:234134:234197 [2] NCCL INFO proxyProgressAsync opId=0x7f8aeb4e8228 op.type=4 op.reqBuff=0x7fc638052be0 op.respSize=21040 done
n232-194-226:234134:234197 [2] NCCL INFO transport/net_ib.cc:739 Ib Alloc Size 22280 pointer 0x7fc6380c7000
n232-194-226:234134:234197 [2] NCCL INFO transport/net_ib.cc:752 Ib Alloc Size 552 pointer 0x7fc638041000
n232-194-226:234134:234156 [2] NCCL INFO Imported shareable buffer device 2 size 10485760 ptr 0x7fc625600000
n232-194-226:234135:234195 [3] NCCL INFO transport/net.cc:773 Cuda Alloc Size 9633792 pointer 0x7fc5d4000000
n232-194-226:234134:234197 [2] NCCL INFO transport/net_ib.cc:830 Ib Alloc Size 552 pointer 0x7fc638041000
n232-194-226:234134:234197 [2] NCCL INFO Received and initiated operation=Connect res=0
n232-194-226:234134:234197 [2] NCCL INFO transport/net_ib.cc:739 Ib Alloc Size 22280 pointer 0x7fc6380ec000
n232-194-226:234134:234197 [2] NCCL INFO transport/net_ib.cc:752 Ib Alloc Size 552 pointer 0x7fc638043000
n232-194-226:234132:234153 [0] NCCL INFO Imported shareable buffer device 0 size 10485760 ptr 0x7f8adaa00000
n232-194-226:234132:234153 [0] NCCL INFO ncclPollProxyResponse Received new opId=0x7f8aeb4e6108
n232-194-226:234132:234153 [0] NCCL INFO recvOpId=0x7f8aeb4e6108 matches expected opId=0x7f8aeb4e6108
n232-194-226:234132:234153 [0] NCCL INFO sendConnect ncclPollProxyResponse opId=0x7f8aeb4e6108
n232-194-226:234134:234156 [2] NCCL INFO Imported shareable buffer device 2 size 10485760 ptr 0x7fc622000000
n232-194-226:234134:234197 [2] NCCL INFO transport/net_ib.cc:830 Ib Alloc Size 552 pointer 0x7fc63810d000
n232-194-226:234134:234197 [2] NCCL INFO Received and initiated operation=Connect res=0
n232-194-226:234134:234197 [2] NCCL INFO transport/net_ib.cc:739 Ib Alloc Size 22280 pointer 0x7fc638114000
n232-194-226:234134:234197 [2] NCCL INFO transport/net_ib.cc:752 Ib Alloc Size 552 pointer 0x7fc63811b000
n232-194-226:234135:234157 [3] NCCL INFO Imported shareable buffer device 3 size 2097152 ptr 0x7fc5d4a00000
n232-194-226:234135:234195 [3] NCCL INFO transport/net.cc:778 Cuda Host Alloc Size 8192 pointer 0x7fc62ea02200
n232-194-226:234135:234157 [3] NCCL INFO ncclPollProxyResponse Received new opId=0x7fc5f74e3788
n232-194-226:234135:234157 [3] NCCL INFO recvOpId=0x7fc5f74e3788 matches expected opId=0x7fc5f74e3788
n232-194-226:234135:234157 [3] NCCL INFO recvConnect ncclPollProxyResponse opId=0x7fc5f74e3788
n232-194-226:234133:234154 [1] NCCL INFO Imported shareable buffer device 1 size 10485760 ptr 0x7fd970000000
n232-194-226:234134:234197 [2] NCCL INFO transport/net_ib.cc:830 Ib Alloc Size 552 pointer 0x7fc638137000
n232-194-226:234134:234197 [2] NCCL INFO Received and initiated operation=Connect res=0
n232-194-226:234134:234197 [2] NCCL INFO transport/net_ib.cc:739 Ib Alloc Size 22280 pointer 0x7fc63813e000
n232-194-226:234134:234197 [2] NCCL INFO transport/net_ib.cc:752 Ib Alloc Size 552 pointer 0x7fc638145000
n232-194-226:234134:234156 [2] NCCL INFO Imported shareable buffer device 2 size 2097152 ptr 0x7fc622a00000
n232-194-226:234134:234197 [2] NCCL INFO transport/net_ib.cc:830 Ib Alloc Size 552 pointer 0x7fc638161000
n232-194-226:234134:234197 [2] NCCL INFO Received and initiated operation=Connect res=0
n232-194-226:234133:234154 [1] NCCL INFO Imported shareable buffer device 1 size 2097152 ptr 0x7fd970a00000
n232-194-226:234134:234156 [2] NCCL INFO Imported shareable buffer device 2 size 10485760 ptr 0x7fc622c00000
n232-194-226:234133:234154 [1] NCCL INFO Imported shareable buffer device 1 size 10485760 ptr 0x7fd970c00000
n232-194-226:234134:234197 [2] NCCL INFO transport/p2p.cc:204 Cuda Alloc Size 10485760 pointer 0x7fc623600000
n232-194-226:234134:234156 [2] NCCL INFO Imported shareable buffer device 2 size 10485760 ptr 0x7fc620000000
n232-194-226:234134:234197 [2] NCCL INFO Allocated shareable buffer 0x7fc623600000 size 10485760 ipcDesc 0x7fc63801325c
n232-194-226:234134:234197 [2] NCCL INFO Allocated 532484 bytes of shared memory in /dev/shm/nccl-4lk3F3
n232-194-226:234136:234194 [4] NCCL INFO proxyProgressAsync opId=0x7f8aeb4ed218 op.type=4 op.reqBuff=0x7fb68004d820 op.respSize=21040 done
n232-194-226:234133:234154 [1] NCCL INFO Imported shareable buffer device 1 size 10485760 ptr 0x7fd971600000
n232-194-226:234134:234156 [2] NCCL INFO Imported shareable buffer device 2 size 2097152 ptr 0x7fc620a00000
n232-194-226:234136:234194 [4] NCCL INFO transport/net.cc:773 Cuda Alloc Size 9633792 pointer 0x7fb66d400000
n232-194-226:234136:234194 [4] NCCL INFO transport/net.cc:778 Cuda Host Alloc Size 8192 pointer 0x7fb6c6a00200
n232-194-226:234132:234153 [0] NCCL INFO Imported shareable buffer device 0 size 10485760 ptr 0x7f8adb400000
n232-194-226:234132:234153 [0] NCCL INFO ncclPollProxyResponse Received new opId=0x7f8aeb4ed218
n232-194-226:234132:234153 [0] NCCL INFO recvOpId=0x7f8aeb4ed218 matches expected opId=0x7f8aeb4ed218
n232-194-226:234132:234153 [0] NCCL INFO sendConnect ncclPollProxyResponse opId=0x7f8aeb4ed218
n232-194-226:234135:234195 [3] NCCL INFO proxyProgressAsync opId=0x7fc5f74ea898 op.type=4 op.reqBuff=0x7fc5ec06efe0 op.respSize=21040 done
n232-194-226:234135:234157 [3] NCCL INFO ncclPollProxyResponse Received new opId=0x7fc5f74ea898
n232-194-226:234135:234157 [3] NCCL INFO recvOpId=0x7fc5f74ea898 matches expected opId=0x7fc5f74ea898
n232-194-226:234135:234157 [3] NCCL INFO recvConnect ncclPollProxyResponse opId=0x7fc5f74ea898
n232-194-226:234135:234195 [3] NCCL INFO transport/net.cc:773 Cuda Alloc Size 9633792 pointer 0x7fc5d4c00000
n232-194-226:234135:234195 [3] NCCL INFO transport/net.cc:778 Cuda Host Alloc Size 8192 pointer 0x7fc62ea04200
n232-194-226:234134:234197 [2] NCCL INFO proxyProgressAsync opId=0x7f8aeb4ef338 op.type=4 op.reqBuff=0x7fc63804dec0 op.respSize=21040 done
n232-194-226:234133:234154 [1] NCCL INFO Imported shareable buffer device 1 size 2097152 ptr 0x7fd973800000
n232-194-226:234132:234153 [0] NCCL INFO Imported shareable buffer device 0 size 10485760 ptr 0x7f8ad8000000
n232-194-226:234132:234153 [0] NCCL INFO ncclPollProxyResponse Received new opId=0x7f8aeb4e8228
n232-194-226:234132:234153 [0] NCCL INFO recvOpId=0x7f8aeb4e8228 matches expected opId=0x7f8aeb4e8228
n232-194-226:234132:234153 [0] NCCL INFO sendConnect ncclPollProxyResponse opId=0x7f8aeb4e8228
n232-194-226:234133:234154 [1] NCCL INFO Imported shareable buffer device 1 size 10485760 ptr 0x7fd96e000000
n232-194-226:234134:234197 [2] NCCL INFO transport/net.cc:773 Cuda Alloc Size 9633792 pointer 0x7fc620c00000
n232-194-226:234134:234197 [2] NCCL INFO transport/net.cc:778 Cuda Host Alloc Size 8192 pointer 0x7fc67ca00200
n232-194-226:234133:234154 [1] NCCL INFO Imported shareable buffer device 1 size 2097152 ptr 0x7fd96ea00000
n232-194-226:234133:234154 [1] NCCL INFO Connected all rings
n232-194-226:234133:234193 [1] NCCL INFO New proxy recv connection 24 from local rank 1, transport 0
n232-194-226:234133:234193 [1] NCCL INFO proxyProgressAsync opId=0x7fd98abbc6a0 op.type=1 op.reqBuff=0x7fd980017850 op.respSize=16 done
n232-194-226:234133:234154 [1] NCCL INFO ncclPollProxyResponse Received new opId=0x7fd98abbc6a0
n232-194-226:234133:234193 [1] NCCL INFO Received and initiated operation=Init res=0
n232-194-226:234133:234154 [1] NCCL INFO recvOpId=0x7fd98abbc6a0 matches expected opId=0x7fd98abbc6a0
n232-194-226:234133:234154 [1] NCCL INFO Connection to proxy localRank 1 -> connection 0x7fd9800038d0
n232-194-226:234132:234153 [0] NCCL INFO Imported shareable buffer device 0 size 10485760 ptr 0x7f8ad8a00000
n232-194-226:234132:234153 [0] NCCL INFO ncclPollProxyResponse Received new opId=0x7f8aeb4ef338
n232-194-226:234132:234153 [0] NCCL INFO recvOpId=0x7f8aeb4ef338 matches expected opId=0x7f8aeb4ef338
n232-194-226:234132:234153 [0] NCCL INFO sendConnect ncclPollProxyResponse opId=0x7f8aeb4ef338
n232-194-226:234136:234194 [4] NCCL INFO proxyProgressAsync opId=0x7fb68f4e5b78 op.type=4 op.reqBuff=0x7fb68000dd50 op.respSize=21040 done
n232-194-226:234133:234193 [1] NCCL INFO transport/p2p.cc:204 Cuda Alloc Size 10485760 pointer 0x7fd96ec00000
n232-194-226:234136:234155 [4] NCCL INFO ncclPollProxyResponse Received new opId=0x7fb68f4e5b78
n232-194-226:234136:234155 [4] NCCL INFO Queuing opId=0x7fb68f4e5b78 respBuff=0x7fb68f549270 respSize=21040
n232-194-226:234136:234155 [4] NCCL INFO ncclPollProxyResponse Dequeued cached opId=0x7fb68f4e5b78
n232-194-226:234136:234155 [4] NCCL INFO recvConnect ncclPollProxyResponse opId=0x7fb68f4e5b78
n232-194-226:234133:234193 [1] NCCL INFO Allocated shareable buffer 0x7fd96ec00000 size 10485760 ipcDesc 0x7fd98000c440
n232-194-226:234133:234193 [1] NCCL INFO proxyProgressAsync opId=0x7fd98abbc6a0 op.type=3 op.reqBuff=0x7fd980018e10 op.respSize=80 done
n232-194-226:234133:234154 [1] NCCL INFO ncclPollProxyResponse Received new opId=0x7fd98abbc6a0
n232-194-226:234133:234193 [1] NCCL INFO Received and initiated operation=Setup res=0
n232-194-226:234133:234154 [1] NCCL INFO recvOpId=0x7fd98abbc6a0 matches expected opId=0x7fd98abbc6a0
n232-194-226:234133:234193 [1] NCCL INFO New proxy recv connection 25 from local rank 1, transport 0
n232-194-226:234133:234193 [1] NCCL INFO proxyProgressAsync opId=0x7fd98abbc6a0 op.type=1 op.reqBuff=0x7fd980018e10 op.respSize=16 done
n232-194-226:234133:234154 [1] NCCL INFO ncclPollProxyResponse Received new opId=0x7fd98abbc6a0
n232-194-226:234133:234193 [1] NCCL INFO Received and initiated operation=Init res=0
n232-194-226:234133:234154 [1] NCCL INFO recvOpId=0x7fd98abbc6a0 matches expected opId=0x7fd98abbc6a0
n232-194-226:234133:234154 [1] NCCL INFO Connection to proxy localRank 1 -> connection 0x7fd980003920
n232-194-226:234136:234194 [4] NCCL INFO transport/net.cc:773 Cuda Alloc Size 9633792 pointer 0x7fb66a000000
n232-194-226:234136:234194 [4] NCCL INFO transport/net.cc:778 Cuda Host Alloc Size 8192 pointer 0x7fb6c6a02200
n232-194-226:234133:234193 [1] NCCL INFO transport/p2p.cc:204 Cuda Alloc Size 10485760 pointer 0x7fd96f600000
n232-194-226:234132:234153 [0] NCCL INFO Imported shareable buffer device 0 size 10485760 ptr 0x7f8ad9400000
n232-194-226:234133:234193 [1] NCCL INFO Allocated shareable buffer 0x7fd96f600000 size 10485760 ipcDesc 0x7fd98000c440
n232-194-226:234133:234193 [1] NCCL INFO proxyProgressAsync opId=0x7fd98abbc6a0 op.type=3 op.reqBuff=0x7fd980018e50 op.respSize=80 done
n232-194-226:234133:234154 [1] NCCL INFO ncclPollProxyResponse Received new opId=0x7fd98abbc6a0
n232-194-226:234133:234193 [1] NCCL INFO Received and initiated operation=Setup res=0
n232-194-226:234133:234154 [1] NCCL INFO recvOpId=0x7fd98abbc6a0 matches expected opId=0x7fd98abbc6a0
n232-194-226:234133:234193 [1] NCCL INFO New proxy recv connection 26 from local rank 1, transport 0
n232-194-226:234133:234193 [1] NCCL INFO proxyProgressAsync opId=0x7fd98abbc6a0 op.type=1 op.reqBuff=0x7fd980018e50 op.respSize=16 done
n232-194-226:234133:234154 [1] NCCL INFO ncclPollProxyResponse Received new opId=0x7fd98abbc6a0
n232-194-226:234133:234193 [1] NCCL INFO Received and initiated operation=Init res=0
n232-194-226:234133:234154 [1] NCCL INFO recvOpId=0x7fd98abbc6a0 matches expected opId=0x7fd98abbc6a0
n232-194-226:234133:234154 [1] NCCL INFO Connection to proxy localRank 1 -> connection 0x7fd980003970
n232-194-226:234133:234193 [1] NCCL INFO transport/p2p.cc:204 Cuda Alloc Size 10485760 pointer 0x7fd96c000000
n232-194-226:234133:234193 [1] NCCL INFO Allocated shareable buffer 0x7fd96c000000 size 10485760 ipcDesc 0x7fd98000c440
n232-194-226:234133:234193 [1] NCCL INFO proxyProgressAsync opId=0x7fd98abbc6a0 op.type=3 op.reqBuff=0x7fd98001a410 op.respSize=80 done
n232-194-226:234133:234154 [1] NCCL INFO ncclPollProxyResponse Received new opId=0x7fd98abbc6a0
n232-194-226:234133:234154 [1] NCCL INFO recvOpId=0x7fd98abbc6a0 matches expected opId=0x7fd98abbc6a0
n232-194-226:234133:234193 [1] NCCL INFO Received and initiated operation=Setup res=0
n232-194-226:234133:234193 [1] NCCL INFO New proxy recv connection 27 from local rank 1, transport 0
n232-194-226:234133:234193 [1] NCCL INFO proxyProgressAsync opId=0x7fd98abbc6a0 op.type=1 op.reqBuff=0x7fd98001a410 op.respSize=16 done
n232-194-226:234133:234154 [1] NCCL INFO ncclPollProxyResponse Received new opId=0x7fd98abbc6a0
n232-194-226:234133:234154 [1] NCCL INFO recvOpId=0x7fd98abbc6a0 matches expected opId=0x7fd98abbc6a0
n232-194-226:234133:234193 [1] NCCL INFO Received and initiated operation=Init res=0
n232-194-226:234133:234154 [1] NCCL INFO Connection to proxy localRank 1 -> connection 0x7fd9800039c0
n232-194-226:234133:234193 [1] NCCL INFO transport/p2p.cc:204 Cuda Alloc Size 10485760 pointer 0x7fd96ca00000
n232-194-226:234133:234193 [1] NCCL INFO Allocated shareable buffer 0x7fd96ca00000 size 10485760 ipcDesc 0x7fd98000c440
n232-194-226:234133:234193 [1] NCCL INFO proxyProgressAsync opId=0x7fd98abbc6a0 op.type=3 op.reqBuff=0x7fd98001a450 op.respSize=80 done
n232-194-226:234133:234154 [1] NCCL INFO ncclPollProxyResponse Received new opId=0x7fd98abbc6a0
n232-194-226:234133:234154 [1] NCCL INFO recvOpId=0x7fd98abbc6a0 matches expected opId=0x7fd98abbc6a0
n232-194-226:234133:234193 [1] NCCL INFO Received and initiated operation=Setup res=0
n232-194-226:234133:234193 [1] NCCL INFO New proxy recv connection 28 from local rank 1, transport 0
n232-194-226:234133:234193 [1] NCCL INFO proxyProgressAsync opId=0x7fd98abbc6a0 op.type=1 op.reqBuff=0x7fd98001a450 op.respSize=16 done
n232-194-226:234133:234154 [1] NCCL INFO ncclPollProxyResponse Received new opId=0x7fd98abbc6a0
n232-194-226:234133:234154 [1] NCCL INFO recvOpId=0x7fd98abbc6a0 matches expected opId=0x7fd98abbc6a0
n232-194-226:234133:234193 [1] NCCL INFO Received and initiated operation=Init res=0
n232-194-226:234133:234154 [1] NCCL INFO Connection to proxy localRank 1 -> connection 0x7fd980003a10
n232-194-226:234135:234195 [3] NCCL INFO proxyProgressAsync opId=0x7fc5f74f19a8 op.type=4 op.reqBuff=0x7fc5ec0d4fe0 op.respSize=21040 done
n232-194-226:234135:234157 [3] NCCL INFO ncclPollProxyResponse Received new opId=0x7fc5f74f19a8
n232-194-226:234135:234157 [3] NCCL INFO recvOpId=0x7fc5f74f19a8 matches expected opId=0x7fc5f74f19a8
n232-194-226:234135:234157 [3] NCCL INFO recvConnect ncclPollProxyResponse opId=0x7fc5f74f19a8
n232-194-226:234135:234195 [3] NCCL INFO transport/net_ib.cc:739 Ib Alloc Size 22280 pointer 0x7fc5ec140000
n232-194-226:234135:234195 [3] NCCL INFO transport/net_ib.cc:752 Ib Alloc Size 552 pointer 0x7fc5ec0ec000
n232-194-226:234134:234197 [2] NCCL INFO proxyProgressAsync opId=0x7fc6434e11d8 op.type=4 op.reqBuff=0x7fc6380acea0 op.respSize=21040 done
n232-194-226:234133:234193 [1] NCCL INFO transport/p2p.cc:204 Cuda Alloc Size 10485760 pointer 0x7fd96d400000
n232-194-226:234133:234193 [1] NCCL INFO Allocated shareable buffer 0x7fd96d400000 size 10485760 ipcDesc 0x7fd98000c440
n232-194-226:234133:234193 [1] NCCL INFO proxyProgressAsync opId=0x7fd98abbc6a0 op.type=3 op.reqBuff=0x7fd98001bdc0 op.respSize=80 done
n232-194-226:234133:234154 [1] NCCL INFO ncclPollProxyResponse Received new opId=0x7fd98abbc6a0
n232-194-226:234133:234193 [1] NCCL INFO Received and initiated operation=Setup res=0
n232-194-226:234133:234154 [1] NCCL INFO recvOpId=0x7fd98abbc6a0 matches expected opId=0x7fd98abbc6a0
n232-194-226:234133:234193 [1] NCCL INFO New proxy recv connection 29 from local rank 1, transport 0
n232-194-226:234133:234193 [1] NCCL INFO proxyProgressAsync opId=0x7fd98abbc6a0 op.type=1 op.reqBuff=0x7fd98001bdc0 op.respSize=16 done
n232-194-226:234133:234154 [1] NCCL INFO ncclPollProxyResponse Received new opId=0x7fd98abbc6a0
n232-194-226:234133:234154 [1] NCCL INFO recvOpId=0x7fd98abbc6a0 matches expected opId=0x7fd98abbc6a0
n232-194-226:234133:234154 [1] NCCL INFO Connection to proxy localRank 1 -> connection 0x7fd980003a60
n232-194-226:234133:234193 [1] NCCL INFO Received and initiated operation=Init res=0
n232-194-226:234134:234197 [2] NCCL INFO transport/net.cc:773 Cuda Alloc Size 9633792 pointer 0x7fc621600000
n232-194-226:234134:234197 [2] NCCL INFO transport/net.cc:778 Cuda Host Alloc Size 8192 pointer 0x7fc67ca02200
n232-194-226:234134:234156 [2] NCCL INFO ncclPollProxyResponse Received new opId=0x7fc6434e11d8
n232-194-226:234134:234156 [2] NCCL INFO recvOpId=0x7fc6434e11d8 matches expected opId=0x7fc6434e11d8
n232-194-226:234134:234156 [2] NCCL INFO recvConnect ncclPollProxyResponse opId=0x7fc6434e11d8
n232-194-226:234133:234193 [1] NCCL INFO transport/p2p.cc:204 Cuda Alloc Size 10485760 pointer 0x7fd96a000000
n232-194-226:234133:234193 [1] NCCL INFO Allocated shareable buffer 0x7fd96a000000 size 10485760 ipcDesc 0x7fd98000c440
n232-194-226:234133:234193 [1] NCCL INFO proxyProgressAsync opId=0x7fd98abbc6a0 op.type=3 op.reqBuff=0x7fd98001be00 op.respSize=80 done
n232-194-226:234133:234154 [1] NCCL INFO ncclPollProxyResponse Received new opId=0x7fd98abbc6a0
n232-194-226:234133:234154 [1] NCCL INFO recvOpId=0x7fd98abbc6a0 matches expected opId=0x7fd98abbc6a0
n232-194-226:234133:234193 [1] NCCL INFO Received and initiated operation=Setup res=0
n232-194-226:234133:234193 [1] NCCL INFO New proxy recv connection 30 from local rank 1, transport 0
n232-194-226:234133:234193 [1] NCCL INFO proxyProgressAsync opId=0x7fd98abbc6a0 op.type=1 op.reqBuff=0x7fd98001be00 op.respSize=16 done
n232-194-226:234133:234154 [1] NCCL INFO ncclPollProxyResponse Received new opId=0x7fd98abbc6a0
n232-194-226:234133:234154 [1] NCCL INFO recvOpId=0x7fd98abbc6a0 matches expected opId=0x7fd98abbc6a0
n232-194-226:234133:234193 [1] NCCL INFO Received and initiated operation=Init res=0
n232-194-226:234133:234154 [1] NCCL INFO Connection to proxy localRank 1 -> connection 0x7fd980003ab0
n232-194-226:234133:234193 [1] NCCL INFO transport/p2p.cc:204 Cuda Alloc Size 10485760 pointer 0x7fd96aa00000
n232-194-226:234133:234193 [1] NCCL INFO Allocated shareable buffer 0x7fd96aa00000 size 10485760 ipcDesc 0x7fd98000c440
n232-194-226:234133:234193 [1] NCCL INFO proxyProgressAsync opId=0x7fd98abbc6a0 op.type=3 op.reqBuff=0x7fd98001d640 op.respSize=80 done
n232-194-226:234133:234154 [1] NCCL INFO ncclPollProxyResponse Received new opId=0x7fd98abbc6a0
n232-194-226:234133:234193 [1] NCCL INFO Received and initiated operation=Setup res=0
n232-194-226:234133:234154 [1] NCCL INFO recvOpId=0x7fd98abbc6a0 matches expected opId=0x7fd98abbc6a0
n232-194-226:234133:234193 [1] NCCL INFO New proxy recv connection 31 from local rank 1, transport 0
n232-194-226:234133:234193 [1] NCCL INFO proxyProgressAsync opId=0x7fd98abbc6a0 op.type=1 op.reqBuff=0x7fd98001d640 op.respSize=16 done
n232-194-226:234133:234154 [1] NCCL INFO ncclPollProxyResponse Received new opId=0x7fd98abbc6a0
n232-194-226:234133:234154 [1] NCCL INFO recvOpId=0x7fd98abbc6a0 matches expected opId=0x7fd98abbc6a0
n232-194-226:234133:234154 [1] NCCL INFO Connection to proxy localRank 1 -> connection 0x7fd980003b00
n232-194-226:234133:234193 [1] NCCL INFO Received and initiated operation=Init res=0
n232-194-226:234136:234194 [4] NCCL INFO proxyProgressAsync opId=0x7fb68f4ecc88 op.type=4 op.reqBuff=0x7fb680052fe0 op.respSize=21040 done
n232-194-226:234136:234155 [4] NCCL INFO ncclPollProxyResponse Received new opId=0x7fb68f4ecc88
n232-194-226:234136:234155 [4] NCCL INFO recvOpId=0x7fb68f4ecc88 matches expected opId=0x7fb68f4ecc88
n232-194-226:234136:234155 [4] NCCL INFO recvConnect ncclPollProxyResponse opId=0x7fb68f4ecc88
n232-194-226:234136:234194 [4] NCCL INFO transport/net_ib.cc:739 Ib Alloc Size 22280 pointer 0x7fb680116000
n232-194-226:234136:234194 [4] NCCL INFO transport/net_ib.cc:752 Ib Alloc Size 552 pointer 0x7fb680041000
n232-194-226:234133:234193 [1] NCCL INFO transport/p2p.cc:204 Cuda Alloc Size 10485760 pointer 0x7fd96b400000
n232-194-226:234133:234193 [1] NCCL INFO Allocated shareable buffer 0x7fd96b400000 size 10485760 ipcDesc 0x7fd98000c440
n232-194-226:234133:234193 [1] NCCL INFO proxyProgressAsync opId=0x7fd98abbc6a0 op.type=3 op.reqBuff=0x7fd98001d680 op.respSize=80 done
n232-194-226:234133:234154 [1] NCCL INFO ncclPollProxyResponse Received new opId=0x7fd98abbc6a0
n232-194-226:234133:234193 [1] NCCL INFO Received and initiated operation=Setup res=0
n232-194-226:234133:234154 [1] NCCL INFO recvOpId=0x7fd98abbc6a0 matches expected opId=0x7fd98abbc6a0
n232-194-226:234133:234193 [1] NCCL INFO New proxy recv connection 32 from local rank 1, transport 0
n232-194-226:234133:234193 [1] NCCL INFO proxyProgressAsync opId=0x7fd98abbc6a0 op.type=1 op.reqBuff=0x7fd98001d680 op.respSize=16 done
n232-194-226:234133:234154 [1] NCCL INFO ncclPollProxyResponse Received new opId=0x7fd98abbc6a0
n232-194-226:234133:234154 [1] NCCL INFO recvOpId=0x7fd98abbc6a0 matches expected opId=0x7fd98abbc6a0
n232-194-226:234133:234154 [1] NCCL INFO Connection to proxy localRank 1 -> connection 0x7fd980003b50
n232-194-226:234133:234193 [1] NCCL INFO Received and initiated operation=Init res=0
n232-194-226:234133:234193 [1] NCCL INFO transport/p2p.cc:204 Cuda Alloc Size 10485760 pointer 0x7fd968000000
n232-194-226:234133:234193 [1] NCCL INFO Allocated shareable buffer 0x7fd968000000 size 10485760 ipcDesc 0x7fd98000c440
n232-194-226:234133:234193 [1] NCCL INFO proxyProgressAsync opId=0x7fd98abbc6a0 op.type=3 op.reqBuff=0x7fd98001f270 op.respSize=80 done
n232-194-226:234133:234154 [1] NCCL INFO ncclPollProxyResponse Received new opId=0x7fd98abbc6a0
n232-194-226:234133:234193 [1] NCCL INFO Received and initiated operation=Setup res=0
n232-194-226:234133:234154 [1] NCCL INFO recvOpId=0x7fd98abbc6a0 matches expected opId=0x7fd98abbc6a0
n232-194-226:234133:234193 [1] NCCL INFO New proxy recv connection 33 from local rank 1, transport 0
n232-194-226:234133:234193 [1] NCCL INFO proxyProgressAsync opId=0x7fd98abbc6a0 op.type=1 op.reqBuff=0x7fd98001f270 op.respSize=16 done
n232-194-226:234133:234154 [1] NCCL INFO ncclPollProxyResponse Received new opId=0x7fd98abbc6a0
n232-194-226:234133:234193 [1] NCCL INFO Received and initiated operation=Init res=0
n232-194-226:234133:234154 [1] NCCL INFO recvOpId=0x7fd98abbc6a0 matches expected opId=0x7fd98abbc6a0
n232-194-226:234133:234154 [1] NCCL INFO Connection to proxy localRank 1 -> connection 0x7fd980003ba0
n232-194-226:234133:234193 [1] NCCL INFO transport/p2p.cc:204 Cuda Alloc Size 10485760 pointer 0x7fd968a00000
n232-194-226:234133:234193 [1] NCCL INFO Allocated shareable buffer 0x7fd968a00000 size 10485760 ipcDesc 0x7fd98000c440
n232-194-226:234133:234193 [1] NCCL INFO proxyProgressAsync opId=0x7fd98abbc6a0 op.type=3 op.reqBuff=0x7fd98001f2b0 op.respSize=80 done
n232-194-226:234133:234154 [1] NCCL INFO ncclPollProxyResponse Received new opId=0x7fd98abbc6a0
n232-194-226:234133:234193 [1] NCCL INFO Received and initiated operation=Setup res=0
n232-194-226:234133:234154 [1] NCCL INFO recvOpId=0x7fd98abbc6a0 matches expected opId=0x7fd98abbc6a0
n232-194-226:234133:234193 [1] NCCL INFO New proxy recv connection 34 from local rank 1, transport 0
n232-194-226:234133:234193 [1] NCCL INFO proxyProgressAsync opId=0x7fd98abbc6a0 op.type=1 op.reqBuff=0x7fd98001f2b0 op.respSize=16 done
n232-194-226:234133:234154 [1] NCCL INFO ncclPollProxyResponse Received new opId=0x7fd98abbc6a0
n232-194-226:234133:234154 [1] NCCL INFO recvOpId=0x7fd98abbc6a0 matches expected opId=0x7fd98abbc6a0
n232-194-226:234133:234193 [1] NCCL INFO Received and initiated operation=Init res=0
n232-194-226:234133:234154 [1] NCCL INFO Connection to proxy localRank 1 -> connection 0x7fd980003bf0
n232-194-226:234134:234197 [2] NCCL INFO proxyProgressAsync opId=0x7fc6434e82e8 op.type=4 op.reqBuff=0x7fc63808dfe0 op.respSize=21040 done
n232-194-226:234134:234156 [2] NCCL INFO ncclPollProxyResponse Received new opId=0x7fc6434e82e8
n232-194-226:234134:234156 [2] NCCL INFO Queuing opId=0x7fc6434e82e8 respBuff=0x7fc6435188d0 respSize=21040
n232-194-226:234133:234193 [1] NCCL INFO transport/p2p.cc:204 Cuda Alloc Size 10485760 pointer 0x7fd969400000
n232-194-226:234133:234193 [1] NCCL INFO Allocated shareable buffer 0x7fd969400000 size 10485760 ipcDesc 0x7fd98000c440
n232-194-226:234133:234193 [1] NCCL INFO proxyProgressAsync opId=0x7fd98abbc6a0 op.type=3 op.reqBuff=0x7fd980020ea0 op.respSize=80 done
n232-194-226:234133:234154 [1] NCCL INFO ncclPollProxyResponse Received new opId=0x7fd98abbc6a0
n232-194-226:234134:234156 [2] NCCL INFO ncclPollProxyResponse Dequeued cached opId=0x7fc6434e82e8
n232-194-226:234134:234156 [2] NCCL INFO recvConnect ncclPollProxyResponse opId=0x7fc6434e82e8
n232-194-226:234133:234193 [1] NCCL INFO Received and initiated operation=Setup res=0
n232-194-226:234133:234154 [1] NCCL INFO recvOpId=0x7fd98abbc6a0 matches expected opId=0x7fd98abbc6a0
n232-194-226:234133:234193 [1] NCCL INFO New proxy recv connection 35 from local rank 1, transport 0
n232-194-226:234133:234193 [1] NCCL INFO proxyProgressAsync opId=0x7fd98abbc6a0 op.type=1 op.reqBuff=0x7fd980020ea0 op.respSize=16 done
n232-194-226:234133:234154 [1] NCCL INFO ncclPollProxyResponse Received new opId=0x7fd98abbc6a0
n232-194-226:234133:234154 [1] NCCL INFO recvOpId=0x7fd98abbc6a0 matches expected opId=0x7fd98abbc6a0
n232-194-226:234133:234154 [1] NCCL INFO Connection to proxy localRank 1 -> connection 0x7fd980003c40
n232-194-226:234135:234195 [3] NCCL INFO transport/net_ib.cc:830 Ib Alloc Size 552 pointer 0x7fc5ec0ee000
n232-194-226:234133:234193 [1] NCCL INFO Received and initiated operation=Init res=0
n232-194-226:234135:234195 [3] NCCL INFO Received and initiated operation=Connect res=0
n232-194-226:234134:234197 [2] NCCL INFO transport/net.cc:773 Cuda Alloc Size 9633792 pointer 0x7fc61e000000
n232-194-226:234134:234197 [2] NCCL INFO transport/net.cc:778 Cuda Host Alloc Size 8192 pointer 0x7fc67ca04200
n232-194-226:234133:234193 [1] NCCL INFO transport/p2p.cc:204 Cuda Alloc Size 10485760 pointer 0x7fd966000000
n232-194-226:234133:234193 [1] NCCL INFO Allocated shareable buffer 0x7fd966000000 size 10485760 ipcDesc 0x7fd98000c440
n232-194-226:234133:234193 [1] NCCL INFO proxyProgressAsync opId=0x7fd98abbc6a0 op.type=3 op.reqBuff=0x7fd980020ee0 op.respSize=80 done
n232-194-226:234133:234154 [1] NCCL INFO ncclPollProxyResponse Received new opId=0x7fd98abbc6a0
n232-194-226:234133:234193 [1] NCCL INFO Received and initiated operation=Setup res=0
n232-194-226:234133:234154 [1] NCCL INFO recvOpId=0x7fd98abbc6a0 matches expected opId=0x7fd98abbc6a0
n232-194-226:234133:234154 [1] NCCL INFO Channel 02/0 : 1[1] -> 2[2] via P2P/IPC
n232-194-226:234133:234193 [1] NCCL INFO New proxy send connection 36 from local rank 1, transport 0
n232-194-226:234133:234193 [1] NCCL INFO proxyProgressAsync opId=0x7fd98abbc6a0 op.type=1 op.reqBuff=0x7fd980020ee0 op.respSize=16 done
n232-194-226:234133:234154 [1] NCCL INFO ncclPollProxyResponse Received new opId=0x7fd98abbc6a0
n232-194-226:234133:234193 [1] NCCL INFO Received and initiated operation=Init res=0
n232-194-226:234133:234154 [1] NCCL INFO recvOpId=0x7fd98abbc6a0 matches expected opId=0x7fd98abbc6a0
n232-194-226:234133:234154 [1] NCCL INFO Connection to proxy localRank 1 -> connection 0x7fd980003c90
n232-194-226:234135:234195 [3] NCCL INFO transport/p2p.cc:204 Cuda Alloc Size 10485760 pointer 0x7fc5d5600000
n232-194-226:234133:234193 [1] NCCL INFO transport/p2p.cc:204 Cuda Alloc Size 2097152 pointer 0x7fd966a00000
n232-194-226:234135:234195 [3] NCCL INFO Allocated shareable buffer 0x7fc5d5600000 size 10485760 ipcDesc 0x7fc5ec01a2ec
n232-194-226:234133:234193 [1] NCCL INFO Allocated shareable buffer 0x7fd966a00000 size 2097152 ipcDesc 0x7fd98000c440
n232-194-226:234133:234193 [1] NCCL INFO proxyProgressAsync opId=0x7fd98abbc6a0 op.type=3 op.reqBuff=0x7fd980022720 op.respSize=80 done
n232-194-226:234133:234154 [1] NCCL INFO ncclPollProxyResponse Received new opId=0x7fd98abbc6a0
n232-194-226:234133:234193 [1] NCCL INFO Received and initiated operation=Setup res=0
n232-194-226:234133:234154 [1] NCCL INFO recvOpId=0x7fd98abbc6a0 matches expected opId=0x7fd98abbc6a0
n232-194-226:234133:234154 [1] NCCL INFO Channel 03/0 : 1[1] -> 2[2] via P2P/IPC
n232-194-226:234135:234195 [3] NCCL INFO Allocated 532484 bytes of shared memory in /dev/shm/nccl-aTBSZL
n232-194-226:234133:234193 [1] NCCL INFO New proxy send connection 37 from local rank 1, transport 0
n232-194-226:234133:234193 [1] NCCL INFO proxyProgressAsync opId=0x7fd98abbc6a0 op.type=1 op.reqBuff=0x7fd980022720 op.respSize=16 done
n232-194-226:234133:234154 [1] NCCL INFO ncclPollProxyResponse Received new opId=0x7fd98abbc6a0
n232-194-226:234133:234154 [1] NCCL INFO recvOpId=0x7fd98abbc6a0 matches expected opId=0x7fd98abbc6a0
n232-194-226:234133:234154 [1] NCCL INFO Connection to proxy localRank 1 -> connection 0x7fd980003ce0
n232-194-226:234133:234193 [1] NCCL INFO Received and initiated operation=Init res=0
n232-194-226:234133:234193 [1] NCCL INFO transport/p2p.cc:204 Cuda Alloc Size 2097152 pointer 0x7fd966c00000
n232-194-226:234133:234193 [1] NCCL INFO Allocated shareable buffer 0x7fd966c00000 size 2097152 ipcDesc 0x7fd98000c440
n232-194-226:234133:234193 [1] NCCL INFO proxyProgressAsync opId=0x7fd98abbc6a0 op.type=3 op.reqBuff=0x7fd980022760 op.respSize=80 done
n232-194-226:234133:234154 [1] NCCL INFO ncclPollProxyResponse Received new opId=0x7fd98abbc6a0
n232-194-226:234133:234193 [1] NCCL INFO Received and initiated operation=Setup res=0
n232-194-226:234133:234154 [1] NCCL INFO recvOpId=0x7fd98abbc6a0 matches expected opId=0x7fd98abbc6a0
n232-194-226:234133:234154 [1] NCCL INFO Channel 04/0 : 1[1] -> 2[2] via P2P/IPC
n232-194-226:234133:234193 [1] NCCL INFO New proxy send connection 38 from local rank 1, transport 0
n232-194-226:234133:234193 [1] NCCL INFO proxyProgressAsync opId=0x7fd98abbc6a0 op.type=1 op.reqBuff=0x7fd980022760 op.respSize=16 done
n232-194-226:234133:234154 [1] NCCL INFO ncclPollProxyResponse Received new opId=0x7fd98abbc6a0
n232-194-226:234133:234154 [1] NCCL INFO recvOpId=0x7fd98abbc6a0 matches expected opId=0x7fd98abbc6a0
n232-194-226:234133:234193 [1] NCCL INFO Received and initiated operation=Init res=0
n232-194-226:234133:234154 [1] NCCL INFO Connection to proxy localRank 1 -> connection 0x7fd980003d30
n232-194-226:234133:234193 [1] NCCL INFO transport/p2p.cc:204 Cuda Alloc Size 2097152 pointer 0x7fd966e00000
n232-194-226:234133:234193 [1] NCCL INFO Allocated shareable buffer 0x7fd966e00000 size 2097152 ipcDesc 0x7fd98000c440
n232-194-226:234133:234193 [1] NCCL INFO proxyProgressAsync opId=0x7fd98abbc6a0 op.type=3 op.reqBuff=0x7fd980024350 op.respSize=80 done
n232-194-226:234133:234154 [1] NCCL INFO ncclPollProxyResponse Received new opId=0x7fd98abbc6a0
n232-194-226:234133:234193 [1] NCCL INFO Received and initiated operation=Setup res=0
n232-194-226:234133:234154 [1] NCCL INFO recvOpId=0x7fd98abbc6a0 matches expected opId=0x7fd98abbc6a0
n232-194-226:234133:234154 [1] NCCL INFO Channel 05/0 : 1[1] -> 2[2] via P2P/IPC
n232-194-226:234133:234193 [1] NCCL INFO New proxy send connection 39 from local rank 1, transport 0
n232-194-226:234133:234193 [1] NCCL INFO proxyProgressAsync opId=0x7fd98abbc6a0 op.type=1 op.reqBuff=0x7fd980024350 op.respSize=16 done
n232-194-226:234133:234154 [1] NCCL INFO ncclPollProxyResponse Received new opId=0x7fd98abbc6a0
n232-194-226:234133:234154 [1] NCCL INFO recvOpId=0x7fd98abbc6a0 matches expected opId=0x7fd98abbc6a0
n232-194-226:234133:234193 [1] NCCL INFO Received and initiated operation=Init res=0
n232-194-226:234133:234154 [1] NCCL INFO Connection to proxy localRank 1 -> connection 0x7fd980003d80
n232-194-226:234133:234193 [1] NCCL INFO transport/p2p.cc:204 Cuda Alloc Size 2097152 pointer 0x7fd967000000
n232-194-226:234133:234193 [1] NCCL INFO Allocated shareable buffer 0x7fd967000000 size 2097152 ipcDesc 0x7fd98000c440
n232-194-226:234133:234193 [1] NCCL INFO proxyProgressAsync opId=0x7fd98abbc6a0 op.type=3 op.reqBuff=0x7fd980024390 op.respSize=80 done
n232-194-226:234133:234154 [1] NCCL INFO ncclPollProxyResponse Received new opId=0x7fd98abbc6a0
n232-194-226:234133:234154 [1] NCCL INFO recvOpId=0x7fd98abbc6a0 matches expected opId=0x7fd98abbc6a0
n232-194-226:234133:234193 [1] NCCL INFO Received and initiated operation=Setup res=0
n232-194-226:234133:234154 [1] NCCL INFO Channel 08/0 : 1[1] -> 2[2] via P2P/IPC
n232-194-226:234136:234194 [4] NCCL INFO transport/net_ib.cc:830 Ib Alloc Size 552 pointer 0x7fb680043000
n232-194-226:234133:234193 [1] NCCL INFO New proxy send connection 40 from local rank 1, transport 0
n232-194-226:234133:234193 [1] NCCL INFO proxyProgressAsync opId=0x7fd98abbc6a0 op.type=1 op.reqBuff=0x7fd980024390 op.respSize=16 done
n232-194-226:234136:234194 [4] NCCL INFO Received and initiated operation=Connect res=0
n232-194-226:234133:234154 [1] NCCL INFO ncclPollProxyResponse Received new opId=0x7fd98abbc6a0
n232-194-226:234133:234154 [1] NCCL INFO recvOpId=0x7fd98abbc6a0 matches expected opId=0x7fd98abbc6a0
n232-194-226:234133:234193 [1] NCCL INFO Received and initiated operation=Init res=0
n232-194-226:234133:234154 [1] NCCL INFO Connection to proxy localRank 1 -> connection 0x7fd980003dd0
n232-194-226:234134:234197 [2] NCCL INFO proxyProgressAsync opId=0x7fc6434ef3f8 op.type=4 op.reqBuff=0x7fc6380ebfe0 op.respSize=21040 done
n232-194-226:234134:234156 [2] NCCL INFO ncclPollProxyResponse Received new opId=0x7fc6434ef3f8
n232-194-226:234133:234193 [1] NCCL INFO transport/p2p.cc:204 Cuda Alloc Size 2097152 pointer 0x7fd967200000
n232-194-226:234134:234156 [2] NCCL INFO Queuing opId=0x7fc6434ef3f8 respBuff=0x7fc6435188d0 respSize=21040
n232-194-226:234134:234156 [2] NCCL INFO ncclPollProxyResponse Dequeued cached opId=0x7fc6434ef3f8
n232-194-226:234134:234156 [2] NCCL INFO recvConnect ncclPollProxyResponse opId=0x7fc6434ef3f8
n232-194-226:234133:234193 [1] NCCL INFO Allocated shareable buffer 0x7fd967200000 size 2097152 ipcDesc 0x7fd98000c440
n232-194-226:234133:234193 [1] NCCL INFO proxyProgressAsync opId=0x7fd98abbc6a0 op.type=3 op.reqBuff=0x7fd980025be0 op.respSize=80 done
n232-194-226:234133:234154 [1] NCCL INFO ncclPollProxyResponse Received new opId=0x7fd98abbc6a0
n232-194-226:234133:234154 [1] NCCL INFO recvOpId=0x7fd98abbc6a0 matches expected opId=0x7fd98abbc6a0
n232-194-226:234133:234193 [1] NCCL INFO Received and initiated operation=Setup res=0
n232-194-226:234133:234154 [1] NCCL INFO Channel 09/0 : 1[1] -> 2[2] via P2P/IPC
n232-194-226:234133:234193 [1] NCCL INFO New proxy send connection 41 from local rank 1, transport 0
n232-194-226:234133:234193 [1] NCCL INFO proxyProgressAsync opId=0x7fd98abbc6a0 op.type=1 op.reqBuff=0x7fd980025be0 op.respSize=16 done
n232-194-226:234133:234154 [1] NCCL INFO ncclPollProxyResponse Received new opId=0x7fd98abbc6a0
n232-194-226:234133:234193 [1] NCCL INFO Received and initiated operation=Init res=0
n232-194-226:234133:234154 [1] NCCL INFO recvOpId=0x7fd98abbc6a0 matches expected opId=0x7fd98abbc6a0
n232-194-226:234133:234154 [1] NCCL INFO Connection to proxy localRank 1 -> connection 0x7fd980003e20
n232-194-226:234136:234194 [4] NCCL INFO transport/p2p.cc:204 Cuda Alloc Size 10485760 pointer 0x7fb66aa00000
n232-194-226:234136:234194 [4] NCCL INFO Allocated shareable buffer 0x7fb66aa00000 size 10485760 ipcDesc 0x7fb6800348dc
n232-194-226:234134:234197 [2] NCCL INFO transport/net.cc:773 Cuda Alloc Size 9633792 pointer 0x7fc61ea00000
n232-194-226:234136:234194 [4] NCCL INFO Allocated 532484 bytes of shared memory in /dev/shm/nccl-riBKdg
n232-194-226:234134:234197 [2] NCCL INFO transport/net.cc:778 Cuda Host Alloc Size 8192 pointer 0x7fc67ca06200
n232-194-226:234133:234193 [1] NCCL INFO transport/p2p.cc:204 Cuda Alloc Size 2097152 pointer 0x7fd967400000
n232-194-226:234135:234195 [3] NCCL INFO proxyProgressAsync opId=0x7f8aeb4eaa20 op.type=4 op.reqBuff=0x7fc5ec052d70 op.respSize=21040 done
n232-194-226:234132:234153 [0] NCCL INFO ncclPollProxyResponse Received new opId=0x7f8aeb4eaa20
n232-194-226:234133:234193 [1] NCCL INFO Allocated shareable buffer 0x7fd967400000 size 2097152 ipcDesc 0x7fd98000c440
n232-194-226:234133:234193 [1] NCCL INFO proxyProgressAsync opId=0x7fd98abbc6a0 op.type=3 op.reqBuff=0x7fd980025c20 op.respSize=80 done
n232-194-226:234133:234154 [1] NCCL INFO ncclPollProxyResponse Received new opId=0x7fd98abbc6a0
n232-194-226:234133:234154 [1] NCCL INFO recvOpId=0x7fd98abbc6a0 matches expected opId=0x7fd98abbc6a0
n232-194-226:234133:234193 [1] NCCL INFO Received and initiated operation=Setup res=0
n232-194-226:234132:234153 [0] NCCL INFO recvOpId=0x7f8aeb4eaa20 matches expected opId=0x7f8aeb4eaa20
n232-194-226:234133:234154 [1] NCCL INFO Channel 10/0 : 1[1] -> 2[2] via P2P/IPC
n232-194-226:234132:234153 [0] NCCL INFO sendConnect ncclPollProxyResponse opId=0x7f8aeb4eaa20
n232-194-226:234133:234193 [1] NCCL INFO New proxy send connection 42 from local rank 1, transport 0
n232-194-226:234133:234193 [1] NCCL INFO proxyProgressAsync opId=0x7fd98abbc6a0 op.type=1 op.reqBuff=0x7fd980025c20 op.respSize=16 done
n232-194-226:234133:234154 [1] NCCL INFO ncclPollProxyResponse Received new opId=0x7fd98abbc6a0
n232-194-226:234133:234154 [1] NCCL INFO recvOpId=0x7fd98abbc6a0 matches expected opId=0x7fd98abbc6a0
n232-194-226:234133:234193 [1] NCCL INFO Received and initiated operation=Init res=0
n232-194-226:234133:234154 [1] NCCL INFO Connection to proxy localRank 1 -> connection 0x7fd980003e70
n232-194-226:234133:234193 [1] NCCL INFO transport/p2p.cc:204 Cuda Alloc Size 2097152 pointer 0x7fd967600000
n232-194-226:234133:234193 [1] NCCL INFO Allocated shareable buffer 0x7fd967600000 size 2097152 ipcDesc 0x7fd98000c440
n232-194-226:234133:234193 [1] NCCL INFO proxyProgressAsync opId=0x7fd98abbc6a0 op.type=3 op.reqBuff=0x7fd980027450 op.respSize=80 done
n232-194-226:234133:234154 [1] NCCL INFO ncclPollProxyResponse Received new opId=0x7fd98abbc6a0
n232-194-226:234133:234193 [1] NCCL INFO Received and initiated operation=Setup res=0
n232-194-226:234133:234154 [1] NCCL INFO recvOpId=0x7fd98abbc6a0 matches expected opId=0x7fd98abbc6a0
n232-194-226:234133:234154 [1] NCCL INFO Channel 11/0 : 1[1] -> 2[2] via P2P/IPC
n232-194-226:234133:234193 [1] NCCL INFO New proxy send connection 43 from local rank 1, transport 0
n232-194-226:234133:234193 [1] NCCL INFO proxyProgressAsync opId=0x7fd98abbc6a0 op.type=1 op.reqBuff=0x7fd980027450 op.respSize=16 done
n232-194-226:234133:234154 [1] NCCL INFO ncclPollProxyResponse Received new opId=0x7fd98abbc6a0
