n232-194-226:234277:234300 [4] NCCL INFO Connection to proxy localRank 4 -> connection 0x7feb040037e0
n232-194-226:234274:234350 [1] NCCL INFO transport/p2p.cc:204 Cuda Alloc Size 10485760 pointer 0x7f3600000000
n232-194-226:234275:234347 [2] NCCL INFO transport/p2p.cc:204 Cuda Alloc Size 10485760 pointer 0x7f518ca00000
n232-194-226:234274:234350 [1] NCCL INFO Allocated shareable buffer 0x7f3600000000 size 10485760 ipcDesc 0x7f360800c520
n232-194-226:234274:234350 [1] NCCL INFO proxyProgressAsync opId=0x7f3612bbbce0 op.type=3 op.reqBuff=0x7f360800e2c0 op.respSize=80 done
n232-194-226:234274:234301 [1] NCCL INFO ncclPollProxyResponse Received new opId=0x7f3612bbbce0
n232-194-226:234274:234350 [1] NCCL INFO Received and initiated operation=Setup res=0
n232-194-226:234274:234301 [1] NCCL INFO recvOpId=0x7f3612bbbce0 matches expected opId=0x7f3612bbbce0
n232-194-226:234275:234347 [2] NCCL INFO Allocated shareable buffer 0x7f518ca00000 size 10485760 ipcDesc 0x7f51980361b0
n232-194-226:234275:234347 [2] NCCL INFO proxyProgressAsync opId=0x7f51a2bbbce0 op.type=3 op.reqBuff=0x7f5198038c50 op.respSize=80 done
n232-194-226:234275:234299 [2] NCCL INFO ncclPollProxyResponse Received new opId=0x7f51a2bbbce0
n232-194-226:234275:234347 [2] NCCL INFO Received and initiated operation=Setup res=0
n232-194-226:234275:234299 [2] NCCL INFO recvOpId=0x7f51a2bbbce0 matches expected opId=0x7f51a2bbbce0
n232-194-226:234274:234350 [1] NCCL INFO New proxy recv connection 12 from local rank 1, transport 0
n232-194-226:234274:234350 [1] NCCL INFO proxyProgressAsync opId=0x7f3612bbbce0 op.type=1 op.reqBuff=0x7f360800e2c0 op.respSize=16 done
n232-194-226:234274:234301 [1] NCCL INFO ncclPollProxyResponse Received new opId=0x7f3612bbbce0
n232-194-226:234278:234348 [5] NCCL INFO transport/p2p.cc:204 Cuda Alloc Size 2097152 pointer 0x7f2c55a00000
n232-194-226:234274:234301 [1] NCCL INFO recvOpId=0x7f3612bbbce0 matches expected opId=0x7f3612bbbce0
n232-194-226:234274:234350 [1] NCCL INFO Received and initiated operation=Init res=0
n232-194-226:234274:234301 [1] NCCL INFO Connection to proxy localRank 1 -> connection 0x7f3608003510
n232-194-226:234275:234347 [2] NCCL INFO New proxy recv connection 21 from local rank 2, transport 0
n232-194-226:234275:234347 [2] NCCL INFO proxyProgressAsync opId=0x7f51a2bbbce0 op.type=1 op.reqBuff=0x7f5198038c50 op.respSize=16 done
n232-194-226:234275:234299 [2] NCCL INFO ncclPollProxyResponse Received new opId=0x7f51a2bbbce0
n232-194-226:234275:234299 [2] NCCL INFO recvOpId=0x7f51a2bbbce0 matches expected opId=0x7f51a2bbbce0
n232-194-226:234275:234347 [2] NCCL INFO Received and initiated operation=Init res=0
n232-194-226:234275:234299 [2] NCCL INFO Connection to proxy localRank 2 -> connection 0x7f51980037e0
n232-194-226:234278:234348 [5] NCCL INFO Allocated shareable buffer 0x7f2c55a00000 size 2097152 ipcDesc 0x7f2c5c03aa20
n232-194-226:234278:234348 [5] NCCL INFO proxyProgressAsync opId=0x7f2c66bbbce0 op.type=3 op.reqBuff=0x7f2c5c03f5c0 op.respSize=80 done
n232-194-226:234278:234303 [5] NCCL INFO ncclPollProxyResponse Received new opId=0x7f2c66bbbce0
n232-194-226:234278:234303 [5] NCCL INFO recvOpId=0x7f2c66bbbce0 matches expected opId=0x7f2c66bbbce0
n232-194-226:234278:234348 [5] NCCL INFO Received and initiated operation=Setup res=0
n232-194-226:234276:234346 [3] NCCL INFO transport/p2p.cc:204 Cuda Alloc Size 10485760 pointer 0x7fac50a00000
n232-194-226:234278:234303 [5] NCCL INFO Channel 09/0 : 5[5] -> 4[4] via P2P/IPC
n232-194-226:234278:234348 [5] NCCL INFO New proxy send connection 29 from local rank 5, transport 0
n232-194-226:234278:234348 [5] NCCL INFO proxyProgressAsync opId=0x7f2c66bbbce0 op.type=1 op.reqBuff=0x7f2c5c03f5c0 op.respSize=16 done
n232-194-226:234278:234303 [5] NCCL INFO ncclPollProxyResponse Received new opId=0x7f2c66bbbce0
n232-194-226:234278:234303 [5] NCCL INFO recvOpId=0x7f2c66bbbce0 matches expected opId=0x7f2c66bbbce0
n232-194-226:234278:234348 [5] NCCL INFO Received and initiated operation=Init res=0
n232-194-226:234276:234346 [3] NCCL INFO Allocated shareable buffer 0x7fac50a00000 size 10485760 ipcDesc 0x7fac5c0361b0
n232-194-226:234276:234346 [3] NCCL INFO proxyProgressAsync opId=0x7fac66bbbce0 op.type=3 op.reqBuff=0x7fac5c03bd30 op.respSize=80 done
n232-194-226:234278:234303 [5] NCCL INFO Connection to proxy localRank 5 -> connection 0x7f2c5c003a60
n232-194-226:234276:234302 [3] NCCL INFO ncclPollProxyResponse Received new opId=0x7fac66bbbce0
n232-194-226:234276:234346 [3] NCCL INFO Received and initiated operation=Setup res=0
n232-194-226:234276:234302 [3] NCCL INFO recvOpId=0x7fac66bbbce0 matches expected opId=0x7fac66bbbce0
n232-194-226:234276:234346 [3] NCCL INFO New proxy recv connection 25 from local rank 3, transport 0
n232-194-226:234276:234346 [3] NCCL INFO proxyProgressAsync opId=0x7fac66bbbce0 op.type=1 op.reqBuff=0x7fac5c03bd30 op.respSize=16 done
n232-194-226:234276:234302 [3] NCCL INFO ncclPollProxyResponse Received new opId=0x7fac66bbbce0
n232-194-226:234276:234346 [3] NCCL INFO Received and initiated operation=Init res=0
n232-194-226:234277:234349 [4] NCCL INFO transport/p2p.cc:204 Cuda Alloc Size 10485760 pointer 0x7feaf9400000
n232-194-226:234276:234302 [3] NCCL INFO recvOpId=0x7fac66bbbce0 matches expected opId=0x7fac66bbbce0
n232-194-226:234276:234302 [3] NCCL INFO Connection to proxy localRank 3 -> connection 0x7fac5c003920
n232-194-226:234277:234349 [4] NCCL INFO Allocated shareable buffer 0x7feaf9400000 size 10485760 ipcDesc 0x7feb040361b0
n232-194-226:234277:234349 [4] NCCL INFO proxyProgressAsync opId=0x7feb0ebbbce0 op.type=3 op.reqBuff=0x7feb0403a930 op.respSize=80 done
n232-194-226:234277:234300 [4] NCCL INFO ncclPollProxyResponse Received new opId=0x7feb0ebbbce0
n232-194-226:234277:234300 [4] NCCL INFO recvOpId=0x7feb0ebbbce0 matches expected opId=0x7feb0ebbbce0
n232-194-226:234277:234349 [4] NCCL INFO Received and initiated operation=Setup res=0
n232-194-226:234277:234349 [4] NCCL INFO New proxy recv connection 22 from local rank 4, transport 0
n232-194-226:234277:234349 [4] NCCL INFO proxyProgressAsync opId=0x7feb0ebbbce0 op.type=1 op.reqBuff=0x7feb0403a930 op.respSize=16 done
n232-194-226:234277:234300 [4] NCCL INFO ncclPollProxyResponse Received new opId=0x7feb0ebbbce0
n232-194-226:234277:234300 [4] NCCL INFO recvOpId=0x7feb0ebbbce0 matches expected opId=0x7feb0ebbbce0
n232-194-226:234277:234349 [4] NCCL INFO Received and initiated operation=Init res=0
n232-194-226:234277:234300 [4] NCCL INFO Connection to proxy localRank 4 -> connection 0x7feb04003830
n232-194-226:234274:234350 [1] NCCL INFO transport/p2p.cc:204 Cuda Alloc Size 10485760 pointer 0x7f3600a00000
n232-194-226:234275:234347 [2] NCCL INFO transport/p2p.cc:204 Cuda Alloc Size 10485760 pointer 0x7f518d400000
n232-194-226:234274:234350 [1] NCCL INFO Allocated shareable buffer 0x7f3600a00000 size 10485760 ipcDesc 0x7f360800c520
n232-194-226:234274:234350 [1] NCCL INFO proxyProgressAsync opId=0x7f3612bbbce0 op.type=3 op.reqBuff=0x7f360800fb40 op.respSize=80 done
n232-194-226:234274:234301 [1] NCCL INFO ncclPollProxyResponse Received new opId=0x7f3612bbbce0
n232-194-226:234274:234350 [1] NCCL INFO Received and initiated operation=Setup res=0
n232-194-226:234274:234301 [1] NCCL INFO recvOpId=0x7f3612bbbce0 matches expected opId=0x7f3612bbbce0
n232-194-226:234275:234347 [2] NCCL INFO Allocated shareable buffer 0x7f518d400000 size 10485760 ipcDesc 0x7f51980361b0
n232-194-226:234275:234347 [2] NCCL INFO proxyProgressAsync opId=0x7f51a2bbbce0 op.type=3 op.reqBuff=0x7f519803a880 op.respSize=80 done
n232-194-226:234275:234299 [2] NCCL INFO ncclPollProxyResponse Received new opId=0x7f51a2bbbce0
n232-194-226:234275:234299 [2] NCCL INFO recvOpId=0x7f51a2bbbce0 matches expected opId=0x7f51a2bbbce0
n232-194-226:234274:234350 [1] NCCL INFO New proxy recv connection 13 from local rank 1, transport 0
n232-194-226:234274:234350 [1] NCCL INFO proxyProgressAsync opId=0x7f3612bbbce0 op.type=1 op.reqBuff=0x7f360800fb40 op.respSize=16 done
n232-194-226:234275:234347 [2] NCCL INFO Received and initiated operation=Setup res=0
n232-194-226:234278:234348 [5] NCCL INFO transport/p2p.cc:204 Cuda Alloc Size 2097152 pointer 0x7f2c55c00000
n232-194-226:234274:234301 [1] NCCL INFO ncclPollProxyResponse Received new opId=0x7f3612bbbce0
n232-194-226:234274:234350 [1] NCCL INFO Received and initiated operation=Init res=0
n232-194-226:234274:234301 [1] NCCL INFO recvOpId=0x7f3612bbbce0 matches expected opId=0x7f3612bbbce0
n232-194-226:234274:234301 [1] NCCL INFO Connection to proxy localRank 1 -> connection 0x7f3608003560
n232-194-226:234275:234347 [2] NCCL INFO New proxy recv connection 22 from local rank 2, transport 0
n232-194-226:234275:234347 [2] NCCL INFO proxyProgressAsync opId=0x7f51a2bbbce0 op.type=1 op.reqBuff=0x7f519803a880 op.respSize=16 done
n232-194-226:234275:234299 [2] NCCL INFO ncclPollProxyResponse Received new opId=0x7f51a2bbbce0
n232-194-226:234275:234299 [2] NCCL INFO recvOpId=0x7f51a2bbbce0 matches expected opId=0x7f51a2bbbce0
n232-194-226:234275:234347 [2] NCCL INFO Received and initiated operation=Init res=0
n232-194-226:234275:234299 [2] NCCL INFO Connection to proxy localRank 2 -> connection 0x7f5198003830
n232-194-226:234278:234348 [5] NCCL INFO Allocated shareable buffer 0x7f2c55c00000 size 2097152 ipcDesc 0x7f2c5c03aa20
n232-194-226:234278:234348 [5] NCCL INFO proxyProgressAsync opId=0x7f2c66bbbce0 op.type=3 op.reqBuff=0x7f2c5c040e40 op.respSize=80 done
n232-194-226:234278:234303 [5] NCCL INFO ncclPollProxyResponse Received new opId=0x7f2c66bbbce0
n232-194-226:234278:234348 [5] NCCL INFO Received and initiated operation=Setup res=0
n232-194-226:234278:234303 [5] NCCL INFO recvOpId=0x7f2c66bbbce0 matches expected opId=0x7f2c66bbbce0
n232-194-226:234278:234303 [5] NCCL INFO Channel 12/0 : 5[5] -> 4[4] via P2P/IPC
n232-194-226:234276:234346 [3] NCCL INFO transport/p2p.cc:204 Cuda Alloc Size 10485760 pointer 0x7fac51400000
n232-194-226:234278:234348 [5] NCCL INFO New proxy send connection 30 from local rank 5, transport 0
n232-194-226:234278:234348 [5] NCCL INFO proxyProgressAsync opId=0x7f2c66bbbce0 op.type=1 op.reqBuff=0x7f2c5c040e40 op.respSize=16 done
n232-194-226:234278:234303 [5] NCCL INFO ncclPollProxyResponse Received new opId=0x7f2c66bbbce0
n232-194-226:234278:234348 [5] NCCL INFO Received and initiated operation=Init res=0
n232-194-226:234278:234303 [5] NCCL INFO recvOpId=0x7f2c66bbbce0 matches expected opId=0x7f2c66bbbce0
n232-194-226:234278:234303 [5] NCCL INFO Connection to proxy localRank 5 -> connection 0x7f2c5c003ab0
n232-194-226:234276:234346 [3] NCCL INFO Allocated shareable buffer 0x7fac51400000 size 10485760 ipcDesc 0x7fac5c0361b0
n232-194-226:234277:234349 [4] NCCL INFO transport/p2p.cc:204 Cuda Alloc Size 10485760 pointer 0x7feaf6000000
n232-194-226:234276:234346 [3] NCCL INFO proxyProgressAsync opId=0x7fac66bbbce0 op.type=3 op.reqBuff=0x7fac5c03d960 op.respSize=80 done
n232-194-226:234276:234302 [3] NCCL INFO ncclPollProxyResponse Received new opId=0x7fac66bbbce0
n232-194-226:234276:234302 [3] NCCL INFO recvOpId=0x7fac66bbbce0 matches expected opId=0x7fac66bbbce0
n232-194-226:234276:234346 [3] NCCL INFO Received and initiated operation=Setup res=0
n232-194-226:234276:234346 [3] NCCL INFO New proxy recv connection 26 from local rank 3, transport 0
n232-194-226:234276:234346 [3] NCCL INFO proxyProgressAsync opId=0x7fac66bbbce0 op.type=1 op.reqBuff=0x7fac5c03d960 op.respSize=16 done
n232-194-226:234276:234302 [3] NCCL INFO ncclPollProxyResponse Received new opId=0x7fac66bbbce0
n232-194-226:234276:234346 [3] NCCL INFO Received and initiated operation=Init res=0
n232-194-226:234276:234302 [3] NCCL INFO recvOpId=0x7fac66bbbce0 matches expected opId=0x7fac66bbbce0
n232-194-226:234276:234302 [3] NCCL INFO Connection to proxy localRank 3 -> connection 0x7fac5c003970
n232-194-226:234277:234349 [4] NCCL INFO Allocated shareable buffer 0x7feaf6000000 size 10485760 ipcDesc 0x7feb040361b0
n232-194-226:234277:234349 [4] NCCL INFO proxyProgressAsync opId=0x7feb0ebbbce0 op.type=3 op.reqBuff=0x7feb0403a970 op.respSize=80 done
n232-194-226:234277:234300 [4] NCCL INFO ncclPollProxyResponse Received new opId=0x7feb0ebbbce0
n232-194-226:234277:234300 [4] NCCL INFO recvOpId=0x7feb0ebbbce0 matches expected opId=0x7feb0ebbbce0
n232-194-226:234277:234349 [4] NCCL INFO Received and initiated operation=Setup res=0
n232-194-226:234277:234349 [4] NCCL INFO New proxy recv connection 23 from local rank 4, transport 0
n232-194-226:234277:234349 [4] NCCL INFO proxyProgressAsync opId=0x7feb0ebbbce0 op.type=1 op.reqBuff=0x7feb0403a970 op.respSize=16 done
n232-194-226:234277:234300 [4] NCCL INFO ncclPollProxyResponse Received new opId=0x7feb0ebbbce0
n232-194-226:234277:234300 [4] NCCL INFO recvOpId=0x7feb0ebbbce0 matches expected opId=0x7feb0ebbbce0
n232-194-226:234277:234349 [4] NCCL INFO Received and initiated operation=Init res=0
n232-194-226:234277:234300 [4] NCCL INFO Connection to proxy localRank 4 -> connection 0x7feb04003880
n232-194-226:234274:234350 [1] NCCL INFO transport/p2p.cc:204 Cuda Alloc Size 10485760 pointer 0x7f3601400000
n232-194-226:234275:234347 [2] NCCL INFO transport/p2p.cc:204 Cuda Alloc Size 10485760 pointer 0x7f518a000000
n232-194-226:234274:234350 [1] NCCL INFO Allocated shareable buffer 0x7f3601400000 size 10485760 ipcDesc 0x7f360800c520
n232-194-226:234274:234350 [1] NCCL INFO proxyProgressAsync opId=0x7f3612bbbce0 op.type=3 op.reqBuff=0x7f360800fb80 op.respSize=80 done
n232-194-226:234275:234347 [2] NCCL INFO Allocated shareable buffer 0x7f518a000000 size 10485760 ipcDesc 0x7f51980361b0
n232-194-226:234275:234347 [2] NCCL INFO proxyProgressAsync opId=0x7f51a2bbbce0 op.type=3 op.reqBuff=0x7f519803a8c0 op.respSize=80 done
n232-194-226:234274:234301 [1] NCCL INFO ncclPollProxyResponse Received new opId=0x7f3612bbbce0
n232-194-226:234275:234299 [2] NCCL INFO ncclPollProxyResponse Received new opId=0x7f51a2bbbce0
n232-194-226:234274:234301 [1] NCCL INFO recvOpId=0x7f3612bbbce0 matches expected opId=0x7f3612bbbce0
n232-194-226:234275:234347 [2] NCCL INFO Received and initiated operation=Setup res=0
n232-194-226:234274:234350 [1] NCCL INFO Received and initiated operation=Setup res=0
n232-194-226:234275:234299 [2] NCCL INFO recvOpId=0x7f51a2bbbce0 matches expected opId=0x7f51a2bbbce0
n232-194-226:234274:234350 [1] NCCL INFO New proxy recv connection 14 from local rank 1, transport 0
n232-194-226:234274:234350 [1] NCCL INFO proxyProgressAsync opId=0x7f3612bbbce0 op.type=1 op.reqBuff=0x7f360800fb80 op.respSize=16 done
n232-194-226:234275:234347 [2] NCCL INFO New proxy recv connection 23 from local rank 2, transport 0
n232-194-226:234275:234347 [2] NCCL INFO proxyProgressAsync opId=0x7f51a2bbbce0 op.type=1 op.reqBuff=0x7f519803a8c0 op.respSize=16 done
n232-194-226:234274:234301 [1] NCCL INFO ncclPollProxyResponse Received new opId=0x7f3612bbbce0
n232-194-226:234275:234299 [2] NCCL INFO ncclPollProxyResponse Received new opId=0x7f51a2bbbce0
n232-194-226:234274:234350 [1] NCCL INFO Received and initiated operation=Init res=0
n232-194-226:234274:234301 [1] NCCL INFO recvOpId=0x7f3612bbbce0 matches expected opId=0x7f3612bbbce0
n232-194-226:234274:234301 [1] NCCL INFO Connection to proxy localRank 1 -> connection 0x7f36080035b0
n232-194-226:234278:234348 [5] NCCL INFO transport/p2p.cc:204 Cuda Alloc Size 2097152 pointer 0x7f2c55e00000
n232-194-226:234275:234299 [2] NCCL INFO recvOpId=0x7f51a2bbbce0 matches expected opId=0x7f51a2bbbce0
n232-194-226:234275:234347 [2] NCCL INFO Received and initiated operation=Init res=0
n232-194-226:234275:234299 [2] NCCL INFO Connection to proxy localRank 2 -> connection 0x7f5198003880
n232-194-226:234278:234348 [5] NCCL INFO Allocated shareable buffer 0x7f2c55e00000 size 2097152 ipcDesc 0x7f2c5c03aa20
n232-194-226:234278:234348 [5] NCCL INFO proxyProgressAsync opId=0x7f2c66bbbce0 op.type=3 op.reqBuff=0x7f2c5c040e80 op.respSize=80 done
n232-194-226:234278:234303 [5] NCCL INFO ncclPollProxyResponse Received new opId=0x7f2c66bbbce0
n232-194-226:234278:234303 [5] NCCL INFO recvOpId=0x7f2c66bbbce0 matches expected opId=0x7f2c66bbbce0
n232-194-226:234278:234348 [5] NCCL INFO Received and initiated operation=Setup res=0
n232-194-226:234278:234303 [5] NCCL INFO Channel 13/0 : 5[5] -> 4[4] via P2P/IPC
n232-194-226:234278:234348 [5] NCCL INFO New proxy send connection 31 from local rank 5, transport 0
n232-194-226:234278:234348 [5] NCCL INFO proxyProgressAsync opId=0x7f2c66bbbce0 op.type=1 op.reqBuff=0x7f2c5c040e80 op.respSize=16 done
n232-194-226:234278:234303 [5] NCCL INFO ncclPollProxyResponse Received new opId=0x7f2c66bbbce0
n232-194-226:234278:234348 [5] NCCL INFO Received and initiated operation=Init res=0
n232-194-226:234276:234346 [3] NCCL INFO transport/p2p.cc:204 Cuda Alloc Size 10485760 pointer 0x7fac4e000000
n232-194-226:234278:234303 [5] NCCL INFO recvOpId=0x7f2c66bbbce0 matches expected opId=0x7f2c66bbbce0
n232-194-226:234278:234303 [5] NCCL INFO Connection to proxy localRank 5 -> connection 0x7f2c5c003b00
n232-194-226:234277:234349 [4] NCCL INFO transport/p2p.cc:204 Cuda Alloc Size 10485760 pointer 0x7feaf6a00000
n232-194-226:234276:234346 [3] NCCL INFO Allocated shareable buffer 0x7fac4e000000 size 10485760 ipcDesc 0x7fac5c0361b0
n232-194-226:234276:234346 [3] NCCL INFO proxyProgressAsync opId=0x7fac66bbbce0 op.type=3 op.reqBuff=0x7fac5c03d9a0 op.respSize=80 done
n232-194-226:234276:234302 [3] NCCL INFO ncclPollProxyResponse Received new opId=0x7fac66bbbce0
n232-194-226:234276:234302 [3] NCCL INFO recvOpId=0x7fac66bbbce0 matches expected opId=0x7fac66bbbce0
n232-194-226:234276:234346 [3] NCCL INFO Received and initiated operation=Setup res=0
n232-194-226:234276:234346 [3] NCCL INFO New proxy recv connection 27 from local rank 3, transport 0
n232-194-226:234276:234346 [3] NCCL INFO proxyProgressAsync opId=0x7fac66bbbce0 op.type=1 op.reqBuff=0x7fac5c03d9a0 op.respSize=16 done
n232-194-226:234277:234349 [4] NCCL INFO Allocated shareable buffer 0x7feaf6a00000 size 10485760 ipcDesc 0x7feb040361b0
n232-194-226:234276:234302 [3] NCCL INFO ncclPollProxyResponse Received new opId=0x7fac66bbbce0
n232-194-226:234277:234349 [4] NCCL INFO proxyProgressAsync opId=0x7feb0ebbbce0 op.type=3 op.reqBuff=0x7feb0403c1f0 op.respSize=80 done
n232-194-226:234276:234346 [3] NCCL INFO Received and initiated operation=Init res=0
n232-194-226:234276:234302 [3] NCCL INFO recvOpId=0x7fac66bbbce0 matches expected opId=0x7fac66bbbce0
n232-194-226:234277:234300 [4] NCCL INFO ncclPollProxyResponse Received new opId=0x7feb0ebbbce0
n232-194-226:234276:234302 [3] NCCL INFO Connection to proxy localRank 3 -> connection 0x7fac5c0039c0
n232-194-226:234277:234349 [4] NCCL INFO Received and initiated operation=Setup res=0
n232-194-226:234277:234300 [4] NCCL INFO recvOpId=0x7feb0ebbbce0 matches expected opId=0x7feb0ebbbce0
n232-194-226:234277:234300 [4] NCCL INFO Channel 00/0 : 4[4] -> 3[3] via P2P/IPC
n232-194-226:234277:234349 [4] NCCL INFO New proxy send connection 24 from local rank 4, transport 0
n232-194-226:234277:234349 [4] NCCL INFO proxyProgressAsync opId=0x7feb0ebbbce0 op.type=1 op.reqBuff=0x7feb0403c1f0 op.respSize=16 done
n232-194-226:234277:234300 [4] NCCL INFO ncclPollProxyResponse Received new opId=0x7feb0ebbbce0
n232-194-226:234277:234300 [4] NCCL INFO recvOpId=0x7feb0ebbbce0 matches expected opId=0x7feb0ebbbce0
n232-194-226:234277:234349 [4] NCCL INFO Received and initiated operation=Init res=0
n232-194-226:234277:234300 [4] NCCL INFO Connection to proxy localRank 4 -> connection 0x7feb040038d0
n232-194-226:234274:234350 [1] NCCL INFO transport/p2p.cc:204 Cuda Alloc Size 10485760 pointer 0x7f35fe000000
n232-194-226:234275:234347 [2] NCCL INFO transport/p2p.cc:204 Cuda Alloc Size 10485760 pointer 0x7f518aa00000
n232-194-226:234274:234350 [1] NCCL INFO Allocated shareable buffer 0x7f35fe000000 size 10485760 ipcDesc 0x7f360800c520
n232-194-226:234274:234350 [1] NCCL INFO proxyProgressAsync opId=0x7f3612bbbce0 op.type=3 op.reqBuff=0x7f36080117b0 op.respSize=80 done
n232-194-226:234274:234301 [1] NCCL INFO ncclPollProxyResponse Received new opId=0x7f3612bbbce0
n232-194-226:234274:234301 [1] NCCL INFO recvOpId=0x7f3612bbbce0 matches expected opId=0x7f3612bbbce0
n232-194-226:234274:234350 [1] NCCL INFO Received and initiated operation=Setup res=0
n232-194-226:234275:234347 [2] NCCL INFO Allocated shareable buffer 0x7f518aa00000 size 10485760 ipcDesc 0x7f51980361b0
n232-194-226:234275:234347 [2] NCCL INFO proxyProgressAsync opId=0x7f51a2bbbce0 op.type=3 op.reqBuff=0x7f519803c140 op.respSize=80 done
n232-194-226:234275:234299 [2] NCCL INFO ncclPollProxyResponse Received new opId=0x7f51a2bbbce0
n232-194-226:234274:234350 [1] NCCL INFO New proxy recv connection 15 from local rank 1, transport 0
n232-194-226:234275:234347 [2] NCCL INFO Received and initiated operation=Setup res=0
n232-194-226:234274:234350 [1] NCCL INFO proxyProgressAsync opId=0x7f3612bbbce0 op.type=1 op.reqBuff=0x7f36080117b0 op.respSize=16 done
n232-194-226:234275:234299 [2] NCCL INFO recvOpId=0x7f51a2bbbce0 matches expected opId=0x7f51a2bbbce0
n232-194-226:234274:234301 [1] NCCL INFO ncclPollProxyResponse Received new opId=0x7f3612bbbce0
n232-194-226:234275:234299 [2] NCCL INFO Channel 01/0 : 2[2] -> 1[1] via P2P/IPC
n232-194-226:234278:234348 [5] NCCL INFO transport/p2p.cc:204 Cuda Alloc Size 2097152 pointer 0x7f2c57e00000
n232-194-226:234274:234350 [1] NCCL INFO Received and initiated operation=Init res=0
n232-194-226:234274:234301 [1] NCCL INFO recvOpId=0x7f3612bbbce0 matches expected opId=0x7f3612bbbce0
n232-194-226:234274:234301 [1] NCCL INFO Connection to proxy localRank 1 -> connection 0x7f3608003600
n232-194-226:234275:234347 [2] NCCL INFO New proxy send connection 24 from local rank 2, transport 0
n232-194-226:234275:234347 [2] NCCL INFO proxyProgressAsync opId=0x7f51a2bbbce0 op.type=1 op.reqBuff=0x7f519803c140 op.respSize=16 done
n232-194-226:234275:234299 [2] NCCL INFO ncclPollProxyResponse Received new opId=0x7f51a2bbbce0
n232-194-226:234275:234299 [2] NCCL INFO recvOpId=0x7f51a2bbbce0 matches expected opId=0x7f51a2bbbce0
n232-194-226:234275:234347 [2] NCCL INFO Received and initiated operation=Init res=0
n232-194-226:234275:234299 [2] NCCL INFO Connection to proxy localRank 2 -> connection 0x7f51980038d0
n232-194-226:234278:234348 [5] NCCL INFO Allocated shareable buffer 0x7f2c57e00000 size 2097152 ipcDesc 0x7f2c5c03aa20
n232-194-226:234278:234348 [5] NCCL INFO proxyProgressAsync opId=0x7f2c66bbbce0 op.type=3 op.reqBuff=0x7f2c5c042700 op.respSize=80 done
n232-194-226:234278:234303 [5] NCCL INFO ncclPollProxyResponse Received new opId=0x7f2c66bbbce0
n232-194-226:234278:234303 [5] NCCL INFO recvOpId=0x7f2c66bbbce0 matches expected opId=0x7f2c66bbbce0
n232-194-226:234278:234348 [5] NCCL INFO Received and initiated operation=Setup res=0
n232-194-226:234276:234346 [3] NCCL INFO transport/p2p.cc:204 Cuda Alloc Size 10485760 pointer 0x7fac4ea00000
n232-194-226:234277:234349 [4] NCCL INFO transport/p2p.cc:204 Cuda Alloc Size 2097152 pointer 0x7feaf7400000
n232-194-226:234276:234346 [3] NCCL INFO Allocated shareable buffer 0x7fac4ea00000 size 10485760 ipcDesc 0x7fac5c0361b0
n232-194-226:234276:234346 [3] NCCL INFO proxyProgressAsync opId=0x7fac66bbbce0 op.type=3 op.reqBuff=0x7fac5c03f220 op.respSize=80 done
n232-194-226:234276:234302 [3] NCCL INFO ncclPollProxyResponse Received new opId=0x7fac66bbbce0
n232-194-226:234276:234302 [3] NCCL INFO recvOpId=0x7fac66bbbce0 matches expected opId=0x7fac66bbbce0
n232-194-226:234276:234346 [3] NCCL INFO Received and initiated operation=Setup res=0
n232-194-226:234276:234302 [3] NCCL INFO Channel 02/0 : 3[3] -> 2[2] via P2P/IPC
n232-194-226:234276:234346 [3] NCCL INFO New proxy send connection 28 from local rank 3, transport 0
n232-194-226:234276:234346 [3] NCCL INFO proxyProgressAsync opId=0x7fac66bbbce0 op.type=1 op.reqBuff=0x7fac5c03f220 op.respSize=16 done
n232-194-226:234276:234302 [3] NCCL INFO ncclPollProxyResponse Received new opId=0x7fac66bbbce0
n232-194-226:234276:234346 [3] NCCL INFO Received and initiated operation=Init res=0
n232-194-226:234276:234302 [3] NCCL INFO recvOpId=0x7fac66bbbce0 matches expected opId=0x7fac66bbbce0
n232-194-226:234277:234349 [4] NCCL INFO Allocated shareable buffer 0x7feaf7400000 size 2097152 ipcDesc 0x7feb040361b0
n232-194-226:234276:234302 [3] NCCL INFO Connection to proxy localRank 3 -> connection 0x7fac5c003a10
n232-194-226:234277:234349 [4] NCCL INFO proxyProgressAsync opId=0x7feb0ebbbce0 op.type=3 op.reqBuff=0x7feb0403c230 op.respSize=80 done
n232-194-226:234277:234300 [4] NCCL INFO ncclPollProxyResponse Received new opId=0x7feb0ebbbce0
n232-194-226:234277:234349 [4] NCCL INFO Received and initiated operation=Setup res=0
n232-194-226:234277:234300 [4] NCCL INFO recvOpId=0x7feb0ebbbce0 matches expected opId=0x7feb0ebbbce0
n232-194-226:234277:234300 [4] NCCL INFO Channel 02/0 : 4[4] -> 3[3] via P2P/IPC
n232-194-226:234277:234349 [4] NCCL INFO New proxy send connection 25 from local rank 4, transport 0
n232-194-226:234277:234349 [4] NCCL INFO proxyProgressAsync opId=0x7feb0ebbbce0 op.type=1 op.reqBuff=0x7feb0403c230 op.respSize=16 done
n232-194-226:234277:234300 [4] NCCL INFO ncclPollProxyResponse Received new opId=0x7feb0ebbbce0
n232-194-226:234277:234300 [4] NCCL INFO recvOpId=0x7feb0ebbbce0 matches expected opId=0x7feb0ebbbce0
n232-194-226:234277:234300 [4] NCCL INFO Connection to proxy localRank 4 -> connection 0x7feb04003920
n232-194-226:234277:234349 [4] NCCL INFO Received and initiated operation=Init res=0
n232-194-226:234274:234350 [1] NCCL INFO transport/p2p.cc:204 Cuda Alloc Size 10485760 pointer 0x7f35fea00000
n232-194-226:234274:234350 [1] NCCL INFO Allocated shareable buffer 0x7f35fea00000 size 10485760 ipcDesc 0x7f360800c520
n232-194-226:234275:234347 [2] NCCL INFO transport/p2p.cc:204 Cuda Alloc Size 2097152 pointer 0x7f518b400000
n232-194-226:234274:234350 [1] NCCL INFO proxyProgressAsync opId=0x7f3612bbbce0 op.type=3 op.reqBuff=0x7f36080117f0 op.respSize=80 done
n232-194-226:234274:234301 [1] NCCL INFO ncclPollProxyResponse Received new opId=0x7f3612bbbce0
n232-194-226:234274:234350 [1] NCCL INFO Received and initiated operation=Setup res=0
n232-194-226:234275:234347 [2] NCCL INFO Allocated shareable buffer 0x7f518b400000 size 2097152 ipcDesc 0x7f51980361b0
n232-194-226:234274:234301 [1] NCCL INFO recvOpId=0x7f3612bbbce0 matches expected opId=0x7f3612bbbce0
n232-194-226:234275:234347 [2] NCCL INFO proxyProgressAsync opId=0x7f51a2bbbce0 op.type=3 op.reqBuff=0x7f519803c180 op.respSize=80 done
n232-194-226:234274:234301 [1] NCCL INFO Channel 00/0 : 1[1] -> 0[0] via P2P/IPC
n232-194-226:234275:234299 [2] NCCL INFO ncclPollProxyResponse Received new opId=0x7f51a2bbbce0
n232-194-226:234275:234347 [2] NCCL INFO Received and initiated operation=Setup res=0
n232-194-226:234275:234299 [2] NCCL INFO recvOpId=0x7f51a2bbbce0 matches expected opId=0x7f51a2bbbce0
n232-194-226:234275:234299 [2] NCCL INFO Channel 02/0 : 2[2] -> 1[1] via P2P/IPC
n232-194-226:234274:234350 [1] NCCL INFO New proxy send connection 16 from local rank 1, transport 0
n232-194-226:234274:234350 [1] NCCL INFO proxyProgressAsync opId=0x7f3612bbbce0 op.type=1 op.reqBuff=0x7f36080117f0 op.respSize=16 done
n232-194-226:234274:234301 [1] NCCL INFO ncclPollProxyResponse Received new opId=0x7f3612bbbce0
n232-194-226:234275:234347 [2] NCCL INFO New proxy send connection 25 from local rank 2, transport 0
n232-194-226:234274:234350 [1] NCCL INFO Received and initiated operation=Init res=0
n232-194-226:234275:234347 [2] NCCL INFO proxyProgressAsync opId=0x7f51a2bbbce0 op.type=1 op.reqBuff=0x7f519803c180 op.respSize=16 done
n232-194-226:234274:234301 [1] NCCL INFO recvOpId=0x7f3612bbbce0 matches expected opId=0x7f3612bbbce0
n232-194-226:234274:234301 [1] NCCL INFO Connection to proxy localRank 1 -> connection 0x7f3608003650
n232-194-226:234275:234299 [2] NCCL INFO ncclPollProxyResponse Received new opId=0x7f51a2bbbce0
n232-194-226:234275:234347 [2] NCCL INFO Received and initiated operation=Init res=0
n232-194-226:234275:234299 [2] NCCL INFO recvOpId=0x7f51a2bbbce0 matches expected opId=0x7f51a2bbbce0
n232-194-226:234275:234299 [2] NCCL INFO Connection to proxy localRank 2 -> connection 0x7f5198003920
n232-194-226:234276:234346 [3] NCCL INFO transport/p2p.cc:204 Cuda Alloc Size 2097152 pointer 0x7fac4f400000
n232-194-226:234276:234346 [3] NCCL INFO Allocated shareable buffer 0x7fac4f400000 size 2097152 ipcDesc 0x7fac5c0361b0
n232-194-226:234276:234346 [3] NCCL INFO proxyProgressAsync opId=0x7fac66bbbce0 op.type=3 op.reqBuff=0x7fac5c03f260 op.respSize=80 done
n232-194-226:234276:234302 [3] NCCL INFO ncclPollProxyResponse Received new opId=0x7fac66bbbce0
n232-194-226:234276:234302 [3] NCCL INFO recvOpId=0x7fac66bbbce0 matches expected opId=0x7fac66bbbce0
n232-194-226:234276:234346 [3] NCCL INFO Received and initiated operation=Setup res=0
n232-194-226:234276:234302 [3] NCCL INFO Channel 03/0 : 3[3] -> 2[2] via P2P/IPC
n232-194-226:234276:234346 [3] NCCL INFO New proxy send connection 29 from local rank 3, transport 0
n232-194-226:234276:234346 [3] NCCL INFO proxyProgressAsync opId=0x7fac66bbbce0 op.type=1 op.reqBuff=0x7fac5c03f260 op.respSize=16 done
n232-194-226:234276:234302 [3] NCCL INFO ncclPollProxyResponse Received new opId=0x7fac66bbbce0
n232-194-226:234276:234302 [3] NCCL INFO recvOpId=0x7fac66bbbce0 matches expected opId=0x7fac66bbbce0
n232-194-226:234276:234346 [3] NCCL INFO Received and initiated operation=Init res=0
n232-194-226:234276:234302 [3] NCCL INFO Connection to proxy localRank 3 -> connection 0x7fac5c003a60
n232-194-226:234277:234349 [4] NCCL INFO transport/p2p.cc:204 Cuda Alloc Size 2097152 pointer 0x7feaf7600000
n232-194-226:234277:234349 [4] NCCL INFO Allocated shareable buffer 0x7feaf7600000 size 2097152 ipcDesc 0x7feb040361b0
n232-194-226:234277:234349 [4] NCCL INFO proxyProgressAsync opId=0x7feb0ebbbce0 op.type=3 op.reqBuff=0x7feb0403de60 op.respSize=80 done
n232-194-226:234277:234300 [4] NCCL INFO ncclPollProxyResponse Received new opId=0x7feb0ebbbce0
n232-194-226:234277:234300 [4] NCCL INFO recvOpId=0x7feb0ebbbce0 matches expected opId=0x7feb0ebbbce0
n232-194-226:234277:234349 [4] NCCL INFO Received and initiated operation=Setup res=0
n232-194-226:234277:234300 [4] NCCL INFO Channel 04/0 : 4[4] -> 3[3] via P2P/IPC
n232-194-226:234277:234349 [4] NCCL INFO New proxy send connection 26 from local rank 4, transport 0
n232-194-226:234277:234349 [4] NCCL INFO proxyProgressAsync opId=0x7feb0ebbbce0 op.type=1 op.reqBuff=0x7feb0403de60 op.respSize=16 done
n232-194-226:234274:234350 [1] NCCL INFO transport/p2p.cc:204 Cuda Alloc Size 2097152 pointer 0x7f35ff400000
n232-194-226:234277:234300 [4] NCCL INFO ncclPollProxyResponse Received new opId=0x7feb0ebbbce0
n232-194-226:234277:234349 [4] NCCL INFO Received and initiated operation=Init res=0
n232-194-226:234277:234300 [4] NCCL INFO recvOpId=0x7feb0ebbbce0 matches expected opId=0x7feb0ebbbce0
n232-194-226:234274:234350 [1] NCCL INFO Allocated shareable buffer 0x7f35ff400000 size 2097152 ipcDesc 0x7f360800c520
n232-194-226:234277:234300 [4] NCCL INFO Connection to proxy localRank 4 -> connection 0x7feb04003970
n232-194-226:234274:234350 [1] NCCL INFO proxyProgressAsync opId=0x7f3612bbbce0 op.type=3 op.reqBuff=0x7f3608013420 op.respSize=80 done
n232-194-226:234274:234301 [1] NCCL INFO ncclPollProxyResponse Received new opId=0x7f3612bbbce0
n232-194-226:234274:234350 [1] NCCL INFO Received and initiated operation=Setup res=0
n232-194-226:234275:234347 [2] NCCL INFO transport/p2p.cc:204 Cuda Alloc Size 2097152 pointer 0x7f518b600000
n232-194-226:234274:234301 [1] NCCL INFO recvOpId=0x7f3612bbbce0 matches expected opId=0x7f3612bbbce0
n232-194-226:234274:234301 [1] NCCL INFO Channel 01/0 : 1[1] -> 0[0] via P2P/IPC
n232-194-226:234275:234347 [2] NCCL INFO Allocated shareable buffer 0x7f518b600000 size 2097152 ipcDesc 0x7f51980361b0
n232-194-226:234275:234347 [2] NCCL INFO proxyProgressAsync opId=0x7f51a2bbbce0 op.type=3 op.reqBuff=0x7f519803ddb0 op.respSize=80 done
n232-194-226:234275:234299 [2] NCCL INFO ncclPollProxyResponse Received new opId=0x7f51a2bbbce0
n232-194-226:234275:234299 [2] NCCL INFO recvOpId=0x7f51a2bbbce0 matches expected opId=0x7f51a2bbbce0
n232-194-226:234274:234350 [1] NCCL INFO New proxy send connection 17 from local rank 1, transport 0
n232-194-226:234275:234347 [2] NCCL INFO Received and initiated operation=Setup res=0
n232-194-226:234274:234350 [1] NCCL INFO proxyProgressAsync opId=0x7f3612bbbce0 op.type=1 op.reqBuff=0x7f3608013420 op.respSize=16 done
n232-194-226:234275:234299 [2] NCCL INFO Channel 03/0 : 2[2] -> 1[1] via P2P/IPC
n232-194-226:234274:234301 [1] NCCL INFO ncclPollProxyResponse Received new opId=0x7f3612bbbce0
n232-194-226:234274:234350 [1] NCCL INFO Received and initiated operation=Init res=0
n232-194-226:234274:234301 [1] NCCL INFO recvOpId=0x7f3612bbbce0 matches expected opId=0x7f3612bbbce0
n232-194-226:234274:234301 [1] NCCL INFO Connection to proxy localRank 1 -> connection 0x7f36080036a0
n232-194-226:234275:234347 [2] NCCL INFO New proxy send connection 26 from local rank 2, transport 0
n232-194-226:234275:234347 [2] NCCL INFO proxyProgressAsync opId=0x7f51a2bbbce0 op.type=1 op.reqBuff=0x7f519803ddb0 op.respSize=16 done
n232-194-226:234276:234346 [3] NCCL INFO transport/p2p.cc:204 Cuda Alloc Size 2097152 pointer 0x7fac4f600000
n232-194-226:234275:234299 [2] NCCL INFO ncclPollProxyResponse Received new opId=0x7f51a2bbbce0
n232-194-226:234275:234347 [2] NCCL INFO Received and initiated operation=Init res=0
n232-194-226:234275:234299 [2] NCCL INFO recvOpId=0x7f51a2bbbce0 matches expected opId=0x7f51a2bbbce0
n232-194-226:234275:234299 [2] NCCL INFO Connection to proxy localRank 2 -> connection 0x7f5198003970
n232-194-226:234276:234346 [3] NCCL INFO Allocated shareable buffer 0x7fac4f600000 size 2097152 ipcDesc 0x7fac5c0361b0
n232-194-226:234276:234346 [3] NCCL INFO proxyProgressAsync opId=0x7fac66bbbce0 op.type=3 op.reqBuff=0x7fac5c040e90 op.respSize=80 done
n232-194-226:234276:234302 [3] NCCL INFO ncclPollProxyResponse Received new opId=0x7fac66bbbce0
n232-194-226:234276:234346 [3] NCCL INFO Received and initiated operation=Setup res=0
n232-194-226:234276:234302 [3] NCCL INFO recvOpId=0x7fac66bbbce0 matches expected opId=0x7fac66bbbce0
n232-194-226:234276:234302 [3] NCCL INFO Channel 06/0 : 3[3] -> 2[2] via P2P/IPC
n232-194-226:234276:234346 [3] NCCL INFO New proxy send connection 30 from local rank 3, transport 0
n232-194-226:234276:234346 [3] NCCL INFO proxyProgressAsync opId=0x7fac66bbbce0 op.type=1 op.reqBuff=0x7fac5c040e90 op.respSize=16 done
n232-194-226:234276:234302 [3] NCCL INFO ncclPollProxyResponse Received new opId=0x7fac66bbbce0
n232-194-226:234276:234302 [3] NCCL INFO recvOpId=0x7fac66bbbce0 matches expected opId=0x7fac66bbbce0
n232-194-226:234276:234302 [3] NCCL INFO Connection to proxy localRank 3 -> connection 0x7fac5c003ab0
n232-194-226:234276:234346 [3] NCCL INFO Received and initiated operation=Init res=0
n232-194-226:234277:234349 [4] NCCL INFO transport/p2p.cc:204 Cuda Alloc Size 2097152 pointer 0x7feaf7800000
n232-194-226:234277:234349 [4] NCCL INFO Allocated shareable buffer 0x7feaf7800000 size 2097152 ipcDesc 0x7feb040361b0
n232-194-226:234277:234349 [4] NCCL INFO proxyProgressAsync opId=0x7feb0ebbbce0 op.type=3 op.reqBuff=0x7feb0403dea0 op.respSize=80 done
n232-194-226:234277:234300 [4] NCCL INFO ncclPollProxyResponse Received new opId=0x7feb0ebbbce0
n232-194-226:234277:234349 [4] NCCL INFO Received and initiated operation=Setup res=0
n232-194-226:234277:234300 [4] NCCL INFO recvOpId=0x7feb0ebbbce0 matches expected opId=0x7feb0ebbbce0
n232-194-226:234277:234300 [4] NCCL INFO Channel 06/0 : 4[4] -> 3[3] via P2P/IPC
n232-194-226:234277:234349 [4] NCCL INFO New proxy send connection 27 from local rank 4, transport 0
n232-194-226:234277:234349 [4] NCCL INFO proxyProgressAsync opId=0x7feb0ebbbce0 op.type=1 op.reqBuff=0x7feb0403dea0 op.respSize=16 done
n232-194-226:234277:234300 [4] NCCL INFO ncclPollProxyResponse Received new opId=0x7feb0ebbbce0
n232-194-226:234277:234300 [4] NCCL INFO recvOpId=0x7feb0ebbbce0 matches expected opId=0x7feb0ebbbce0
n232-194-226:234277:234349 [4] NCCL INFO Received and initiated operation=Init res=0
n232-194-226:234277:234300 [4] NCCL INFO Connection to proxy localRank 4 -> connection 0x7feb040039c0
n232-194-226:234274:234350 [1] NCCL INFO transport/p2p.cc:204 Cuda Alloc Size 2097152 pointer 0x7f35ff600000
n232-194-226:234275:234347 [2] NCCL INFO transport/p2p.cc:204 Cuda Alloc Size 2097152 pointer 0x7f518b800000
n232-194-226:234274:234350 [1] NCCL INFO Allocated shareable buffer 0x7f35ff600000 size 2097152 ipcDesc 0x7f360800c520
n232-194-226:234274:234350 [1] NCCL INFO proxyProgressAsync opId=0x7f3612bbbce0 op.type=3 op.reqBuff=0x7f3608013460 op.respSize=80 done
n232-194-226:234274:234301 [1] NCCL INFO ncclPollProxyResponse Received new opId=0x7f3612bbbce0
n232-194-226:234274:234350 [1] NCCL INFO Received and initiated operation=Setup res=0
n232-194-226:234274:234301 [1] NCCL INFO recvOpId=0x7f3612bbbce0 matches expected opId=0x7f3612bbbce0
n232-194-226:234275:234347 [2] NCCL INFO Allocated shareable buffer 0x7f518b800000 size 2097152 ipcDesc 0x7f51980361b0
n232-194-226:234274:234301 [1] NCCL INFO Channel 02/0 : 1[1] -> 0[0] via P2P/IPC
n232-194-226:234275:234347 [2] NCCL INFO proxyProgressAsync opId=0x7f51a2bbbce0 op.type=3 op.reqBuff=0x7f519803ddf0 op.respSize=80 done
n232-194-226:234275:234299 [2] NCCL INFO ncclPollProxyResponse Received new opId=0x7f51a2bbbce0
n232-194-226:234275:234299 [2] NCCL INFO recvOpId=0x7f51a2bbbce0 matches expected opId=0x7f51a2bbbce0
n232-194-226:234275:234347 [2] NCCL INFO Received and initiated operation=Setup res=0
n232-194-226:234275:234299 [2] NCCL INFO Channel 05/0 : 2[2] -> 1[1] via P2P/IPC
n232-194-226:234274:234350 [1] NCCL INFO New proxy send connection 18 from local rank 1, transport 0
n232-194-226:234274:234350 [1] NCCL INFO proxyProgressAsync opId=0x7f3612bbbce0 op.type=1 op.reqBuff=0x7f3608013460 op.respSize=16 done
n232-194-226:234274:234301 [1] NCCL INFO ncclPollProxyResponse Received new opId=0x7f3612bbbce0
n232-194-226:234276:234346 [3] NCCL INFO transport/p2p.cc:204 Cuda Alloc Size 2097152 pointer 0x7fac4f800000
n232-194-226:234274:234301 [1] NCCL INFO recvOpId=0x7f3612bbbce0 matches expected opId=0x7f3612bbbce0
n232-194-226:234274:234350 [1] NCCL INFO Received and initiated operation=Init res=0
n232-194-226:234275:234347 [2] NCCL INFO New proxy send connection 27 from local rank 2, transport 0
n232-194-226:234275:234347 [2] NCCL INFO proxyProgressAsync opId=0x7f51a2bbbce0 op.type=1 op.reqBuff=0x7f519803ddf0 op.respSize=16 done
n232-194-226:234274:234301 [1] NCCL INFO Connection to proxy localRank 1 -> connection 0x7f36080036f0
n232-194-226:234275:234299 [2] NCCL INFO ncclPollProxyResponse Received new opId=0x7f51a2bbbce0
n232-194-226:234275:234347 [2] NCCL INFO Received and initiated operation=Init res=0
n232-194-226:234275:234299 [2] NCCL INFO recvOpId=0x7f51a2bbbce0 matches expected opId=0x7f51a2bbbce0
n232-194-226:234275:234299 [2] NCCL INFO Connection to proxy localRank 2 -> connection 0x7f51980039c0
n232-194-226:234276:234346 [3] NCCL INFO Allocated shareable buffer 0x7fac4f800000 size 2097152 ipcDesc 0x7fac5c0361b0
n232-194-226:234276:234346 [3] NCCL INFO proxyProgressAsync opId=0x7fac66bbbce0 op.type=3 op.reqBuff=0x7fac5c040ed0 op.respSize=80 done
n232-194-226:234276:234302 [3] NCCL INFO ncclPollProxyResponse Received new opId=0x7fac66bbbce0
n232-194-226:234276:234302 [3] NCCL INFO recvOpId=0x7fac66bbbce0 matches expected opId=0x7fac66bbbce0
n232-194-226:234276:234346 [3] NCCL INFO Received and initiated operation=Setup res=0
n232-194-226:234276:234302 [3] NCCL INFO Channel 07/0 : 3[3] -> 2[2] via P2P/IPC
n232-194-226:234276:234346 [3] NCCL INFO New proxy send connection 31 from local rank 3, transport 0
n232-194-226:234276:234346 [3] NCCL INFO proxyProgressAsync opId=0x7fac66bbbce0 op.type=1 op.reqBuff=0x7fac5c040ed0 op.respSize=16 done
n232-194-226:234276:234302 [3] NCCL INFO ncclPollProxyResponse Received new opId=0x7fac66bbbce0
n232-194-226:234277:234349 [4] NCCL INFO transport/p2p.cc:204 Cuda Alloc Size 2097152 pointer 0x7feaf7a00000
n232-194-226:234276:234346 [3] NCCL INFO Received and initiated operation=Init res=0
n232-194-226:234276:234302 [3] NCCL INFO recvOpId=0x7fac66bbbce0 matches expected opId=0x7fac66bbbce0
n232-194-226:234276:234302 [3] NCCL INFO Connection to proxy localRank 3 -> connection 0x7fac5c003b00
n232-194-226:234277:234349 [4] NCCL INFO Allocated shareable buffer 0x7feaf7a00000 size 2097152 ipcDesc 0x7feb040361b0
n232-194-226:234277:234349 [4] NCCL INFO proxyProgressAsync opId=0x7feb0ebbbce0 op.type=3 op.reqBuff=0x7feb0403f720 op.respSize=80 done
n232-194-226:234277:234300 [4] NCCL INFO ncclPollProxyResponse Received new opId=0x7feb0ebbbce0
n232-194-226:234277:234349 [4] NCCL INFO Received and initiated operation=Setup res=0
n232-194-226:234277:234300 [4] NCCL INFO recvOpId=0x7feb0ebbbce0 matches expected opId=0x7feb0ebbbce0
n232-194-226:234277:234300 [4] NCCL INFO Channel 08/0 : 4[4] -> 3[3] via P2P/IPC
n232-194-226:234277:234349 [4] NCCL INFO New proxy send connection 28 from local rank 4, transport 0
n232-194-226:234277:234349 [4] NCCL INFO proxyProgressAsync opId=0x7feb0ebbbce0 op.type=1 op.reqBuff=0x7feb0403f720 op.respSize=16 done
n232-194-226:234277:234300 [4] NCCL INFO ncclPollProxyResponse Received new opId=0x7feb0ebbbce0
n232-194-226:234277:234349 [4] NCCL INFO Received and initiated operation=Init res=0
n232-194-226:234277:234300 [4] NCCL INFO recvOpId=0x7feb0ebbbce0 matches expected opId=0x7feb0ebbbce0
n232-194-226:234277:234300 [4] NCCL INFO Connection to proxy localRank 4 -> connection 0x7feb04003a10
n232-194-226:234274:234350 [1] NCCL INFO transport/p2p.cc:204 Cuda Alloc Size 2097152 pointer 0x7f35ff800000
n232-194-226:234275:234347 [2] NCCL INFO transport/p2p.cc:204 Cuda Alloc Size 2097152 pointer 0x7f518ba00000
n232-194-226:234274:234350 [1] NCCL INFO Allocated shareable buffer 0x7f35ff800000 size 2097152 ipcDesc 0x7f360800c520
n232-194-226:234274:234350 [1] NCCL INFO proxyProgressAsync opId=0x7f3612bbbce0 op.type=3 op.reqBuff=0x7f3608014ce0 op.respSize=80 done
n232-194-226:234274:234301 [1] NCCL INFO ncclPollProxyResponse Received new opId=0x7f3612bbbce0
n232-194-226:234274:234301 [1] NCCL INFO recvOpId=0x7f3612bbbce0 matches expected opId=0x7f3612bbbce0
n232-194-226:234274:234350 [1] NCCL INFO Received and initiated operation=Setup res=0
n232-194-226:234274:234301 [1] NCCL INFO Channel 03/0 : 1[1] -> 0[0] via P2P/IPC
n232-194-226:234274:234350 [1] NCCL INFO New proxy send connection 19 from local rank 1, transport 0
n232-194-226:234274:234350 [1] NCCL INFO proxyProgressAsync opId=0x7f3612bbbce0 op.type=1 op.reqBuff=0x7f3608014ce0 op.respSize=16 done
n232-194-226:234275:234347 [2] NCCL INFO Allocated shareable buffer 0x7f518ba00000 size 2097152 ipcDesc 0x7f51980361b0
n232-194-226:234274:234301 [1] NCCL INFO ncclPollProxyResponse Received new opId=0x7f3612bbbce0
n232-194-226:234275:234347 [2] NCCL INFO proxyProgressAsync opId=0x7f51a2bbbce0 op.type=3 op.reqBuff=0x7f519803f670 op.respSize=80 done
n232-194-226:234274:234350 [1] NCCL INFO Received and initiated operation=Init res=0
n232-194-226:234274:234301 [1] NCCL INFO recvOpId=0x7f3612bbbce0 matches expected opId=0x7f3612bbbce0
n232-194-226:234275:234299 [2] NCCL INFO ncclPollProxyResponse Received new opId=0x7f51a2bbbce0
n232-194-226:234274:234301 [1] NCCL INFO Connection to proxy localRank 1 -> connection 0x7f3608003740
n232-194-226:234275:234299 [2] NCCL INFO recvOpId=0x7f51a2bbbce0 matches expected opId=0x7f51a2bbbce0
n232-194-226:234275:234347 [2] NCCL INFO Received and initiated operation=Setup res=0
n232-194-226:234275:234299 [2] NCCL INFO Channel 06/0 : 2[2] -> 1[1] via P2P/IPC
n232-194-226:234276:234346 [3] NCCL INFO transport/p2p.cc:204 Cuda Alloc Size 2097152 pointer 0x7fac4fa00000
n232-194-226:234275:234347 [2] NCCL INFO New proxy send connection 28 from local rank 2, transport 0
n232-194-226:234275:234347 [2] NCCL INFO proxyProgressAsync opId=0x7f51a2bbbce0 op.type=1 op.reqBuff=0x7f519803f670 op.respSize=16 done
n232-194-226:234275:234299 [2] NCCL INFO ncclPollProxyResponse Received new opId=0x7f51a2bbbce0
n232-194-226:234275:234299 [2] NCCL INFO recvOpId=0x7f51a2bbbce0 matches expected opId=0x7f51a2bbbce0
n232-194-226:234275:234347 [2] NCCL INFO Received and initiated operation=Init res=0
n232-194-226:234275:234299 [2] NCCL INFO Connection to proxy localRank 2 -> connection 0x7f5198003a10
n232-194-226:234276:234346 [3] NCCL INFO Allocated shareable buffer 0x7fac4fa00000 size 2097152 ipcDesc 0x7fac5c0361b0
n232-194-226:234276:234346 [3] NCCL INFO proxyProgressAsync opId=0x7fac66bbbce0 op.type=3 op.reqBuff=0x7fac5c042750 op.respSize=80 done
n232-194-226:234276:234302 [3] NCCL INFO ncclPollProxyResponse Received new opId=0x7fac66bbbce0
n232-194-226:234276:234346 [3] NCCL INFO Received and initiated operation=Setup res=0
n232-194-226:234276:234302 [3] NCCL INFO recvOpId=0x7fac66bbbce0 matches expected opId=0x7fac66bbbce0
n232-194-226:234276:234302 [3] NCCL INFO Channel 10/0 : 3[3] -> 2[2] via P2P/IPC
n232-194-226:234277:234349 [4] NCCL INFO transport/p2p.cc:204 Cuda Alloc Size 2097152 pointer 0x7feaf7c00000
n232-194-226:234276:234346 [3] NCCL INFO New proxy send connection 32 from local rank 3, transport 0
n232-194-226:234277:234349 [4] NCCL INFO Allocated shareable buffer 0x7feaf7c00000 size 2097152 ipcDesc 0x7feb040361b0
n232-194-226:234276:234346 [3] NCCL INFO proxyProgressAsync opId=0x7fac66bbbce0 op.type=1 op.reqBuff=0x7fac5c042750 op.respSize=16 done
n232-194-226:234277:234349 [4] NCCL INFO proxyProgressAsync opId=0x7feb0ebbbce0 op.type=3 op.reqBuff=0x7feb0403f760 op.respSize=80 done
n232-194-226:234276:234302 [3] NCCL INFO ncclPollProxyResponse Received new opId=0x7fac66bbbce0
n232-194-226:234277:234300 [4] NCCL INFO ncclPollProxyResponse Received new opId=0x7feb0ebbbce0
n232-194-226:234276:234346 [3] NCCL INFO Received and initiated operation=Init res=0
n232-194-226:234277:234349 [4] NCCL INFO Received and initiated operation=Setup res=0
n232-194-226:234276:234302 [3] NCCL INFO recvOpId=0x7fac66bbbce0 matches expected opId=0x7fac66bbbce0
n232-194-226:234276:234302 [3] NCCL INFO Connection to proxy localRank 3 -> connection 0x7fac5c003b50
n232-194-226:234277:234300 [4] NCCL INFO recvOpId=0x7feb0ebbbce0 matches expected opId=0x7feb0ebbbce0
n232-194-226:234277:234300 [4] NCCL INFO Channel 10/0 : 4[4] -> 3[3] via P2P/IPC
n232-194-226:234277:234349 [4] NCCL INFO New proxy send connection 29 from local rank 4, transport 0
n232-194-226:234277:234349 [4] NCCL INFO proxyProgressAsync opId=0x7feb0ebbbce0 op.type=1 op.reqBuff=0x7feb0403f760 op.respSize=16 done
n232-194-226:234277:234300 [4] NCCL INFO ncclPollProxyResponse Received new opId=0x7feb0ebbbce0
n232-194-226:234277:234349 [4] NCCL INFO Received and initiated operation=Init res=0
n232-194-226:234277:234300 [4] NCCL INFO recvOpId=0x7feb0ebbbce0 matches expected opId=0x7feb0ebbbce0
n232-194-226:234277:234300 [4] NCCL INFO Connection to proxy localRank 4 -> connection 0x7feb04003a60
n232-194-226:234274:234350 [1] NCCL INFO transport/p2p.cc:204 Cuda Alloc Size 2097152 pointer 0x7f35ffa00000
n232-194-226:234274:234350 [1] NCCL INFO Allocated shareable buffer 0x7f35ffa00000 size 2097152 ipcDesc 0x7f360800c520
n232-194-226:234274:234350 [1] NCCL INFO proxyProgressAsync opId=0x7f3612bbbce0 op.type=3 op.reqBuff=0x7f3608014d20 op.respSize=80 done
n232-194-226:234274:234301 [1] NCCL INFO ncclPollProxyResponse Received new opId=0x7f3612bbbce0
n232-194-226:234274:234301 [1] NCCL INFO recvOpId=0x7f3612bbbce0 matches expected opId=0x7f3612bbbce0
n232-194-226:234274:234350 [1] NCCL INFO Received and initiated operation=Setup res=0
n232-194-226:234274:234301 [1] NCCL INFO Channel 04/0 : 1[1] -> 0[0] via P2P/IPC
n232-194-226:234275:234347 [2] NCCL INFO transport/p2p.cc:204 Cuda Alloc Size 2097152 pointer 0x7f518bc00000
n232-194-226:234274:234350 [1] NCCL INFO New proxy send connection 20 from local rank 1, transport 0
n232-194-226:234274:234350 [1] NCCL INFO proxyProgressAsync opId=0x7f3612bbbce0 op.type=1 op.reqBuff=0x7f3608014d20 op.respSize=16 done
n232-194-226:234274:234301 [1] NCCL INFO ncclPollProxyResponse Received new opId=0x7f3612bbbce0
n232-194-226:234274:234350 [1] NCCL INFO Received and initiated operation=Init res=0
n232-194-226:234274:234301 [1] NCCL INFO recvOpId=0x7f3612bbbce0 matches expected opId=0x7f3612bbbce0
n232-194-226:234274:234301 [1] NCCL INFO Connection to proxy localRank 1 -> connection 0x7f3608003790
n232-194-226:234275:234347 [2] NCCL INFO Allocated shareable buffer 0x7f518bc00000 size 2097152 ipcDesc 0x7f51980361b0
n232-194-226:234275:234347 [2] NCCL INFO proxyProgressAsync opId=0x7f51a2bbbce0 op.type=3 op.reqBuff=0x7f519803f6b0 op.respSize=80 done
n232-194-226:234275:234299 [2] NCCL INFO ncclPollProxyResponse Received new opId=0x7f51a2bbbce0
n232-194-226:234275:234299 [2] NCCL INFO recvOpId=0x7f51a2bbbce0 matches expected opId=0x7f51a2bbbce0
n232-194-226:234275:234347 [2] NCCL INFO Received and initiated operation=Setup res=0
n232-194-226:234275:234299 [2] NCCL INFO Channel 07/0 : 2[2] -> 1[1] via P2P/IPC
n232-194-226:234276:234346 [3] NCCL INFO transport/p2p.cc:204 Cuda Alloc Size 2097152 pointer 0x7fac4fc00000
n232-194-226:234275:234347 [2] NCCL INFO New proxy send connection 29 from local rank 2, transport 0
n232-194-226:234275:234347 [2] NCCL INFO proxyProgressAsync opId=0x7f51a2bbbce0 op.type=1 op.reqBuff=0x7f519803f6b0 op.respSize=16 done
n232-194-226:234275:234299 [2] NCCL INFO ncclPollProxyResponse Received new opId=0x7f51a2bbbce0
n232-194-226:234276:234346 [3] NCCL INFO Allocated shareable buffer 0x7fac4fc00000 size 2097152 ipcDesc 0x7fac5c0361b0
n232-194-226:234275:234347 [2] NCCL INFO Received and initiated operation=Init res=0
n232-194-226:234276:234346 [3] NCCL INFO proxyProgressAsync opId=0x7fac66bbbce0 op.type=3 op.reqBuff=0x7fac5c042790 op.respSize=80 done
