n232-194-226:233893:233931 [1] NCCL INFO Received and initiated operation=Init res=0
n232-194-226:233893:233907 [1] NCCL INFO Connection to proxy localRank 1 -> connection 0x7f30f4004410
n232-194-226:233892:233905 [0] NCCL INFO Imported shareable buffer device 0 size 10485760 ptr 0x7fd398000000
n232-194-226:233894:233930 [2] NCCL INFO transport/p2p.cc:204 Cuda Alloc Size 10485760 pointer 0x7f82dca00000
n232-194-226:233894:233930 [2] NCCL INFO Allocated shareable buffer 0x7f82dca00000 size 10485760 ipcDesc 0x7f830c2aecac
n232-194-226:233894:233930 [2] NCCL INFO Allocated 532484 bytes of shared memory in /dev/shm/nccl-8wiuds
n232-194-226:233893:233931 [1] NCCL INFO transport/net.cc:446 Cuda Alloc Size 16777216 pointer 0x7f30c2000000
n232-194-226:233893:233931 [1] NCCL INFO proxyProgressAsync opId=0x7f30febbbd20 op.type=2 op.reqBuff=0x7f30f4530e60 op.respSize=0 done
n232-194-226:233893:233907 [1] NCCL INFO ncclPollProxyResponse Received new opId=0x7f30febbbd20
n232-194-226:233893:233931 [1] NCCL INFO Received and initiated operation=SharedInit res=0
n232-194-226:233893:233907 [1] NCCL INFO recvOpId=0x7f30febbbd20 matches expected opId=0x7f30febbbd20
n232-194-226:233893:233907 [1] NCCL INFO init.cc:387 Cuda Alloc Size 7728 pointer 0x7f30fa214000
n232-194-226:233894:233930 [2] NCCL INFO proxyProgressAsync opId=0x7fd3cf3da5f8 op.type=4 op.reqBuff=0x7f830c333c20 op.respSize=21040 done
n232-194-226:233892:233905 [0] NCCL INFO ncclPollProxyResponse Received new opId=0x7fd3cf3da5f8
n232-194-226:233892:233905 [0] NCCL INFO recvOpId=0x7fd3cf3da5f8 matches expected opId=0x7fd3cf3da5f8
n232-194-226:233892:233905 [0] NCCL INFO sendConnect ncclPollProxyResponse opId=0x7fd3cf3da5f8
n232-194-226:233892:233905 [0] NCCL INFO Imported shareable buffer device 0 size 10485760 ptr 0x7fd398a00000
n232-194-226:233892:233905 [0] NCCL INFO Connected NVLS tree
n232-194-226:233892:233905 [0] NCCL INFO   Algorithm   |                            Tree                  |                            Ring                  |                   CollNetDirect                  |
n232-194-226:233892:233905 [0] NCCL INFO   Protocol    |             LL |          LL128 |         Simple |             LL |          LL128 |         Simple |             LL |          LL128 |         Simple |
n232-194-226:233892:233905 [0] NCCL INFO  Max NThreads |            512 |            640 |            512 |            512 |            640 |            512 |              0 |              0 |            640 |
n232-194-226:233892:233905 [0] NCCL INFO     Broadcast |     0.0/   0.0 |     0.0/   0.0 |     0.0/   0.0 |    22.8/  24.0 |    38.0/  88.3 |    92.4/  96.0 |     0.0/   0.0 |     0.0/   0.0 |     0.0/   0.0 |
n232-194-226:233892:233905 [0] NCCL INFO        Reduce |     0.0/   0.0 |     0.0/   0.0 |     0.0/   0.0 |    22.8/  24.0 |    38.0/  88.3 |    92.4/  96.0 |     0.0/   0.0 |     0.0/   0.0 |     0.0/   0.0 |
n232-194-226:233892:233905 [0] NCCL INFO     AllGather |     0.0/   0.0 |     0.0/   0.0 |     0.0/   0.0 |    13.3/  28.8 |    25.6/ 106.0 |    36.0/ 115.2 |     0.0/   0.0 |     0.0/   0.0 |     0.0/   0.0 |
n232-194-226:233892:233905 [0] NCCL INFO ReduceScatter |     0.0/   0.0 |     0.0/   0.0 |     0.0/   0.0 |    13.3/  28.8 |    25.6/ 106.0 |    36.0/ 115.2 |     0.0/   0.0 |     0.0/   0.0 |     0.0/   0.0 |
n232-194-226:233892:233905 [0] NCCL INFO     AllReduce |    19.2/  16.5 |    36.0/  58.7 |    44.0/  62.6 |    23.4/  14.4 |    41.4/  53.0 |    84.8/  57.6 |     8.8/   0.0 |    16.0/   0.0 |    28.7/   0.0 |
n232-194-226:233892:233905 [0] NCCL INFO   Algorithm   |                    CollNetChain                  |                            NVLS                  |                        NVLSTree                  |
n232-194-226:233892:233905 [0] NCCL INFO   Protocol    |             LL |          LL128 |         Simple |             LL |          LL128 |         Simple |             LL |          LL128 |         Simple |
n232-194-226:233892:233905 [0] NCCL INFO  Max NThreads |              0 |              0 |            640 |              0 |              0 |            640 |              0 |              0 |            640 |
n232-194-226:233892:233905 [0] NCCL INFO     Broadcast |     0.0/   0.0 |     0.0/   0.0 |     0.0/   0.0 |     0.0/   0.0 |     0.0/   0.0 |     0.0/   0.0 |     0.0/   0.0 |     0.0/   0.0 |     0.0/   0.0 |
n232-194-226:233892:233905 [0] NCCL INFO        Reduce |     0.0/   0.0 |     0.0/   0.0 |     0.0/   0.0 |     0.0/   0.0 |     0.0/   0.0 |     0.0/   0.0 |     0.0/   0.0 |     0.0/   0.0 |     0.0/   0.0 |
n232-194-226:233892:233905 [0] NCCL INFO     AllGather |     0.0/   0.0 |     0.0/   0.0 |     0.0/   0.0 |     0.0/   0.0 |     0.0/   0.0 |     0.0/   0.0 |     0.0/   0.0 |     0.0/   0.0 |     0.0/   0.0 |
n232-194-226:233892:233905 [0] NCCL INFO ReduceScatter |     0.0/   0.0 |     0.0/   0.0 |     0.0/   0.0 |     0.0/   0.0 |     0.0/   0.0 |     0.0/   0.0 |     0.0/   0.0 |     0.0/   0.0 |     0.0/   0.0 |
n232-194-226:233892:233905 [0] NCCL INFO     AllReduce |     6.8/   0.0 |    14.0/   0.0 |    46.0/   0.0 |     0.0/   0.0 |     0.0/   0.0 |    41.0/   0.0 |     0.0/   0.0 |     0.0/   0.0 |    61.0/  56.0 |
n232-194-226:233892:233905 [0] NCCL INFO threadThresholds 8/8/64 | 48/8/64 | 512 | 512
n232-194-226:233892:233905 [0] NCCL INFO 8 coll channels, 16 nvls channels, 8 p2p channels, 2 p2p channels per peer
n232-194-226:233892:233929 [0] NCCL INFO New proxy send connection 46 from local rank 0, transport 2
n232-194-226:233892:233929 [0] NCCL INFO proxyProgressAsync opId=0x7fd3cebbbd40 op.type=1 op.reqBuff=0x7fd3e808d950 op.respSize=16 done
n232-194-226:233892:233905 [0] NCCL INFO ncclPollProxyResponse Received new opId=0x7fd3cebbbd40
n232-194-226:233892:233929 [0] NCCL INFO Received and initiated operation=Init res=0
n232-194-226:233892:233905 [0] NCCL INFO recvOpId=0x7fd3cebbbd40 matches expected opId=0x7fd3cebbbd40
n232-194-226:233892:233905 [0] NCCL INFO Connection to proxy localRank 0 -> connection 0x7fd3e8003fb0
n232-194-226:233892:233929 [0] NCCL INFO transport/net.cc:446 Cuda Alloc Size 16777216 pointer 0x7fd396000000
n232-194-226:233892:233929 [0] NCCL INFO proxyProgressAsync opId=0x7fd3cebbbd40 op.type=2 op.reqBuff=0x7fd3e8089ff0 op.respSize=0 done
n232-194-226:233892:233905 [0] NCCL INFO ncclPollProxyResponse Received new opId=0x7fd3cebbbd40
n232-194-226:233892:233929 [0] NCCL INFO Received and initiated operation=SharedInit res=0
n232-194-226:233892:233905 [0] NCCL INFO recvOpId=0x7fd3cebbbd40 matches expected opId=0x7fd3cebbbd40
n232-194-226:233892:233905 [0] NCCL INFO GPU Direct RDMA Disabled for GPU f000 / HCA 0 (distance 6 > 4)
n232-194-226:233892:233905 [0] NCCL INFO GPU Direct RDMA Disabled for GPU f000 / HCA 0 (distance 6 > 4)
n232-194-226:233892:233905 [0] NCCL INFO init.cc:387 Cuda Alloc Size 7728 pointer 0x7fd3c8214000
n232-194-226:233893:233907 [1] NCCL INFO init.cc:412 Cuda Host Alloc Size 33554432 pointer 0x7f30c0000000
n232-194-226:233893:233907 [1] NCCL INFO init.cc:418 Cuda Host Alloc Size 128 pointer 0x7f3138bae200
n232-194-226:233892:233905 [0] NCCL INFO init.cc:412 Cuda Host Alloc Size 33554432 pointer 0x7fd394000000
n232-194-226:233892:233905 [0] NCCL INFO init.cc:418 Cuda Host Alloc Size 128 pointer 0x7fd40ca20200
n232-194-226:233892:233905 [0] NCCL INFO comm 0x56339db83180 rank 0 nranks 6 cudaDev 0 nvmlDev 0 busId f000 commId 0xe9ee0b5b0eacde8a - Init COMPLETE
n232-194-226:233893:233907 [1] NCCL INFO comm 0x55dd8e0333d0 rank 1 nranks 6 cudaDev 1 nvmlDev 1 busId 34000 commId 0xe9ee0b5b0eacde8a - Init COMPLETE
n232-194-226:233894:233906 [2] NCCL INFO comm 0x5562f77cf3d0 rank 2 nranks 6 cudaDev 2 nvmlDev 2 busId 48000 commId 0xe9ee0b5b0eacde8a - Init COMPLETE
n232-194-226:233892:233892 [0] NCCL INFO AllReduce: opCount 0 sendbuff 0x7fd407e00000 recvbuff 0x7fd407e00000 count 512 datatype 7 op 0 root 0 comm 0x56339db83180 [nranks=6] stream 0x56339db82070
n232-194-226:233894:233894 [2] NCCL INFO AllReduce: opCount 0 sendbuff 0x7f8349e00000 recvbuff 0x7f8349e00000 count 512 datatype 7 op 0 root 0 comm 0x5562f77cf3d0 [nranks=6] stream 0x5562f77ce8b0
n232-194-226:233893:233893 [1] NCCL INFO AllReduce: opCount 0 sendbuff 0x7f3133e00000 recvbuff 0x7f3133e00000 count 512 datatype 7 op 0 root 0 comm 0x55dd8e0333d0 [nranks=6] stream 0x55dd8e0328b0
n232-194-226:233894:233894 [2] NCCL INFO misc/utils.cc:235 memory stack hunk malloc(65536)
n232-194-226:233893:233893 [1] NCCL INFO misc/utils.cc:235 memory stack hunk malloc(65536)
n232-194-226:233892:233892 [0] NCCL INFO misc/utils.cc:235 memory stack hunk malloc(65536)
n232-194-226:233894:233894 [2] NCCL INFO AllReduce: opCount 1 sendbuff 0x7f8349e00000 recvbuff 0x7f8349e00000 count 512 datatype 7 op 0 root 0 comm 0x5562f77cf3d0 [nranks=6] stream 0x5562f77ce8b0
n232-194-226:233893:233893 [1] NCCL INFO AllReduce: opCount 1 sendbuff 0x7f3133e00000 recvbuff 0x7f3133e00000 count 512 datatype 7 op 0 root 0 comm 0x55dd8e0333d0 [nranks=6] stream 0x55dd8e0328b0
n232-194-226:233892:233892 [0] NCCL INFO AllReduce: opCount 1 sendbuff 0x7fd407e00000 recvbuff 0x7fd407e00000 count 512 datatype 7 op 0 root 0 comm 0x56339db83180 [nranks=6] stream 0x56339db82070
n232-194-226:233894:233894 [2] NCCL INFO AllReduce: opCount 2 sendbuff 0x7f8349e00000 recvbuff 0x7f8349e00000 count 512 datatype 7 op 0 root 0 comm 0x5562f77cf3d0 [nranks=6] stream 0x5562f77ce8b0
n232-194-226:233893:233893 [1] NCCL INFO AllReduce: opCount 2 sendbuff 0x7f3133e00000 recvbuff 0x7f3133e00000 count 512 datatype 7 op 0 root 0 comm 0x55dd8e0333d0 [nranks=6] stream 0x55dd8e0328b0
n232-194-226:233892:233892 [0] NCCL INFO AllReduce: opCount 2 sendbuff 0x7fd407e00000 recvbuff 0x7fd407e00000 count 512 datatype 7 op 0 root 0 comm 0x56339db83180 [nranks=6] stream 0x56339db82070
n232-194-226:233893:233893 [1] NCCL INFO AllReduce: opCount 3 sendbuff 0x7f3133e00000 recvbuff 0x7f3133e00000 count 512 datatype 7 op 0 root 0 comm 0x55dd8e0333d0 [nranks=6] stream 0x55dd8e0328b0
n232-194-226:233894:233894 [2] NCCL INFO AllReduce: opCount 3 sendbuff 0x7f8349e00000 recvbuff 0x7f8349e00000 count 512 datatype 7 op 0 root 0 comm 0x5562f77cf3d0 [nranks=6] stream 0x5562f77ce8b0
n232-194-226:233892:233892 [0] NCCL INFO AllReduce: opCount 3 sendbuff 0x7fd407e00000 recvbuff 0x7fd407e00000 count 512 datatype 7 op 0 root 0 comm 0x56339db83180 [nranks=6] stream 0x56339db82070
n232-194-226:233893:233893 [1] NCCL INFO AllReduce: opCount 4 sendbuff 0x7f3133e00000 recvbuff 0x7f3133e00000 count 512 datatype 7 op 0 root 0 comm 0x55dd8e0333d0 [nranks=6] stream 0x55dd8e0328b0
n232-194-226:233894:233894 [2] NCCL INFO AllReduce: opCount 4 sendbuff 0x7f8349e00000 recvbuff 0x7f8349e00000 count 512 datatype 7 op 0 root 0 comm 0x5562f77cf3d0 [nranks=6] stream 0x5562f77ce8b0
n232-194-226:233892:233892 [0] NCCL INFO AllReduce: opCount 4 sendbuff 0x7fd407e00000 recvbuff 0x7fd407e00000 count 512 datatype 7 op 0 root 0 comm 0x56339db83180 [nranks=6] stream 0x56339db82070
n232-194-226:233894:233894 [2] NCCL INFO AllReduce: opCount 5 sendbuff 0x7f8349e00a00 recvbuff 0x7f8349e00a00 count 1 datatype 1 op 0 root 0 comm 0x5562f77cf3d0 [nranks=6] stream 0x5562f77ce8b0
n232-194-226:233892:233892 [0] NCCL INFO AllReduce: opCount 5 sendbuff 0x7fd407e00a00 recvbuff 0x7fd407e00a00 count 1 datatype 1 op 0 root 0 comm 0x56339db83180 [nranks=6] stream 0x56339db82070
n232-194-226:233893:233893 [1] NCCL INFO AllReduce: opCount 5 sendbuff 0x7f3133e00a00 recvbuff 0x7f3133e00a00 count 1 datatype 1 op 0 root 0 comm 0x55dd8e0333d0 [nranks=6] stream 0x55dd8e0328b0
n232-194-226:233894:233894 [2] NCCL INFO AllReduce: opCount 6 sendbuff 0x7f8349e00000 recvbuff 0x7f8349e00000 count 512 datatype 7 op 0 root 0 comm 0x5562f77cf3d0 [nranks=6] stream 0x5562f77ce8b0
n232-194-226:233893:233893 [1] NCCL INFO AllReduce: opCount 6 sendbuff 0x7f3133e00000 recvbuff 0x7f3133e00000 count 512 datatype 7 op 0 root 0 comm 0x55dd8e0333d0 [nranks=6] stream 0x55dd8e0328b0
n232-194-226:233892:233892 [0] NCCL INFO AllReduce: opCount 6 sendbuff 0x7fd407e00000 recvbuff 0x7fd407e00000 count 512 datatype 7 op 0 root 0 comm 0x56339db83180 [nranks=6] stream 0x56339db82070
n232-194-226:233894:233894 [2] NCCL INFO AllReduce: opCount 7 sendbuff 0x7f8349e00800 recvbuff 0x7f8349e00800 count 1 datatype 1 op 0 root 0 comm 0x5562f77cf3d0 [nranks=6] stream 0x5562f77ce8b0
n232-194-226:233893:233893 [1] NCCL INFO AllReduce: opCount 7 sendbuff 0x7f3133e00800 recvbuff 0x7f3133e00800 count 1 datatype 1 op 0 root 0 comm 0x55dd8e0333d0 [nranks=6] stream 0x55dd8e0328b0
n232-194-226:233892:233892 [0] NCCL INFO AllReduce: opCount 7 sendbuff 0x7fd407e00800 recvbuff 0x7fd407e00800 count 1 datatype 1 op 0 root 0 comm 0x56339db83180 [nranks=6] stream 0x56339db82070
n232-194-226:233893:233893 [1] NCCL INFO AllReduce: opCount 8 sendbuff 0x7f3133e00000 recvbuff 0x7f3133e00000 count 512 datatype 7 op 0 root 0 comm 0x55dd8e0333d0 [nranks=6] stream 0x55dd8e0328b0
n232-194-226:233894:233894 [2] NCCL INFO AllReduce: opCount 8 sendbuff 0x7f8349e00000 recvbuff 0x7f8349e00000 count 512 datatype 7 op 0 root 0 comm 0x5562f77cf3d0 [nranks=6] stream 0x5562f77ce8b0
n232-194-226:233892:233892 [0] NCCL INFO AllReduce: opCount 8 sendbuff 0x7fd407e00000 recvbuff 0x7fd407e00000 count 512 datatype 7 op 0 root 0 comm 0x56339db83180 [nranks=6] stream 0x56339db82070
n232-194-226:233893:233893 [1] NCCL INFO AllReduce: opCount 9 sendbuff 0x7f3133e00a00 recvbuff 0x7f3133e00a00 count 1 datatype 1 op 0 root 0 comm 0x55dd8e0333d0 [nranks=6] stream 0x55dd8e0328b0
n232-194-226:233894:233894 [2] NCCL INFO AllReduce: opCount 9 sendbuff 0x7f8349e00a00 recvbuff 0x7f8349e00a00 count 1 datatype 1 op 0 root 0 comm 0x5562f77cf3d0 [nranks=6] stream 0x5562f77ce8b0
n232-194-226:233892:233892 [0] NCCL INFO AllReduce: opCount 9 sendbuff 0x7fd407e00a00 recvbuff 0x7fd407e00a00 count 1 datatype 1 op 0 root 0 comm 0x56339db83180 [nranks=6] stream 0x56339db82070
n232-194-226:233894:233894 [2] NCCL INFO AllReduce: opCount a sendbuff 0x7f8349e00000 recvbuff 0x7f8349e00000 count 512 datatype 7 op 0 root 0 comm 0x5562f77cf3d0 [nranks=6] stream 0x5562f77ce8b0
n232-194-226:233893:233893 [1] NCCL INFO AllReduce: opCount a sendbuff 0x7f3133e00000 recvbuff 0x7f3133e00000 count 512 datatype 7 op 0 root 0 comm 0x55dd8e0333d0 [nranks=6] stream 0x55dd8e0328b0
n232-194-226:233892:233892 [0] NCCL INFO AllReduce: opCount a sendbuff 0x7fd407e00000 recvbuff 0x7fd407e00000 count 512 datatype 7 op 0 root 0 comm 0x56339db83180 [nranks=6] stream 0x56339db82070
n232-194-226:233894:233894 [2] NCCL INFO AllReduce: opCount b sendbuff 0x7f8349e00800 recvbuff 0x7f8349e00800 count 1 datatype 1 op 0 root 0 comm 0x5562f77cf3d0 [nranks=6] stream 0x5562f77ce8b0
n232-194-226:233892:233892 [0] NCCL INFO AllReduce: opCount b sendbuff 0x7fd407e00800 recvbuff 0x7fd407e00800 count 1 datatype 1 op 0 root 0 comm 0x56339db83180 [nranks=6] stream 0x56339db82070
n232-194-226:233893:233893 [1] NCCL INFO AllReduce: opCount b sendbuff 0x7f3133e00800 recvbuff 0x7f3133e00800 count 1 datatype 1 op 0 root 0 comm 0x55dd8e0333d0 [nranks=6] stream 0x55dd8e0328b0
n232-194-226:233894:233894 [2] NCCL INFO AllReduce: opCount c sendbuff 0x7f8349e00000 recvbuff 0x7f8349e00000 count 512 datatype 7 op 0 root 0 comm 0x5562f77cf3d0 [nranks=6] stream 0x5562f77ce8b0
n232-194-226:233892:233892 [0] NCCL INFO AllReduce: opCount c sendbuff 0x7fd407e00000 recvbuff 0x7fd407e00000 count 512 datatype 7 op 0 root 0 comm 0x56339db83180 [nranks=6] stream 0x56339db82070
n232-194-226:233893:233893 [1] NCCL INFO AllReduce: opCount c sendbuff 0x7f3133e00000 recvbuff 0x7f3133e00000 count 512 datatype 7 op 0 root 0 comm 0x55dd8e0333d0 [nranks=6] stream 0x55dd8e0328b0
n232-194-226:233892:233892 [0] NCCL INFO AllReduce: opCount d sendbuff 0x7fd407e00a00 recvbuff 0x7fd407e00a00 count 1 datatype 1 op 0 root 0 comm 0x56339db83180 [nranks=6] stream 0x56339db82070
n232-194-226:233893:233893 [1] NCCL INFO AllReduce: opCount d sendbuff 0x7f3133e00a00 recvbuff 0x7f3133e00a00 count 1 datatype 1 op 0 root 0 comm 0x55dd8e0333d0 [nranks=6] stream 0x55dd8e0328b0
n232-194-226:233894:233894 [2] NCCL INFO AllReduce: opCount d sendbuff 0x7f8349e00a00 recvbuff 0x7f8349e00a00 count 1 datatype 1 op 0 root 0 comm 0x5562f77cf3d0 [nranks=6] stream 0x5562f77ce8b0
n232-194-226:233894:233894 [2] NCCL INFO AllReduce: opCount e sendbuff 0x7f8349e00000 recvbuff 0x7f8349e00000 count 512 datatype 7 op 0 root 0 comm 0x5562f77cf3d0 [nranks=6] stream 0x5562f77ce8b0
n232-194-226:233893:233893 [1] NCCL INFO AllReduce: opCount e sendbuff 0x7f3133e00000 recvbuff 0x7f3133e00000 count 512 datatype 7 op 0 root 0 comm 0x55dd8e0333d0 [nranks=6] stream 0x55dd8e0328b0
n232-194-226:233892:233892 [0] NCCL INFO AllReduce: opCount e sendbuff 0x7fd407e00000 recvbuff 0x7fd407e00000 count 512 datatype 7 op 0 root 0 comm 0x56339db83180 [nranks=6] stream 0x56339db82070
n232-194-226:233892:233892 [0] NCCL INFO AllReduce: opCount f sendbuff 0x7fd407e00800 recvbuff 0x7fd407e00800 count 1 datatype 1 op 0 root 0 comm 0x56339db83180 [nranks=6] stream 0x56339db82070
n232-194-226:233894:233894 [2] NCCL INFO AllReduce: opCount f sendbuff 0x7f8349e00800 recvbuff 0x7f8349e00800 count 1 datatype 1 op 0 root 0 comm 0x5562f77cf3d0 [nranks=6] stream 0x5562f77ce8b0
n232-194-226:233893:233893 [1] NCCL INFO AllReduce: opCount f sendbuff 0x7f3133e00800 recvbuff 0x7f3133e00800 count 1 datatype 1 op 0 root 0 comm 0x55dd8e0333d0 [nranks=6] stream 0x55dd8e0328b0
n232-194-226:233892:233892 [0] NCCL INFO AllReduce: opCount 10 sendbuff 0x7fd407e00000 recvbuff 0x7fd407e00000 count 512 datatype 7 op 0 root 0 comm 0x56339db83180 [nranks=6] stream 0x56339db82070
n232-194-226:233894:233894 [2] NCCL INFO AllReduce: opCount 10 sendbuff 0x7f8349e00000 recvbuff 0x7f8349e00000 count 512 datatype 7 op 0 root 0 comm 0x5562f77cf3d0 [nranks=6] stream 0x5562f77ce8b0
n232-194-226:233893:233893 [1] NCCL INFO AllReduce: opCount 10 sendbuff 0x7f3133e00000 recvbuff 0x7f3133e00000 count 512 datatype 7 op 0 root 0 comm 0x55dd8e0333d0 [nranks=6] stream 0x55dd8e0328b0
n232-194-226:233894:233894 [2] NCCL INFO AllReduce: opCount 11 sendbuff 0x7f8349e00a00 recvbuff 0x7f8349e00a00 count 1 datatype 1 op 0 root 0 comm 0x5562f77cf3d0 [nranks=6] stream 0x5562f77ce8b0
n232-194-226:233892:233892 [0] NCCL INFO AllReduce: opCount 11 sendbuff 0x7fd407e00a00 recvbuff 0x7fd407e00a00 count 1 datatype 1 op 0 root 0 comm 0x56339db83180 [nranks=6] stream 0x56339db82070
n232-194-226:233893:233893 [1] NCCL INFO AllReduce: opCount 11 sendbuff 0x7f3133e00a00 recvbuff 0x7f3133e00a00 count 1 datatype 1 op 0 root 0 comm 0x55dd8e0333d0 [nranks=6] stream 0x55dd8e0328b0
n232-194-226:233894:233894 [2] NCCL INFO AllReduce: opCount 12 sendbuff 0x7f8349e00000 recvbuff 0x7f8349e00000 count 512 datatype 7 op 0 root 0 comm 0x5562f77cf3d0 [nranks=6] stream 0x5562f77ce8b0
n232-194-226:233892:233892 [0] NCCL INFO AllReduce: opCount 12 sendbuff 0x7fd407e00000 recvbuff 0x7fd407e00000 count 512 datatype 7 op 0 root 0 comm 0x56339db83180 [nranks=6] stream 0x56339db82070
n232-194-226:233893:233893 [1] NCCL INFO AllReduce: opCount 12 sendbuff 0x7f3133e00000 recvbuff 0x7f3133e00000 count 512 datatype 7 op 0 root 0 comm 0x55dd8e0333d0 [nranks=6] stream 0x55dd8e0328b0
n232-194-226:233892:233892 [0] NCCL INFO AllReduce: opCount 13 sendbuff 0x7fd407e00800 recvbuff 0x7fd407e00800 count 1 datatype 1 op 0 root 0 comm 0x56339db83180 [nranks=6] stream 0x56339db82070
n232-194-226:233894:233894 [2] NCCL INFO AllReduce: opCount 13 sendbuff 0x7f8349e00800 recvbuff 0x7f8349e00800 count 1 datatype 1 op 0 root 0 comm 0x5562f77cf3d0 [nranks=6] stream 0x5562f77ce8b0
n232-194-226:233893:233893 [1] NCCL INFO AllReduce: opCount 13 sendbuff 0x7f3133e00800 recvbuff 0x7f3133e00800 count 1 datatype 1 op 0 root 0 comm 0x55dd8e0333d0 [nranks=6] stream 0x55dd8e0328b0
n232-194-226:233894:233894 [2] NCCL INFO AllReduce: opCount 14 sendbuff 0x7f8349e00000 recvbuff 0x7f8349e00000 count 512 datatype 7 op 0 root 0 comm 0x5562f77cf3d0 [nranks=6] stream 0x5562f77ce8b0
n232-194-226:233892:233892 [0] NCCL INFO AllReduce: opCount 14 sendbuff 0x7fd407e00000 recvbuff 0x7fd407e00000 count 512 datatype 7 op 0 root 0 comm 0x56339db83180 [nranks=6] stream 0x56339db82070
n232-194-226:233893:233893 [1] NCCL INFO AllReduce: opCount 14 sendbuff 0x7f3133e00000 recvbuff 0x7f3133e00000 count 512 datatype 7 op 0 root 0 comm 0x55dd8e0333d0 [nranks=6] stream 0x55dd8e0328b0
n232-194-226:233894:233894 [2] NCCL INFO AllReduce: opCount 15 sendbuff 0x7f8349e00a00 recvbuff 0x7f8349e00a00 count 1 datatype 1 op 0 root 0 comm 0x5562f77cf3d0 [nranks=6] stream 0x5562f77ce8b0
n232-194-226:233893:233893 [1] NCCL INFO AllReduce: opCount 15 sendbuff 0x7f3133e00a00 recvbuff 0x7f3133e00a00 count 1 datatype 1 op 0 root 0 comm 0x55dd8e0333d0 [nranks=6] stream 0x55dd8e0328b0
n232-194-226:233892:233892 [0] NCCL INFO AllReduce: opCount 15 sendbuff 0x7fd407e00a00 recvbuff 0x7fd407e00a00 count 1 datatype 1 op 0 root 0 comm 0x56339db83180 [nranks=6] stream 0x56339db82070
n232-194-226:233894:233894 [2] NCCL INFO AllReduce: opCount 16 sendbuff 0x7f8349e00000 recvbuff 0x7f8349e00000 count 512 datatype 7 op 0 root 0 comm 0x5562f77cf3d0 [nranks=6] stream 0x5562f77ce8b0
n232-194-226:233893:233893 [1] NCCL INFO AllReduce: opCount 16 sendbuff 0x7f3133e00000 recvbuff 0x7f3133e00000 count 512 datatype 7 op 0 root 0 comm 0x55dd8e0333d0 [nranks=6] stream 0x55dd8e0328b0
n232-194-226:233892:233892 [0] NCCL INFO AllReduce: opCount 16 sendbuff 0x7fd407e00000 recvbuff 0x7fd407e00000 count 512 datatype 7 op 0 root 0 comm 0x56339db83180 [nranks=6] stream 0x56339db82070
n232-194-226:233894:233894 [2] NCCL INFO AllReduce: opCount 17 sendbuff 0x7f8349e00800 recvbuff 0x7f8349e00800 count 1 datatype 1 op 0 root 0 comm 0x5562f77cf3d0 [nranks=6] stream 0x5562f77ce8b0
n232-194-226:233893:233893 [1] NCCL INFO AllReduce: opCount 17 sendbuff 0x7f3133e00800 recvbuff 0x7f3133e00800 count 1 datatype 1 op 0 root 0 comm 0x55dd8e0333d0 [nranks=6] stream 0x55dd8e0328b0
n232-194-226:233892:233892 [0] NCCL INFO AllReduce: opCount 17 sendbuff 0x7fd407e00800 recvbuff 0x7fd407e00800 count 1 datatype 1 op 0 root 0 comm 0x56339db83180 [nranks=6] stream 0x56339db82070
n232-194-226:233894:233894 [2] NCCL INFO AllReduce: opCount 18 sendbuff 0x7f8349e00000 recvbuff 0x7f8349e00000 count 512 datatype 7 op 0 root 0 comm 0x5562f77cf3d0 [nranks=6] stream 0x5562f77ce8b0
n232-194-226:233892:233892 [0] NCCL INFO AllReduce: opCount 18 sendbuff 0x7fd407e00000 recvbuff 0x7fd407e00000 count 512 datatype 7 op 0 root 0 comm 0x56339db83180 [nranks=6] stream 0x56339db82070
n232-194-226:233893:233893 [1] NCCL INFO AllReduce: opCount 18 sendbuff 0x7f3133e00000 recvbuff 0x7f3133e00000 count 512 datatype 7 op 0 root 0 comm 0x55dd8e0333d0 [nranks=6] stream 0x55dd8e0328b0
n232-194-226:233894:233894 [2] NCCL INFO AllReduce: opCount 19 sendbuff 0x7f8349e00a00 recvbuff 0x7f8349e00a00 count 1 datatype 1 op 0 root 0 comm 0x5562f77cf3d0 [nranks=6] stream 0x5562f77ce8b0
n232-194-226:233892:233892 [0] NCCL INFO AllReduce: opCount 19 sendbuff 0x7fd407e00a00 recvbuff 0x7fd407e00a00 count 1 datatype 1 op 0 root 0 comm 0x56339db83180 [nranks=6] stream 0x56339db82070
n232-194-226:233893:233893 [1] NCCL INFO AllReduce: opCount 19 sendbuff 0x7f3133e00a00 recvbuff 0x7f3133e00a00 count 1 datatype 1 op 0 root 0 comm 0x55dd8e0333d0 [nranks=6] stream 0x55dd8e0328b0
n232-194-226:233894:233894 [2] NCCL INFO AllReduce: opCount 1a sendbuff 0x7f8349e00000 recvbuff 0x7f8349e00000 count 512 datatype 7 op 0 root 0 comm 0x5562f77cf3d0 [nranks=6] stream 0x5562f77ce8b0
n232-194-226:233892:233892 [0] NCCL INFO AllReduce: opCount 1a sendbuff 0x7fd407e00000 recvbuff 0x7fd407e00000 count 512 datatype 7 op 0 root 0 comm 0x56339db83180 [nranks=6] stream 0x56339db82070
n232-194-226:233893:233893 [1] NCCL INFO AllReduce: opCount 1a sendbuff 0x7f3133e00000 recvbuff 0x7f3133e00000 count 512 datatype 7 op 0 root 0 comm 0x55dd8e0333d0 [nranks=6] stream 0x55dd8e0328b0
n232-194-226:233894:233894 [2] NCCL INFO AllReduce: opCount 1b sendbuff 0x7f8349e00800 recvbuff 0x7f8349e00800 count 1 datatype 1 op 0 root 0 comm 0x5562f77cf3d0 [nranks=6] stream 0x5562f77ce8b0
n232-194-226:233892:233892 [0] NCCL INFO AllReduce: opCount 1b sendbuff 0x7fd407e00800 recvbuff 0x7fd407e00800 count 1 datatype 1 op 0 root 0 comm 0x56339db83180 [nranks=6] stream 0x56339db82070
n232-194-226:233893:233893 [1] NCCL INFO AllReduce: opCount 1b sendbuff 0x7f3133e00800 recvbuff 0x7f3133e00800 count 1 datatype 1 op 0 root 0 comm 0x55dd8e0333d0 [nranks=6] stream 0x55dd8e0328b0
n232-194-226:233894:233894 [2] NCCL INFO AllReduce: opCount 1c sendbuff 0x7f8349e00000 recvbuff 0x7f8349e00000 count 512 datatype 7 op 0 root 0 comm 0x5562f77cf3d0 [nranks=6] stream 0x5562f77ce8b0
n232-194-226:233892:233892 [0] NCCL INFO AllReduce: opCount 1c sendbuff 0x7fd407e00000 recvbuff 0x7fd407e00000 count 512 datatype 7 op 0 root 0 comm 0x56339db83180 [nranks=6] stream 0x56339db82070
n232-194-226:233893:233893 [1] NCCL INFO AllReduce: opCount 1c sendbuff 0x7f3133e00000 recvbuff 0x7f3133e00000 count 512 datatype 7 op 0 root 0 comm 0x55dd8e0333d0 [nranks=6] stream 0x55dd8e0328b0
n232-194-226:233893:233893 [1] NCCL INFO AllReduce: opCount 1d sendbuff 0x7f3133e00a00 recvbuff 0x7f3133e00a00 count 1 datatype 1 op 0 root 0 comm 0x55dd8e0333d0 [nranks=6] stream 0x55dd8e0328b0
n232-194-226:233894:233894 [2] NCCL INFO AllReduce: opCount 1d sendbuff 0x7f8349e00a00 recvbuff 0x7f8349e00a00 count 1 datatype 1 op 0 root 0 comm 0x5562f77cf3d0 [nranks=6] stream 0x5562f77ce8b0
n232-194-226:233892:233892 [0] NCCL INFO AllReduce: opCount 1d sendbuff 0x7fd407e00a00 recvbuff 0x7fd407e00a00 count 1 datatype 1 op 0 root 0 comm 0x56339db83180 [nranks=6] stream 0x56339db82070
n232-194-226:233894:233894 [2] NCCL INFO AllReduce: opCount 1e sendbuff 0x7f8349e00000 recvbuff 0x7f8349e00000 count 512 datatype 7 op 0 root 0 comm 0x5562f77cf3d0 [nranks=6] stream 0x5562f77ce8b0
n232-194-226:233893:233893 [1] NCCL INFO AllReduce: opCount 1e sendbuff 0x7f3133e00000 recvbuff 0x7f3133e00000 count 512 datatype 7 op 0 root 0 comm 0x55dd8e0333d0 [nranks=6] stream 0x55dd8e0328b0
n232-194-226:233892:233892 [0] NCCL INFO AllReduce: opCount 1e sendbuff 0x7fd407e00000 recvbuff 0x7fd407e00000 count 512 datatype 7 op 0 root 0 comm 0x56339db83180 [nranks=6] stream 0x56339db82070
n232-194-226:233894:233894 [2] NCCL INFO AllReduce: opCount 1f sendbuff 0x7f8349e00800 recvbuff 0x7f8349e00800 count 1 datatype 1 op 0 root 0 comm 0x5562f77cf3d0 [nranks=6] stream 0x5562f77ce8b0
n232-194-226:233893:233893 [1] NCCL INFO AllReduce: opCount 1f sendbuff 0x7f3133e00800 recvbuff 0x7f3133e00800 count 1 datatype 1 op 0 root 0 comm 0x55dd8e0333d0 [nranks=6] stream 0x55dd8e0328b0
n232-194-226:233892:233892 [0] NCCL INFO AllReduce: opCount 1f sendbuff 0x7fd407e00800 recvbuff 0x7fd407e00800 count 1 datatype 1 op 0 root 0 comm 0x56339db83180 [nranks=6] stream 0x56339db82070
n232-194-226:233894:233894 [2] NCCL INFO AllReduce: opCount 20 sendbuff 0x7f8349e00000 recvbuff 0x7f8349e00000 count 512 datatype 7 op 0 root 0 comm 0x5562f77cf3d0 [nranks=6] stream 0x5562f77ce8b0
n232-194-226:233893:233893 [1] NCCL INFO AllReduce: opCount 20 sendbuff 0x7f3133e00000 recvbuff 0x7f3133e00000 count 512 datatype 7 op 0 root 0 comm 0x55dd8e0333d0 [nranks=6] stream 0x55dd8e0328b0
n232-194-226:233892:233892 [0] NCCL INFO AllReduce: opCount 20 sendbuff 0x7fd407e00000 recvbuff 0x7fd407e00000 count 512 datatype 7 op 0 root 0 comm 0x56339db83180 [nranks=6] stream 0x56339db82070
n232-194-226:233894:233894 [2] NCCL INFO AllReduce: opCount 21 sendbuff 0x7f8349e00a00 recvbuff 0x7f8349e00a00 count 1 datatype 1 op 0 root 0 comm 0x5562f77cf3d0 [nranks=6] stream 0x5562f77ce8b0
n232-194-226:233893:233893 [1] NCCL INFO AllReduce: opCount 21 sendbuff 0x7f3133e00a00 recvbuff 0x7f3133e00a00 count 1 datatype 1 op 0 root 0 comm 0x55dd8e0333d0 [nranks=6] stream 0x55dd8e0328b0
n232-194-226:233892:233892 [0] NCCL INFO AllReduce: opCount 21 sendbuff 0x7fd407e00a00 recvbuff 0x7fd407e00a00 count 1 datatype 1 op 0 root 0 comm 0x56339db83180 [nranks=6] stream 0x56339db82070
n232-194-226:233894:233894 [2] NCCL INFO AllReduce: opCount 22 sendbuff 0x7f8349e00000 recvbuff 0x7f8349e00000 count 512 datatype 7 op 0 root 0 comm 0x5562f77cf3d0 [nranks=6] stream 0x5562f77ce8b0
n232-194-226:233893:233893 [1] NCCL INFO AllReduce: opCount 22 sendbuff 0x7f3133e00000 recvbuff 0x7f3133e00000 count 512 datatype 7 op 0 root 0 comm 0x55dd8e0333d0 [nranks=6] stream 0x55dd8e0328b0
n232-194-226:233892:233892 [0] NCCL INFO AllReduce: opCount 22 sendbuff 0x7fd407e00000 recvbuff 0x7fd407e00000 count 512 datatype 7 op 0 root 0 comm 0x56339db83180 [nranks=6] stream 0x56339db82070
n232-194-226:233894:233894 [2] NCCL INFO AllReduce: opCount 23 sendbuff 0x7f8349e00800 recvbuff 0x7f8349e00800 count 1 datatype 1 op 0 root 0 comm 0x5562f77cf3d0 [nranks=6] stream 0x5562f77ce8b0
n232-194-226:233893:233893 [1] NCCL INFO AllReduce: opCount 23 sendbuff 0x7f3133e00800 recvbuff 0x7f3133e00800 count 1 datatype 1 op 0 root 0 comm 0x55dd8e0333d0 [nranks=6] stream 0x55dd8e0328b0
n232-194-226:233892:233892 [0] NCCL INFO AllReduce: opCount 23 sendbuff 0x7fd407e00800 recvbuff 0x7fd407e00800 count 1 datatype 1 op 0 root 0 comm 0x56339db83180 [nranks=6] stream 0x56339db82070
n232-194-226:233894:233894 [2] NCCL INFO AllReduce: opCount 24 sendbuff 0x7f8349e00000 recvbuff 0x7f8349e00000 count 512 datatype 7 op 0 root 0 comm 0x5562f77cf3d0 [nranks=6] stream 0x5562f77ce8b0
n232-194-226:233893:233893 [1] NCCL INFO AllReduce: opCount 24 sendbuff 0x7f3133e00000 recvbuff 0x7f3133e00000 count 512 datatype 7 op 0 root 0 comm 0x55dd8e0333d0 [nranks=6] stream 0x55dd8e0328b0
n232-194-226:233892:233892 [0] NCCL INFO AllReduce: opCount 24 sendbuff 0x7fd407e00000 recvbuff 0x7fd407e00000 count 512 datatype 7 op 0 root 0 comm 0x56339db83180 [nranks=6] stream 0x56339db82070
n232-194-226:233894:233894 [2] NCCL INFO AllReduce: opCount 25 sendbuff 0x7f8349e00a00 recvbuff 0x7f8349e00a00 count 1 datatype 1 op 0 root 0 comm 0x5562f77cf3d0 [nranks=6] stream 0x5562f77ce8b0
n232-194-226:233893:233893 [1] NCCL INFO AllReduce: opCount 25 sendbuff 0x7f3133e00a00 recvbuff 0x7f3133e00a00 count 1 datatype 1 op 0 root 0 comm 0x55dd8e0333d0 [nranks=6] stream 0x55dd8e0328b0
n232-194-226:233892:233892 [0] NCCL INFO AllReduce: opCount 25 sendbuff 0x7fd407e00a00 recvbuff 0x7fd407e00a00 count 1 datatype 1 op 0 root 0 comm 0x56339db83180 [nranks=6] stream 0x56339db82070
n232-194-226:233894:233894 [2] NCCL INFO AllReduce: opCount 26 sendbuff 0x7f8349e00000 recvbuff 0x7f8349e00000 count 512 datatype 7 op 0 root 0 comm 0x5562f77cf3d0 [nranks=6] stream 0x5562f77ce8b0
n232-194-226:233893:233893 [1] NCCL INFO AllReduce: opCount 26 sendbuff 0x7f3133e00000 recvbuff 0x7f3133e00000 count 512 datatype 7 op 0 root 0 comm 0x55dd8e0333d0 [nranks=6] stream 0x55dd8e0328b0
n232-194-226:233892:233892 [0] NCCL INFO AllReduce: opCount 26 sendbuff 0x7fd407e00000 recvbuff 0x7fd407e00000 count 512 datatype 7 op 0 root 0 comm 0x56339db83180 [nranks=6] stream 0x56339db82070
n232-194-226:233894:233894 [2] NCCL INFO AllReduce: opCount 27 sendbuff 0x7f8349e00800 recvbuff 0x7f8349e00800 count 1 datatype 1 op 0 root 0 comm 0x5562f77cf3d0 [nranks=6] stream 0x5562f77ce8b0
n232-194-226:233893:233893 [1] NCCL INFO AllReduce: opCount 27 sendbuff 0x7f3133e00800 recvbuff 0x7f3133e00800 count 1 datatype 1 op 0 root 0 comm 0x55dd8e0333d0 [nranks=6] stream 0x55dd8e0328b0
n232-194-226:233892:233892 [0] NCCL INFO AllReduce: opCount 27 sendbuff 0x7fd407e00800 recvbuff 0x7fd407e00800 count 1 datatype 1 op 0 root 0 comm 0x56339db83180 [nranks=6] stream 0x56339db82070
n232-194-226:233894:233894 [2] NCCL INFO AllReduce: opCount 28 sendbuff 0x7f8349e00000 recvbuff 0x7f8349e00000 count 512 datatype 7 op 0 root 0 comm 0x5562f77cf3d0 [nranks=6] stream 0x5562f77ce8b0
n232-194-226:233893:233893 [1] NCCL INFO AllReduce: opCount 28 sendbuff 0x7f3133e00000 recvbuff 0x7f3133e00000 count 512 datatype 7 op 0 root 0 comm 0x55dd8e0333d0 [nranks=6] stream 0x55dd8e0328b0
n232-194-226:233892:233892 [0] NCCL INFO AllReduce: opCount 28 sendbuff 0x7fd407e00000 recvbuff 0x7fd407e00000 count 512 datatype 7 op 0 root 0 comm 0x56339db83180 [nranks=6] stream 0x56339db82070
n232-194-226:233893:233893 [1] NCCL INFO AllReduce: opCount 29 sendbuff 0x7f3133e00a00 recvbuff 0x7f3133e00a00 count 1 datatype 1 op 0 root 0 comm 0x55dd8e0333d0 [nranks=6] stream 0x55dd8e0328b0
n232-194-226:233894:233894 [2] NCCL INFO AllReduce: opCount 29 sendbuff 0x7f8349e00a00 recvbuff 0x7f8349e00a00 count 1 datatype 1 op 0 root 0 comm 0x5562f77cf3d0 [nranks=6] stream 0x5562f77ce8b0
n232-194-226:233892:233892 [0] NCCL INFO AllReduce: opCount 29 sendbuff 0x7fd407e00a00 recvbuff 0x7fd407e00a00 count 1 datatype 1 op 0 root 0 comm 0x56339db83180 [nranks=6] stream 0x56339db82070
n232-194-226:233894:233894 [2] NCCL INFO AllReduce: opCount 2a sendbuff 0x7f8349e00000 recvbuff 0x7f8349e00000 count 512 datatype 7 op 0 root 0 comm 0x5562f77cf3d0 [nranks=6] stream 0x5562f77ce8b0
n232-194-226:233893:233893 [1] NCCL INFO AllReduce: opCount 2a sendbuff 0x7f3133e00000 recvbuff 0x7f3133e00000 count 512 datatype 7 op 0 root 0 comm 0x55dd8e0333d0 [nranks=6] stream 0x55dd8e0328b0
n232-194-226:233892:233892 [0] NCCL INFO AllReduce: opCount 2a sendbuff 0x7fd407e00000 recvbuff 0x7fd407e00000 count 512 datatype 7 op 0 root 0 comm 0x56339db83180 [nranks=6] stream 0x56339db82070
n232-194-226:233893:233893 [1] NCCL INFO AllReduce: opCount 2b sendbuff 0x7f3133e00800 recvbuff 0x7f3133e00800 count 1 datatype 1 op 0 root 0 comm 0x55dd8e0333d0 [nranks=6] stream 0x55dd8e0328b0
n232-194-226:233894:233894 [2] NCCL INFO AllReduce: opCount 2b sendbuff 0x7f8349e00800 recvbuff 0x7f8349e00800 count 1 datatype 1 op 0 root 0 comm 0x5562f77cf3d0 [nranks=6] stream 0x5562f77ce8b0
n232-194-226:233892:233892 [0] NCCL INFO AllReduce: opCount 2b sendbuff 0x7fd407e00800 recvbuff 0x7fd407e00800 count 1 datatype 1 op 0 root 0 comm 0x56339db83180 [nranks=6] stream 0x56339db82070
n232-194-226:233894:233894 [2] NCCL INFO AllReduce: opCount 2c sendbuff 0x7f8349e00000 recvbuff 0x7f8349e00000 count 512 datatype 7 op 0 root 0 comm 0x5562f77cf3d0 [nranks=6] stream 0x5562f77ce8b0
n232-194-226:233893:233893 [1] NCCL INFO AllReduce: opCount 2c sendbuff 0x7f3133e00000 recvbuff 0x7f3133e00000 count 512 datatype 7 op 0 root 0 comm 0x55dd8e0333d0 [nranks=6] stream 0x55dd8e0328b0
n232-194-226:233892:233892 [0] NCCL INFO AllReduce: opCount 2c sendbuff 0x7fd407e00000 recvbuff 0x7fd407e00000 count 512 datatype 7 op 0 root 0 comm 0x56339db83180 [nranks=6] stream 0x56339db82070
n232-194-226:233894:233894 [2] NCCL INFO AllReduce: opCount 2d sendbuff 0x7f8349e00c00 recvbuff 0x7f8349e00c00 count 1024 datatype 7 op 0 root 0 comm 0x5562f77cf3d0 [nranks=6] stream 0x5562f77ce8b0
n232-194-226:233893:233893 [1] NCCL INFO AllReduce: opCount 2d sendbuff 0x7f3133e00c00 recvbuff 0x7f3133e00c00 count 1024 datatype 7 op 0 root 0 comm 0x55dd8e0333d0 [nranks=6] stream 0x55dd8e0328b0
        2K         512     float     sum     N/A     51.85     0.32     0.53       0
n232-194-226:233892:233892 [0] NCCL INFO AllReduce: opCount 2d sendbuff 0x7fd407e00c00 recvbuff 0x7fd407e00c00 count 1024 datatype 7 op 0 root 0 comm 0x56339db83180 [nranks=6] stream 0x56339db82070
n232-194-226:233894:233894 [2] NCCL INFO AllReduce: opCount 2e sendbuff 0x7f8349e00c00 recvbuff 0x7f8349e00c00 count 1024 datatype 7 op 0 root 0 comm 0x5562f77cf3d0 [nranks=6] stream 0x5562f77ce8b0
n232-194-226:233893:233893 [1] NCCL INFO AllReduce: opCount 2e sendbuff 0x7f3133e00c00 recvbuff 0x7f3133e00c00 count 1024 datatype 7 op 0 root 0 comm 0x55dd8e0333d0 [nranks=6] stream 0x55dd8e0328b0
n232-194-226:233892:233892 [0] NCCL INFO AllReduce: opCount 2e sendbuff 0x7fd407e00c00 recvbuff 0x7fd407e00c00 count 1024 datatype 7 op 0 root 0 comm 0x56339db83180 [nranks=6] stream 0x56339db82070
n232-194-226:233894:233894 [2] NCCL INFO AllReduce: opCount 2f sendbuff 0x7f8349e00c00 recvbuff 0x7f8349e00c00 count 1024 datatype 7 op 0 root 0 comm 0x5562f77cf3d0 [nranks=6] stream 0x5562f77ce8b0
n232-194-226:233893:233893 [1] NCCL INFO AllReduce: opCount 2f sendbuff 0x7f3133e00c00 recvbuff 0x7f3133e00c00 count 1024 datatype 7 op 0 root 0 comm 0x55dd8e0333d0 [nranks=6] stream 0x55dd8e0328b0
n232-194-226:233892:233892 [0] NCCL INFO AllReduce: opCount 2f sendbuff 0x7fd407e00c00 recvbuff 0x7fd407e00c00 count 1024 datatype 7 op 0 root 0 comm 0x56339db83180 [nranks=6] stream 0x56339db82070
n232-194-226:233894:233894 [2] NCCL INFO AllReduce: opCount 30 sendbuff 0x7f8349e00c00 recvbuff 0x7f8349e00c00 count 1024 datatype 7 op 0 root 0 comm 0x5562f77cf3d0 [nranks=6] stream 0x5562f77ce8b0
n232-194-226:233893:233893 [1] NCCL INFO AllReduce: opCount 30 sendbuff 0x7f3133e00c00 recvbuff 0x7f3133e00c00 count 1024 datatype 7 op 0 root 0 comm 0x55dd8e0333d0 [nranks=6] stream 0x55dd8e0328b0
n232-194-226:233892:233892 [0] NCCL INFO AllReduce: opCount 30 sendbuff 0x7fd407e00c00 recvbuff 0x7fd407e00c00 count 1024 datatype 7 op 0 root 0 comm 0x56339db83180 [nranks=6] stream 0x56339db82070
n232-194-226:233894:233894 [2] NCCL INFO AllReduce: opCount 31 sendbuff 0x7f8349e00c00 recvbuff 0x7f8349e00c00 count 1024 datatype 7 op 0 root 0 comm 0x5562f77cf3d0 [nranks=6] stream 0x5562f77ce8b0
n232-194-226:233893:233893 [1] NCCL INFO AllReduce: opCount 31 sendbuff 0x7f3133e00c00 recvbuff 0x7f3133e00c00 count 1024 datatype 7 op 0 root 0 comm 0x55dd8e0333d0 [nranks=6] stream 0x55dd8e0328b0
n232-194-226:233892:233892 [0] NCCL INFO AllReduce: opCount 31 sendbuff 0x7fd407e00c00 recvbuff 0x7fd407e00c00 count 1024 datatype 7 op 0 root 0 comm 0x56339db83180 [nranks=6] stream 0x56339db82070
n232-194-226:233894:233894 [2] NCCL INFO AllReduce: opCount 32 sendbuff 0x7f8349e00200 recvbuff 0x7f8349e00200 count 1 datatype 1 op 0 root 0 comm 0x5562f77cf3d0 [nranks=6] stream 0x5562f77ce8b0
n232-194-226:233893:233893 [1] NCCL INFO AllReduce: opCount 32 sendbuff 0x7f3133e00200 recvbuff 0x7f3133e00200 count 1 datatype 1 op 0 root 0 comm 0x55dd8e0333d0 [nranks=6] stream 0x55dd8e0328b0
n232-194-226:233892:233892 [0] NCCL INFO AllReduce: opCount 32 sendbuff 0x7fd407e00200 recvbuff 0x7fd407e00200 count 1 datatype 1 op 0 root 0 comm 0x56339db83180 [nranks=6] stream 0x56339db82070
n232-194-226:233894:233894 [2] NCCL INFO AllReduce: opCount 33 sendbuff 0x7f8349e00c00 recvbuff 0x7f8349e00c00 count 1024 datatype 7 op 0 root 0 comm 0x5562f77cf3d0 [nranks=6] stream 0x5562f77ce8b0
n232-194-226:233893:233893 [1] NCCL INFO AllReduce: opCount 33 sendbuff 0x7f3133e00c00 recvbuff 0x7f3133e00c00 count 1024 datatype 7 op 0 root 0 comm 0x55dd8e0333d0 [nranks=6] stream 0x55dd8e0328b0
n232-194-226:233892:233892 [0] NCCL INFO AllReduce: opCount 33 sendbuff 0x7fd407e00c00 recvbuff 0x7fd407e00c00 count 1024 datatype 7 op 0 root 0 comm 0x56339db83180 [nranks=6] stream 0x56339db82070
n232-194-226:233894:233894 [2] NCCL INFO AllReduce: opCount 34 sendbuff 0x7f8349e00000 recvbuff 0x7f8349e00000 count 1 datatype 1 op 0 root 0 comm 0x5562f77cf3d0 [nranks=6] stream 0x5562f77ce8b0
n232-194-226:233893:233893 [1] NCCL INFO AllReduce: opCount 34 sendbuff 0x7f3133e00000 recvbuff 0x7f3133e00000 count 1 datatype 1 op 0 root 0 comm 0x55dd8e0333d0 [nranks=6] stream 0x55dd8e0328b0
n232-194-226:233892:233892 [0] NCCL INFO AllReduce: opCount 34 sendbuff 0x7fd407e00000 recvbuff 0x7fd407e00000 count 1 datatype 1 op 0 root 0 comm 0x56339db83180 [nranks=6] stream 0x56339db82070
n232-194-226:233894:233894 [2] NCCL INFO AllReduce: opCount 35 sendbuff 0x7f8349e00c00 recvbuff 0x7f8349e00c00 count 1024 datatype 7 op 0 root 0 comm 0x5562f77cf3d0 [nranks=6] stream 0x5562f77ce8b0
n232-194-226:233893:233893 [1] NCCL INFO AllReduce: opCount 35 sendbuff 0x7f3133e00c00 recvbuff 0x7f3133e00c00 count 1024 datatype 7 op 0 root 0 comm 0x55dd8e0333d0 [nranks=6] stream 0x55dd8e0328b0
n232-194-226:233892:233892 [0] NCCL INFO AllReduce: opCount 35 sendbuff 0x7fd407e00c00 recvbuff 0x7fd407e00c00 count 1024 datatype 7 op 0 root 0 comm 0x56339db83180 [nranks=6] stream 0x56339db82070
n232-194-226:233894:233894 [2] NCCL INFO AllReduce: opCount 36 sendbuff 0x7f8349e00200 recvbuff 0x7f8349e00200 count 1 datatype 1 op 0 root 0 comm 0x5562f77cf3d0 [nranks=6] stream 0x5562f77ce8b0
n232-194-226:233893:233893 [1] NCCL INFO AllReduce: opCount 36 sendbuff 0x7f3133e00200 recvbuff 0x7f3133e00200 count 1 datatype 1 op 0 root 0 comm 0x55dd8e0333d0 [nranks=6] stream 0x55dd8e0328b0
n232-194-226:233892:233892 [0] NCCL INFO AllReduce: opCount 36 sendbuff 0x7fd407e00200 recvbuff 0x7fd407e00200 count 1 datatype 1 op 0 root 0 comm 0x56339db83180 [nranks=6] stream 0x56339db82070
n232-194-226:233894:233894 [2] NCCL INFO AllReduce: opCount 37 sendbuff 0x7f8349e00c00 recvbuff 0x7f8349e00c00 count 1024 datatype 7 op 0 root 0 comm 0x5562f77cf3d0 [nranks=6] stream 0x5562f77ce8b0
n232-194-226:233893:233893 [1] NCCL INFO AllReduce: opCount 37 sendbuff 0x7f3133e00c00 recvbuff 0x7f3133e00c00 count 1024 datatype 7 op 0 root 0 comm 0x55dd8e0333d0 [nranks=6] stream 0x55dd8e0328b0
n232-194-226:233892:233892 [0] NCCL INFO AllReduce: opCount 37 sendbuff 0x7fd407e00c00 recvbuff 0x7fd407e00c00 count 1024 datatype 7 op 0 root 0 comm 0x56339db83180 [nranks=6] stream 0x56339db82070
n232-194-226:233894:233894 [2] NCCL INFO AllReduce: opCount 38 sendbuff 0x7f8349e00000 recvbuff 0x7f8349e00000 count 1 datatype 1 op 0 root 0 comm 0x5562f77cf3d0 [nranks=6] stream 0x5562f77ce8b0
n232-194-226:233893:233893 [1] NCCL INFO AllReduce: opCount 38 sendbuff 0x7f3133e00000 recvbuff 0x7f3133e00000 count 1 datatype 1 op 0 root 0 comm 0x55dd8e0333d0 [nranks=6] stream 0x55dd8e0328b0
n232-194-226:233892:233892 [0] NCCL INFO AllReduce: opCount 38 sendbuff 0x7fd407e00000 recvbuff 0x7fd407e00000 count 1 datatype 1 op 0 root 0 comm 0x56339db83180 [nranks=6] stream 0x56339db82070
n232-194-226:233894:233894 [2] NCCL INFO AllReduce: opCount 39 sendbuff 0x7f8349e00c00 recvbuff 0x7f8349e00c00 count 1024 datatype 7 op 0 root 0 comm 0x5562f77cf3d0 [nranks=6] stream 0x5562f77ce8b0
n232-194-226:233893:233893 [1] NCCL INFO AllReduce: opCount 39 sendbuff 0x7f3133e00c00 recvbuff 0x7f3133e00c00 count 1024 datatype 7 op 0 root 0 comm 0x55dd8e0333d0 [nranks=6] stream 0x55dd8e0328b0
n232-194-226:233892:233892 [0] NCCL INFO AllReduce: opCount 39 sendbuff 0x7fd407e00c00 recvbuff 0x7fd407e00c00 count 1024 datatype 7 op 0 root 0 comm 0x56339db83180 [nranks=6] stream 0x56339db82070
n232-194-226:233894:233894 [2] NCCL INFO AllReduce: opCount 3a sendbuff 0x7f8349e00200 recvbuff 0x7f8349e00200 count 1 datatype 1 op 0 root 0 comm 0x5562f77cf3d0 [nranks=6] stream 0x5562f77ce8b0
n232-194-226:233893:233893 [1] NCCL INFO AllReduce: opCount 3a sendbuff 0x7f3133e00200 recvbuff 0x7f3133e00200 count 1 datatype 1 op 0 root 0 comm 0x55dd8e0333d0 [nranks=6] stream 0x55dd8e0328b0
n232-194-226:233892:233892 [0] NCCL INFO AllReduce: opCount 3a sendbuff 0x7fd407e00200 recvbuff 0x7fd407e00200 count 1 datatype 1 op 0 root 0 comm 0x56339db83180 [nranks=6] stream 0x56339db82070
n232-194-226:233894:233894 [2] NCCL INFO AllReduce: opCount 3b sendbuff 0x7f8349e00c00 recvbuff 0x7f8349e00c00 count 1024 datatype 7 op 0 root 0 comm 0x5562f77cf3d0 [nranks=6] stream 0x5562f77ce8b0
n232-194-226:233893:233893 [1] NCCL INFO AllReduce: opCount 3b sendbuff 0x7f3133e00c00 recvbuff 0x7f3133e00c00 count 1024 datatype 7 op 0 root 0 comm 0x55dd8e0333d0 [nranks=6] stream 0x55dd8e0328b0
n232-194-226:233892:233892 [0] NCCL INFO AllReduce: opCount 3b sendbuff 0x7fd407e00c00 recvbuff 0x7fd407e00c00 count 1024 datatype 7 op 0 root 0 comm 0x56339db83180 [nranks=6] stream 0x56339db82070
n232-194-226:233894:233894 [2] NCCL INFO AllReduce: opCount 3c sendbuff 0x7f8349e00000 recvbuff 0x7f8349e00000 count 1 datatype 1 op 0 root 0 comm 0x5562f77cf3d0 [nranks=6] stream 0x5562f77ce8b0
n232-194-226:233893:233893 [1] NCCL INFO AllReduce: opCount 3c sendbuff 0x7f3133e00000 recvbuff 0x7f3133e00000 count 1 datatype 1 op 0 root 0 comm 0x55dd8e0333d0 [nranks=6] stream 0x55dd8e0328b0
n232-194-226:233892:233892 [0] NCCL INFO AllReduce: opCount 3c sendbuff 0x7fd407e00000 recvbuff 0x7fd407e00000 count 1 datatype 1 op 0 root 0 comm 0x56339db83180 [nranks=6] stream 0x56339db82070
n232-194-226:233894:233894 [2] NCCL INFO AllReduce: opCount 3d sendbuff 0x7f8349e00c00 recvbuff 0x7f8349e00c00 count 1024 datatype 7 op 0 root 0 comm 0x5562f77cf3d0 [nranks=6] stream 0x5562f77ce8b0
n232-194-226:233893:233893 [1] NCCL INFO AllReduce: opCount 3d sendbuff 0x7f3133e00c00 recvbuff 0x7f3133e00c00 count 1024 datatype 7 op 0 root 0 comm 0x55dd8e0333d0 [nranks=6] stream 0x55dd8e0328b0
n232-194-226:233892:233892 [0] NCCL INFO AllReduce: opCount 3d sendbuff 0x7fd407e00c00 recvbuff 0x7fd407e00c00 count 1024 datatype 7 op 0 root 0 comm 0x56339db83180 [nranks=6] stream 0x56339db82070
n232-194-226:233894:233894 [2] NCCL INFO AllReduce: opCount 3e sendbuff 0x7f8349e00200 recvbuff 0x7f8349e00200 count 1 datatype 1 op 0 root 0 comm 0x5562f77cf3d0 [nranks=6] stream 0x5562f77ce8b0
n232-194-226:233892:233892 [0] NCCL INFO AllReduce: opCount 3e sendbuff 0x7fd407e00200 recvbuff 0x7fd407e00200 count 1 datatype 1 op 0 root 0 comm 0x56339db83180 [nranks=6] stream 0x56339db82070
n232-194-226:233893:233893 [1] NCCL INFO AllReduce: opCount 3e sendbuff 0x7f3133e00200 recvbuff 0x7f3133e00200 count 1 datatype 1 op 0 root 0 comm 0x55dd8e0333d0 [nranks=6] stream 0x55dd8e0328b0
n232-194-226:233894:233894 [2] NCCL INFO AllReduce: opCount 3f sendbuff 0x7f8349e00c00 recvbuff 0x7f8349e00c00 count 1024 datatype 7 op 0 root 0 comm 0x5562f77cf3d0 [nranks=6] stream 0x5562f77ce8b0
n232-194-226:233893:233893 [1] NCCL INFO AllReduce: opCount 3f sendbuff 0x7f3133e00c00 recvbuff 0x7f3133e00c00 count 1024 datatype 7 op 0 root 0 comm 0x55dd8e0333d0 [nranks=6] stream 0x55dd8e0328b0
n232-194-226:233892:233892 [0] NCCL INFO AllReduce: opCount 3f sendbuff 0x7fd407e00c00 recvbuff 0x7fd407e00c00 count 1024 datatype 7 op 0 root 0 comm 0x56339db83180 [nranks=6] stream 0x56339db82070
n232-194-226:233892:233892 [0] NCCL INFO AllReduce: opCount 40 sendbuff 0x7fd407e00000 recvbuff 0x7fd407e00000 count 1 datatype 1 op 0 root 0 comm 0x56339db83180 [nranks=6] stream 0x56339db82070
n232-194-226:233894:233894 [2] NCCL INFO AllReduce: opCount 40 sendbuff 0x7f8349e00000 recvbuff 0x7f8349e00000 count 1 datatype 1 op 0 root 0 comm 0x5562f77cf3d0 [nranks=6] stream 0x5562f77ce8b0
n232-194-226:233893:233893 [1] NCCL INFO AllReduce: opCount 40 sendbuff 0x7f3133e00000 recvbuff 0x7f3133e00000 count 1 datatype 1 op 0 root 0 comm 0x55dd8e0333d0 [nranks=6] stream 0x55dd8e0328b0
n232-194-226:233894:233894 [2] NCCL INFO AllReduce: opCount 41 sendbuff 0x7f8349e00c00 recvbuff 0x7f8349e00c00 count 1024 datatype 7 op 0 root 0 comm 0x5562f77cf3d0 [nranks=6] stream 0x5562f77ce8b0
n232-194-226:233892:233892 [0] NCCL INFO AllReduce: opCount 41 sendbuff 0x7fd407e00c00 recvbuff 0x7fd407e00c00 count 1024 datatype 7 op 0 root 0 comm 0x56339db83180 [nranks=6] stream 0x56339db82070
n232-194-226:233893:233893 [1] NCCL INFO AllReduce: opCount 41 sendbuff 0x7f3133e00c00 recvbuff 0x7f3133e00c00 count 1024 datatype 7 op 0 root 0 comm 0x55dd8e0333d0 [nranks=6] stream 0x55dd8e0328b0
n232-194-226:233894:233894 [2] NCCL INFO AllReduce: opCount 42 sendbuff 0x7f8349e00200 recvbuff 0x7f8349e00200 count 1 datatype 1 op 0 root 0 comm 0x5562f77cf3d0 [nranks=6] stream 0x5562f77ce8b0
n232-194-226:233893:233893 [1] NCCL INFO AllReduce: opCount 42 sendbuff 0x7f3133e00200 recvbuff 0x7f3133e00200 count 1 datatype 1 op 0 root 0 comm 0x55dd8e0333d0 [nranks=6] stream 0x55dd8e0328b0
n232-194-226:233892:233892 [0] NCCL INFO AllReduce: opCount 42 sendbuff 0x7fd407e00200 recvbuff 0x7fd407e00200 count 1 datatype 1 op 0 root 0 comm 0x56339db83180 [nranks=6] stream 0x56339db82070
n232-194-226:233893:233893 [1] NCCL INFO AllReduce: opCount 43 sendbuff 0x7f3133e00c00 recvbuff 0x7f3133e00c00 count 1024 datatype 7 op 0 root 0 comm 0x55dd8e0333d0 [nranks=6] stream 0x55dd8e0328b0
n232-194-226:233894:233894 [2] NCCL INFO AllReduce: opCount 43 sendbuff 0x7f8349e00c00 recvbuff 0x7f8349e00c00 count 1024 datatype 7 op 0 root 0 comm 0x5562f77cf3d0 [nranks=6] stream 0x5562f77ce8b0
n232-194-226:233892:233892 [0] NCCL INFO AllReduce: opCount 43 sendbuff 0x7fd407e00c00 recvbuff 0x7fd407e00c00 count 1024 datatype 7 op 0 root 0 comm 0x56339db83180 [nranks=6] stream 0x56339db82070
n232-194-226:233894:233894 [2] NCCL INFO AllReduce: opCount 44 sendbuff 0x7f8349e00000 recvbuff 0x7f8349e00000 count 1 datatype 1 op 0 root 0 comm 0x5562f77cf3d0 [nranks=6] stream 0x5562f77ce8b0
n232-194-226:233892:233892 [0] NCCL INFO AllReduce: opCount 44 sendbuff 0x7fd407e00000 recvbuff 0x7fd407e00000 count 1 datatype 1 op 0 root 0 comm 0x56339db83180 [nranks=6] stream 0x56339db82070
n232-194-226:233893:233893 [1] NCCL INFO AllReduce: opCount 44 sendbuff 0x7f3133e00000 recvbuff 0x7f3133e00000 count 1 datatype 1 op 0 root 0 comm 0x55dd8e0333d0 [nranks=6] stream 0x55dd8e0328b0
n232-194-226:233894:233894 [2] NCCL INFO AllReduce: opCount 45 sendbuff 0x7f8349e00c00 recvbuff 0x7f8349e00c00 count 1024 datatype 7 op 0 root 0 comm 0x5562f77cf3d0 [nranks=6] stream 0x5562f77ce8b0
n232-194-226:233893:233893 [1] NCCL INFO AllReduce: opCount 45 sendbuff 0x7f3133e00c00 recvbuff 0x7f3133e00c00 count 1024 datatype 7 op 0 root 0 comm 0x55dd8e0333d0 [nranks=6] stream 0x55dd8e0328b0
n232-194-226:233892:233892 [0] NCCL INFO AllReduce: opCount 45 sendbuff 0x7fd407e00c00 recvbuff 0x7fd407e00c00 count 1024 datatype 7 op 0 root 0 comm 0x56339db83180 [nranks=6] stream 0x56339db82070
n232-194-226:233893:233893 [1] NCCL INFO AllReduce: opCount 46 sendbuff 0x7f3133e00200 recvbuff 0x7f3133e00200 count 1 datatype 1 op 0 root 0 comm 0x55dd8e0333d0 [nranks=6] stream 0x55dd8e0328b0
n232-194-226:233892:233892 [0] NCCL INFO AllReduce: opCount 46 sendbuff 0x7fd407e00200 recvbuff 0x7fd407e00200 count 1 datatype 1 op 0 root 0 comm 0x56339db83180 [nranks=6] stream 0x56339db82070
n232-194-226:233894:233894 [2] NCCL INFO AllReduce: opCount 46 sendbuff 0x7f8349e00200 recvbuff 0x7f8349e00200 count 1 datatype 1 op 0 root 0 comm 0x5562f77cf3d0 [nranks=6] stream 0x5562f77ce8b0
