n232-194-226:233893:233931 [1] NCCL INFO Received and initiated operation=Connect res=0
n232-194-226:233892:233929 [0] NCCL INFO proxyProgressAsync opId=0x7fd3cebbbd40 op.type=3 op.reqBuff=0x7fd3e803c560 op.respSize=128 done
n232-194-226:233892:233905 [0] NCCL INFO ncclPollProxyResponse Received new opId=0x7fd3cebbbd40
n232-194-226:233892:233905 [0] NCCL INFO recvOpId=0x7fd3cebbbd40 matches expected opId=0x7fd3cebbbd40
n232-194-226:233892:233905 [0] NCCL INFO Channel 08/0 : 3[0] -> 0[0] [receive] via NET/IB/1/GDRDMA
n232-194-226:233892:233905 [0] NCCL INFO GPU Direct RDMA Enabled for GPU f000 / HCA 1 (distance 3 <= 4), read 0
n232-194-226:233892:233929 [0] NCCL INFO Received and initiated operation=Setup res=0
n232-194-226:233893:233931 [1] NCCL INFO transport/net_ib.cc:739 Ib Alloc Size 22280 pointer 0x7f30f42f8000
n232-194-226:233892:233929 [0] NCCL INFO New proxy recv connection 39 from local rank 0, transport 2
n232-194-226:233892:233929 [0] NCCL INFO proxyProgressAsync opId=0x7fd3cebbbd40 op.type=1 op.reqBuff=0x7fd3e801be30 op.respSize=16 done
n232-194-226:233893:233931 [1] NCCL INFO transport/net_ib.cc:752 Ib Alloc Size 552 pointer 0x7f30f42ff000
n232-194-226:233893:233931 [1] NCCL INFO Received and initiated operation=Connect res=0
n232-194-226:233892:233905 [0] NCCL INFO ncclPollProxyResponse Received new opId=0x7fd3cebbbd40
n232-194-226:233892:233905 [0] NCCL INFO recvOpId=0x7fd3cebbbd40 matches expected opId=0x7fd3cebbbd40
n232-194-226:233892:233905 [0] NCCL INFO Connection to proxy localRank 0 -> connection 0x7fd3e8003d80
n232-194-226:233892:233929 [0] NCCL INFO Received and initiated operation=Init res=0
n232-194-226:233893:233931 [1] NCCL INFO transport/net_ib.cc:627 Ib Alloc Size 27160 pointer 0x7f30f4306000
n232-194-226:233892:233929 [0] NCCL INFO proxyProgressAsync opId=0x7fd3cebbbd40 op.type=3 op.reqBuff=0x7fd3e803c560 op.respSize=128 done
n232-194-226:233892:233905 [0] NCCL INFO ncclPollProxyResponse Received new opId=0x7fd3cebbbd40
n232-194-226:233892:233905 [0] NCCL INFO recvOpId=0x7fd3cebbbd40 matches expected opId=0x7fd3cebbbd40
n232-194-226:233892:233929 [0] NCCL INFO Received and initiated operation=Setup res=0
n232-194-226:233892:233905 [0] NCCL INFO Channel 09/0 : 3[0] -> 0[0] [receive] via NET/IB/1/GDRDMA
n232-194-226:233892:233905 [0] NCCL INFO GPU Direct RDMA Enabled for GPU f000 / HCA 1 (distance 3 <= 4), read 0
n232-194-226:233892:233929 [0] NCCL INFO New proxy recv connection 40 from local rank 0, transport 2
n232-194-226:233892:233929 [0] NCCL INFO proxyProgressAsync opId=0x7fd3cebbbd40 op.type=1 op.reqBuff=0x7fd3e8037100 op.respSize=16 done
n232-194-226:233892:233905 [0] NCCL INFO ncclPollProxyResponse Received new opId=0x7fd3cebbbd40
n232-194-226:233892:233929 [0] NCCL INFO Received and initiated operation=Init res=0
n232-194-226:233892:233905 [0] NCCL INFO recvOpId=0x7fd3cebbbd40 matches expected opId=0x7fd3cebbbd40
n232-194-226:233892:233905 [0] NCCL INFO Connection to proxy localRank 0 -> connection 0x7fd3e8003dd0
n232-194-226:233892:233929 [0] NCCL INFO proxyProgressAsync opId=0x7fd3cebbbd40 op.type=3 op.reqBuff=0x7fd3e803c560 op.respSize=128 done
n232-194-226:233892:233905 [0] NCCL INFO ncclPollProxyResponse Received new opId=0x7fd3cebbbd40
n232-194-226:233892:233905 [0] NCCL INFO recvOpId=0x7fd3cebbbd40 matches expected opId=0x7fd3cebbbd40
n232-194-226:233892:233929 [0] NCCL INFO Received and initiated operation=Setup res=0
n232-194-226:233892:233905 [0] NCCL INFO Channel 10/0 : 3[0] -> 0[0] [receive] via NET/IB/1/GDRDMA
n232-194-226:233892:233905 [0] NCCL INFO GPU Direct RDMA Enabled for GPU f000 / HCA 1 (distance 3 <= 4), read 0
n232-194-226:233892:233929 [0] NCCL INFO New proxy recv connection 41 from local rank 0, transport 2
n232-194-226:233892:233929 [0] NCCL INFO proxyProgressAsync opId=0x7fd3cebbbd40 op.type=1 op.reqBuff=0x7fd3e801be30 op.respSize=16 done
n232-194-226:233892:233905 [0] NCCL INFO ncclPollProxyResponse Received new opId=0x7fd3cebbbd40
n232-194-226:233892:233929 [0] NCCL INFO Received and initiated operation=Init res=0
n232-194-226:233892:233905 [0] NCCL INFO recvOpId=0x7fd3cebbbd40 matches expected opId=0x7fd3cebbbd40
n232-194-226:233892:233905 [0] NCCL INFO Connection to proxy localRank 0 -> connection 0x7fd3e8003e20
n232-194-226:233892:233929 [0] NCCL INFO proxyProgressAsync opId=0x7fd3cebbbd40 op.type=3 op.reqBuff=0x7fd3e803c560 op.respSize=128 done
n232-194-226:233892:233905 [0] NCCL INFO ncclPollProxyResponse Received new opId=0x7fd3cebbbd40
n232-194-226:233892:233929 [0] NCCL INFO Received and initiated operation=Setup res=0
n232-194-226:233892:233905 [0] NCCL INFO recvOpId=0x7fd3cebbbd40 matches expected opId=0x7fd3cebbbd40
n232-194-226:233892:233905 [0] NCCL INFO Channel 11/0 : 3[0] -> 0[0] [receive] via NET/IB/1/GDRDMA
n232-194-226:233892:233905 [0] NCCL INFO GPU Direct RDMA Enabled for GPU f000 / HCA 1 (distance 3 <= 4), read 0
n232-194-226:233892:233929 [0] NCCL INFO New proxy recv connection 42 from local rank 0, transport 2
n232-194-226:233892:233929 [0] NCCL INFO proxyProgressAsync opId=0x7fd3cebbbd40 op.type=1 op.reqBuff=0x7fd3e8037100 op.respSize=16 done
n232-194-226:233892:233905 [0] NCCL INFO ncclPollProxyResponse Received new opId=0x7fd3cebbbd40
n232-194-226:233892:233929 [0] NCCL INFO Received and initiated operation=Init res=0
n232-194-226:233892:233905 [0] NCCL INFO recvOpId=0x7fd3cebbbd40 matches expected opId=0x7fd3cebbbd40
n232-194-226:233892:233905 [0] NCCL INFO Connection to proxy localRank 0 -> connection 0x7fd3e8003e70
n232-194-226:233892:233929 [0] NCCL INFO proxyProgressAsync opId=0x7fd3cebbbd40 op.type=3 op.reqBuff=0x7fd3e803c560 op.respSize=128 done
n232-194-226:233892:233905 [0] NCCL INFO ncclPollProxyResponse Received new opId=0x7fd3cebbbd40
n232-194-226:233892:233905 [0] NCCL INFO recvOpId=0x7fd3cebbbd40 matches expected opId=0x7fd3cebbbd40
n232-194-226:233892:233929 [0] NCCL INFO Received and initiated operation=Setup res=0
n232-194-226:233892:233905 [0] NCCL INFO Channel 12/0 : 3[0] -> 0[0] [receive] via NET/IB/1/GDRDMA
n232-194-226:233892:233905 [0] NCCL INFO GPU Direct RDMA Enabled for GPU f000 / HCA 1 (distance 3 <= 4), read 0
n232-194-226:233892:233929 [0] NCCL INFO New proxy recv connection 43 from local rank 0, transport 2
n232-194-226:233892:233929 [0] NCCL INFO proxyProgressAsync opId=0x7fd3cebbbd40 op.type=1 op.reqBuff=0x7fd3e801be30 op.respSize=16 done
n232-194-226:233892:233905 [0] NCCL INFO ncclPollProxyResponse Received new opId=0x7fd3cebbbd40
n232-194-226:233892:233905 [0] NCCL INFO recvOpId=0x7fd3cebbbd40 matches expected opId=0x7fd3cebbbd40
n232-194-226:233892:233929 [0] NCCL INFO Received and initiated operation=Init res=0
n232-194-226:233892:233905 [0] NCCL INFO Connection to proxy localRank 0 -> connection 0x7fd3e8003ec0
n232-194-226:233892:233929 [0] NCCL INFO proxyProgressAsync opId=0x7fd3cebbbd40 op.type=3 op.reqBuff=0x7fd3e803c560 op.respSize=128 done
n232-194-226:233892:233905 [0] NCCL INFO ncclPollProxyResponse Received new opId=0x7fd3cebbbd40
n232-194-226:233892:233929 [0] NCCL INFO Received and initiated operation=Setup res=0
n232-194-226:233892:233905 [0] NCCL INFO recvOpId=0x7fd3cebbbd40 matches expected opId=0x7fd3cebbbd40
n232-194-226:233892:233905 [0] NCCL INFO Channel 13/0 : 3[0] -> 0[0] [receive] via NET/IB/1/GDRDMA
n232-194-226:233892:233905 [0] NCCL INFO GPU Direct RDMA Enabled for GPU f000 / HCA 1 (distance 3 <= 4), read 0
n232-194-226:233892:233929 [0] NCCL INFO New proxy recv connection 44 from local rank 0, transport 2
n232-194-226:233892:233929 [0] NCCL INFO proxyProgressAsync opId=0x7fd3cebbbd40 op.type=1 op.reqBuff=0x7fd3e8037100 op.respSize=16 done
n232-194-226:233892:233905 [0] NCCL INFO ncclPollProxyResponse Received new opId=0x7fd3cebbbd40
n232-194-226:233892:233929 [0] NCCL INFO Received and initiated operation=Init res=0
n232-194-226:233892:233905 [0] NCCL INFO recvOpId=0x7fd3cebbbd40 matches expected opId=0x7fd3cebbbd40
n232-194-226:233892:233905 [0] NCCL INFO Connection to proxy localRank 0 -> connection 0x7fd3e8003f10
n232-194-226:233892:233929 [0] NCCL INFO proxyProgressAsync opId=0x7fd3cebbbd40 op.type=3 op.reqBuff=0x7fd3e803c560 op.respSize=128 done
n232-194-226:233892:233905 [0] NCCL INFO ncclPollProxyResponse Received new opId=0x7fd3cebbbd40
n232-194-226:233892:233929 [0] NCCL INFO Received and initiated operation=Setup res=0
n232-194-226:233892:233905 [0] NCCL INFO recvOpId=0x7fd3cebbbd40 matches expected opId=0x7fd3cebbbd40
n232-194-226:233892:233905 [0] NCCL INFO Channel 14/0 : 3[0] -> 0[0] [receive] via NET/IB/1/GDRDMA
n232-194-226:233892:233905 [0] NCCL INFO GPU Direct RDMA Enabled for GPU f000 / HCA 1 (distance 3 <= 4), read 0
n232-194-226:233892:233929 [0] NCCL INFO New proxy recv connection 45 from local rank 0, transport 2
n232-194-226:233892:233929 [0] NCCL INFO proxyProgressAsync opId=0x7fd3cebbbd40 op.type=1 op.reqBuff=0x7fd3e801be30 op.respSize=16 done
n232-194-226:233892:233905 [0] NCCL INFO ncclPollProxyResponse Received new opId=0x7fd3cebbbd40
n232-194-226:233892:233905 [0] NCCL INFO recvOpId=0x7fd3cebbbd40 matches expected opId=0x7fd3cebbbd40
n232-194-226:233892:233929 [0] NCCL INFO Received and initiated operation=Init res=0
n232-194-226:233892:233905 [0] NCCL INFO Connection to proxy localRank 0 -> connection 0x7fd3e8003f60
n232-194-226:233892:233929 [0] NCCL INFO proxyProgressAsync opId=0x7fd3cebbbd40 op.type=3 op.reqBuff=0x7fd3e803c560 op.respSize=128 done
n232-194-226:233892:233905 [0] NCCL INFO ncclPollProxyResponse Received new opId=0x7fd3cebbbd40
n232-194-226:233892:233929 [0] NCCL INFO Received and initiated operation=Setup res=0
n232-194-226:233892:233905 [0] NCCL INFO recvOpId=0x7fd3cebbbd40 matches expected opId=0x7fd3cebbbd40
n232-194-226:233892:233905 [0] NCCL INFO Channel 15/0 : 3[0] -> 0[0] [receive] via NET/IB/1/GDRDMA
n232-194-226:233892:233905 [0] NCCL INFO GPU Direct RDMA Enabled for GPU f000 / HCA 1 (distance 3 <= 4), read 1
n232-194-226:233894:233930 [2] NCCL INFO New proxy send connection 41 from local rank 0, transport 2
n232-194-226:233894:233930 [2] NCCL INFO proxyProgressAsync opId=0x7fd3cebbbd40 op.type=1 op.reqBuff=0x7f830c1c26a0 op.respSize=16 done
n232-194-226:233892:233905 [0] NCCL INFO ncclPollProxyResponse Received new opId=0x7fd3cebbbd40
n232-194-226:233894:233930 [2] NCCL INFO Received and initiated operation=Init res=0
n232-194-226:233892:233905 [0] NCCL INFO recvOpId=0x7fd3cebbbd40 matches expected opId=0x7fd3cebbbd40
n232-194-226:233892:233905 [0] NCCL INFO Connection to proxy localRank 2 -> connection 0x7f830c003e20
n232-194-226:233894:233930 [2] NCCL INFO proxyProgressAsync opId=0x7fd3cebbbd40 op.type=3 op.reqBuff=0x7f830c043fd0 op.respSize=0 done
n232-194-226:233892:233905 [0] NCCL INFO ncclPollProxyResponse Received new opId=0x7fd3cebbbd40
n232-194-226:233894:233930 [2] NCCL INFO Received and initiated operation=Setup res=0
n232-194-226:233892:233905 [0] NCCL INFO recvOpId=0x7fd3cebbbd40 matches expected opId=0x7fd3cebbbd40
n232-194-226:233892:233905 [0] NCCL INFO Channel 00/0 : 0[0] -> 3[0] [send] via NET/IB/1(2)/GDRDMA
n232-194-226:233892:233905 [0] NCCL INFO GPU Direct RDMA Enabled for GPU f000 / HCA 1 (distance 3 <= 4), read 1
n232-194-226:233894:233930 [2] NCCL INFO New proxy send connection 42 from local rank 0, transport 2
n232-194-226:233894:233930 [2] NCCL INFO proxyProgressAsync opId=0x7fd3cebbbd40 op.type=1 op.reqBuff=0x7f830c0cdfd0 op.respSize=16 done
n232-194-226:233892:233905 [0] NCCL INFO ncclPollProxyResponse Received new opId=0x7fd3cebbbd40
n232-194-226:233892:233905 [0] NCCL INFO recvOpId=0x7fd3cebbbd40 matches expected opId=0x7fd3cebbbd40
n232-194-226:233892:233905 [0] NCCL INFO Connection to proxy localRank 2 -> connection 0x7f830c003e70
n232-194-226:233894:233930 [2] NCCL INFO Received and initiated operation=Init res=0
n232-194-226:233893:233931 [1] NCCL INFO NET/IB: Dev 0 Port 1 qpn 58253 mtu 5 LID 42
n232-194-226:233893:233931 [1] NCCL INFO transport/net_ib.cc:679 Ib Alloc Size 552 pointer 0x7f30f431d000
n232-194-226:233893:233931 [1] NCCL INFO Received and initiated operation=Connect res=0
n232-194-226:233893:233931 [1] NCCL INFO transport/net_ib.cc:830 Ib Alloc Size 552 pointer 0x7f30f4339000
n232-194-226:233893:233931 [1] NCCL INFO transport/net_ib.cc:739 Ib Alloc Size 22280 pointer 0x7f30f4340000
n232-194-226:233893:233931 [1] NCCL INFO transport/net_ib.cc:752 Ib Alloc Size 552 pointer 0x7f30f4347000
n232-194-226:233893:233931 [1] NCCL INFO Received and initiated operation=Connect res=0
n232-194-226:233893:233931 [1] NCCL INFO transport/net.cc:637 Cuda Alloc Size 9109504 pointer 0x7f30d2000000
n232-194-226:233893:233931 [1] NCCL INFO transport/net.cc:643 Cuda Host Alloc Size 532480 pointer 0x7f30d7f04000
n232-194-226:233893:233931 [1] NCCL INFO proxyProgressAsync opId=0x7f30ff38d9f0 op.type=4 op.reqBuff=0x7f30f423d6e0 op.respSize=21040 done
n232-194-226:233893:233907 [1] NCCL INFO ncclPollProxyResponse Received new opId=0x7f30ff38d9f0
n232-194-226:233893:233907 [1] NCCL INFO Queuing opId=0x7f30ff38d9f0 respBuff=0x7f30ff5344e0 respSize=21040
n232-194-226:233893:233907 [1] NCCL INFO ncclPollProxyResponse Dequeued cached opId=0x7f30ff38d9f0
n232-194-226:233893:233907 [1] NCCL INFO sendConnect ncclPollProxyResponse opId=0x7f30ff38d9f0
n232-194-226:233893:233931 [1] NCCL INFO transport/net.cc:773 Cuda Alloc Size 9633792 pointer 0x7f30d2a00000
n232-194-226:233893:233931 [1] NCCL INFO transport/net.cc:778 Cuda Host Alloc Size 8192 pointer 0x7f3138b96200
n232-194-226:233893:233931 [1] NCCL INFO proxyProgressAsync opId=0x7f30ff38db10 op.type=4 op.reqBuff=0x7f30f4194fe0 op.respSize=21040 done
n232-194-226:233893:233907 [1] NCCL INFO ncclPollProxyResponse Received new opId=0x7f30ff38db10
n232-194-226:233893:233907 [1] NCCL INFO Queuing opId=0x7f30ff38db10 respBuff=0x7f30ff442b20 respSize=21040
n232-194-226:233893:233907 [1] NCCL INFO ncclPollProxyResponse Dequeued cached opId=0x7f30ff38db10
n232-194-226:233893:233907 [1] NCCL INFO recvConnect ncclPollProxyResponse opId=0x7f30ff38db10
n232-194-226:233893:233931 [1] NCCL INFO transport/net_ib.cc:830 Ib Alloc Size 552 pointer 0x7f30f42f1000
n232-194-226:233893:233931 [1] NCCL INFO transport/net_ib.cc:627 Ib Alloc Size 27160 pointer 0x7f30f435d000
n232-194-226:233894:233930 [2] NCCL INFO proxyProgressAsync opId=0x7fd3cebbbd40 op.type=3 op.reqBuff=0x7f830c05efe0 op.respSize=0 done
n232-194-226:233892:233905 [0] NCCL INFO ncclPollProxyResponse Received new opId=0x7fd3cebbbd40
n232-194-226:233894:233930 [2] NCCL INFO Received and initiated operation=Setup res=0
n232-194-226:233892:233905 [0] NCCL INFO recvOpId=0x7fd3cebbbd40 matches expected opId=0x7fd3cebbbd40
n232-194-226:233892:233905 [0] NCCL INFO Channel 01/0 : 0[0] -> 3[0] [send] via NET/IB/1(2)/GDRDMA
n232-194-226:233892:233905 [0] NCCL INFO GPU Direct RDMA Enabled for GPU f000 / HCA 1 (distance 3 <= 4), read 1
n232-194-226:233894:233930 [2] NCCL INFO New proxy send connection 43 from local rank 0, transport 2
n232-194-226:233894:233930 [2] NCCL INFO proxyProgressAsync opId=0x7fd3cebbbd40 op.type=1 op.reqBuff=0x7f830c100fd0 op.respSize=16 done
n232-194-226:233892:233905 [0] NCCL INFO ncclPollProxyResponse Received new opId=0x7fd3cebbbd40
n232-194-226:233892:233905 [0] NCCL INFO recvOpId=0x7fd3cebbbd40 matches expected opId=0x7fd3cebbbd40
n232-194-226:233894:233930 [2] NCCL INFO Received and initiated operation=Init res=0
n232-194-226:233892:233905 [0] NCCL INFO Connection to proxy localRank 2 -> connection 0x7f830c003ec0
n232-194-226:233894:233930 [2] NCCL INFO proxyProgressAsync opId=0x7fd3cebbbd40 op.type=3 op.reqBuff=0x7f830c0645a0 op.respSize=0 done
n232-194-226:233892:233905 [0] NCCL INFO ncclPollProxyResponse Received new opId=0x7fd3cebbbd40
n232-194-226:233894:233930 [2] NCCL INFO Received and initiated operation=Setup res=0
n232-194-226:233892:233905 [0] NCCL INFO recvOpId=0x7fd3cebbbd40 matches expected opId=0x7fd3cebbbd40
n232-194-226:233892:233905 [0] NCCL INFO Channel 02/0 : 0[0] -> 3[0] [send] via NET/IB/1(2)/GDRDMA
n232-194-226:233892:233905 [0] NCCL INFO GPU Direct RDMA Enabled for GPU f000 / HCA 1 (distance 3 <= 4), read 1
n232-194-226:233894:233930 [2] NCCL INFO New proxy send connection 44 from local rank 0, transport 2
n232-194-226:233894:233930 [2] NCCL INFO proxyProgressAsync opId=0x7fd3cebbbd40 op.type=1 op.reqBuff=0x7f830c2593e0 op.respSize=16 done
n232-194-226:233892:233905 [0] NCCL INFO ncclPollProxyResponse Received new opId=0x7fd3cebbbd40
n232-194-226:233892:233905 [0] NCCL INFO recvOpId=0x7fd3cebbbd40 matches expected opId=0x7fd3cebbbd40
n232-194-226:233892:233905 [0] NCCL INFO Connection to proxy localRank 2 -> connection 0x7f830c003f10
n232-194-226:233894:233930 [2] NCCL INFO Received and initiated operation=Init res=0
n232-194-226:233894:233930 [2] NCCL INFO proxyProgressAsync opId=0x7fd3cebbbd40 op.type=3 op.reqBuff=0x7f830c03be40 op.respSize=0 done
n232-194-226:233892:233905 [0] NCCL INFO ncclPollProxyResponse Received new opId=0x7fd3cebbbd40
n232-194-226:233894:233930 [2] NCCL INFO Received and initiated operation=Setup res=0
n232-194-226:233892:233905 [0] NCCL INFO recvOpId=0x7fd3cebbbd40 matches expected opId=0x7fd3cebbbd40
n232-194-226:233892:233905 [0] NCCL INFO Channel 03/0 : 0[0] -> 3[0] [send] via NET/IB/1(2)/GDRDMA
n232-194-226:233892:233905 [0] NCCL INFO GPU Direct RDMA Enabled for GPU f000 / HCA 1 (distance 3 <= 4), read 1
n232-194-226:233894:233930 [2] NCCL INFO New proxy send connection 45 from local rank 0, transport 2
n232-194-226:233894:233930 [2] NCCL INFO proxyProgressAsync opId=0x7fd3cebbbd40 op.type=1 op.reqBuff=0x7f830c2593e0 op.respSize=16 done
n232-194-226:233892:233905 [0] NCCL INFO ncclPollProxyResponse Received new opId=0x7fd3cebbbd40
n232-194-226:233894:233930 [2] NCCL INFO Received and initiated operation=Init res=0
n232-194-226:233892:233905 [0] NCCL INFO recvOpId=0x7fd3cebbbd40 matches expected opId=0x7fd3cebbbd40
n232-194-226:233892:233905 [0] NCCL INFO Connection to proxy localRank 2 -> connection 0x7f830c003f60
n232-194-226:233894:233930 [2] NCCL INFO proxyProgressAsync opId=0x7fd3cebbbd40 op.type=3 op.reqBuff=0x7f830c0a2fd0 op.respSize=0 done
n232-194-226:233892:233905 [0] NCCL INFO ncclPollProxyResponse Received new opId=0x7fd3cebbbd40
n232-194-226:233894:233930 [2] NCCL INFO Received and initiated operation=Setup res=0
n232-194-226:233892:233905 [0] NCCL INFO recvOpId=0x7fd3cebbbd40 matches expected opId=0x7fd3cebbbd40
n232-194-226:233892:233905 [0] NCCL INFO Channel 04/0 : 0[0] -> 3[0] [send] via NET/IB/1(2)/GDRDMA
n232-194-226:233892:233905 [0] NCCL INFO GPU Direct RDMA Enabled for GPU f000 / HCA 1 (distance 3 <= 4), read 1
n232-194-226:233894:233930 [2] NCCL INFO New proxy send connection 46 from local rank 0, transport 2
n232-194-226:233894:233930 [2] NCCL INFO proxyProgressAsync opId=0x7fd3cebbbd40 op.type=1 op.reqBuff=0x7f830c2593e0 op.respSize=16 done
n232-194-226:233892:233905 [0] NCCL INFO ncclPollProxyResponse Received new opId=0x7fd3cebbbd40
n232-194-226:233894:233930 [2] NCCL INFO Received and initiated operation=Init res=0
n232-194-226:233892:233905 [0] NCCL INFO recvOpId=0x7fd3cebbbd40 matches expected opId=0x7fd3cebbbd40
n232-194-226:233892:233905 [0] NCCL INFO Connection to proxy localRank 2 -> connection 0x7f830c003fb0
n232-194-226:233894:233930 [2] NCCL INFO proxyProgressAsync opId=0x7fd3cebbbd40 op.type=3 op.reqBuff=0x7f830c12da90 op.respSize=0 done
n232-194-226:233892:233905 [0] NCCL INFO ncclPollProxyResponse Received new opId=0x7fd3cebbbd40
n232-194-226:233894:233930 [2] NCCL INFO Received and initiated operation=Setup res=0
n232-194-226:233892:233905 [0] NCCL INFO recvOpId=0x7fd3cebbbd40 matches expected opId=0x7fd3cebbbd40
n232-194-226:233892:233905 [0] NCCL INFO Channel 05/0 : 0[0] -> 3[0] [send] via NET/IB/1(2)/GDRDMA
n232-194-226:233892:233905 [0] NCCL INFO GPU Direct RDMA Enabled for GPU f000 / HCA 1 (distance 3 <= 4), read 1
n232-194-226:233894:233930 [2] NCCL INFO New proxy send connection 47 from local rank 0, transport 2
n232-194-226:233894:233930 [2] NCCL INFO proxyProgressAsync opId=0x7fd3cebbbd40 op.type=1 op.reqBuff=0x7f830c2593e0 op.respSize=16 done
n232-194-226:233892:233905 [0] NCCL INFO ncclPollProxyResponse Received new opId=0x7fd3cebbbd40
n232-194-226:233894:233930 [2] NCCL INFO Received and initiated operation=Init res=0
n232-194-226:233892:233905 [0] NCCL INFO recvOpId=0x7fd3cebbbd40 matches expected opId=0x7fd3cebbbd40
n232-194-226:233892:233905 [0] NCCL INFO Connection to proxy localRank 2 -> connection 0x7f830c004000
n232-194-226:233894:233930 [2] NCCL INFO proxyProgressAsync opId=0x7fd3cebbbd40 op.type=3 op.reqBuff=0x7f830c12ffd0 op.respSize=0 done
n232-194-226:233892:233905 [0] NCCL INFO ncclPollProxyResponse Received new opId=0x7fd3cebbbd40
n232-194-226:233894:233930 [2] NCCL INFO Received and initiated operation=Setup res=0
n232-194-226:233892:233905 [0] NCCL INFO recvOpId=0x7fd3cebbbd40 matches expected opId=0x7fd3cebbbd40
n232-194-226:233892:233905 [0] NCCL INFO Channel 06/0 : 0[0] -> 3[0] [send] via NET/IB/1(2)/GDRDMA
n232-194-226:233892:233905 [0] NCCL INFO GPU Direct RDMA Enabled for GPU f000 / HCA 1 (distance 3 <= 4), read 1
n232-194-226:233893:233931 [1] NCCL INFO NET/IB: Dev 0 Port 1 qpn 58280 mtu 5 LID 42
n232-194-226:233893:233931 [1] NCCL INFO transport/net_ib.cc:679 Ib Alloc Size 552 pointer 0x7f30f4374000
n232-194-226:233894:233930 [2] NCCL INFO New proxy send connection 48 from local rank 0, transport 2
n232-194-226:233894:233930 [2] NCCL INFO proxyProgressAsync opId=0x7fd3cebbbd40 op.type=1 op.reqBuff=0x7f830c2593e0 op.respSize=16 done
n232-194-226:233893:233931 [1] NCCL INFO Received and initiated operation=Connect res=0
n232-194-226:233892:233905 [0] NCCL INFO ncclPollProxyResponse Received new opId=0x7fd3cebbbd40
n232-194-226:233894:233930 [2] NCCL INFO Received and initiated operation=Init res=0
n232-194-226:233892:233905 [0] NCCL INFO recvOpId=0x7fd3cebbbd40 matches expected opId=0x7fd3cebbbd40
n232-194-226:233892:233905 [0] NCCL INFO Connection to proxy localRank 2 -> connection 0x7f830c004050
n232-194-226:233894:233930 [2] NCCL INFO proxyProgressAsync opId=0x7fd3cebbbd40 op.type=3 op.reqBuff=0x7f830c0cc7c0 op.respSize=0 done
n232-194-226:233892:233905 [0] NCCL INFO ncclPollProxyResponse Received new opId=0x7fd3cebbbd40
n232-194-226:233894:233930 [2] NCCL INFO Received and initiated operation=Setup res=0
n232-194-226:233892:233905 [0] NCCL INFO recvOpId=0x7fd3cebbbd40 matches expected opId=0x7fd3cebbbd40
n232-194-226:233892:233905 [0] NCCL INFO Channel 07/0 : 0[0] -> 3[0] [send] via NET/IB/1(2)/GDRDMA
n232-194-226:233892:233905 [0] NCCL INFO GPU Direct RDMA Enabled for GPU f000 / HCA 1 (distance 3 <= 4), read 1
n232-194-226:233894:233930 [2] NCCL INFO New proxy send connection 49 from local rank 0, transport 2
n232-194-226:233894:233930 [2] NCCL INFO proxyProgressAsync opId=0x7fd3cebbbd40 op.type=1 op.reqBuff=0x7f830c2593e0 op.respSize=16 done
n232-194-226:233892:233905 [0] NCCL INFO ncclPollProxyResponse Received new opId=0x7fd3cebbbd40
n232-194-226:233894:233930 [2] NCCL INFO Received and initiated operation=Init res=0
n232-194-226:233892:233905 [0] NCCL INFO recvOpId=0x7fd3cebbbd40 matches expected opId=0x7fd3cebbbd40
n232-194-226:233892:233905 [0] NCCL INFO Connection to proxy localRank 2 -> connection 0x7f830c0040a0
n232-194-226:233894:233930 [2] NCCL INFO proxyProgressAsync opId=0x7fd3cebbbd40 op.type=3 op.reqBuff=0x7f830c062640 op.respSize=0 done
n232-194-226:233892:233905 [0] NCCL INFO ncclPollProxyResponse Received new opId=0x7fd3cebbbd40
n232-194-226:233894:233930 [2] NCCL INFO Received and initiated operation=Setup res=0
n232-194-226:233892:233905 [0] NCCL INFO recvOpId=0x7fd3cebbbd40 matches expected opId=0x7fd3cebbbd40
n232-194-226:233892:233905 [0] NCCL INFO Channel 08/0 : 0[0] -> 3[0] [send] via NET/IB/1(2)/GDRDMA
n232-194-226:233892:233905 [0] NCCL INFO GPU Direct RDMA Enabled for GPU f000 / HCA 1 (distance 3 <= 4), read 1
n232-194-226:233894:233930 [2] NCCL INFO New proxy send connection 50 from local rank 0, transport 2
n232-194-226:233894:233930 [2] NCCL INFO proxyProgressAsync opId=0x7fd3cebbbd40 op.type=1 op.reqBuff=0x7f830c2593e0 op.respSize=16 done
n232-194-226:233892:233905 [0] NCCL INFO ncclPollProxyResponse Received new opId=0x7fd3cebbbd40
n232-194-226:233894:233930 [2] NCCL INFO Received and initiated operation=Init res=0
n232-194-226:233892:233905 [0] NCCL INFO recvOpId=0x7fd3cebbbd40 matches expected opId=0x7fd3cebbbd40
n232-194-226:233892:233905 [0] NCCL INFO Connection to proxy localRank 2 -> connection 0x7f830c0040f0
n232-194-226:233894:233930 [2] NCCL INFO proxyProgressAsync opId=0x7fd3cebbbd40 op.type=3 op.reqBuff=0x7f830c1e1fd0 op.respSize=0 done
n232-194-226:233892:233905 [0] NCCL INFO ncclPollProxyResponse Received new opId=0x7fd3cebbbd40
n232-194-226:233894:233930 [2] NCCL INFO Received and initiated operation=Setup res=0
n232-194-226:233892:233905 [0] NCCL INFO recvOpId=0x7fd3cebbbd40 matches expected opId=0x7fd3cebbbd40
n232-194-226:233892:233905 [0] NCCL INFO Channel 09/0 : 0[0] -> 3[0] [send] via NET/IB/1(2)/GDRDMA
n232-194-226:233892:233905 [0] NCCL INFO GPU Direct RDMA Enabled for GPU f000 / HCA 1 (distance 3 <= 4), read 1
n232-194-226:233894:233930 [2] NCCL INFO New proxy send connection 51 from local rank 0, transport 2
n232-194-226:233894:233930 [2] NCCL INFO proxyProgressAsync opId=0x7fd3cebbbd40 op.type=1 op.reqBuff=0x7f830c2593e0 op.respSize=16 done
n232-194-226:233892:233905 [0] NCCL INFO ncclPollProxyResponse Received new opId=0x7fd3cebbbd40
n232-194-226:233894:233930 [2] NCCL INFO Received and initiated operation=Init res=0
n232-194-226:233892:233905 [0] NCCL INFO recvOpId=0x7fd3cebbbd40 matches expected opId=0x7fd3cebbbd40
n232-194-226:233892:233905 [0] NCCL INFO Connection to proxy localRank 2 -> connection 0x7f830c004140
n232-194-226:233894:233930 [2] NCCL INFO proxyProgressAsync opId=0x7fd3cebbbd40 op.type=3 op.reqBuff=0x7f830c0e5a20 op.respSize=0 done
n232-194-226:233892:233905 [0] NCCL INFO ncclPollProxyResponse Received new opId=0x7fd3cebbbd40
n232-194-226:233894:233930 [2] NCCL INFO Received and initiated operation=Setup res=0
n232-194-226:233892:233905 [0] NCCL INFO recvOpId=0x7fd3cebbbd40 matches expected opId=0x7fd3cebbbd40
n232-194-226:233892:233905 [0] NCCL INFO Channel 10/0 : 0[0] -> 3[0] [send] via NET/IB/1(2)/GDRDMA
n232-194-226:233892:233905 [0] NCCL INFO GPU Direct RDMA Enabled for GPU f000 / HCA 1 (distance 3 <= 4), read 1
n232-194-226:233894:233930 [2] NCCL INFO New proxy send connection 52 from local rank 0, transport 2
n232-194-226:233894:233930 [2] NCCL INFO proxyProgressAsync opId=0x7fd3cebbbd40 op.type=1 op.reqBuff=0x7f830c2593e0 op.respSize=16 done
n232-194-226:233892:233905 [0] NCCL INFO ncclPollProxyResponse Received new opId=0x7fd3cebbbd40
n232-194-226:233894:233930 [2] NCCL INFO Received and initiated operation=Init res=0
n232-194-226:233892:233905 [0] NCCL INFO recvOpId=0x7fd3cebbbd40 matches expected opId=0x7fd3cebbbd40
n232-194-226:233892:233905 [0] NCCL INFO Connection to proxy localRank 2 -> connection 0x7f830c004190
n232-194-226:233894:233930 [2] NCCL INFO proxyProgressAsync opId=0x7fd3cebbbd40 op.type=3 op.reqBuff=0x7f830c18b260 op.respSize=0 done
n232-194-226:233892:233905 [0] NCCL INFO ncclPollProxyResponse Received new opId=0x7fd3cebbbd40
n232-194-226:233894:233930 [2] NCCL INFO Received and initiated operation=Setup res=0
n232-194-226:233892:233905 [0] NCCL INFO recvOpId=0x7fd3cebbbd40 matches expected opId=0x7fd3cebbbd40
n232-194-226:233892:233905 [0] NCCL INFO Channel 11/0 : 0[0] -> 3[0] [send] via NET/IB/1(2)/GDRDMA
n232-194-226:233892:233905 [0] NCCL INFO GPU Direct RDMA Enabled for GPU f000 / HCA 1 (distance 3 <= 4), read 1
n232-194-226:233894:233930 [2] NCCL INFO New proxy send connection 53 from local rank 0, transport 2
n232-194-226:233894:233930 [2] NCCL INFO proxyProgressAsync opId=0x7fd3cebbbd40 op.type=1 op.reqBuff=0x7f830c2593e0 op.respSize=16 done
n232-194-226:233892:233905 [0] NCCL INFO ncclPollProxyResponse Received new opId=0x7fd3cebbbd40
n232-194-226:233894:233930 [2] NCCL INFO Received and initiated operation=Init res=0
n232-194-226:233892:233905 [0] NCCL INFO recvOpId=0x7fd3cebbbd40 matches expected opId=0x7fd3cebbbd40
n232-194-226:233892:233905 [0] NCCL INFO Connection to proxy localRank 2 -> connection 0x7f830c0041e0
n232-194-226:233894:233930 [2] NCCL INFO proxyProgressAsync opId=0x7fd3cebbbd40 op.type=3 op.reqBuff=0x7f830c212fd0 op.respSize=0 done
n232-194-226:233892:233905 [0] NCCL INFO ncclPollProxyResponse Received new opId=0x7fd3cebbbd40
n232-194-226:233894:233930 [2] NCCL INFO Received and initiated operation=Setup res=0
n232-194-226:233892:233905 [0] NCCL INFO recvOpId=0x7fd3cebbbd40 matches expected opId=0x7fd3cebbbd40
n232-194-226:233892:233905 [0] NCCL INFO Channel 12/0 : 0[0] -> 3[0] [send] via NET/IB/1(2)/GDRDMA
n232-194-226:233892:233905 [0] NCCL INFO GPU Direct RDMA Enabled for GPU f000 / HCA 1 (distance 3 <= 4), read 1
n232-194-226:233894:233930 [2] NCCL INFO New proxy send connection 54 from local rank 0, transport 2
n232-194-226:233894:233930 [2] NCCL INFO proxyProgressAsync opId=0x7fd3cebbbd40 op.type=1 op.reqBuff=0x7f830c2593e0 op.respSize=16 done
n232-194-226:233892:233905 [0] NCCL INFO ncclPollProxyResponse Received new opId=0x7fd3cebbbd40
n232-194-226:233892:233905 [0] NCCL INFO recvOpId=0x7fd3cebbbd40 matches expected opId=0x7fd3cebbbd40
n232-194-226:233894:233930 [2] NCCL INFO Received and initiated operation=Init res=0
n232-194-226:233892:233905 [0] NCCL INFO Connection to proxy localRank 2 -> connection 0x7f830c004230
n232-194-226:233894:233930 [2] NCCL INFO proxyProgressAsync opId=0x7fd3cebbbd40 op.type=3 op.reqBuff=0x7f830c0e03d0 op.respSize=0 done
n232-194-226:233892:233905 [0] NCCL INFO ncclPollProxyResponse Received new opId=0x7fd3cebbbd40
n232-194-226:233894:233930 [2] NCCL INFO Received and initiated operation=Setup res=0
n232-194-226:233892:233905 [0] NCCL INFO recvOpId=0x7fd3cebbbd40 matches expected opId=0x7fd3cebbbd40
n232-194-226:233892:233905 [0] NCCL INFO Channel 13/0 : 0[0] -> 3[0] [send] via NET/IB/1(2)/GDRDMA
n232-194-226:233892:233905 [0] NCCL INFO GPU Direct RDMA Enabled for GPU f000 / HCA 1 (distance 3 <= 4), read 1
n232-194-226:233894:233930 [2] NCCL INFO New proxy send connection 55 from local rank 0, transport 2
n232-194-226:233894:233930 [2] NCCL INFO proxyProgressAsync opId=0x7fd3cebbbd40 op.type=1 op.reqBuff=0x7f830c2593e0 op.respSize=16 done
n232-194-226:233892:233905 [0] NCCL INFO ncclPollProxyResponse Received new opId=0x7fd3cebbbd40
n232-194-226:233892:233905 [0] NCCL INFO recvOpId=0x7fd3cebbbd40 matches expected opId=0x7fd3cebbbd40
n232-194-226:233892:233905 [0] NCCL INFO Connection to proxy localRank 2 -> connection 0x7f830c004280
n232-194-226:233894:233930 [2] NCCL INFO Received and initiated operation=Init res=0
n232-194-226:233894:233930 [2] NCCL INFO proxyProgressAsync opId=0x7fd3cebbbd40 op.type=3 op.reqBuff=0x7f830c0cdfd0 op.respSize=0 done
n232-194-226:233892:233905 [0] NCCL INFO ncclPollProxyResponse Received new opId=0x7fd3cebbbd40
n232-194-226:233894:233930 [2] NCCL INFO Received and initiated operation=Setup res=0
n232-194-226:233892:233905 [0] NCCL INFO recvOpId=0x7fd3cebbbd40 matches expected opId=0x7fd3cebbbd40
n232-194-226:233892:233905 [0] NCCL INFO Channel 14/0 : 0[0] -> 3[0] [send] via NET/IB/1(2)/GDRDMA
n232-194-226:233892:233905 [0] NCCL INFO GPU Direct RDMA Enabled for GPU f000 / HCA 1 (distance 3 <= 4), read 1
n232-194-226:233894:233930 [2] NCCL INFO New proxy send connection 56 from local rank 0, transport 2
n232-194-226:233894:233930 [2] NCCL INFO proxyProgressAsync opId=0x7fd3cebbbd40 op.type=1 op.reqBuff=0x7f830c2593e0 op.respSize=16 done
n232-194-226:233892:233905 [0] NCCL INFO ncclPollProxyResponse Received new opId=0x7fd3cebbbd40
n232-194-226:233892:233905 [0] NCCL INFO recvOpId=0x7fd3cebbbd40 matches expected opId=0x7fd3cebbbd40
n232-194-226:233892:233905 [0] NCCL INFO Connection to proxy localRank 2 -> connection 0x7f830c0042d0
n232-194-226:233894:233930 [2] NCCL INFO Received and initiated operation=Init res=0
n232-194-226:233894:233930 [2] NCCL INFO proxyProgressAsync opId=0x7fd3cebbbd40 op.type=3 op.reqBuff=0x7f830c043fd0 op.respSize=0 done
n232-194-226:233892:233905 [0] NCCL INFO ncclPollProxyResponse Received new opId=0x7fd3cebbbd40
n232-194-226:233894:233930 [2] NCCL INFO Received and initiated operation=Setup res=0
n232-194-226:233893:233931 [1] NCCL INFO transport/net.cc:637 Cuda Alloc Size 9109504 pointer 0x7f30d3400000
n232-194-226:233892:233905 [0] NCCL INFO recvOpId=0x7fd3cebbbd40 matches expected opId=0x7fd3cebbbd40
n232-194-226:233892:233905 [0] NCCL INFO Channel 15/0 : 0[0] -> 3[0] [send] via NET/IB/1(2)/GDRDMA
n232-194-226:233892:233905 [0] NCCL INFO sendConnect ncclProxyCallAsync opId=0x7fd3cf38d508
n232-194-226:233892:233905 [0] NCCL INFO recvConnect ncclProxyCallAsync opId=0x7fd3cf38d628 &recv->proxyConn=0x7fd3cf38d630 connectInfo=0x7fd3cf3e4040
n232-194-226:233894:233930 [2] NCCL INFO transport/net_ib.cc:627 Ib Alloc Size 27160 pointer 0x7f830c2b3000
n232-194-226:233892:233905 [0] NCCL INFO sendConnect ncclProxyCallAsync opId=0x7fd3cf39fba8
n232-194-226:233892:233905 [0] NCCL INFO recvConnect ncclProxyCallAsync opId=0x7fd3cf39fcc8 &recv->proxyConn=0x7fd3cf39fcd0 connectInfo=0x7fd3cf3e40c0
n232-194-226:233892:233905 [0] NCCL INFO sendConnect ncclProxyCallAsync opId=0x7fd3cf3a1958
n232-194-226:233892:233929 [0] NCCL INFO transport/net_ib.cc:739 Ib Alloc Size 22280 pointer 0x7fd3e8076000
n232-194-226:233892:233905 [0] NCCL INFO recvConnect ncclProxyCallAsync opId=0x7fd3cf3a1a78 &recv->proxyConn=0x7fd3cf3a1a80 connectInfo=0x7fd3cf3e4140
n232-194-226:233892:233929 [0] NCCL INFO Received and initiated operation=Connect res=0
n232-194-226:233892:233905 [0] NCCL INFO sendConnect ncclProxyCallAsync opId=0x7fd3cf3a3708
n232-194-226:233892:233929 [0] NCCL INFO transport/net_ib.cc:739 Ib Alloc Size 22280 pointer 0x7fd3e8082000
n232-194-226:233892:233905 [0] NCCL INFO recvConnect ncclProxyCallAsync opId=0x7fd3cf3a3828 &recv->proxyConn=0x7fd3cf3a3830 connectInfo=0x7fd3cf3e41c0
n232-194-226:233892:233929 [0] NCCL INFO Received and initiated operation=Connect res=0
n232-194-226:233892:233905 [0] NCCL INFO sendConnect ncclProxyCallAsync opId=0x7fd3cf3a5368
n232-194-226:233892:233929 [0] NCCL INFO transport/net_ib.cc:739 Ib Alloc Size 22280 pointer 0x7fd3e808e000
n232-194-226:233892:233905 [0] NCCL INFO recvConnect ncclProxyCallAsync opId=0x7fd3cf3a5488 &recv->proxyConn=0x7fd3cf3a5490 connectInfo=0x7fd3cf3e4240
n232-194-226:233892:233929 [0] NCCL INFO Received and initiated operation=Connect res=0
n232-194-226:233892:233905 [0] NCCL INFO sendConnect ncclProxyCallAsync opId=0x7fd3cf3a6fc8
n232-194-226:233892:233905 [0] NCCL INFO recvConnect ncclProxyCallAsync opId=0x7fd3cf3a70e8 &recv->proxyConn=0x7fd3cf3a70f0 connectInfo=0x7fd3cf3e42c0
n232-194-226:233892:233905 [0] NCCL INFO sendConnect ncclProxyCallAsync opId=0x7fd3cf3a8c38
n232-194-226:233892:233929 [0] NCCL INFO transport/net_ib.cc:739 Ib Alloc Size 22280 pointer 0x7fd3e809a000
n232-194-226:233892:233929 [0] NCCL INFO Received and initiated operation=Connect res=0
n232-194-226:233892:233905 [0] NCCL INFO recvConnect ncclProxyCallAsync opId=0x7fd3cf3a8d58 &recv->proxyConn=0x7fd3cf3a8d60 connectInfo=0x7fd3cf3e4340
n232-194-226:233892:233905 [0] NCCL INFO sendConnect ncclProxyCallAsync opId=0x7fd3cf3aa898
n232-194-226:233892:233929 [0] NCCL INFO transport/net_ib.cc:739 Ib Alloc Size 22280 pointer 0x7fd3e80a6000
n232-194-226:233892:233905 [0] NCCL INFO recvConnect ncclProxyCallAsync opId=0x7fd3cf3aa9b8 &recv->proxyConn=0x7fd3cf3aa9c0 connectInfo=0x7fd3cf3e43c0
n232-194-226:233892:233929 [0] NCCL INFO Received and initiated operation=Connect res=0
n232-194-226:233892:233929 [0] NCCL INFO transport/net_ib.cc:752 Ib Alloc Size 552 pointer 0x7fd3e80ad000
n232-194-226:233892:233905 [0] NCCL INFO sendConnect ncclProxyCallAsync opId=0x7fd3cf3b0d48
n232-194-226:233892:233905 [0] NCCL INFO recvConnect ncclProxyCallAsync opId=0x7fd3cf3b0e68 &recv->proxyConn=0x7fd3cf3b0e70 connectInfo=0x7fd3cf3e4440
n232-194-226:233892:233929 [0] NCCL INFO transport/net_ib.cc:739 Ib Alloc Size 22280 pointer 0x7fd3e80b4000
n232-194-226:233892:233905 [0] NCCL INFO sendConnect ncclProxyCallAsync opId=0x7fd3cf3b3548
n232-194-226:233892:233929 [0] NCCL INFO Received and initiated operation=Connect res=0
n232-194-226:233892:233905 [0] NCCL INFO recvConnect ncclProxyCallAsync opId=0x7fd3cf3b3668 &recv->proxyConn=0x7fd3cf3b3670 connectInfo=0x7fd3cf3e44c0
n232-194-226:233892:233905 [0] NCCL INFO sendConnect ncclProxyCallAsync opId=0x7fd3cf3cdeb8
n232-194-226:233892:233929 [0] NCCL INFO transport/net_ib.cc:739 Ib Alloc Size 22280 pointer 0x7fd3e80c0000
n232-194-226:233892:233905 [0] NCCL INFO recvConnect ncclProxyCallAsync opId=0x7fd3cf3cdfd8 &recv->proxyConn=0x7fd3cf3cdfe0 connectInfo=0x7fd3cf3e4540
n232-194-226:233892:233929 [0] NCCL INFO Received and initiated operation=Connect res=0
n232-194-226:233892:233905 [0] NCCL INFO sendConnect ncclProxyCallAsync opId=0x7fd3cf3d0658
n232-194-226:233892:233905 [0] NCCL INFO recvConnect ncclProxyCallAsync opId=0x7fd3cf3d0778 &recv->proxyConn=0x7fd3cf3d0780 connectInfo=0x7fd3cf3e45c0
n232-194-226:233892:233905 [0] NCCL INFO sendConnect ncclProxyCallAsync opId=0x7fd3cf3d2df8
n232-194-226:233892:233929 [0] NCCL INFO transport/net_ib.cc:739 Ib Alloc Size 22280 pointer 0x7fd3e80cc000
n232-194-226:233892:233929 [0] NCCL INFO Received and initiated operation=Connect res=0
n232-194-226:233892:233905 [0] NCCL INFO recvConnect ncclProxyCallAsync opId=0x7fd3cf3d2f18 &recv->proxyConn=0x7fd3cf3d2f20 connectInfo=0x7fd3cf3e4640
n232-194-226:233892:233905 [0] NCCL INFO sendConnect ncclProxyCallAsync opId=0x7fd3cf3d55f8
n232-194-226:233892:233905 [0] NCCL INFO recvConnect ncclProxyCallAsync opId=0x7fd3cf3d5718 &recv->proxyConn=0x7fd3cf3d5720 connectInfo=0x7fd3cf3e46c0
n232-194-226:233892:233929 [0] NCCL INFO transport/net_ib.cc:739 Ib Alloc Size 22280 pointer 0x7fd3e80d8000
n232-194-226:233892:233905 [0] NCCL INFO sendConnect ncclProxyCallAsync opId=0x7fd3cf3d7df8
n232-194-226:233892:233929 [0] NCCL INFO Received and initiated operation=Connect res=0
n232-194-226:233892:233905 [0] NCCL INFO recvConnect ncclProxyCallAsync opId=0x7fd3cf3d7f18 &recv->proxyConn=0x7fd3cf3d7f20 connectInfo=0x7fd3cf3e4740
n232-194-226:233892:233905 [0] NCCL INFO sendConnect ncclProxyCallAsync opId=0x7fd3cf3da5f8
n232-194-226:233892:233905 [0] NCCL INFO recvConnect ncclProxyCallAsync opId=0x7fd3cf3da718 &recv->proxyConn=0x7fd3cf3da720 connectInfo=0x7fd3cf3e47c0
n232-194-226:233892:233929 [0] NCCL INFO transport/net_ib.cc:739 Ib Alloc Size 22280 pointer 0x7fd3e80e4000
n232-194-226:233892:233929 [0] NCCL INFO Received and initiated operation=Connect res=0
n232-194-226:233892:233929 [0] NCCL INFO transport/net_ib.cc:739 Ib Alloc Size 22280 pointer 0x7fd3e80f0000
n232-194-226:233892:233929 [0] NCCL INFO Received and initiated operation=Connect res=0
n232-194-226:233892:233929 [0] NCCL INFO transport/net_ib.cc:739 Ib Alloc Size 22280 pointer 0x7fd3e80fc000
n232-194-226:233892:233929 [0] NCCL INFO Received and initiated operation=Connect res=0
n232-194-226:233892:233929 [0] NCCL INFO transport/net_ib.cc:739 Ib Alloc Size 22280 pointer 0x7fd3e8108000
n232-194-226:233892:233929 [0] NCCL INFO Received and initiated operation=Connect res=0
n232-194-226:233892:233929 [0] NCCL INFO transport/net_ib.cc:739 Ib Alloc Size 22280 pointer 0x7fd3e8114000
n232-194-226:233892:233929 [0] NCCL INFO Received and initiated operation=Connect res=0
n232-194-226:233892:233929 [0] NCCL INFO transport/net_ib.cc:739 Ib Alloc Size 22280 pointer 0x7fd3e8120000
n232-194-226:233892:233929 [0] NCCL INFO Received and initiated operation=Connect res=0
n232-194-226:233892:233929 [0] NCCL INFO transport/net_ib.cc:739 Ib Alloc Size 22280 pointer 0x7fd3e812c000
n232-194-226:233892:233929 [0] NCCL INFO Received and initiated operation=Connect res=0
n232-194-226:233893:233931 [1] NCCL INFO transport/net.cc:643 Cuda Host Alloc Size 532480 pointer 0x7f30d3e00000
n232-194-226:233894:233930 [2] NCCL INFO NET/IB: Dev 1 Port 1 qpn 22884 mtu 5 LID 25
n232-194-226:233894:233930 [2] NCCL INFO transport/net_ib.cc:679 Ib Alloc Size 552 pointer 0x7f830c2ca000
n232-194-226:233894:233930 [2] NCCL INFO Received and initiated operation=Connect res=0
n232-194-226:233894:233930 [2] NCCL INFO transport/net_ib.cc:627 Ib Alloc Size 27160 pointer 0x7f830c2d1000
n232-194-226:233893:233931 [1] NCCL INFO proxyProgressAsync opId=0x7f30ff3a0090 op.type=4 op.reqBuff=0x7f30f42dee20 op.respSize=21040 done
n232-194-226:233893:233907 [1] NCCL INFO ncclPollProxyResponse Received new opId=0x7f30ff3a0090
n232-194-226:233893:233907 [1] NCCL INFO Queuing opId=0x7f30ff3a0090 respBuff=0x7f30ff442b20 respSize=21040
n232-194-226:233893:233907 [1] NCCL INFO ncclPollProxyResponse Dequeued cached opId=0x7f30ff3a0090
n232-194-226:233893:233907 [1] NCCL INFO sendConnect ncclPollProxyResponse opId=0x7f30ff3a0090
n232-194-226:233893:233931 [1] NCCL INFO transport/net.cc:773 Cuda Alloc Size 9633792 pointer 0x7f30d0000000
n232-194-226:233893:233931 [1] NCCL INFO transport/net.cc:778 Cuda Host Alloc Size 8192 pointer 0x7f3138b98200
n232-194-226:233894:233930 [2] NCCL INFO NET/IB: Dev 1 Port 1 qpn 22885 mtu 5 LID 25
n232-194-226:233894:233930 [2] NCCL INFO transport/net_ib.cc:679 Ib Alloc Size 552 pointer 0x7f830c2e8000
n232-194-226:233894:233930 [2] NCCL INFO Received and initiated operation=Connect res=0
n232-194-226:233894:233930 [2] NCCL INFO transport/net_ib.cc:627 Ib Alloc Size 27160 pointer 0x7f830c2ef000
n232-194-226:233894:233906 [2] NCCL INFO init.cc:412 Cuda Host Alloc Size 33554432 pointer 0x7f82e6000000
n232-194-226:233894:233906 [2] NCCL INFO init.cc:418 Cuda Host Alloc Size 128 pointer 0x7f834eb96200
n232-194-226:233893:233931 [1] NCCL INFO proxyProgressAsync opId=0x7f30ff3a01b0 op.type=4 op.reqBuff=0x7f30f41fafe0 op.respSize=21040 done
n232-194-226:233893:233907 [1] NCCL INFO ncclPollProxyResponse Received new opId=0x7f30ff3a01b0
n232-194-226:233893:233907 [1] NCCL INFO Queuing opId=0x7f30ff3a01b0 respBuff=0x7f30ff44cfa0 respSize=21040
n232-194-226:233893:233907 [1] NCCL INFO ncclPollProxyResponse Dequeued cached opId=0x7f30ff3a01b0
n232-194-226:233893:233907 [1] NCCL INFO recvConnect ncclPollProxyResponse opId=0x7f30ff3a01b0
n232-194-226:233893:233931 [1] NCCL INFO transport/net_ib.cc:739 Ib Alloc Size 22280 pointer 0x7f30f4376000
n232-194-226:233893:233931 [1] NCCL INFO transport/net_ib.cc:752 Ib Alloc Size 552 pointer 0x7f30f4301000
n232-194-226:233894:233930 [2] NCCL INFO NET/IB: Dev 1 Port 1 qpn 22887 mtu 5 LID 25
n232-194-226:233894:233930 [2] NCCL INFO transport/net_ib.cc:679 Ib Alloc Size 552 pointer 0x7f830c307000
n232-194-226:233894:233930 [2] NCCL INFO Received and initiated operation=Connect res=0
n232-194-226:233892:233929 [0] NCCL INFO transport/net_ib.cc:830 Ib Alloc Size 552 pointer 0x7fd3e8158000
n232-194-226:233892:233929 [0] NCCL INFO transport/net_ib.cc:752 Ib Alloc Size 552 pointer 0x7fd3e815a000
n232-194-226:233894:233930 [2] NCCL INFO transport/p2p.cc:204 Cuda Alloc Size 10485760 pointer 0x7f82e9000000
n232-194-226:233894:233930 [2] NCCL INFO Allocated shareable buffer 0x7f82e9000000 size 10485760 ipcDesc 0x7f830c23c09c
n232-194-226:233894:233930 [2] NCCL INFO Allocated 532484 bytes of shared memory in /dev/shm/nccl-l00ldJ
n232-194-226:233893:233931 [1] NCCL INFO transport/net_ib.cc:830 Ib Alloc Size 552 pointer 0x7f30f4303000
n232-194-226:233893:233931 [1] NCCL INFO Received and initiated operation=Connect res=0
n232-194-226:233893:233931 [1] NCCL INFO transport/net.cc:637 Cuda Alloc Size 9109504 pointer 0x7f30d0a00000
n232-194-226:233893:233931 [1] NCCL INFO transport/net.cc:643 Cuda Host Alloc Size 532480 pointer 0x7f30d3e82000
n232-194-226:233894:233930 [2] NCCL INFO proxyProgressAsync opId=0x7fd3cf38d508 op.type=4 op.reqBuff=0x7f830c1f33d0 op.respSize=21040 done
n232-194-226:233892:233905 [0] NCCL INFO ncclPollProxyResponse Received new opId=0x7fd3cf38d508
n232-194-226:233892:233905 [0] NCCL INFO Queuing opId=0x7fd3cf38d508 respBuff=0x7fd3cf532da0 respSize=21040
n232-194-226:233892:233905 [0] NCCL INFO ncclPollProxyResponse Dequeued cached opId=0x7fd3cf38d508
n232-194-226:233892:233905 [0] NCCL INFO sendConnect ncclPollProxyResponse opId=0x7fd3cf38d508
n232-194-226:233892:233929 [0] NCCL INFO transport/net_ib.cc:830 Ib Alloc Size 552 pointer 0x7fd3e8176000
n232-194-226:233892:233929 [0] NCCL INFO transport/net_ib.cc:752 Ib Alloc Size 552 pointer 0x7fd3e8178000
n232-194-226:233894:233930 [2] NCCL INFO transport/p2p.cc:204 Cuda Alloc Size 10485760 pointer 0x7f82eb400000
n232-194-226:233894:233930 [2] NCCL INFO Allocated shareable buffer 0x7f82eb400000 size 10485760 ipcDesc 0x7f830c26646c
n232-194-226:233894:233930 [2] NCCL INFO Allocated 532484 bytes of shared memory in /dev/shm/nccl-yx60Mi
n232-194-226:233893:233931 [1] NCCL INFO proxyProgressAsync opId=0x7f30ff3a5850 op.type=4 op.reqBuff=0x7f30f41d2ec0 op.respSize=21040 done
n232-194-226:233893:233907 [1] NCCL INFO ncclPollProxyResponse Received new opId=0x7f30ff3a5850
n232-194-226:233893:233907 [1] NCCL INFO Queuing opId=0x7f30ff3a5850 respBuff=0x7f30ff442b20 respSize=21040
n232-194-226:233893:233907 [1] NCCL INFO ncclPollProxyResponse Dequeued cached opId=0x7f30ff3a5850
n232-194-226:233893:233907 [1] NCCL INFO sendConnect ncclPollProxyResponse opId=0x7f30ff3a5850
n232-194-226:233892:233929 [0] NCCL INFO transport/net_ib.cc:830 Ib Alloc Size 552 pointer 0x7fd3e8193000
n232-194-226:233892:233929 [0] NCCL INFO transport/net_ib.cc:752 Ib Alloc Size 552 pointer 0x7fd3e8195000
n232-194-226:233892:233905 [0] NCCL INFO Imported shareable buffer device 0 size 10485760 ptr 0x7fd3b2000000
n232-194-226:233893:233931 [1] NCCL INFO transport/net.cc:773 Cuda Alloc Size 9633792 pointer 0x7f30d1400000
n232-194-226:233893:233931 [1] NCCL INFO transport/net.cc:778 Cuda Host Alloc Size 8192 pointer 0x7f3138b9a200
n232-194-226:233893:233931 [1] NCCL INFO Mem Realloc old size 1536, new size 3072 pointer 0x7f30f41cc020
n232-194-226:233894:233930 [2] NCCL INFO proxyProgressAsync opId=0x7fd3cf39fba8 op.type=4 op.reqBuff=0x7f830c240d10 op.respSize=21040 done
n232-194-226:233892:233905 [0] NCCL INFO ncclPollProxyResponse Received new opId=0x7fd3cf39fba8
n232-194-226:233892:233905 [0] NCCL INFO recvOpId=0x7fd3cf39fba8 matches expected opId=0x7fd3cf39fba8
n232-194-226:233892:233905 [0] NCCL INFO sendConnect ncclPollProxyResponse opId=0x7fd3cf39fba8
n232-194-226:233893:233931 [1] NCCL INFO proxyProgressAsync opId=0x7f30ff3a5970 op.type=4 op.reqBuff=0x7f30f41fafe0 op.respSize=21040 done
n232-194-226:233893:233907 [1] NCCL INFO ncclPollProxyResponse Received new opId=0x7f30ff3a5970
n232-194-226:233893:233907 [1] NCCL INFO Queuing opId=0x7f30ff3a5970 respBuff=0x7f30ff457420 respSize=21040
n232-194-226:233893:233907 [1] NCCL INFO ncclPollProxyResponse Dequeued cached opId=0x7f30ff3a5970
n232-194-226:233893:233907 [1] NCCL INFO recvConnect ncclPollProxyResponse opId=0x7f30ff3a5970
n232-194-226:233893:233931 [1] NCCL INFO transport/net_ib.cc:627 Ib Alloc Size 27160 pointer 0x7f30f4396000
n232-194-226:233892:233929 [0] NCCL INFO transport/net_ib.cc:830 Ib Alloc Size 552 pointer 0x7fd3e81b1000
n232-194-226:233893:233931 [1] NCCL INFO NET/IB: Dev 0 Port 1 qpn 58283 mtu 5 LID 42
n232-194-226:233893:233931 [1] NCCL INFO transport/net_ib.cc:679 Ib Alloc Size 552 pointer 0x7f30f43a8000
n232-194-226:233893:233931 [1] NCCL INFO Received and initiated operation=Connect res=0
n232-194-226:233893:233931 [1] NCCL INFO transport/net_ib.cc:739 Ib Alloc Size 22280 pointer 0x7f30f43af000
n232-194-226:233893:233931 [1] NCCL INFO transport/net_ib.cc:752 Ib Alloc Size 552 pointer 0x7f30f43b6000
n232-194-226:233892:233905 [0] NCCL INFO Imported shareable buffer device 0 size 10485760 ptr 0x7fd3b2a00000
n232-194-226:233894:233930 [2] NCCL INFO transport/p2p.cc:204 Cuda Alloc Size 10485760 pointer 0x7f82e4000000
n232-194-226:233894:233930 [2] NCCL INFO Allocated shareable buffer 0x7f82e4000000 size 10485760 ipcDesc 0x7f830c26b74c
n232-194-226:233894:233930 [2] NCCL INFO Allocated 532484 bytes of shared memory in /dev/shm/nccl-0TR6yP
n232-194-226:233892:233929 [0] NCCL INFO transport/net.cc:773 Cuda Alloc Size 9633792 pointer 0x7fd3b3400000
n232-194-226:233892:233929 [0] NCCL INFO transport/net.cc:778 Cuda Host Alloc Size 8192 pointer 0x7fd40ca00200
n232-194-226:233892:233929 [0] NCCL INFO Mem Realloc old size 0, new size 768 pointer 0x7fd3e81a5010
n232-194-226:233893:233931 [1] NCCL INFO transport/net_ib.cc:830 Ib Alloc Size 552 pointer 0x7f30f43d1000
n232-194-226:233893:233931 [1] NCCL INFO Received and initiated operation=Connect res=0
n232-194-226:233893:233931 [1] NCCL INFO transport/net_ib.cc:627 Ib Alloc Size 27160 pointer 0x7f30f43d8000
n232-194-226:233894:233930 [2] NCCL INFO proxyProgressAsync opId=0x7fd3cf3a1958 op.type=4 op.reqBuff=0x7f830c2d8cb0 op.respSize=21040 done
n232-194-226:233892:233905 [0] NCCL INFO ncclPollProxyResponse Received new opId=0x7fd3cf3a1958
n232-194-226:233892:233905 [0] NCCL INFO Queuing opId=0x7fd3cf3a1958 respBuff=0x7fd3cf403430 respSize=21040
n232-194-226:233894:233930 [2] NCCL INFO transport/net_ib.cc:627 Ib Alloc Size 27160 pointer 0x7f830c309000
n232-194-226:233892:233905 [0] NCCL INFO ncclPollProxyResponse Dequeued cached opId=0x7fd3cf3a1958
n232-194-226:233892:233905 [0] NCCL INFO sendConnect ncclPollProxyResponse opId=0x7fd3cf3a1958
n232-194-226:233892:233929 [0] NCCL INFO proxyProgressAsync opId=0x7fd3cf38d628 op.type=4 op.reqBuff=0x7fd3e8037100 op.respSize=21040 done
n232-194-226:233893:233931 [1] NCCL INFO NET/IB: Dev 0 Port 1 qpn 58286 mtu 5 LID 42
n232-194-226:233893:233931 [1] NCCL INFO transport/net_ib.cc:679 Ib Alloc Size 552 pointer 0x7f30f43ef000
n232-194-226:233893:233931 [1] NCCL INFO Received and initiated operation=Connect res=0
n232-194-226:233894:233930 [2] NCCL INFO NET/IB: Dev 1 Port 1 qpn 22895 mtu 5 LID 25
n232-194-226:233894:233930 [2] NCCL INFO transport/net_ib.cc:679 Ib Alloc Size 552 pointer 0x7f830c2ca000
