n232-194-226:233793:233819 [0] NCCL INFO Received and initiated operation=Init res=0
n232-194-226:233793:233819 [0] NCCL INFO transport/p2p.cc:204 Cuda Alloc Size 2097152 pointer 0x7f1941e00000
n232-194-226:233793:233819 [0] NCCL INFO Allocated shareable buffer 0x7f1941e00000 size 2097152 ipcDesc 0x7f19700dbbf0
n232-194-226:233793:233819 [0] NCCL INFO proxyProgressAsync opId=0x7f1956bbb210 op.type=3 op.reqBuff=0x7f19700fdc90 op.respSize=80 done
n232-194-226:233793:233803 [0] NCCL INFO ncclPollProxyResponse Received new opId=0x7f1956bbb210
n232-194-226:233793:233819 [0] NCCL INFO Received and initiated operation=Setup res=0
n232-194-226:233793:233803 [0] NCCL INFO recvOpId=0x7f1956bbb210 matches expected opId=0x7f1956bbb210
n232-194-226:233793:233803 [0] NCCL INFO Channel 03/0 : 0[0] -> 1[1] via P2P/IPC
n232-194-226:233793:233819 [0] NCCL INFO New proxy send connection 17 from local rank 0, transport 0
n232-194-226:233793:233819 [0] NCCL INFO proxyProgressAsync opId=0x7f1956bbb210 op.type=1 op.reqBuff=0x7f19700fdc90 op.respSize=16 done
n232-194-226:233793:233803 [0] NCCL INFO ncclPollProxyResponse Received new opId=0x7f1956bbb210
n232-194-226:233793:233803 [0] NCCL INFO recvOpId=0x7f1956bbb210 matches expected opId=0x7f1956bbb210
n232-194-226:233793:233819 [0] NCCL INFO Received and initiated operation=Init res=0
n232-194-226:233793:233803 [0] NCCL INFO Connection to proxy localRank 0 -> connection 0x7f1970003730
n232-194-226:233793:233819 [0] NCCL INFO transport/p2p.cc:204 Cuda Alloc Size 2097152 pointer 0x7f1943e00000
n232-194-226:233793:233819 [0] NCCL INFO Allocated shareable buffer 0x7f1943e00000 size 2097152 ipcDesc 0x7f19700dbbf0
n232-194-226:233793:233819 [0] NCCL INFO proxyProgressAsync opId=0x7f1956bbb210 op.type=3 op.reqBuff=0x7f19700dbc80 op.respSize=80 done
n232-194-226:233793:233803 [0] NCCL INFO ncclPollProxyResponse Received new opId=0x7f1956bbb210
n232-194-226:233793:233819 [0] NCCL INFO Received and initiated operation=Setup res=0
n232-194-226:233793:233803 [0] NCCL INFO recvOpId=0x7f1956bbb210 matches expected opId=0x7f1956bbb210
n232-194-226:233793:233803 [0] NCCL INFO Channel 05/0 : 0[0] -> 1[1] via P2P/IPC
n232-194-226:233793:233819 [0] NCCL INFO New proxy send connection 18 from local rank 0, transport 0
n232-194-226:233793:233819 [0] NCCL INFO proxyProgressAsync opId=0x7f1956bbb210 op.type=1 op.reqBuff=0x7f19700dbc80 op.respSize=16 done
n232-194-226:233793:233803 [0] NCCL INFO ncclPollProxyResponse Received new opId=0x7f1956bbb210
n232-194-226:233793:233803 [0] NCCL INFO recvOpId=0x7f1956bbb210 matches expected opId=0x7f1956bbb210
n232-194-226:233793:233819 [0] NCCL INFO Received and initiated operation=Init res=0
n232-194-226:233793:233803 [0] NCCL INFO Connection to proxy localRank 0 -> connection 0x7f1970003780
n232-194-226:233793:233819 [0] NCCL INFO transport/p2p.cc:204 Cuda Alloc Size 2097152 pointer 0x7f1945c00000
n232-194-226:233793:233819 [0] NCCL INFO Allocated shareable buffer 0x7f1945c00000 size 2097152 ipcDesc 0x7f19700dbbf0
n232-194-226:233793:233819 [0] NCCL INFO proxyProgressAsync opId=0x7f1956bbb210 op.type=3 op.reqBuff=0x7f197010a8e0 op.respSize=80 done
n232-194-226:233793:233803 [0] NCCL INFO ncclPollProxyResponse Received new opId=0x7f1956bbb210
n232-194-226:233793:233803 [0] NCCL INFO recvOpId=0x7f1956bbb210 matches expected opId=0x7f1956bbb210
n232-194-226:233793:233803 [0] NCCL INFO Channel 07/0 : 0[0] -> 1[1] via P2P/IPC
n232-194-226:233793:233819 [0] NCCL INFO Received and initiated operation=Setup res=0
n232-194-226:233793:233819 [0] NCCL INFO New proxy send connection 19 from local rank 0, transport 0
n232-194-226:233793:233819 [0] NCCL INFO proxyProgressAsync opId=0x7f1956bbb210 op.type=1 op.reqBuff=0x7f197010a8e0 op.respSize=16 done
n232-194-226:233793:233803 [0] NCCL INFO ncclPollProxyResponse Received new opId=0x7f1956bbb210
n232-194-226:233793:233803 [0] NCCL INFO recvOpId=0x7f1956bbb210 matches expected opId=0x7f1956bbb210
n232-194-226:233793:233803 [0] NCCL INFO Connection to proxy localRank 0 -> connection 0x7f19700037d0
n232-194-226:233793:233819 [0] NCCL INFO Received and initiated operation=Init res=0
n232-194-226:233793:233819 [0] NCCL INFO transport/p2p.cc:204 Cuda Alloc Size 2097152 pointer 0x7f1945e00000
n232-194-226:233793:233819 [0] NCCL INFO Allocated shareable buffer 0x7f1945e00000 size 2097152 ipcDesc 0x7f19700dbbf0
n232-194-226:233793:233819 [0] NCCL INFO proxyProgressAsync opId=0x7f1956bbb210 op.type=3 op.reqBuff=0x7f197010a8e0 op.respSize=80 done
n232-194-226:233793:233803 [0] NCCL INFO ncclPollProxyResponse Received new opId=0x7f1956bbb210
n232-194-226:233793:233803 [0] NCCL INFO recvOpId=0x7f1956bbb210 matches expected opId=0x7f1956bbb210
n232-194-226:233793:233819 [0] NCCL INFO Received and initiated operation=Setup res=0
n232-194-226:233794:233802 [1] NCCL INFO GPU Direct RDMA Enabled for GPU 34000 / HCA 0 (distance 3 <= 4), read 0
n232-194-226:233793:233803 [0] NCCL INFO GPU Direct RDMA Disabled for GPU f000 / HCA 1 (distance 6 > 4)
n232-194-226:233793:233819 [0] NCCL INFO New proxy recv connection 20 from local rank 0, transport 2
n232-194-226:233793:233819 [0] NCCL INFO proxyProgressAsync opId=0x7f1956bbb210 op.type=1 op.reqBuff=0x7f197010a8e0 op.respSize=16 done
n232-194-226:233794:233818 [1] NCCL INFO New proxy recv connection 20 from local rank 1, transport 2
n232-194-226:233793:233803 [0] NCCL INFO ncclPollProxyResponse Received new opId=0x7f1956bbb210
n232-194-226:233794:233818 [1] NCCL INFO proxyProgressAsync opId=0x7f79c2bb93c0 op.type=1 op.reqBuff=0x7f79b8121bf0 op.respSize=16 done
n232-194-226:233793:233819 [0] NCCL INFO Received and initiated operation=Init res=0
n232-194-226:233794:233802 [1] NCCL INFO ncclPollProxyResponse Received new opId=0x7f79c2bb93c0
n232-194-226:233793:233803 [0] NCCL INFO recvOpId=0x7f1956bbb210 matches expected opId=0x7f1956bbb210
n232-194-226:233793:233803 [0] NCCL INFO Connection to proxy localRank 0 -> connection 0x7f1970003820
n232-194-226:233794:233818 [1] NCCL INFO Received and initiated operation=Init res=0
n232-194-226:233794:233802 [1] NCCL INFO recvOpId=0x7f79c2bb93c0 matches expected opId=0x7f79c2bb93c0
n232-194-226:233794:233802 [1] NCCL INFO Connection to proxy localRank 1 -> connection 0x7f79b8003790
n232-194-226:233793:233819 [0] NCCL INFO proxyProgressAsync opId=0x7f1956bbb210 op.type=3 op.reqBuff=0x7f197003b8f0 op.respSize=128 done
n232-194-226:233794:233818 [1] NCCL INFO proxyProgressAsync opId=0x7f79c2bb93c0 op.type=3 op.reqBuff=0x7f79b80b6fd0 op.respSize=128 done
n232-194-226:233793:233803 [0] NCCL INFO ncclPollProxyResponse Received new opId=0x7f1956bbb210
n232-194-226:233794:233802 [1] NCCL INFO ncclPollProxyResponse Received new opId=0x7f79c2bb93c0
n232-194-226:233793:233803 [0] NCCL INFO recvOpId=0x7f1956bbb210 matches expected opId=0x7f1956bbb210
n232-194-226:233793:233819 [0] NCCL INFO Received and initiated operation=Setup res=0
n232-194-226:233793:233803 [0] NCCL INFO Channel 00/0 : 2[0] -> 0[0] [receive] via NET/IB/1
n232-194-226:233793:233803 [0] NCCL INFO GPU Direct RDMA Disabled for GPU f000 / HCA 1 (distance 6 > 4)
n232-194-226:233794:233802 [1] NCCL INFO recvOpId=0x7f79c2bb93c0 matches expected opId=0x7f79c2bb93c0
n232-194-226:233794:233818 [1] NCCL INFO Received and initiated operation=Setup res=0
n232-194-226:233794:233802 [1] NCCL INFO Channel 01/0 : 3[1] -> 1[1] [receive] via NET/IB/0/GDRDMA
n232-194-226:233794:233802 [1] NCCL INFO GPU Direct RDMA Enabled for GPU 34000 / HCA 0 (distance 3 <= 4), read 0
n232-194-226:233793:233819 [0] NCCL INFO New proxy recv connection 21 from local rank 0, transport 2
n232-194-226:233793:233819 [0] NCCL INFO proxyProgressAsync opId=0x7f1956bbb210 op.type=1 op.reqBuff=0x7f197010af80 op.respSize=16 done
n232-194-226:233793:233803 [0] NCCL INFO ncclPollProxyResponse Received new opId=0x7f1956bbb210
n232-194-226:233793:233819 [0] NCCL INFO Received and initiated operation=Init res=0
n232-194-226:233793:233803 [0] NCCL INFO recvOpId=0x7f1956bbb210 matches expected opId=0x7f1956bbb210
n232-194-226:233793:233803 [0] NCCL INFO Connection to proxy localRank 0 -> connection 0x7f1970003870
n232-194-226:233793:233819 [0] NCCL INFO proxyProgressAsync opId=0x7f1956bbb210 op.type=3 op.reqBuff=0x7f197003b8f0 op.respSize=128 done
n232-194-226:233793:233803 [0] NCCL INFO ncclPollProxyResponse Received new opId=0x7f1956bbb210
n232-194-226:233793:233819 [0] NCCL INFO Received and initiated operation=Setup res=0
n232-194-226:233793:233803 [0] NCCL INFO recvOpId=0x7f1956bbb210 matches expected opId=0x7f1956bbb210
n232-194-226:233793:233803 [0] NCCL INFO Channel 03/0 : 2[0] -> 0[0] [receive] via NET/IB/1
n232-194-226:233793:233803 [0] NCCL INFO GPU Direct RDMA Disabled for GPU f000 / HCA 1 (distance 6 > 4)
n232-194-226:233794:233818 [1] NCCL INFO New proxy recv connection 21 from local rank 1, transport 2
n232-194-226:233794:233818 [1] NCCL INFO proxyProgressAsync opId=0x7f79c2bb93c0 op.type=1 op.reqBuff=0x7f79b8121f70 op.respSize=16 done
n232-194-226:233794:233802 [1] NCCL INFO ncclPollProxyResponse Received new opId=0x7f79c2bb93c0
n232-194-226:233794:233818 [1] NCCL INFO Received and initiated operation=Init res=0
n232-194-226:233794:233802 [1] NCCL INFO recvOpId=0x7f79c2bb93c0 matches expected opId=0x7f79c2bb93c0
n232-194-226:233793:233819 [0] NCCL INFO New proxy recv connection 22 from local rank 0, transport 2
n232-194-226:233794:233802 [1] NCCL INFO Connection to proxy localRank 1 -> connection 0x7f79b80037e0
n232-194-226:233793:233819 [0] NCCL INFO proxyProgressAsync opId=0x7f1956bbb210 op.type=1 op.reqBuff=0x7f19701051d0 op.respSize=16 done
n232-194-226:233793:233803 [0] NCCL INFO ncclPollProxyResponse Received new opId=0x7f1956bbb210
n232-194-226:233793:233819 [0] NCCL INFO Received and initiated operation=Init res=0
n232-194-226:233793:233803 [0] NCCL INFO recvOpId=0x7f1956bbb210 matches expected opId=0x7f1956bbb210
n232-194-226:233793:233803 [0] NCCL INFO Connection to proxy localRank 0 -> connection 0x7f19700038c0
n232-194-226:233793:233819 [0] NCCL INFO proxyProgressAsync opId=0x7f1956bbb210 op.type=3 op.reqBuff=0x7f197003b8f0 op.respSize=128 done
n232-194-226:233794:233818 [1] NCCL INFO proxyProgressAsync opId=0x7f79c2bb93c0 op.type=3 op.reqBuff=0x7f79b80b6fd0 op.respSize=128 done
n232-194-226:233794:233802 [1] NCCL INFO ncclPollProxyResponse Received new opId=0x7f79c2bb93c0
n232-194-226:233793:233803 [0] NCCL INFO ncclPollProxyResponse Received new opId=0x7f1956bbb210
n232-194-226:233794:233818 [1] NCCL INFO Received and initiated operation=Setup res=0
n232-194-226:233793:233819 [0] NCCL INFO Received and initiated operation=Setup res=0
n232-194-226:233793:233803 [0] NCCL INFO recvOpId=0x7f1956bbb210 matches expected opId=0x7f1956bbb210
n232-194-226:233793:233803 [0] NCCL INFO Channel 04/0 : 2[0] -> 0[0] [receive] via NET/IB/1
n232-194-226:233794:233802 [1] NCCL INFO recvOpId=0x7f79c2bb93c0 matches expected opId=0x7f79c2bb93c0
n232-194-226:233793:233803 [0] NCCL INFO GPU Direct RDMA Disabled for GPU f000 / HCA 1 (distance 6 > 4)
n232-194-226:233794:233802 [1] NCCL INFO Channel 02/0 : 3[1] -> 1[1] [receive] via NET/IB/0/GDRDMA
n232-194-226:233794:233802 [1] NCCL INFO GPU Direct RDMA Enabled for GPU 34000 / HCA 0 (distance 3 <= 4), read 0
n232-194-226:233793:233819 [0] NCCL INFO New proxy recv connection 23 from local rank 0, transport 2
n232-194-226:233793:233819 [0] NCCL INFO proxyProgressAsync opId=0x7f1956bbb210 op.type=1 op.reqBuff=0x7f197010af80 op.respSize=16 done
n232-194-226:233793:233803 [0] NCCL INFO ncclPollProxyResponse Received new opId=0x7f1956bbb210
n232-194-226:233793:233819 [0] NCCL INFO Received and initiated operation=Init res=0
n232-194-226:233793:233803 [0] NCCL INFO recvOpId=0x7f1956bbb210 matches expected opId=0x7f1956bbb210
n232-194-226:233793:233803 [0] NCCL INFO Connection to proxy localRank 0 -> connection 0x7f1970003910
n232-194-226:233794:233818 [1] NCCL INFO New proxy recv connection 22 from local rank 1, transport 2
n232-194-226:233794:233818 [1] NCCL INFO proxyProgressAsync opId=0x7f79c2bb93c0 op.type=1 op.reqBuff=0x7f79b80afed0 op.respSize=16 done
n232-194-226:233794:233802 [1] NCCL INFO ncclPollProxyResponse Received new opId=0x7f79c2bb93c0
n232-194-226:233794:233818 [1] NCCL INFO Received and initiated operation=Init res=0
n232-194-226:233794:233802 [1] NCCL INFO recvOpId=0x7f79c2bb93c0 matches expected opId=0x7f79c2bb93c0
n232-194-226:233794:233802 [1] NCCL INFO Connection to proxy localRank 1 -> connection 0x7f79b8003830
n232-194-226:233793:233819 [0] NCCL INFO proxyProgressAsync opId=0x7f1956bbb210 op.type=3 op.reqBuff=0x7f197003b8f0 op.respSize=128 done
n232-194-226:233793:233803 [0] NCCL INFO ncclPollProxyResponse Received new opId=0x7f1956bbb210
n232-194-226:233793:233819 [0] NCCL INFO Received and initiated operation=Setup res=0
n232-194-226:233793:233803 [0] NCCL INFO recvOpId=0x7f1956bbb210 matches expected opId=0x7f1956bbb210
n232-194-226:233793:233803 [0] NCCL INFO Channel 07/0 : 2[0] -> 0[0] [receive] via NET/IB/1
n232-194-226:233793:233803 [0] NCCL INFO GPU Direct RDMA Disabled for GPU f000 / HCA 1 (distance 6 > 4)
n232-194-226:233794:233818 [1] NCCL INFO proxyProgressAsync opId=0x7f79c2bb93c0 op.type=3 op.reqBuff=0x7f79b80b6fd0 op.respSize=128 done
n232-194-226:233793:233819 [0] NCCL INFO New proxy send connection 24 from local rank 0, transport 2
n232-194-226:233793:233819 [0] NCCL INFO proxyProgressAsync opId=0x7f1956bbb210 op.type=1 op.reqBuff=0x7f19701051d0 op.respSize=16 done
n232-194-226:233794:233802 [1] NCCL INFO ncclPollProxyResponse Received new opId=0x7f79c2bb93c0
n232-194-226:233793:233803 [0] NCCL INFO ncclPollProxyResponse Received new opId=0x7f1956bbb210
n232-194-226:233794:233818 [1] NCCL INFO Received and initiated operation=Setup res=0
n232-194-226:233794:233802 [1] NCCL INFO recvOpId=0x7f79c2bb93c0 matches expected opId=0x7f79c2bb93c0
n232-194-226:233793:233803 [0] NCCL INFO recvOpId=0x7f1956bbb210 matches expected opId=0x7f1956bbb210
n232-194-226:233793:233819 [0] NCCL INFO Received and initiated operation=Init res=0
n232-194-226:233794:233802 [1] NCCL INFO Channel 05/0 : 3[1] -> 1[1] [receive] via NET/IB/0/GDRDMA
n232-194-226:233794:233802 [1] NCCL INFO GPU Direct RDMA Enabled for GPU 34000 / HCA 0 (distance 3 <= 4), read 0
n232-194-226:233793:233803 [0] NCCL INFO Connection to proxy localRank 0 -> connection 0x7f1970003960
n232-194-226:233793:233819 [0] NCCL INFO proxyProgressAsync opId=0x7f1956bbb210 op.type=3 op.reqBuff=0x7f197003b8f0 op.respSize=0 done
n232-194-226:233794:233818 [1] NCCL INFO New proxy recv connection 23 from local rank 1, transport 2
n232-194-226:233794:233818 [1] NCCL INFO proxyProgressAsync opId=0x7f79c2bb93c0 op.type=1 op.reqBuff=0x7f79b8121f70 op.respSize=16 done
n232-194-226:233793:233803 [0] NCCL INFO ncclPollProxyResponse Received new opId=0x7f1956bbb210
n232-194-226:233793:233819 [0] NCCL INFO Received and initiated operation=Setup res=0
n232-194-226:233794:233802 [1] NCCL INFO ncclPollProxyResponse Received new opId=0x7f79c2bb93c0
n232-194-226:233793:233803 [0] NCCL INFO recvOpId=0x7f1956bbb210 matches expected opId=0x7f1956bbb210
n232-194-226:233793:233803 [0] NCCL INFO Channel 00/0 : 0[0] -> 2[0] [send] via NET/IB/1
n232-194-226:233794:233818 [1] NCCL INFO Received and initiated operation=Init res=0
n232-194-226:233793:233803 [0] NCCL INFO GPU Direct RDMA Disabled for GPU f000 / HCA 1 (distance 6 > 4)
n232-194-226:233794:233802 [1] NCCL INFO recvOpId=0x7f79c2bb93c0 matches expected opId=0x7f79c2bb93c0
n232-194-226:233794:233802 [1] NCCL INFO Connection to proxy localRank 1 -> connection 0x7f79b8003880
n232-194-226:233793:233819 [0] NCCL INFO New proxy send connection 25 from local rank 0, transport 2
n232-194-226:233793:233819 [0] NCCL INFO proxyProgressAsync opId=0x7f1956bbb210 op.type=1 op.reqBuff=0x7f197010af80 op.respSize=16 done
n232-194-226:233793:233803 [0] NCCL INFO ncclPollProxyResponse Received new opId=0x7f1956bbb210
n232-194-226:233793:233803 [0] NCCL INFO recvOpId=0x7f1956bbb210 matches expected opId=0x7f1956bbb210
n232-194-226:233793:233803 [0] NCCL INFO Connection to proxy localRank 0 -> connection 0x7f19700039b0
n232-194-226:233793:233819 [0] NCCL INFO Received and initiated operation=Init res=0
n232-194-226:233794:233818 [1] NCCL INFO proxyProgressAsync opId=0x7f79c2bb93c0 op.type=3 op.reqBuff=0x7f79b80b6fd0 op.respSize=128 done
n232-194-226:233793:233819 [0] NCCL INFO proxyProgressAsync opId=0x7f1956bbb210 op.type=3 op.reqBuff=0x7f197003b8f0 op.respSize=0 done
n232-194-226:233794:233802 [1] NCCL INFO ncclPollProxyResponse Received new opId=0x7f79c2bb93c0
n232-194-226:233794:233818 [1] NCCL INFO Received and initiated operation=Setup res=0
n232-194-226:233793:233803 [0] NCCL INFO ncclPollProxyResponse Received new opId=0x7f1956bbb210
n232-194-226:233793:233819 [0] NCCL INFO Received and initiated operation=Setup res=0
n232-194-226:233794:233802 [1] NCCL INFO recvOpId=0x7f79c2bb93c0 matches expected opId=0x7f79c2bb93c0
n232-194-226:233794:233802 [1] NCCL INFO Channel 06/0 : 3[1] -> 1[1] [receive] via NET/IB/0/GDRDMA
n232-194-226:233794:233802 [1] NCCL INFO GPU Direct RDMA Enabled for GPU 34000 / HCA 0 (distance 3 <= 4), read 1
n232-194-226:233793:233803 [0] NCCL INFO recvOpId=0x7f1956bbb210 matches expected opId=0x7f1956bbb210
n232-194-226:233793:233803 [0] NCCL INFO Channel 03/0 : 0[0] -> 2[0] [send] via NET/IB/1
n232-194-226:233793:233803 [0] NCCL INFO GPU Direct RDMA Disabled for GPU f000 / HCA 1 (distance 6 > 4)
n232-194-226:233793:233819 [0] NCCL INFO New proxy send connection 26 from local rank 0, transport 2
n232-194-226:233793:233819 [0] NCCL INFO proxyProgressAsync opId=0x7f1956bbb210 op.type=1 op.reqBuff=0x7f19701051d0 op.respSize=16 done
n232-194-226:233794:233818 [1] NCCL INFO New proxy send connection 24 from local rank 1, transport 2
n232-194-226:233794:233818 [1] NCCL INFO proxyProgressAsync opId=0x7f79c2bb93c0 op.type=1 op.reqBuff=0x7f79b80afed0 op.respSize=16 done
n232-194-226:233793:233803 [0] NCCL INFO ncclPollProxyResponse Received new opId=0x7f1956bbb210
n232-194-226:233794:233802 [1] NCCL INFO ncclPollProxyResponse Received new opId=0x7f79c2bb93c0
n232-194-226:233793:233803 [0] NCCL INFO recvOpId=0x7f1956bbb210 matches expected opId=0x7f1956bbb210
n232-194-226:233793:233819 [0] NCCL INFO Received and initiated operation=Init res=0
n232-194-226:233794:233802 [1] NCCL INFO recvOpId=0x7f79c2bb93c0 matches expected opId=0x7f79c2bb93c0
n232-194-226:233794:233818 [1] NCCL INFO Received and initiated operation=Init res=0
n232-194-226:233794:233802 [1] NCCL INFO Connection to proxy localRank 1 -> connection 0x7f79b80038d0
n232-194-226:233793:233803 [0] NCCL INFO Connection to proxy localRank 0 -> connection 0x7f1970003a00
n232-194-226:233793:233819 [0] NCCL INFO proxyProgressAsync opId=0x7f1956bbb210 op.type=3 op.reqBuff=0x7f197003b8f0 op.respSize=0 done
n232-194-226:233794:233818 [1] NCCL INFO proxyProgressAsync opId=0x7f79c2bb93c0 op.type=3 op.reqBuff=0x7f79b80b6fd0 op.respSize=0 done
n232-194-226:233793:233803 [0] NCCL INFO ncclPollProxyResponse Received new opId=0x7f1956bbb210
n232-194-226:233793:233819 [0] NCCL INFO Received and initiated operation=Setup res=0
n232-194-226:233794:233802 [1] NCCL INFO ncclPollProxyResponse Received new opId=0x7f79c2bb93c0
n232-194-226:233794:233818 [1] NCCL INFO Received and initiated operation=Setup res=0
n232-194-226:233793:233803 [0] NCCL INFO recvOpId=0x7f1956bbb210 matches expected opId=0x7f1956bbb210
n232-194-226:233793:233803 [0] NCCL INFO Channel 04/0 : 0[0] -> 2[0] [send] via NET/IB/1
n232-194-226:233794:233802 [1] NCCL INFO recvOpId=0x7f79c2bb93c0 matches expected opId=0x7f79c2bb93c0
n232-194-226:233793:233803 [0] NCCL INFO GPU Direct RDMA Disabled for GPU f000 / HCA 1 (distance 6 > 4)
n232-194-226:233794:233802 [1] NCCL INFO Channel 01/0 : 1[1] -> 3[1] [send] via NET/IB/0/GDRDMA
n232-194-226:233794:233802 [1] NCCL INFO GPU Direct RDMA Enabled for GPU 34000 / HCA 0 (distance 3 <= 4), read 1
n232-194-226:233793:233819 [0] NCCL INFO New proxy send connection 27 from local rank 0, transport 2
n232-194-226:233793:233819 [0] NCCL INFO proxyProgressAsync opId=0x7f1956bbb210 op.type=1 op.reqBuff=0x7f197010af80 op.respSize=16 done
n232-194-226:233793:233803 [0] NCCL INFO ncclPollProxyResponse Received new opId=0x7f1956bbb210
n232-194-226:233794:233818 [1] NCCL INFO New proxy send connection 25 from local rank 1, transport 2
n232-194-226:233794:233818 [1] NCCL INFO proxyProgressAsync opId=0x7f79c2bb93c0 op.type=1 op.reqBuff=0x7f79b8121f70 op.respSize=16 done
n232-194-226:233793:233819 [0] NCCL INFO Received and initiated operation=Init res=0
n232-194-226:233793:233803 [0] NCCL INFO recvOpId=0x7f1956bbb210 matches expected opId=0x7f1956bbb210
n232-194-226:233794:233802 [1] NCCL INFO ncclPollProxyResponse Received new opId=0x7f79c2bb93c0
n232-194-226:233793:233803 [0] NCCL INFO Connection to proxy localRank 0 -> connection 0x7f1970003a50
n232-194-226:233794:233802 [1] NCCL INFO recvOpId=0x7f79c2bb93c0 matches expected opId=0x7f79c2bb93c0
n232-194-226:233794:233802 [1] NCCL INFO Connection to proxy localRank 1 -> connection 0x7f79b8003920
n232-194-226:233794:233818 [1] NCCL INFO Received and initiated operation=Init res=0
n232-194-226:233793:233819 [0] NCCL INFO proxyProgressAsync opId=0x7f1956bbb210 op.type=3 op.reqBuff=0x7f197003b8f0 op.respSize=0 done
n232-194-226:233794:233818 [1] NCCL INFO proxyProgressAsync opId=0x7f79c2bb93c0 op.type=3 op.reqBuff=0x7f79b80b6fd0 op.respSize=0 done
n232-194-226:233793:233803 [0] NCCL INFO ncclPollProxyResponse Received new opId=0x7f1956bbb210
n232-194-226:233793:233819 [0] NCCL INFO Received and initiated operation=Setup res=0
n232-194-226:233794:233802 [1] NCCL INFO ncclPollProxyResponse Received new opId=0x7f79c2bb93c0
n232-194-226:233793:233803 [0] NCCL INFO recvOpId=0x7f1956bbb210 matches expected opId=0x7f1956bbb210
n232-194-226:233794:233818 [1] NCCL INFO Received and initiated operation=Setup res=0
n232-194-226:233793:233803 [0] NCCL INFO Channel 07/0 : 0[0] -> 2[0] [send] via NET/IB/1
n232-194-226:233794:233802 [1] NCCL INFO recvOpId=0x7f79c2bb93c0 matches expected opId=0x7f79c2bb93c0
n232-194-226:233794:233802 [1] NCCL INFO Channel 02/0 : 1[1] -> 3[1] [send] via NET/IB/0/GDRDMA
n232-194-226:233794:233802 [1] NCCL INFO GPU Direct RDMA Enabled for GPU 34000 / HCA 0 (distance 3 <= 4), read 1
n232-194-226:233794:233818 [1] NCCL INFO New proxy send connection 26 from local rank 1, transport 2
n232-194-226:233794:233818 [1] NCCL INFO proxyProgressAsync opId=0x7f79c2bb93c0 op.type=1 op.reqBuff=0x7f79b80afed0 op.respSize=16 done
n232-194-226:233794:233802 [1] NCCL INFO ncclPollProxyResponse Received new opId=0x7f79c2bb93c0
n232-194-226:233794:233818 [1] NCCL INFO Received and initiated operation=Init res=0
n232-194-226:233794:233802 [1] NCCL INFO recvOpId=0x7f79c2bb93c0 matches expected opId=0x7f79c2bb93c0
n232-194-226:233794:233802 [1] NCCL INFO Connection to proxy localRank 1 -> connection 0x7f79b8003970
n232-194-226:233794:233818 [1] NCCL INFO proxyProgressAsync opId=0x7f79c2bb93c0 op.type=3 op.reqBuff=0x7f79b80b6fd0 op.respSize=0 done
n232-194-226:233794:233802 [1] NCCL INFO ncclPollProxyResponse Received new opId=0x7f79c2bb93c0
n232-194-226:233794:233818 [1] NCCL INFO Received and initiated operation=Setup res=0
n232-194-226:233794:233802 [1] NCCL INFO recvOpId=0x7f79c2bb93c0 matches expected opId=0x7f79c2bb93c0
n232-194-226:233794:233802 [1] NCCL INFO Channel 05/0 : 1[1] -> 3[1] [send] via NET/IB/0/GDRDMA
n232-194-226:233794:233802 [1] NCCL INFO GPU Direct RDMA Enabled for GPU 34000 / HCA 0 (distance 3 <= 4), read 1
n232-194-226:233794:233818 [1] NCCL INFO New proxy send connection 27 from local rank 1, transport 2
n232-194-226:233794:233818 [1] NCCL INFO proxyProgressAsync opId=0x7f79c2bb93c0 op.type=1 op.reqBuff=0x7f79b8121f70 op.respSize=16 done
n232-194-226:233794:233802 [1] NCCL INFO ncclPollProxyResponse Received new opId=0x7f79c2bb93c0
n232-194-226:233794:233818 [1] NCCL INFO Received and initiated operation=Init res=0
n232-194-226:233794:233802 [1] NCCL INFO recvOpId=0x7f79c2bb93c0 matches expected opId=0x7f79c2bb93c0
n232-194-226:233794:233802 [1] NCCL INFO Connection to proxy localRank 1 -> connection 0x7f79b80039c0
n232-194-226:233794:233818 [1] NCCL INFO proxyProgressAsync opId=0x7f79c2bb93c0 op.type=3 op.reqBuff=0x7f79b80b6fd0 op.respSize=0 done
n232-194-226:233794:233802 [1] NCCL INFO ncclPollProxyResponse Received new opId=0x7f79c2bb93c0
n232-194-226:233794:233818 [1] NCCL INFO Received and initiated operation=Setup res=0
n232-194-226:233794:233802 [1] NCCL INFO recvOpId=0x7f79c2bb93c0 matches expected opId=0x7f79c2bb93c0
n232-194-226:233794:233802 [1] NCCL INFO Channel 06/0 : 1[1] -> 3[1] [send] via NET/IB/0/GDRDMA
n232-194-226:233793:233819 [0] NCCL INFO New proxy recv connection 28 from local rank 0, transport 0
n232-194-226:233793:233819 [0] NCCL INFO proxyProgressAsync opId=0x7f1956bbb210 op.type=1 op.reqBuff=0x7f19701051d0 op.respSize=16 done
n232-194-226:233793:233803 [0] NCCL INFO ncclPollProxyResponse Received new opId=0x7f1956bbb210
n232-194-226:233793:233819 [0] NCCL INFO Received and initiated operation=Init res=0
n232-194-226:233793:233803 [0] NCCL INFO recvOpId=0x7f1956bbb210 matches expected opId=0x7f1956bbb210
n232-194-226:233793:233803 [0] NCCL INFO Connection to proxy localRank 0 -> connection 0x7f1970003aa0
n232-194-226:233794:233802 [1] NCCL INFO Channel 00/0 : 1[1] -> 0[0] via P2P/IPC
n232-194-226:233793:233819 [0] NCCL INFO transport/p2p.cc:204 Cuda Alloc Size 10485760 pointer 0x7f193e000000
n232-194-226:233794:233818 [1] NCCL INFO New proxy send connection 28 from local rank 1, transport 0
n232-194-226:233793:233819 [0] NCCL INFO Allocated shareable buffer 0x7f193e000000 size 10485760 ipcDesc 0x7f19700dbbf0
n232-194-226:233794:233818 [1] NCCL INFO proxyProgressAsync opId=0x7f79c2bb93c0 op.type=1 op.reqBuff=0x7f79b80afed0 op.respSize=16 done
n232-194-226:233793:233819 [0] NCCL INFO proxyProgressAsync opId=0x7f1956bbb210 op.type=3 op.reqBuff=0x7f197010a8e0 op.respSize=80 done
n232-194-226:233794:233802 [1] NCCL INFO ncclPollProxyResponse Received new opId=0x7f79c2bb93c0
n232-194-226:233793:233803 [0] NCCL INFO ncclPollProxyResponse Received new opId=0x7f1956bbb210
n232-194-226:233794:233818 [1] NCCL INFO Received and initiated operation=Init res=0
n232-194-226:233794:233802 [1] NCCL INFO recvOpId=0x7f79c2bb93c0 matches expected opId=0x7f79c2bb93c0
n232-194-226:233793:233803 [0] NCCL INFO recvOpId=0x7f1956bbb210 matches expected opId=0x7f1956bbb210
n232-194-226:233793:233819 [0] NCCL INFO Received and initiated operation=Setup res=0
n232-194-226:233794:233802 [1] NCCL INFO Connection to proxy localRank 1 -> connection 0x7f79b8003a10
n232-194-226:233793:233819 [0] NCCL INFO New proxy recv connection 29 from local rank 0, transport 0
n232-194-226:233793:233819 [0] NCCL INFO proxyProgressAsync opId=0x7f1956bbb210 op.type=1 op.reqBuff=0x7f197010a8e0 op.respSize=16 done
n232-194-226:233793:233803 [0] NCCL INFO ncclPollProxyResponse Received new opId=0x7f1956bbb210
n232-194-226:233793:233803 [0] NCCL INFO recvOpId=0x7f1956bbb210 matches expected opId=0x7f1956bbb210
n232-194-226:233793:233803 [0] NCCL INFO Connection to proxy localRank 0 -> connection 0x7f1970003af0
n232-194-226:233793:233819 [0] NCCL INFO Received and initiated operation=Init res=0
n232-194-226:233794:233818 [1] NCCL INFO transport/p2p.cc:204 Cuda Alloc Size 2097152 pointer 0x7f79a4a00000
n232-194-226:233794:233818 [1] NCCL INFO Allocated shareable buffer 0x7f79a4a00000 size 2097152 ipcDesc 0x7f79b812e0a0
n232-194-226:233794:233818 [1] NCCL INFO proxyProgressAsync opId=0x7f79c2bb93c0 op.type=3 op.reqBuff=0x7f79b8121bf0 op.respSize=80 done
n232-194-226:233794:233802 [1] NCCL INFO ncclPollProxyResponse Received new opId=0x7f79c2bb93c0
n232-194-226:233794:233818 [1] NCCL INFO Received and initiated operation=Setup res=0
n232-194-226:233794:233802 [1] NCCL INFO recvOpId=0x7f79c2bb93c0 matches expected opId=0x7f79c2bb93c0
n232-194-226:233794:233802 [1] NCCL INFO Channel 02/0 : 1[1] -> 0[0] via P2P/IPC
n232-194-226:233793:233819 [0] NCCL INFO transport/p2p.cc:204 Cuda Alloc Size 10485760 pointer 0x7f193ea00000
n232-194-226:233793:233819 [0] NCCL INFO Allocated shareable buffer 0x7f193ea00000 size 10485760 ipcDesc 0x7f19700dbbf0
n232-194-226:233793:233819 [0] NCCL INFO proxyProgressAsync opId=0x7f1956bbb210 op.type=3 op.reqBuff=0x7f1970105dd0 op.respSize=80 done
n232-194-226:233794:233818 [1] NCCL INFO New proxy send connection 29 from local rank 1, transport 0
n232-194-226:233794:233818 [1] NCCL INFO proxyProgressAsync opId=0x7f79c2bb93c0 op.type=1 op.reqBuff=0x7f79b8121bf0 op.respSize=16 done
n232-194-226:233793:233803 [0] NCCL INFO ncclPollProxyResponse Received new opId=0x7f1956bbb210
n232-194-226:233793:233819 [0] NCCL INFO Received and initiated operation=Setup res=0
n232-194-226:233794:233802 [1] NCCL INFO ncclPollProxyResponse Received new opId=0x7f79c2bb93c0
n232-194-226:233793:233803 [0] NCCL INFO recvOpId=0x7f1956bbb210 matches expected opId=0x7f1956bbb210
n232-194-226:233794:233818 [1] NCCL INFO Received and initiated operation=Init res=0
n232-194-226:233794:233802 [1] NCCL INFO recvOpId=0x7f79c2bb93c0 matches expected opId=0x7f79c2bb93c0
n232-194-226:233794:233802 [1] NCCL INFO Connection to proxy localRank 1 -> connection 0x7f79b8003a60
n232-194-226:233793:233819 [0] NCCL INFO New proxy recv connection 30 from local rank 0, transport 0
n232-194-226:233793:233819 [0] NCCL INFO proxyProgressAsync opId=0x7f1956bbb210 op.type=1 op.reqBuff=0x7f1970105dd0 op.respSize=16 done
n232-194-226:233793:233803 [0] NCCL INFO ncclPollProxyResponse Received new opId=0x7f1956bbb210
n232-194-226:233793:233803 [0] NCCL INFO recvOpId=0x7f1956bbb210 matches expected opId=0x7f1956bbb210
n232-194-226:233793:233803 [0] NCCL INFO Connection to proxy localRank 0 -> connection 0x7f1970003b40
n232-194-226:233793:233819 [0] NCCL INFO Received and initiated operation=Init res=0
n232-194-226:233794:233818 [1] NCCL INFO transport/p2p.cc:204 Cuda Alloc Size 2097152 pointer 0x7f79a4c00000
n232-194-226:233794:233818 [1] NCCL INFO Allocated shareable buffer 0x7f79a4c00000 size 2097152 ipcDesc 0x7f79b812e0a0
n232-194-226:233794:233818 [1] NCCL INFO proxyProgressAsync opId=0x7f79c2bb93c0 op.type=3 op.reqBuff=0x7f79b812efb0 op.respSize=80 done
n232-194-226:233794:233802 [1] NCCL INFO ncclPollProxyResponse Received new opId=0x7f79c2bb93c0
n232-194-226:233794:233818 [1] NCCL INFO Received and initiated operation=Setup res=0
n232-194-226:233794:233802 [1] NCCL INFO recvOpId=0x7f79c2bb93c0 matches expected opId=0x7f79c2bb93c0
n232-194-226:233794:233802 [1] NCCL INFO Channel 04/0 : 1[1] -> 0[0] via P2P/IPC
n232-194-226:233794:233818 [1] NCCL INFO New proxy send connection 30 from local rank 1, transport 0
n232-194-226:233794:233818 [1] NCCL INFO proxyProgressAsync opId=0x7f79c2bb93c0 op.type=1 op.reqBuff=0x7f79b812efb0 op.respSize=16 done
n232-194-226:233794:233802 [1] NCCL INFO ncclPollProxyResponse Received new opId=0x7f79c2bb93c0
n232-194-226:233793:233819 [0] NCCL INFO transport/p2p.cc:204 Cuda Alloc Size 10485760 pointer 0x7f193f400000
n232-194-226:233794:233818 [1] NCCL INFO Received and initiated operation=Init res=0
n232-194-226:233793:233819 [0] NCCL INFO Allocated shareable buffer 0x7f193f400000 size 10485760 ipcDesc 0x7f19700dbbf0
n232-194-226:233794:233802 [1] NCCL INFO recvOpId=0x7f79c2bb93c0 matches expected opId=0x7f79c2bb93c0
n232-194-226:233793:233819 [0] NCCL INFO proxyProgressAsync opId=0x7f1956bbb210 op.type=3 op.reqBuff=0x7f1970105dd0 op.respSize=80 done
n232-194-226:233794:233802 [1] NCCL INFO Connection to proxy localRank 1 -> connection 0x7f79b8003ab0
n232-194-226:233793:233803 [0] NCCL INFO ncclPollProxyResponse Received new opId=0x7f1956bbb210
n232-194-226:233793:233803 [0] NCCL INFO recvOpId=0x7f1956bbb210 matches expected opId=0x7f1956bbb210
n232-194-226:233793:233819 [0] NCCL INFO Received and initiated operation=Setup res=0
n232-194-226:233793:233819 [0] NCCL INFO New proxy recv connection 31 from local rank 0, transport 0
n232-194-226:233793:233819 [0] NCCL INFO proxyProgressAsync opId=0x7f1956bbb210 op.type=1 op.reqBuff=0x7f1970105dd0 op.respSize=16 done
n232-194-226:233793:233803 [0] NCCL INFO ncclPollProxyResponse Received new opId=0x7f1956bbb210
n232-194-226:233793:233819 [0] NCCL INFO Received and initiated operation=Init res=0
n232-194-226:233793:233803 [0] NCCL INFO recvOpId=0x7f1956bbb210 matches expected opId=0x7f1956bbb210
n232-194-226:233793:233803 [0] NCCL INFO Connection to proxy localRank 0 -> connection 0x7f1970003b90
n232-194-226:233794:233818 [1] NCCL INFO transport/p2p.cc:204 Cuda Alloc Size 2097152 pointer 0x7f79a4e00000
n232-194-226:233794:233818 [1] NCCL INFO Allocated shareable buffer 0x7f79a4e00000 size 2097152 ipcDesc 0x7f79b812e0a0
n232-194-226:233794:233818 [1] NCCL INFO proxyProgressAsync opId=0x7f79c2bb93c0 op.type=3 op.reqBuff=0x7f79b812e360 op.respSize=80 done
n232-194-226:233794:233802 [1] NCCL INFO ncclPollProxyResponse Received new opId=0x7f79c2bb93c0
n232-194-226:233794:233818 [1] NCCL INFO Received and initiated operation=Setup res=0
n232-194-226:233794:233802 [1] NCCL INFO recvOpId=0x7f79c2bb93c0 matches expected opId=0x7f79c2bb93c0
n232-194-226:233794:233802 [1] NCCL INFO Channel 06/0 : 1[1] -> 0[0] via P2P/IPC
n232-194-226:233794:233818 [1] NCCL INFO New proxy send connection 31 from local rank 1, transport 0
n232-194-226:233794:233818 [1] NCCL INFO proxyProgressAsync opId=0x7f79c2bb93c0 op.type=1 op.reqBuff=0x7f79b812e360 op.respSize=16 done
n232-194-226:233794:233802 [1] NCCL INFO ncclPollProxyResponse Received new opId=0x7f79c2bb93c0
n232-194-226:233794:233818 [1] NCCL INFO Received and initiated operation=Init res=0
n232-194-226:233794:233802 [1] NCCL INFO recvOpId=0x7f79c2bb93c0 matches expected opId=0x7f79c2bb93c0
n232-194-226:233794:233802 [1] NCCL INFO Connection to proxy localRank 1 -> connection 0x7f79b8003b00
n232-194-226:233793:233819 [0] NCCL INFO transport/p2p.cc:204 Cuda Alloc Size 10485760 pointer 0x7f193c000000
n232-194-226:233793:233819 [0] NCCL INFO Allocated shareable buffer 0x7f193c000000 size 10485760 ipcDesc 0x7f19700dbbf0
n232-194-226:233793:233819 [0] NCCL INFO proxyProgressAsync opId=0x7f1956bbb210 op.type=3 op.reqBuff=0x7f1970105f10 op.respSize=80 done
n232-194-226:233793:233803 [0] NCCL INFO ncclPollProxyResponse Received new opId=0x7f1956bbb210
n232-194-226:233793:233819 [0] NCCL INFO Received and initiated operation=Setup res=0
n232-194-226:233793:233803 [0] NCCL INFO recvOpId=0x7f1956bbb210 matches expected opId=0x7f1956bbb210
n232-194-226:233794:233818 [1] NCCL INFO transport/p2p.cc:204 Cuda Alloc Size 2097152 pointer 0x7f79a5000000
n232-194-226:233794:233818 [1] NCCL INFO Allocated shareable buffer 0x7f79a5000000 size 2097152 ipcDesc 0x7f79b812e0a0
n232-194-226:233794:233818 [1] NCCL INFO proxyProgressAsync opId=0x7f79c2bb93c0 op.type=3 op.reqBuff=0x7f79b8148d60 op.respSize=80 done
n232-194-226:233794:233802 [1] NCCL INFO ncclPollProxyResponse Received new opId=0x7f79c2bb93c0
n232-194-226:233794:233802 [1] NCCL INFO recvOpId=0x7f79c2bb93c0 matches expected opId=0x7f79c2bb93c0
n232-194-226:233794:233818 [1] NCCL INFO Received and initiated operation=Setup res=0
n232-194-226:233793:233803 [0] NCCL INFO Imported shareable buffer device 0 size 10485760 ptr 0x7f193ca00000
n232-194-226:233794:233802 [1] NCCL INFO Imported shareable buffer device 1 size 2097152 ptr 0x7f79a5200000
n232-194-226:233793:233803 [0] NCCL INFO Imported shareable buffer device 0 size 10485760 ptr 0x7f193d400000
n232-194-226:233794:233802 [1] NCCL INFO Imported shareable buffer device 1 size 2097152 ptr 0x7f79a5400000
n232-194-226:233793:233803 [0] NCCL INFO Imported shareable buffer device 0 size 10485760 ptr 0x7f193a000000
n232-194-226:233794:233802 [1] NCCL INFO Imported shareable buffer device 1 size 2097152 ptr 0x7f79a5600000
n232-194-226:233793:233803 [0] NCCL INFO Imported shareable buffer device 0 size 10485760 ptr 0x7f193aa00000
n232-194-226:233793:233803 [0] NCCL INFO sendConnect ncclProxyCallAsync opId=0x7f19573085d0
n232-194-226:233793:233803 [0] NCCL INFO recvConnect ncclProxyCallAsync opId=0x7f19573086f0 &recv->proxyConn=0x7f19573086f8 connectInfo=0x7f1957326af0
n232-194-226:233793:233803 [0] NCCL INFO sendConnect ncclProxyCallAsync opId=0x7f195731d540
n232-194-226:233793:233819 [0] NCCL INFO transport/net_ib.cc:627 Ib Alloc Size 27160 pointer 0x7f1970171000
n232-194-226:233793:233803 [0] NCCL INFO recvConnect ncclProxyCallAsync opId=0x7f195731d660 &recv->proxyConn=0x7f195731d668 connectInfo=0x7f1957326b70
n232-194-226:233793:233803 [0] NCCL INFO sendConnect ncclProxyCallAsync opId=0x7f195731ebb0
n232-194-226:233793:233803 [0] NCCL INFO recvConnect ncclProxyCallAsync opId=0x7f195731ecd0 &recv->proxyConn=0x7f195731ecd8 connectInfo=0x7f1957326bf0
n232-194-226:233793:233803 [0] NCCL INFO sendConnect ncclProxyCallAsync opId=0x7f1957322f00
n232-194-226:233793:233803 [0] NCCL INFO recvConnect ncclProxyCallAsync opId=0x7f1957323020 &recv->proxyConn=0x7f1957323028 connectInfo=0x7f1957326c70
n232-194-226:233794:233802 [1] NCCL INFO Imported shareable buffer device 1 size 2097152 ptr 0x7f79a5800000
n232-194-226:233794:233802 [1] NCCL INFO sendConnect ncclProxyCallAsync opId=0x7f79c331ac68
n232-194-226:233794:233802 [1] NCCL INFO recvConnect ncclProxyCallAsync opId=0x7f79c331ad88 &recv->proxyConn=0x7f79c331ad90 connectInfo=0x7f79c3326f80
n232-194-226:233794:233802 [1] NCCL INFO sendConnect ncclProxyCallAsync opId=0x7f79c331c428
n232-194-226:233794:233818 [1] NCCL INFO transport/net_ib.cc:627 Ib Alloc Size 27160 pointer 0x7f79b8174000
n232-194-226:233794:233802 [1] NCCL INFO recvConnect ncclProxyCallAsync opId=0x7f79c331c548 &recv->proxyConn=0x7f79c331c550 connectInfo=0x7f79c3327000
n232-194-226:233794:233802 [1] NCCL INFO sendConnect ncclProxyCallAsync opId=0x7f79c33208c8
n232-194-226:233794:233802 [1] NCCL INFO recvConnect ncclProxyCallAsync opId=0x7f79c33209e8 &recv->proxyConn=0x7f79c33209f0 connectInfo=0x7f79c3327080
n232-194-226:233794:233802 [1] NCCL INFO sendConnect ncclProxyCallAsync opId=0x7f79c3321f38
n232-194-226:233794:233802 [1] NCCL INFO recvConnect ncclProxyCallAsync opId=0x7f79c3322058 &recv->proxyConn=0x7f79c3322060 connectInfo=0x7f79c3327100
n232-194-226:233793:233819 [0] NCCL INFO NET/IB: Dev 1 Port 1 qpn 22848 mtu 5 LID 25
n232-194-226:233793:233819 [0] NCCL INFO transport/net_ib.cc:679 Ib Alloc Size 552 pointer 0x7f19700b8000
n232-194-226:233793:233819 [0] NCCL INFO Received and initiated operation=Connect res=0
n232-194-226:233793:233819 [0] NCCL INFO transport/net_ib.cc:739 Ib Alloc Size 22280 pointer 0x7f197018d000
n232-194-226:233793:233819 [0] NCCL INFO Received and initiated operation=Connect res=0
n232-194-226:233793:233819 [0] NCCL INFO transport/net_ib.cc:627 Ib Alloc Size 27160 pointer 0x7f1970199000
n232-194-226:233793:233803 [0] NCCL INFO Imported shareable buffer device 0 size 2097152 ptr 0x7f193b400000
n232-194-226:233794:233818 [1] NCCL INFO NET/IB: Dev 0 Port 1 qpn 58189 mtu 5 LID 42
n232-194-226:233794:233818 [1] NCCL INFO transport/net_ib.cc:679 Ib Alloc Size 552 pointer 0x7f79b8186000
n232-194-226:233794:233818 [1] NCCL INFO Received and initiated operation=Connect res=0
n232-194-226:233794:233818 [1] NCCL INFO transport/net_ib.cc:739 Ib Alloc Size 22280 pointer 0x7f79b818d000
n232-194-226:233794:233818 [1] NCCL INFO Received and initiated operation=Connect res=0
n232-194-226:233794:233818 [1] NCCL INFO transport/net_ib.cc:627 Ib Alloc Size 27160 pointer 0x7f79b8199000
n232-194-226:233793:233819 [0] NCCL INFO NET/IB: Dev 1 Port 1 qpn 22849 mtu 5 LID 25
n232-194-226:233793:233819 [0] NCCL INFO transport/net_ib.cc:679 Ib Alloc Size 552 pointer 0x7f19701b0000
n232-194-226:233793:233819 [0] NCCL INFO Received and initiated operation=Connect res=0
n232-194-226:233793:233819 [0] NCCL INFO transport/net_ib.cc:739 Ib Alloc Size 22280 pointer 0x7f19701b7000
n232-194-226:233793:233819 [0] NCCL INFO Received and initiated operation=Connect res=0
n232-194-226:233793:233819 [0] NCCL INFO transport/net_ib.cc:627 Ib Alloc Size 27160 pointer 0x7f19701c3000
n232-194-226:233794:233802 [1] NCCL INFO Imported shareable buffer device 1 size 10485760 ptr 0x7f79a2000000
n232-194-226:233794:233818 [1] NCCL INFO NET/IB: Dev 0 Port 1 qpn 58190 mtu 5 LID 42
n232-194-226:233794:233818 [1] NCCL INFO transport/net_ib.cc:679 Ib Alloc Size 552 pointer 0x7f79b81b1000
n232-194-226:233794:233818 [1] NCCL INFO Received and initiated operation=Connect res=0
n232-194-226:233794:233818 [1] NCCL INFO transport/net_ib.cc:739 Ib Alloc Size 22280 pointer 0x7f79b81b8000
n232-194-226:233794:233818 [1] NCCL INFO Received and initiated operation=Connect res=0
n232-194-226:233794:233818 [1] NCCL INFO transport/net_ib.cc:627 Ib Alloc Size 27160 pointer 0x7f79b81c4000
n232-194-226:233793:233819 [0] NCCL INFO NET/IB: Dev 1 Port 1 qpn 22850 mtu 5 LID 25
n232-194-226:233793:233819 [0] NCCL INFO transport/net_ib.cc:679 Ib Alloc Size 552 pointer 0x7f19701da000
n232-194-226:233793:233819 [0] NCCL INFO Received and initiated operation=Connect res=0
n232-194-226:233793:233819 [0] NCCL INFO transport/net_ib.cc:739 Ib Alloc Size 22280 pointer 0x7f19701e1000
n232-194-226:233793:233819 [0] NCCL INFO Received and initiated operation=Connect res=0
n232-194-226:233793:233819 [0] NCCL INFO transport/net_ib.cc:627 Ib Alloc Size 27160 pointer 0x7f19701ed000
n232-194-226:233793:233803 [0] NCCL INFO Imported shareable buffer device 0 size 2097152 ptr 0x7f193b600000
n232-194-226:233794:233818 [1] NCCL INFO NET/IB: Dev 0 Port 1 qpn 58192 mtu 5 LID 42
n232-194-226:233794:233818 [1] NCCL INFO transport/net_ib.cc:679 Ib Alloc Size 552 pointer 0x7f79b81dc000
n232-194-226:233794:233818 [1] NCCL INFO Received and initiated operation=Connect res=0
n232-194-226:233794:233818 [1] NCCL INFO transport/net_ib.cc:739 Ib Alloc Size 22280 pointer 0x7f79b81e3000
n232-194-226:233793:233819 [0] NCCL INFO NET/IB: Dev 1 Port 1 qpn 22851 mtu 5 LID 25
n232-194-226:233794:233818 [1] NCCL INFO Received and initiated operation=Connect res=0
n232-194-226:233793:233819 [0] NCCL INFO transport/net_ib.cc:679 Ib Alloc Size 552 pointer 0x7f1970205000
n232-194-226:233793:233819 [0] NCCL INFO Received and initiated operation=Connect res=0
n232-194-226:233794:233818 [1] NCCL INFO transport/net_ib.cc:627 Ib Alloc Size 27160 pointer 0x7f79b81ef000
n232-194-226:233793:233819 [0] NCCL INFO transport/net_ib.cc:739 Ib Alloc Size 22280 pointer 0x7f197020c000
n232-194-226:233793:233819 [0] NCCL INFO Received and initiated operation=Connect res=0
n232-194-226:233794:233802 [1] NCCL INFO Imported shareable buffer device 1 size 10485760 ptr 0x7f79a2a00000
n232-194-226:233794:233818 [1] NCCL INFO NET/IB: Dev 0 Port 1 qpn 58193 mtu 5 LID 42
n232-194-226:233794:233818 [1] NCCL INFO transport/net_ib.cc:679 Ib Alloc Size 552 pointer 0x7f79b8207000
n232-194-226:233794:233818 [1] NCCL INFO Received and initiated operation=Connect res=0
n232-194-226:233794:233818 [1] NCCL INFO transport/net_ib.cc:739 Ib Alloc Size 22280 pointer 0x7f79b820e000
n232-194-226:233794:233818 [1] NCCL INFO Received and initiated operation=Connect res=0
n232-194-226:233794:233818 [1] NCCL INFO transport/net_ib.cc:752 Ib Alloc Size 552 pointer 0x7f79b8215000
n232-194-226:233793:233803 [0] NCCL INFO Imported shareable buffer device 0 size 2097152 ptr 0x7f193b800000
n232-194-226:233793:233819 [0] NCCL INFO transport/net_ib.cc:752 Ib Alloc Size 552 pointer 0x7f1970213000
n232-194-226:233794:233802 [1] NCCL INFO Imported shareable buffer device 1 size 10485760 ptr 0x7f79a3400000
n232-194-226:233794:233818 [1] NCCL INFO transport/net_ib.cc:830 Ib Alloc Size 552 pointer 0x7f79b8232000
n232-194-226:233793:233803 [0] NCCL INFO Imported shareable buffer device 0 size 2097152 ptr 0x7f193ba00000
n232-194-226:233793:233819 [0] NCCL INFO transport/net_ib.cc:830 Ib Alloc Size 552 pointer 0x7f1970230000
n232-194-226:233794:233802 [1] NCCL INFO Imported shareable buffer device 1 size 10485760 ptr 0x7f79a0000000
n232-194-226:233794:233818 [1] NCCL INFO transport/net.cc:637 Cuda Alloc Size 9109504 pointer 0x7f79a0a00000
n232-194-226:233794:233818 [1] NCCL INFO transport/net.cc:643 Cuda Host Alloc Size 532480 pointer 0x7f79ab482000
n232-194-226:233794:233818 [1] NCCL INFO proxyProgressAsync opId=0x7f79c331ac68 op.type=4 op.reqBuff=0x7f79b812b580 op.respSize=21040 done
n232-194-226:233794:233802 [1] NCCL INFO ncclPollProxyResponse Received new opId=0x7f79c331ac68
n232-194-226:233794:233802 [1] NCCL INFO Queuing opId=0x7f79c331ac68 respBuff=0x7f79c33b3410 respSize=21040
n232-194-226:233794:233802 [1] NCCL INFO ncclPollProxyResponse Dequeued cached opId=0x7f79c331ac68
n232-194-226:233794:233802 [1] NCCL INFO sendConnect ncclPollProxyResponse opId=0x7f79c331ac68
n232-194-226:233794:233818 [1] NCCL INFO transport/net.cc:773 Cuda Alloc Size 9633792 pointer 0x7f79a1400000
n232-194-226:233794:233818 [1] NCCL INFO transport/net.cc:778 Cuda Host Alloc Size 8192 pointer 0x7f79fcb86200
n232-194-226:233794:233818 [1] NCCL INFO proxyProgressAsync opId=0x7f79c331ad88 op.type=4 op.reqBuff=0x7f79b8148d60 op.respSize=21040 done
n232-194-226:233793:233819 [0] NCCL INFO transport/net.cc:643 Cuda Host Alloc Size 9641984 pointer 0x7f1938000000
n232-194-226:233793:233819 [0] NCCL INFO proxyProgressAsync opId=0x7f19573085d0 op.type=4 op.reqBuff=0x7f1970039f80 op.respSize=21040 done
n232-194-226:233793:233803 [0] NCCL INFO ncclPollProxyResponse Received new opId=0x7f19573085d0
n232-194-226:233793:233803 [0] NCCL INFO Queuing opId=0x7f19573085d0 respBuff=0x7f19573b3010 respSize=21040
n232-194-226:233793:233803 [0] NCCL INFO ncclPollProxyResponse Dequeued cached opId=0x7f19573085d0
n232-194-226:233793:233803 [0] NCCL INFO sendConnect ncclPollProxyResponse opId=0x7f19573085d0
n232-194-226:233794:233802 [1] NCCL INFO ncclPollProxyResponse Received new opId=0x7f79c331ad88
n232-194-226:233794:233802 [1] NCCL INFO Queuing opId=0x7f79c331ad88 respBuff=0x7f79c3367da0 respSize=21040
n232-194-226:233794:233802 [1] NCCL INFO ncclPollProxyResponse Dequeued cached opId=0x7f79c331ad88
n232-194-226:233794:233802 [1] NCCL INFO recvConnect ncclPollProxyResponse opId=0x7f79c331ad88
n232-194-226:233794:233818 [1] NCCL INFO transport/net_ib.cc:752 Ib Alloc Size 552 pointer 0x7f79b8188000
n232-194-226:233793:233819 [0] NCCL INFO transport/net.cc:778 Cuda Host Alloc Size 9641984 pointer 0x7f1938a00000
n232-194-226:233793:233819 [0] NCCL INFO proxyProgressAsync opId=0x7f19573086f0 op.type=4 op.reqBuff=0x7f1970105f10 op.respSize=21040 done
n232-194-226:233793:233803 [0] NCCL INFO ncclPollProxyResponse Received new opId=0x7f19573086f0
n232-194-226:233793:233803 [0] NCCL INFO Queuing opId=0x7f19573086f0 respBuff=0x7f1957367330 respSize=21040
n232-194-226:233793:233803 [0] NCCL INFO ncclPollProxyResponse Dequeued cached opId=0x7f19573086f0
n232-194-226:233793:233803 [0] NCCL INFO recvConnect ncclPollProxyResponse opId=0x7f19573086f0
n232-194-226:233793:233819 [0] NCCL INFO transport/net_ib.cc:752 Ib Alloc Size 552 pointer 0x7f1970188000
n232-194-226:233794:233818 [1] NCCL INFO transport/net_ib.cc:830 Ib Alloc Size 552 pointer 0x7f79b818a000
n232-194-226:233794:233818 [1] NCCL INFO transport/net.cc:637 Cuda Alloc Size 9109504 pointer 0x7f799e000000
n232-194-226:233793:233819 [0] NCCL INFO transport/net_ib.cc:830 Ib Alloc Size 552 pointer 0x7f1970188000
n232-194-226:233794:233818 [1] NCCL INFO transport/net.cc:643 Cuda Host Alloc Size 532480 pointer 0x7f79ab504000
n232-194-226:233794:233818 [1] NCCL INFO proxyProgressAsync opId=0x7f79c331c428 op.type=4 op.reqBuff=0x7f79b8173f70 op.respSize=21040 done
n232-194-226:233794:233802 [1] NCCL INFO ncclPollProxyResponse Received new opId=0x7f79c331c428
n232-194-226:233794:233802 [1] NCCL INFO Queuing opId=0x7f79c331c428 respBuff=0x7f79c3367da0 respSize=21040
n232-194-226:233794:233802 [1] NCCL INFO ncclPollProxyResponse Dequeued cached opId=0x7f79c331c428
n232-194-226:233794:233802 [1] NCCL INFO sendConnect ncclPollProxyResponse opId=0x7f79c331c428
n232-194-226:233794:233818 [1] NCCL INFO transport/net.cc:773 Cuda Alloc Size 9633792 pointer 0x7f799ea00000
n232-194-226:233794:233818 [1] NCCL INFO transport/net.cc:778 Cuda Host Alloc Size 8192 pointer 0x7f79fcb88200
n232-194-226:233794:233818 [1] NCCL INFO proxyProgressAsync opId=0x7f79c331c548 op.type=4 op.reqBuff=0x7f79b80dafd0 op.respSize=21040 done
n232-194-226:233794:233802 [1] NCCL INFO ncclPollProxyResponse Received new opId=0x7f79c331c548
n232-194-226:233794:233802 [1] NCCL INFO Queuing opId=0x7f79c331c548 respBuff=0x7f79c332ffe0 respSize=21040
n232-194-226:233794:233802 [1] NCCL INFO ncclPollProxyResponse Dequeued cached opId=0x7f79c331c548
n232-194-226:233794:233802 [1] NCCL INFO recvConnect ncclPollProxyResponse opId=0x7f79c331c548
n232-194-226:233794:233818 [1] NCCL INFO transport/net_ib.cc:752 Ib Alloc Size 552 pointer 0x7f79b81b3000
n232-194-226:233794:233818 [1] NCCL INFO transport/net_ib.cc:752 Ib Alloc Size 552 pointer 0x7f79b81b5000
n232-194-226:233793:233819 [0] NCCL INFO transport/net.cc:643 Cuda Host Alloc Size 9641984 pointer 0x7f1939400000
n232-194-226:233794:233818 [1] NCCL INFO transport/net.cc:637 Cuda Alloc Size 9109504 pointer 0x7f799f400000
n232-194-226:233793:233819 [0] NCCL INFO proxyProgressAsync opId=0x7f195731d540 op.type=4 op.reqBuff=0x7f19700f7eb0 op.respSize=21040 done
n232-194-226:233793:233803 [0] NCCL INFO ncclPollProxyResponse Received new opId=0x7f195731d540
n232-194-226:233793:233803 [0] NCCL INFO Queuing opId=0x7f195731d540 respBuff=0x7f1957367330 respSize=21040
n232-194-226:233793:233803 [0] NCCL INFO ncclPollProxyResponse Dequeued cached opId=0x7f195731d540
n232-194-226:233793:233803 [0] NCCL INFO sendConnect ncclPollProxyResponse opId=0x7f195731d540
n232-194-226:233794:233818 [1] NCCL INFO transport/net.cc:643 Cuda Host Alloc Size 532480 pointer 0x7f799fe00000
n232-194-226:233794:233818 [1] NCCL INFO proxyProgressAsync opId=0x7f79c33208c8 op.type=4 op.reqBuff=0x7f79b8097220 op.respSize=21040 done
