n232-194-226:234433:234516 [5] NCCL INFO Received and initiated operation=Setup res=0
n232-194-226:234433:234516 [5] NCCL INFO New proxy recv connection 10 from local rank 5, transport 0
n232-194-226:234434:234517 [6] NCCL INFO transport/p2p.cc:204 Cuda Alloc Size 2097152 pointer 0x7fc78ae00000
n232-194-226:234433:234516 [5] NCCL INFO proxyProgressAsync opId=0x7f8c86bbc310 op.type=1 op.reqBuff=0x7f8c7c00c6d0 op.respSize=16 done
n232-194-226:234434:234517 [6] NCCL INFO Allocated shareable buffer 0x7fc78ae00000 size 2097152 ipcDesc 0x7fc79000c600
n232-194-226:234434:234517 [6] NCCL INFO proxyProgressAsync opId=0x7fc79ebbb1f0 op.type=3 op.reqBuff=0x7fc790011950 op.respSize=80 done
n232-194-226:234433:234460 [5] NCCL INFO ncclPollProxyResponse Received new opId=0x7f8c86bbc310
n232-194-226:234434:234463 [6] NCCL INFO ncclPollProxyResponse Received new opId=0x7fc79ebbb1f0
n232-194-226:234433:234460 [5] NCCL INFO recvOpId=0x7f8c86bbc310 matches expected opId=0x7f8c86bbc310
n232-194-226:234433:234460 [5] NCCL INFO Connection to proxy localRank 5 -> connection 0x7f8c7c003470
n232-194-226:234433:234516 [5] NCCL INFO Received and initiated operation=Init res=0
n232-194-226:234434:234463 [6] NCCL INFO recvOpId=0x7fc79ebbb1f0 matches expected opId=0x7fc79ebbb1f0
n232-194-226:234434:234517 [6] NCCL INFO Received and initiated operation=Setup res=0
n232-194-226:234434:234463 [6] NCCL INFO Channel 03/0 : 6[6] -> 5[5] via P2P/IPC
n232-194-226:234434:234517 [6] NCCL INFO New proxy send connection 15 from local rank 6, transport 0
n232-194-226:234434:234517 [6] NCCL INFO proxyProgressAsync opId=0x7fc79ebbb1f0 op.type=1 op.reqBuff=0x7fc790011950 op.respSize=16 done
n232-194-226:234434:234463 [6] NCCL INFO ncclPollProxyResponse Received new opId=0x7fc79ebbb1f0
n232-194-226:234434:234463 [6] NCCL INFO recvOpId=0x7fc79ebbb1f0 matches expected opId=0x7fc79ebbb1f0
n232-194-226:234434:234517 [6] NCCL INFO Received and initiated operation=Init res=0
n232-194-226:234434:234463 [6] NCCL INFO Connection to proxy localRank 6 -> connection 0x7fc790003600
n232-194-226:234433:234516 [5] NCCL INFO transport/p2p.cc:204 Cuda Alloc Size 10485760 pointer 0x7f8c77400000
n232-194-226:234433:234516 [5] NCCL INFO Allocated shareable buffer 0x7f8c77400000 size 10485760 ipcDesc 0x7f8c7c00c600
n232-194-226:234433:234516 [5] NCCL INFO proxyProgressAsync opId=0x7f8c86bbc310 op.type=3 op.reqBuff=0x7f8c7c00e3a0 op.respSize=80 done
n232-194-226:234433:234460 [5] NCCL INFO ncclPollProxyResponse Received new opId=0x7f8c86bbc310
n232-194-226:234433:234460 [5] NCCL INFO recvOpId=0x7f8c86bbc310 matches expected opId=0x7f8c86bbc310
n232-194-226:234433:234516 [5] NCCL INFO Received and initiated operation=Setup res=0
n232-194-226:234433:234516 [5] NCCL INFO New proxy recv connection 11 from local rank 5, transport 0
n232-194-226:234433:234516 [5] NCCL INFO proxyProgressAsync opId=0x7f8c86bbc310 op.type=1 op.reqBuff=0x7f8c7c00e3a0 op.respSize=16 done
n232-194-226:234434:234517 [6] NCCL INFO transport/p2p.cc:204 Cuda Alloc Size 2097152 pointer 0x7fc78b000000
n232-194-226:234433:234460 [5] NCCL INFO ncclPollProxyResponse Received new opId=0x7f8c86bbc310
n232-194-226:234434:234517 [6] NCCL INFO Allocated shareable buffer 0x7fc78b000000 size 2097152 ipcDesc 0x7fc79000c600
n232-194-226:234433:234516 [5] NCCL INFO Received and initiated operation=Init res=0
n232-194-226:234434:234517 [6] NCCL INFO proxyProgressAsync opId=0x7fc79ebbb1f0 op.type=3 op.reqBuff=0x7fc790011990 op.respSize=80 done
n232-194-226:234433:234460 [5] NCCL INFO recvOpId=0x7f8c86bbc310 matches expected opId=0x7f8c86bbc310
n232-194-226:234433:234460 [5] NCCL INFO Connection to proxy localRank 5 -> connection 0x7f8c7c0034c0
n232-194-226:234434:234463 [6] NCCL INFO ncclPollProxyResponse Received new opId=0x7fc79ebbb1f0
n232-194-226:234434:234463 [6] NCCL INFO recvOpId=0x7fc79ebbb1f0 matches expected opId=0x7fc79ebbb1f0
n232-194-226:234434:234517 [6] NCCL INFO Received and initiated operation=Setup res=0
n232-194-226:234434:234463 [6] NCCL INFO Channel 04/0 : 6[6] -> 5[5] via P2P/IPC
n232-194-226:234434:234517 [6] NCCL INFO New proxy send connection 16 from local rank 6, transport 0
n232-194-226:234434:234517 [6] NCCL INFO proxyProgressAsync opId=0x7fc79ebbb1f0 op.type=1 op.reqBuff=0x7fc790011990 op.respSize=16 done
n232-194-226:234434:234463 [6] NCCL INFO ncclPollProxyResponse Received new opId=0x7fc79ebbb1f0
n232-194-226:234434:234463 [6] NCCL INFO recvOpId=0x7fc79ebbb1f0 matches expected opId=0x7fc79ebbb1f0
n232-194-226:234434:234463 [6] NCCL INFO Connection to proxy localRank 6 -> connection 0x7fc790003650
n232-194-226:234434:234517 [6] NCCL INFO Received and initiated operation=Init res=0
n232-194-226:234433:234516 [5] NCCL INFO transport/p2p.cc:204 Cuda Alloc Size 10485760 pointer 0x7f8c74000000
n232-194-226:234433:234516 [5] NCCL INFO Allocated shareable buffer 0x7f8c74000000 size 10485760 ipcDesc 0x7f8c7c00c600
n232-194-226:234433:234516 [5] NCCL INFO proxyProgressAsync opId=0x7f8c86bbc310 op.type=3 op.reqBuff=0x7f8c7c00e3e0 op.respSize=80 done
n232-194-226:234433:234460 [5] NCCL INFO ncclPollProxyResponse Received new opId=0x7f8c86bbc310
n232-194-226:234433:234460 [5] NCCL INFO recvOpId=0x7f8c86bbc310 matches expected opId=0x7f8c86bbc310
n232-194-226:234433:234516 [5] NCCL INFO Received and initiated operation=Setup res=0
n232-194-226:234433:234460 [5] NCCL INFO Channel 00/0 : 5[5] -> 4[4] via P2P/IPC
n232-194-226:234433:234516 [5] NCCL INFO New proxy send connection 12 from local rank 5, transport 0
n232-194-226:234433:234516 [5] NCCL INFO proxyProgressAsync opId=0x7f8c86bbc310 op.type=1 op.reqBuff=0x7f8c7c00e3e0 op.respSize=16 done
n232-194-226:234434:234517 [6] NCCL INFO transport/p2p.cc:204 Cuda Alloc Size 2097152 pointer 0x7fc78b200000
n232-194-226:234433:234460 [5] NCCL INFO ncclPollProxyResponse Received new opId=0x7f8c86bbc310
n232-194-226:234433:234516 [5] NCCL INFO Received and initiated operation=Init res=0
n232-194-226:234434:234517 [6] NCCL INFO Allocated shareable buffer 0x7fc78b200000 size 2097152 ipcDesc 0x7fc79000c600
n232-194-226:234434:234517 [6] NCCL INFO proxyProgressAsync opId=0x7fc79ebbb1f0 op.type=3 op.reqBuff=0x7fc790013250 op.respSize=80 done
n232-194-226:234433:234460 [5] NCCL INFO recvOpId=0x7f8c86bbc310 matches expected opId=0x7f8c86bbc310
n232-194-226:234433:234460 [5] NCCL INFO Connection to proxy localRank 5 -> connection 0x7f8c7c003510
n232-194-226:234434:234463 [6] NCCL INFO ncclPollProxyResponse Received new opId=0x7fc79ebbb1f0
n232-194-226:234434:234463 [6] NCCL INFO recvOpId=0x7fc79ebbb1f0 matches expected opId=0x7fc79ebbb1f0
n232-194-226:234434:234517 [6] NCCL INFO Received and initiated operation=Setup res=0
n232-194-226:234434:234463 [6] NCCL INFO Channel 05/0 : 6[6] -> 5[5] via P2P/IPC
n232-194-226:234434:234517 [6] NCCL INFO New proxy send connection 17 from local rank 6, transport 0
n232-194-226:234434:234517 [6] NCCL INFO proxyProgressAsync opId=0x7fc79ebbb1f0 op.type=1 op.reqBuff=0x7fc790013250 op.respSize=16 done
n232-194-226:234434:234463 [6] NCCL INFO ncclPollProxyResponse Received new opId=0x7fc79ebbb1f0
n232-194-226:234434:234463 [6] NCCL INFO recvOpId=0x7fc79ebbb1f0 matches expected opId=0x7fc79ebbb1f0
n232-194-226:234434:234517 [6] NCCL INFO Received and initiated operation=Init res=0
n232-194-226:234434:234463 [6] NCCL INFO Connection to proxy localRank 6 -> connection 0x7fc7900036a0
n232-194-226:234433:234516 [5] NCCL INFO transport/p2p.cc:204 Cuda Alloc Size 2097152 pointer 0x7f8c74a00000
n232-194-226:234433:234516 [5] NCCL INFO Allocated shareable buffer 0x7f8c74a00000 size 2097152 ipcDesc 0x7f8c7c00c600
n232-194-226:234433:234516 [5] NCCL INFO proxyProgressAsync opId=0x7f8c86bbc310 op.type=3 op.reqBuff=0x7f8c7c00fca0 op.respSize=80 done
n232-194-226:234433:234460 [5] NCCL INFO ncclPollProxyResponse Received new opId=0x7f8c86bbc310
n232-194-226:234433:234460 [5] NCCL INFO recvOpId=0x7f8c86bbc310 matches expected opId=0x7f8c86bbc310
n232-194-226:234433:234516 [5] NCCL INFO Received and initiated operation=Setup res=0
n232-194-226:234433:234460 [5] NCCL INFO Channel 01/0 : 5[5] -> 4[4] via P2P/IPC
n232-194-226:234433:234516 [5] NCCL INFO New proxy send connection 13 from local rank 5, transport 0
n232-194-226:234433:234516 [5] NCCL INFO proxyProgressAsync opId=0x7f8c86bbc310 op.type=1 op.reqBuff=0x7f8c7c00fca0 op.respSize=16 done
n232-194-226:234433:234460 [5] NCCL INFO ncclPollProxyResponse Received new opId=0x7f8c86bbc310
n232-194-226:234434:234517 [6] NCCL INFO transport/p2p.cc:204 Cuda Alloc Size 2097152 pointer 0x7fc78b400000
n232-194-226:234434:234517 [6] NCCL INFO Allocated shareable buffer 0x7fc78b400000 size 2097152 ipcDesc 0x7fc79000c600
n232-194-226:234434:234517 [6] NCCL INFO proxyProgressAsync opId=0x7fc79ebbb1f0 op.type=3 op.reqBuff=0x7fc790013290 op.respSize=80 done
n232-194-226:234433:234460 [5] NCCL INFO recvOpId=0x7f8c86bbc310 matches expected opId=0x7f8c86bbc310
n232-194-226:234433:234516 [5] NCCL INFO Received and initiated operation=Init res=0
n232-194-226:234434:234463 [6] NCCL INFO ncclPollProxyResponse Received new opId=0x7fc79ebbb1f0
n232-194-226:234433:234460 [5] NCCL INFO Connection to proxy localRank 5 -> connection 0x7f8c7c003560
n232-194-226:234434:234463 [6] NCCL INFO recvOpId=0x7fc79ebbb1f0 matches expected opId=0x7fc79ebbb1f0
n232-194-226:234434:234517 [6] NCCL INFO Received and initiated operation=Setup res=0
n232-194-226:234434:234463 [6] NCCL INFO Channel 06/0 : 6[6] -> 5[5] via P2P/IPC
n232-194-226:234434:234517 [6] NCCL INFO New proxy send connection 18 from local rank 6, transport 0
n232-194-226:234434:234517 [6] NCCL INFO proxyProgressAsync opId=0x7fc79ebbb1f0 op.type=1 op.reqBuff=0x7fc790013290 op.respSize=16 done
n232-194-226:234434:234463 [6] NCCL INFO ncclPollProxyResponse Received new opId=0x7fc79ebbb1f0
n232-194-226:234434:234517 [6] NCCL INFO Received and initiated operation=Init res=0
n232-194-226:234434:234463 [6] NCCL INFO recvOpId=0x7fc79ebbb1f0 matches expected opId=0x7fc79ebbb1f0
n232-194-226:234434:234463 [6] NCCL INFO Connection to proxy localRank 6 -> connection 0x7fc7900036f0
n232-194-226:234430:234519 [2] NCCL INFO New proxy recv connection 4 from local rank 2, transport 2
n232-194-226:234430:234519 [2] NCCL INFO proxyProgressAsync opId=0x7fd44ebbc3d0 op.type=1 op.reqBuff=0x7fd4400085e0 op.respSize=16 done
n232-194-226:234430:234462 [2] NCCL INFO ncclPollProxyResponse Received new opId=0x7fd44ebbc3d0
n232-194-226:234430:234462 [2] NCCL INFO recvOpId=0x7fd44ebbc3d0 matches expected opId=0x7fd44ebbc3d0
n232-194-226:234430:234519 [2] NCCL INFO Received and initiated operation=Init res=0
n232-194-226:234430:234519 [2] NCCL INFO New proxy send connection 5 from local rank 0, transport 2
n232-194-226:234430:234519 [2] NCCL INFO proxyProgressAsync opId=0x7fcde6bbc1a0 op.type=1 op.reqBuff=0x7fd4400093f0 op.respSize=16 done
n232-194-226:234430:234462 [2] NCCL INFO Connection to proxy localRank 2 -> connection 0x7fd440003290
n232-194-226:234428:234457 [0] NCCL INFO ncclPollProxyResponse Received new opId=0x7fcde6bbc1a0
n232-194-226:234430:234519 [2] NCCL INFO Received and initiated operation=Init res=0
n232-194-226:234428:234457 [0] NCCL INFO recvOpId=0x7fcde6bbc1a0 matches expected opId=0x7fcde6bbc1a0
n232-194-226:234433:234516 [5] NCCL INFO transport/p2p.cc:204 Cuda Alloc Size 2097152 pointer 0x7f8c74c00000
n232-194-226:234428:234457 [0] NCCL INFO Connection to proxy localRank 2 -> connection 0x7fd4400032e0
n232-194-226:234433:234516 [5] NCCL INFO Allocated shareable buffer 0x7f8c74c00000 size 2097152 ipcDesc 0x7f8c7c00c600
n232-194-226:234433:234516 [5] NCCL INFO proxyProgressAsync opId=0x7f8c86bbc310 op.type=3 op.reqBuff=0x7f8c7c00fce0 op.respSize=80 done
n232-194-226:234433:234460 [5] NCCL INFO ncclPollProxyResponse Received new opId=0x7f8c86bbc310
n232-194-226:234433:234516 [5] NCCL INFO Received and initiated operation=Setup res=0
n232-194-226:234433:234460 [5] NCCL INFO recvOpId=0x7f8c86bbc310 matches expected opId=0x7f8c86bbc310
n232-194-226:234433:234460 [5] NCCL INFO Channel 03/0 : 5[5] -> 4[4] via P2P/IPC
n232-194-226:234430:234519 [2] NCCL INFO proxyProgressAsync opId=0x7fd44ebbc3d0 op.type=3 op.reqBuff=0x7fd440009760 op.respSize=128 done
n232-194-226:234430:234462 [2] NCCL INFO ncclPollProxyResponse Received new opId=0x7fd44ebbc3d0
n232-194-226:234430:234519 [2] NCCL INFO Received and initiated operation=Setup res=0
n232-194-226:234430:234462 [2] NCCL INFO recvOpId=0x7fd44ebbc3d0 matches expected opId=0x7fd44ebbc3d0
n232-194-226:234433:234516 [5] NCCL INFO New proxy send connection 14 from local rank 5, transport 0
n232-194-226:234434:234517 [6] NCCL INFO transport/p2p.cc:204 Cuda Alloc Size 2097152 pointer 0x7fc78b600000
n232-194-226:234433:234516 [5] NCCL INFO proxyProgressAsync opId=0x7f8c86bbc310 op.type=1 op.reqBuff=0x7f8c7c00fce0 op.respSize=16 done
n232-194-226:234430:234462 [2] NCCL INFO Channel 00/0 : 7[0] -> 2[2] [receive] via NET/IB/1/GDRDMA
n232-194-226:234434:234517 [6] NCCL INFO Allocated shareable buffer 0x7fc78b600000 size 2097152 ipcDesc 0x7fc79000c600
n232-194-226:234430:234462 [2] NCCL INFO GPU Direct RDMA Enabled for GPU 48000 / HCA 1 (distance 3 <= 4), read 0
n232-194-226:234433:234460 [5] NCCL INFO ncclPollProxyResponse Received new opId=0x7f8c86bbc310
n232-194-226:234434:234517 [6] NCCL INFO proxyProgressAsync opId=0x7fc79ebbb1f0 op.type=3 op.reqBuff=0x7fc790014b50 op.respSize=80 done
n232-194-226:234433:234516 [5] NCCL INFO Received and initiated operation=Init res=0
n232-194-226:234434:234463 [6] NCCL INFO ncclPollProxyResponse Received new opId=0x7fc79ebbb1f0
n232-194-226:234433:234460 [5] NCCL INFO recvOpId=0x7f8c86bbc310 matches expected opId=0x7f8c86bbc310
n232-194-226:234430:234519 [2] NCCL INFO proxyProgressAsync opId=0x7fcde6bbc1a0 op.type=3 op.reqBuff=0x7fd44000ebe0 op.respSize=0 done
n232-194-226:234433:234460 [5] NCCL INFO Connection to proxy localRank 5 -> connection 0x7f8c7c0035b0
n232-194-226:234434:234517 [6] NCCL INFO Received and initiated operation=Setup res=0
n232-194-226:234434:234463 [6] NCCL INFO recvOpId=0x7fc79ebbb1f0 matches expected opId=0x7fc79ebbb1f0
n232-194-226:234428:234457 [0] NCCL INFO ncclPollProxyResponse Received new opId=0x7fcde6bbc1a0
n232-194-226:234430:234519 [2] NCCL INFO Received and initiated operation=Setup res=0
n232-194-226:234428:234457 [0] NCCL INFO recvOpId=0x7fcde6bbc1a0 matches expected opId=0x7fcde6bbc1a0
n232-194-226:234434:234463 [6] NCCL INFO Channel 07/0 : 6[6] -> 5[5] via P2P/IPC
n232-194-226:234428:234457 [0] NCCL INFO Channel 00/0 : 0[0] -> 9[2] [send] via NET/IB/1(2)/GDRDMA
n232-194-226:234428:234457 [0] NCCL INFO GPU Direct RDMA Enabled for GPU f000 / HCA 1 (distance 3 <= 4), read 1
n232-194-226:234430:234519 [2] NCCL INFO New proxy recv connection 6 from local rank 2, transport 2
n232-194-226:234430:234519 [2] NCCL INFO proxyProgressAsync opId=0x7fd44ebbc3d0 op.type=1 op.reqBuff=0x7fd440009700 op.respSize=16 done
n232-194-226:234430:234462 [2] NCCL INFO ncclPollProxyResponse Received new opId=0x7fd44ebbc3d0
n232-194-226:234430:234462 [2] NCCL INFO recvOpId=0x7fd44ebbc3d0 matches expected opId=0x7fd44ebbc3d0
n232-194-226:234430:234462 [2] NCCL INFO Connection to proxy localRank 2 -> connection 0x7fd440003330
n232-194-226:234430:234519 [2] NCCL INFO Received and initiated operation=Init res=0
n232-194-226:234434:234517 [6] NCCL INFO New proxy send connection 19 from local rank 6, transport 0
n232-194-226:234434:234517 [6] NCCL INFO proxyProgressAsync opId=0x7fc79ebbb1f0 op.type=1 op.reqBuff=0x7fc790014b50 op.respSize=16 done
n232-194-226:234434:234463 [6] NCCL INFO ncclPollProxyResponse Received new opId=0x7fc79ebbb1f0
n232-194-226:234430:234519 [2] NCCL INFO New proxy send connection 7 from local rank 0, transport 2
n232-194-226:234434:234517 [6] NCCL INFO Received and initiated operation=Init res=0
n232-194-226:234430:234519 [2] NCCL INFO proxyProgressAsync opId=0x7fcde6bbc1a0 op.type=1 op.reqBuff=0x7fd4400093f0 op.respSize=16 done
n232-194-226:234434:234463 [6] NCCL INFO recvOpId=0x7fc79ebbb1f0 matches expected opId=0x7fc79ebbb1f0
n232-194-226:234434:234463 [6] NCCL INFO Connection to proxy localRank 6 -> connection 0x7fc790003740
n232-194-226:234428:234457 [0] NCCL INFO ncclPollProxyResponse Received new opId=0x7fcde6bbc1a0
n232-194-226:234430:234519 [2] NCCL INFO Received and initiated operation=Init res=0
n232-194-226:234428:234457 [0] NCCL INFO recvOpId=0x7fcde6bbc1a0 matches expected opId=0x7fcde6bbc1a0
n232-194-226:234428:234457 [0] NCCL INFO Connection to proxy localRank 2 -> connection 0x7fd440003380
n232-194-226:234430:234519 [2] NCCL INFO proxyProgressAsync opId=0x7fd44ebbc3d0 op.type=3 op.reqBuff=0x7fd440013ef0 op.respSize=128 done
n232-194-226:234430:234462 [2] NCCL INFO ncclPollProxyResponse Received new opId=0x7fd44ebbc3d0
n232-194-226:234430:234462 [2] NCCL INFO recvOpId=0x7fd44ebbc3d0 matches expected opId=0x7fd44ebbc3d0
n232-194-226:234430:234519 [2] NCCL INFO Received and initiated operation=Setup res=0
n232-194-226:234430:234462 [2] NCCL INFO Channel 03/0 : 7[0] -> 2[2] [receive] via NET/IB/1/GDRDMA
n232-194-226:234430:234462 [2] NCCL INFO GPU Direct RDMA Enabled for GPU 48000 / HCA 1 (distance 3 <= 4), read 0
n232-194-226:234430:234519 [2] NCCL INFO proxyProgressAsync opId=0x7fcde6bbc1a0 op.type=3 op.reqBuff=0x7fd440019330 op.respSize=0 done
n232-194-226:234428:234457 [0] NCCL INFO ncclPollProxyResponse Received new opId=0x7fcde6bbc1a0
n232-194-226:234430:234519 [2] NCCL INFO Received and initiated operation=Setup res=0
n232-194-226:234428:234457 [0] NCCL INFO recvOpId=0x7fcde6bbc1a0 matches expected opId=0x7fcde6bbc1a0
n232-194-226:234428:234457 [0] NCCL INFO Channel 03/0 : 0[0] -> 9[2] [send] via NET/IB/1(2)/GDRDMA
n232-194-226:234428:234457 [0] NCCL INFO GPU Direct RDMA Enabled for GPU f000 / HCA 1 (distance 3 <= 4), read 1
n232-194-226:234430:234519 [2] NCCL INFO New proxy recv connection 8 from local rank 2, transport 2
n232-194-226:234430:234519 [2] NCCL INFO proxyProgressAsync opId=0x7fd44ebbc3d0 op.type=1 op.reqBuff=0x7fd440009700 op.respSize=16 done
n232-194-226:234430:234462 [2] NCCL INFO ncclPollProxyResponse Received new opId=0x7fd44ebbc3d0
n232-194-226:234430:234462 [2] NCCL INFO recvOpId=0x7fd44ebbc3d0 matches expected opId=0x7fd44ebbc3d0
n232-194-226:234430:234519 [2] NCCL INFO Received and initiated operation=Init res=0
n232-194-226:234430:234462 [2] NCCL INFO Connection to proxy localRank 2 -> connection 0x7fd4400033d0
n232-194-226:234433:234516 [5] NCCL INFO transport/p2p.cc:204 Cuda Alloc Size 2097152 pointer 0x7f8c74e00000
n232-194-226:234430:234519 [2] NCCL INFO New proxy send connection 9 from local rank 0, transport 2
n232-194-226:234430:234519 [2] NCCL INFO proxyProgressAsync opId=0x7fcde6bbc1a0 op.type=1 op.reqBuff=0x7fd4400093f0 op.respSize=16 done
n232-194-226:234428:234457 [0] NCCL INFO ncclPollProxyResponse Received new opId=0x7fcde6bbc1a0
n232-194-226:234428:234457 [0] NCCL INFO recvOpId=0x7fcde6bbc1a0 matches expected opId=0x7fcde6bbc1a0
n232-194-226:234430:234519 [2] NCCL INFO Received and initiated operation=Init res=0
n232-194-226:234428:234457 [0] NCCL INFO Connection to proxy localRank 2 -> connection 0x7fd440003420
n232-194-226:234433:234516 [5] NCCL INFO Allocated shareable buffer 0x7f8c74e00000 size 2097152 ipcDesc 0x7f8c7c00c600
n232-194-226:234433:234516 [5] NCCL INFO proxyProgressAsync opId=0x7f8c86bbc310 op.type=3 op.reqBuff=0x7f8c7c011950 op.respSize=80 done
n232-194-226:234433:234460 [5] NCCL INFO ncclPollProxyResponse Received new opId=0x7f8c86bbc310
n232-194-226:234433:234516 [5] NCCL INFO Received and initiated operation=Setup res=0
n232-194-226:234433:234460 [5] NCCL INFO recvOpId=0x7f8c86bbc310 matches expected opId=0x7f8c86bbc310
n232-194-226:234433:234460 [5] NCCL INFO Channel 04/0 : 5[5] -> 4[4] via P2P/IPC
n232-194-226:234430:234519 [2] NCCL INFO proxyProgressAsync opId=0x7fd44ebbc3d0 op.type=3 op.reqBuff=0x7fd44001e640 op.respSize=128 done
n232-194-226:234430:234462 [2] NCCL INFO ncclPollProxyResponse Received new opId=0x7fd44ebbc3d0
n232-194-226:234430:234519 [2] NCCL INFO Received and initiated operation=Setup res=0
n232-194-226:234430:234462 [2] NCCL INFO recvOpId=0x7fd44ebbc3d0 matches expected opId=0x7fd44ebbc3d0
n232-194-226:234430:234462 [2] NCCL INFO Channel 06/0 : 7[0] -> 2[2] [receive] via NET/IB/1/GDRDMA
n232-194-226:234430:234462 [2] NCCL INFO GPU Direct RDMA Enabled for GPU 48000 / HCA 1 (distance 3 <= 4), read 0
n232-194-226:234430:234519 [2] NCCL INFO proxyProgressAsync opId=0x7fcde6bbc1a0 op.type=3 op.reqBuff=0x7fd440023a80 op.respSize=0 done
n232-194-226:234433:234516 [5] NCCL INFO New proxy send connection 15 from local rank 5, transport 0
n232-194-226:234428:234457 [0] NCCL INFO ncclPollProxyResponse Received new opId=0x7fcde6bbc1a0
n232-194-226:234434:234517 [6] NCCL INFO transport/p2p.cc:204 Cuda Alloc Size 2097152 pointer 0x7fc78b800000
n232-194-226:234430:234519 [2] NCCL INFO Received and initiated operation=Setup res=0
n232-194-226:234433:234516 [5] NCCL INFO proxyProgressAsync opId=0x7f8c86bbc310 op.type=1 op.reqBuff=0x7f8c7c011950 op.respSize=16 done
n232-194-226:234428:234457 [0] NCCL INFO recvOpId=0x7fcde6bbc1a0 matches expected opId=0x7fcde6bbc1a0
n232-194-226:234434:234517 [6] NCCL INFO Allocated shareable buffer 0x7fc78b800000 size 2097152 ipcDesc 0x7fc79000c600
n232-194-226:234433:234460 [5] NCCL INFO ncclPollProxyResponse Received new opId=0x7f8c86bbc310
n232-194-226:234430:234519 [2] NCCL INFO New proxy recv connection 10 from local rank 2, transport 2
n232-194-226:234434:234517 [6] NCCL INFO proxyProgressAsync opId=0x7fc79ebbb1f0 op.type=3 op.reqBuff=0x7fc790014b90 op.respSize=80 done
n232-194-226:234428:234457 [0] NCCL INFO Channel 06/0 : 0[0] -> 9[2] [send] via NET/IB/1(2)/GDRDMA
n232-194-226:234430:234519 [2] NCCL INFO proxyProgressAsync opId=0x7fd44ebbc3d0 op.type=1 op.reqBuff=0x7fd440009700 op.respSize=16 done
n232-194-226:234433:234516 [5] NCCL INFO Received and initiated operation=Init res=0
n232-194-226:234428:234457 [0] NCCL INFO GPU Direct RDMA Enabled for GPU f000 / HCA 1 (distance 3 <= 4), read 1
n232-194-226:234433:234460 [5] NCCL INFO recvOpId=0x7f8c86bbc310 matches expected opId=0x7f8c86bbc310
n232-194-226:234430:234462 [2] NCCL INFO ncclPollProxyResponse Received new opId=0x7fd44ebbc3d0
n232-194-226:234433:234460 [5] NCCL INFO Connection to proxy localRank 5 -> connection 0x7f8c7c003600
n232-194-226:234434:234463 [6] NCCL INFO ncclPollProxyResponse Received new opId=0x7fc79ebbb1f0
n232-194-226:234430:234519 [2] NCCL INFO Received and initiated operation=Init res=0
n232-194-226:234434:234517 [6] NCCL INFO Received and initiated operation=Setup res=0
n232-194-226:234430:234462 [2] NCCL INFO recvOpId=0x7fd44ebbc3d0 matches expected opId=0x7fd44ebbc3d0
n232-194-226:234434:234463 [6] NCCL INFO recvOpId=0x7fc79ebbb1f0 matches expected opId=0x7fc79ebbb1f0
n232-194-226:234430:234462 [2] NCCL INFO Connection to proxy localRank 2 -> connection 0x7fd440003470
n232-194-226:234434:234463 [6] NCCL INFO Channel 08/0 : 6[6] -> 5[5] via P2P/IPC
n232-194-226:234430:234519 [2] NCCL INFO New proxy send connection 11 from local rank 0, transport 2
n232-194-226:234430:234519 [2] NCCL INFO proxyProgressAsync opId=0x7fcde6bbc1a0 op.type=1 op.reqBuff=0x7fd4400093f0 op.respSize=16 done
n232-194-226:234428:234457 [0] NCCL INFO ncclPollProxyResponse Received new opId=0x7fcde6bbc1a0
n232-194-226:234430:234519 [2] NCCL INFO Received and initiated operation=Init res=0
n232-194-226:234428:234457 [0] NCCL INFO recvOpId=0x7fcde6bbc1a0 matches expected opId=0x7fcde6bbc1a0
n232-194-226:234428:234457 [0] NCCL INFO Connection to proxy localRank 2 -> connection 0x7fd4400034c0
n232-194-226:234434:234517 [6] NCCL INFO New proxy send connection 20 from local rank 6, transport 0
n232-194-226:234434:234517 [6] NCCL INFO proxyProgressAsync opId=0x7fc79ebbb1f0 op.type=1 op.reqBuff=0x7fc790014b90 op.respSize=16 done
n232-194-226:234434:234463 [6] NCCL INFO ncclPollProxyResponse Received new opId=0x7fc79ebbb1f0
n232-194-226:234434:234463 [6] NCCL INFO recvOpId=0x7fc79ebbb1f0 matches expected opId=0x7fc79ebbb1f0
n232-194-226:234430:234519 [2] NCCL INFO proxyProgressAsync opId=0x7fd44ebbc3d0 op.type=3 op.reqBuff=0x7fd440028d90 op.respSize=128 done
n232-194-226:234434:234463 [6] NCCL INFO Connection to proxy localRank 6 -> connection 0x7fc790003790
n232-194-226:234430:234462 [2] NCCL INFO ncclPollProxyResponse Received new opId=0x7fd44ebbc3d0
n232-194-226:234434:234517 [6] NCCL INFO Received and initiated operation=Init res=0
n232-194-226:234430:234519 [2] NCCL INFO Received and initiated operation=Setup res=0
n232-194-226:234430:234462 [2] NCCL INFO recvOpId=0x7fd44ebbc3d0 matches expected opId=0x7fd44ebbc3d0
n232-194-226:234430:234462 [2] NCCL INFO Channel 09/0 : 7[0] -> 2[2] [receive] via NET/IB/1/GDRDMA
n232-194-226:234430:234519 [2] NCCL INFO proxyProgressAsync opId=0x7fcde6bbc1a0 op.type=3 op.reqBuff=0x7fd44002e1d0 op.respSize=0 done
n232-194-226:234428:234457 [0] NCCL INFO ncclPollProxyResponse Received new opId=0x7fcde6bbc1a0
n232-194-226:234430:234519 [2] NCCL INFO Received and initiated operation=Setup res=0
n232-194-226:234428:234457 [0] NCCL INFO recvOpId=0x7fcde6bbc1a0 matches expected opId=0x7fcde6bbc1a0
n232-194-226:234428:234457 [0] NCCL INFO Channel 09/0 : 0[0] -> 9[2] [send] via NET/IB/1(2)/GDRDMA
n232-194-226:234433:234516 [5] NCCL INFO transport/p2p.cc:204 Cuda Alloc Size 2097152 pointer 0x7f8c75000000
n232-194-226:234433:234516 [5] NCCL INFO Allocated shareable buffer 0x7f8c75000000 size 2097152 ipcDesc 0x7f8c7c00c600
n232-194-226:234433:234516 [5] NCCL INFO proxyProgressAsync opId=0x7f8c86bbc310 op.type=3 op.reqBuff=0x7f8c7c011990 op.respSize=80 done
n232-194-226:234433:234460 [5] NCCL INFO ncclPollProxyResponse Received new opId=0x7f8c86bbc310
n232-194-226:234433:234460 [5] NCCL INFO recvOpId=0x7f8c86bbc310 matches expected opId=0x7f8c86bbc310
n232-194-226:234433:234516 [5] NCCL INFO Received and initiated operation=Setup res=0
n232-194-226:234430:234519 [2] NCCL INFO New proxy recv connection 12 from local rank 2, transport 0
n232-194-226:234430:234519 [2] NCCL INFO proxyProgressAsync opId=0x7fd44ebbc3d0 op.type=1 op.reqBuff=0x7fd440009700 op.respSize=16 done
n232-194-226:234433:234460 [5] NCCL INFO Channel 06/0 : 5[5] -> 4[4] via P2P/IPC
n232-194-226:234430:234462 [2] NCCL INFO ncclPollProxyResponse Received new opId=0x7fd44ebbc3d0
n232-194-226:234430:234519 [2] NCCL INFO Received and initiated operation=Init res=0
n232-194-226:234430:234462 [2] NCCL INFO recvOpId=0x7fd44ebbc3d0 matches expected opId=0x7fd44ebbc3d0
n232-194-226:234430:234462 [2] NCCL INFO Connection to proxy localRank 2 -> connection 0x7fd440003510
n232-194-226:234433:234516 [5] NCCL INFO New proxy send connection 16 from local rank 5, transport 0
n232-194-226:234433:234516 [5] NCCL INFO proxyProgressAsync opId=0x7f8c86bbc310 op.type=1 op.reqBuff=0x7f8c7c011990 op.respSize=16 done
n232-194-226:234434:234517 [6] NCCL INFO transport/p2p.cc:204 Cuda Alloc Size 2097152 pointer 0x7fc78ba00000
n232-194-226:234434:234517 [6] NCCL INFO Allocated shareable buffer 0x7fc78ba00000 size 2097152 ipcDesc 0x7fc79000c600
n232-194-226:234434:234517 [6] NCCL INFO proxyProgressAsync opId=0x7fc79ebbb1f0 op.type=3 op.reqBuff=0x7fc790016450 op.respSize=80 done
n232-194-226:234433:234460 [5] NCCL INFO ncclPollProxyResponse Received new opId=0x7f8c86bbc310
n232-194-226:234434:234463 [6] NCCL INFO ncclPollProxyResponse Received new opId=0x7fc79ebbb1f0
n232-194-226:234433:234516 [5] NCCL INFO Received and initiated operation=Init res=0
n232-194-226:234434:234517 [6] NCCL INFO Received and initiated operation=Setup res=0
n232-194-226:234433:234460 [5] NCCL INFO recvOpId=0x7f8c86bbc310 matches expected opId=0x7f8c86bbc310
n232-194-226:234433:234460 [5] NCCL INFO Connection to proxy localRank 5 -> connection 0x7f8c7c003650
n232-194-226:234434:234463 [6] NCCL INFO recvOpId=0x7fc79ebbb1f0 matches expected opId=0x7fc79ebbb1f0
n232-194-226:234428:234457 [0] NCCL INFO GPU Direct RDMA Enabled for GPU f000 / HCA 2 (distance 3 <= 4), read 1
n232-194-226:234434:234463 [6] NCCL INFO Channel 09/0 : 6[6] -> 5[5] via P2P/IPC
n232-194-226:234434:234517 [6] NCCL INFO New proxy send connection 21 from local rank 6, transport 0
n232-194-226:234434:234517 [6] NCCL INFO proxyProgressAsync opId=0x7fc79ebbb1f0 op.type=1 op.reqBuff=0x7fc790016450 op.respSize=16 done
n232-194-226:234434:234463 [6] NCCL INFO ncclPollProxyResponse Received new opId=0x7fc79ebbb1f0
n232-194-226:234434:234463 [6] NCCL INFO recvOpId=0x7fc79ebbb1f0 matches expected opId=0x7fc79ebbb1f0
n232-194-226:234434:234463 [6] NCCL INFO Connection to proxy localRank 6 -> connection 0x7fc7900037e0
n232-194-226:234434:234517 [6] NCCL INFO Received and initiated operation=Init res=0
n232-194-226:234431:234518 [3] NCCL INFO New proxy send connection 8 from local rank 0, transport 2
n232-194-226:234431:234518 [3] NCCL INFO proxyProgressAsync opId=0x7fcde6bbc1a0 op.type=1 op.reqBuff=0x7f7bc000eb80 op.respSize=16 done
n232-194-226:234428:234457 [0] NCCL INFO ncclPollProxyResponse Received new opId=0x7fcde6bbc1a0
n232-194-226:234428:234457 [0] NCCL INFO recvOpId=0x7fcde6bbc1a0 matches expected opId=0x7fcde6bbc1a0
n232-194-226:234431:234518 [3] NCCL INFO Received and initiated operation=Init res=0
n232-194-226:234428:234457 [0] NCCL INFO Connection to proxy localRank 3 -> connection 0x7f7bc00033d0
n232-194-226:234431:234518 [3] NCCL INFO proxyProgressAsync opId=0x7fcde6bbc1a0 op.type=3 op.reqBuff=0x7f7bc001e8a0 op.respSize=0 done
n232-194-226:234428:234457 [0] NCCL INFO ncclPollProxyResponse Received new opId=0x7fcde6bbc1a0
n232-194-226:234431:234518 [3] NCCL INFO Received and initiated operation=Setup res=0
n232-194-226:234428:234457 [0] NCCL INFO recvOpId=0x7fcde6bbc1a0 matches expected opId=0x7fcde6bbc1a0
n232-194-226:234428:234457 [0] NCCL INFO Channel 01/0 : 0[0] -> 10[3] [send] via NET/IB/2(3)/GDRDMA
n232-194-226:234428:234457 [0] NCCL INFO GPU Direct RDMA Enabled for GPU f000 / HCA 2 (distance 3 <= 4), read 1
n232-194-226:234431:234518 [3] NCCL INFO New proxy send connection 9 from local rank 0, transport 2
n232-194-226:234431:234518 [3] NCCL INFO proxyProgressAsync opId=0x7fcde6bbc1a0 op.type=1 op.reqBuff=0x7f7bc00093f0 op.respSize=16 done
n232-194-226:234428:234457 [0] NCCL INFO ncclPollProxyResponse Received new opId=0x7fcde6bbc1a0
n232-194-226:234428:234457 [0] NCCL INFO recvOpId=0x7fcde6bbc1a0 matches expected opId=0x7fcde6bbc1a0
n232-194-226:234431:234518 [3] NCCL INFO Received and initiated operation=Init res=0
n232-194-226:234428:234457 [0] NCCL INFO Connection to proxy localRank 3 -> connection 0x7f7bc0003420
n232-194-226:234431:234518 [3] NCCL INFO proxyProgressAsync opId=0x7fcde6bbc1a0 op.type=3 op.reqBuff=0x7f7bc0023bb0 op.respSize=0 done
n232-194-226:234428:234457 [0] NCCL INFO ncclPollProxyResponse Received new opId=0x7fcde6bbc1a0
n232-194-226:234431:234518 [3] NCCL INFO Received and initiated operation=Setup res=0
n232-194-226:234428:234457 [0] NCCL INFO recvOpId=0x7fcde6bbc1a0 matches expected opId=0x7fcde6bbc1a0
n232-194-226:234428:234457 [0] NCCL INFO Channel 04/0 : 0[0] -> 10[3] [send] via NET/IB/2(3)/GDRDMA
n232-194-226:234428:234457 [0] NCCL INFO GPU Direct RDMA Enabled for GPU f000 / HCA 2 (distance 3 <= 4), read 1
n232-194-226:234431:234518 [3] NCCL INFO New proxy send connection 10 from local rank 0, transport 2
n232-194-226:234431:234518 [3] NCCL INFO proxyProgressAsync opId=0x7fcde6bbc1a0 op.type=1 op.reqBuff=0x7f7bc000eb80 op.respSize=16 done
n232-194-226:234428:234457 [0] NCCL INFO ncclPollProxyResponse Received new opId=0x7fcde6bbc1a0
n232-194-226:234431:234518 [3] NCCL INFO Received and initiated operation=Init res=0
n232-194-226:234428:234457 [0] NCCL INFO recvOpId=0x7fcde6bbc1a0 matches expected opId=0x7fcde6bbc1a0
n232-194-226:234428:234457 [0] NCCL INFO Connection to proxy localRank 3 -> connection 0x7f7bc0003470
n232-194-226:234431:234518 [3] NCCL INFO proxyProgressAsync opId=0x7fcde6bbc1a0 op.type=3 op.reqBuff=0x7f7bc0028ec0 op.respSize=0 done
n232-194-226:234433:234516 [5] NCCL INFO transport/p2p.cc:204 Cuda Alloc Size 2097152 pointer 0x7f8c75200000
n232-194-226:234428:234457 [0] NCCL INFO ncclPollProxyResponse Received new opId=0x7fcde6bbc1a0
n232-194-226:234431:234518 [3] NCCL INFO Received and initiated operation=Setup res=0
n232-194-226:234428:234457 [0] NCCL INFO recvOpId=0x7fcde6bbc1a0 matches expected opId=0x7fcde6bbc1a0
n232-194-226:234428:234457 [0] NCCL INFO Channel 07/0 : 0[0] -> 10[3] [send] via NET/IB/2(3)/GDRDMA
n232-194-226:234428:234457 [0] NCCL INFO GPU Direct RDMA Enabled for GPU f000 / HCA 2 (distance 3 <= 4), read 1
n232-194-226:234433:234516 [5] NCCL INFO Allocated shareable buffer 0x7f8c75200000 size 2097152 ipcDesc 0x7f8c7c00c600
n232-194-226:234433:234516 [5] NCCL INFO proxyProgressAsync opId=0x7f8c86bbc310 op.type=3 op.reqBuff=0x7f8c7c013250 op.respSize=80 done
n232-194-226:234433:234460 [5] NCCL INFO ncclPollProxyResponse Received new opId=0x7f8c86bbc310
n232-194-226:234433:234516 [5] NCCL INFO Received and initiated operation=Setup res=0
n232-194-226:234430:234519 [2] NCCL INFO transport/p2p.cc:204 Cuda Alloc Size 10485760 pointer 0x7fd448e00000
n232-194-226:234433:234460 [5] NCCL INFO recvOpId=0x7f8c86bbc310 matches expected opId=0x7f8c86bbc310
n232-194-226:234431:234518 [3] NCCL INFO New proxy send connection 11 from local rank 0, transport 2
n232-194-226:234433:234460 [5] NCCL INFO Channel 07/0 : 5[5] -> 4[4] via P2P/IPC
n232-194-226:234431:234518 [3] NCCL INFO proxyProgressAsync opId=0x7fcde6bbc1a0 op.type=1 op.reqBuff=0x7f7bc00093f0 op.respSize=16 done
n232-194-226:234430:234519 [2] NCCL INFO Allocated shareable buffer 0x7fd448e00000 size 10485760 ipcDesc 0x7fd4400334f0
n232-194-226:234430:234519 [2] NCCL INFO proxyProgressAsync opId=0x7fd44ebbc3d0 op.type=3 op.reqBuff=0x7fd4400093f0 op.respSize=80 done
n232-194-226:234428:234457 [0] NCCL INFO ncclPollProxyResponse Received new opId=0x7fcde6bbc1a0
n232-194-226:234434:234517 [6] NCCL INFO transport/p2p.cc:204 Cuda Alloc Size 2097152 pointer 0x7fc78bc00000
n232-194-226:234430:234462 [2] NCCL INFO ncclPollProxyResponse Received new opId=0x7fd44ebbc3d0
n232-194-226:234428:234457 [0] NCCL INFO recvOpId=0x7fcde6bbc1a0 matches expected opId=0x7fcde6bbc1a0
n232-194-226:234428:234457 [0] NCCL INFO Connection to proxy localRank 3 -> connection 0x7f7bc00034c0
n232-194-226:234434:234517 [6] NCCL INFO Allocated shareable buffer 0x7fc78bc00000 size 2097152 ipcDesc 0x7fc79000c600
n232-194-226:234431:234518 [3] NCCL INFO Received and initiated operation=Init res=0
n232-194-226:234430:234462 [2] NCCL INFO recvOpId=0x7fd44ebbc3d0 matches expected opId=0x7fd44ebbc3d0
n232-194-226:234434:234517 [6] NCCL INFO proxyProgressAsync opId=0x7fc79ebbb1f0 op.type=3 op.reqBuff=0x7fc790016490 op.respSize=80 done
n232-194-226:234434:234463 [6] NCCL INFO ncclPollProxyResponse Received new opId=0x7fc79ebbb1f0
n232-194-226:234430:234519 [2] NCCL INFO Received and initiated operation=Setup res=0
n232-194-226:234433:234516 [5] NCCL INFO New proxy send connection 17 from local rank 5, transport 0
n232-194-226:234434:234517 [6] NCCL INFO Received and initiated operation=Setup res=0
n232-194-226:234433:234516 [5] NCCL INFO proxyProgressAsync opId=0x7f8c86bbc310 op.type=1 op.reqBuff=0x7f8c7c013250 op.respSize=16 done
n232-194-226:234434:234463 [6] NCCL INFO recvOpId=0x7fc79ebbb1f0 matches expected opId=0x7fc79ebbb1f0
n232-194-226:234433:234460 [5] NCCL INFO ncclPollProxyResponse Received new opId=0x7f8c86bbc310
n232-194-226:234434:234463 [6] NCCL INFO Channel 10/0 : 6[6] -> 5[5] via P2P/IPC
n232-194-226:234433:234516 [5] NCCL INFO Received and initiated operation=Init res=0
n232-194-226:234433:234460 [5] NCCL INFO recvOpId=0x7f8c86bbc310 matches expected opId=0x7f8c86bbc310
n232-194-226:234433:234460 [5] NCCL INFO Connection to proxy localRank 5 -> connection 0x7f8c7c0036a0
n232-194-226:234431:234518 [3] NCCL INFO proxyProgressAsync opId=0x7fcde6bbc1a0 op.type=3 op.reqBuff=0x7f7bc002e1d0 op.respSize=0 done
n232-194-226:234430:234519 [2] NCCL INFO New proxy recv connection 13 from local rank 2, transport 0
n232-194-226:234428:234457 [0] NCCL INFO ncclPollProxyResponse Received new opId=0x7fcde6bbc1a0
n232-194-226:234430:234519 [2] NCCL INFO proxyProgressAsync opId=0x7fd44ebbc3d0 op.type=1 op.reqBuff=0x7fd4400093f0 op.respSize=16 done
n232-194-226:234431:234518 [3] NCCL INFO Received and initiated operation=Setup res=0
n232-194-226:234430:234462 [2] NCCL INFO ncclPollProxyResponse Received new opId=0x7fd44ebbc3d0
n232-194-226:234428:234457 [0] NCCL INFO recvOpId=0x7fcde6bbc1a0 matches expected opId=0x7fcde6bbc1a0
n232-194-226:234428:234457 [0] NCCL INFO Channel 10/0 : 0[0] -> 10[3] [send] via NET/IB/2(3)/GDRDMA
n232-194-226:234434:234517 [6] NCCL INFO New proxy send connection 22 from local rank 6, transport 0
n232-194-226:234430:234462 [2] NCCL INFO recvOpId=0x7fd44ebbc3d0 matches expected opId=0x7fd44ebbc3d0
n232-194-226:234430:234519 [2] NCCL INFO Received and initiated operation=Init res=0
n232-194-226:234434:234517 [6] NCCL INFO proxyProgressAsync opId=0x7fc79ebbb1f0 op.type=1 op.reqBuff=0x7fc790016490 op.respSize=16 done
n232-194-226:234430:234462 [2] NCCL INFO Connection to proxy localRank 2 -> connection 0x7fd440003560
n232-194-226:234434:234463 [6] NCCL INFO ncclPollProxyResponse Received new opId=0x7fc79ebbb1f0
n232-194-226:234434:234463 [6] NCCL INFO recvOpId=0x7fc79ebbb1f0 matches expected opId=0x7fc79ebbb1f0
n232-194-226:234434:234463 [6] NCCL INFO Connection to proxy localRank 6 -> connection 0x7fc790003830
n232-194-226:234434:234517 [6] NCCL INFO Received and initiated operation=Init res=0
n232-194-226:234431:234461 [3] NCCL INFO Channel 00/0 : 3[3] -> 1[1] via P2P/IPC
n232-194-226:234431:234518 [3] NCCL INFO New proxy send connection 12 from local rank 3, transport 0
n232-194-226:234431:234518 [3] NCCL INFO proxyProgressAsync opId=0x7f7bcabbc310 op.type=1 op.reqBuff=0x7f7bc000eb80 op.respSize=16 done
n232-194-226:234431:234461 [3] NCCL INFO ncclPollProxyResponse Received new opId=0x7f7bcabbc310
n232-194-226:234431:234461 [3] NCCL INFO recvOpId=0x7f7bcabbc310 matches expected opId=0x7f7bcabbc310
n232-194-226:234431:234461 [3] NCCL INFO Connection to proxy localRank 3 -> connection 0x7f7bc0003510
n232-194-226:234431:234518 [3] NCCL INFO Received and initiated operation=Init res=0
n232-194-226:234433:234516 [5] NCCL INFO transport/p2p.cc:204 Cuda Alloc Size 2097152 pointer 0x7f8c75400000
n232-194-226:234428:234515 [0] NCCL INFO New proxy recv connection 4 from local rank 0, transport 0
n232-194-226:234428:234515 [0] NCCL INFO proxyProgressAsync opId=0x7fcde6bbc1a0 op.type=1 op.reqBuff=0x7fcdfc0085e0 op.respSize=16 done
n232-194-226:234428:234457 [0] NCCL INFO ncclPollProxyResponse Received new opId=0x7fcde6bbc1a0
n232-194-226:234428:234515 [0] NCCL INFO Received and initiated operation=Init res=0
n232-194-226:234428:234457 [0] NCCL INFO recvOpId=0x7fcde6bbc1a0 matches expected opId=0x7fcde6bbc1a0
n232-194-226:234428:234457 [0] NCCL INFO Connection to proxy localRank 0 -> connection 0x7fcdfc003290
n232-194-226:234433:234516 [5] NCCL INFO Allocated shareable buffer 0x7f8c75400000 size 2097152 ipcDesc 0x7f8c7c00c600
n232-194-226:234433:234516 [5] NCCL INFO proxyProgressAsync opId=0x7f8c86bbc310 op.type=3 op.reqBuff=0x7f8c7c013290 op.respSize=80 done
n232-194-226:234433:234460 [5] NCCL INFO ncclPollProxyResponse Received new opId=0x7f8c86bbc310
n232-194-226:234433:234516 [5] NCCL INFO Received and initiated operation=Setup res=0
n232-194-226:234433:234460 [5] NCCL INFO recvOpId=0x7f8c86bbc310 matches expected opId=0x7f8c86bbc310
n232-194-226:234433:234460 [5] NCCL INFO Channel 09/0 : 5[5] -> 4[4] via P2P/IPC
n232-194-226:234433:234516 [5] NCCL INFO New proxy send connection 18 from local rank 5, transport 0
n232-194-226:234433:234516 [5] NCCL INFO proxyProgressAsync opId=0x7f8c86bbc310 op.type=1 op.reqBuff=0x7f8c7c013290 op.respSize=16 done
n232-194-226:234433:234460 [5] NCCL INFO ncclPollProxyResponse Received new opId=0x7f8c86bbc310
n232-194-226:234433:234460 [5] NCCL INFO recvOpId=0x7f8c86bbc310 matches expected opId=0x7f8c86bbc310
n232-194-226:234433:234460 [5] NCCL INFO Connection to proxy localRank 5 -> connection 0x7f8c7c0036f0
n232-194-226:234433:234516 [5] NCCL INFO Received and initiated operation=Init res=0
n232-194-226:234434:234517 [6] NCCL INFO transport/p2p.cc:204 Cuda Alloc Size 2097152 pointer 0x7fc78be00000
n232-194-226:234434:234517 [6] NCCL INFO Allocated shareable buffer 0x7fc78be00000 size 2097152 ipcDesc 0x7fc79000c600
n232-194-226:234434:234517 [6] NCCL INFO proxyProgressAsync opId=0x7fc79ebbb1f0 op.type=3 op.reqBuff=0x7fc790017d50 op.respSize=80 done
n232-194-226:234434:234463 [6] NCCL INFO ncclPollProxyResponse Received new opId=0x7fc79ebbb1f0
n232-194-226:234434:234463 [6] NCCL INFO recvOpId=0x7fc79ebbb1f0 matches expected opId=0x7fc79ebbb1f0
n232-194-226:234434:234517 [6] NCCL INFO Received and initiated operation=Setup res=0
n232-194-226:234434:234463 [6] NCCL INFO Channel 11/0 : 6[6] -> 5[5] via P2P/IPC
n232-194-226:234434:234517 [6] NCCL INFO New proxy send connection 23 from local rank 6, transport 0
n232-194-226:234434:234517 [6] NCCL INFO proxyProgressAsync opId=0x7fc79ebbb1f0 op.type=1 op.reqBuff=0x7fc790017d50 op.respSize=16 done
n232-194-226:234434:234463 [6] NCCL INFO ncclPollProxyResponse Received new opId=0x7fc79ebbb1f0
n232-194-226:234434:234463 [6] NCCL INFO recvOpId=0x7fc79ebbb1f0 matches expected opId=0x7fc79ebbb1f0
n232-194-226:234434:234517 [6] NCCL INFO Received and initiated operation=Init res=0
n232-194-226:234434:234463 [6] NCCL INFO Connection to proxy localRank 6 -> connection 0x7fc790003880
n232-194-226:234430:234519 [2] NCCL INFO transport/p2p.cc:204 Cuda Alloc Size 10485760 pointer 0x7fd43e000000
n232-194-226:234431:234518 [3] NCCL INFO transport/p2p.cc:204 Cuda Alloc Size 2097152 pointer 0x7f7bc6e00000
n232-194-226:234428:234515 [0] NCCL INFO transport/p2p.cc:204 Cuda Alloc Size 10485760 pointer 0x7fcde2e00000
n232-194-226:234433:234516 [5] NCCL INFO transport/p2p.cc:204 Cuda Alloc Size 2097152 pointer 0x7f8c75600000
n232-194-226:234430:234519 [2] NCCL INFO Allocated shareable buffer 0x7fd43e000000 size 10485760 ipcDesc 0x7fd4400342a0
n232-194-226:234430:234519 [2] NCCL INFO proxyProgressAsync opId=0x7fd44ebbc3d0 op.type=3 op.reqBuff=0x7fd4400093f0 op.respSize=80 done
n232-194-226:234431:234518 [3] NCCL INFO Allocated shareable buffer 0x7f7bc6e00000 size 2097152 ipcDesc 0x7f7bc00334f0
n232-194-226:234430:234462 [2] NCCL INFO ncclPollProxyResponse Received new opId=0x7fd44ebbc3d0
n232-194-226:234428:234515 [0] NCCL INFO Allocated shareable buffer 0x7fcde2e00000 size 10485760 ipcDesc 0x7fcdfc009460
n232-194-226:234431:234518 [3] NCCL INFO proxyProgressAsync opId=0x7f7bcabbc310 op.type=3 op.reqBuff=0x7f7bc00093f0 op.respSize=80 done
n232-194-226:234428:234515 [0] NCCL INFO proxyProgressAsync opId=0x7fcde6bbc1a0 op.type=3 op.reqBuff=0x7fcdfc0093f0 op.respSize=80 done
n232-194-226:234430:234462 [2] NCCL INFO recvOpId=0x7fd44ebbc3d0 matches expected opId=0x7fd44ebbc3d0
n232-194-226:234430:234519 [2] NCCL INFO Received and initiated operation=Setup res=0
n232-194-226:234428:234457 [0] NCCL INFO ncclPollProxyResponse Received new opId=0x7fcde6bbc1a0
n232-194-226:234431:234461 [3] NCCL INFO ncclPollProxyResponse Received new opId=0x7f7bcabbc310
n232-194-226:234428:234457 [0] NCCL INFO recvOpId=0x7fcde6bbc1a0 matches expected opId=0x7fcde6bbc1a0
n232-194-226:234428:234515 [0] NCCL INFO Received and initiated operation=Setup res=0
n232-194-226:234431:234461 [3] NCCL INFO recvOpId=0x7f7bcabbc310 matches expected opId=0x7f7bcabbc310
n232-194-226:234431:234518 [3] NCCL INFO Received and initiated operation=Setup res=0
n232-194-226:234431:234461 [3] NCCL INFO Channel 03/0 : 3[3] -> 1[1] via P2P/IPC
n232-194-226:234433:234516 [5] NCCL INFO Allocated shareable buffer 0x7f8c75600000 size 2097152 ipcDesc 0x7f8c7c00c600
n232-194-226:234433:234516 [5] NCCL INFO proxyProgressAsync opId=0x7f8c86bbc310 op.type=3 op.reqBuff=0x7f8c7c014b50 op.respSize=80 done
n232-194-226:234433:234460 [5] NCCL INFO ncclPollProxyResponse Received new opId=0x7f8c86bbc310
n232-194-226:234430:234519 [2] NCCL INFO New proxy recv connection 14 from local rank 2, transport 0
n232-194-226:234430:234519 [2] NCCL INFO proxyProgressAsync opId=0x7fd44ebbc3d0 op.type=1 op.reqBuff=0x7fd4400093f0 op.respSize=16 done
n232-194-226:234433:234516 [5] NCCL INFO Received and initiated operation=Setup res=0
n232-194-226:234433:234460 [5] NCCL INFO recvOpId=0x7f8c86bbc310 matches expected opId=0x7f8c86bbc310
n232-194-226:234430:234462 [2] NCCL INFO ncclPollProxyResponse Received new opId=0x7fd44ebbc3d0
n232-194-226:234428:234515 [0] NCCL INFO New proxy recv connection 5 from local rank 0, transport 0
n232-194-226:234428:234515 [0] NCCL INFO proxyProgressAsync opId=0x7fcde6bbc1a0 op.type=1 op.reqBuff=0x7fcdfc0093f0 op.respSize=16 done
n232-194-226:234430:234519 [2] NCCL INFO Received and initiated operation=Init res=0
n232-194-226:234430:234462 [2] NCCL INFO recvOpId=0x7fd44ebbc3d0 matches expected opId=0x7fd44ebbc3d0
n232-194-226:234431:234518 [3] NCCL INFO New proxy send connection 13 from local rank 3, transport 0
n232-194-226:234430:234462 [2] NCCL INFO Connection to proxy localRank 2 -> connection 0x7fd4400035b0
n232-194-226:234433:234460 [5] NCCL INFO Channel 10/0 : 5[5] -> 4[4] via P2P/IPC
n232-194-226:234428:234457 [0] NCCL INFO ncclPollProxyResponse Received new opId=0x7fcde6bbc1a0
n232-194-226:234434:234517 [6] NCCL INFO transport/p2p.cc:204 Cuda Alloc Size 2097152 pointer 0x7fc78de00000
n232-194-226:234431:234518 [3] NCCL INFO proxyProgressAsync opId=0x7f7bcabbc310 op.type=1 op.reqBuff=0x7f7bc00093f0 op.respSize=16 done
n232-194-226:234428:234515 [0] NCCL INFO Received and initiated operation=Init res=0
n232-194-226:234431:234461 [3] NCCL INFO ncclPollProxyResponse Received new opId=0x7f7bcabbc310
n232-194-226:234434:234517 [6] NCCL INFO Allocated shareable buffer 0x7fc78de00000 size 2097152 ipcDesc 0x7fc79000c600
n232-194-226:234428:234457 [0] NCCL INFO recvOpId=0x7fcde6bbc1a0 matches expected opId=0x7fcde6bbc1a0
n232-194-226:234434:234517 [6] NCCL INFO proxyProgressAsync opId=0x7fc79ebbb1f0 op.type=3 op.reqBuff=0x7fc790017d90 op.respSize=80 done
n232-194-226:234428:234457 [0] NCCL INFO Connection to proxy localRank 0 -> connection 0x7fcdfc0032e0
n232-194-226:234431:234518 [3] NCCL INFO Received and initiated operation=Init res=0
n232-194-226:234431:234461 [3] NCCL INFO recvOpId=0x7f7bcabbc310 matches expected opId=0x7f7bcabbc310
n232-194-226:234431:234461 [3] NCCL INFO Connection to proxy localRank 3 -> connection 0x7f7bc0003560
n232-194-226:234433:234516 [5] NCCL INFO New proxy send connection 19 from local rank 5, transport 0
n232-194-226:234434:234463 [6] NCCL INFO ncclPollProxyResponse Received new opId=0x7fc79ebbb1f0
n232-194-226:234433:234516 [5] NCCL INFO proxyProgressAsync opId=0x7f8c86bbc310 op.type=1 op.reqBuff=0x7f8c7c014b50 op.respSize=16 done
n232-194-226:234434:234517 [6] NCCL INFO Received and initiated operation=Setup res=0
n232-194-226:234434:234463 [6] NCCL INFO recvOpId=0x7fc79ebbb1f0 matches expected opId=0x7fc79ebbb1f0
n232-194-226:234433:234460 [5] NCCL INFO ncclPollProxyResponse Received new opId=0x7f8c86bbc310
n232-194-226:234433:234460 [5] NCCL INFO recvOpId=0x7f8c86bbc310 matches expected opId=0x7f8c86bbc310
n232-194-226:234433:234460 [5] NCCL INFO Connection to proxy localRank 5 -> connection 0x7f8c7c003740
n232-194-226:234433:234516 [5] NCCL INFO Received and initiated operation=Init res=0
n232-194-226:234430:234519 [2] NCCL INFO transport/p2p.cc:204 Cuda Alloc Size 10485760 pointer 0x7fd43ea00000
n232-194-226:234430:234519 [2] NCCL INFO Allocated shareable buffer 0x7fd43ea00000 size 10485760 ipcDesc 0x7fd4400354c0
n232-194-226:234430:234519 [2] NCCL INFO proxyProgressAsync opId=0x7fd44ebbc3d0 op.type=3 op.reqBuff=0x7fd4400093f0 op.respSize=80 done
n232-194-226:234430:234462 [2] NCCL INFO ncclPollProxyResponse Received new opId=0x7fd44ebbc3d0
n232-194-226:234430:234519 [2] NCCL INFO Received and initiated operation=Setup res=0
n232-194-226:234430:234462 [2] NCCL INFO recvOpId=0x7fd44ebbc3d0 matches expected opId=0x7fd44ebbc3d0
n232-194-226:234430:234519 [2] NCCL INFO New proxy recv connection 15 from local rank 2, transport 0
n232-194-226:234430:234519 [2] NCCL INFO proxyProgressAsync opId=0x7fd44ebbc3d0 op.type=1 op.reqBuff=0x7fd4400093f0 op.respSize=16 done
n232-194-226:234430:234462 [2] NCCL INFO ncclPollProxyResponse Received new opId=0x7fd44ebbc3d0
n232-194-226:234430:234519 [2] NCCL INFO Received and initiated operation=Init res=0
n232-194-226:234430:234462 [2] NCCL INFO recvOpId=0x7fd44ebbc3d0 matches expected opId=0x7fd44ebbc3d0
n232-194-226:234430:234462 [2] NCCL INFO Connection to proxy localRank 2 -> connection 0x7fd440003600
n232-194-226:234431:234518 [3] NCCL INFO transport/p2p.cc:204 Cuda Alloc Size 2097152 pointer 0x7f7bc7000000
n232-194-226:234431:234518 [3] NCCL INFO Allocated shareable buffer 0x7f7bc7000000 size 2097152 ipcDesc 0x7f7bc00342a0
n232-194-226:234431:234518 [3] NCCL INFO proxyProgressAsync opId=0x7f7bcabbc310 op.type=3 op.reqBuff=0x7f7bc00093f0 op.respSize=80 done
n232-194-226:234431:234461 [3] NCCL INFO ncclPollProxyResponse Received new opId=0x7f7bcabbc310
n232-194-226:234433:234516 [5] NCCL INFO transport/p2p.cc:204 Cuda Alloc Size 2097152 pointer 0x7f8c75800000
n232-194-226:234431:234461 [3] NCCL INFO recvOpId=0x7f7bcabbc310 matches expected opId=0x7f7bcabbc310
n232-194-226:234431:234518 [3] NCCL INFO Received and initiated operation=Setup res=0
n232-194-226:234433:234516 [5] NCCL INFO Allocated shareable buffer 0x7f8c75800000 size 2097152 ipcDesc 0x7f8c7c00c600
n232-194-226:234431:234461 [3] NCCL INFO Channel 06/0 : 3[3] -> 1[1] via P2P/IPC
n232-194-226:234433:234516 [5] NCCL INFO proxyProgressAsync opId=0x7f8c86bbc310 op.type=3 op.reqBuff=0x7f8c7c014b90 op.respSize=80 done
n232-194-226:234433:234460 [5] NCCL INFO ncclPollProxyResponse Received new opId=0x7f8c86bbc310
