n232-194-226:234005:234022 [0] NCCL INFO ncclPollProxyResponse Received new opId=0x7fbdd6bbc3a0
n232-194-226:234005:234022 [0] NCCL INFO recvOpId=0x7fbdd6bbc3a0 matches expected opId=0x7fbdd6bbc3a0
n232-194-226:234005:234022 [0] NCCL INFO Connection to proxy localRank 0 -> connection 0x7fbdf00036f0
n232-194-226:234005:234055 [0] NCCL INFO Received and initiated operation=Init res=0
n232-194-226:234008:234054 [3] NCCL INFO transport/p2p.cc:204 Cuda Alloc Size 2097152 pointer 0x7f1456000000
n232-194-226:234008:234054 [3] NCCL INFO Allocated shareable buffer 0x7f1456000000 size 2097152 ipcDesc 0x7f145c025770
n232-194-226:234008:234054 [3] NCCL INFO proxyProgressAsync opId=0x7f1466bbc540 op.type=3 op.reqBuff=0x7f145c03cb90 op.respSize=80 done
n232-194-226:234008:234023 [3] NCCL INFO ncclPollProxyResponse Received new opId=0x7f1466bbc540
n232-194-226:234008:234023 [3] NCCL INFO recvOpId=0x7f1466bbc540 matches expected opId=0x7f1466bbc540
n232-194-226:234008:234054 [3] NCCL INFO Received and initiated operation=Setup res=0
n232-194-226:234008:234023 [3] NCCL INFO Channel 07/0 : 3[3] -> 2[2] via P2P/IPC
n232-194-226:234008:234054 [3] NCCL INFO New proxy send connection 22 from local rank 3, transport 0
n232-194-226:234008:234054 [3] NCCL INFO proxyProgressAsync opId=0x7f1466bbc540 op.type=1 op.reqBuff=0x7f145c03cb90 op.respSize=16 done
n232-194-226:234008:234023 [3] NCCL INFO ncclPollProxyResponse Received new opId=0x7f1466bbc540
n232-194-226:234008:234054 [3] NCCL INFO Received and initiated operation=Init res=0
n232-194-226:234008:234023 [3] NCCL INFO recvOpId=0x7f1466bbc540 matches expected opId=0x7f1466bbc540
n232-194-226:234008:234023 [3] NCCL INFO Connection to proxy localRank 3 -> connection 0x7f145c003830
n232-194-226:234005:234055 [0] NCCL INFO transport/p2p.cc:204 Cuda Alloc Size 10485760 pointer 0x7fbdca000000
n232-194-226:234005:234055 [0] NCCL INFO Allocated shareable buffer 0x7fbdca000000 size 10485760 ipcDesc 0x7fbdf000ea10
n232-194-226:234005:234055 [0] NCCL INFO proxyProgressAsync opId=0x7fbdd6bbc3a0 op.type=3 op.reqBuff=0x7fbdf0016ba0 op.respSize=80 done
n232-194-226:234005:234022 [0] NCCL INFO ncclPollProxyResponse Received new opId=0x7fbdd6bbc3a0
n232-194-226:234005:234022 [0] NCCL INFO recvOpId=0x7fbdd6bbc3a0 matches expected opId=0x7fbdd6bbc3a0
n232-194-226:234005:234055 [0] NCCL INFO Received and initiated operation=Setup res=0
n232-194-226:234005:234055 [0] NCCL INFO New proxy recv connection 19 from local rank 0, transport 0
n232-194-226:234005:234055 [0] NCCL INFO proxyProgressAsync opId=0x7fbdd6bbc3a0 op.type=1 op.reqBuff=0x7fbdf0016ba0 op.respSize=16 done
n232-194-226:234005:234022 [0] NCCL INFO ncclPollProxyResponse Received new opId=0x7fbdd6bbc3a0
n232-194-226:234005:234055 [0] NCCL INFO Received and initiated operation=Init res=0
n232-194-226:234005:234022 [0] NCCL INFO recvOpId=0x7fbdd6bbc3a0 matches expected opId=0x7fbdd6bbc3a0
n232-194-226:234005:234022 [0] NCCL INFO Connection to proxy localRank 0 -> connection 0x7fbdf0003740
n232-194-226:234008:234054 [3] NCCL INFO transport/p2p.cc:204 Cuda Alloc Size 2097152 pointer 0x7f1456200000
n232-194-226:234008:234054 [3] NCCL INFO Allocated shareable buffer 0x7f1456200000 size 2097152 ipcDesc 0x7f145c025770
n232-194-226:234008:234054 [3] NCCL INFO proxyProgressAsync opId=0x7f1466bbc540 op.type=3 op.reqBuff=0x7f145c03cbd0 op.respSize=80 done
n232-194-226:234008:234023 [3] NCCL INFO ncclPollProxyResponse Received new opId=0x7f1466bbc540
n232-194-226:234008:234023 [3] NCCL INFO recvOpId=0x7f1466bbc540 matches expected opId=0x7f1466bbc540
n232-194-226:234008:234054 [3] NCCL INFO Received and initiated operation=Setup res=0
n232-194-226:234008:234023 [3] NCCL INFO Channel 10/0 : 3[3] -> 2[2] via P2P/IPC
n232-194-226:234008:234054 [3] NCCL INFO New proxy send connection 23 from local rank 3, transport 0
n232-194-226:234008:234054 [3] NCCL INFO proxyProgressAsync opId=0x7f1466bbc540 op.type=1 op.reqBuff=0x7f145c03cbd0 op.respSize=16 done
n232-194-226:234008:234023 [3] NCCL INFO ncclPollProxyResponse Received new opId=0x7f1466bbc540
n232-194-226:234005:234055 [0] NCCL INFO transport/p2p.cc:204 Cuda Alloc Size 10485760 pointer 0x7fbdcaa00000
n232-194-226:234005:234055 [0] NCCL INFO Allocated shareable buffer 0x7fbdcaa00000 size 10485760 ipcDesc 0x7fbdf000ea10
n232-194-226:234008:234023 [3] NCCL INFO recvOpId=0x7f1466bbc540 matches expected opId=0x7f1466bbc540
n232-194-226:234005:234055 [0] NCCL INFO proxyProgressAsync opId=0x7fbdd6bbc3a0 op.type=3 op.reqBuff=0x7fbdf0016be0 op.respSize=80 done
n232-194-226:234008:234023 [3] NCCL INFO Connection to proxy localRank 3 -> connection 0x7f145c003880
n232-194-226:234008:234054 [3] NCCL INFO Received and initiated operation=Init res=0
n232-194-226:234005:234022 [0] NCCL INFO ncclPollProxyResponse Received new opId=0x7fbdd6bbc3a0
n232-194-226:234005:234022 [0] NCCL INFO recvOpId=0x7fbdd6bbc3a0 matches expected opId=0x7fbdd6bbc3a0
n232-194-226:234005:234055 [0] NCCL INFO Received and initiated operation=Setup res=0
n232-194-226:234005:234055 [0] NCCL INFO New proxy recv connection 20 from local rank 0, transport 0
n232-194-226:234005:234055 [0] NCCL INFO proxyProgressAsync opId=0x7fbdd6bbc3a0 op.type=1 op.reqBuff=0x7fbdf0016be0 op.respSize=16 done
n232-194-226:234005:234022 [0] NCCL INFO ncclPollProxyResponse Received new opId=0x7fbdd6bbc3a0
n232-194-226:234005:234055 [0] NCCL INFO Received and initiated operation=Init res=0
n232-194-226:234005:234022 [0] NCCL INFO recvOpId=0x7fbdd6bbc3a0 matches expected opId=0x7fbdd6bbc3a0
n232-194-226:234005:234022 [0] NCCL INFO Connection to proxy localRank 0 -> connection 0x7fbdf0003790
n232-194-226:234008:234054 [3] NCCL INFO transport/p2p.cc:204 Cuda Alloc Size 2097152 pointer 0x7f1456400000
n232-194-226:234007:234056 [2] NCCL INFO New proxy recv connection 16 from local rank 2, transport 0
n232-194-226:234007:234056 [2] NCCL INFO proxyProgressAsync opId=0x7f0af6bbc540 op.type=1 op.reqBuff=0x7f0aec038e40 op.respSize=16 done
n232-194-226:234008:234054 [3] NCCL INFO Allocated shareable buffer 0x7f1456400000 size 2097152 ipcDesc 0x7f145c025770
n232-194-226:234008:234054 [3] NCCL INFO proxyProgressAsync opId=0x7f1466bbc540 op.type=3 op.reqBuff=0x7f145c03e770 op.respSize=80 done
n232-194-226:234008:234023 [3] NCCL INFO ncclPollProxyResponse Received new opId=0x7f1466bbc540
n232-194-226:234007:234025 [2] NCCL INFO ncclPollProxyResponse Received new opId=0x7f0af6bbc540
n232-194-226:234008:234023 [3] NCCL INFO recvOpId=0x7f1466bbc540 matches expected opId=0x7f1466bbc540
n232-194-226:234008:234054 [3] NCCL INFO Received and initiated operation=Setup res=0
n232-194-226:234007:234056 [2] NCCL INFO Received and initiated operation=Init res=0
n232-194-226:234007:234025 [2] NCCL INFO recvOpId=0x7f0af6bbc540 matches expected opId=0x7f0af6bbc540
n232-194-226:234007:234025 [2] NCCL INFO Connection to proxy localRank 2 -> connection 0x7f0aec003650
n232-194-226:234005:234055 [0] NCCL INFO transport/p2p.cc:204 Cuda Alloc Size 10485760 pointer 0x7fbdcb400000
n232-194-226:234005:234055 [0] NCCL INFO Allocated shareable buffer 0x7fbdcb400000 size 10485760 ipcDesc 0x7fbdf000ea10
n232-194-226:234005:234055 [0] NCCL INFO proxyProgressAsync opId=0x7fbdd6bbc3a0 op.type=3 op.reqBuff=0x7fbdf0018790 op.respSize=80 done
n232-194-226:234005:234022 [0] NCCL INFO ncclPollProxyResponse Received new opId=0x7fbdd6bbc3a0
n232-194-226:234005:234022 [0] NCCL INFO recvOpId=0x7fbdd6bbc3a0 matches expected opId=0x7fbdd6bbc3a0
n232-194-226:234005:234055 [0] NCCL INFO Received and initiated operation=Setup res=0
n232-194-226:234005:234055 [0] NCCL INFO New proxy recv connection 21 from local rank 0, transport 0
n232-194-226:234005:234055 [0] NCCL INFO proxyProgressAsync opId=0x7fbdd6bbc3a0 op.type=1 op.reqBuff=0x7fbdf0018790 op.respSize=16 done
n232-194-226:234005:234022 [0] NCCL INFO ncclPollProxyResponse Received new opId=0x7fbdd6bbc3a0
n232-194-226:234005:234022 [0] NCCL INFO recvOpId=0x7fbdd6bbc3a0 matches expected opId=0x7fbdd6bbc3a0
n232-194-226:234005:234055 [0] NCCL INFO Received and initiated operation=Init res=0
n232-194-226:234005:234022 [0] NCCL INFO Connection to proxy localRank 0 -> connection 0x7fbdf00037e0
n232-194-226:234007:234056 [2] NCCL INFO transport/p2p.cc:204 Cuda Alloc Size 10485760 pointer 0x7f0ae2000000
n232-194-226:234007:234056 [2] NCCL INFO Allocated shareable buffer 0x7f0ae2000000 size 10485760 ipcDesc 0x7f0aec038e70
n232-194-226:234007:234056 [2] NCCL INFO proxyProgressAsync opId=0x7f0af6bbc540 op.type=3 op.reqBuff=0x7f0aec038f00 op.respSize=80 done
n232-194-226:234007:234025 [2] NCCL INFO ncclPollProxyResponse Received new opId=0x7f0af6bbc540
n232-194-226:234007:234056 [2] NCCL INFO Received and initiated operation=Setup res=0
n232-194-226:234007:234025 [2] NCCL INFO recvOpId=0x7f0af6bbc540 matches expected opId=0x7f0af6bbc540
n232-194-226:234007:234056 [2] NCCL INFO New proxy recv connection 17 from local rank 2, transport 0
n232-194-226:234007:234056 [2] NCCL INFO proxyProgressAsync opId=0x7f0af6bbc540 op.type=1 op.reqBuff=0x7f0aec038f00 op.respSize=16 done
n232-194-226:234007:234025 [2] NCCL INFO ncclPollProxyResponse Received new opId=0x7f0af6bbc540
n232-194-226:234007:234025 [2] NCCL INFO recvOpId=0x7f0af6bbc540 matches expected opId=0x7f0af6bbc540
n232-194-226:234007:234025 [2] NCCL INFO Connection to proxy localRank 2 -> connection 0x7f0aec0036a0
n232-194-226:234007:234056 [2] NCCL INFO Received and initiated operation=Init res=0
n232-194-226:234005:234055 [0] NCCL INFO transport/p2p.cc:204 Cuda Alloc Size 10485760 pointer 0x7fbdc8000000
n232-194-226:234005:234055 [0] NCCL INFO Allocated shareable buffer 0x7fbdc8000000 size 10485760 ipcDesc 0x7fbdf000ea10
n232-194-226:234005:234055 [0] NCCL INFO proxyProgressAsync opId=0x7fbdd6bbc3a0 op.type=3 op.reqBuff=0x7fbdf00187d0 op.respSize=80 done
n232-194-226:234005:234022 [0] NCCL INFO ncclPollProxyResponse Received new opId=0x7fbdd6bbc3a0
n232-194-226:234005:234055 [0] NCCL INFO Received and initiated operation=Setup res=0
n232-194-226:234005:234022 [0] NCCL INFO recvOpId=0x7fbdd6bbc3a0 matches expected opId=0x7fbdd6bbc3a0
n232-194-226:234005:234055 [0] NCCL INFO New proxy recv connection 22 from local rank 0, transport 0
n232-194-226:234005:234055 [0] NCCL INFO proxyProgressAsync opId=0x7fbdd6bbc3a0 op.type=1 op.reqBuff=0x7fbdf00187d0 op.respSize=16 done
n232-194-226:234005:234022 [0] NCCL INFO ncclPollProxyResponse Received new opId=0x7fbdd6bbc3a0
n232-194-226:234005:234022 [0] NCCL INFO recvOpId=0x7fbdd6bbc3a0 matches expected opId=0x7fbdd6bbc3a0
n232-194-226:234005:234022 [0] NCCL INFO Connection to proxy localRank 0 -> connection 0x7fbdf0003830
n232-194-226:234005:234055 [0] NCCL INFO Received and initiated operation=Init res=0
n232-194-226:234007:234056 [2] NCCL INFO transport/p2p.cc:204 Cuda Alloc Size 10485760 pointer 0x7f0ae2a00000
n232-194-226:234007:234056 [2] NCCL INFO Allocated shareable buffer 0x7f0ae2a00000 size 10485760 ipcDesc 0x7f0aec038e70
n232-194-226:234007:234056 [2] NCCL INFO proxyProgressAsync opId=0x7f0af6bbc540 op.type=3 op.reqBuff=0x7f0aec038f40 op.respSize=80 done
n232-194-226:234007:234025 [2] NCCL INFO ncclPollProxyResponse Received new opId=0x7f0af6bbc540
n232-194-226:234007:234025 [2] NCCL INFO recvOpId=0x7f0af6bbc540 matches expected opId=0x7f0af6bbc540
n232-194-226:234007:234056 [2] NCCL INFO Received and initiated operation=Setup res=0
n232-194-226:234007:234056 [2] NCCL INFO New proxy recv connection 18 from local rank 2, transport 0
n232-194-226:234007:234056 [2] NCCL INFO proxyProgressAsync opId=0x7f0af6bbc540 op.type=1 op.reqBuff=0x7f0aec038f40 op.respSize=16 done
n232-194-226:234007:234025 [2] NCCL INFO ncclPollProxyResponse Received new opId=0x7f0af6bbc540
n232-194-226:234007:234025 [2] NCCL INFO recvOpId=0x7f0af6bbc540 matches expected opId=0x7f0af6bbc540
n232-194-226:234007:234056 [2] NCCL INFO Received and initiated operation=Init res=0
n232-194-226:234007:234025 [2] NCCL INFO Connection to proxy localRank 2 -> connection 0x7f0aec0036f0
n232-194-226:234005:234055 [0] NCCL INFO transport/p2p.cc:204 Cuda Alloc Size 10485760 pointer 0x7fbdc8a00000
n232-194-226:234005:234055 [0] NCCL INFO Allocated shareable buffer 0x7fbdc8a00000 size 10485760 ipcDesc 0x7fbdf000ea10
n232-194-226:234005:234055 [0] NCCL INFO proxyProgressAsync opId=0x7fbdd6bbc3a0 op.type=3 op.reqBuff=0x7fbdf0019fd0 op.respSize=80 done
n232-194-226:234005:234022 [0] NCCL INFO ncclPollProxyResponse Received new opId=0x7fbdd6bbc3a0
n232-194-226:234005:234022 [0] NCCL INFO recvOpId=0x7fbdd6bbc3a0 matches expected opId=0x7fbdd6bbc3a0
n232-194-226:234005:234055 [0] NCCL INFO Received and initiated operation=Setup res=0
n232-194-226:234005:234055 [0] NCCL INFO New proxy recv connection 23 from local rank 0, transport 0
n232-194-226:234005:234055 [0] NCCL INFO proxyProgressAsync opId=0x7fbdd6bbc3a0 op.type=1 op.reqBuff=0x7fbdf0019fd0 op.respSize=16 done
n232-194-226:234007:234056 [2] NCCL INFO transport/p2p.cc:204 Cuda Alloc Size 10485760 pointer 0x7f0ae3400000
n232-194-226:234005:234022 [0] NCCL INFO ncclPollProxyResponse Received new opId=0x7fbdd6bbc3a0
n232-194-226:234007:234056 [2] NCCL INFO Allocated shareable buffer 0x7f0ae3400000 size 10485760 ipcDesc 0x7f0aec038e70
n232-194-226:234007:234056 [2] NCCL INFO proxyProgressAsync opId=0x7f0af6bbc540 op.type=3 op.reqBuff=0x7f0aec03abd0 op.respSize=80 done
n232-194-226:234005:234022 [0] NCCL INFO recvOpId=0x7fbdd6bbc3a0 matches expected opId=0x7fbdd6bbc3a0
n232-194-226:234005:234022 [0] NCCL INFO Connection to proxy localRank 0 -> connection 0x7fbdf0003880
n232-194-226:234007:234025 [2] NCCL INFO ncclPollProxyResponse Received new opId=0x7f0af6bbc540
n232-194-226:234005:234055 [0] NCCL INFO Received and initiated operation=Init res=0
n232-194-226:234007:234056 [2] NCCL INFO Received and initiated operation=Setup res=0
n232-194-226:234007:234025 [2] NCCL INFO recvOpId=0x7f0af6bbc540 matches expected opId=0x7f0af6bbc540
n232-194-226:234007:234056 [2] NCCL INFO New proxy recv connection 19 from local rank 2, transport 0
n232-194-226:234007:234056 [2] NCCL INFO proxyProgressAsync opId=0x7f0af6bbc540 op.type=1 op.reqBuff=0x7f0aec03abd0 op.respSize=16 done
n232-194-226:234007:234025 [2] NCCL INFO ncclPollProxyResponse Received new opId=0x7f0af6bbc540
n232-194-226:234007:234025 [2] NCCL INFO recvOpId=0x7f0af6bbc540 matches expected opId=0x7f0af6bbc540
n232-194-226:234007:234056 [2] NCCL INFO Received and initiated operation=Init res=0
n232-194-226:234007:234025 [2] NCCL INFO Connection to proxy localRank 2 -> connection 0x7f0aec003740
n232-194-226:234005:234055 [0] NCCL INFO transport/p2p.cc:204 Cuda Alloc Size 10485760 pointer 0x7fbdc9400000
n232-194-226:234005:234055 [0] NCCL INFO Allocated shareable buffer 0x7fbdc9400000 size 10485760 ipcDesc 0x7fbdf000ea10
n232-194-226:234005:234055 [0] NCCL INFO proxyProgressAsync opId=0x7fbdd6bbc3a0 op.type=3 op.reqBuff=0x7fbdf001a010 op.respSize=80 done
n232-194-226:234005:234022 [0] NCCL INFO ncclPollProxyResponse Received new opId=0x7fbdd6bbc3a0
n232-194-226:234005:234022 [0] NCCL INFO recvOpId=0x7fbdd6bbc3a0 matches expected opId=0x7fbdd6bbc3a0
n232-194-226:234005:234055 [0] NCCL INFO Received and initiated operation=Setup res=0
n232-194-226:234007:234056 [2] NCCL INFO transport/p2p.cc:204 Cuda Alloc Size 10485760 pointer 0x7f0ae0000000
n232-194-226:234007:234056 [2] NCCL INFO Allocated shareable buffer 0x7f0ae0000000 size 10485760 ipcDesc 0x7f0aec038e70
n232-194-226:234007:234056 [2] NCCL INFO proxyProgressAsync opId=0x7f0af6bbc540 op.type=3 op.reqBuff=0x7f0aec03ac10 op.respSize=80 done
n232-194-226:234007:234025 [2] NCCL INFO ncclPollProxyResponse Received new opId=0x7f0af6bbc540
n232-194-226:234007:234056 [2] NCCL INFO Received and initiated operation=Setup res=0
n232-194-226:234007:234025 [2] NCCL INFO recvOpId=0x7f0af6bbc540 matches expected opId=0x7f0af6bbc540
n232-194-226:234007:234025 [2] NCCL INFO Channel 00/0 : 2[2] -> 1[1] via P2P/IPC
n232-194-226:234007:234056 [2] NCCL INFO New proxy send connection 20 from local rank 2, transport 0
n232-194-226:234007:234056 [2] NCCL INFO proxyProgressAsync opId=0x7f0af6bbc540 op.type=1 op.reqBuff=0x7f0aec03ac10 op.respSize=16 done
n232-194-226:234007:234025 [2] NCCL INFO ncclPollProxyResponse Received new opId=0x7f0af6bbc540
n232-194-226:234007:234056 [2] NCCL INFO Received and initiated operation=Init res=0
n232-194-226:234007:234025 [2] NCCL INFO recvOpId=0x7f0af6bbc540 matches expected opId=0x7f0af6bbc540
n232-194-226:234007:234025 [2] NCCL INFO Connection to proxy localRank 2 -> connection 0x7f0aec003790
n232-194-226:234005:234022 [0] NCCL INFO Imported shareable buffer device 0 size 10485760 ptr 0x7fbdc6000000
n232-194-226:234007:234056 [2] NCCL INFO transport/p2p.cc:204 Cuda Alloc Size 2097152 pointer 0x7f0ae0a00000
n232-194-226:234007:234056 [2] NCCL INFO Allocated shareable buffer 0x7f0ae0a00000 size 2097152 ipcDesc 0x7f0aec038e70
n232-194-226:234007:234056 [2] NCCL INFO proxyProgressAsync opId=0x7f0af6bbc540 op.type=3 op.reqBuff=0x7f0aec03c410 op.respSize=80 done
n232-194-226:234007:234025 [2] NCCL INFO ncclPollProxyResponse Received new opId=0x7f0af6bbc540
n232-194-226:234007:234025 [2] NCCL INFO recvOpId=0x7f0af6bbc540 matches expected opId=0x7f0af6bbc540
n232-194-226:234007:234056 [2] NCCL INFO Received and initiated operation=Setup res=0
n232-194-226:234007:234025 [2] NCCL INFO Channel 03/0 : 2[2] -> 1[1] via P2P/IPC
n232-194-226:234007:234056 [2] NCCL INFO New proxy send connection 21 from local rank 2, transport 0
n232-194-226:234007:234056 [2] NCCL INFO proxyProgressAsync opId=0x7f0af6bbc540 op.type=1 op.reqBuff=0x7f0aec03c410 op.respSize=16 done
n232-194-226:234007:234025 [2] NCCL INFO ncclPollProxyResponse Received new opId=0x7f0af6bbc540
n232-194-226:234007:234025 [2] NCCL INFO recvOpId=0x7f0af6bbc540 matches expected opId=0x7f0af6bbc540
n232-194-226:234007:234025 [2] NCCL INFO Connection to proxy localRank 2 -> connection 0x7f0aec0037e0
n232-194-226:234007:234056 [2] NCCL INFO Received and initiated operation=Init res=0
n232-194-226:234005:234022 [0] NCCL INFO Imported shareable buffer device 0 size 10485760 ptr 0x7fbdc6a00000
n232-194-226:234007:234056 [2] NCCL INFO transport/p2p.cc:204 Cuda Alloc Size 2097152 pointer 0x7f0ae0c00000
n232-194-226:234007:234056 [2] NCCL INFO Allocated shareable buffer 0x7f0ae0c00000 size 2097152 ipcDesc 0x7f0aec038e70
n232-194-226:234007:234056 [2] NCCL INFO proxyProgressAsync opId=0x7f0af6bbc540 op.type=3 op.reqBuff=0x7f0aec03c450 op.respSize=80 done
n232-194-226:234007:234025 [2] NCCL INFO ncclPollProxyResponse Received new opId=0x7f0af6bbc540
n232-194-226:234005:234022 [0] NCCL INFO Imported shareable buffer device 0 size 10485760 ptr 0x7fbdc7400000
n232-194-226:234007:234056 [2] NCCL INFO Received and initiated operation=Setup res=0
n232-194-226:234007:234025 [2] NCCL INFO recvOpId=0x7f0af6bbc540 matches expected opId=0x7f0af6bbc540
n232-194-226:234007:234025 [2] NCCL INFO Channel 06/0 : 2[2] -> 1[1] via P2P/IPC
n232-194-226:234007:234056 [2] NCCL INFO New proxy send connection 22 from local rank 2, transport 0
n232-194-226:234007:234056 [2] NCCL INFO proxyProgressAsync opId=0x7f0af6bbc540 op.type=1 op.reqBuff=0x7f0aec03c450 op.respSize=16 done
n232-194-226:234007:234025 [2] NCCL INFO ncclPollProxyResponse Received new opId=0x7f0af6bbc540
n232-194-226:234007:234056 [2] NCCL INFO Received and initiated operation=Init res=0
n232-194-226:234007:234025 [2] NCCL INFO recvOpId=0x7f0af6bbc540 matches expected opId=0x7f0af6bbc540
n232-194-226:234007:234025 [2] NCCL INFO Connection to proxy localRank 2 -> connection 0x7f0aec003830
n232-194-226:234005:234022 [0] NCCL INFO Imported shareable buffer device 0 size 10485760 ptr 0x7fbdc4000000
n232-194-226:234007:234056 [2] NCCL INFO transport/p2p.cc:204 Cuda Alloc Size 2097152 pointer 0x7f0ae0e00000
n232-194-226:234007:234056 [2] NCCL INFO Allocated shareable buffer 0x7f0ae0e00000 size 2097152 ipcDesc 0x7f0aec038e70
n232-194-226:234007:234056 [2] NCCL INFO proxyProgressAsync opId=0x7f0af6bbc540 op.type=3 op.reqBuff=0x7f0aec03e000 op.respSize=80 done
n232-194-226:234007:234025 [2] NCCL INFO ncclPollProxyResponse Received new opId=0x7f0af6bbc540
n232-194-226:234005:234022 [0] NCCL INFO Imported shareable buffer device 0 size 10485760 ptr 0x7fbdc4a00000
n232-194-226:234007:234056 [2] NCCL INFO Received and initiated operation=Setup res=0
n232-194-226:234007:234025 [2] NCCL INFO recvOpId=0x7f0af6bbc540 matches expected opId=0x7f0af6bbc540
n232-194-226:234007:234025 [2] NCCL INFO Channel 09/0 : 2[2] -> 1[1] via P2P/IPC
n232-194-226:234007:234056 [2] NCCL INFO New proxy send connection 23 from local rank 2, transport 0
n232-194-226:234007:234056 [2] NCCL INFO proxyProgressAsync opId=0x7f0af6bbc540 op.type=1 op.reqBuff=0x7f0aec03e000 op.respSize=16 done
n232-194-226:234007:234025 [2] NCCL INFO ncclPollProxyResponse Received new opId=0x7f0af6bbc540
n232-194-226:234007:234056 [2] NCCL INFO Received and initiated operation=Init res=0
n232-194-226:234007:234025 [2] NCCL INFO recvOpId=0x7f0af6bbc540 matches expected opId=0x7f0af6bbc540
n232-194-226:234007:234025 [2] NCCL INFO Connection to proxy localRank 2 -> connection 0x7f0aec003880
n232-194-226:234005:234022 [0] NCCL INFO Imported shareable buffer device 0 size 10485760 ptr 0x7fbdc5400000
n232-194-226:234007:234056 [2] NCCL INFO transport/p2p.cc:204 Cuda Alloc Size 2097152 pointer 0x7f0ae1000000
n232-194-226:234007:234056 [2] NCCL INFO Allocated shareable buffer 0x7f0ae1000000 size 2097152 ipcDesc 0x7f0aec038e70
n232-194-226:234007:234056 [2] NCCL INFO proxyProgressAsync opId=0x7f0af6bbc540 op.type=3 op.reqBuff=0x7f0aec03e040 op.respSize=80 done
n232-194-226:234007:234025 [2] NCCL INFO ncclPollProxyResponse Received new opId=0x7f0af6bbc540
n232-194-226:234005:234022 [0] NCCL INFO Imported shareable buffer device 0 size 10485760 ptr 0x7fbdc2000000
n232-194-226:234007:234025 [2] NCCL INFO recvOpId=0x7f0af6bbc540 matches expected opId=0x7f0af6bbc540
n232-194-226:234007:234056 [2] NCCL INFO Received and initiated operation=Setup res=0
n232-194-226:234005:234022 [0] NCCL INFO Imported shareable buffer device 0 size 10485760 ptr 0x7fbdc2a00000
n232-194-226:234008:234023 [3] NCCL INFO Imported shareable buffer device 3 size 2097152 ptr 0x7f1456600000
n232-194-226:234006:234024 [1] NCCL INFO Imported shareable buffer device 1 size 2097152 ptr 0x7f6201200000
n232-194-226:234007:234025 [2] NCCL INFO Imported shareable buffer device 2 size 2097152 ptr 0x7f0ae1200000
n232-194-226:234005:234022 [0] NCCL INFO Imported shareable buffer device 0 size 10485760 ptr 0x7fbdc3400000
n232-194-226:234008:234023 [3] NCCL INFO Imported shareable buffer device 3 size 2097152 ptr 0x7f1456800000
n232-194-226:234006:234024 [1] NCCL INFO Imported shareable buffer device 1 size 2097152 ptr 0x7f6201400000
n232-194-226:234007:234025 [2] NCCL INFO Imported shareable buffer device 2 size 2097152 ptr 0x7f0ae1400000
n232-194-226:234005:234022 [0] NCCL INFO Imported shareable buffer device 0 size 10485760 ptr 0x7fbdc0000000
n232-194-226:234008:234023 [3] NCCL INFO Imported shareable buffer device 3 size 2097152 ptr 0x7f1456a00000
n232-194-226:234006:234024 [1] NCCL INFO Imported shareable buffer device 1 size 2097152 ptr 0x7f6201600000
n232-194-226:234007:234025 [2] NCCL INFO Imported shareable buffer device 2 size 2097152 ptr 0x7f0ae1600000
n232-194-226:234005:234022 [0] NCCL INFO Imported shareable buffer device 0 size 10485760 ptr 0x7fbdc0a00000
n232-194-226:234008:234023 [3] NCCL INFO Imported shareable buffer device 3 size 2097152 ptr 0x7f1456c00000
n232-194-226:234008:234023 [3] NCCL INFO sendConnect ncclProxyCallAsync opId=0x7f146743ebd0
n232-194-226:234008:234054 [3] NCCL INFO transport/net_ib.cc:627 Ib Alloc Size 27160 pointer 0x7f145c046000
n232-194-226:234006:234024 [1] NCCL INFO Imported shareable buffer device 1 size 2097152 ptr 0x7f6201800000
n232-194-226:234008:234054 [3] NCCL INFO NET/IB: Dev 2 Port 1 qpn 19065 mtu 5 LID 29
n232-194-226:234008:234054 [3] NCCL INFO transport/net_ib.cc:679 Ib Alloc Size 552 pointer 0x7f145c068000
n232-194-226:234008:234054 [3] NCCL INFO Received and initiated operation=Connect res=0
n232-194-226:234007:234025 [2] NCCL INFO Imported shareable buffer device 2 size 2097152 ptr 0x7f0ae1800000
n232-194-226:234007:234025 [2] NCCL INFO recvConnect ncclProxyCallAsync opId=0x7f0af743ef38 &recv->proxyConn=0x7f0af743ef40 connectInfo=0x7f0af745a160
n232-194-226:234007:234025 [2] NCCL INFO sendConnect ncclProxyCallAsync opId=0x7f0af7442908
n232-194-226:234007:234056 [2] NCCL INFO transport/net_ib.cc:739 Ib Alloc Size 22280 pointer 0x7f0aec046000
n232-194-226:234007:234056 [2] NCCL INFO transport/net_ib.cc:752 Ib Alloc Size 552 pointer 0x7f0aec04d000
n232-194-226:234007:234025 [2] NCCL INFO recvConnect ncclProxyCallAsync opId=0x7f0af7444e78 &recv->proxyConn=0x7f0af7444e80 connectInfo=0x7f0af745a1e0
n232-194-226:234007:234025 [2] NCCL INFO sendConnect ncclProxyCallAsync opId=0x7f0af7448848
n232-194-226:234007:234025 [2] NCCL INFO recvConnect ncclProxyCallAsync opId=0x7f0af744adb8 &recv->proxyConn=0x7f0af744adc0 connectInfo=0x7f0af745a260
n232-194-226:234007:234025 [2] NCCL INFO sendConnect ncclProxyCallAsync opId=0x7f0af744e788
n232-194-226:234007:234025 [2] NCCL INFO recvConnect ncclProxyCallAsync opId=0x7f0af7450cf8 &recv->proxyConn=0x7f0af7450d00 connectInfo=0x7f0af745a2e0
n232-194-226:234007:234025 [2] NCCL INFO sendConnect ncclProxyCallAsync opId=0x7f0af74546c8
n232-194-226:234005:234022 [0] NCCL INFO Imported shareable buffer device 0 size 10485760 ptr 0x7fbdc1400000
n232-194-226:234007:234056 [2] NCCL INFO transport/net_ib.cc:830 Ib Alloc Size 552 pointer 0x7f0aec074000
n232-194-226:234007:234056 [2] NCCL INFO Received and initiated operation=Connect res=0
n232-194-226:234007:234056 [2] NCCL INFO transport/net_ib.cc:627 Ib Alloc Size 27160 pointer 0x7f0aec07b000
n232-194-226:234007:234056 [2] NCCL INFO NET/IB: Dev 1 Port 1 qpn 22934 mtu 5 LID 25
n232-194-226:234007:234056 [2] NCCL INFO transport/net_ib.cc:679 Ib Alloc Size 552 pointer 0x7f0aec092000
n232-194-226:234007:234056 [2] NCCL INFO Received and initiated operation=Connect res=0
n232-194-226:234007:234025 [2] NCCL INFO Imported shareable buffer device 2 size 10485760 ptr 0x7f0ade000000
n232-194-226:234006:234024 [1] NCCL INFO Imported shareable buffer device 1 size 10485760 ptr 0x7f61fe000000
n232-194-226:234005:234022 [0] NCCL INFO Imported shareable buffer device 0 size 2097152 ptr 0x7fbdc1e00000
n232-194-226:234007:234056 [2] NCCL INFO transport/net.cc:773 Cuda Alloc Size 9633792 pointer 0x7f0adea00000
n232-194-226:234006:234024 [1] NCCL INFO Imported shareable buffer device 1 size 10485760 ptr 0x7f61fea00000
n232-194-226:234005:234022 [0] NCCL INFO Imported shareable buffer device 0 size 2097152 ptr 0x7fbdc3e00000
n232-194-226:234008:234023 [3] NCCL INFO Imported shareable buffer device 3 size 2097152 ptr 0x7f1456e00000
n232-194-226:234007:234025 [2] NCCL INFO Imported shareable buffer device 2 size 10485760 ptr 0x7f0adf400000
n232-194-226:234007:234056 [2] NCCL INFO transport/net.cc:778 Cuda Host Alloc Size 8192 pointer 0x7f0b2ea00200
n232-194-226:234007:234056 [2] NCCL INFO Mem Realloc old size 0, new size 768 pointer 0x7f0aec087400
n232-194-226:234006:234024 [1] NCCL INFO Imported shareable buffer device 1 size 10485760 ptr 0x7f61ff400000
n232-194-226:234007:234025 [2] NCCL INFO Imported shareable buffer device 2 size 10485760 ptr 0x7f0adc000000
n232-194-226:234006:234024 [1] NCCL INFO Imported shareable buffer device 1 size 10485760 ptr 0x7f61fc000000
n232-194-226:234006:234024 [1] NCCL INFO recvConnect ncclProxyCallAsync opId=0x7f6217442a90 &recv->proxyConn=0x7f6217442a98 connectInfo=0x7f621745a300
n232-194-226:234006:234024 [1] NCCL INFO recvConnect ncclProxyCallAsync opId=0x7f62174489d0 &recv->proxyConn=0x7f62174489d8 connectInfo=0x7f621745a380
n232-194-226:234006:234057 [1] NCCL INFO transport/net_ib.cc:739 Ib Alloc Size 22280 pointer 0x7f620c046000
n232-194-226:234006:234057 [1] NCCL INFO transport/net_ib.cc:752 Ib Alloc Size 552 pointer 0x7f620c04d000
n232-194-226:234006:234024 [1] NCCL INFO recvConnect ncclProxyCallAsync opId=0x7f621744e910 &recv->proxyConn=0x7f621744e918 connectInfo=0x7f621745a400
n232-194-226:234006:234024 [1] NCCL INFO recvConnect ncclProxyCallAsync opId=0x7f6217454850 &recv->proxyConn=0x7f6217454858 connectInfo=0x7f621745a480
n232-194-226:234006:234024 [1] NCCL INFO sendConnect ncclProxyCallAsync opId=0x7f6217440bf8
n232-194-226:234006:234024 [1] NCCL INFO sendConnect ncclProxyCallAsync opId=0x7f6217446b38
n232-194-226:234006:234024 [1] NCCL INFO sendConnect ncclProxyCallAsync opId=0x7f621744ca78
n232-194-226:234006:234024 [1] NCCL INFO sendConnect ncclProxyCallAsync opId=0x7f62174529b8
n232-194-226:234007:234025 [2] NCCL INFO Imported shareable buffer device 2 size 10485760 ptr 0x7f0adca00000
n232-194-226:234006:234057 [1] NCCL INFO transport/net_ib.cc:830 Ib Alloc Size 552 pointer 0x7f620c074000
n232-194-226:234006:234057 [1] NCCL INFO Received and initiated operation=Connect res=0
n232-194-226:234006:234057 [1] NCCL INFO transport/net_ib.cc:739 Ib Alloc Size 22280 pointer 0x7f620c07b000
n232-194-226:234006:234057 [1] NCCL INFO transport/net_ib.cc:752 Ib Alloc Size 552 pointer 0x7f620c082000
n232-194-226:234005:234022 [0] NCCL INFO Imported shareable buffer device 0 size 2097152 ptr 0x7fbdc5e00000
n232-194-226:234006:234057 [1] NCCL INFO transport/net_ib.cc:830 Ib Alloc Size 552 pointer 0x7f620c09e000
n232-194-226:234006:234057 [1] NCCL INFO Received and initiated operation=Connect res=0
n232-194-226:234007:234025 [2] NCCL INFO Imported shareable buffer device 2 size 10485760 ptr 0x7f0add400000
n232-194-226:234005:234022 [0] NCCL INFO Imported shareable buffer device 0 size 2097152 ptr 0x7fbdc7e00000
n232-194-226:234006:234024 [1] NCCL INFO Imported shareable buffer device 1 size 10485760 ptr 0x7f61fca00000
n232-194-226:234007:234025 [2] NCCL INFO Imported shareable buffer device 2 size 2097152 ptr 0x7f0adde00000
n232-194-226:234008:234023 [3] NCCL INFO sendConnect ncclProxyCallAsync opId=0x7f1467444b10
n232-194-226:234008:234054 [3] NCCL INFO transport/net.cc:637 Cuda Alloc Size 9109504 pointer 0x7f1457000000
n232-194-226:234007:234025 [2] NCCL INFO Imported shareable buffer device 2 size 10485760 ptr 0x7f0ada000000
n232-194-226:234008:234023 [3] NCCL INFO Imported shareable buffer device 3 size 2097152 ptr 0x7f1457a00000
n232-194-226:234008:234023 [3] NCCL INFO sendConnect ncclProxyCallAsync opId=0x7f146744aa50
n232-194-226:234008:234054 [3] NCCL INFO transport/net.cc:643 Cuda Host Alloc Size 532480 pointer 0x7f149ea00200
n232-194-226:234008:234054 [3] NCCL INFO Mem Realloc old size 0, new size 768 pointer 0x7f145c0558e0
n232-194-226:234007:234056 [2] NCCL INFO proxyProgressAsync opId=0x7f0af743ef38 op.type=4 op.reqBuff=0x7f0aec03e040 op.respSize=21040 done
n232-194-226:234007:234025 [2] NCCL INFO Imported shareable buffer device 2 size 2097152 ptr 0x7f0adaa00000
n232-194-226:234008:234023 [3] NCCL INFO Imported shareable buffer device 3 size 2097152 ptr 0x7f1457c00000
n232-194-226:234008:234023 [3] NCCL INFO sendConnect ncclProxyCallAsync opId=0x7f1467450990
n232-194-226:234005:234022 [0] NCCL INFO Imported shareable buffer device 0 size 2097152 ptr 0x7fbdc9e00000
n232-194-226:234008:234023 [3] NCCL INFO Imported shareable buffer device 3 size 2097152 ptr 0x7f1457e00000
n232-194-226:234005:234022 [0] NCCL INFO Imported shareable buffer device 0 size 2097152 ptr 0x7fbdcbe00000
n232-194-226:234007:234056 [2] NCCL INFO transport/net.cc:637 Cuda Alloc Size 9109504 pointer 0x7f0adac00000
n232-194-226:234008:234054 [3] NCCL INFO proxyProgressAsync opId=0x7f146743ebd0 op.type=4 op.reqBuff=0x7f145c03ff70 op.respSize=21040 done
n232-194-226:234008:234054 [3] NCCL INFO transport/net_ib.cc:627 Ib Alloc Size 27160 pointer 0x7f145c06a000
n232-194-226:234008:234023 [3] NCCL INFO Imported shareable buffer device 3 size 10485760 ptr 0x7f144e000000
n232-194-226:234006:234057 [1] NCCL INFO transport/net.cc:773 Cuda Alloc Size 9633792 pointer 0x7f61fd400000
n232-194-226:234008:234054 [3] NCCL INFO NET/IB: Dev 2 Port 1 qpn 19066 mtu 5 LID 29
n232-194-226:234008:234054 [3] NCCL INFO transport/net_ib.cc:679 Ib Alloc Size 552 pointer 0x7f145c081000
n232-194-226:234008:234054 [3] NCCL INFO Received and initiated operation=Connect res=0
n232-194-226:234008:234054 [3] NCCL INFO transport/net_ib.cc:627 Ib Alloc Size 27160 pointer 0x7f145c088000
n232-194-226:234007:234025 [2] NCCL INFO Imported shareable buffer device 2 size 10485760 ptr 0x7f0adb600000
n232-194-226:234007:234056 [2] NCCL INFO transport/net.cc:643 Cuda Host Alloc Size 532480 pointer 0x7f0b2ea02200
n232-194-226:234008:234054 [3] NCCL INFO NET/IB: Dev 2 Port 1 qpn 19067 mtu 5 LID 29
n232-194-226:234008:234054 [3] NCCL INFO transport/net_ib.cc:679 Ib Alloc Size 552 pointer 0x7f145c0a0000
n232-194-226:234008:234054 [3] NCCL INFO Received and initiated operation=Connect res=0
n232-194-226:234008:234054 [3] NCCL INFO transport/net_ib.cc:627 Ib Alloc Size 27160 pointer 0x7f145c0a7000
n232-194-226:234008:234023 [3] NCCL INFO Imported shareable buffer device 3 size 10485760 ptr 0x7f144ea00000
n232-194-226:234008:234054 [3] NCCL INFO NET/IB: Dev 2 Port 1 qpn 19068 mtu 5 LID 29
n232-194-226:234008:234054 [3] NCCL INFO transport/net_ib.cc:679 Ib Alloc Size 552 pointer 0x7f145c0bf000
n232-194-226:234008:234054 [3] NCCL INFO Received and initiated operation=Connect res=0
n232-194-226:234005:234022 [0] NCCL INFO Imported shareable buffer device 0 size 2097152 ptr 0x7fbdcde00000
n232-194-226:234008:234023 [3] NCCL INFO Imported shareable buffer device 3 size 10485760 ptr 0x7f144f400000
n232-194-226:234007:234025 [2] NCCL INFO Imported shareable buffer device 2 size 2097152 ptr 0x7f0adfe00000
n232-194-226:234006:234024 [1] NCCL INFO Imported shareable buffer device 1 size 2097152 ptr 0x7f61fde00000
n232-194-226:234006:234057 [1] NCCL INFO transport/net.cc:778 Cuda Host Alloc Size 8192 pointer 0x7f624ea00200
n232-194-226:234006:234057 [1] NCCL INFO Mem Realloc old size 0, new size 768 pointer 0x7f620c069160
n232-194-226:234005:234022 [0] NCCL INFO Imported shareable buffer device 0 size 2097152 ptr 0x7fbdcfe00000
n232-194-226:234008:234054 [3] NCCL INFO transport/net.cc:637 Cuda Alloc Size 9109504 pointer 0x7f144c000000
n232-194-226:234005:234022 [0] NCCL INFO Imported shareable buffer device 0 size 2097152 ptr 0x7fbdd1e00000
n232-194-226:234008:234023 [3] NCCL INFO Imported shareable buffer device 3 size 10485760 ptr 0x7f144ca00000
n232-194-226:234008:234023 [3] NCCL INFO recvConnect ncclProxyCallAsync opId=0x7f1467440a68 &recv->proxyConn=0x7f1467440a70 connectInfo=0x7f1467460890
n232-194-226:234008:234023 [3] NCCL INFO ncclPollProxyResponse Received new opId=0x7f146743ebd0
n232-194-226:234008:234023 [3] NCCL INFO Queuing opId=0x7f146743ebd0 respBuff=0x7f14674a17c0 respSize=21040
n232-194-226:234008:234023 [3] NCCL INFO recvConnect ncclProxyCallAsync opId=0x7f14674469a8 &recv->proxyConn=0x7f14674469b0 connectInfo=0x7f1467460910
n232-194-226:234008:234054 [3] NCCL INFO transport/net.cc:643 Cuda Host Alloc Size 532480 pointer 0x7f149ea82200
n232-194-226:234008:234023 [3] NCCL INFO recvConnect ncclProxyCallAsync opId=0x7f146744c8e8 &recv->proxyConn=0x7f146744c8f0 connectInfo=0x7f1467460990
n232-194-226:234008:234023 [3] NCCL INFO recvConnect ncclProxyCallAsync opId=0x7f1467452828 &recv->proxyConn=0x7f1467452830 connectInfo=0x7f1467460a10
n232-194-226:234005:234022 [0] NCCL INFO Imported shareable buffer device 0 size 2097152 ptr 0x7fbdbe000000
n232-194-226:234007:234025 [2] NCCL INFO Imported shareable buffer device 2 size 10485760 ptr 0x7f0ad8000000
n232-194-226:234006:234024 [1] NCCL INFO Imported shareable buffer device 1 size 10485760 ptr 0x7f61fa000000
n232-194-226:234007:234025 [2] NCCL INFO Imported shareable buffer device 2 size 2097152 ptr 0x7f0ad8a00000
n232-194-226:234007:234025 [2] NCCL INFO ncclPollProxyResponse Received new opId=0x7f0af743ef38
n232-194-226:234007:234025 [2] NCCL INFO recvOpId=0x7f0af743ef38 matches expected opId=0x7f0af743ef38
n232-194-226:234007:234025 [2] NCCL INFO recvConnect ncclPollProxyResponse opId=0x7f0af743ef38
n232-194-226:234008:234023 [3] NCCL INFO Imported shareable buffer device 3 size 10485760 ptr 0x7f144d400000
n232-194-226:234005:234022 [0] NCCL INFO Imported shareable buffer device 0 size 2097152 ptr 0x7fbdbe200000
n232-194-226:234008:234023 [3] NCCL INFO Imported shareable buffer device 3 size 10485760 ptr 0x7f144a000000
n232-194-226:234005:234022 [0] NCCL INFO Imported shareable buffer device 0 size 2097152 ptr 0x7fbdbe400000
n232-194-226:234005:234022 [0] NCCL INFO Connected all rings
n232-194-226:234005:234022 [0] NCCL INFO Channel 00/0 : 0[0] -> 1[1] via P2P/IPC
n232-194-226:234005:234055 [0] NCCL INFO New proxy send connection 24 from local rank 0, transport 0
n232-194-226:234005:234055 [0] NCCL INFO proxyProgressAsync opId=0x7fbdd6bbc3a0 op.type=1 op.reqBuff=0x7fbdf001a010 op.respSize=16 done
n232-194-226:234005:234022 [0] NCCL INFO ncclPollProxyResponse Received new opId=0x7fbdd6bbc3a0
n232-194-226:234005:234055 [0] NCCL INFO Received and initiated operation=Init res=0
n232-194-226:234005:234022 [0] NCCL INFO recvOpId=0x7fbdd6bbc3a0 matches expected opId=0x7fbdd6bbc3a0
n232-194-226:234005:234022 [0] NCCL INFO Connection to proxy localRank 0 -> connection 0x7fbdf00038d0
n232-194-226:234006:234024 [1] NCCL INFO Imported shareable buffer device 1 size 2097152 ptr 0x7f61faa00000
n232-194-226:234005:234055 [0] NCCL INFO transport/p2p.cc:204 Cuda Alloc Size 2097152 pointer 0x7fbdbe600000
n232-194-226:234006:234024 [1] NCCL INFO Imported shareable buffer device 1 size 10485760 ptr 0x7f61fac00000
n232-194-226:234007:234056 [2] NCCL INFO proxyProgressAsync opId=0x7f0af7442908 op.type=4 op.reqBuff=0x7f0aec053f70 op.respSize=21040 done
n232-194-226:234007:234025 [2] NCCL INFO ncclPollProxyResponse Received new opId=0x7f0af7442908
n232-194-226:234007:234025 [2] NCCL INFO recvOpId=0x7f0af7442908 matches expected opId=0x7f0af7442908
n232-194-226:234007:234025 [2] NCCL INFO sendConnect ncclPollProxyResponse opId=0x7f0af7442908
n232-194-226:234007:234056 [2] NCCL INFO transport/net_ib.cc:739 Ib Alloc Size 22280 pointer 0x7f0aec094000
n232-194-226:234007:234056 [2] NCCL INFO transport/net_ib.cc:752 Ib Alloc Size 552 pointer 0x7f0aec041000
n232-194-226:234005:234055 [0] NCCL INFO Allocated shareable buffer 0x7fbdbe600000 size 2097152 ipcDesc 0x7fbdf000ea10
n232-194-226:234005:234055 [0] NCCL INFO proxyProgressAsync opId=0x7fbdd6bbc3a0 op.type=3 op.reqBuff=0x7fbdf001bbc0 op.respSize=80 done
n232-194-226:234008:234023 [3] NCCL INFO Imported shareable buffer device 3 size 10485760 ptr 0x7f144aa00000
n232-194-226:234005:234022 [0] NCCL INFO ncclPollProxyResponse Received new opId=0x7fbdd6bbc3a0
n232-194-226:234005:234022 [0] NCCL INFO recvOpId=0x7fbdd6bbc3a0 matches expected opId=0x7fbdd6bbc3a0
n232-194-226:234005:234055 [0] NCCL INFO Received and initiated operation=Setup res=0
n232-194-226:234005:234022 [0] NCCL INFO Channel 02/0 : 0[0] -> 1[1] via P2P/IPC
n232-194-226:234005:234055 [0] NCCL INFO New proxy send connection 25 from local rank 0, transport 0
n232-194-226:234005:234055 [0] NCCL INFO proxyProgressAsync opId=0x7fbdd6bbc3a0 op.type=1 op.reqBuff=0x7fbdf001bbc0 op.respSize=16 done
n232-194-226:234005:234022 [0] NCCL INFO ncclPollProxyResponse Received new opId=0x7fbdd6bbc3a0
n232-194-226:234005:234055 [0] NCCL INFO Received and initiated operation=Init res=0
n232-194-226:234005:234022 [0] NCCL INFO recvOpId=0x7fbdd6bbc3a0 matches expected opId=0x7fbdd6bbc3a0
n232-194-226:234005:234022 [0] NCCL INFO Connection to proxy localRank 0 -> connection 0x7fbdf0003920
n232-194-226:234007:234056 [2] NCCL INFO transport/net_ib.cc:830 Ib Alloc Size 552 pointer 0x7f0aec041000
n232-194-226:234007:234056 [2] NCCL INFO Received and initiated operation=Connect res=0
n232-194-226:234007:234056 [2] NCCL INFO transport/net_ib.cc:627 Ib Alloc Size 27160 pointer 0x7f0aec0b9000
n232-194-226:234006:234024 [1] NCCL INFO Imported shareable buffer device 1 size 2097152 ptr 0x7f61fb600000
n232-194-226:234007:234056 [2] NCCL INFO NET/IB: Dev 1 Port 1 qpn 22937 mtu 5 LID 25
n232-194-226:234007:234056 [2] NCCL INFO transport/net_ib.cc:679 Ib Alloc Size 552 pointer 0x7f0aec044000
n232-194-226:234007:234056 [2] NCCL INFO Received and initiated operation=Connect res=0
n232-194-226:234008:234023 [3] NCCL INFO Imported shareable buffer device 3 size 10485760 ptr 0x7f144b400000
n232-194-226:234008:234023 [3] NCCL INFO ncclPollProxyResponse Dequeued cached opId=0x7f146743ebd0
n232-194-226:234008:234023 [3] NCCL INFO sendConnect ncclPollProxyResponse opId=0x7f146743ebd0
n232-194-226:234006:234024 [1] NCCL INFO Imported shareable buffer device 1 size 10485760 ptr 0x7f61f8000000
n232-194-226:234005:234055 [0] NCCL INFO transport/p2p.cc:204 Cuda Alloc Size 2097152 pointer 0x7fbdbe800000
n232-194-226:234005:234055 [0] NCCL INFO Allocated shareable buffer 0x7fbdbe800000 size 2097152 ipcDesc 0x7fbdf000ea10
n232-194-226:234005:234055 [0] NCCL INFO proxyProgressAsync opId=0x7fbdd6bbc3a0 op.type=3 op.reqBuff=0x7fbdf001bc00 op.respSize=80 done
n232-194-226:234005:234022 [0] NCCL INFO ncclPollProxyResponse Received new opId=0x7fbdd6bbc3a0
n232-194-226:234005:234055 [0] NCCL INFO Received and initiated operation=Setup res=0
n232-194-226:234005:234022 [0] NCCL INFO recvOpId=0x7fbdd6bbc3a0 matches expected opId=0x7fbdd6bbc3a0
n232-194-226:234005:234022 [0] NCCL INFO Channel 03/0 : 0[0] -> 1[1] via P2P/IPC
n232-194-226:234007:234056 [2] NCCL INFO transport/net.cc:773 Cuda Alloc Size 9633792 pointer 0x7f0ad8c00000
n232-194-226:234007:234056 [2] NCCL INFO transport/net.cc:778 Cuda Host Alloc Size 8192 pointer 0x7f0b2ea84200
n232-194-226:234005:234055 [0] NCCL INFO New proxy send connection 26 from local rank 0, transport 0
n232-194-226:234005:234055 [0] NCCL INFO proxyProgressAsync opId=0x7fbdd6bbc3a0 op.type=1 op.reqBuff=0x7fbdf001bc00 op.respSize=16 done
n232-194-226:234005:234022 [0] NCCL INFO ncclPollProxyResponse Received new opId=0x7fbdd6bbc3a0
n232-194-226:234005:234022 [0] NCCL INFO recvOpId=0x7fbdd6bbc3a0 matches expected opId=0x7fbdd6bbc3a0
n232-194-226:234005:234022 [0] NCCL INFO Connection to proxy localRank 0 -> connection 0x7fbdf0003970
n232-194-226:234005:234055 [0] NCCL INFO Received and initiated operation=Init res=0
n232-194-226:234006:234024 [1] NCCL INFO Imported shareable buffer device 1 size 2097152 ptr 0x7f61f8a00000
n232-194-226:234005:234055 [0] NCCL INFO transport/p2p.cc:204 Cuda Alloc Size 2097152 pointer 0x7fbdbea00000
n232-194-226:234008:234054 [3] NCCL INFO proxyProgressAsync opId=0x7f1467444b10 op.type=4 op.reqBuff=0x7f145c045f00 op.respSize=21040 done
n232-194-226:234008:234023 [3] NCCL INFO ncclPollProxyResponse Received new opId=0x7f1467444b10
n232-194-226:234008:234023 [3] NCCL INFO Queuing opId=0x7f1467444b10 respBuff=0x7f146746cdf0 respSize=21040
n232-194-226:234008:234023 [3] NCCL INFO ncclPollProxyResponse Dequeued cached opId=0x7f1467444b10
n232-194-226:234008:234023 [3] NCCL INFO sendConnect ncclPollProxyResponse opId=0x7f1467444b10
n232-194-226:234005:234055 [0] NCCL INFO Allocated shareable buffer 0x7fbdbea00000 size 2097152 ipcDesc 0x7fbdf000ea10
n232-194-226:234005:234055 [0] NCCL INFO proxyProgressAsync opId=0x7fbdd6bbc3a0 op.type=3 op.reqBuff=0x7fbdf001d400 op.respSize=80 done
n232-194-226:234005:234022 [0] NCCL INFO ncclPollProxyResponse Received new opId=0x7fbdd6bbc3a0
n232-194-226:234005:234055 [0] NCCL INFO Received and initiated operation=Setup res=0
n232-194-226:234005:234022 [0] NCCL INFO recvOpId=0x7fbdd6bbc3a0 matches expected opId=0x7fbdd6bbc3a0
n232-194-226:234005:234022 [0] NCCL INFO Channel 06/0 : 0[0] -> 1[1] via P2P/IPC
n232-194-226:234005:234055 [0] NCCL INFO New proxy send connection 27 from local rank 0, transport 0
n232-194-226:234005:234055 [0] NCCL INFO proxyProgressAsync opId=0x7fbdd6bbc3a0 op.type=1 op.reqBuff=0x7fbdf001d400 op.respSize=16 done
n232-194-226:234005:234022 [0] NCCL INFO ncclPollProxyResponse Received new opId=0x7fbdd6bbc3a0
n232-194-226:234005:234022 [0] NCCL INFO recvOpId=0x7fbdd6bbc3a0 matches expected opId=0x7fbdd6bbc3a0
n232-194-226:234005:234022 [0] NCCL INFO Connection to proxy localRank 0 -> connection 0x7fbdf00039c0
n232-194-226:234005:234055 [0] NCCL INFO Received and initiated operation=Init res=0
n232-194-226:234006:234057 [1] NCCL INFO proxyProgressAsync opId=0x7f6217442a90 op.type=4 op.reqBuff=0x7f620c03ec30 op.respSize=21040 done
n232-194-226:234006:234024 [1] NCCL INFO ncclPollProxyResponse Received new opId=0x7f6217442a90
n232-194-226:234006:234024 [1] NCCL INFO Queuing opId=0x7f6217442a90 respBuff=0x7f62174c3d80 respSize=21040
n232-194-226:234006:234024 [1] NCCL INFO ncclPollProxyResponse Dequeued cached opId=0x7f6217442a90
n232-194-226:234006:234024 [1] NCCL INFO recvConnect ncclPollProxyResponse opId=0x7f6217442a90
n232-194-226:234008:234054 [3] NCCL INFO transport/net.cc:637 Cuda Alloc Size 9109504 pointer 0x7f1448000000
n232-194-226:234005:234055 [0] NCCL INFO transport/p2p.cc:204 Cuda Alloc Size 2097152 pointer 0x7fbdbec00000
n232-194-226:234005:234055 [0] NCCL INFO Allocated shareable buffer 0x7fbdbec00000 size 2097152 ipcDesc 0x7fbdf000ea10
n232-194-226:234005:234055 [0] NCCL INFO proxyProgressAsync opId=0x7fbdd6bbc3a0 op.type=3 op.reqBuff=0x7fbdf001d440 op.respSize=80 done
n232-194-226:234005:234022 [0] NCCL INFO ncclPollProxyResponse Received new opId=0x7fbdd6bbc3a0
n232-194-226:234005:234022 [0] NCCL INFO recvOpId=0x7fbdd6bbc3a0 matches expected opId=0x7fbdd6bbc3a0
n232-194-226:234005:234055 [0] NCCL INFO Received and initiated operation=Setup res=0
n232-194-226:234005:234022 [0] NCCL INFO Channel 08/0 : 0[0] -> 1[1] via P2P/IPC
n232-194-226:234008:234054 [3] NCCL INFO transport/net.cc:643 Cuda Host Alloc Size 532480 pointer 0x7f149eb04200
n232-194-226:234005:234055 [0] NCCL INFO New proxy send connection 28 from local rank 0, transport 0
n232-194-226:234005:234055 [0] NCCL INFO proxyProgressAsync opId=0x7fbdd6bbc3a0 op.type=1 op.reqBuff=0x7fbdf001d440 op.respSize=16 done
n232-194-226:234005:234022 [0] NCCL INFO ncclPollProxyResponse Received new opId=0x7fbdd6bbc3a0
n232-194-226:234005:234022 [0] NCCL INFO recvOpId=0x7fbdd6bbc3a0 matches expected opId=0x7fbdd6bbc3a0
n232-194-226:234005:234055 [0] NCCL INFO Received and initiated operation=Init res=0
n232-194-226:234006:234057 [1] NCCL INFO transport/net.cc:773 Cuda Alloc Size 9633792 pointer 0x7f61f8c00000
n232-194-226:234005:234022 [0] NCCL INFO Connection to proxy localRank 0 -> connection 0x7fbdf0003a10
n232-194-226:234006:234057 [1] NCCL INFO transport/net.cc:778 Cuda Host Alloc Size 8192 pointer 0x7f624ea02200
n232-194-226:234005:234055 [0] NCCL INFO transport/p2p.cc:204 Cuda Alloc Size 2097152 pointer 0x7fbdbee00000
n232-194-226:234005:234055 [0] NCCL INFO Allocated shareable buffer 0x7fbdbee00000 size 2097152 ipcDesc 0x7fbdf000ea10
n232-194-226:234005:234055 [0] NCCL INFO proxyProgressAsync opId=0x7fbdd6bbc3a0 op.type=3 op.reqBuff=0x7fbdf001ec40 op.respSize=80 done
n232-194-226:234005:234022 [0] NCCL INFO ncclPollProxyResponse Received new opId=0x7fbdd6bbc3a0
n232-194-226:234005:234022 [0] NCCL INFO recvOpId=0x7fbdd6bbc3a0 matches expected opId=0x7fbdd6bbc3a0
n232-194-226:234005:234055 [0] NCCL INFO Received and initiated operation=Setup res=0
n232-194-226:234005:234022 [0] NCCL INFO Channel 09/0 : 0[0] -> 1[1] via P2P/IPC
n232-194-226:234005:234055 [0] NCCL INFO New proxy send connection 29 from local rank 0, transport 0
n232-194-226:234005:234055 [0] NCCL INFO proxyProgressAsync opId=0x7fbdd6bbc3a0 op.type=1 op.reqBuff=0x7fbdf001ec40 op.respSize=16 done
n232-194-226:234005:234022 [0] NCCL INFO ncclPollProxyResponse Received new opId=0x7fbdd6bbc3a0
n232-194-226:234005:234055 [0] NCCL INFO Received and initiated operation=Init res=0
n232-194-226:234005:234022 [0] NCCL INFO recvOpId=0x7fbdd6bbc3a0 matches expected opId=0x7fbdd6bbc3a0
n232-194-226:234005:234022 [0] NCCL INFO Connection to proxy localRank 0 -> connection 0x7fbdf0003a60
n232-194-226:234005:234055 [0] NCCL INFO transport/p2p.cc:204 Cuda Alloc Size 2097152 pointer 0x7fbdbf000000
n232-194-226:234005:234055 [0] NCCL INFO Allocated shareable buffer 0x7fbdbf000000 size 2097152 ipcDesc 0x7fbdf000ea10
n232-194-226:234005:234055 [0] NCCL INFO proxyProgressAsync opId=0x7fbdd6bbc3a0 op.type=3 op.reqBuff=0x7fbdf001ec80 op.respSize=80 done
n232-194-226:234005:234022 [0] NCCL INFO ncclPollProxyResponse Received new opId=0x7fbdd6bbc3a0
n232-194-226:234005:234055 [0] NCCL INFO Received and initiated operation=Setup res=0
n232-194-226:234005:234022 [0] NCCL INFO recvOpId=0x7fbdd6bbc3a0 matches expected opId=0x7fbdd6bbc3a0
n232-194-226:234007:234056 [2] NCCL INFO proxyProgressAsync opId=0x7f0af7444e78 op.type=4 op.reqBuff=0x7f0aec03ec50 op.respSize=21040 done
n232-194-226:234007:234025 [2] NCCL INFO ncclPollProxyResponse Received new opId=0x7f0af7444e78
n232-194-226:234007:234025 [2] NCCL INFO Queuing opId=0x7f0af7444e78 respBuff=0x7f0af746cdf0 respSize=21040
n232-194-226:234007:234025 [2] NCCL INFO ncclPollProxyResponse Dequeued cached opId=0x7f0af7444e78
n232-194-226:234007:234025 [2] NCCL INFO recvConnect ncclPollProxyResponse opId=0x7f0af7444e78
n232-194-226:234007:234056 [2] NCCL INFO transport/net.cc:637 Cuda Alloc Size 9109504 pointer 0x7f0ad9600000
n232-194-226:234007:234056 [2] NCCL INFO transport/net.cc:643 Cuda Host Alloc Size 532480 pointer 0x7f0b2ea86200
n232-194-226:234008:234054 [3] NCCL INFO proxyProgressAsync opId=0x7f146744aa50 op.type=4 op.reqBuff=0x7f145c069ed0 op.respSize=21040 done
n232-194-226:234006:234057 [1] NCCL INFO proxyProgressAsync opId=0x7f62174489d0 op.type=4 op.reqBuff=0x7f620c03ec70 op.respSize=21040 done
n232-194-226:234008:234023 [3] NCCL INFO ncclPollProxyResponse Received new opId=0x7f146744aa50
n232-194-226:234006:234024 [1] NCCL INFO ncclPollProxyResponse Received new opId=0x7f62174489d0
n232-194-226:234008:234023 [3] NCCL INFO Queuing opId=0x7f146744aa50 respBuff=0x7f146746cdf0 respSize=21040
