n232-194-226:234005:234022 [0] NCCL INFO channel.cc:89 Cuda Alloc Size 1536 pointer 0x7fbdd0215a00
n232-194-226:234005:234022 [0] NCCL INFO NVLS comm 0x562c76d44a40 headRank 0 nHeads 3 buffSize 4194304 memSize 2097152 nvlsPerRankSize 201326592 nvlsTotalSize 603979776
n232-194-226:234005:234022 [0] NCCL INFO NVLS Creating Multicast group nranks 4 size 1073741824 on rank 0
n232-194-226:234005:234022 [0] NCCL INFO NVLS Created Multicast group 7fbdd745f2d0 nranks 4 size 1073741824 on rank 0
n232-194-226:234005:234022 [0] NCCL INFO NVLS group 7fbdd745f2d0 adding dev 0
n232-194-226:234008:234054 [3] NCCL INFO proxyProgressAsync opId=0x7f1467442eb8 op.type=4 op.reqBuff=0x7f145c12e610 op.respSize=21040 done
n232-194-226:234008:234023 [3] NCCL INFO ncclPollProxyResponse Received new opId=0x7f1467442eb8
n232-194-226:234008:234023 [3] NCCL INFO Queuing opId=0x7f1467442eb8 respBuff=0x7f146746cdf0 respSize=21040
n232-194-226:234008:234023 [3] NCCL INFO ncclPollProxyResponse Dequeued cached opId=0x7f1467442eb8
n232-194-226:234008:234023 [3] NCCL INFO recvConnect ncclPollProxyResponse opId=0x7f1467442eb8
n232-194-226:234008:234054 [3] NCCL INFO transport/net.cc:637 Cuda Alloc Size 9109504 pointer 0x7f142ea00000
n232-194-226:234008:234054 [3] NCCL INFO transport/net.cc:643 Cuda Host Alloc Size 532480 pointer 0x7f1449504000
n232-194-226:234005:234022 [0] NCCL INFO NVLS Mapped UC at 0x620000000 size 1073741824
n232-194-226:234005:234022 [0] NCCL INFO NVLS Bind mem 0x620000000 UC handle 0x7fbdd745faa0 MC handle 0x7fbdd745f2d0 size 1073741824
n232-194-226:234007:234056 [2] NCCL INFO proxyProgressAsync opId=0x7f0af743ecf0 op.type=4 op.reqBuff=0x7f0aec1731a0 op.respSize=21040 done
n232-194-226:234007:234025 [2] NCCL INFO ncclPollProxyResponse Received new opId=0x7f0af743ecf0
n232-194-226:234007:234025 [2] NCCL INFO recvOpId=0x7f0af743ecf0 matches expected opId=0x7f0af743ecf0
n232-194-226:234007:234025 [2] NCCL INFO recvConnect ncclPollProxyResponse opId=0x7f0af743ecf0
n232-194-226:234007:234056 [2] NCCL INFO transport/net.cc:637 Cuda Alloc Size 9109504 pointer 0x7f0abe000000
n232-194-226:234007:234056 [2] NCCL INFO transport/net.cc:643 Cuda Host Alloc Size 532480 pointer 0x7f0ad4b04000
n232-194-226:234006:234057 [1] NCCL INFO proxyProgressAsync opId=0x7f62174467c8 op.type=4 op.reqBuff=0x7f620c1718c0 op.respSize=21040 done
n232-194-226:234006:234024 [1] NCCL INFO ncclPollProxyResponse Received new opId=0x7f62174467c8
n232-194-226:234006:234024 [1] NCCL INFO Queuing opId=0x7f62174467c8 respBuff=0x7f6217470430 respSize=21040
n232-194-226:234006:234024 [1] NCCL INFO ncclPollProxyResponse Dequeued cached opId=0x7f62174467c8
n232-194-226:234006:234024 [1] NCCL INFO recvConnect ncclPollProxyResponse opId=0x7f62174467c8
n232-194-226:234008:234054 [3] NCCL INFO Mem Realloc old size 768, new size 1536 pointer 0x7f145c1c83e0
n232-194-226:234006:234057 [1] NCCL INFO transport/net.cc:637 Cuda Alloc Size 9109504 pointer 0x7f61e0a00000
n232-194-226:234006:234057 [1] NCCL INFO transport/net.cc:643 Cuda Host Alloc Size 532480 pointer 0x7f61f5504000
n232-194-226:234007:234056 [2] NCCL INFO Mem Realloc old size 768, new size 1536 pointer 0x7f0aec233660
n232-194-226:234008:234054 [3] NCCL INFO proxyProgressAsync opId=0x7f1467444d58 op.type=4 op.reqBuff=0x7f145c17fee0 op.respSize=21040 done
n232-194-226:234008:234023 [3] NCCL INFO ncclPollProxyResponse Received new opId=0x7f1467444d58
n232-194-226:234008:234023 [3] NCCL INFO Queuing opId=0x7f1467444d58 respBuff=0x7f146746cdf0 respSize=21040
n232-194-226:234008:234023 [3] NCCL INFO ncclPollProxyResponse Dequeued cached opId=0x7f1467444d58
n232-194-226:234008:234023 [3] NCCL INFO sendConnect ncclPollProxyResponse opId=0x7f1467444d58
n232-194-226:234008:234054 [3] NCCL INFO transport/net_ib.cc:739 Ib Alloc Size 22280 pointer 0x7f145c1e2000
n232-194-226:234008:234054 [3] NCCL INFO transport/net_ib.cc:752 Ib Alloc Size 552 pointer 0x7f145c199000
n232-194-226:234006:234057 [1] NCCL INFO Mem Realloc old size 768, new size 1536 pointer 0x7f620c1ab010
n232-194-226:234007:234056 [2] NCCL INFO proxyProgressAsync opId=0x7f0af7440b90 op.type=4 op.reqBuff=0x7f0aec198e60 op.respSize=21040 done
n232-194-226:234007:234025 [2] NCCL INFO ncclPollProxyResponse Received new opId=0x7f0af7440b90
n232-194-226:234007:234025 [2] NCCL INFO Queuing opId=0x7f0af7440b90 respBuff=0x7f0af746cdf0 respSize=21040
n232-194-226:234007:234025 [2] NCCL INFO ncclPollProxyResponse Dequeued cached opId=0x7f0af7440b90
n232-194-226:234007:234025 [2] NCCL INFO sendConnect ncclPollProxyResponse opId=0x7f0af7440b90
n232-194-226:234008:234054 [3] NCCL INFO transport/net_ib.cc:830 Ib Alloc Size 552 pointer 0x7f145c19b000
n232-194-226:234008:234054 [3] NCCL INFO Received and initiated operation=Connect res=0
n232-194-226:234008:234054 [3] NCCL INFO transport/net_ib.cc:627 Ib Alloc Size 27160 pointer 0x7f145c202000
n232-194-226:234007:234056 [2] NCCL INFO transport/net.cc:773 Cuda Alloc Size 9633792 pointer 0x7f0abea00000
n232-194-226:234007:234056 [2] NCCL INFO transport/net.cc:778 Cuda Host Alloc Size 8192 pointer 0x7f0b2eb90200
n232-194-226:234006:234057 [1] NCCL INFO proxyProgressAsync opId=0x7f6217448668 op.type=4 op.reqBuff=0x7f620c180ba0 op.respSize=21040 done
n232-194-226:234006:234024 [1] NCCL INFO ncclPollProxyResponse Received new opId=0x7f6217448668
n232-194-226:234006:234024 [1] NCCL INFO recvOpId=0x7f6217448668 matches expected opId=0x7f6217448668
n232-194-226:234006:234024 [1] NCCL INFO sendConnect ncclPollProxyResponse opId=0x7f6217448668
n232-194-226:234006:234057 [1] NCCL INFO transport/net_ib.cc:752 Ib Alloc Size 552 pointer 0x7f620c19f000
n232-194-226:234008:234054 [3] NCCL INFO NET/IB: Dev 2 Port 1 qpn 19083 mtu 5 LID 29
n232-194-226:234008:234054 [3] NCCL INFO transport/net_ib.cc:679 Ib Alloc Size 552 pointer 0x7f145c219000
n232-194-226:234008:234054 [3] NCCL INFO Received and initiated operation=Connect res=0
n232-194-226:234006:234057 [1] NCCL INFO transport/net_ib.cc:830 Ib Alloc Size 552 pointer 0x7f620c1a1000
n232-194-226:234008:234054 [3] NCCL INFO transport/net.cc:773 Cuda Alloc Size 9633792 pointer 0x7f142f400000
n232-194-226:234008:234054 [3] NCCL INFO transport/net.cc:778 Cuda Host Alloc Size 8192 pointer 0x7f149eb90200
n232-194-226:234006:234057 [1] NCCL INFO transport/net.cc:637 Cuda Alloc Size 9109504 pointer 0x7f61e1400000
n232-194-226:234006:234057 [1] NCCL INFO transport/net.cc:643 Cuda Host Alloc Size 532480 pointer 0x7f61e1e00000
n232-194-226:234007:234056 [2] NCCL INFO proxyProgressAsync opId=0x7f0af7440cb0 op.type=4 op.reqBuff=0x7f0aec173160 op.respSize=21040 done
n232-194-226:234007:234025 [2] NCCL INFO ncclPollProxyResponse Received new opId=0x7f0af7440cb0
n232-194-226:234007:234025 [2] NCCL INFO Queuing opId=0x7f0af7440cb0 respBuff=0x7f0af745a160 respSize=21040
n232-194-226:234007:234025 [2] NCCL INFO ncclPollProxyResponse Dequeued cached opId=0x7f0af7440cb0
n232-194-226:234007:234025 [2] NCCL INFO recvConnect ncclPollProxyResponse opId=0x7f0af7440cb0
n232-194-226:234007:234056 [2] NCCL INFO transport/net.cc:637 Cuda Alloc Size 9109504 pointer 0x7f0abf400000
n232-194-226:234008:234054 [3] NCCL INFO proxyProgressAsync opId=0x7f1467444e78 op.type=4 op.reqBuff=0x7f145c1df5e0 op.respSize=21040 done
n232-194-226:234008:234023 [3] NCCL INFO ncclPollProxyResponse Received new opId=0x7f1467444e78
n232-194-226:234008:234023 [3] NCCL INFO Queuing opId=0x7f1467444e78 respBuff=0x7f14674830b0 respSize=21040
n232-194-226:234008:234023 [3] NCCL INFO ncclPollProxyResponse Dequeued cached opId=0x7f1467444e78
n232-194-226:234008:234023 [3] NCCL INFO recvConnect ncclPollProxyResponse opId=0x7f1467444e78
n232-194-226:234006:234057 [1] NCCL INFO proxyProgressAsync opId=0x7f6217452528 op.type=4 op.reqBuff=0x7f620c1a3d20 op.respSize=21040 done
n232-194-226:234007:234056 [2] NCCL INFO transport/net.cc:643 Cuda Host Alloc Size 532480 pointer 0x7f0abfe00000
n232-194-226:234008:234054 [3] NCCL INFO transport/net.cc:637 Cuda Alloc Size 9109504 pointer 0x7f142c000000
n232-194-226:234006:234024 [1] NCCL INFO ncclPollProxyResponse Received new opId=0x7f6217452528
n232-194-226:234006:234024 [1] NCCL INFO Queuing opId=0x7f6217452528 respBuff=0x7f6217470430 respSize=21040
n232-194-226:234006:234057 [1] NCCL INFO transport/net_ib.cc:752 Ib Alloc Size 552 pointer 0x7f620c1ca000
n232-194-226:234006:234024 [1] NCCL INFO ncclPollProxyResponse Dequeued cached opId=0x7f6217452528
n232-194-226:234006:234024 [1] NCCL INFO sendConnect ncclPollProxyResponse opId=0x7f6217452528
n232-194-226:234006:234057 [1] NCCL INFO transport/net_ib.cc:830 Ib Alloc Size 552 pointer 0x7f620c1cc000
n232-194-226:234008:234054 [3] NCCL INFO transport/net.cc:643 Cuda Host Alloc Size 532480 pointer 0x7f142ca00000
n232-194-226:234006:234057 [1] NCCL INFO transport/net.cc:637 Cuda Alloc Size 9109504 pointer 0x7f61de000000
n232-194-226:234006:234057 [1] NCCL INFO transport/net.cc:643 Cuda Host Alloc Size 532480 pointer 0x7f61e1e82000
n232-194-226:234008:234054 [3] NCCL INFO proxyProgressAsync opId=0x7f146744ec18 op.type=4 op.reqBuff=0x7f145c0a63e0 op.respSize=21040 done
n232-194-226:234008:234023 [3] NCCL INFO ncclPollProxyResponse Received new opId=0x7f146744ec18
n232-194-226:234008:234023 [3] NCCL INFO recvOpId=0x7f146744ec18 matches expected opId=0x7f146744ec18
n232-194-226:234008:234023 [3] NCCL INFO sendConnect ncclPollProxyResponse opId=0x7f146744ec18
n232-194-226:234008:234054 [3] NCCL INFO transport/net_ib.cc:739 Ib Alloc Size 22280 pointer 0x7f145c21b000
n232-194-226:234008:234054 [3] NCCL INFO transport/net_ib.cc:752 Ib Alloc Size 552 pointer 0x7f145c1c4000
n232-194-226:234008:234054 [3] NCCL INFO transport/net_ib.cc:830 Ib Alloc Size 552 pointer 0x7f145c1c4000
n232-194-226:234008:234054 [3] NCCL INFO Received and initiated operation=Connect res=0
n232-194-226:234008:234054 [3] NCCL INFO transport/net_ib.cc:627 Ib Alloc Size 27160 pointer 0x7f145c240000
n232-194-226:234007:234056 [2] NCCL INFO proxyProgressAsync opId=0x7f0af744aa50 op.type=4 op.reqBuff=0x7f0aec1b2ea0 op.respSize=21040 done
n232-194-226:234007:234025 [2] NCCL INFO ncclPollProxyResponse Received new opId=0x7f0af744aa50
n232-194-226:234007:234025 [2] NCCL INFO recvOpId=0x7f0af744aa50 matches expected opId=0x7f0af744aa50
n232-194-226:234007:234025 [2] NCCL INFO sendConnect ncclPollProxyResponse opId=0x7f0af744aa50
n232-194-226:234008:234054 [3] NCCL INFO NET/IB: Dev 2 Port 1 qpn 19086 mtu 5 LID 29
n232-194-226:234008:234054 [3] NCCL INFO transport/net_ib.cc:679 Ib Alloc Size 552 pointer 0x7f145c1c7000
n232-194-226:234008:234054 [3] NCCL INFO Received and initiated operation=Connect res=0
n232-194-226:234007:234056 [2] NCCL INFO transport/net.cc:773 Cuda Alloc Size 9633792 pointer 0x7f0abc000000
n232-194-226:234007:234056 [2] NCCL INFO transport/net.cc:778 Cuda Host Alloc Size 8192 pointer 0x7f0b2eb92200
n232-194-226:234008:234054 [3] NCCL INFO transport/net.cc:773 Cuda Alloc Size 9633792 pointer 0x7f142cc00000
n232-194-226:234008:234054 [3] NCCL INFO transport/net.cc:778 Cuda Host Alloc Size 8192 pointer 0x7f149eb92200
n232-194-226:234006:234057 [1] NCCL INFO proxyProgressAsync opId=0x7f62174544e8 op.type=4 op.reqBuff=0x7f620c197e30 op.respSize=21040 done
n232-194-226:234006:234024 [1] NCCL INFO ncclPollProxyResponse Received new opId=0x7f62174544e8
n232-194-226:234006:234024 [1] NCCL INFO Queuing opId=0x7f62174544e8 respBuff=0x7f621745a300 respSize=21040
n232-194-226:234006:234057 [1] NCCL INFO transport/net_ib.cc:752 Ib Alloc Size 552 pointer 0x7f620c1f5000
n232-194-226:234006:234024 [1] NCCL INFO ncclPollProxyResponse Dequeued cached opId=0x7f62174544e8
n232-194-226:234006:234024 [1] NCCL INFO sendConnect ncclPollProxyResponse opId=0x7f62174544e8
n232-194-226:234006:234057 [1] NCCL INFO transport/net_ib.cc:830 Ib Alloc Size 552 pointer 0x7f620c1f7000
n232-194-226:234006:234057 [1] NCCL INFO transport/net.cc:773 Cuda Alloc Size 9633792 pointer 0x7f61dea00000
n232-194-226:234006:234057 [1] NCCL INFO transport/net.cc:778 Cuda Host Alloc Size 8192 pointer 0x7f624eb90200
n232-194-226:234007:234056 [2] NCCL INFO proxyProgressAsync opId=0x7f0af744ab70 op.type=4 op.reqBuff=0x7f0aec173db0 op.respSize=21040 done
n232-194-226:234007:234025 [2] NCCL INFO ncclPollProxyResponse Received new opId=0x7f0af744ab70
n232-194-226:234007:234025 [2] NCCL INFO Queuing opId=0x7f0af744ab70 respBuff=0x7f0af746cdf0 respSize=21040
n232-194-226:234007:234056 [2] NCCL INFO transport/net_ib.cc:627 Ib Alloc Size 27160 pointer 0x7f0aec251000
n232-194-226:234007:234025 [2] NCCL INFO ncclPollProxyResponse Dequeued cached opId=0x7f0af744ab70
n232-194-226:234007:234025 [2] NCCL INFO recvConnect ncclPollProxyResponse opId=0x7f0af744ab70
n232-194-226:234008:234054 [3] NCCL INFO proxyProgressAsync opId=0x7f146744ed38 op.type=4 op.reqBuff=0x7f145c0a6420 op.respSize=21040 done
n232-194-226:234008:234023 [3] NCCL INFO ncclPollProxyResponse Received new opId=0x7f146744ed38
n232-194-226:234008:234023 [3] NCCL INFO recvOpId=0x7f146744ed38 matches expected opId=0x7f146744ed38
n232-194-226:234008:234023 [3] NCCL INFO recvConnect ncclPollProxyResponse opId=0x7f146744ed38
n232-194-226:234007:234056 [2] NCCL INFO NET/IB: Dev 1 Port 1 qpn 22953 mtu 5 LID 25
n232-194-226:234007:234056 [2] NCCL INFO transport/net_ib.cc:679 Ib Alloc Size 552 pointer 0x7f0aec1dd000
n232-194-226:234007:234056 [2] NCCL INFO Received and initiated operation=Connect res=0
n232-194-226:234007:234056 [2] NCCL INFO transport/net_ib.cc:739 Ib Alloc Size 22280 pointer 0x7f0aec263000
n232-194-226:234007:234056 [2] NCCL INFO transport/net_ib.cc:752 Ib Alloc Size 552 pointer 0x7f0aec1df000
n232-194-226:234008:234054 [3] NCCL INFO transport/net.cc:637 Cuda Alloc Size 9109504 pointer 0x7f142d600000
n232-194-226:234008:234054 [3] NCCL INFO transport/net.cc:643 Cuda Host Alloc Size 532480 pointer 0x7f142ca82000
n232-194-226:234006:234057 [1] NCCL INFO proxyProgressAsync opId=0x7f6217448788 op.type=4 op.reqBuff=0x7f620c180f20 op.respSize=21040 done
n232-194-226:234006:234024 [1] NCCL INFO ncclPollProxyResponse Received new opId=0x7f6217448788
n232-194-226:234006:234024 [1] NCCL INFO recvOpId=0x7f6217448788 matches expected opId=0x7f6217448788
n232-194-226:234006:234024 [1] NCCL INFO recvConnect ncclPollProxyResponse opId=0x7f6217448788
n232-194-226:234007:234056 [2] NCCL INFO transport/net_ib.cc:830 Ib Alloc Size 552 pointer 0x7f0aec1bd000
n232-194-226:234007:234056 [2] NCCL INFO Received and initiated operation=Connect res=0
n232-194-226:234008:234054 [3] NCCL INFO proxyProgressAsync opId=0x7f1467450bd8 op.type=4 op.reqBuff=0x7f145c201eb0 op.respSize=21040 done
n232-194-226:234008:234023 [3] NCCL INFO ncclPollProxyResponse Received new opId=0x7f1467450bd8
n232-194-226:234008:234023 [3] NCCL INFO recvOpId=0x7f1467450bd8 matches expected opId=0x7f1467450bd8
n232-194-226:234008:234023 [3] NCCL INFO sendConnect ncclPollProxyResponse opId=0x7f1467450bd8
n232-194-226:234006:234057 [1] NCCL INFO transport/net.cc:773 Cuda Alloc Size 9633792 pointer 0x7f61df400000
n232-194-226:234008:234054 [3] NCCL INFO transport/net_ib.cc:739 Ib Alloc Size 22280 pointer 0x7f145c257000
n232-194-226:234006:234057 [1] NCCL INFO transport/net.cc:778 Cuda Host Alloc Size 8192 pointer 0x7f624eb92200
n232-194-226:234008:234054 [3] NCCL INFO transport/net_ib.cc:752 Ib Alloc Size 552 pointer 0x7f145c23b000
n232-194-226:234008:234054 [3] NCCL INFO transport/net_ib.cc:830 Ib Alloc Size 552 pointer 0x7f145c23d000
n232-194-226:234008:234054 [3] NCCL INFO Received and initiated operation=Connect res=0
n232-194-226:234007:234056 [2] NCCL INFO transport/net.cc:637 Cuda Alloc Size 9109504 pointer 0x7f0abca00000
n232-194-226:234007:234056 [2] NCCL INFO transport/net.cc:643 Cuda Host Alloc Size 532480 pointer 0x7f0abfe82000
n232-194-226:234008:234054 [3] NCCL INFO transport/net.cc:773 Cuda Alloc Size 9633792 pointer 0x7f142a000000
n232-194-226:234008:234054 [3] NCCL INFO transport/net.cc:778 Cuda Host Alloc Size 8192 pointer 0x7f149eb94200
n232-194-226:234007:234056 [2] NCCL INFO proxyProgressAsync opId=0x7f0af744ca10 op.type=4 op.reqBuff=0x7f0aec2240e0 op.respSize=21040 done
n232-194-226:234007:234025 [2] NCCL INFO ncclPollProxyResponse Received new opId=0x7f0af744ca10
n232-194-226:234007:234025 [2] NCCL INFO recvOpId=0x7f0af744ca10 matches expected opId=0x7f0af744ca10
n232-194-226:234007:234025 [2] NCCL INFO sendConnect ncclPollProxyResponse opId=0x7f0af744ca10
n232-194-226:234007:234056 [2] NCCL INFO transport/net.cc:773 Cuda Alloc Size 9633792 pointer 0x7f0abd400000
n232-194-226:234006:234057 [1] NCCL INFO proxyProgressAsync opId=0x7f6217452648 op.type=4 op.reqBuff=0x7f620c197dd0 op.respSize=21040 done
n232-194-226:234007:234056 [2] NCCL INFO transport/net.cc:778 Cuda Host Alloc Size 8192 pointer 0x7f0b2eb94200
n232-194-226:234006:234024 [1] NCCL INFO ncclPollProxyResponse Received new opId=0x7f6217452648
n232-194-226:234006:234024 [1] NCCL INFO Queuing opId=0x7f6217452648 respBuff=0x7f62174c8fc0 respSize=21040
n232-194-226:234006:234024 [1] NCCL INFO ncclPollProxyResponse Dequeued cached opId=0x7f6217452648
n232-194-226:234006:234024 [1] NCCL INFO recvConnect ncclPollProxyResponse opId=0x7f6217452648
n232-194-226:234008:234054 [3] NCCL INFO proxyProgressAsync opId=0x7f1467450cf8 op.type=4 op.reqBuff=0x7f145c201ef0 op.respSize=21040 done
n232-194-226:234008:234023 [3] NCCL INFO ncclPollProxyResponse Received new opId=0x7f1467450cf8
n232-194-226:234008:234023 [3] NCCL INFO recvOpId=0x7f1467450cf8 matches expected opId=0x7f1467450cf8
n232-194-226:234008:234023 [3] NCCL INFO recvConnect ncclPollProxyResponse opId=0x7f1467450cf8
n232-194-226:234008:234023 [3] NCCL INFO Connected all trees
n232-194-226:234008:234023 [3] NCCL INFO channel.cc:89 Cuda Alloc Size 1536 pointer 0x7f1462210000
n232-194-226:234008:234023 [3] NCCL INFO channel.cc:89 Cuda Alloc Size 1536 pointer 0x7f1462210600
n232-194-226:234008:234023 [3] NCCL INFO channel.cc:89 Cuda Alloc Size 1536 pointer 0x7f1462210c00
n232-194-226:234008:234023 [3] NCCL INFO channel.cc:89 Cuda Alloc Size 1536 pointer 0x7f1462211200
n232-194-226:234008:234023 [3] NCCL INFO channel.cc:89 Cuda Alloc Size 1536 pointer 0x7f1462211800
n232-194-226:234008:234023 [3] NCCL INFO channel.cc:89 Cuda Alloc Size 1536 pointer 0x7f1462211e00
n232-194-226:234008:234023 [3] NCCL INFO channel.cc:89 Cuda Alloc Size 1536 pointer 0x7f1462212400
n232-194-226:234008:234023 [3] NCCL INFO channel.cc:89 Cuda Alloc Size 1536 pointer 0x7f1462212a00
n232-194-226:234006:234057 [1] NCCL INFO transport/net.cc:773 Cuda Alloc Size 9633792 pointer 0x7f61dc000000
n232-194-226:234008:234023 [3] NCCL INFO channel.cc:89 Cuda Alloc Size 1536 pointer 0x7f1462213000
n232-194-226:234006:234057 [1] NCCL INFO transport/net.cc:778 Cuda Host Alloc Size 8192 pointer 0x7f624eb94200
n232-194-226:234008:234023 [3] NCCL INFO channel.cc:89 Cuda Alloc Size 1536 pointer 0x7f1462213600
n232-194-226:234008:234023 [3] NCCL INFO channel.cc:89 Cuda Alloc Size 1536 pointer 0x7f1462213c00
n232-194-226:234008:234023 [3] NCCL INFO channel.cc:89 Cuda Alloc Size 1536 pointer 0x7f1462214200
n232-194-226:234008:234023 [3] NCCL INFO channel.cc:89 Cuda Alloc Size 1536 pointer 0x7f1462214800
n232-194-226:234008:234023 [3] NCCL INFO channel.cc:89 Cuda Alloc Size 1536 pointer 0x7f1462214e00
n232-194-226:234008:234023 [3] NCCL INFO channel.cc:89 Cuda Alloc Size 1536 pointer 0x7f1462215400
n232-194-226:234008:234023 [3] NCCL INFO channel.cc:89 Cuda Alloc Size 1536 pointer 0x7f1462215a00
n232-194-226:234008:234023 [3] NCCL INFO NVLS comm 0x55d3ae819cb0 headRank 1 nHeads 3 buffSize 4194304 memSize 2097152 nvlsPerRankSize 201326592 nvlsTotalSize 603979776
n232-194-226:234008:234023 [3] NCCL INFO NVLS importing shareableHandle 0x7f146745cc58 from rank 0
n232-194-226:234005:234055 [0] NCCL INFO New proxy send connection 50 from local rank 3, transport 0
n232-194-226:234005:234055 [0] NCCL INFO proxyProgressAsync opId=0x7f1466bbc540 op.type=1 op.reqBuff=0x7fbdf002e510 op.respSize=16 done
n232-194-226:234008:234023 [3] NCCL INFO ncclPollProxyResponse Received new opId=0x7f1466bbc540
n232-194-226:234008:234023 [3] NCCL INFO recvOpId=0x7f1466bbc540 matches expected opId=0x7f1466bbc540
n232-194-226:234005:234055 [0] NCCL INFO Received and initiated operation=Init res=0
n232-194-226:234008:234023 [3] NCCL INFO Connection to proxy localRank 0 -> connection 0x7fbdf00040f0
n232-194-226:234005:234055 [0] NCCL INFO UDS proxyConvertFd received fd 89 peer 3 opId 7f1466bbc540
n232-194-226:234005:234055 [0] NCCL INFO proxyProgressAsync opId=0x7f1466bbc540 op.type=9 op.reqBuff=0x7fbdf00300c0 op.respSize=0 done
n232-194-226:234008:234023 [3] NCCL INFO ncclPollProxyResponse Received new opId=0x7f1466bbc540
n232-194-226:234005:234055 [0] NCCL INFO Received and initiated operation=ConvertFd res=0
n232-194-226:234008:234023 [3] NCCL INFO recvOpId=0x7f1466bbc540 matches expected opId=0x7f1466bbc540
n232-194-226:234008:234023 [3] NCCL INFO NVLS group 7f14674637d0 adding dev 3
n232-194-226:234007:234056 [2] NCCL INFO proxyProgressAsync opId=0x7f0af744cb30 op.type=4 op.reqBuff=0x7f0aec1f0fe0 op.respSize=21040 done
n232-194-226:234007:234025 [2] NCCL INFO ncclPollProxyResponse Received new opId=0x7f0af744cb30
n232-194-226:234007:234025 [2] NCCL INFO recvOpId=0x7f0af744cb30 matches expected opId=0x7f0af744cb30
n232-194-226:234007:234025 [2] NCCL INFO recvConnect ncclPollProxyResponse opId=0x7f0af744cb30
n232-194-226:234007:234025 [2] NCCL INFO Connected all trees
n232-194-226:234008:234023 [3] NCCL INFO NVLS Mapped UC at 0x620000000 size 1073741824
n232-194-226:234008:234023 [3] NCCL INFO NVLS Bind mem 0x620000000 UC handle 0x7f1467463fa0 MC handle 0x7f14674637d0 size 1073741824
n232-194-226:234007:234025 [2] NCCL INFO channel.cc:89 Cuda Alloc Size 1536 pointer 0x7f0af2210000
n232-194-226:234007:234025 [2] NCCL INFO channel.cc:89 Cuda Alloc Size 1536 pointer 0x7f0af2210600
n232-194-226:234007:234025 [2] NCCL INFO channel.cc:89 Cuda Alloc Size 1536 pointer 0x7f0af2210c00
n232-194-226:234007:234025 [2] NCCL INFO channel.cc:89 Cuda Alloc Size 1536 pointer 0x7f0af2211200
n232-194-226:234007:234025 [2] NCCL INFO channel.cc:89 Cuda Alloc Size 1536 pointer 0x7f0af2211800
n232-194-226:234007:234025 [2] NCCL INFO channel.cc:89 Cuda Alloc Size 1536 pointer 0x7f0af2211e00
n232-194-226:234007:234025 [2] NCCL INFO channel.cc:89 Cuda Alloc Size 1536 pointer 0x7f0af2212400
n232-194-226:234007:234025 [2] NCCL INFO channel.cc:89 Cuda Alloc Size 1536 pointer 0x7f0af2212a00
n232-194-226:234007:234025 [2] NCCL INFO channel.cc:89 Cuda Alloc Size 1536 pointer 0x7f0af2213000
n232-194-226:234007:234025 [2] NCCL INFO channel.cc:89 Cuda Alloc Size 1536 pointer 0x7f0af2213600
n232-194-226:234007:234025 [2] NCCL INFO channel.cc:89 Cuda Alloc Size 1536 pointer 0x7f0af2213c00
n232-194-226:234007:234025 [2] NCCL INFO channel.cc:89 Cuda Alloc Size 1536 pointer 0x7f0af2214200
n232-194-226:234007:234025 [2] NCCL INFO channel.cc:89 Cuda Alloc Size 1536 pointer 0x7f0af2214800
n232-194-226:234007:234025 [2] NCCL INFO channel.cc:89 Cuda Alloc Size 1536 pointer 0x7f0af2214e00
n232-194-226:234007:234025 [2] NCCL INFO channel.cc:89 Cuda Alloc Size 1536 pointer 0x7f0af2215400
n232-194-226:234007:234025 [2] NCCL INFO channel.cc:89 Cuda Alloc Size 1536 pointer 0x7f0af2215a00
n232-194-226:234007:234025 [2] NCCL INFO NVLS comm 0x55aff9ddb0a0 headRank -1 nHeads 3 buffSize 4194304 memSize 2097152 nvlsPerRankSize 201326592 nvlsTotalSize 603979776
n232-194-226:234007:234025 [2] NCCL INFO NVLS importing shareableHandle 0x7f0af7456a28 from rank 0
n232-194-226:234006:234057 [1] NCCL INFO proxyProgressAsync opId=0x7f6217454608 op.type=4 op.reqBuff=0x7f620c197f90 op.respSize=21040 done
n232-194-226:234006:234024 [1] NCCL INFO ncclPollProxyResponse Received new opId=0x7f6217454608
n232-194-226:234006:234024 [1] NCCL INFO recvOpId=0x7f6217454608 matches expected opId=0x7f6217454608
n232-194-226:234006:234024 [1] NCCL INFO recvConnect ncclPollProxyResponse opId=0x7f6217454608
n232-194-226:234006:234024 [1] NCCL INFO Connected all trees
n232-194-226:234005:234055 [0] NCCL INFO New proxy send connection 51 from local rank 2, transport 0
n232-194-226:234005:234055 [0] NCCL INFO proxyProgressAsync opId=0x7f0af6bbc540 op.type=1 op.reqBuff=0x7fbdf00300c0 op.respSize=16 done
n232-194-226:234007:234025 [2] NCCL INFO ncclPollProxyResponse Received new opId=0x7f0af6bbc540
n232-194-226:234007:234025 [2] NCCL INFO recvOpId=0x7f0af6bbc540 matches expected opId=0x7f0af6bbc540
n232-194-226:234005:234055 [0] NCCL INFO Received and initiated operation=Init res=0
n232-194-226:234007:234025 [2] NCCL INFO Connection to proxy localRank 0 -> connection 0x7fbdf0004140
n232-194-226:234005:234055 [0] NCCL INFO UDS proxyConvertFd received fd 89 peer 2 opId 7f0af6bbc540
n232-194-226:234006:234024 [1] NCCL INFO channel.cc:89 Cuda Alloc Size 1536 pointer 0x7f6212210000
n232-194-226:234005:234055 [0] NCCL INFO proxyProgressAsync opId=0x7f0af6bbc540 op.type=9 op.reqBuff=0x7fbdf002e510 op.respSize=0 done
n232-194-226:234007:234025 [2] NCCL INFO ncclPollProxyResponse Received new opId=0x7f0af6bbc540
n232-194-226:234005:234055 [0] NCCL INFO Received and initiated operation=ConvertFd res=0
n232-194-226:234007:234025 [2] NCCL INFO recvOpId=0x7f0af6bbc540 matches expected opId=0x7f0af6bbc540
n232-194-226:234006:234024 [1] NCCL INFO channel.cc:89 Cuda Alloc Size 1536 pointer 0x7f6212210600
n232-194-226:234006:234024 [1] NCCL INFO channel.cc:89 Cuda Alloc Size 1536 pointer 0x7f6212210c00
n232-194-226:234007:234025 [2] NCCL INFO NVLS group 7f0af7484630 adding dev 2
n232-194-226:234006:234024 [1] NCCL INFO channel.cc:89 Cuda Alloc Size 1536 pointer 0x7f6212211200
n232-194-226:234006:234024 [1] NCCL INFO channel.cc:89 Cuda Alloc Size 1536 pointer 0x7f6212211800
n232-194-226:234006:234024 [1] NCCL INFO channel.cc:89 Cuda Alloc Size 1536 pointer 0x7f6212211e00
n232-194-226:234006:234024 [1] NCCL INFO channel.cc:89 Cuda Alloc Size 1536 pointer 0x7f6212212400
n232-194-226:234006:234024 [1] NCCL INFO channel.cc:89 Cuda Alloc Size 1536 pointer 0x7f6212212a00
n232-194-226:234006:234024 [1] NCCL INFO channel.cc:89 Cuda Alloc Size 1536 pointer 0x7f6212213000
n232-194-226:234006:234024 [1] NCCL INFO channel.cc:89 Cuda Alloc Size 1536 pointer 0x7f6212213600
n232-194-226:234006:234024 [1] NCCL INFO channel.cc:89 Cuda Alloc Size 1536 pointer 0x7f6212213c00
n232-194-226:234006:234024 [1] NCCL INFO channel.cc:89 Cuda Alloc Size 1536 pointer 0x7f6212214200
n232-194-226:234006:234024 [1] NCCL INFO channel.cc:89 Cuda Alloc Size 1536 pointer 0x7f6212214800
n232-194-226:234006:234024 [1] NCCL INFO channel.cc:89 Cuda Alloc Size 1536 pointer 0x7f6212214e00
n232-194-226:234006:234024 [1] NCCL INFO channel.cc:89 Cuda Alloc Size 1536 pointer 0x7f6212215400
n232-194-226:234007:234025 [2] NCCL INFO NVLS Mapped UC at 0x620000000 size 1073741824
n232-194-226:234007:234025 [2] NCCL INFO NVLS Bind mem 0x620000000 UC handle 0x7f0af7484e00 MC handle 0x7f0af7484630 size 1073741824
n232-194-226:234006:234024 [1] NCCL INFO channel.cc:89 Cuda Alloc Size 1536 pointer 0x7f6212215a00
n232-194-226:234006:234024 [1] NCCL INFO NVLS comm 0x56173a731f90 headRank 2 nHeads 3 buffSize 4194304 memSize 2097152 nvlsPerRankSize 201326592 nvlsTotalSize 603979776
n232-194-226:234006:234024 [1] NCCL INFO NVLS importing shareableHandle 0x7f6217459ef8 from rank 0
n232-194-226:234005:234055 [0] NCCL INFO New proxy send connection 52 from local rank 1, transport 0
n232-194-226:234005:234055 [0] NCCL INFO proxyProgressAsync opId=0x7f6216bbc360 op.type=1 op.reqBuff=0x7fbdf002e510 op.respSize=16 done
n232-194-226:234006:234024 [1] NCCL INFO ncclPollProxyResponse Received new opId=0x7f6216bbc360
n232-194-226:234005:234055 [0] NCCL INFO Received and initiated operation=Init res=0
n232-194-226:234006:234024 [1] NCCL INFO recvOpId=0x7f6216bbc360 matches expected opId=0x7f6216bbc360
n232-194-226:234006:234024 [1] NCCL INFO Connection to proxy localRank 0 -> connection 0x7fbdf0004190
n232-194-226:234005:234055 [0] NCCL INFO UDS proxyConvertFd received fd 89 peer 1 opId 7f6216bbc360
n232-194-226:234005:234055 [0] NCCL INFO proxyProgressAsync opId=0x7f6216bbc360 op.type=9 op.reqBuff=0x7fbdf00300c0 op.respSize=0 done
n232-194-226:234005:234055 [0] NCCL INFO Received and initiated operation=ConvertFd res=0
n232-194-226:234006:234024 [1] NCCL INFO ncclPollProxyResponse Received new opId=0x7f6216bbc360
n232-194-226:234006:234024 [1] NCCL INFO recvOpId=0x7f6216bbc360 matches expected opId=0x7f6216bbc360
n232-194-226:234006:234024 [1] NCCL INFO NVLS group 7f6217487c70 adding dev 1
n232-194-226:234006:234024 [1] NCCL INFO NVLS Mapped UC at 0x620000000 size 1073741824
n232-194-226:234006:234024 [1] NCCL INFO NVLS Bind mem 0x620000000 UC handle 0x7f6217488460 MC handle 0x7f6217487c70 size 1073741824
n232-194-226:234005:234022 [0] NCCL INFO NVLS Mapped MC buffer at 0x660000000 size 1073741824
n232-194-226:234008:234023 [3] NCCL INFO NVLS Mapped MC buffer at 0x660000000 size 1073741824
n232-194-226:234006:234024 [1] NCCL INFO NVLS Mapped MC buffer at 0x660000000 size 1073741824
n232-194-226:234007:234025 [2] NCCL INFO NVLS Mapped MC buffer at 0x660000000 size 1073741824
n232-194-226:234005:234022 [0] NCCL INFO GPU Direct RDMA Enabled for GPU f000 / HCA 1 (distance 3 <= 4), read 0
n232-194-226:234008:234023 [3] NCCL INFO GPU Direct RDMA Enabled for GPU 5a000 / HCA 2 (distance 3 <= 4), read 0
n232-194-226:234008:234054 [3] NCCL INFO New proxy recv connection 60 from local rank 3, transport 2
n232-194-226:234008:234054 [3] NCCL INFO proxyProgressAsync opId=0x7f1466bbc540 op.type=1 op.reqBuff=0x7f145c201ef0 op.respSize=16 done
n232-194-226:234008:234023 [3] NCCL INFO ncclPollProxyResponse Received new opId=0x7f1466bbc540
n232-194-226:234008:234054 [3] NCCL INFO Received and initiated operation=Init res=0
n232-194-226:234008:234023 [3] NCCL INFO recvOpId=0x7f1466bbc540 matches expected opId=0x7f1466bbc540
n232-194-226:234008:234023 [3] NCCL INFO Connection to proxy localRank 3 -> connection 0x7f145c004410
n232-194-226:234006:234024 [1] NCCL INFO GPU Direct RDMA Enabled for GPU 34000 / HCA 0 (distance 3 <= 4), read 0
n232-194-226:234005:234055 [0] NCCL INFO Allocated 4194660 bytes of shared memory in /dev/shm/nccl-q5u5HG
n232-194-226:234008:234054 [3] NCCL INFO proxyProgressAsync opId=0x7f1466bbc540 op.type=3 op.reqBuff=0x7f145c045fd0 op.respSize=128 done
n232-194-226:234006:234057 [1] NCCL INFO New proxy recv connection 56 from local rank 1, transport 2
n232-194-226:234006:234057 [1] NCCL INFO proxyProgressAsync opId=0x7f6216bbc360 op.type=1 op.reqBuff=0x7f620c197f90 op.respSize=16 done
n232-194-226:234007:234025 [2] NCCL INFO Connected NVLS tree
n232-194-226:234008:234023 [3] NCCL INFO ncclPollProxyResponse Received new opId=0x7f1466bbc540
n232-194-226:234006:234024 [1] NCCL INFO ncclPollProxyResponse Received new opId=0x7f6216bbc360
n232-194-226:234008:234023 [3] NCCL INFO recvOpId=0x7f1466bbc540 matches expected opId=0x7f1466bbc540
n232-194-226:234007:234025 [2] NCCL INFO threadThresholds 8/8/64 | 64/8/64 | 512 | 512
n232-194-226:234008:234054 [3] NCCL INFO Received and initiated operation=Setup res=0
n232-194-226:234006:234057 [1] NCCL INFO Received and initiated operation=Init res=0
n232-194-226:234008:234023 [3] NCCL INFO Channel 00/0 : 7[3] -> 3[3] [receive] via NET/IB/2/GDRDMA
n232-194-226:234007:234025 [2] NCCL INFO 12 coll channels, 16 nvls channels, 16 p2p channels, 2 p2p channels per peer
n232-194-226:234008:234023 [3] NCCL INFO GPU Direct RDMA Enabled for GPU 5a000 / HCA 2 (distance 3 <= 4), read 0
n232-194-226:234006:234024 [1] NCCL INFO recvOpId=0x7f6216bbc360 matches expected opId=0x7f6216bbc360
n232-194-226:234006:234024 [1] NCCL INFO Connection to proxy localRank 1 -> connection 0x7f620c0042d0
n232-194-226:234008:234054 [3] NCCL INFO New proxy recv connection 61 from local rank 3, transport 2
n232-194-226:234008:234054 [3] NCCL INFO proxyProgressAsync opId=0x7f1466bbc540 op.type=1 op.reqBuff=0x7f145c262fe0 op.respSize=16 done
n232-194-226:234008:234023 [3] NCCL INFO ncclPollProxyResponse Received new opId=0x7f1466bbc540
n232-194-226:234008:234054 [3] NCCL INFO Received and initiated operation=Init res=0
n232-194-226:234008:234023 [3] NCCL INFO recvOpId=0x7f1466bbc540 matches expected opId=0x7f1466bbc540
n232-194-226:234008:234023 [3] NCCL INFO Connection to proxy localRank 3 -> connection 0x7f145c004460
n232-194-226:234007:234056 [2] NCCL INFO New proxy send connection 58 from local rank 2, transport 2
n232-194-226:234006:234057 [1] NCCL INFO proxyProgressAsync opId=0x7f6216bbc360 op.type=3 op.reqBuff=0x7f620c135fd0 op.respSize=128 done
n232-194-226:234007:234056 [2] NCCL INFO proxyProgressAsync opId=0x7f0af6bbc540 op.type=1 op.reqBuff=0x7f0aec1f0fe0 op.respSize=16 done
n232-194-226:234006:234024 [1] NCCL INFO ncclPollProxyResponse Received new opId=0x7f6216bbc360
n232-194-226:234007:234025 [2] NCCL INFO ncclPollProxyResponse Received new opId=0x7f0af6bbc540
n232-194-226:234006:234057 [1] NCCL INFO Received and initiated operation=Setup res=0
n232-194-226:234007:234056 [2] NCCL INFO Received and initiated operation=Init res=0
n232-194-226:234006:234024 [1] NCCL INFO recvOpId=0x7f6216bbc360 matches expected opId=0x7f6216bbc360
n232-194-226:234006:234024 [1] NCCL INFO Channel 00/0 : 5[1] -> 1[1] [receive] via NET/IB/0/GDRDMA
n232-194-226:234007:234025 [2] NCCL INFO recvOpId=0x7f0af6bbc540 matches expected opId=0x7f0af6bbc540
n232-194-226:234006:234024 [1] NCCL INFO GPU Direct RDMA Enabled for GPU 34000 / HCA 0 (distance 3 <= 4), read 0
n232-194-226:234007:234025 [2] NCCL INFO Connection to proxy localRank 2 -> connection 0x7f0aec004370
n232-194-226:234008:234054 [3] NCCL INFO proxyProgressAsync opId=0x7f1466bbc540 op.type=3 op.reqBuff=0x7f145c045fd0 op.respSize=128 done
n232-194-226:234008:234023 [3] NCCL INFO ncclPollProxyResponse Received new opId=0x7f1466bbc540
n232-194-226:234008:234023 [3] NCCL INFO recvOpId=0x7f1466bbc540 matches expected opId=0x7f1466bbc540
n232-194-226:234008:234023 [3] NCCL INFO Channel 01/0 : 7[3] -> 3[3] [receive] via NET/IB/2/GDRDMA
n232-194-226:234008:234054 [3] NCCL INFO Received and initiated operation=Setup res=0
n232-194-226:234008:234023 [3] NCCL INFO GPU Direct RDMA Enabled for GPU 5a000 / HCA 2 (distance 3 <= 4), read 0
n232-194-226:234006:234057 [1] NCCL INFO New proxy recv connection 57 from local rank 1, transport 2
n232-194-226:234006:234057 [1] NCCL INFO proxyProgressAsync opId=0x7f6216bbc360 op.type=1 op.reqBuff=0x7f620c197f90 op.respSize=16 done
n232-194-226:234006:234024 [1] NCCL INFO ncclPollProxyResponse Received new opId=0x7f6216bbc360
n232-194-226:234006:234057 [1] NCCL INFO Received and initiated operation=Init res=0
n232-194-226:234006:234024 [1] NCCL INFO recvOpId=0x7f6216bbc360 matches expected opId=0x7f6216bbc360
n232-194-226:234006:234024 [1] NCCL INFO Connection to proxy localRank 1 -> connection 0x7f620c004320
n232-194-226:234008:234054 [3] NCCL INFO New proxy recv connection 62 from local rank 3, transport 2
n232-194-226:234008:234054 [3] NCCL INFO proxyProgressAsync opId=0x7f1466bbc540 op.type=1 op.reqBuff=0x7f145c256fe0 op.respSize=16 done
n232-194-226:234008:234023 [3] NCCL INFO ncclPollProxyResponse Received new opId=0x7f1466bbc540
n232-194-226:234008:234023 [3] NCCL INFO recvOpId=0x7f1466bbc540 matches expected opId=0x7f1466bbc540
n232-194-226:234008:234054 [3] NCCL INFO Received and initiated operation=Init res=0
n232-194-226:234008:234023 [3] NCCL INFO Connection to proxy localRank 3 -> connection 0x7f145c0044b0
n232-194-226:234006:234057 [1] NCCL INFO proxyProgressAsync opId=0x7f6216bbc360 op.type=3 op.reqBuff=0x7f620c13dfd0 op.respSize=128 done
n232-194-226:234006:234024 [1] NCCL INFO ncclPollProxyResponse Received new opId=0x7f6216bbc360
n232-194-226:234008:234054 [3] NCCL INFO proxyProgressAsync opId=0x7f1466bbc540 op.type=3 op.reqBuff=0x7f145c045fd0 op.respSize=128 done
n232-194-226:234006:234024 [1] NCCL INFO recvOpId=0x7f6216bbc360 matches expected opId=0x7f6216bbc360
n232-194-226:234006:234057 [1] NCCL INFO Received and initiated operation=Setup res=0
n232-194-226:234008:234023 [3] NCCL INFO ncclPollProxyResponse Received new opId=0x7f1466bbc540
n232-194-226:234006:234024 [1] NCCL INFO Channel 01/0 : 5[1] -> 1[1] [receive] via NET/IB/0/GDRDMA
n232-194-226:234006:234024 [1] NCCL INFO GPU Direct RDMA Enabled for GPU 34000 / HCA 0 (distance 3 <= 4), read 0
n232-194-226:234008:234023 [3] NCCL INFO recvOpId=0x7f1466bbc540 matches expected opId=0x7f1466bbc540
n232-194-226:234008:234054 [3] NCCL INFO Received and initiated operation=Setup res=0
n232-194-226:234008:234023 [3] NCCL INFO Channel 04/0 : 7[3] -> 3[3] [receive] via NET/IB/2/GDRDMA
n232-194-226:234008:234023 [3] NCCL INFO GPU Direct RDMA Enabled for GPU 5a000 / HCA 2 (distance 3 <= 4), read 0
n232-194-226:234006:234057 [1] NCCL INFO New proxy recv connection 58 from local rank 1, transport 2
n232-194-226:234006:234057 [1] NCCL INFO proxyProgressAsync opId=0x7f6216bbc360 op.type=1 op.reqBuff=0x7f620c197f90 op.respSize=16 done
n232-194-226:234008:234054 [3] NCCL INFO New proxy recv connection 63 from local rank 3, transport 2
n232-194-226:234008:234054 [3] NCCL INFO proxyProgressAsync opId=0x7f1466bbc540 op.type=1 op.reqBuff=0x7f145c262fe0 op.respSize=16 done
n232-194-226:234006:234024 [1] NCCL INFO ncclPollProxyResponse Received new opId=0x7f6216bbc360
n232-194-226:234008:234023 [3] NCCL INFO ncclPollProxyResponse Received new opId=0x7f1466bbc540
n232-194-226:234006:234024 [1] NCCL INFO recvOpId=0x7f6216bbc360 matches expected opId=0x7f6216bbc360
n232-194-226:234006:234057 [1] NCCL INFO Received and initiated operation=Init res=0
n232-194-226:234006:234024 [1] NCCL INFO Connection to proxy localRank 1 -> connection 0x7f620c004370
n232-194-226:234008:234023 [3] NCCL INFO recvOpId=0x7f1466bbc540 matches expected opId=0x7f1466bbc540
n232-194-226:234008:234054 [3] NCCL INFO Received and initiated operation=Init res=0
n232-194-226:234008:234023 [3] NCCL INFO Connection to proxy localRank 3 -> connection 0x7f145c004500
n232-194-226:234006:234057 [1] NCCL INFO proxyProgressAsync opId=0x7f6216bbc360 op.type=3 op.reqBuff=0x7f620c0cb0c0 op.respSize=128 done
n232-194-226:234006:234024 [1] NCCL INFO ncclPollProxyResponse Received new opId=0x7f6216bbc360
n232-194-226:234008:234054 [3] NCCL INFO proxyProgressAsync opId=0x7f1466bbc540 op.type=3 op.reqBuff=0x7f145c045fd0 op.respSize=128 done
n232-194-226:234006:234024 [1] NCCL INFO recvOpId=0x7f6216bbc360 matches expected opId=0x7f6216bbc360
n232-194-226:234006:234057 [1] NCCL INFO Received and initiated operation=Setup res=0
n232-194-226:234006:234024 [1] NCCL INFO Channel 02/0 : 5[1] -> 1[1] [receive] via NET/IB/0/GDRDMA
n232-194-226:234008:234023 [3] NCCL INFO ncclPollProxyResponse Received new opId=0x7f1466bbc540
n232-194-226:234006:234024 [1] NCCL INFO GPU Direct RDMA Enabled for GPU 34000 / HCA 0 (distance 3 <= 4), read 0
n232-194-226:234008:234023 [3] NCCL INFO recvOpId=0x7f1466bbc540 matches expected opId=0x7f1466bbc540
n232-194-226:234008:234054 [3] NCCL INFO Received and initiated operation=Setup res=0
n232-194-226:234008:234023 [3] NCCL INFO Channel 05/0 : 7[3] -> 3[3] [receive] via NET/IB/2/GDRDMA
n232-194-226:234008:234023 [3] NCCL INFO GPU Direct RDMA Enabled for GPU 5a000 / HCA 2 (distance 3 <= 4), read 0
n232-194-226:234006:234057 [1] NCCL INFO New proxy recv connection 59 from local rank 1, transport 2
n232-194-226:234006:234057 [1] NCCL INFO proxyProgressAsync opId=0x7f6216bbc360 op.type=1 op.reqBuff=0x7f620c197f90 op.respSize=16 done
n232-194-226:234006:234024 [1] NCCL INFO ncclPollProxyResponse Received new opId=0x7f6216bbc360
n232-194-226:234008:234054 [3] NCCL INFO New proxy recv connection 64 from local rank 3, transport 2
n232-194-226:234008:234054 [3] NCCL INFO proxyProgressAsync opId=0x7f1466bbc540 op.type=1 op.reqBuff=0x7f145c256fe0 op.respSize=16 done
n232-194-226:234006:234024 [1] NCCL INFO recvOpId=0x7f6216bbc360 matches expected opId=0x7f6216bbc360
n232-194-226:234006:234057 [1] NCCL INFO Received and initiated operation=Init res=0
n232-194-226:234006:234024 [1] NCCL INFO Connection to proxy localRank 1 -> connection 0x7f620c0043c0
n232-194-226:234008:234023 [3] NCCL INFO ncclPollProxyResponse Received new opId=0x7f1466bbc540
n232-194-226:234008:234023 [3] NCCL INFO recvOpId=0x7f1466bbc540 matches expected opId=0x7f1466bbc540
n232-194-226:234008:234054 [3] NCCL INFO Received and initiated operation=Init res=0
n232-194-226:234008:234023 [3] NCCL INFO Connection to proxy localRank 3 -> connection 0x7f145c004550
n232-194-226:234006:234057 [1] NCCL INFO proxyProgressAsync opId=0x7f6216bbc360 op.type=3 op.reqBuff=0x7f620c10afd0 op.respSize=128 done
n232-194-226:234006:234024 [1] NCCL INFO ncclPollProxyResponse Received new opId=0x7f6216bbc360
n232-194-226:234008:234054 [3] NCCL INFO proxyProgressAsync opId=0x7f1466bbc540 op.type=3 op.reqBuff=0x7f145c045fd0 op.respSize=128 done
n232-194-226:234006:234024 [1] NCCL INFO recvOpId=0x7f6216bbc360 matches expected opId=0x7f6216bbc360
n232-194-226:234006:234057 [1] NCCL INFO Received and initiated operation=Setup res=0
n232-194-226:234006:234024 [1] NCCL INFO Channel 03/0 : 5[1] -> 1[1] [receive] via NET/IB/0/GDRDMA
n232-194-226:234008:234023 [3] NCCL INFO ncclPollProxyResponse Received new opId=0x7f1466bbc540
n232-194-226:234006:234024 [1] NCCL INFO GPU Direct RDMA Enabled for GPU 34000 / HCA 0 (distance 3 <= 4), read 0
n232-194-226:234008:234023 [3] NCCL INFO recvOpId=0x7f1466bbc540 matches expected opId=0x7f1466bbc540
n232-194-226:234008:234054 [3] NCCL INFO Received and initiated operation=Setup res=0
n232-194-226:234008:234023 [3] NCCL INFO Channel 06/0 : 7[3] -> 3[3] [receive] via NET/IB/2/GDRDMA
n232-194-226:234008:234023 [3] NCCL INFO GPU Direct RDMA Enabled for GPU 5a000 / HCA 2 (distance 3 <= 4), read 0
n232-194-226:234006:234057 [1] NCCL INFO New proxy recv connection 60 from local rank 1, transport 2
n232-194-226:234006:234057 [1] NCCL INFO proxyProgressAsync opId=0x7f6216bbc360 op.type=1 op.reqBuff=0x7f620c197f90 op.respSize=16 done
n232-194-226:234008:234054 [3] NCCL INFO New proxy recv connection 65 from local rank 3, transport 2
n232-194-226:234006:234024 [1] NCCL INFO ncclPollProxyResponse Received new opId=0x7f6216bbc360
n232-194-226:234008:234054 [3] NCCL INFO proxyProgressAsync opId=0x7f1466bbc540 op.type=1 op.reqBuff=0x7f145c262fe0 op.respSize=16 done
n232-194-226:234006:234057 [1] NCCL INFO Received and initiated operation=Init res=0
n232-194-226:234006:234024 [1] NCCL INFO recvOpId=0x7f6216bbc360 matches expected opId=0x7f6216bbc360
n232-194-226:234008:234023 [3] NCCL INFO ncclPollProxyResponse Received new opId=0x7f1466bbc540
n232-194-226:234006:234024 [1] NCCL INFO Connection to proxy localRank 1 -> connection 0x7f620c004410
n232-194-226:234008:234023 [3] NCCL INFO recvOpId=0x7f1466bbc540 matches expected opId=0x7f1466bbc540
n232-194-226:234008:234054 [3] NCCL INFO Received and initiated operation=Init res=0
n232-194-226:234008:234023 [3] NCCL INFO Connection to proxy localRank 3 -> connection 0x7f145c0045a0
n232-194-226:234006:234057 [1] NCCL INFO proxyProgressAsync opId=0x7f6216bbc360 op.type=3 op.reqBuff=0x7f620c11b2a0 op.respSize=128 done
n232-194-226:234006:234024 [1] NCCL INFO ncclPollProxyResponse Received new opId=0x7f6216bbc360
n232-194-226:234006:234024 [1] NCCL INFO recvOpId=0x7f6216bbc360 matches expected opId=0x7f6216bbc360
n232-194-226:234008:234054 [3] NCCL INFO proxyProgressAsync opId=0x7f1466bbc540 op.type=3 op.reqBuff=0x7f145c045fd0 op.respSize=128 done
n232-194-226:234006:234024 [1] NCCL INFO Channel 06/0 : 5[1] -> 1[1] [receive] via NET/IB/0/GDRDMA
n232-194-226:234006:234057 [1] NCCL INFO Received and initiated operation=Setup res=0
n232-194-226:234006:234024 [1] NCCL INFO GPU Direct RDMA Enabled for GPU 34000 / HCA 0 (distance 3 <= 4), read 0
n232-194-226:234008:234023 [3] NCCL INFO ncclPollProxyResponse Received new opId=0x7f1466bbc540
n232-194-226:234008:234054 [3] NCCL INFO Received and initiated operation=Setup res=0
n232-194-226:234008:234023 [3] NCCL INFO recvOpId=0x7f1466bbc540 matches expected opId=0x7f1466bbc540
n232-194-226:234008:234023 [3] NCCL INFO Channel 07/0 : 7[3] -> 3[3] [receive] via NET/IB/2/GDRDMA
n232-194-226:234008:234023 [3] NCCL INFO GPU Direct RDMA Enabled for GPU 5a000 / HCA 2 (distance 3 <= 4), read 0
n232-194-226:234006:234057 [1] NCCL INFO New proxy recv connection 61 from local rank 1, transport 2
n232-194-226:234006:234057 [1] NCCL INFO proxyProgressAsync opId=0x7f6216bbc360 op.type=1 op.reqBuff=0x7f620c197f90 op.respSize=16 done
n232-194-226:234006:234024 [1] NCCL INFO ncclPollProxyResponse Received new opId=0x7f6216bbc360
n232-194-226:234006:234057 [1] NCCL INFO Received and initiated operation=Init res=0
n232-194-226:234008:234054 [3] NCCL INFO New proxy recv connection 66 from local rank 3, transport 2
n232-194-226:234008:234054 [3] NCCL INFO proxyProgressAsync opId=0x7f1466bbc540 op.type=1 op.reqBuff=0x7f145c256fe0 op.respSize=16 done
n232-194-226:234006:234024 [1] NCCL INFO recvOpId=0x7f6216bbc360 matches expected opId=0x7f6216bbc360
n232-194-226:234006:234024 [1] NCCL INFO Connection to proxy localRank 1 -> connection 0x7f620c004460
n232-194-226:234008:234023 [3] NCCL INFO ncclPollProxyResponse Received new opId=0x7f1466bbc540
n232-194-226:234008:234054 [3] NCCL INFO Received and initiated operation=Init res=0
n232-194-226:234008:234023 [3] NCCL INFO recvOpId=0x7f1466bbc540 matches expected opId=0x7f1466bbc540
n232-194-226:234008:234023 [3] NCCL INFO Connection to proxy localRank 3 -> connection 0x7f145c0045f0
n232-194-226:234006:234057 [1] NCCL INFO proxyProgressAsync opId=0x7f6216bbc360 op.type=3 op.reqBuff=0x7f620c115fe0 op.respSize=128 done
n232-194-226:234006:234024 [1] NCCL INFO ncclPollProxyResponse Received new opId=0x7f6216bbc360
n232-194-226:234006:234024 [1] NCCL INFO recvOpId=0x7f6216bbc360 matches expected opId=0x7f6216bbc360
n232-194-226:234008:234054 [3] NCCL INFO proxyProgressAsync opId=0x7f1466bbc540 op.type=3 op.reqBuff=0x7f145c045fd0 op.respSize=128 done
n232-194-226:234006:234057 [1] NCCL INFO Received and initiated operation=Setup res=0
n232-194-226:234006:234024 [1] NCCL INFO Channel 07/0 : 5[1] -> 1[1] [receive] via NET/IB/0/GDRDMA
n232-194-226:234006:234024 [1] NCCL INFO GPU Direct RDMA Enabled for GPU 34000 / HCA 0 (distance 3 <= 4), read 0
n232-194-226:234008:234023 [3] NCCL INFO ncclPollProxyResponse Received new opId=0x7f1466bbc540
n232-194-226:234008:234054 [3] NCCL INFO Received and initiated operation=Setup res=0
n232-194-226:234008:234023 [3] NCCL INFO recvOpId=0x7f1466bbc540 matches expected opId=0x7f1466bbc540
n232-194-226:234008:234023 [3] NCCL INFO Channel 10/0 : 7[3] -> 3[3] [receive] via NET/IB/2/GDRDMA
n232-194-226:234008:234023 [3] NCCL INFO GPU Direct RDMA Enabled for GPU 5a000 / HCA 2 (distance 3 <= 4), read 0
n232-194-226:234006:234057 [1] NCCL INFO New proxy recv connection 62 from local rank 1, transport 2
n232-194-226:234006:234057 [1] NCCL INFO proxyProgressAsync opId=0x7f6216bbc360 op.type=1 op.reqBuff=0x7f620c197f90 op.respSize=16 done
n232-194-226:234006:234024 [1] NCCL INFO ncclPollProxyResponse Received new opId=0x7f6216bbc360
n232-194-226:234006:234024 [1] NCCL INFO recvOpId=0x7f6216bbc360 matches expected opId=0x7f6216bbc360
n232-194-226:234008:234054 [3] NCCL INFO New proxy recv connection 67 from local rank 3, transport 2
n232-194-226:234008:234054 [3] NCCL INFO proxyProgressAsync opId=0x7f1466bbc540 op.type=1 op.reqBuff=0x7f145c262fe0 op.respSize=16 done
n232-194-226:234006:234024 [1] NCCL INFO Connection to proxy localRank 1 -> connection 0x7f620c0044b0
n232-194-226:234008:234023 [3] NCCL INFO ncclPollProxyResponse Received new opId=0x7f1466bbc540
n232-194-226:234006:234057 [1] NCCL INFO Received and initiated operation=Init res=0
n232-194-226:234008:234023 [3] NCCL INFO recvOpId=0x7f1466bbc540 matches expected opId=0x7f1466bbc540
n232-194-226:234008:234023 [3] NCCL INFO Connection to proxy localRank 3 -> connection 0x7f145c004640
n232-194-226:234008:234054 [3] NCCL INFO Received and initiated operation=Init res=0
n232-194-226:234006:234057 [1] NCCL INFO proxyProgressAsync opId=0x7f6216bbc360 op.type=3 op.reqBuff=0x7f620c088fd0 op.respSize=128 done
n232-194-226:234006:234024 [1] NCCL INFO ncclPollProxyResponse Received new opId=0x7f6216bbc360
n232-194-226:234008:234054 [3] NCCL INFO proxyProgressAsync opId=0x7f1466bbc540 op.type=3 op.reqBuff=0x7f145c045fd0 op.respSize=128 done
n232-194-226:234006:234057 [1] NCCL INFO Received and initiated operation=Setup res=0
n232-194-226:234006:234024 [1] NCCL INFO recvOpId=0x7f6216bbc360 matches expected opId=0x7f6216bbc360
n232-194-226:234006:234024 [1] NCCL INFO Channel 08/0 : 5[1] -> 1[1] [receive] via NET/IB/0/GDRDMA
n232-194-226:234008:234023 [3] NCCL INFO ncclPollProxyResponse Received new opId=0x7f1466bbc540
n232-194-226:234006:234024 [1] NCCL INFO GPU Direct RDMA Enabled for GPU 34000 / HCA 0 (distance 3 <= 4), read 0
n232-194-226:234008:234054 [3] NCCL INFO Received and initiated operation=Setup res=0
n232-194-226:234008:234023 [3] NCCL INFO recvOpId=0x7f1466bbc540 matches expected opId=0x7f1466bbc540
n232-194-226:234008:234023 [3] NCCL INFO Channel 11/0 : 7[3] -> 3[3] [receive] via NET/IB/2/GDRDMA
n232-194-226:234008:234023 [3] NCCL INFO GPU Direct RDMA Enabled for GPU 5a000 / HCA 2 (distance 3 <= 4), read 0
n232-194-226:234006:234057 [1] NCCL INFO New proxy recv connection 63 from local rank 1, transport 2
n232-194-226:234006:234057 [1] NCCL INFO proxyProgressAsync opId=0x7f6216bbc360 op.type=1 op.reqBuff=0x7f620c197f90 op.respSize=16 done
n232-194-226:234006:234024 [1] NCCL INFO ncclPollProxyResponse Received new opId=0x7f6216bbc360
n232-194-226:234008:234054 [3] NCCL INFO New proxy recv connection 68 from local rank 3, transport 2
n232-194-226:234008:234054 [3] NCCL INFO proxyProgressAsync opId=0x7f1466bbc540 op.type=1 op.reqBuff=0x7f145c256fe0 op.respSize=16 done
n232-194-226:234006:234024 [1] NCCL INFO recvOpId=0x7f6216bbc360 matches expected opId=0x7f6216bbc360
n232-194-226:234006:234057 [1] NCCL INFO Received and initiated operation=Init res=0
