n232-194-226:233794:233802 [1] NCCL INFO ncclPollProxyResponse Received new opId=0x7f79c33208c8
n232-194-226:233794:233802 [1] NCCL INFO Queuing opId=0x7f79c33208c8 respBuff=0x7f79c3367da0 respSize=21040
n232-194-226:233794:233802 [1] NCCL INFO ncclPollProxyResponse Dequeued cached opId=0x7f79c33208c8
n232-194-226:233794:233802 [1] NCCL INFO sendConnect ncclPollProxyResponse opId=0x7f79c33208c8
n232-194-226:233794:233818 [1] NCCL INFO transport/net_ib.cc:830 Ib Alloc Size 552 pointer 0x7f79b8194000
n232-194-226:233794:233818 [1] NCCL INFO transport/net.cc:637 Cuda Alloc Size 9109504 pointer 0x7f799c000000
n232-194-226:233794:233818 [1] NCCL INFO transport/net.cc:643 Cuda Host Alloc Size 532480 pointer 0x7f799fe82000
n232-194-226:233793:233819 [0] NCCL INFO transport/net.cc:778 Cuda Host Alloc Size 9641984 pointer 0x7f1936000000
n232-194-226:233794:233818 [1] NCCL INFO proxyProgressAsync opId=0x7f79c3321f38 op.type=4 op.reqBuff=0x7f79b8198dc0 op.respSize=21040 done
n232-194-226:233794:233802 [1] NCCL INFO ncclPollProxyResponse Received new opId=0x7f79c3321f38
n232-194-226:233794:233802 [1] NCCL INFO recvOpId=0x7f79c3321f38 matches expected opId=0x7f79c3321f38
n232-194-226:233794:233802 [1] NCCL INFO sendConnect ncclPollProxyResponse opId=0x7f79c3321f38
n232-194-226:233793:233819 [0] NCCL INFO proxyProgressAsync opId=0x7f195731d660 op.type=4 op.reqBuff=0x7f19700dbc20 op.respSize=21040 done
n232-194-226:233793:233803 [0] NCCL INFO ncclPollProxyResponse Received new opId=0x7f195731d660
n232-194-226:233793:233803 [0] NCCL INFO Queuing opId=0x7f195731d660 respBuff=0x7f195735c0c0 respSize=21040
n232-194-226:233793:233803 [0] NCCL INFO ncclPollProxyResponse Dequeued cached opId=0x7f195731d660
n232-194-226:233793:233803 [0] NCCL INFO recvConnect ncclPollProxyResponse opId=0x7f195731d660
n232-194-226:233794:233818 [1] NCCL INFO transport/net_ib.cc:830 Ib Alloc Size 552 pointer 0x7f79b81b3000
n232-194-226:233794:233818 [1] NCCL INFO transport/net.cc:773 Cuda Alloc Size 9633792 pointer 0x7f799ca00000
n232-194-226:233794:233818 [1] NCCL INFO transport/net.cc:778 Cuda Host Alloc Size 8192 pointer 0x7f79fcb8a200
n232-194-226:233794:233818 [1] NCCL INFO Mem Realloc old size 768, new size 1536 pointer 0x7f79b824f820
n232-194-226:233794:233818 [1] NCCL INFO proxyProgressAsync opId=0x7f79c33209e8 op.type=4 op.reqBuff=0x7f79b8198d60 op.respSize=21040 done
n232-194-226:233794:233802 [1] NCCL INFO ncclPollProxyResponse Received new opId=0x7f79c33209e8
n232-194-226:233794:233802 [1] NCCL INFO Queuing opId=0x7f79c33209e8 respBuff=0x7f79c3345fa0 respSize=21040
n232-194-226:233794:233802 [1] NCCL INFO ncclPollProxyResponse Dequeued cached opId=0x7f79c33209e8
n232-194-226:233794:233802 [1] NCCL INFO recvConnect ncclPollProxyResponse opId=0x7f79c33209e8
n232-194-226:233794:233818 [1] NCCL INFO transport/net.cc:773 Cuda Alloc Size 9633792 pointer 0x7f799d400000
n232-194-226:233794:233818 [1] NCCL INFO transport/net.cc:778 Cuda Host Alloc Size 8192 pointer 0x7f79fcb8c200
n232-194-226:233794:233818 [1] NCCL INFO proxyProgressAsync opId=0x7f79c3322058 op.type=4 op.reqBuff=0x7f79b81b7d90 op.respSize=21040 done
n232-194-226:233794:233802 [1] NCCL INFO ncclPollProxyResponse Received new opId=0x7f79c3322058
n232-194-226:233794:233802 [1] NCCL INFO recvOpId=0x7f79c3322058 matches expected opId=0x7f79c3322058
n232-194-226:233794:233802 [1] NCCL INFO recvConnect ncclPollProxyResponse opId=0x7f79c3322058
n232-194-226:233794:233802 [1] NCCL INFO Connected all trees
n232-194-226:233794:233802 [1] NCCL INFO threadThresholds 8/8/64 | 32/8/64 | 512 | 512
n232-194-226:233794:233802 [1] NCCL INFO 8 coll channels, 0 nvls channels, 8 p2p channels, 2 p2p channels per peer
n232-194-226:233794:233818 [1] NCCL INFO New proxy send connection 32 from local rank 1, transport 2
n232-194-226:233794:233818 [1] NCCL INFO proxyProgressAsync opId=0x7f79c2bb93c0 op.type=1 op.reqBuff=0x7f79b81b7d90 op.respSize=16 done
n232-194-226:233794:233802 [1] NCCL INFO ncclPollProxyResponse Received new opId=0x7f79c2bb93c0
n232-194-226:233794:233802 [1] NCCL INFO recvOpId=0x7f79c2bb93c0 matches expected opId=0x7f79c2bb93c0
n232-194-226:233794:233818 [1] NCCL INFO Received and initiated operation=Init res=0
n232-194-226:233794:233802 [1] NCCL INFO Connection to proxy localRank 1 -> connection 0x7f79b8003b50
n232-194-226:233794:233818 [1] NCCL INFO transport/net.cc:446 Cuda Alloc Size 16777216 pointer 0x7f799a000000
n232-194-226:233794:233818 [1] NCCL INFO proxyProgressAsync opId=0x7f79c2bb93c0 op.type=2 op.reqBuff=0x7f79b8245fe0 op.respSize=0 done
n232-194-226:233794:233802 [1] NCCL INFO ncclPollProxyResponse Received new opId=0x7f79c2bb93c0
n232-194-226:233794:233818 [1] NCCL INFO Received and initiated operation=SharedInit res=0
n232-194-226:233794:233802 [1] NCCL INFO recvOpId=0x7f79c2bb93c0 matches expected opId=0x7f79c2bb93c0
n232-194-226:233794:233802 [1] NCCL INFO init.cc:387 Cuda Alloc Size 7728 pointer 0x7f79be205000
n232-194-226:233793:233819 [0] NCCL INFO transport/net.cc:643 Cuda Host Alloc Size 9641984 pointer 0x7f1936a00000
n232-194-226:233793:233819 [0] NCCL INFO proxyProgressAsync opId=0x7f195731ebb0 op.type=4 op.reqBuff=0x7f19700b6ce0 op.respSize=21040 done
n232-194-226:233793:233803 [0] NCCL INFO ncclPollProxyResponse Received new opId=0x7f195731ebb0
n232-194-226:233793:233803 [0] NCCL INFO recvOpId=0x7f195731ebb0 matches expected opId=0x7f195731ebb0
n232-194-226:233793:233803 [0] NCCL INFO sendConnect ncclPollProxyResponse opId=0x7f195731ebb0
n232-194-226:233793:233819 [0] NCCL INFO transport/net_ib.cc:752 Ib Alloc Size 552 pointer 0x7f197018a000
n232-194-226:233793:233819 [0] NCCL INFO transport/net_ib.cc:830 Ib Alloc Size 552 pointer 0x7f19701b2000
n232-194-226:233793:233819 [0] NCCL INFO transport/net.cc:643 Cuda Host Alloc Size 9641984 pointer 0x7f1937400000
n232-194-226:233793:233819 [0] NCCL INFO proxyProgressAsync opId=0x7f1957322f00 op.type=4 op.reqBuff=0x7f19701b6c70 op.respSize=21040 done
n232-194-226:233793:233803 [0] NCCL INFO ncclPollProxyResponse Received new opId=0x7f1957322f00
n232-194-226:233793:233803 [0] NCCL INFO recvOpId=0x7f1957322f00 matches expected opId=0x7f1957322f00
n232-194-226:233793:233819 [0] NCCL INFO transport/net_ib.cc:752 Ib Alloc Size 552 pointer 0x7f19701b4000
n232-194-226:233793:233803 [0] NCCL INFO sendConnect ncclPollProxyResponse opId=0x7f1957322f00
n232-194-226:233793:233819 [0] NCCL INFO transport/net_ib.cc:830 Ib Alloc Size 552 pointer 0x7f1970194000
n232-194-226:233793:233819 [0] NCCL INFO transport/net.cc:778 Cuda Host Alloc Size 9641984 pointer 0x7f1934000000
n232-194-226:233793:233819 [0] NCCL INFO Mem Realloc old size 768, new size 1536 pointer 0x7f19701932d0
n232-194-226:233793:233819 [0] NCCL INFO proxyProgressAsync opId=0x7f195731ecd0 op.type=4 op.reqBuff=0x7f197018cfe0 op.respSize=21040 done
n232-194-226:233793:233803 [0] NCCL INFO ncclPollProxyResponse Received new opId=0x7f195731ecd0
n232-194-226:233793:233803 [0] NCCL INFO recvOpId=0x7f195731ecd0 matches expected opId=0x7f195731ecd0
n232-194-226:233793:233803 [0] NCCL INFO recvConnect ncclPollProxyResponse opId=0x7f195731ecd0
n232-194-226:233794:233802 [1] NCCL INFO init.cc:412 Cuda Host Alloc Size 33554432 pointer 0x7f7998000000
n232-194-226:233794:233802 [1] NCCL INFO init.cc:418 Cuda Host Alloc Size 128 pointer 0x7f79fcb8e200
n232-194-226:233793:233819 [0] NCCL INFO transport/net.cc:778 Cuda Host Alloc Size 9641984 pointer 0x7f1934a00000
n232-194-226:233793:233819 [0] NCCL INFO proxyProgressAsync opId=0x7f1957323020 op.type=4 op.reqBuff=0x7f19701b6fe0 op.respSize=21040 done
n232-194-226:233793:233803 [0] NCCL INFO ncclPollProxyResponse Received new opId=0x7f1957323020
n232-194-226:233793:233803 [0] NCCL INFO recvOpId=0x7f1957323020 matches expected opId=0x7f1957323020
n232-194-226:233793:233803 [0] NCCL INFO recvConnect ncclPollProxyResponse opId=0x7f1957323020
n232-194-226:233793:233803 [0] NCCL INFO Connected all trees
n232-194-226:233793:233803 [0] NCCL INFO   Algorithm   |                            Tree                  |                            Ring                  |                   CollNetDirect                  |
n232-194-226:233793:233803 [0] NCCL INFO   Protocol    |             LL |          LL128 |         Simple |             LL |          LL128 |         Simple |             LL |          LL128 |         Simple |
n232-194-226:233793:233803 [0] NCCL INFO  Max NThreads |            512 |            640 |            512 |            512 |            640 |            512 |              0 |              0 |            640 |
n232-194-226:233793:233803 [0] NCCL INFO     Broadcast |     0.0/   0.0 |     0.0/   0.0 |     0.0/   0.0 |    17.4/  20.0 |    30.0/   0.0 |    64.4/  80.0 |     0.0/   0.0 |     0.0/   0.0 |     0.0/   0.0 |
n232-194-226:233793:233803 [0] NCCL INFO        Reduce |     0.0/   0.0 |     0.0/   0.0 |     0.0/   0.0 |    17.4/  20.0 |    30.0/   0.0 |    64.4/  80.0 |     0.0/   0.0 |     0.0/   0.0 |     0.0/   0.0 |
n232-194-226:233793:233803 [0] NCCL INFO     AllGather |     0.0/   0.0 |     0.0/   0.0 |     0.0/   0.0 |    11.3/  26.7 |    21.8/   0.0 |    29.2/ 106.7 |     0.0/   0.0 |     0.0/   0.0 |     0.0/   0.0 |
n232-194-226:233793:233803 [0] NCCL INFO ReduceScatter |     0.0/   0.0 |     0.0/   0.0 |     0.0/   0.0 |    11.3/  26.7 |    21.8/   0.0 |    29.2/ 106.7 |     0.0/   0.0 |     0.0/   0.0 |     0.0/   0.0 |
n232-194-226:233793:233803 [0] NCCL INFO     AllReduce |    18.0/  19.4 |    33.5/   0.0 |    36.0/  73.6 |    19.4/  13.3 |    33.8/   0.0 |    71.2/  53.3 |     7.8/   0.0 |    15.0/   0.0 |    27.7/   0.0 |
n232-194-226:233793:233803 [0] NCCL INFO   Algorithm   |                    CollNetChain                  |                            NVLS                  |                        NVLSTree                  |
n232-194-226:233793:233803 [0] NCCL INFO   Protocol    |             LL |          LL128 |         Simple |             LL |          LL128 |         Simple |             LL |          LL128 |         Simple |
n232-194-226:233793:233803 [0] NCCL INFO  Max NThreads |              0 |              0 |            640 |              0 |              0 |            640 |              0 |              0 |            640 |
n232-194-226:233793:233803 [0] NCCL INFO     Broadcast |     0.0/   0.0 |     0.0/   0.0 |     0.0/   0.0 |     0.0/   0.0 |     0.0/   0.0 |     0.0/   0.0 |     0.0/   0.0 |     0.0/   0.0 |     0.0/   0.0 |
n232-194-226:233793:233803 [0] NCCL INFO        Reduce |     0.0/   0.0 |     0.0/   0.0 |     0.0/   0.0 |     0.0/   0.0 |     0.0/   0.0 |     0.0/   0.0 |     0.0/   0.0 |     0.0/   0.0 |     0.0/   0.0 |
n232-194-226:233793:233803 [0] NCCL INFO     AllGather |     0.0/   0.0 |     0.0/   0.0 |     0.0/   0.0 |     0.0/   0.0 |     0.0/   0.0 |     0.0/   0.0 |     0.0/   0.0 |     0.0/   0.0 |     0.0/   0.0 |
n232-194-226:233793:233803 [0] NCCL INFO ReduceScatter |     0.0/   0.0 |     0.0/   0.0 |     0.0/   0.0 |     0.0/   0.0 |     0.0/   0.0 |     0.0/   0.0 |     0.0/   0.0 |     0.0/   0.0 |     0.0/   0.0 |
n232-194-226:233793:233803 [0] NCCL INFO     AllReduce |     6.8/   0.0 |    14.0/   0.0 |    30.0/   0.0 |     0.0/   0.0 |     0.0/   0.0 |    41.0/   0.0 |     0.0/   0.0 |     0.0/   0.0 |    61.0/   0.0 |
n232-194-226:233793:233803 [0] NCCL INFO threadThresholds 8/8/64 | 32/8/64 | 512 | 512
n232-194-226:233793:233803 [0] NCCL INFO 8 coll channels, 0 nvls channels, 8 p2p channels, 2 p2p channels per peer
n232-194-226:233793:233819 [0] NCCL INFO New proxy send connection 32 from local rank 0, transport 2
n232-194-226:233793:233819 [0] NCCL INFO proxyProgressAsync opId=0x7f1956bbb210 op.type=1 op.reqBuff=0x7f19701b6fe0 op.respSize=16 done
n232-194-226:233793:233803 [0] NCCL INFO ncclPollProxyResponse Received new opId=0x7f1956bbb210
n232-194-226:233793:233803 [0] NCCL INFO recvOpId=0x7f1956bbb210 matches expected opId=0x7f1956bbb210
n232-194-226:233793:233819 [0] NCCL INFO Received and initiated operation=Init res=0
n232-194-226:233793:233803 [0] NCCL INFO Connection to proxy localRank 0 -> connection 0x7f1970003be0
n232-194-226:233793:233819 [0] NCCL INFO transport/net.cc:446 Cuda Alloc Size 16777216 pointer 0x7f1932000000
n232-194-226:233793:233819 [0] NCCL INFO proxyProgressAsync opId=0x7f1956bbb210 op.type=2 op.reqBuff=0x7f19701b6fe0 op.respSize=0 done
n232-194-226:233793:233803 [0] NCCL INFO ncclPollProxyResponse Received new opId=0x7f1956bbb210
n232-194-226:233793:233819 [0] NCCL INFO Received and initiated operation=SharedInit res=0
n232-194-226:233793:233803 [0] NCCL INFO recvOpId=0x7f1956bbb210 matches expected opId=0x7f1956bbb210
n232-194-226:233793:233803 [0] NCCL INFO init.cc:387 Cuda Alloc Size 7728 pointer 0x7f1950205000
n232-194-226:233793:233803 [0] NCCL INFO init.cc:412 Cuda Host Alloc Size 33554432 pointer 0x7f1930000000
n232-194-226:233793:233803 [0] NCCL INFO init.cc:418 Cuda Host Alloc Size 128 pointer 0x7f1994a00200
n232-194-226:233794:233802 [1] NCCL INFO comm 0x5570a2357300 rank 1 nranks 4 cudaDev 1 nvmlDev 1 busId 34000 commId 0x75f9813bb6e6f70c - Init COMPLETE
n232-194-226:233793:233803 [0] NCCL INFO comm 0x555a5411efb0 rank 0 nranks 4 cudaDev 0 nvmlDev 0 busId f000 commId 0x75f9813bb6e6f70c - Init COMPLETE
n232-194-226:233794:233794 [1] NCCL INFO AllReduce: opCount 0 sendbuff 0x7f79f7e00000 recvbuff 0x7f79f7e00000 count 512 datatype 7 op 0 root 0 comm 0x5570a2357300 [nranks=4] stream 0x5570a23567e0
n232-194-226:233793:233793 [0] NCCL INFO AllReduce: opCount 0 sendbuff 0x7f198fe00000 recvbuff 0x7f198fe00000 count 512 datatype 7 op 0 root 0 comm 0x555a5411efb0 [nranks=4] stream 0x555a53b66620
n232-194-226:233793:233793 [0] NCCL INFO misc/utils.cc:235 memory stack hunk malloc(65536)
n232-194-226:233794:233794 [1] NCCL INFO misc/utils.cc:235 memory stack hunk malloc(65536)
n232-194-226:233793:233793 [0] NCCL INFO AllReduce: opCount 1 sendbuff 0x7f198fe00000 recvbuff 0x7f198fe00000 count 512 datatype 7 op 0 root 0 comm 0x555a5411efb0 [nranks=4] stream 0x555a53b66620
n232-194-226:233794:233794 [1] NCCL INFO AllReduce: opCount 1 sendbuff 0x7f79f7e00000 recvbuff 0x7f79f7e00000 count 512 datatype 7 op 0 root 0 comm 0x5570a2357300 [nranks=4] stream 0x5570a23567e0
n232-194-226:233793:233793 [0] NCCL INFO AllReduce: opCount 2 sendbuff 0x7f198fe00000 recvbuff 0x7f198fe00000 count 512 datatype 7 op 0 root 0 comm 0x555a5411efb0 [nranks=4] stream 0x555a53b66620
n232-194-226:233794:233794 [1] NCCL INFO AllReduce: opCount 2 sendbuff 0x7f79f7e00000 recvbuff 0x7f79f7e00000 count 512 datatype 7 op 0 root 0 comm 0x5570a2357300 [nranks=4] stream 0x5570a23567e0
n232-194-226:233793:233793 [0] NCCL INFO AllReduce: opCount 3 sendbuff 0x7f198fe00000 recvbuff 0x7f198fe00000 count 512 datatype 7 op 0 root 0 comm 0x555a5411efb0 [nranks=4] stream 0x555a53b66620
n232-194-226:233794:233794 [1] NCCL INFO AllReduce: opCount 3 sendbuff 0x7f79f7e00000 recvbuff 0x7f79f7e00000 count 512 datatype 7 op 0 root 0 comm 0x5570a2357300 [nranks=4] stream 0x5570a23567e0
n232-194-226:233794:233794 [1] NCCL INFO AllReduce: opCount 4 sendbuff 0x7f79f7e00000 recvbuff 0x7f79f7e00000 count 512 datatype 7 op 0 root 0 comm 0x5570a2357300 [nranks=4] stream 0x5570a23567e0
n232-194-226:233793:233793 [0] NCCL INFO AllReduce: opCount 4 sendbuff 0x7f198fe00000 recvbuff 0x7f198fe00000 count 512 datatype 7 op 0 root 0 comm 0x555a5411efb0 [nranks=4] stream 0x555a53b66620
n232-194-226:233794:233794 [1] NCCL INFO AllReduce: opCount 5 sendbuff 0x7f79f7e00a00 recvbuff 0x7f79f7e00a00 count 1 datatype 1 op 0 root 0 comm 0x5570a2357300 [nranks=4] stream 0x5570a23567e0
n232-194-226:233793:233793 [0] NCCL INFO AllReduce: opCount 5 sendbuff 0x7f198fe00a00 recvbuff 0x7f198fe00a00 count 1 datatype 1 op 0 root 0 comm 0x555a5411efb0 [nranks=4] stream 0x555a53b66620
n232-194-226:233793:233793 [0] NCCL INFO AllReduce: opCount 6 sendbuff 0x7f198fe00000 recvbuff 0x7f198fe00000 count 512 datatype 7 op 0 root 0 comm 0x555a5411efb0 [nranks=4] stream 0x555a53b66620
n232-194-226:233794:233794 [1] NCCL INFO AllReduce: opCount 6 sendbuff 0x7f79f7e00000 recvbuff 0x7f79f7e00000 count 512 datatype 7 op 0 root 0 comm 0x5570a2357300 [nranks=4] stream 0x5570a23567e0
n232-194-226:233793:233793 [0] NCCL INFO AllReduce: opCount 7 sendbuff 0x7f198fe00800 recvbuff 0x7f198fe00800 count 1 datatype 1 op 0 root 0 comm 0x555a5411efb0 [nranks=4] stream 0x555a53b66620
n232-194-226:233794:233794 [1] NCCL INFO AllReduce: opCount 7 sendbuff 0x7f79f7e00800 recvbuff 0x7f79f7e00800 count 1 datatype 1 op 0 root 0 comm 0x5570a2357300 [nranks=4] stream 0x5570a23567e0
n232-194-226:233793:233793 [0] NCCL INFO AllReduce: opCount 8 sendbuff 0x7f198fe00000 recvbuff 0x7f198fe00000 count 512 datatype 7 op 0 root 0 comm 0x555a5411efb0 [nranks=4] stream 0x555a53b66620
n232-194-226:233794:233794 [1] NCCL INFO AllReduce: opCount 8 sendbuff 0x7f79f7e00000 recvbuff 0x7f79f7e00000 count 512 datatype 7 op 0 root 0 comm 0x5570a2357300 [nranks=4] stream 0x5570a23567e0
n232-194-226:233793:233793 [0] NCCL INFO AllReduce: opCount 9 sendbuff 0x7f198fe00a00 recvbuff 0x7f198fe00a00 count 1 datatype 1 op 0 root 0 comm 0x555a5411efb0 [nranks=4] stream 0x555a53b66620
n232-194-226:233794:233794 [1] NCCL INFO AllReduce: opCount 9 sendbuff 0x7f79f7e00a00 recvbuff 0x7f79f7e00a00 count 1 datatype 1 op 0 root 0 comm 0x5570a2357300 [nranks=4] stream 0x5570a23567e0
n232-194-226:233793:233793 [0] NCCL INFO AllReduce: opCount a sendbuff 0x7f198fe00000 recvbuff 0x7f198fe00000 count 512 datatype 7 op 0 root 0 comm 0x555a5411efb0 [nranks=4] stream 0x555a53b66620
n232-194-226:233794:233794 [1] NCCL INFO AllReduce: opCount a sendbuff 0x7f79f7e00000 recvbuff 0x7f79f7e00000 count 512 datatype 7 op 0 root 0 comm 0x5570a2357300 [nranks=4] stream 0x5570a23567e0
n232-194-226:233793:233793 [0] NCCL INFO AllReduce: opCount b sendbuff 0x7f198fe00800 recvbuff 0x7f198fe00800 count 1 datatype 1 op 0 root 0 comm 0x555a5411efb0 [nranks=4] stream 0x555a53b66620
n232-194-226:233794:233794 [1] NCCL INFO AllReduce: opCount b sendbuff 0x7f79f7e00800 recvbuff 0x7f79f7e00800 count 1 datatype 1 op 0 root 0 comm 0x5570a2357300 [nranks=4] stream 0x5570a23567e0
n232-194-226:233793:233793 [0] NCCL INFO AllReduce: opCount c sendbuff 0x7f198fe00000 recvbuff 0x7f198fe00000 count 512 datatype 7 op 0 root 0 comm 0x555a5411efb0 [nranks=4] stream 0x555a53b66620
n232-194-226:233794:233794 [1] NCCL INFO AllReduce: opCount c sendbuff 0x7f79f7e00000 recvbuff 0x7f79f7e00000 count 512 datatype 7 op 0 root 0 comm 0x5570a2357300 [nranks=4] stream 0x5570a23567e0
n232-194-226:233793:233793 [0] NCCL INFO AllReduce: opCount d sendbuff 0x7f198fe00a00 recvbuff 0x7f198fe00a00 count 1 datatype 1 op 0 root 0 comm 0x555a5411efb0 [nranks=4] stream 0x555a53b66620
n232-194-226:233794:233794 [1] NCCL INFO AllReduce: opCount d sendbuff 0x7f79f7e00a00 recvbuff 0x7f79f7e00a00 count 1 datatype 1 op 0 root 0 comm 0x5570a2357300 [nranks=4] stream 0x5570a23567e0
n232-194-226:233793:233793 [0] NCCL INFO AllReduce: opCount e sendbuff 0x7f198fe00000 recvbuff 0x7f198fe00000 count 512 datatype 7 op 0 root 0 comm 0x555a5411efb0 [nranks=4] stream 0x555a53b66620
n232-194-226:233794:233794 [1] NCCL INFO AllReduce: opCount e sendbuff 0x7f79f7e00000 recvbuff 0x7f79f7e00000 count 512 datatype 7 op 0 root 0 comm 0x5570a2357300 [nranks=4] stream 0x5570a23567e0
n232-194-226:233793:233793 [0] NCCL INFO AllReduce: opCount f sendbuff 0x7f198fe00800 recvbuff 0x7f198fe00800 count 1 datatype 1 op 0 root 0 comm 0x555a5411efb0 [nranks=4] stream 0x555a53b66620
n232-194-226:233794:233794 [1] NCCL INFO AllReduce: opCount f sendbuff 0x7f79f7e00800 recvbuff 0x7f79f7e00800 count 1 datatype 1 op 0 root 0 comm 0x5570a2357300 [nranks=4] stream 0x5570a23567e0
n232-194-226:233793:233793 [0] NCCL INFO AllReduce: opCount 10 sendbuff 0x7f198fe00000 recvbuff 0x7f198fe00000 count 512 datatype 7 op 0 root 0 comm 0x555a5411efb0 [nranks=4] stream 0x555a53b66620
n232-194-226:233794:233794 [1] NCCL INFO AllReduce: opCount 10 sendbuff 0x7f79f7e00000 recvbuff 0x7f79f7e00000 count 512 datatype 7 op 0 root 0 comm 0x5570a2357300 [nranks=4] stream 0x5570a23567e0
n232-194-226:233793:233793 [0] NCCL INFO AllReduce: opCount 11 sendbuff 0x7f198fe00a00 recvbuff 0x7f198fe00a00 count 1 datatype 1 op 0 root 0 comm 0x555a5411efb0 [nranks=4] stream 0x555a53b66620
n232-194-226:233794:233794 [1] NCCL INFO AllReduce: opCount 11 sendbuff 0x7f79f7e00a00 recvbuff 0x7f79f7e00a00 count 1 datatype 1 op 0 root 0 comm 0x5570a2357300 [nranks=4] stream 0x5570a23567e0
n232-194-226:233793:233793 [0] NCCL INFO AllReduce: opCount 12 sendbuff 0x7f198fe00000 recvbuff 0x7f198fe00000 count 512 datatype 7 op 0 root 0 comm 0x555a5411efb0 [nranks=4] stream 0x555a53b66620
n232-194-226:233794:233794 [1] NCCL INFO AllReduce: opCount 12 sendbuff 0x7f79f7e00000 recvbuff 0x7f79f7e00000 count 512 datatype 7 op 0 root 0 comm 0x5570a2357300 [nranks=4] stream 0x5570a23567e0
n232-194-226:233794:233794 [1] NCCL INFO AllReduce: opCount 13 sendbuff 0x7f79f7e00800 recvbuff 0x7f79f7e00800 count 1 datatype 1 op 0 root 0 comm 0x5570a2357300 [nranks=4] stream 0x5570a23567e0
n232-194-226:233793:233793 [0] NCCL INFO AllReduce: opCount 13 sendbuff 0x7f198fe00800 recvbuff 0x7f198fe00800 count 1 datatype 1 op 0 root 0 comm 0x555a5411efb0 [nranks=4] stream 0x555a53b66620
n232-194-226:233793:233793 [0] NCCL INFO AllReduce: opCount 14 sendbuff 0x7f198fe00000 recvbuff 0x7f198fe00000 count 512 datatype 7 op 0 root 0 comm 0x555a5411efb0 [nranks=4] stream 0x555a53b66620
n232-194-226:233794:233794 [1] NCCL INFO AllReduce: opCount 14 sendbuff 0x7f79f7e00000 recvbuff 0x7f79f7e00000 count 512 datatype 7 op 0 root 0 comm 0x5570a2357300 [nranks=4] stream 0x5570a23567e0
n232-194-226:233793:233793 [0] NCCL INFO AllReduce: opCount 15 sendbuff 0x7f198fe00a00 recvbuff 0x7f198fe00a00 count 1 datatype 1 op 0 root 0 comm 0x555a5411efb0 [nranks=4] stream 0x555a53b66620
n232-194-226:233794:233794 [1] NCCL INFO AllReduce: opCount 15 sendbuff 0x7f79f7e00a00 recvbuff 0x7f79f7e00a00 count 1 datatype 1 op 0 root 0 comm 0x5570a2357300 [nranks=4] stream 0x5570a23567e0
n232-194-226:233793:233793 [0] NCCL INFO AllReduce: opCount 16 sendbuff 0x7f198fe00000 recvbuff 0x7f198fe00000 count 512 datatype 7 op 0 root 0 comm 0x555a5411efb0 [nranks=4] stream 0x555a53b66620
n232-194-226:233794:233794 [1] NCCL INFO AllReduce: opCount 16 sendbuff 0x7f79f7e00000 recvbuff 0x7f79f7e00000 count 512 datatype 7 op 0 root 0 comm 0x5570a2357300 [nranks=4] stream 0x5570a23567e0
n232-194-226:233793:233793 [0] NCCL INFO AllReduce: opCount 17 sendbuff 0x7f198fe00800 recvbuff 0x7f198fe00800 count 1 datatype 1 op 0 root 0 comm 0x555a5411efb0 [nranks=4] stream 0x555a53b66620
n232-194-226:233794:233794 [1] NCCL INFO AllReduce: opCount 17 sendbuff 0x7f79f7e00800 recvbuff 0x7f79f7e00800 count 1 datatype 1 op 0 root 0 comm 0x5570a2357300 [nranks=4] stream 0x5570a23567e0
n232-194-226:233793:233793 [0] NCCL INFO AllReduce: opCount 18 sendbuff 0x7f198fe00000 recvbuff 0x7f198fe00000 count 512 datatype 7 op 0 root 0 comm 0x555a5411efb0 [nranks=4] stream 0x555a53b66620
n232-194-226:233794:233794 [1] NCCL INFO AllReduce: opCount 18 sendbuff 0x7f79f7e00000 recvbuff 0x7f79f7e00000 count 512 datatype 7 op 0 root 0 comm 0x5570a2357300 [nranks=4] stream 0x5570a23567e0
n232-194-226:233793:233793 [0] NCCL INFO AllReduce: opCount 19 sendbuff 0x7f198fe00a00 recvbuff 0x7f198fe00a00 count 1 datatype 1 op 0 root 0 comm 0x555a5411efb0 [nranks=4] stream 0x555a53b66620
n232-194-226:233794:233794 [1] NCCL INFO AllReduce: opCount 19 sendbuff 0x7f79f7e00a00 recvbuff 0x7f79f7e00a00 count 1 datatype 1 op 0 root 0 comm 0x5570a2357300 [nranks=4] stream 0x5570a23567e0
n232-194-226:233793:233793 [0] NCCL INFO AllReduce: opCount 1a sendbuff 0x7f198fe00000 recvbuff 0x7f198fe00000 count 512 datatype 7 op 0 root 0 comm 0x555a5411efb0 [nranks=4] stream 0x555a53b66620
n232-194-226:233794:233794 [1] NCCL INFO AllReduce: opCount 1a sendbuff 0x7f79f7e00000 recvbuff 0x7f79f7e00000 count 512 datatype 7 op 0 root 0 comm 0x5570a2357300 [nranks=4] stream 0x5570a23567e0
n232-194-226:233793:233793 [0] NCCL INFO AllReduce: opCount 1b sendbuff 0x7f198fe00800 recvbuff 0x7f198fe00800 count 1 datatype 1 op 0 root 0 comm 0x555a5411efb0 [nranks=4] stream 0x555a53b66620
n232-194-226:233794:233794 [1] NCCL INFO AllReduce: opCount 1b sendbuff 0x7f79f7e00800 recvbuff 0x7f79f7e00800 count 1 datatype 1 op 0 root 0 comm 0x5570a2357300 [nranks=4] stream 0x5570a23567e0
n232-194-226:233793:233793 [0] NCCL INFO AllReduce: opCount 1c sendbuff 0x7f198fe00000 recvbuff 0x7f198fe00000 count 512 datatype 7 op 0 root 0 comm 0x555a5411efb0 [nranks=4] stream 0x555a53b66620
n232-194-226:233794:233794 [1] NCCL INFO AllReduce: opCount 1c sendbuff 0x7f79f7e00000 recvbuff 0x7f79f7e00000 count 512 datatype 7 op 0 root 0 comm 0x5570a2357300 [nranks=4] stream 0x5570a23567e0
n232-194-226:233793:233793 [0] NCCL INFO AllReduce: opCount 1d sendbuff 0x7f198fe00a00 recvbuff 0x7f198fe00a00 count 1 datatype 1 op 0 root 0 comm 0x555a5411efb0 [nranks=4] stream 0x555a53b66620
n232-194-226:233794:233794 [1] NCCL INFO AllReduce: opCount 1d sendbuff 0x7f79f7e00a00 recvbuff 0x7f79f7e00a00 count 1 datatype 1 op 0 root 0 comm 0x5570a2357300 [nranks=4] stream 0x5570a23567e0
n232-194-226:233793:233793 [0] NCCL INFO AllReduce: opCount 1e sendbuff 0x7f198fe00000 recvbuff 0x7f198fe00000 count 512 datatype 7 op 0 root 0 comm 0x555a5411efb0 [nranks=4] stream 0x555a53b66620
n232-194-226:233794:233794 [1] NCCL INFO AllReduce: opCount 1e sendbuff 0x7f79f7e00000 recvbuff 0x7f79f7e00000 count 512 datatype 7 op 0 root 0 comm 0x5570a2357300 [nranks=4] stream 0x5570a23567e0
n232-194-226:233793:233793 [0] NCCL INFO AllReduce: opCount 1f sendbuff 0x7f198fe00800 recvbuff 0x7f198fe00800 count 1 datatype 1 op 0 root 0 comm 0x555a5411efb0 [nranks=4] stream 0x555a53b66620
n232-194-226:233794:233794 [1] NCCL INFO AllReduce: opCount 1f sendbuff 0x7f79f7e00800 recvbuff 0x7f79f7e00800 count 1 datatype 1 op 0 root 0 comm 0x5570a2357300 [nranks=4] stream 0x5570a23567e0
n232-194-226:233793:233793 [0] NCCL INFO AllReduce: opCount 20 sendbuff 0x7f198fe00000 recvbuff 0x7f198fe00000 count 512 datatype 7 op 0 root 0 comm 0x555a5411efb0 [nranks=4] stream 0x555a53b66620
n232-194-226:233794:233794 [1] NCCL INFO AllReduce: opCount 20 sendbuff 0x7f79f7e00000 recvbuff 0x7f79f7e00000 count 512 datatype 7 op 0 root 0 comm 0x5570a2357300 [nranks=4] stream 0x5570a23567e0
n232-194-226:233793:233793 [0] NCCL INFO AllReduce: opCount 21 sendbuff 0x7f198fe00a00 recvbuff 0x7f198fe00a00 count 1 datatype 1 op 0 root 0 comm 0x555a5411efb0 [nranks=4] stream 0x555a53b66620
n232-194-226:233794:233794 [1] NCCL INFO AllReduce: opCount 21 sendbuff 0x7f79f7e00a00 recvbuff 0x7f79f7e00a00 count 1 datatype 1 op 0 root 0 comm 0x5570a2357300 [nranks=4] stream 0x5570a23567e0
n232-194-226:233793:233793 [0] NCCL INFO AllReduce: opCount 22 sendbuff 0x7f198fe00000 recvbuff 0x7f198fe00000 count 512 datatype 7 op 0 root 0 comm 0x555a5411efb0 [nranks=4] stream 0x555a53b66620
n232-194-226:233794:233794 [1] NCCL INFO AllReduce: opCount 22 sendbuff 0x7f79f7e00000 recvbuff 0x7f79f7e00000 count 512 datatype 7 op 0 root 0 comm 0x5570a2357300 [nranks=4] stream 0x5570a23567e0
n232-194-226:233793:233793 [0] NCCL INFO AllReduce: opCount 23 sendbuff 0x7f198fe00800 recvbuff 0x7f198fe00800 count 1 datatype 1 op 0 root 0 comm 0x555a5411efb0 [nranks=4] stream 0x555a53b66620
n232-194-226:233794:233794 [1] NCCL INFO AllReduce: opCount 23 sendbuff 0x7f79f7e00800 recvbuff 0x7f79f7e00800 count 1 datatype 1 op 0 root 0 comm 0x5570a2357300 [nranks=4] stream 0x5570a23567e0
n232-194-226:233793:233793 [0] NCCL INFO AllReduce: opCount 24 sendbuff 0x7f198fe00000 recvbuff 0x7f198fe00000 count 512 datatype 7 op 0 root 0 comm 0x555a5411efb0 [nranks=4] stream 0x555a53b66620
n232-194-226:233794:233794 [1] NCCL INFO AllReduce: opCount 24 sendbuff 0x7f79f7e00000 recvbuff 0x7f79f7e00000 count 512 datatype 7 op 0 root 0 comm 0x5570a2357300 [nranks=4] stream 0x5570a23567e0
n232-194-226:233793:233793 [0] NCCL INFO AllReduce: opCount 25 sendbuff 0x7f198fe00a00 recvbuff 0x7f198fe00a00 count 1 datatype 1 op 0 root 0 comm 0x555a5411efb0 [nranks=4] stream 0x555a53b66620
n232-194-226:233794:233794 [1] NCCL INFO AllReduce: opCount 25 sendbuff 0x7f79f7e00a00 recvbuff 0x7f79f7e00a00 count 1 datatype 1 op 0 root 0 comm 0x5570a2357300 [nranks=4] stream 0x5570a23567e0
n232-194-226:233793:233793 [0] NCCL INFO AllReduce: opCount 26 sendbuff 0x7f198fe00000 recvbuff 0x7f198fe00000 count 512 datatype 7 op 0 root 0 comm 0x555a5411efb0 [nranks=4] stream 0x555a53b66620
n232-194-226:233794:233794 [1] NCCL INFO AllReduce: opCount 26 sendbuff 0x7f79f7e00000 recvbuff 0x7f79f7e00000 count 512 datatype 7 op 0 root 0 comm 0x5570a2357300 [nranks=4] stream 0x5570a23567e0
n232-194-226:233793:233793 [0] NCCL INFO AllReduce: opCount 27 sendbuff 0x7f198fe00800 recvbuff 0x7f198fe00800 count 1 datatype 1 op 0 root 0 comm 0x555a5411efb0 [nranks=4] stream 0x555a53b66620
n232-194-226:233794:233794 [1] NCCL INFO AllReduce: opCount 27 sendbuff 0x7f79f7e00800 recvbuff 0x7f79f7e00800 count 1 datatype 1 op 0 root 0 comm 0x5570a2357300 [nranks=4] stream 0x5570a23567e0
n232-194-226:233793:233793 [0] NCCL INFO AllReduce: opCount 28 sendbuff 0x7f198fe00000 recvbuff 0x7f198fe00000 count 512 datatype 7 op 0 root 0 comm 0x555a5411efb0 [nranks=4] stream 0x555a53b66620
n232-194-226:233794:233794 [1] NCCL INFO AllReduce: opCount 28 sendbuff 0x7f79f7e00000 recvbuff 0x7f79f7e00000 count 512 datatype 7 op 0 root 0 comm 0x5570a2357300 [nranks=4] stream 0x5570a23567e0
n232-194-226:233793:233793 [0] NCCL INFO AllReduce: opCount 29 sendbuff 0x7f198fe00a00 recvbuff 0x7f198fe00a00 count 1 datatype 1 op 0 root 0 comm 0x555a5411efb0 [nranks=4] stream 0x555a53b66620
n232-194-226:233794:233794 [1] NCCL INFO AllReduce: opCount 29 sendbuff 0x7f79f7e00a00 recvbuff 0x7f79f7e00a00 count 1 datatype 1 op 0 root 0 comm 0x5570a2357300 [nranks=4] stream 0x5570a23567e0
n232-194-226:233793:233793 [0] NCCL INFO AllReduce: opCount 2a sendbuff 0x7f198fe00000 recvbuff 0x7f198fe00000 count 512 datatype 7 op 0 root 0 comm 0x555a5411efb0 [nranks=4] stream 0x555a53b66620
n232-194-226:233794:233794 [1] NCCL INFO AllReduce: opCount 2a sendbuff 0x7f79f7e00000 recvbuff 0x7f79f7e00000 count 512 datatype 7 op 0 root 0 comm 0x5570a2357300 [nranks=4] stream 0x5570a23567e0
n232-194-226:233793:233793 [0] NCCL INFO AllReduce: opCount 2b sendbuff 0x7f198fe00800 recvbuff 0x7f198fe00800 count 1 datatype 1 op 0 root 0 comm 0x555a5411efb0 [nranks=4] stream 0x555a53b66620
n232-194-226:233794:233794 [1] NCCL INFO AllReduce: opCount 2b sendbuff 0x7f79f7e00800 recvbuff 0x7f79f7e00800 count 1 datatype 1 op 0 root 0 comm 0x5570a2357300 [nranks=4] stream 0x5570a23567e0
n232-194-226:233793:233793 [0] NCCL INFO AllReduce: opCount 2c sendbuff 0x7f198fe00000 recvbuff 0x7f198fe00000 count 512 datatype 7 op 0 root 0 comm 0x555a5411efb0 [nranks=4] stream 0x555a53b66620
n232-194-226:233794:233794 [1] NCCL INFO AllReduce: opCount 2c sendbuff 0x7f79f7e00000 recvbuff 0x7f79f7e00000 count 512 datatype 7 op 0 root 0 comm 0x5570a2357300 [nranks=4] stream 0x5570a23567e0
        2K         512     float     sum     N/A     46.51     0.35     0.53       0
n232-194-226:233794:233794 [1] NCCL INFO AllReduce: opCount 2d sendbuff 0x7f79f7e00c00 recvbuff 0x7f79f7e00c00 count 1024 datatype 7 op 0 root 0 comm 0x5570a2357300 [nranks=4] stream 0x5570a23567e0
n232-194-226:233793:233793 [0] NCCL INFO AllReduce: opCount 2d sendbuff 0x7f198fe00c00 recvbuff 0x7f198fe00c00 count 1024 datatype 7 op 0 root 0 comm 0x555a5411efb0 [nranks=4] stream 0x555a53b66620
n232-194-226:233793:233793 [0] NCCL INFO AllReduce: opCount 2e sendbuff 0x7f198fe00c00 recvbuff 0x7f198fe00c00 count 1024 datatype 7 op 0 root 0 comm 0x555a5411efb0 [nranks=4] stream 0x555a53b66620
n232-194-226:233794:233794 [1] NCCL INFO AllReduce: opCount 2e sendbuff 0x7f79f7e00c00 recvbuff 0x7f79f7e00c00 count 1024 datatype 7 op 0 root 0 comm 0x5570a2357300 [nranks=4] stream 0x5570a23567e0
n232-194-226:233793:233793 [0] NCCL INFO AllReduce: opCount 2f sendbuff 0x7f198fe00c00 recvbuff 0x7f198fe00c00 count 1024 datatype 7 op 0 root 0 comm 0x555a5411efb0 [nranks=4] stream 0x555a53b66620
n232-194-226:233794:233794 [1] NCCL INFO AllReduce: opCount 2f sendbuff 0x7f79f7e00c00 recvbuff 0x7f79f7e00c00 count 1024 datatype 7 op 0 root 0 comm 0x5570a2357300 [nranks=4] stream 0x5570a23567e0
n232-194-226:233793:233793 [0] NCCL INFO AllReduce: opCount 30 sendbuff 0x7f198fe00c00 recvbuff 0x7f198fe00c00 count 1024 datatype 7 op 0 root 0 comm 0x555a5411efb0 [nranks=4] stream 0x555a53b66620
n232-194-226:233794:233794 [1] NCCL INFO AllReduce: opCount 30 sendbuff 0x7f79f7e00c00 recvbuff 0x7f79f7e00c00 count 1024 datatype 7 op 0 root 0 comm 0x5570a2357300 [nranks=4] stream 0x5570a23567e0
n232-194-226:233793:233793 [0] NCCL INFO AllReduce: opCount 31 sendbuff 0x7f198fe00c00 recvbuff 0x7f198fe00c00 count 1024 datatype 7 op 0 root 0 comm 0x555a5411efb0 [nranks=4] stream 0x555a53b66620
n232-194-226:233794:233794 [1] NCCL INFO AllReduce: opCount 31 sendbuff 0x7f79f7e00c00 recvbuff 0x7f79f7e00c00 count 1024 datatype 7 op 0 root 0 comm 0x5570a2357300 [nranks=4] stream 0x5570a23567e0
n232-194-226:233793:233793 [0] NCCL INFO AllReduce: opCount 32 sendbuff 0x7f198fe00200 recvbuff 0x7f198fe00200 count 1 datatype 1 op 0 root 0 comm 0x555a5411efb0 [nranks=4] stream 0x555a53b66620
n232-194-226:233794:233794 [1] NCCL INFO AllReduce: opCount 32 sendbuff 0x7f79f7e00200 recvbuff 0x7f79f7e00200 count 1 datatype 1 op 0 root 0 comm 0x5570a2357300 [nranks=4] stream 0x5570a23567e0
n232-194-226:233793:233793 [0] NCCL INFO AllReduce: opCount 33 sendbuff 0x7f198fe00c00 recvbuff 0x7f198fe00c00 count 1024 datatype 7 op 0 root 0 comm 0x555a5411efb0 [nranks=4] stream 0x555a53b66620
n232-194-226:233794:233794 [1] NCCL INFO AllReduce: opCount 33 sendbuff 0x7f79f7e00c00 recvbuff 0x7f79f7e00c00 count 1024 datatype 7 op 0 root 0 comm 0x5570a2357300 [nranks=4] stream 0x5570a23567e0
n232-194-226:233793:233793 [0] NCCL INFO AllReduce: opCount 34 sendbuff 0x7f198fe00000 recvbuff 0x7f198fe00000 count 1 datatype 1 op 0 root 0 comm 0x555a5411efb0 [nranks=4] stream 0x555a53b66620
n232-194-226:233794:233794 [1] NCCL INFO AllReduce: opCount 34 sendbuff 0x7f79f7e00000 recvbuff 0x7f79f7e00000 count 1 datatype 1 op 0 root 0 comm 0x5570a2357300 [nranks=4] stream 0x5570a23567e0
n232-194-226:233793:233793 [0] NCCL INFO AllReduce: opCount 35 sendbuff 0x7f198fe00c00 recvbuff 0x7f198fe00c00 count 1024 datatype 7 op 0 root 0 comm 0x555a5411efb0 [nranks=4] stream 0x555a53b66620
n232-194-226:233794:233794 [1] NCCL INFO AllReduce: opCount 35 sendbuff 0x7f79f7e00c00 recvbuff 0x7f79f7e00c00 count 1024 datatype 7 op 0 root 0 comm 0x5570a2357300 [nranks=4] stream 0x5570a23567e0
n232-194-226:233793:233793 [0] NCCL INFO AllReduce: opCount 36 sendbuff 0x7f198fe00200 recvbuff 0x7f198fe00200 count 1 datatype 1 op 0 root 0 comm 0x555a5411efb0 [nranks=4] stream 0x555a53b66620
n232-194-226:233794:233794 [1] NCCL INFO AllReduce: opCount 36 sendbuff 0x7f79f7e00200 recvbuff 0x7f79f7e00200 count 1 datatype 1 op 0 root 0 comm 0x5570a2357300 [nranks=4] stream 0x5570a23567e0
n232-194-226:233793:233793 [0] NCCL INFO AllReduce: opCount 37 sendbuff 0x7f198fe00c00 recvbuff 0x7f198fe00c00 count 1024 datatype 7 op 0 root 0 comm 0x555a5411efb0 [nranks=4] stream 0x555a53b66620
n232-194-226:233794:233794 [1] NCCL INFO AllReduce: opCount 37 sendbuff 0x7f79f7e00c00 recvbuff 0x7f79f7e00c00 count 1024 datatype 7 op 0 root 0 comm 0x5570a2357300 [nranks=4] stream 0x5570a23567e0
n232-194-226:233793:233793 [0] NCCL INFO AllReduce: opCount 38 sendbuff 0x7f198fe00000 recvbuff 0x7f198fe00000 count 1 datatype 1 op 0 root 0 comm 0x555a5411efb0 [nranks=4] stream 0x555a53b66620
n232-194-226:233794:233794 [1] NCCL INFO AllReduce: opCount 38 sendbuff 0x7f79f7e00000 recvbuff 0x7f79f7e00000 count 1 datatype 1 op 0 root 0 comm 0x5570a2357300 [nranks=4] stream 0x5570a23567e0
n232-194-226:233793:233793 [0] NCCL INFO AllReduce: opCount 39 sendbuff 0x7f198fe00c00 recvbuff 0x7f198fe00c00 count 1024 datatype 7 op 0 root 0 comm 0x555a5411efb0 [nranks=4] stream 0x555a53b66620
n232-194-226:233794:233794 [1] NCCL INFO AllReduce: opCount 39 sendbuff 0x7f79f7e00c00 recvbuff 0x7f79f7e00c00 count 1024 datatype 7 op 0 root 0 comm 0x5570a2357300 [nranks=4] stream 0x5570a23567e0
n232-194-226:233793:233793 [0] NCCL INFO AllReduce: opCount 3a sendbuff 0x7f198fe00200 recvbuff 0x7f198fe00200 count 1 datatype 1 op 0 root 0 comm 0x555a5411efb0 [nranks=4] stream 0x555a53b66620
n232-194-226:233794:233794 [1] NCCL INFO AllReduce: opCount 3a sendbuff 0x7f79f7e00200 recvbuff 0x7f79f7e00200 count 1 datatype 1 op 0 root 0 comm 0x5570a2357300 [nranks=4] stream 0x5570a23567e0
n232-194-226:233793:233793 [0] NCCL INFO AllReduce: opCount 3b sendbuff 0x7f198fe00c00 recvbuff 0x7f198fe00c00 count 1024 datatype 7 op 0 root 0 comm 0x555a5411efb0 [nranks=4] stream 0x555a53b66620
n232-194-226:233794:233794 [1] NCCL INFO AllReduce: opCount 3b sendbuff 0x7f79f7e00c00 recvbuff 0x7f79f7e00c00 count 1024 datatype 7 op 0 root 0 comm 0x5570a2357300 [nranks=4] stream 0x5570a23567e0
n232-194-226:233793:233793 [0] NCCL INFO AllReduce: opCount 3c sendbuff 0x7f198fe00000 recvbuff 0x7f198fe00000 count 1 datatype 1 op 0 root 0 comm 0x555a5411efb0 [nranks=4] stream 0x555a53b66620
n232-194-226:233794:233794 [1] NCCL INFO AllReduce: opCount 3c sendbuff 0x7f79f7e00000 recvbuff 0x7f79f7e00000 count 1 datatype 1 op 0 root 0 comm 0x5570a2357300 [nranks=4] stream 0x5570a23567e0
n232-194-226:233793:233793 [0] NCCL INFO AllReduce: opCount 3d sendbuff 0x7f198fe00c00 recvbuff 0x7f198fe00c00 count 1024 datatype 7 op 0 root 0 comm 0x555a5411efb0 [nranks=4] stream 0x555a53b66620
n232-194-226:233794:233794 [1] NCCL INFO AllReduce: opCount 3d sendbuff 0x7f79f7e00c00 recvbuff 0x7f79f7e00c00 count 1024 datatype 7 op 0 root 0 comm 0x5570a2357300 [nranks=4] stream 0x5570a23567e0
n232-194-226:233793:233793 [0] NCCL INFO AllReduce: opCount 3e sendbuff 0x7f198fe00200 recvbuff 0x7f198fe00200 count 1 datatype 1 op 0 root 0 comm 0x555a5411efb0 [nranks=4] stream 0x555a53b66620
n232-194-226:233794:233794 [1] NCCL INFO AllReduce: opCount 3e sendbuff 0x7f79f7e00200 recvbuff 0x7f79f7e00200 count 1 datatype 1 op 0 root 0 comm 0x5570a2357300 [nranks=4] stream 0x5570a23567e0
n232-194-226:233793:233793 [0] NCCL INFO AllReduce: opCount 3f sendbuff 0x7f198fe00c00 recvbuff 0x7f198fe00c00 count 1024 datatype 7 op 0 root 0 comm 0x555a5411efb0 [nranks=4] stream 0x555a53b66620
n232-194-226:233794:233794 [1] NCCL INFO AllReduce: opCount 3f sendbuff 0x7f79f7e00c00 recvbuff 0x7f79f7e00c00 count 1024 datatype 7 op 0 root 0 comm 0x5570a2357300 [nranks=4] stream 0x5570a23567e0
n232-194-226:233793:233793 [0] NCCL INFO AllReduce: opCount 40 sendbuff 0x7f198fe00000 recvbuff 0x7f198fe00000 count 1 datatype 1 op 0 root 0 comm 0x555a5411efb0 [nranks=4] stream 0x555a53b66620
n232-194-226:233794:233794 [1] NCCL INFO AllReduce: opCount 40 sendbuff 0x7f79f7e00000 recvbuff 0x7f79f7e00000 count 1 datatype 1 op 0 root 0 comm 0x5570a2357300 [nranks=4] stream 0x5570a23567e0
n232-194-226:233793:233793 [0] NCCL INFO AllReduce: opCount 41 sendbuff 0x7f198fe00c00 recvbuff 0x7f198fe00c00 count 1024 datatype 7 op 0 root 0 comm 0x555a5411efb0 [nranks=4] stream 0x555a53b66620
n232-194-226:233794:233794 [1] NCCL INFO AllReduce: opCount 41 sendbuff 0x7f79f7e00c00 recvbuff 0x7f79f7e00c00 count 1024 datatype 7 op 0 root 0 comm 0x5570a2357300 [nranks=4] stream 0x5570a23567e0
n232-194-226:233793:233793 [0] NCCL INFO AllReduce: opCount 42 sendbuff 0x7f198fe00200 recvbuff 0x7f198fe00200 count 1 datatype 1 op 0 root 0 comm 0x555a5411efb0 [nranks=4] stream 0x555a53b66620
n232-194-226:233794:233794 [1] NCCL INFO AllReduce: opCount 42 sendbuff 0x7f79f7e00200 recvbuff 0x7f79f7e00200 count 1 datatype 1 op 0 root 0 comm 0x5570a2357300 [nranks=4] stream 0x5570a23567e0
n232-194-226:233793:233793 [0] NCCL INFO AllReduce: opCount 43 sendbuff 0x7f198fe00c00 recvbuff 0x7f198fe00c00 count 1024 datatype 7 op 0 root 0 comm 0x555a5411efb0 [nranks=4] stream 0x555a53b66620
n232-194-226:233794:233794 [1] NCCL INFO AllReduce: opCount 43 sendbuff 0x7f79f7e00c00 recvbuff 0x7f79f7e00c00 count 1024 datatype 7 op 0 root 0 comm 0x5570a2357300 [nranks=4] stream 0x5570a23567e0
n232-194-226:233793:233793 [0] NCCL INFO AllReduce: opCount 44 sendbuff 0x7f198fe00000 recvbuff 0x7f198fe00000 count 1 datatype 1 op 0 root 0 comm 0x555a5411efb0 [nranks=4] stream 0x555a53b66620
n232-194-226:233794:233794 [1] NCCL INFO AllReduce: opCount 44 sendbuff 0x7f79f7e00000 recvbuff 0x7f79f7e00000 count 1 datatype 1 op 0 root 0 comm 0x5570a2357300 [nranks=4] stream 0x5570a23567e0
n232-194-226:233793:233793 [0] NCCL INFO AllReduce: opCount 45 sendbuff 0x7f198fe00c00 recvbuff 0x7f198fe00c00 count 1024 datatype 7 op 0 root 0 comm 0x555a5411efb0 [nranks=4] stream 0x555a53b66620
n232-194-226:233794:233794 [1] NCCL INFO AllReduce: opCount 45 sendbuff 0x7f79f7e00c00 recvbuff 0x7f79f7e00c00 count 1024 datatype 7 op 0 root 0 comm 0x5570a2357300 [nranks=4] stream 0x5570a23567e0
n232-194-226:233793:233793 [0] NCCL INFO AllReduce: opCount 46 sendbuff 0x7f198fe00200 recvbuff 0x7f198fe00200 count 1 datatype 1 op 0 root 0 comm 0x555a5411efb0 [nranks=4] stream 0x555a53b66620
n232-194-226:233794:233794 [1] NCCL INFO AllReduce: opCount 46 sendbuff 0x7f79f7e00200 recvbuff 0x7f79f7e00200 count 1 datatype 1 op 0 root 0 comm 0x5570a2357300 [nranks=4] stream 0x5570a23567e0
n232-194-226:233793:233793 [0] NCCL INFO AllReduce: opCount 47 sendbuff 0x7f198fe00c00 recvbuff 0x7f198fe00c00 count 1024 datatype 7 op 0 root 0 comm 0x555a5411efb0 [nranks=4] stream 0x555a53b66620
n232-194-226:233794:233794 [1] NCCL INFO AllReduce: opCount 47 sendbuff 0x7f79f7e00c00 recvbuff 0x7f79f7e00c00 count 1024 datatype 7 op 0 root 0 comm 0x5570a2357300 [nranks=4] stream 0x5570a23567e0
n232-194-226:233794:233794 [1] NCCL INFO AllReduce: opCount 48 sendbuff 0x7f79f7e00000 recvbuff 0x7f79f7e00000 count 1 datatype 1 op 0 root 0 comm 0x5570a2357300 [nranks=4] stream 0x5570a23567e0
n232-194-226:233793:233793 [0] NCCL INFO AllReduce: opCount 48 sendbuff 0x7f198fe00000 recvbuff 0x7f198fe00000 count 1 datatype 1 op 0 root 0 comm 0x555a5411efb0 [nranks=4] stream 0x555a53b66620
n232-194-226:233793:233793 [0] NCCL INFO AllReduce: opCount 49 sendbuff 0x7f198fe00c00 recvbuff 0x7f198fe00c00 count 1024 datatype 7 op 0 root 0 comm 0x555a5411efb0 [nranks=4] stream 0x555a53b66620
n232-194-226:233794:233794 [1] NCCL INFO AllReduce: opCount 49 sendbuff 0x7f79f7e00c00 recvbuff 0x7f79f7e00c00 count 1024 datatype 7 op 0 root 0 comm 0x5570a2357300 [nranks=4] stream 0x5570a23567e0
n232-194-226:233793:233793 [0] NCCL INFO AllReduce: opCount 4a sendbuff 0x7f198fe00200 recvbuff 0x7f198fe00200 count 1 datatype 1 op 0 root 0 comm 0x555a5411efb0 [nranks=4] stream 0x555a53b66620
n232-194-226:233794:233794 [1] NCCL INFO AllReduce: opCount 4a sendbuff 0x7f79f7e00200 recvbuff 0x7f79f7e00200 count 1 datatype 1 op 0 root 0 comm 0x5570a2357300 [nranks=4] stream 0x5570a23567e0
n232-194-226:233793:233793 [0] NCCL INFO AllReduce: opCount 4b sendbuff 0x7f198fe00c00 recvbuff 0x7f198fe00c00 count 1024 datatype 7 op 0 root 0 comm 0x555a5411efb0 [nranks=4] stream 0x555a53b66620
n232-194-226:233794:233794 [1] NCCL INFO AllReduce: opCount 4b sendbuff 0x7f79f7e00c00 recvbuff 0x7f79f7e00c00 count 1024 datatype 7 op 0 root 0 comm 0x5570a2357300 [nranks=4] stream 0x5570a23567e0
n232-194-226:233793:233793 [0] NCCL INFO AllReduce: opCount 4c sendbuff 0x7f198fe00000 recvbuff 0x7f198fe00000 count 1 datatype 1 op 0 root 0 comm 0x555a5411efb0 [nranks=4] stream 0x555a53b66620
n232-194-226:233794:233794 [1] NCCL INFO AllReduce: opCount 4c sendbuff 0x7f79f7e00000 recvbuff 0x7f79f7e00000 count 1 datatype 1 op 0 root 0 comm 0x5570a2357300 [nranks=4] stream 0x5570a23567e0
n232-194-226:233793:233793 [0] NCCL INFO AllReduce: opCount 4d sendbuff 0x7f198fe00c00 recvbuff 0x7f198fe00c00 count 1024 datatype 7 op 0 root 0 comm 0x555a5411efb0 [nranks=4] stream 0x555a53b66620
n232-194-226:233794:233794 [1] NCCL INFO AllReduce: opCount 4d sendbuff 0x7f79f7e00c00 recvbuff 0x7f79f7e00c00 count 1024 datatype 7 op 0 root 0 comm 0x5570a2357300 [nranks=4] stream 0x5570a23567e0
n232-194-226:233793:233793 [0] NCCL INFO AllReduce: opCount 4e sendbuff 0x7f198fe00200 recvbuff 0x7f198fe00200 count 1 datatype 1 op 0 root 0 comm 0x555a5411efb0 [nranks=4] stream 0x555a53b66620
n232-194-226:233794:233794 [1] NCCL INFO AllReduce: opCount 4e sendbuff 0x7f79f7e00200 recvbuff 0x7f79f7e00200 count 1 datatype 1 op 0 root 0 comm 0x5570a2357300 [nranks=4] stream 0x5570a23567e0
n232-194-226:233793:233793 [0] NCCL INFO AllReduce: opCount 4f sendbuff 0x7f198fe00c00 recvbuff 0x7f198fe00c00 count 1024 datatype 7 op 0 root 0 comm 0x555a5411efb0 [nranks=4] stream 0x555a53b66620
n232-194-226:233794:233794 [1] NCCL INFO AllReduce: opCount 4f sendbuff 0x7f79f7e00c00 recvbuff 0x7f79f7e00c00 count 1024 datatype 7 op 0 root 0 comm 0x5570a2357300 [nranks=4] stream 0x5570a23567e0
n232-194-226:233794:233794 [1] NCCL INFO AllReduce: opCount 50 sendbuff 0x7f79f7e00000 recvbuff 0x7f79f7e00000 count 1 datatype 1 op 0 root 0 comm 0x5570a2357300 [nranks=4] stream 0x5570a23567e0
n232-194-226:233793:233793 [0] NCCL INFO AllReduce: opCount 50 sendbuff 0x7f198fe00000 recvbuff 0x7f198fe00000 count 1 datatype 1 op 0 root 0 comm 0x555a5411efb0 [nranks=4] stream 0x555a53b66620
n232-194-226:233793:233793 [0] NCCL INFO AllReduce: opCount 51 sendbuff 0x7f198fe00c00 recvbuff 0x7f198fe00c00 count 1024 datatype 7 op 0 root 0 comm 0x555a5411efb0 [nranks=4] stream 0x555a53b66620
n232-194-226:233794:233794 [1] NCCL INFO AllReduce: opCount 51 sendbuff 0x7f79f7e00c00 recvbuff 0x7f79f7e00c00 count 1024 datatype 7 op 0 root 0 comm 0x5570a2357300 [nranks=4] stream 0x5570a23567e0
n232-194-226:233793:233793 [0] NCCL INFO AllReduce: opCount 52 sendbuff 0x7f198fe00200 recvbuff 0x7f198fe00200 count 1 datatype 1 op 0 root 0 comm 0x555a5411efb0 [nranks=4] stream 0x555a53b66620
n232-194-226:233794:233794 [1] NCCL INFO AllReduce: opCount 52 sendbuff 0x7f79f7e00200 recvbuff 0x7f79f7e00200 count 1 datatype 1 op 0 root 0 comm 0x5570a2357300 [nranks=4] stream 0x5570a23567e0
n232-194-226:233793:233793 [0] NCCL INFO AllReduce: opCount 53 sendbuff 0x7f198fe00c00 recvbuff 0x7f198fe00c00 count 1024 datatype 7 op 0 root 0 comm 0x555a5411efb0 [nranks=4] stream 0x555a53b66620
n232-194-226:233794:233794 [1] NCCL INFO AllReduce: opCount 53 sendbuff 0x7f79f7e00c00 recvbuff 0x7f79f7e00c00 count 1024 datatype 7 op 0 root 0 comm 0x5570a2357300 [nranks=4] stream 0x5570a23567e0
n232-194-226:233793:233793 [0] NCCL INFO AllReduce: opCount 54 sendbuff 0x7f198fe00000 recvbuff 0x7f198fe00000 count 1 datatype 1 op 0 root 0 comm 0x555a5411efb0 [nranks=4] stream 0x555a53b66620
n232-194-226:233794:233794 [1] NCCL INFO AllReduce: opCount 54 sendbuff 0x7f79f7e00000 recvbuff 0x7f79f7e00000 count 1 datatype 1 op 0 root 0 comm 0x5570a2357300 [nranks=4] stream 0x5570a23567e0
n232-194-226:233793:233793 [0] NCCL INFO AllReduce: opCount 55 sendbuff 0x7f198fe00c00 recvbuff 0x7f198fe00c00 count 1024 datatype 7 op 0 root 0 comm 0x555a5411efb0 [nranks=4] stream 0x555a53b66620
n232-194-226:233794:233794 [1] NCCL INFO AllReduce: opCount 55 sendbuff 0x7f79f7e00c00 recvbuff 0x7f79f7e00c00 count 1024 datatype 7 op 0 root 0 comm 0x5570a2357300 [nranks=4] stream 0x5570a23567e0
n232-194-226:233793:233793 [0] NCCL INFO AllReduce: opCount 56 sendbuff 0x7f198fe00200 recvbuff 0x7f198fe00200 count 1 datatype 1 op 0 root 0 comm 0x555a5411efb0 [nranks=4] stream 0x555a53b66620
n232-194-226:233794:233794 [1] NCCL INFO AllReduce: opCount 56 sendbuff 0x7f79f7e00200 recvbuff 0x7f79f7e00200 count 1 datatype 1 op 0 root 0 comm 0x5570a2357300 [nranks=4] stream 0x5570a23567e0
n232-194-226:233793:233793 [0] NCCL INFO AllReduce: opCount 57 sendbuff 0x7f198fe00c00 recvbuff 0x7f198fe00c00 count 1024 datatype 7 op 0 root 0 comm 0x555a5411efb0 [nranks=4] stream 0x555a53b66620
n232-194-226:233794:233794 [1] NCCL INFO AllReduce: opCount 57 sendbuff 0x7f79f7e00c00 recvbuff 0x7f79f7e00c00 count 1024 datatype 7 op 0 root 0 comm 0x5570a2357300 [nranks=4] stream 0x5570a23567e0
n232-194-226:233793:233793 [0] NCCL INFO AllReduce: opCount 58 sendbuff 0x7f198fe00000 recvbuff 0x7f198fe00000 count 1 datatype 1 op 0 root 0 comm 0x555a5411efb0 [nranks=4] stream 0x555a53b66620
n232-194-226:233794:233794 [1] NCCL INFO AllReduce: opCount 58 sendbuff 0x7f79f7e00000 recvbuff 0x7f79f7e00000 count 1 datatype 1 op 0 root 0 comm 0x5570a2357300 [nranks=4] stream 0x5570a23567e0
n232-194-226:233793:233793 [0] NCCL INFO AllReduce: opCount 59 sendbuff 0x7f198fe00c00 recvbuff 0x7f198fe00c00 count 1024 datatype 7 op 0 root 0 comm 0x555a5411efb0 [nranks=4] stream 0x555a53b66620
n232-194-226:233794:233794 [1] NCCL INFO AllReduce: opCount 59 sendbuff 0x7f79f7e00c00 recvbuff 0x7f79f7e00c00 count 1024 datatype 7 op 0 root 0 comm 0x5570a2357300 [nranks=4] stream 0x5570a23567e0
        4K        1024     float     sum     N/A     42.10     0.78     1.17       0
n232-194-226:233794:233794 [1] NCCL INFO AllReduce: opCount 5a sendbuff 0x7f79f7e00400 recvbuff 0x7f79f7e00400 count 2048 datatype 7 op 0 root 0 comm 0x5570a2357300 [nranks=4] stream 0x5570a23567e0
n232-194-226:233793:233793 [0] NCCL INFO AllReduce: opCount 5a sendbuff 0x7f198fe00400 recvbuff 0x7f198fe00400 count 2048 datatype 7 op 0 root 0 comm 0x555a5411efb0 [nranks=4] stream 0x555a53b66620
n232-194-226:233793:233793 [0] NCCL INFO AllReduce: opCount 5b sendbuff 0x7f198fe00400 recvbuff 0x7f198fe00400 count 2048 datatype 7 op 0 root 0 comm 0x555a5411efb0 [nranks=4] stream 0x555a53b66620
n232-194-226:233794:233794 [1] NCCL INFO AllReduce: opCount 5b sendbuff 0x7f79f7e00400 recvbuff 0x7f79f7e00400 count 2048 datatype 7 op 0 root 0 comm 0x5570a2357300 [nranks=4] stream 0x5570a23567e0
n232-194-226:233794:233794 [1] NCCL INFO AllReduce: opCount 5c sendbuff 0x7f79f7e00400 recvbuff 0x7f79f7e00400 count 2048 datatype 7 op 0 root 0 comm 0x5570a2357300 [nranks=4] stream 0x5570a23567e0
