[2025-08-20 19:56:40,142] torch.distributed.run: [WARNING] 
[2025-08-20 19:56:40,142] torch.distributed.run: [WARNING] *****************************************
[2025-08-20 19:56:40,142] torch.distributed.run: [WARNING] Setting OMP_NUM_THREADS environment variable for each process to be 1 in default, to avoid your system being overloaded, please further tune the variable for optimal performance in your application as needed. 
[2025-08-20 19:56:40,142] torch.distributed.run: [WARNING] *****************************************
[2025-08-20 19:58:00] Rank 0: Starting PyTorch NCCL AllReduce performance tests...
[2025-08-20 19:58:00] Rank 0: World size: 4
[2025-08-20 19:58:00] Rank 0: Test mode: multi_node
#
# NCCL AllReduce Performance Test
# Size       Count      Type   RedOp   Root     Time   AlgBw   BusBw  Error
# (B)        (elements)                          (us)  (GB/s)  (GB/s)
#
[2025-08-20 19:58:00] Rank 0: Testing 22 sizes from 2K to 4G
n232-194-226:233793:233793 [0] NCCL INFO Bootstrap : Using eth0:10.232.194.226<0>
n232-194-226:233793:233793 [0] NCCL INFO NET/Plugin : Plugin load (libnccl-net.so) returned 2 : libnccl-net.so: cannot open shared object file: No such file or directory
n232-194-226:233793:233793 [0] NCCL INFO NET/Plugin : No plugin found, using internal implementation
n232-194-226:233794:233794 [1] NCCL INFO cudaDriverVersion 12020
n232-194-226:233794:233794 [1] NCCL INFO Bootstrap : Using eth0:10.232.194.226<0>
n232-194-226:233794:233794 [1] NCCL INFO NET/Plugin : Plugin load (libnccl-net.so) returned 2 : libnccl-net.so: cannot open shared object file: No such file or directory
n232-194-226:233794:233794 [1] NCCL INFO NET/Plugin : No plugin found, using internal implementation
n232-194-226:233794:233794 [1] NCCL INFO init.cc:1584 Cuda Host Alloc Size 4 pointer 0x7f79fca00000
n232-194-226:233793:233793 [0] NCCL INFO cudaDriverVersion 12020
NCCL version 2.18.6+cuda12.1
n232-194-226:233793:233793 [0] NCCL INFO init.cc:1584 Cuda Host Alloc Size 4 pointer 0x7f1994a00000
n232-194-226:233794:233802 [1] NCCL INFO NCCL_IB_DISABLE set by environment to 0.
n232-194-226:233794:233802 [1] NCCL INFO NCCL_IB_HCA set to mlx5_2,mlx5_3,mlx5_4,mlx5_5,mlx5_6,mlx5_7,mlx5_8
n232-194-226:233793:233803 [0] NCCL INFO NCCL_IB_DISABLE set by environment to 0.
n232-194-226:233793:233803 [0] NCCL INFO NCCL_IB_HCA set to mlx5_2,mlx5_3,mlx5_4,mlx5_5,mlx5_6,mlx5_7,mlx5_8
n232-194-226:233793:233803 [0] NCCL INFO NET/IB : Using [0]mlx5_2:1/IB [1]mlx5_3:1/IB [2]mlx5_4:1/IB [3]mlx5_5:1/IB [4]mlx5_6:1/IB [5]mlx5_7:1/IB [6]mlx5_8:1/IB [RO]; OOB eth0:10.232.194.226<0>
n232-194-226:233793:233803 [0] NCCL INFO Using network IB
n232-194-226:233794:233802 [1] NCCL INFO NET/IB : Using [0]mlx5_2:1/IB [1]mlx5_3:1/IB [2]mlx5_4:1/IB [3]mlx5_5:1/IB [4]mlx5_6:1/IB [5]mlx5_7:1/IB [6]mlx5_8:1/IB [RO]; OOB eth0:10.232.194.226<0>
n232-194-226:233794:233802 [1] NCCL INFO Using network IB
n232-194-226:233794:233802 [1] NCCL INFO comm 0x5570a2357300 rank 1 nranks 4 cudaDev 1 nvmlDev 1 busId 34000 commId 0x75f9813bb6e6f70c - Init START
n232-194-226:233793:233803 [0] NCCL INFO comm 0x555a5411efb0 rank 0 nranks 4 cudaDev 0 nvmlDev 0 busId f000 commId 0x75f9813bb6e6f70c - Init START
n232-194-226:233794:233802 [1] NCCL INFO NET/IB : GPU Direct RDMA Enabled for HCA 0 'mlx5_2'
n232-194-226:233794:233802 [1] NCCL INFO NET/IB : GPU Direct RDMA Enabled for HCA 1 'mlx5_3'
n232-194-226:233794:233802 [1] NCCL INFO NET/IB : GPU Direct RDMA Enabled for HCA 2 'mlx5_4'
n232-194-226:233793:233803 [0] NCCL INFO NET/IB : GPU Direct RDMA Enabled for HCA 0 'mlx5_2'
n232-194-226:233794:233802 [1] NCCL INFO NET/IB : GPU Direct RDMA Enabled for HCA 3 'mlx5_5'
n232-194-226:233793:233803 [0] NCCL INFO NET/IB : GPU Direct RDMA Enabled for HCA 1 'mlx5_3'
n232-194-226:233794:233802 [1] NCCL INFO NET/IB : GPU Direct RDMA Enabled for HCA 4 'mlx5_6'
n232-194-226:233793:233803 [0] NCCL INFO NET/IB : GPU Direct RDMA Enabled for HCA 2 'mlx5_4'
n232-194-226:233794:233802 [1] NCCL INFO NET/IB : GPU Direct RDMA Enabled for HCA 5 'mlx5_7'
n232-194-226:233794:233802 [1] NCCL INFO NET/IB : GPU Direct RDMA Enabled for HCA 6 'mlx5_8'
n232-194-226:233793:233803 [0] NCCL INFO NET/IB : GPU Direct RDMA Enabled for HCA 3 'mlx5_5'
n232-194-226:233793:233803 [0] NCCL INFO NET/IB : GPU Direct RDMA Enabled for HCA 4 'mlx5_6'
n232-194-226:233793:233803 [0] NCCL INFO NET/IB : GPU Direct RDMA Enabled for HCA 5 'mlx5_7'
n232-194-226:233793:233803 [0] NCCL INFO NET/IB : GPU Direct RDMA Enabled for HCA 6 'mlx5_8'
n232-194-226:233794:233802 [1] NCCL INFO transport/p2p.cc:163 Cuda Alloc Size 2097152 pointer 0x7f79be200000
n232-194-226:233794:233802 [1] NCCL INFO GPU Direct RDMA Disabled for GPU f000 / HCA 0 (distance 6 > 4)
n232-194-226:233794:233802 [1] NCCL INFO GPU Direct RDMA Enabled for GPU 34000 / HCA 0 (distance 3 <= 4), read 0
n232-194-226:233794:233802 [1] NCCL INFO GPU Direct RDMA Disabled for GPU f000 / HCA 1 (distance 6 > 4)
n232-194-226:233794:233802 [1] NCCL INFO GPU Direct RDMA Disabled for GPU 34000 / HCA 1 (distance 6 > 4)
n232-194-226:233794:233802 [1] NCCL INFO GPU Direct RDMA Disabled for GPU f000 / HCA 2 (distance 6 > 4)
n232-194-226:233794:233802 [1] NCCL INFO GPU Direct RDMA Disabled for GPU 34000 / HCA 2 (distance 6 > 4)
n232-194-226:233794:233802 [1] NCCL INFO GPU Direct RDMA Disabled for GPU f000 / HCA 3 (distance 7 > 4)
n232-194-226:233794:233802 [1] NCCL INFO GPU Direct RDMA Disabled for GPU 34000 / HCA 3 (distance 7 > 4)
n232-194-226:233794:233802 [1] NCCL INFO GPU Direct RDMA Disabled for GPU f000 / HCA 4 (distance 7 > 4)
n232-194-226:233794:233802 [1] NCCL INFO GPU Direct RDMA Disabled for GPU 34000 / HCA 4 (distance 7 > 4)
n232-194-226:233794:233802 [1] NCCL INFO GPU Direct RDMA Disabled for GPU f000 / HCA 5 (distance 7 > 4)
n232-194-226:233794:233802 [1] NCCL INFO GPU Direct RDMA Disabled for GPU 34000 / HCA 5 (distance 7 > 4)
n232-194-226:233794:233802 [1] NCCL INFO GPU Direct RDMA Disabled for GPU f000 / HCA 6 (distance 7 > 4)
n232-194-226:233794:233802 [1] NCCL INFO GPU Direct RDMA Disabled for GPU 34000 / HCA 6 (distance 7 > 4)
n232-194-226:233793:233803 [0] NCCL INFO transport/p2p.cc:163 Cuda Alloc Size 2097152 pointer 0x7f1950200000
n232-194-226:233793:233803 [0] NCCL INFO GPU Direct RDMA Disabled for GPU f000 / HCA 0 (distance 6 > 4)
n232-194-226:233793:233803 [0] NCCL INFO GPU Direct RDMA Enabled for GPU 34000 / HCA 0 (distance 3 <= 4), read 0
n232-194-226:233793:233803 [0] NCCL INFO GPU Direct RDMA Disabled for GPU f000 / HCA 1 (distance 6 > 4)
n232-194-226:233793:233803 [0] NCCL INFO GPU Direct RDMA Disabled for GPU 34000 / HCA 1 (distance 6 > 4)
n232-194-226:233793:233803 [0] NCCL INFO GPU Direct RDMA Disabled for GPU f000 / HCA 2 (distance 6 > 4)
n232-194-226:233793:233803 [0] NCCL INFO GPU Direct RDMA Disabled for GPU 34000 / HCA 2 (distance 6 > 4)
n232-194-226:233793:233803 [0] NCCL INFO GPU Direct RDMA Disabled for GPU f000 / HCA 3 (distance 7 > 4)
n232-194-226:233793:233803 [0] NCCL INFO GPU Direct RDMA Disabled for GPU 34000 / HCA 3 (distance 7 > 4)
n232-194-226:233793:233803 [0] NCCL INFO GPU Direct RDMA Disabled for GPU f000 / HCA 4 (distance 7 > 4)
n232-194-226:233793:233803 [0] NCCL INFO GPU Direct RDMA Disabled for GPU 34000 / HCA 4 (distance 7 > 4)
n232-194-226:233793:233803 [0] NCCL INFO GPU Direct RDMA Disabled for GPU f000 / HCA 5 (distance 7 > 4)
n232-194-226:233793:233803 [0] NCCL INFO GPU Direct RDMA Disabled for GPU 34000 / HCA 5 (distance 7 > 4)
n232-194-226:233793:233803 [0] NCCL INFO GPU Direct RDMA Disabled for GPU f000 / HCA 6 (distance 7 > 4)
n232-194-226:233793:233803 [0] NCCL INFO GPU Direct RDMA Disabled for GPU 34000 / HCA 6 (distance 7 > 4)
n232-194-226:233794:233802 [1] NCCL INFO GPU Direct RDMA Disabled for GPU f000 / HCA 0 (distance 6 > 4)
n232-194-226:233794:233802 [1] NCCL INFO GPU Direct RDMA Enabled for GPU 34000 / HCA 0 (distance 3 <= 4), read 0
n232-194-226:233794:233802 [1] NCCL INFO GPU Direct RDMA Disabled for GPU f000 / HCA 1 (distance 6 > 4)
n232-194-226:233794:233802 [1] NCCL INFO GPU Direct RDMA Disabled for GPU 34000 / HCA 1 (distance 6 > 4)
n232-194-226:233794:233802 [1] NCCL INFO GPU Direct RDMA Disabled for GPU f000 / HCA 2 (distance 6 > 4)
n232-194-226:233794:233802 [1] NCCL INFO GPU Direct RDMA Disabled for GPU 34000 / HCA 2 (distance 6 > 4)
n232-194-226:233794:233802 [1] NCCL INFO GPU Direct RDMA Disabled for GPU f000 / HCA 3 (distance 7 > 4)
n232-194-226:233794:233802 [1] NCCL INFO GPU Direct RDMA Disabled for GPU 34000 / HCA 3 (distance 7 > 4)
n232-194-226:233794:233802 [1] NCCL INFO GPU Direct RDMA Disabled for GPU f000 / HCA 4 (distance 7 > 4)
n232-194-226:233794:233802 [1] NCCL INFO GPU Direct RDMA Disabled for GPU 34000 / HCA 4 (distance 7 > 4)
n232-194-226:233794:233802 [1] NCCL INFO GPU Direct RDMA Disabled for GPU f000 / HCA 5 (distance 7 > 4)
n232-194-226:233794:233802 [1] NCCL INFO GPU Direct RDMA Disabled for GPU 34000 / HCA 5 (distance 7 > 4)
n232-194-226:233794:233802 [1] NCCL INFO GPU Direct RDMA Disabled for GPU f000 / HCA 6 (distance 7 > 4)
n232-194-226:233794:233802 [1] NCCL INFO GPU Direct RDMA Disabled for GPU 34000 / HCA 6 (distance 7 > 4)
n232-194-226:233794:233802 [1] NCCL INFO === System : maxBw 48.0 totalBw 160.0 ===
n232-194-226:233794:233802 [1] NCCL INFO CPU/0 (1/1/2)
n232-194-226:233794:233802 [1] NCCL INFO + PCI[48.0] - PCI/C000 (1000c0301000100b)
n232-194-226:233794:233802 [1] NCCL INFO               + PCI[48.0] - GPU/F000 (0)
n232-194-226:233794:233802 [1] NCCL INFO                             + NVL[160.0] - NVS/0
n232-194-226:233794:233802 [1] NCCL INFO + PCI[48.0] - PCI/32000 (1000c0301000100b)
n232-194-226:233794:233802 [1] NCCL INFO               + PCI[48.0] - GPU/34000 (1)
n232-194-226:233794:233802 [1] NCCL INFO                             + NVL[160.0] - NVS/0
n232-194-226:233794:233802 [1] NCCL INFO               + PCI[48.0] - NIC/35000
n232-194-226:233794:233802 [1] NCCL INFO                             + NET[50.0] - NET/0 (b662d10003ae6d94/1/50.000000)
n232-194-226:233794:233802 [1] NCCL INFO + PCI[48.0] - PCI/45000 (1000c0301000100b)
n232-194-226:233794:233802 [1] NCCL INFO               + PCI[48.0] - NIC/47000
n232-194-226:233794:233802 [1] NCCL INFO                             + NET[50.0] - NET/1 (d663d10003ae6d94/1/50.000000)
n232-194-226:233794:233802 [1] NCCL INFO + PCI[48.0] - PCI/58000 (1000c0301000100b)
n232-194-226:233794:233802 [1] NCCL INFO               + PCI[48.0] - NIC/5B000
n232-194-226:233794:233802 [1] NCCL INFO                             + NET[50.0] - NET/2 (e661d10003ae6d94/1/50.000000)
n232-194-226:233794:233802 [1] NCCL INFO + SYS[10.0] - CPU/1
n232-194-226:233794:233802 [1] NCCL INFO CPU/1 (1/1/2)
n232-194-226:233794:233802 [1] NCCL INFO + PCI[48.0] - PCI/84000 (1000c0301000100b)
n232-194-226:233794:233802 [1] NCCL INFO               + PCI[48.0] - NIC/86000
n232-194-226:233794:233802 [1] NCCL INFO                             + NET[50.0] - NET/3 (b0cad60003ae6d94/1/50.000000)
n232-194-226:233794:233802 [1] NCCL INFO + PCI[48.0] - PCI/AC000 (1000c0301000100b)
n232-194-226:233794:233802 [1] NCCL INFO               + PCI[48.0] - NIC/AF000
n232-194-226:233794:233802 [1] NCCL INFO                             + NET[50.0] - NET/4 (c0c9d60003ae6d94/1/50.000000)
n232-194-226:233794:233802 [1] NCCL INFO + PCI[48.0] - PCI/C0000 (1000c0301000100b)
n232-194-226:233794:233802 [1] NCCL INFO               + PCI[48.0] - NIC/C3000
n232-194-226:233794:233802 [1] NCCL INFO                             + NET[50.0] - NET/5 (50c9d60003ae6d94/1/50.000000)
n232-194-226:233794:233802 [1] NCCL INFO + PCI[48.0] - PCI/D4000 (1000c0301000100b)
n232-194-226:233794:233802 [1] NCCL INFO               + PCI[48.0] - NIC/D6000
n232-194-226:233794:233802 [1] NCCL INFO                             + NET[50.0] - NET/6 (58cad60003ae6d94/1/50.000000)
n232-194-226:233794:233802 [1] NCCL INFO + SYS[10.0] - CPU/0
n232-194-226:233794:233802 [1] NCCL INFO ==========================================
n232-194-226:233794:233802 [1] NCCL INFO GPU/F000 :GPU/F000 (0/5000.000000/LOC) GPU/34000 (2/160.000000/NVL) NVS/0 (1/160.000000/NVL) CPU/0 (2/48.000000/PHB) CPU/1 (3/10.000000/SYS) NET/0 (5/48.000000/PHB) NET/1 (5/48.000000/PHB) NET/2 (5/48.000000/PHB) NET/3 (6/10.000000/SYS) NET/4 (6/10.000000/SYS) NET/5 (6/10.000000/SYS) NET/6 (6/10.000000/SYS) 
n232-194-226:233794:233802 [1] NCCL INFO GPU/34000 :GPU/F000 (2/160.000000/NVL) GPU/34000 (0/5000.000000/LOC) NVS/0 (1/160.000000/NVL) CPU/0 (2/48.000000/PHB) CPU/1 (3/10.000000/SYS) NET/0 (3/48.000000/PIX) NET/1 (5/48.000000/PHB) NET/2 (5/48.000000/PHB) NET/3 (6/10.000000/SYS) NET/4 (6/10.000000/SYS) NET/5 (6/10.000000/SYS) NET/6 (6/10.000000/SYS) 
n232-194-226:233794:233802 [1] NCCL INFO NET/0 :GPU/F000 (5/48.000000/PHB) GPU/34000 (3/48.000000/PIX) CPU/0 (3/48.000000/PHB) CPU/1 (4/10.000000/SYS) NET/0 (0/5000.000000/LOC) NET/1 (6/48.000000/PHB) NET/2 (6/48.000000/PHB) NET/3 (7/10.000000/SYS) NET/4 (7/10.000000/SYS) NET/5 (7/10.000000/SYS) NET/6 (7/10.000000/SYS) 
n232-194-226:233794:233802 [1] NCCL INFO NET/1 :GPU/F000 (5/48.000000/PHB) GPU/34000 (5/48.000000/PHB) CPU/0 (3/48.000000/PHB) CPU/1 (4/10.000000/SYS) NET/0 (6/48.000000/PHB) NET/1 (0/5000.000000/LOC) NET/2 (6/48.000000/PHB) NET/3 (7/10.000000/SYS) NET/4 (7/10.000000/SYS) NET/5 (7/10.000000/SYS) NET/6 (7/10.000000/SYS) 
n232-194-226:233794:233802 [1] NCCL INFO NET/2 :GPU/F000 (5/48.000000/PHB) GPU/34000 (5/48.000000/PHB) CPU/0 (3/48.000000/PHB) CPU/1 (4/10.000000/SYS) NET/0 (6/48.000000/PHB) NET/1 (6/48.000000/PHB) NET/2 (0/5000.000000/LOC) NET/3 (7/10.000000/SYS) NET/4 (7/10.000000/SYS) NET/5 (7/10.000000/SYS) NET/6 (7/10.000000/SYS) 
n232-194-226:233794:233802 [1] NCCL INFO NET/3 :GPU/F000 (6/10.000000/SYS) GPU/34000 (6/10.000000/SYS) CPU/0 (4/10.000000/SYS) CPU/1 (3/48.000000/PHB) NET/0 (7/10.000000/SYS) NET/1 (7/10.000000/SYS) NET/2 (7/10.000000/SYS) NET/3 (0/5000.000000/LOC) NET/4 (6/48.000000/PHB) NET/5 (6/48.000000/PHB) NET/6 (6/48.000000/PHB) 
n232-194-226:233794:233802 [1] NCCL INFO NET/4 :GPU/F000 (6/10.000000/SYS) GPU/34000 (6/10.000000/SYS) CPU/0 (4/10.000000/SYS) CPU/1 (3/48.000000/PHB) NET/0 (7/10.000000/SYS) NET/1 (7/10.000000/SYS) NET/2 (7/10.000000/SYS) NET/3 (6/48.000000/PHB) NET/4 (0/5000.000000/LOC) NET/5 (6/48.000000/PHB) NET/6 (6/48.000000/PHB) 
n232-194-226:233794:233802 [1] NCCL INFO NET/5 :GPU/F000 (6/10.000000/SYS) GPU/34000 (6/10.000000/SYS) CPU/0 (4/10.000000/SYS) CPU/1 (3/48.000000/PHB) NET/0 (7/10.000000/SYS) NET/1 (7/10.000000/SYS) NET/2 (7/10.000000/SYS) NET/3 (6/48.000000/PHB) NET/4 (6/48.000000/PHB) NET/5 (0/5000.000000/LOC) NET/6 (6/48.000000/PHB) 
n232-194-226:233794:233802 [1] NCCL INFO NET/6 :GPU/F000 (6/10.000000/SYS) GPU/34000 (6/10.000000/SYS) CPU/0 (4/10.000000/SYS) CPU/1 (3/48.000000/PHB) NET/0 (7/10.000000/SYS) NET/1 (7/10.000000/SYS) NET/2 (7/10.000000/SYS) NET/3 (6/48.000000/PHB) NET/4 (6/48.000000/PHB) NET/5 (6/48.000000/PHB) NET/6 (0/5000.000000/LOC) 
n232-194-226:233794:233802 [1] NCCL INFO Setting affinity for GPU 1 to ffff,ffffffff,00000000,0000ffff,ffffffff
n232-194-226:233793:233803 [0] NCCL INFO GPU Direct RDMA Disabled for GPU f000 / HCA 0 (distance 6 > 4)
n232-194-226:233793:233803 [0] NCCL INFO GPU Direct RDMA Enabled for GPU 34000 / HCA 0 (distance 3 <= 4), read 0
n232-194-226:233793:233803 [0] NCCL INFO GPU Direct RDMA Disabled for GPU f000 / HCA 1 (distance 6 > 4)
n232-194-226:233793:233803 [0] NCCL INFO GPU Direct RDMA Disabled for GPU 34000 / HCA 1 (distance 6 > 4)
n232-194-226:233793:233803 [0] NCCL INFO GPU Direct RDMA Disabled for GPU f000 / HCA 2 (distance 6 > 4)
n232-194-226:233793:233803 [0] NCCL INFO GPU Direct RDMA Disabled for GPU 34000 / HCA 2 (distance 6 > 4)
n232-194-226:233793:233803 [0] NCCL INFO GPU Direct RDMA Disabled for GPU f000 / HCA 3 (distance 7 > 4)
n232-194-226:233793:233803 [0] NCCL INFO GPU Direct RDMA Disabled for GPU 34000 / HCA 3 (distance 7 > 4)
n232-194-226:233793:233803 [0] NCCL INFO GPU Direct RDMA Disabled for GPU f000 / HCA 4 (distance 7 > 4)
n232-194-226:233793:233803 [0] NCCL INFO GPU Direct RDMA Disabled for GPU 34000 / HCA 4 (distance 7 > 4)
n232-194-226:233793:233803 [0] NCCL INFO GPU Direct RDMA Disabled for GPU f000 / HCA 5 (distance 7 > 4)
n232-194-226:233793:233803 [0] NCCL INFO GPU Direct RDMA Disabled for GPU 34000 / HCA 5 (distance 7 > 4)
n232-194-226:233793:233803 [0] NCCL INFO GPU Direct RDMA Disabled for GPU f000 / HCA 6 (distance 7 > 4)
n232-194-226:233793:233803 [0] NCCL INFO GPU Direct RDMA Disabled for GPU 34000 / HCA 6 (distance 7 > 4)
n232-194-226:233793:233803 [0] NCCL INFO === System : maxBw 48.0 totalBw 160.0 ===
n232-194-226:233793:233803 [0] NCCL INFO CPU/0 (1/1/2)
n232-194-226:233793:233803 [0] NCCL INFO + PCI[48.0] - PCI/C000 (1000c0301000100b)
n232-194-226:233793:233803 [0] NCCL INFO               + PCI[48.0] - GPU/F000 (0)
n232-194-226:233793:233803 [0] NCCL INFO                             + NVL[160.0] - NVS/0
n232-194-226:233793:233803 [0] NCCL INFO + PCI[48.0] - PCI/32000 (1000c0301000100b)
n232-194-226:233793:233803 [0] NCCL INFO               + PCI[48.0] - GPU/34000 (1)
n232-194-226:233793:233803 [0] NCCL INFO                             + NVL[160.0] - NVS/0
n232-194-226:233793:233803 [0] NCCL INFO               + PCI[48.0] - NIC/35000
n232-194-226:233793:233803 [0] NCCL INFO                             + NET[50.0] - NET/0 (b662d10003ae6d94/1/50.000000)
n232-194-226:233793:233803 [0] NCCL INFO + PCI[48.0] - PCI/45000 (1000c0301000100b)
n232-194-226:233793:233803 [0] NCCL INFO               + PCI[48.0] - NIC/47000
n232-194-226:233793:233803 [0] NCCL INFO                             + NET[50.0] - NET/1 (d663d10003ae6d94/1/50.000000)
n232-194-226:233793:233803 [0] NCCL INFO + PCI[48.0] - PCI/58000 (1000c0301000100b)
n232-194-226:233793:233803 [0] NCCL INFO               + PCI[48.0] - NIC/5B000
n232-194-226:233793:233803 [0] NCCL INFO                             + NET[50.0] - NET/2 (e661d10003ae6d94/1/50.000000)
n232-194-226:233793:233803 [0] NCCL INFO + SYS[10.0] - CPU/1
n232-194-226:233793:233803 [0] NCCL INFO CPU/1 (1/1/2)
n232-194-226:233793:233803 [0] NCCL INFO + PCI[48.0] - PCI/84000 (1000c0301000100b)
n232-194-226:233793:233803 [0] NCCL INFO               + PCI[48.0] - NIC/86000
n232-194-226:233793:233803 [0] NCCL INFO                             + NET[50.0] - NET/3 (b0cad60003ae6d94/1/50.000000)
n232-194-226:233793:233803 [0] NCCL INFO + PCI[48.0] - PCI/AC000 (1000c0301000100b)
n232-194-226:233793:233803 [0] NCCL INFO               + PCI[48.0] - NIC/AF000
n232-194-226:233793:233803 [0] NCCL INFO                             + NET[50.0] - NET/4 (c0c9d60003ae6d94/1/50.000000)
n232-194-226:233793:233803 [0] NCCL INFO + PCI[48.0] - PCI/C0000 (1000c0301000100b)
n232-194-226:233793:233803 [0] NCCL INFO               + PCI[48.0] - NIC/C3000
n232-194-226:233793:233803 [0] NCCL INFO                             + NET[50.0] - NET/5 (50c9d60003ae6d94/1/50.000000)
n232-194-226:233793:233803 [0] NCCL INFO + PCI[48.0] - PCI/D4000 (1000c0301000100b)
n232-194-226:233793:233803 [0] NCCL INFO               + PCI[48.0] - NIC/D6000
n232-194-226:233793:233803 [0] NCCL INFO                             + NET[50.0] - NET/6 (58cad60003ae6d94/1/50.000000)
n232-194-226:233793:233803 [0] NCCL INFO + SYS[10.0] - CPU/0
n232-194-226:233793:233803 [0] NCCL INFO ==========================================
n232-194-226:233793:233803 [0] NCCL INFO GPU/F000 :GPU/F000 (0/5000.000000/LOC) GPU/34000 (2/160.000000/NVL) NVS/0 (1/160.000000/NVL) CPU/0 (2/48.000000/PHB) CPU/1 (3/10.000000/SYS) NET/0 (5/48.000000/PHB) NET/1 (5/48.000000/PHB) NET/2 (5/48.000000/PHB) NET/3 (6/10.000000/SYS) NET/4 (6/10.000000/SYS) NET/5 (6/10.000000/SYS) NET/6 (6/10.000000/SYS) 
n232-194-226:233793:233803 [0] NCCL INFO GPU/34000 :GPU/F000 (2/160.000000/NVL) GPU/34000 (0/5000.000000/LOC) NVS/0 (1/160.000000/NVL) CPU/0 (2/48.000000/PHB) CPU/1 (3/10.000000/SYS) NET/0 (3/48.000000/PIX) NET/1 (5/48.000000/PHB) NET/2 (5/48.000000/PHB) NET/3 (6/10.000000/SYS) NET/4 (6/10.000000/SYS) NET/5 (6/10.000000/SYS) NET/6 (6/10.000000/SYS) 
n232-194-226:233793:233803 [0] NCCL INFO NET/0 :GPU/F000 (5/48.000000/PHB) GPU/34000 (3/48.000000/PIX) CPU/0 (3/48.000000/PHB) CPU/1 (4/10.000000/SYS) NET/0 (0/5000.000000/LOC) NET/1 (6/48.000000/PHB) NET/2 (6/48.000000/PHB) NET/3 (7/10.000000/SYS) NET/4 (7/10.000000/SYS) NET/5 (7/10.000000/SYS) NET/6 (7/10.000000/SYS) 
n232-194-226:233793:233803 [0] NCCL INFO NET/1 :GPU/F000 (5/48.000000/PHB) GPU/34000 (5/48.000000/PHB) CPU/0 (3/48.000000/PHB) CPU/1 (4/10.000000/SYS) NET/0 (6/48.000000/PHB) NET/1 (0/5000.000000/LOC) NET/2 (6/48.000000/PHB) NET/3 (7/10.000000/SYS) NET/4 (7/10.000000/SYS) NET/5 (7/10.000000/SYS) NET/6 (7/10.000000/SYS) 
n232-194-226:233793:233803 [0] NCCL INFO NET/2 :GPU/F000 (5/48.000000/PHB) GPU/34000 (5/48.000000/PHB) CPU/0 (3/48.000000/PHB) CPU/1 (4/10.000000/SYS) NET/0 (6/48.000000/PHB) NET/1 (6/48.000000/PHB) NET/2 (0/5000.000000/LOC) NET/3 (7/10.000000/SYS) NET/4 (7/10.000000/SYS) NET/5 (7/10.000000/SYS) NET/6 (7/10.000000/SYS) 
n232-194-226:233793:233803 [0] NCCL INFO NET/3 :GPU/F000 (6/10.000000/SYS) GPU/34000 (6/10.000000/SYS) CPU/0 (4/10.000000/SYS) CPU/1 (3/48.000000/PHB) NET/0 (7/10.000000/SYS) NET/1 (7/10.000000/SYS) NET/2 (7/10.000000/SYS) NET/3 (0/5000.000000/LOC) NET/4 (6/48.000000/PHB) NET/5 (6/48.000000/PHB) NET/6 (6/48.000000/PHB) 
n232-194-226:233793:233803 [0] NCCL INFO NET/4 :GPU/F000 (6/10.000000/SYS) GPU/34000 (6/10.000000/SYS) CPU/0 (4/10.000000/SYS) CPU/1 (3/48.000000/PHB) NET/0 (7/10.000000/SYS) NET/1 (7/10.000000/SYS) NET/2 (7/10.000000/SYS) NET/3 (6/48.000000/PHB) NET/4 (0/5000.000000/LOC) NET/5 (6/48.000000/PHB) NET/6 (6/48.000000/PHB) 
n232-194-226:233793:233803 [0] NCCL INFO NET/5 :GPU/F000 (6/10.000000/SYS) GPU/34000 (6/10.000000/SYS) CPU/0 (4/10.000000/SYS) CPU/1 (3/48.000000/PHB) NET/0 (7/10.000000/SYS) NET/1 (7/10.000000/SYS) NET/2 (7/10.000000/SYS) NET/3 (6/48.000000/PHB) NET/4 (6/48.000000/PHB) NET/5 (0/5000.000000/LOC) NET/6 (6/48.000000/PHB) 
n232-194-226:233793:233803 [0] NCCL INFO NET/6 :GPU/F000 (6/10.000000/SYS) GPU/34000 (6/10.000000/SYS) CPU/0 (4/10.000000/SYS) CPU/1 (3/48.000000/PHB) NET/0 (7/10.000000/SYS) NET/1 (7/10.000000/SYS) NET/2 (7/10.000000/SYS) NET/3 (6/48.000000/PHB) NET/4 (6/48.000000/PHB) NET/5 (6/48.000000/PHB) NET/6 (0/5000.000000/LOC) 
n232-194-226:233793:233803 [0] NCCL INFO Setting affinity for GPU 0 to ffff,ffffffff,00000000,0000ffff,ffffffff
n232-194-226:233794:233802 [1] NCCL INFO Pattern 4, crossNic 0, nChannels 4, bw 20.000000/20.000000, type NVL/PHB, sameChannels 0
n232-194-226:233794:233802 [1] NCCL INFO  0 : NET/0 GPU/0 GPU/1 NET/0
n232-194-226:233794:233802 [1] NCCL INFO  1 : NET/1 GPU/1 GPU/0 NET/1
n232-194-226:233794:233802 [1] NCCL INFO  2 : NET/0 GPU/0 GPU/1 NET/0
n232-194-226:233794:233802 [1] NCCL INFO  3 : NET/1 GPU/1 GPU/0 NET/1
n232-194-226:233793:233803 [0] NCCL INFO Pattern 4, crossNic 0, nChannels 4, bw 20.000000/20.000000, type NVL/PHB, sameChannels 0
n232-194-226:233793:233803 [0] NCCL INFO  0 : NET/0 GPU/0 GPU/1 NET/0
n232-194-226:233793:233803 [0] NCCL INFO  1 : NET/1 GPU/1 GPU/0 NET/1
n232-194-226:233793:233803 [0] NCCL INFO  2 : NET/0 GPU/0 GPU/1 NET/0
n232-194-226:233793:233803 [0] NCCL INFO  3 : NET/1 GPU/1 GPU/0 NET/1
n232-194-226:233794:233802 [1] NCCL INFO Pattern 1, crossNic 0, nChannels 4, bw 40.000000/20.000000, type NVL/PHB, sameChannels 0
n232-194-226:233794:233802 [1] NCCL INFO  0 : NET/1 GPU/0 GPU/1 NET/1
n232-194-226:233794:233802 [1] NCCL INFO  1 : NET/0 GPU/1 GPU/0 NET/0
n232-194-226:233794:233802 [1] NCCL INFO  2 : NET/0 GPU/1 GPU/0 NET/0
n232-194-226:233794:233802 [1] NCCL INFO  3 : NET/1 GPU/0 GPU/1 NET/1
n232-194-226:233793:233803 [0] NCCL INFO Pattern 1, crossNic 0, nChannels 4, bw 40.000000/20.000000, type NVL/PHB, sameChannels 0
n232-194-226:233793:233803 [0] NCCL INFO  0 : NET/1 GPU/0 GPU/1 NET/1
n232-194-226:233793:233803 [0] NCCL INFO  1 : NET/0 GPU/1 GPU/0 NET/0
n232-194-226:233793:233803 [0] NCCL INFO  2 : NET/0 GPU/1 GPU/0 NET/0
n232-194-226:233793:233803 [0] NCCL INFO  3 : NET/1 GPU/0 GPU/1 NET/1
n232-194-226:233794:233802 [1] NCCL INFO Tree 0 : 0 -> 1 -> -1/-1/-1
n232-194-226:233793:233803 [0] NCCL INFO Tree 0 : -1 -> 0 -> 1/2/-1
n232-194-226:233793:233803 [0] NCCL INFO Tree 4 : 2 -> 0 -> 1/-1/-1
n232-194-226:233794:233802 [1] NCCL INFO Tree 4 : 0 -> 1 -> -1/-1/-1
n232-194-226:233793:233803 [0] NCCL INFO Tree 1 : 1 -> 0 -> -1/-1/-1
n232-194-226:233794:233802 [1] NCCL INFO Tree 1 : -1 -> 1 -> 0/3/-1
n232-194-226:233793:233803 [0] NCCL INFO Tree 5 : 1 -> 0 -> -1/-1/-1
n232-194-226:233794:233802 [1] NCCL INFO Tree 5 : 3 -> 1 -> 0/-1/-1
n232-194-226:233793:233803 [0] NCCL INFO Tree 2 : 1 -> 0 -> -1/-1/-1
n232-194-226:233794:233802 [1] NCCL INFO Tree 2 : -1 -> 1 -> 0/3/-1
n232-194-226:233793:233803 [0] NCCL INFO Tree 6 : 1 -> 0 -> -1/-1/-1
n232-194-226:233794:233802 [1] NCCL INFO Tree 6 : 3 -> 1 -> 0/-1/-1
n232-194-226:233793:233803 [0] NCCL INFO Tree 3 : -1 -> 0 -> 1/2/-1
n232-194-226:233794:233802 [1] NCCL INFO Tree 3 : 0 -> 1 -> -1/-1/-1
n232-194-226:233793:233803 [0] NCCL INFO Tree 7 : 2 -> 0 -> 1/-1/-1
n232-194-226:233794:233802 [1] NCCL INFO Tree 7 : 0 -> 1 -> -1/-1/-1
n232-194-226:233793:233803 [0] NCCL INFO Channel 00/08 :    0   1   2   3
n232-194-226:233794:233802 [1] NCCL INFO Ring 00 : 0 -> 1 -> 2
n232-194-226:233793:233803 [0] NCCL INFO Channel 01/08 :    0   3   2   1
n232-194-226:233794:233802 [1] NCCL INFO Ring 01 : 2 -> 1 -> 0
n232-194-226:233793:233803 [0] NCCL INFO Channel 02/08 :    0   1   2   3
n232-194-226:233794:233802 [1] NCCL INFO Ring 02 : 0 -> 1 -> 2
n232-194-226:233793:233803 [0] NCCL INFO Channel 03/08 :    0   3   2   1
n232-194-226:233794:233802 [1] NCCL INFO Ring 03 : 2 -> 1 -> 0
n232-194-226:233793:233803 [0] NCCL INFO Channel 04/08 :    0   1   2   3
n232-194-226:233794:233802 [1] NCCL INFO Ring 04 : 0 -> 1 -> 2
n232-194-226:233793:233803 [0] NCCL INFO Channel 05/08 :    0   3   2   1
n232-194-226:233794:233802 [1] NCCL INFO Ring 05 : 2 -> 1 -> 0
n232-194-226:233793:233803 [0] NCCL INFO Channel 06/08 :    0   1   2   3
n232-194-226:233794:233802 [1] NCCL INFO Ring 06 : 0 -> 1 -> 2
n232-194-226:233793:233803 [0] NCCL INFO Channel 07/08 :    0   3   2   1
n232-194-226:233794:233802 [1] NCCL INFO Ring 07 : 2 -> 1 -> 0
n232-194-226:233794:233802 [1] NCCL INFO Trees [0] -1/-1/-1->1->0 [1] 0/3/-1->1->-1 [2] 0/3/-1->1->-1 [3] -1/-1/-1->1->0 [4] -1/-1/-1->1->0 [5] 0/-1/-1->1->3 [6] 0/-1/-1->1->3 [7] -1/-1/-1->1->0
n232-194-226:233793:233803 [0] NCCL INFO Ring 00 : 3 -> 0 -> 1
n232-194-226:233794:233802 [1] NCCL INFO P2P Chunksize set to 131072
n232-194-226:233793:233803 [0] NCCL INFO Ring 01 : 1 -> 0 -> 3
n232-194-226:233793:233803 [0] NCCL INFO Ring 02 : 3 -> 0 -> 1
n232-194-226:233793:233803 [0] NCCL INFO Ring 03 : 1 -> 0 -> 3
n232-194-226:233793:233803 [0] NCCL INFO Ring 04 : 3 -> 0 -> 1
n232-194-226:233793:233803 [0] NCCL INFO Ring 05 : 1 -> 0 -> 3
n232-194-226:233793:233803 [0] NCCL INFO Ring 06 : 3 -> 0 -> 1
n232-194-226:233793:233803 [0] NCCL INFO Ring 07 : 1 -> 0 -> 3
n232-194-226:233793:233803 [0] NCCL INFO Trees [0] 1/2/-1->0->-1 [1] -1/-1/-1->0->1 [2] -1/-1/-1->0->1 [3] 1/2/-1->0->-1 [4] 1/-1/-1->0->2 [5] -1/-1/-1->0->1 [6] -1/-1/-1->0->1 [7] 1/-1/-1->0->2
n232-194-226:233793:233803 [0] NCCL INFO P2P Chunksize set to 131072
n232-194-226:233794:233802 [1] NCCL INFO misc/utils.cc:235 memory stack hunk malloc(65536)
n232-194-226:233793:233803 [0] NCCL INFO misc/utils.cc:235 memory stack hunk malloc(65536)
n232-194-226:233793:233803 [0] NCCL INFO channel.cc:40 Cuda Alloc Size 1536 pointer 0x7f1950200000
n232-194-226:233794:233802 [1] NCCL INFO channel.cc:40 Cuda Alloc Size 1536 pointer 0x7f79be200000
n232-194-226:233793:233803 [0] NCCL INFO channel.cc:43 Cuda Alloc Size 56 pointer 0x7f1950200600
n232-194-226:233794:233802 [1] NCCL INFO channel.cc:43 Cuda Alloc Size 56 pointer 0x7f79be200600
n232-194-226:233793:233803 [0] NCCL INFO channel.cc:54 Cuda Alloc Size 16 pointer 0x7f1950200800
n232-194-226:233793:233803 [0] NCCL INFO channel.cc:40 Cuda Alloc Size 1536 pointer 0x7f1950200a00
n232-194-226:233793:233803 [0] NCCL INFO channel.cc:43 Cuda Alloc Size 56 pointer 0x7f1950201000
n232-194-226:233794:233802 [1] NCCL INFO channel.cc:54 Cuda Alloc Size 16 pointer 0x7f79be200800
n232-194-226:233793:233803 [0] NCCL INFO channel.cc:54 Cuda Alloc Size 16 pointer 0x7f1950201200
n232-194-226:233793:233803 [0] NCCL INFO channel.cc:40 Cuda Alloc Size 1536 pointer 0x7f1950201400
n232-194-226:233793:233803 [0] NCCL INFO channel.cc:43 Cuda Alloc Size 56 pointer 0x7f1950201a00
n232-194-226:233793:233803 [0] NCCL INFO channel.cc:54 Cuda Alloc Size 16 pointer 0x7f1950201c00
n232-194-226:233793:233803 [0] NCCL INFO channel.cc:40 Cuda Alloc Size 1536 pointer 0x7f1950201e00
n232-194-226:233793:233803 [0] NCCL INFO channel.cc:43 Cuda Alloc Size 56 pointer 0x7f1950202400
n232-194-226:233793:233803 [0] NCCL INFO channel.cc:54 Cuda Alloc Size 16 pointer 0x7f1950202600
n232-194-226:233793:233803 [0] NCCL INFO channel.cc:40 Cuda Alloc Size 1536 pointer 0x7f1950202800
n232-194-226:233793:233803 [0] NCCL INFO channel.cc:43 Cuda Alloc Size 56 pointer 0x7f1950202e00
n232-194-226:233794:233802 [1] NCCL INFO channel.cc:40 Cuda Alloc Size 1536 pointer 0x7f79be200a00
n232-194-226:233794:233802 [1] NCCL INFO channel.cc:43 Cuda Alloc Size 56 pointer 0x7f79be201000
n232-194-226:233793:233803 [0] NCCL INFO channel.cc:54 Cuda Alloc Size 16 pointer 0x7f1950203000
n232-194-226:233794:233802 [1] NCCL INFO channel.cc:54 Cuda Alloc Size 16 pointer 0x7f79be201200
n232-194-226:233793:233803 [0] NCCL INFO channel.cc:40 Cuda Alloc Size 1536 pointer 0x7f1950203200
n232-194-226:233793:233803 [0] NCCL INFO channel.cc:43 Cuda Alloc Size 56 pointer 0x7f1950203800
n232-194-226:233794:233802 [1] NCCL INFO channel.cc:40 Cuda Alloc Size 1536 pointer 0x7f79be201400
n232-194-226:233794:233802 [1] NCCL INFO channel.cc:43 Cuda Alloc Size 56 pointer 0x7f79be201a00
n232-194-226:233793:233803 [0] NCCL INFO channel.cc:54 Cuda Alloc Size 16 pointer 0x7f1950203a00
n232-194-226:233794:233802 [1] NCCL INFO channel.cc:54 Cuda Alloc Size 16 pointer 0x7f79be201c00
n232-194-226:233793:233803 [0] NCCL INFO channel.cc:40 Cuda Alloc Size 1536 pointer 0x7f1950203c00
n232-194-226:233793:233803 [0] NCCL INFO channel.cc:43 Cuda Alloc Size 56 pointer 0x7f1950204200
n232-194-226:233794:233802 [1] NCCL INFO channel.cc:40 Cuda Alloc Size 1536 pointer 0x7f79be201e00
n232-194-226:233794:233802 [1] NCCL INFO channel.cc:43 Cuda Alloc Size 56 pointer 0x7f79be202400
n232-194-226:233793:233803 [0] NCCL INFO channel.cc:54 Cuda Alloc Size 16 pointer 0x7f1950204400
n232-194-226:233793:233803 [0] NCCL INFO channel.cc:40 Cuda Alloc Size 1536 pointer 0x7f1950204600
n232-194-226:233794:233802 [1] NCCL INFO channel.cc:54 Cuda Alloc Size 16 pointer 0x7f79be202600
n232-194-226:233793:233803 [0] NCCL INFO channel.cc:43 Cuda Alloc Size 56 pointer 0x7f1950204c00
n232-194-226:233794:233802 [1] NCCL INFO channel.cc:40 Cuda Alloc Size 1536 pointer 0x7f79be202800
n232-194-226:233794:233802 [1] NCCL INFO channel.cc:43 Cuda Alloc Size 56 pointer 0x7f79be202e00
n232-194-226:233793:233803 [0] NCCL INFO channel.cc:54 Cuda Alloc Size 16 pointer 0x7f1950204e00
n232-194-226:233794:233802 [1] NCCL INFO channel.cc:54 Cuda Alloc Size 16 pointer 0x7f79be203000
n232-194-226:233793:233803 [0] NCCL INFO GPU Direct RDMA Disabled for GPU f000 / HCA 0 (distance 6 > 4)
n232-194-226:233794:233802 [1] NCCL INFO channel.cc:40 Cuda Alloc Size 1536 pointer 0x7f79be203200
n232-194-226:233794:233802 [1] NCCL INFO channel.cc:43 Cuda Alloc Size 56 pointer 0x7f79be203800
n232-194-226:233794:233802 [1] NCCL INFO channel.cc:54 Cuda Alloc Size 16 pointer 0x7f79be203a00
n232-194-226:233794:233802 [1] NCCL INFO channel.cc:40 Cuda Alloc Size 1536 pointer 0x7f79be203c00
n232-194-226:233794:233802 [1] NCCL INFO channel.cc:43 Cuda Alloc Size 56 pointer 0x7f79be204200
n232-194-226:233794:233802 [1] NCCL INFO channel.cc:54 Cuda Alloc Size 16 pointer 0x7f79be204400
n232-194-226:233794:233802 [1] NCCL INFO channel.cc:40 Cuda Alloc Size 1536 pointer 0x7f79be204600
n232-194-226:233794:233802 [1] NCCL INFO channel.cc:43 Cuda Alloc Size 56 pointer 0x7f79be204c00
n232-194-226:233794:233802 [1] NCCL INFO channel.cc:54 Cuda Alloc Size 16 pointer 0x7f79be204e00
n232-194-226:233793:233819 [0] NCCL INFO Mem Realloc old size 0, new size 8 pointer 0x7f1970000bf0
n232-194-226:233793:233819 [0] NCCL INFO Allocated 4194660 bytes of shared memory in /dev/shm/nccl-VRgJyd
n232-194-226:233794:233818 [1] NCCL INFO Mem Realloc old size 0, new size 8 pointer 0x7f79b8002f10
n232-194-226:233794:233818 [1] NCCL INFO New proxy recv connection 0 from local rank 1, transport 0
n232-194-226:233794:233818 [1] NCCL INFO proxyProgressAsync opId=0x7f79c2bb93c0 op.type=1 op.reqBuff=0x7f79b8002ed0 op.respSize=16 done
n232-194-226:233794:233802 [1] NCCL INFO ncclPollProxyResponse Received new opId=0x7f79c2bb93c0
n232-194-226:233794:233818 [1] NCCL INFO Received and initiated operation=Init res=0
n232-194-226:233794:233802 [1] NCCL INFO recvOpId=0x7f79c2bb93c0 matches expected opId=0x7f79c2bb93c0
n232-194-226:233794:233802 [1] NCCL INFO Connection to proxy localRank 1 -> connection 0x7f79b8003150
n232-194-226:233794:233818 [1] NCCL INFO transport/p2p.cc:204 Cuda Alloc Size 10485760 pointer 0x7f79be400000
n232-194-226:233794:233818 [1] NCCL INFO Allocated shareable buffer 0x7f79be400000 size 10485760 ipcDesc 0x7f79b80059d0
n232-194-226:233794:233818 [1] NCCL INFO proxyProgressAsync opId=0x7f79c2bb93c0 op.type=3 op.reqBuff=0x7f79b80059a0 op.respSize=80 done
n232-194-226:233794:233802 [1] NCCL INFO ncclPollProxyResponse Received new opId=0x7f79c2bb93c0
n232-194-226:233794:233818 [1] NCCL INFO Received and initiated operation=Setup res=0
n232-194-226:233794:233802 [1] NCCL INFO recvOpId=0x7f79c2bb93c0 matches expected opId=0x7f79c2bb93c0
n232-194-226:233794:233818 [1] NCCL INFO New proxy recv connection 1 from local rank 1, transport 0
n232-194-226:233794:233818 [1] NCCL INFO proxyProgressAsync opId=0x7f79c2bb93c0 op.type=1 op.reqBuff=0x7f79b8006880 op.respSize=16 done
n232-194-226:233794:233802 [1] NCCL INFO ncclPollProxyResponse Received new opId=0x7f79c2bb93c0
n232-194-226:233794:233818 [1] NCCL INFO Received and initiated operation=Init res=0
n232-194-226:233794:233802 [1] NCCL INFO recvOpId=0x7f79c2bb93c0 matches expected opId=0x7f79c2bb93c0
n232-194-226:233794:233802 [1] NCCL INFO Connection to proxy localRank 1 -> connection 0x7f79b80031a0
n232-194-226:233794:233818 [1] NCCL INFO transport/p2p.cc:204 Cuda Alloc Size 10485760 pointer 0x7f79bee00000
n232-194-226:233794:233818 [1] NCCL INFO Allocated shareable buffer 0x7f79bee00000 size 10485760 ipcDesc 0x7f79b8006930
n232-194-226:233794:233818 [1] NCCL INFO proxyProgressAsync opId=0x7f79c2bb93c0 op.type=3 op.reqBuff=0x7f79b8006900 op.respSize=80 done
n232-194-226:233794:233802 [1] NCCL INFO ncclPollProxyResponse Received new opId=0x7f79c2bb93c0
n232-194-226:233794:233818 [1] NCCL INFO Received and initiated operation=Setup res=0
n232-194-226:233794:233802 [1] NCCL INFO recvOpId=0x7f79c2bb93c0 matches expected opId=0x7f79c2bb93c0
n232-194-226:233794:233818 [1] NCCL INFO New proxy recv connection 2 from local rank 1, transport 0
n232-194-226:233794:233818 [1] NCCL INFO proxyProgressAsync opId=0x7f79c2bb93c0 op.type=1 op.reqBuff=0x7f79b8007650 op.respSize=16 done
n232-194-226:233794:233802 [1] NCCL INFO ncclPollProxyResponse Received new opId=0x7f79c2bb93c0
n232-194-226:233794:233818 [1] NCCL INFO Received and initiated operation=Init res=0
n232-194-226:233794:233802 [1] NCCL INFO recvOpId=0x7f79c2bb93c0 matches expected opId=0x7f79c2bb93c0
n232-194-226:233794:233802 [1] NCCL INFO Connection to proxy localRank 1 -> connection 0x7f79b80031f0
n232-194-226:233794:233818 [1] NCCL INFO transport/p2p.cc:204 Cuda Alloc Size 10485760 pointer 0x7f79b6000000
n232-194-226:233794:233818 [1] NCCL INFO Allocated shareable buffer 0x7f79b6000000 size 10485760 ipcDesc 0x7f79b80076e0
n232-194-226:233794:233818 [1] NCCL INFO proxyProgressAsync opId=0x7f79c2bb93c0 op.type=3 op.reqBuff=0x7f79b8007670 op.respSize=80 done
n232-194-226:233794:233802 [1] NCCL INFO ncclPollProxyResponse Received new opId=0x7f79c2bb93c0
n232-194-226:233794:233802 [1] NCCL INFO recvOpId=0x7f79c2bb93c0 matches expected opId=0x7f79c2bb93c0
n232-194-226:233794:233818 [1] NCCL INFO Received and initiated operation=Setup res=0
n232-194-226:233794:233818 [1] NCCL INFO New proxy recv connection 3 from local rank 1, transport 0
n232-194-226:233794:233818 [1] NCCL INFO proxyProgressAsync opId=0x7f79c2bb93c0 op.type=1 op.reqBuff=0x7f79b8007670 op.respSize=16 done
n232-194-226:233794:233802 [1] NCCL INFO ncclPollProxyResponse Received new opId=0x7f79c2bb93c0
n232-194-226:233794:233802 [1] NCCL INFO recvOpId=0x7f79c2bb93c0 matches expected opId=0x7f79c2bb93c0
n232-194-226:233794:233818 [1] NCCL INFO Received and initiated operation=Init res=0
n232-194-226:233794:233802 [1] NCCL INFO Connection to proxy localRank 1 -> connection 0x7f79b8003240
n232-194-226:233794:233818 [1] NCCL INFO transport/p2p.cc:204 Cuda Alloc Size 10485760 pointer 0x7f79b6a00000
n232-194-226:233794:233818 [1] NCCL INFO Allocated shareable buffer 0x7f79b6a00000 size 10485760 ipcDesc 0x7f79b80088c0
n232-194-226:233794:233818 [1] NCCL INFO proxyProgressAsync opId=0x7f79c2bb93c0 op.type=3 op.reqBuff=0x7f79b8008850 op.respSize=80 done
n232-194-226:233794:233802 [1] NCCL INFO ncclPollProxyResponse Received new opId=0x7f79c2bb93c0
n232-194-226:233794:233802 [1] NCCL INFO recvOpId=0x7f79c2bb93c0 matches expected opId=0x7f79c2bb93c0
n232-194-226:233794:233818 [1] NCCL INFO Received and initiated operation=Setup res=0
n232-194-226:233794:233802 [1] NCCL INFO GPU Direct RDMA Enabled for GPU 34000 / HCA 0 (distance 3 <= 4), read 1
n232-194-226:233794:233818 [1] NCCL INFO Allocated 4194660 bytes of shared memory in /dev/shm/nccl-sqFcbP
n232-194-226:233793:233819 [0] NCCL INFO New proxy recv connection 0 from local rank 0, transport 2
n232-194-226:233793:233819 [0] NCCL INFO proxyProgressAsync opId=0x7f1956bbb210 op.type=1 op.reqBuff=0x7f1970000bb0 op.respSize=16 done
n232-194-226:233793:233803 [0] NCCL INFO ncclPollProxyResponse Received new opId=0x7f1956bbb210
n232-194-226:233793:233819 [0] NCCL INFO Received and initiated operation=Init res=0
n232-194-226:233793:233803 [0] NCCL INFO recvOpId=0x7f1956bbb210 matches expected opId=0x7f1956bbb210
n232-194-226:233793:233803 [0] NCCL INFO Connection to proxy localRank 0 -> connection 0x7f19700031e0
n232-194-226:233793:233819 [0] NCCL INFO proxyProgressAsync opId=0x7f1956bbb210 op.type=3 op.reqBuff=0x7f1970000c70 op.respSize=128 done
n232-194-226:233793:233803 [0] NCCL INFO ncclPollProxyResponse Received new opId=0x7f1956bbb210
n232-194-226:233793:233803 [0] NCCL INFO recvOpId=0x7f1956bbb210 matches expected opId=0x7f1956bbb210
n232-194-226:233793:233819 [0] NCCL INFO Received and initiated operation=Setup res=0
n232-194-226:233793:233803 [0] NCCL INFO Channel 00/0 : 3[1] -> 0[0] [receive] via NET/IB/0
n232-194-226:233793:233803 [0] NCCL INFO GPU Direct RDMA Disabled for GPU f000 / HCA 0 (distance 6 > 4)
n232-194-226:233793:233819 [0] NCCL INFO New proxy recv connection 1 from local rank 0, transport 2
n232-194-226:233793:233819 [0] NCCL INFO proxyProgressAsync opId=0x7f1956bbb210 op.type=1 op.reqBuff=0x7f197000b0f0 op.respSize=16 done
n232-194-226:233793:233803 [0] NCCL INFO ncclPollProxyResponse Received new opId=0x7f1956bbb210
n232-194-226:233793:233803 [0] NCCL INFO recvOpId=0x7f1956bbb210 matches expected opId=0x7f1956bbb210
n232-194-226:233793:233803 [0] NCCL INFO Connection to proxy localRank 0 -> connection 0x7f1970003230
n232-194-226:233793:233819 [0] NCCL INFO Received and initiated operation=Init res=0
n232-194-226:233793:233819 [0] NCCL INFO proxyProgressAsync opId=0x7f1956bbb210 op.type=3 op.reqBuff=0x7f197000b170 op.respSize=128 done
n232-194-226:233793:233803 [0] NCCL INFO ncclPollProxyResponse Received new opId=0x7f1956bbb210
n232-194-226:233793:233803 [0] NCCL INFO recvOpId=0x7f1956bbb210 matches expected opId=0x7f1956bbb210
n232-194-226:233793:233819 [0] NCCL INFO Received and initiated operation=Setup res=0
n232-194-226:233793:233803 [0] NCCL INFO Channel 02/0 : 3[1] -> 0[0] [receive] via NET/IB/0
n232-194-226:233793:233803 [0] NCCL INFO GPU Direct RDMA Disabled for GPU f000 / HCA 0 (distance 6 > 4)
n232-194-226:233793:233819 [0] NCCL INFO New proxy recv connection 2 from local rank 0, transport 2
n232-194-226:233793:233819 [0] NCCL INFO proxyProgressAsync opId=0x7f1956bbb210 op.type=1 op.reqBuff=0x7f19700105f0 op.respSize=16 done
n232-194-226:233793:233803 [0] NCCL INFO ncclPollProxyResponse Received new opId=0x7f1956bbb210
n232-194-226:233793:233803 [0] NCCL INFO recvOpId=0x7f1956bbb210 matches expected opId=0x7f1956bbb210
n232-194-226:233793:233819 [0] NCCL INFO Received and initiated operation=Init res=0
n232-194-226:233793:233803 [0] NCCL INFO Connection to proxy localRank 0 -> connection 0x7f1970003280
n232-194-226:233793:233819 [0] NCCL INFO proxyProgressAsync opId=0x7f1956bbb210 op.type=3 op.reqBuff=0x7f1970010670 op.respSize=128 done
n232-194-226:233793:233803 [0] NCCL INFO ncclPollProxyResponse Received new opId=0x7f1956bbb210
n232-194-226:233793:233819 [0] NCCL INFO Received and initiated operation=Setup res=0
n232-194-226:233793:233803 [0] NCCL INFO recvOpId=0x7f1956bbb210 matches expected opId=0x7f1956bbb210
n232-194-226:233793:233803 [0] NCCL INFO Channel 04/0 : 3[1] -> 0[0] [receive] via NET/IB/0
n232-194-226:233793:233803 [0] NCCL INFO GPU Direct RDMA Disabled for GPU f000 / HCA 0 (distance 6 > 4)
n232-194-226:233793:233819 [0] NCCL INFO New proxy recv connection 3 from local rank 0, transport 2
n232-194-226:233793:233819 [0] NCCL INFO proxyProgressAsync opId=0x7f1956bbb210 op.type=1 op.reqBuff=0x7f1970015af0 op.respSize=16 done
n232-194-226:233793:233803 [0] NCCL INFO ncclPollProxyResponse Received new opId=0x7f1956bbb210
n232-194-226:233793:233803 [0] NCCL INFO recvOpId=0x7f1956bbb210 matches expected opId=0x7f1956bbb210
n232-194-226:233793:233803 [0] NCCL INFO Connection to proxy localRank 0 -> connection 0x7f19700032d0
n232-194-226:233793:233819 [0] NCCL INFO Received and initiated operation=Init res=0
n232-194-226:233793:233819 [0] NCCL INFO proxyProgressAsync opId=0x7f1956bbb210 op.type=3 op.reqBuff=0x7f1970015b70 op.respSize=128 done
n232-194-226:233793:233803 [0] NCCL INFO ncclPollProxyResponse Received new opId=0x7f1956bbb210
n232-194-226:233793:233803 [0] NCCL INFO recvOpId=0x7f1956bbb210 matches expected opId=0x7f1956bbb210
n232-194-226:233793:233803 [0] NCCL INFO Channel 06/0 : 3[1] -> 0[0] [receive] via NET/IB/0
n232-194-226:233793:233819 [0] NCCL INFO Received and initiated operation=Setup res=0
n232-194-226:233793:233803 [0] NCCL INFO Channel 00/0 : 0[0] -> 1[1] via P2P/IPC
n232-194-226:233793:233819 [0] NCCL INFO New proxy send connection 4 from local rank 0, transport 0
n232-194-226:233793:233819 [0] NCCL INFO proxyProgressAsync opId=0x7f1956bbb210 op.type=1 op.reqBuff=0x7f1970015b10 op.respSize=16 done
n232-194-226:233793:233803 [0] NCCL INFO ncclPollProxyResponse Received new opId=0x7f1956bbb210
n232-194-226:233793:233803 [0] NCCL INFO recvOpId=0x7f1956bbb210 matches expected opId=0x7f1956bbb210
n232-194-226:233793:233803 [0] NCCL INFO Connection to proxy localRank 0 -> connection 0x7f1970003320
n232-194-226:233793:233819 [0] NCCL INFO Received and initiated operation=Init res=0
n232-194-226:233793:233819 [0] NCCL INFO transport/p2p.cc:204 Cuda Alloc Size 2097152 pointer 0x7f1950400000
n232-194-226:233793:233819 [0] NCCL INFO Allocated shareable buffer 0x7f1950400000 size 2097152 ipcDesc 0x7f197001afe0
n232-194-226:233793:233819 [0] NCCL INFO proxyProgressAsync opId=0x7f1956bbb210 op.type=3 op.reqBuff=0x7f197001afb0 op.respSize=80 done
n232-194-226:233793:233803 [0] NCCL INFO ncclPollProxyResponse Received new opId=0x7f1956bbb210
n232-194-226:233793:233803 [0] NCCL INFO recvOpId=0x7f1956bbb210 matches expected opId=0x7f1956bbb210
n232-194-226:233793:233819 [0] NCCL INFO Received and initiated operation=Setup res=0
n232-194-226:233793:233803 [0] NCCL INFO Channel 02/0 : 0[0] -> 1[1] via P2P/IPC
n232-194-226:233793:233819 [0] NCCL INFO New proxy send connection 5 from local rank 0, transport 0
n232-194-226:233793:233819 [0] NCCL INFO proxyProgressAsync opId=0x7f1956bbb210 op.type=1 op.reqBuff=0x7f197001afb0 op.respSize=16 done
n232-194-226:233793:233803 [0] NCCL INFO ncclPollProxyResponse Received new opId=0x7f1956bbb210
n232-194-226:233793:233803 [0] NCCL INFO recvOpId=0x7f1956bbb210 matches expected opId=0x7f1956bbb210
n232-194-226:233793:233803 [0] NCCL INFO Connection to proxy localRank 0 -> connection 0x7f1970003370
n232-194-226:233793:233819 [0] NCCL INFO Received and initiated operation=Init res=0
n232-194-226:233793:233819 [0] NCCL INFO transport/p2p.cc:204 Cuda Alloc Size 2097152 pointer 0x7f1950600000
n232-194-226:233793:233819 [0] NCCL INFO Allocated shareable buffer 0x7f1950600000 size 2097152 ipcDesc 0x7f197001bea0
n232-194-226:233793:233819 [0] NCCL INFO proxyProgressAsync opId=0x7f1956bbb210 op.type=3 op.reqBuff=0x7f197001be70 op.respSize=80 done
n232-194-226:233793:233803 [0] NCCL INFO ncclPollProxyResponse Received new opId=0x7f1956bbb210
n232-194-226:233793:233803 [0] NCCL INFO recvOpId=0x7f1956bbb210 matches expected opId=0x7f1956bbb210
n232-194-226:233793:233819 [0] NCCL INFO Received and initiated operation=Setup res=0
n232-194-226:233793:233803 [0] NCCL INFO Channel 04/0 : 0[0] -> 1[1] via P2P/IPC
n232-194-226:233793:233819 [0] NCCL INFO New proxy send connection 6 from local rank 0, transport 0
n232-194-226:233793:233819 [0] NCCL INFO proxyProgressAsync opId=0x7f1956bbb210 op.type=1 op.reqBuff=0x7f197001be70 op.respSize=16 done
n232-194-226:233793:233803 [0] NCCL INFO ncclPollProxyResponse Received new opId=0x7f1956bbb210
n232-194-226:233793:233819 [0] NCCL INFO Received and initiated operation=Init res=0
n232-194-226:233793:233803 [0] NCCL INFO recvOpId=0x7f1956bbb210 matches expected opId=0x7f1956bbb210
n232-194-226:233793:233803 [0] NCCL INFO Connection to proxy localRank 0 -> connection 0x7f19700033c0
n232-194-226:233793:233819 [0] NCCL INFO transport/p2p.cc:204 Cuda Alloc Size 2097152 pointer 0x7f1950800000
n232-194-226:233793:233819 [0] NCCL INFO Allocated shareable buffer 0x7f1950800000 size 2097152 ipcDesc 0x7f197001cbd0
n232-194-226:233793:233819 [0] NCCL INFO proxyProgressAsync opId=0x7f1956bbb210 op.type=3 op.reqBuff=0x7f197001cba0 op.respSize=80 done
n232-194-226:233793:233803 [0] NCCL INFO ncclPollProxyResponse Received new opId=0x7f1956bbb210
n232-194-226:233793:233819 [0] NCCL INFO Received and initiated operation=Setup res=0
n232-194-226:233793:233803 [0] NCCL INFO recvOpId=0x7f1956bbb210 matches expected opId=0x7f1956bbb210
n232-194-226:233793:233803 [0] NCCL INFO Channel 06/0 : 0[0] -> 1[1] via P2P/IPC
n232-194-226:233793:233819 [0] NCCL INFO New proxy send connection 7 from local rank 0, transport 0
n232-194-226:233793:233819 [0] NCCL INFO proxyProgressAsync opId=0x7f1956bbb210 op.type=1 op.reqBuff=0x7f197001cba0 op.respSize=16 done
n232-194-226:233793:233803 [0] NCCL INFO ncclPollProxyResponse Received new opId=0x7f1956bbb210
n232-194-226:233793:233803 [0] NCCL INFO recvOpId=0x7f1956bbb210 matches expected opId=0x7f1956bbb210
n232-194-226:233793:233819 [0] NCCL INFO Received and initiated operation=Init res=0
n232-194-226:233793:233803 [0] NCCL INFO Connection to proxy localRank 0 -> connection 0x7f1970003410
n232-194-226:233793:233819 [0] NCCL INFO transport/p2p.cc:204 Cuda Alloc Size 2097152 pointer 0x7f1950a00000
n232-194-226:233793:233819 [0] NCCL INFO Allocated shareable buffer 0x7f1950a00000 size 2097152 ipcDesc 0x7f197001d900
n232-194-226:233793:233819 [0] NCCL INFO proxyProgressAsync opId=0x7f1956bbb210 op.type=3 op.reqBuff=0x7f197001d8d0 op.respSize=80 done
n232-194-226:233793:233803 [0] NCCL INFO ncclPollProxyResponse Received new opId=0x7f1956bbb210
n232-194-226:233793:233819 [0] NCCL INFO Received and initiated operation=Setup res=0
n232-194-226:233793:233803 [0] NCCL INFO recvOpId=0x7f1956bbb210 matches expected opId=0x7f1956bbb210
n232-194-226:233794:233818 [1] NCCL INFO New proxy send connection 4 from local rank 1, transport 2
n232-194-226:233794:233818 [1] NCCL INFO proxyProgressAsync opId=0x7f79c2bb93c0 op.type=1 op.reqBuff=0x7f79b8008850 op.respSize=16 done
n232-194-226:233794:233802 [1] NCCL INFO ncclPollProxyResponse Received new opId=0x7f79c2bb93c0
n232-194-226:233794:233818 [1] NCCL INFO Received and initiated operation=Init res=0
n232-194-226:233794:233802 [1] NCCL INFO recvOpId=0x7f79c2bb93c0 matches expected opId=0x7f79c2bb93c0
n232-194-226:233794:233802 [1] NCCL INFO Connection to proxy localRank 1 -> connection 0x7f79b8003290
n232-194-226:233794:233818 [1] NCCL INFO proxyProgressAsync opId=0x7f79c2bb93c0 op.type=3 op.reqBuff=0x7f79b80098d0 op.respSize=0 done
n232-194-226:233794:233802 [1] NCCL INFO ncclPollProxyResponse Received new opId=0x7f79c2bb93c0
n232-194-226:233794:233818 [1] NCCL INFO Received and initiated operation=Setup res=0
n232-194-226:233794:233802 [1] NCCL INFO recvOpId=0x7f79c2bb93c0 matches expected opId=0x7f79c2bb93c0
n232-194-226:233794:233802 [1] NCCL INFO Channel 00/0 : 1[1] -> 2[0] [send] via NET/IB/0/GDRDMA
n232-194-226:233794:233802 [1] NCCL INFO GPU Direct RDMA Enabled for GPU 34000 / HCA 0 (distance 3 <= 4), read 1
n232-194-226:233794:233818 [1] NCCL INFO New proxy send connection 5 from local rank 1, transport 2
n232-194-226:233794:233818 [1] NCCL INFO proxyProgressAsync opId=0x7f79c2bb93c0 op.type=1 op.reqBuff=0x7f79b80095c0 op.respSize=16 done
n232-194-226:233794:233802 [1] NCCL INFO ncclPollProxyResponse Received new opId=0x7f79c2bb93c0
n232-194-226:233794:233818 [1] NCCL INFO Received and initiated operation=Init res=0
n232-194-226:233794:233802 [1] NCCL INFO recvOpId=0x7f79c2bb93c0 matches expected opId=0x7f79c2bb93c0
n232-194-226:233794:233802 [1] NCCL INFO Connection to proxy localRank 1 -> connection 0x7f79b80032e0
