n232-194-226:234602:234636 [5] NCCL INFO channel.cc:43 Cuda Alloc Size 200 pointer 0x7f742e408800
n232-194-226:234599:234633 [2] NCCL INFO channel.cc:40 Cuda Alloc Size 6144 pointer 0x7f98fe401c00
n232-194-226:234600:234631 [3] NCCL INFO channel.cc:40 Cuda Alloc Size 6144 pointer 0x7fb922401c00
n232-194-226:234599:234633 [2] NCCL INFO channel.cc:43 Cuda Alloc Size 200 pointer 0x7f98fe403400
n232-194-226:234598:234634 [1] NCCL INFO channel.cc:40 Cuda Alloc Size 6144 pointer 0x7f9d8e407000
n232-194-226:234597:234630 [0] NCCL INFO channel.cc:54 Cuda Alloc Size 64 pointer 0x7f5a46403600
n232-194-226:234601:234635 [4] NCCL INFO channel.cc:54 Cuda Alloc Size 64 pointer 0x7fad2e408a00
n232-194-226:234598:234634 [1] NCCL INFO channel.cc:43 Cuda Alloc Size 200 pointer 0x7f9d8e408800
n232-194-226:234600:234631 [3] NCCL INFO channel.cc:43 Cuda Alloc Size 200 pointer 0x7fb922403400
n232-194-226:234604:234632 [7] NCCL INFO channel.cc:54 Cuda Alloc Size 64 pointer 0x7fdcb8408a00
n232-194-226:234602:234636 [5] NCCL INFO channel.cc:54 Cuda Alloc Size 64 pointer 0x7f742e408a00
n232-194-226:234597:234630 [0] NCCL INFO channel.cc:40 Cuda Alloc Size 6144 pointer 0x7f5a46403800
n232-194-226:234601:234635 [4] NCCL INFO channel.cc:40 Cuda Alloc Size 6144 pointer 0x7fad2e408c00
n232-194-226:234597:234630 [0] NCCL INFO channel.cc:43 Cuda Alloc Size 200 pointer 0x7f5a46405000
n232-194-226:234604:234632 [7] NCCL INFO channel.cc:40 Cuda Alloc Size 6144 pointer 0x7fdcb8408c00
n232-194-226:234601:234635 [4] NCCL INFO channel.cc:43 Cuda Alloc Size 200 pointer 0x7fad2e40a400
n232-194-226:234602:234636 [5] NCCL INFO channel.cc:40 Cuda Alloc Size 6144 pointer 0x7f742e408c00
n232-194-226:234604:234632 [7] NCCL INFO channel.cc:43 Cuda Alloc Size 200 pointer 0x7fdcb840a400
n232-194-226:234602:234636 [5] NCCL INFO channel.cc:43 Cuda Alloc Size 200 pointer 0x7f742e40a400
n232-194-226:234599:234633 [2] NCCL INFO channel.cc:54 Cuda Alloc Size 64 pointer 0x7f98fe403600
n232-194-226:234598:234634 [1] NCCL INFO channel.cc:54 Cuda Alloc Size 64 pointer 0x7f9d8e408a00
n232-194-226:234600:234631 [3] NCCL INFO channel.cc:54 Cuda Alloc Size 64 pointer 0x7fb922403600
n232-194-226:234599:234633 [2] NCCL INFO channel.cc:40 Cuda Alloc Size 6144 pointer 0x7f98fe403800
n232-194-226:234601:234635 [4] NCCL INFO channel.cc:54 Cuda Alloc Size 64 pointer 0x7fad2e40a600
n232-194-226:234598:234634 [1] NCCL INFO channel.cc:40 Cuda Alloc Size 6144 pointer 0x7f9d8e408c00
n232-194-226:234599:234633 [2] NCCL INFO channel.cc:43 Cuda Alloc Size 200 pointer 0x7f98fe405000
n232-194-226:234604:234632 [7] NCCL INFO channel.cc:54 Cuda Alloc Size 64 pointer 0x7fdcb840a600
n232-194-226:234598:234634 [1] NCCL INFO channel.cc:43 Cuda Alloc Size 200 pointer 0x7f9d8e40a400
n232-194-226:234602:234636 [5] NCCL INFO channel.cc:54 Cuda Alloc Size 64 pointer 0x7f742e40a600
n232-194-226:234597:234630 [0] NCCL INFO channel.cc:54 Cuda Alloc Size 64 pointer 0x7f5a46405200
n232-194-226:234600:234631 [3] NCCL INFO channel.cc:40 Cuda Alloc Size 6144 pointer 0x7fb922403800
n232-194-226:234601:234635 [4] NCCL INFO channel.cc:40 Cuda Alloc Size 6144 pointer 0x7fad2e40a800
n232-194-226:234604:234632 [7] NCCL INFO channel.cc:40 Cuda Alloc Size 6144 pointer 0x7fdcb840a800
n232-194-226:234600:234631 [3] NCCL INFO channel.cc:43 Cuda Alloc Size 200 pointer 0x7fb922405000
n232-194-226:234601:234635 [4] NCCL INFO channel.cc:43 Cuda Alloc Size 200 pointer 0x7fad2e40c000
n232-194-226:234604:234632 [7] NCCL INFO channel.cc:43 Cuda Alloc Size 200 pointer 0x7fdcb840c000
n232-194-226:234602:234636 [5] NCCL INFO channel.cc:40 Cuda Alloc Size 6144 pointer 0x7f742e40a800
n232-194-226:234597:234630 [0] NCCL INFO channel.cc:40 Cuda Alloc Size 6144 pointer 0x7f5a46405400
n232-194-226:234602:234636 [5] NCCL INFO channel.cc:43 Cuda Alloc Size 200 pointer 0x7f742e40c000
n232-194-226:234597:234630 [0] NCCL INFO channel.cc:43 Cuda Alloc Size 200 pointer 0x7f5a46406c00
n232-194-226:234599:234633 [2] NCCL INFO channel.cc:54 Cuda Alloc Size 64 pointer 0x7f98fe405200
n232-194-226:234598:234634 [1] NCCL INFO channel.cc:54 Cuda Alloc Size 64 pointer 0x7f9d8e40a600
n232-194-226:234601:234635 [4] NCCL INFO channel.cc:54 Cuda Alloc Size 64 pointer 0x7fad2e40c200
n232-194-226:234604:234632 [7] NCCL INFO channel.cc:54 Cuda Alloc Size 64 pointer 0x7fdcb840c200
n232-194-226:234599:234633 [2] NCCL INFO channel.cc:40 Cuda Alloc Size 6144 pointer 0x7f98fe405400
n232-194-226:234602:234636 [5] NCCL INFO channel.cc:54 Cuda Alloc Size 64 pointer 0x7f742e40c200
n232-194-226:234599:234633 [2] NCCL INFO channel.cc:43 Cuda Alloc Size 200 pointer 0x7f98fe406c00
n232-194-226:234601:234635 [4] NCCL INFO channel.cc:40 Cuda Alloc Size 6144 pointer 0x7fad2e40c400
n232-194-226:234598:234634 [1] NCCL INFO channel.cc:40 Cuda Alloc Size 6144 pointer 0x7f9d8e40a800
n232-194-226:234604:234632 [7] NCCL INFO channel.cc:40 Cuda Alloc Size 6144 pointer 0x7fdcb840c400
n232-194-226:234600:234631 [3] NCCL INFO channel.cc:54 Cuda Alloc Size 64 pointer 0x7fb922405200
n232-194-226:234597:234630 [0] NCCL INFO channel.cc:54 Cuda Alloc Size 64 pointer 0x7f5a46406e00
n232-194-226:234598:234634 [1] NCCL INFO channel.cc:43 Cuda Alloc Size 200 pointer 0x7f9d8e40c000
n232-194-226:234601:234635 [4] NCCL INFO channel.cc:43 Cuda Alloc Size 200 pointer 0x7fad2e40dc00
n232-194-226:234602:234636 [5] NCCL INFO channel.cc:40 Cuda Alloc Size 6144 pointer 0x7f742e40c400
n232-194-226:234604:234632 [7] NCCL INFO channel.cc:43 Cuda Alloc Size 200 pointer 0x7fdcb840dc00
n232-194-226:234602:234636 [5] NCCL INFO channel.cc:43 Cuda Alloc Size 200 pointer 0x7f742e40dc00
n232-194-226:234600:234631 [3] NCCL INFO channel.cc:40 Cuda Alloc Size 6144 pointer 0x7fb922405400
n232-194-226:234600:234631 [3] NCCL INFO channel.cc:43 Cuda Alloc Size 200 pointer 0x7fb922406c00
n232-194-226:234603:234637 [6] NCCL INFO channel.cc:40 Cuda Alloc Size 6144 pointer 0x7fc5ce400000
n232-194-226:234599:234633 [2] NCCL INFO channel.cc:54 Cuda Alloc Size 64 pointer 0x7f98fe406e00
n232-194-226:234601:234635 [4] NCCL INFO channel.cc:54 Cuda Alloc Size 64 pointer 0x7fad2e40de00
n232-194-226:234604:234632 [7] NCCL INFO channel.cc:54 Cuda Alloc Size 64 pointer 0x7fdcb840de00
n232-194-226:234603:234637 [6] NCCL INFO channel.cc:43 Cuda Alloc Size 200 pointer 0x7fc5ce401800
n232-194-226:234602:234636 [5] NCCL INFO channel.cc:54 Cuda Alloc Size 64 pointer 0x7f742e40de00
n232-194-226:234598:234634 [1] NCCL INFO channel.cc:54 Cuda Alloc Size 64 pointer 0x7f9d8e40c200
n232-194-226:234604:234632 [7] NCCL INFO channel.cc:40 Cuda Alloc Size 6144 pointer 0x7fdcb840e000
n232-194-226:234601:234635 [4] NCCL INFO channel.cc:40 Cuda Alloc Size 6144 pointer 0x7fad2e40e000
n232-194-226:234604:234632 [7] NCCL INFO channel.cc:43 Cuda Alloc Size 200 pointer 0x7fdcb840f800
n232-194-226:234601:234635 [4] NCCL INFO channel.cc:43 Cuda Alloc Size 200 pointer 0x7fad2e40f800
n232-194-226:234602:234636 [5] NCCL INFO channel.cc:40 Cuda Alloc Size 6144 pointer 0x7f742e40e000
n232-194-226:234598:234634 [1] NCCL INFO channel.cc:40 Cuda Alloc Size 6144 pointer 0x7f9d8e40c400
n232-194-226:234600:234631 [3] NCCL INFO channel.cc:54 Cuda Alloc Size 64 pointer 0x7fb922406e00
n232-194-226:234602:234636 [5] NCCL INFO channel.cc:43 Cuda Alloc Size 200 pointer 0x7f742e40f800
n232-194-226:234598:234634 [1] NCCL INFO channel.cc:43 Cuda Alloc Size 200 pointer 0x7f9d8e40dc00
n232-194-226:234604:234632 [7] NCCL INFO channel.cc:54 Cuda Alloc Size 64 pointer 0x7fdcb840fa00
n232-194-226:234601:234635 [4] NCCL INFO channel.cc:54 Cuda Alloc Size 64 pointer 0x7fad2e40fa00
n232-194-226:234602:234636 [5] NCCL INFO channel.cc:54 Cuda Alloc Size 64 pointer 0x7f742e40fa00
n232-194-226:234604:234632 [7] NCCL INFO channel.cc:40 Cuda Alloc Size 6144 pointer 0x7fdcb840fc00
n232-194-226:234601:234635 [4] NCCL INFO channel.cc:40 Cuda Alloc Size 6144 pointer 0x7fad2e40fc00
n232-194-226:234604:234632 [7] NCCL INFO channel.cc:43 Cuda Alloc Size 200 pointer 0x7fdcb8411400
n232-194-226:234601:234635 [4] NCCL INFO channel.cc:43 Cuda Alloc Size 200 pointer 0x7fad2e411400
n232-194-226:234602:234636 [5] NCCL INFO channel.cc:40 Cuda Alloc Size 6144 pointer 0x7f742e40fc00
n232-194-226:234598:234634 [1] NCCL INFO channel.cc:54 Cuda Alloc Size 64 pointer 0x7f9d8e40de00
n232-194-226:234597:234630 [0] NCCL INFO channel.cc:40 Cuda Alloc Size 6144 pointer 0x7f5a46407000
n232-194-226:234602:234636 [5] NCCL INFO channel.cc:43 Cuda Alloc Size 200 pointer 0x7f742e411400
n232-194-226:234597:234630 [0] NCCL INFO channel.cc:43 Cuda Alloc Size 200 pointer 0x7f5a46408800
n232-194-226:234598:234634 [1] NCCL INFO channel.cc:40 Cuda Alloc Size 6144 pointer 0x7f9d8e40e000
n232-194-226:234598:234634 [1] NCCL INFO channel.cc:43 Cuda Alloc Size 200 pointer 0x7f9d8e40f800
n232-194-226:234603:234637 [6] NCCL INFO channel.cc:54 Cuda Alloc Size 64 pointer 0x7fc5ce401a00
n232-194-226:234604:234632 [7] NCCL INFO channel.cc:54 Cuda Alloc Size 64 pointer 0x7fdcb8411600
n232-194-226:234601:234635 [4] NCCL INFO channel.cc:54 Cuda Alloc Size 64 pointer 0x7fad2e411600
n232-194-226:234599:234633 [2] NCCL INFO channel.cc:40 Cuda Alloc Size 6144 pointer 0x7f98fe407000
n232-194-226:234602:234636 [5] NCCL INFO channel.cc:54 Cuda Alloc Size 64 pointer 0x7f742e411600
n232-194-226:234599:234633 [2] NCCL INFO channel.cc:43 Cuda Alloc Size 200 pointer 0x7f98fe408800
n232-194-226:234601:234635 [4] NCCL INFO channel.cc:40 Cuda Alloc Size 6144 pointer 0x7fad2e411800
n232-194-226:234604:234632 [7] NCCL INFO channel.cc:40 Cuda Alloc Size 6144 pointer 0x7fdcb8411800
n232-194-226:234603:234637 [6] NCCL INFO channel.cc:40 Cuda Alloc Size 6144 pointer 0x7fc5ce401c00
n232-194-226:234601:234635 [4] NCCL INFO channel.cc:43 Cuda Alloc Size 200 pointer 0x7fad2e413000
n232-194-226:234604:234632 [7] NCCL INFO channel.cc:43 Cuda Alloc Size 200 pointer 0x7fdcb8413000
n232-194-226:234602:234636 [5] NCCL INFO channel.cc:40 Cuda Alloc Size 6144 pointer 0x7f742e411800
n232-194-226:234600:234631 [3] NCCL INFO channel.cc:40 Cuda Alloc Size 6144 pointer 0x7fb922407000
n232-194-226:234603:234637 [6] NCCL INFO channel.cc:43 Cuda Alloc Size 200 pointer 0x7fc5ce403400
n232-194-226:234597:234630 [0] NCCL INFO channel.cc:54 Cuda Alloc Size 64 pointer 0x7f5a46408a00
n232-194-226:234602:234636 [5] NCCL INFO channel.cc:43 Cuda Alloc Size 200 pointer 0x7f742e413000
n232-194-226:234598:234634 [1] NCCL INFO channel.cc:54 Cuda Alloc Size 64 pointer 0x7f9d8e40fa00
n232-194-226:234600:234631 [3] NCCL INFO channel.cc:43 Cuda Alloc Size 200 pointer 0x7fb922408800
n232-194-226:234597:234630 [0] NCCL INFO channel.cc:40 Cuda Alloc Size 6144 pointer 0x7f5a46408c00
n232-194-226:234597:234630 [0] NCCL INFO channel.cc:43 Cuda Alloc Size 200 pointer 0x7f5a4640a400
n232-194-226:234598:234634 [1] NCCL INFO channel.cc:40 Cuda Alloc Size 6144 pointer 0x7f9d8e40fc00
n232-194-226:234601:234635 [4] NCCL INFO channel.cc:54 Cuda Alloc Size 64 pointer 0x7fad2e413200
n232-194-226:234604:234632 [7] NCCL INFO channel.cc:54 Cuda Alloc Size 64 pointer 0x7fdcb8413200
n232-194-226:234598:234634 [1] NCCL INFO channel.cc:43 Cuda Alloc Size 200 pointer 0x7f9d8e411400
n232-194-226:234602:234636 [5] NCCL INFO channel.cc:54 Cuda Alloc Size 64 pointer 0x7f742e413200
n232-194-226:234599:234633 [2] NCCL INFO channel.cc:54 Cuda Alloc Size 64 pointer 0x7f98fe408a00
n232-194-226:234603:234637 [6] NCCL INFO channel.cc:54 Cuda Alloc Size 64 pointer 0x7fc5ce403600
n232-194-226:234604:234632 [7] NCCL INFO channel.cc:40 Cuda Alloc Size 6144 pointer 0x7fdcb8413400
n232-194-226:234601:234635 [4] NCCL INFO channel.cc:40 Cuda Alloc Size 6144 pointer 0x7fad2e413400
n232-194-226:234604:234632 [7] NCCL INFO channel.cc:43 Cuda Alloc Size 200 pointer 0x7fdcb8414c00
n232-194-226:234601:234635 [4] NCCL INFO channel.cc:43 Cuda Alloc Size 200 pointer 0x7fad2e414c00
n232-194-226:234602:234636 [5] NCCL INFO channel.cc:40 Cuda Alloc Size 6144 pointer 0x7f742e413400
n232-194-226:234603:234637 [6] NCCL INFO channel.cc:40 Cuda Alloc Size 6144 pointer 0x7fc5ce403800
n232-194-226:234599:234633 [2] NCCL INFO channel.cc:40 Cuda Alloc Size 6144 pointer 0x7f98fe408c00
n232-194-226:234602:234636 [5] NCCL INFO channel.cc:43 Cuda Alloc Size 200 pointer 0x7f742e414c00
n232-194-226:234599:234633 [2] NCCL INFO channel.cc:43 Cuda Alloc Size 200 pointer 0x7f98fe40a400
n232-194-226:234600:234631 [3] NCCL INFO channel.cc:54 Cuda Alloc Size 64 pointer 0x7fb922408a00
n232-194-226:234603:234637 [6] NCCL INFO channel.cc:43 Cuda Alloc Size 200 pointer 0x7fc5ce405000
n232-194-226:234597:234630 [0] NCCL INFO channel.cc:54 Cuda Alloc Size 64 pointer 0x7f5a4640a600
n232-194-226:234598:234634 [1] NCCL INFO channel.cc:54 Cuda Alloc Size 64 pointer 0x7f9d8e411600
n232-194-226:234600:234631 [3] NCCL INFO channel.cc:40 Cuda Alloc Size 6144 pointer 0x7fb922408c00
n232-194-226:234597:234630 [0] NCCL INFO channel.cc:40 Cuda Alloc Size 6144 pointer 0x7f5a4640a800
n232-194-226:234600:234631 [3] NCCL INFO channel.cc:43 Cuda Alloc Size 200 pointer 0x7fb92240a400
n232-194-226:234597:234630 [0] NCCL INFO channel.cc:43 Cuda Alloc Size 200 pointer 0x7f5a4640c000
n232-194-226:234601:234635 [4] NCCL INFO channel.cc:54 Cuda Alloc Size 64 pointer 0x7fad2e414e00
n232-194-226:234604:234632 [7] NCCL INFO channel.cc:54 Cuda Alloc Size 64 pointer 0x7fdcb8414e00
n232-194-226:234598:234634 [1] NCCL INFO channel.cc:40 Cuda Alloc Size 6144 pointer 0x7f9d8e411800
n232-194-226:234602:234636 [5] NCCL INFO channel.cc:54 Cuda Alloc Size 64 pointer 0x7f742e414e00
n232-194-226:234603:234637 [6] NCCL INFO channel.cc:54 Cuda Alloc Size 64 pointer 0x7fc5ce405200
n232-194-226:234598:234634 [1] NCCL INFO channel.cc:43 Cuda Alloc Size 200 pointer 0x7f9d8e413000
n232-194-226:234601:234635 [4] NCCL INFO channel.cc:40 Cuda Alloc Size 6144 pointer 0x7fad2e415000
n232-194-226:234604:234632 [7] NCCL INFO channel.cc:40 Cuda Alloc Size 6144 pointer 0x7fdcb8415000
n232-194-226:234599:234633 [2] NCCL INFO channel.cc:54 Cuda Alloc Size 64 pointer 0x7f98fe40a600
n232-194-226:234601:234635 [4] NCCL INFO channel.cc:43 Cuda Alloc Size 200 pointer 0x7fad2e416800
n232-194-226:234602:234636 [5] NCCL INFO channel.cc:40 Cuda Alloc Size 6144 pointer 0x7f742e415000
n232-194-226:234604:234632 [7] NCCL INFO channel.cc:43 Cuda Alloc Size 200 pointer 0x7fdcb8416800
n232-194-226:234602:234636 [5] NCCL INFO channel.cc:43 Cuda Alloc Size 200 pointer 0x7f742e416800
n232-194-226:234603:234637 [6] NCCL INFO channel.cc:40 Cuda Alloc Size 6144 pointer 0x7fc5ce405400
n232-194-226:234603:234637 [6] NCCL INFO channel.cc:43 Cuda Alloc Size 200 pointer 0x7fc5ce406c00
n232-194-226:234599:234633 [2] NCCL INFO channel.cc:40 Cuda Alloc Size 6144 pointer 0x7f98fe40a800
n232-194-226:234599:234633 [2] NCCL INFO channel.cc:43 Cuda Alloc Size 200 pointer 0x7f98fe40c000
n232-194-226:234600:234631 [3] NCCL INFO channel.cc:54 Cuda Alloc Size 64 pointer 0x7fb92240a600
n232-194-226:234597:234630 [0] NCCL INFO channel.cc:54 Cuda Alloc Size 64 pointer 0x7f5a4640c200
n232-194-226:234601:234635 [4] NCCL INFO channel.cc:54 Cuda Alloc Size 64 pointer 0x7fad2e416a00
n232-194-226:234600:234631 [3] NCCL INFO channel.cc:40 Cuda Alloc Size 6144 pointer 0x7fb92240a800
n232-194-226:234598:234634 [1] NCCL INFO channel.cc:54 Cuda Alloc Size 64 pointer 0x7f9d8e413200
n232-194-226:234604:234632 [7] NCCL INFO channel.cc:54 Cuda Alloc Size 64 pointer 0x7fdcb8416a00
n232-194-226:234602:234636 [5] NCCL INFO channel.cc:54 Cuda Alloc Size 64 pointer 0x7f742e416a00
n232-194-226:234597:234630 [0] NCCL INFO channel.cc:40 Cuda Alloc Size 6144 pointer 0x7f5a4640c400
n232-194-226:234600:234631 [3] NCCL INFO channel.cc:43 Cuda Alloc Size 200 pointer 0x7fb92240c000
n232-194-226:234601:234635 [4] NCCL INFO channel.cc:40 Cuda Alloc Size 6144 pointer 0x7fad2e416c00
n232-194-226:234603:234637 [6] NCCL INFO channel.cc:54 Cuda Alloc Size 64 pointer 0x7fc5ce406e00
n232-194-226:234597:234630 [0] NCCL INFO channel.cc:43 Cuda Alloc Size 200 pointer 0x7f5a4640dc00
n232-194-226:234604:234632 [7] NCCL INFO channel.cc:40 Cuda Alloc Size 6144 pointer 0x7fdcb8416c00
n232-194-226:234602:234636 [5] NCCL INFO channel.cc:40 Cuda Alloc Size 6144 pointer 0x7f742e416c00
n232-194-226:234601:234635 [4] NCCL INFO channel.cc:43 Cuda Alloc Size 200 pointer 0x7fad2e418400
n232-194-226:234598:234634 [1] NCCL INFO channel.cc:40 Cuda Alloc Size 6144 pointer 0x7f9d8e413400
n232-194-226:234604:234632 [7] NCCL INFO channel.cc:43 Cuda Alloc Size 200 pointer 0x7fdcb8418400
n232-194-226:234602:234636 [5] NCCL INFO channel.cc:43 Cuda Alloc Size 200 pointer 0x7f742e418400
n232-194-226:234598:234634 [1] NCCL INFO channel.cc:43 Cuda Alloc Size 200 pointer 0x7f9d8e414c00
n232-194-226:234599:234633 [2] NCCL INFO channel.cc:54 Cuda Alloc Size 64 pointer 0x7f98fe40c200
n232-194-226:234599:234633 [2] NCCL INFO channel.cc:40 Cuda Alloc Size 6144 pointer 0x7f98fe40c400
n232-194-226:234600:234631 [3] NCCL INFO channel.cc:54 Cuda Alloc Size 64 pointer 0x7fb92240c200
n232-194-226:234601:234635 [4] NCCL INFO channel.cc:54 Cuda Alloc Size 64 pointer 0x7fad2e418600
n232-194-226:234599:234633 [2] NCCL INFO channel.cc:43 Cuda Alloc Size 200 pointer 0x7f98fe40dc00
n232-194-226:234604:234632 [7] NCCL INFO channel.cc:54 Cuda Alloc Size 64 pointer 0x7fdcb8418600
n232-194-226:234597:234630 [0] NCCL INFO channel.cc:54 Cuda Alloc Size 64 pointer 0x7f5a4640de00
n232-194-226:234602:234636 [5] NCCL INFO channel.cc:54 Cuda Alloc Size 64 pointer 0x7f742e418600
n232-194-226:234600:234631 [3] NCCL INFO channel.cc:40 Cuda Alloc Size 6144 pointer 0x7fb92240c400
n232-194-226:234601:234635 [4] NCCL INFO channel.cc:40 Cuda Alloc Size 6144 pointer 0x7fad2e418800
n232-194-226:234604:234632 [7] NCCL INFO channel.cc:40 Cuda Alloc Size 6144 pointer 0x7fdcb8418800
n232-194-226:234601:234635 [4] NCCL INFO channel.cc:43 Cuda Alloc Size 200 pointer 0x7fad2e41a000
n232-194-226:234604:234632 [7] NCCL INFO channel.cc:43 Cuda Alloc Size 200 pointer 0x7fdcb841a000
n232-194-226:234597:234630 [0] NCCL INFO channel.cc:40 Cuda Alloc Size 6144 pointer 0x7f5a4640e000
n232-194-226:234600:234631 [3] NCCL INFO channel.cc:43 Cuda Alloc Size 200 pointer 0x7fb92240dc00
n232-194-226:234602:234636 [5] NCCL INFO channel.cc:40 Cuda Alloc Size 6144 pointer 0x7f742e418800
n232-194-226:234597:234630 [0] NCCL INFO channel.cc:43 Cuda Alloc Size 200 pointer 0x7f5a4640f800
n232-194-226:234602:234636 [5] NCCL INFO channel.cc:43 Cuda Alloc Size 200 pointer 0x7f742e41a000
n232-194-226:234598:234634 [1] NCCL INFO channel.cc:54 Cuda Alloc Size 64 pointer 0x7f9d8e414e00
n232-194-226:234599:234633 [2] NCCL INFO channel.cc:54 Cuda Alloc Size 64 pointer 0x7f98fe40de00
n232-194-226:234598:234634 [1] NCCL INFO channel.cc:40 Cuda Alloc Size 6144 pointer 0x7f9d8e415000
n232-194-226:234598:234634 [1] NCCL INFO channel.cc:43 Cuda Alloc Size 200 pointer 0x7f9d8e416800
n232-194-226:234601:234635 [4] NCCL INFO channel.cc:54 Cuda Alloc Size 64 pointer 0x7fad2e41a200
n232-194-226:234604:234632 [7] NCCL INFO channel.cc:54 Cuda Alloc Size 64 pointer 0x7fdcb841a200
n232-194-226:234603:234637 [6] NCCL INFO channel.cc:40 Cuda Alloc Size 6144 pointer 0x7fc5ce407000
n232-194-226:234599:234633 [2] NCCL INFO channel.cc:40 Cuda Alloc Size 6144 pointer 0x7f98fe40e000
n232-194-226:234602:234636 [5] NCCL INFO channel.cc:54 Cuda Alloc Size 64 pointer 0x7f742e41a200
n232-194-226:234599:234633 [2] NCCL INFO channel.cc:43 Cuda Alloc Size 200 pointer 0x7f98fe40f800
n232-194-226:234601:234635 [4] NCCL INFO channel.cc:40 Cuda Alloc Size 6144 pointer 0x7fad2e41a400
n232-194-226:234603:234637 [6] NCCL INFO channel.cc:43 Cuda Alloc Size 200 pointer 0x7fc5ce408800
n232-194-226:234604:234632 [7] NCCL INFO channel.cc:40 Cuda Alloc Size 6144 pointer 0x7fdcb841a400
n232-194-226:234600:234631 [3] NCCL INFO channel.cc:54 Cuda Alloc Size 64 pointer 0x7fb92240de00
n232-194-226:234597:234630 [0] NCCL INFO channel.cc:54 Cuda Alloc Size 64 pointer 0x7f5a4640fa00
n232-194-226:234601:234635 [4] NCCL INFO channel.cc:43 Cuda Alloc Size 200 pointer 0x7fad2e41bc00
n232-194-226:234604:234632 [7] NCCL INFO channel.cc:43 Cuda Alloc Size 200 pointer 0x7fdcb841bc00
n232-194-226:234602:234636 [5] NCCL INFO channel.cc:40 Cuda Alloc Size 6144 pointer 0x7f742e41a400
n232-194-226:234602:234636 [5] NCCL INFO channel.cc:43 Cuda Alloc Size 200 pointer 0x7f742e41bc00
n232-194-226:234600:234631 [3] NCCL INFO channel.cc:40 Cuda Alloc Size 6144 pointer 0x7fb92240e000
n232-194-226:234597:234630 [0] NCCL INFO channel.cc:40 Cuda Alloc Size 6144 pointer 0x7f5a4640fc00
n232-194-226:234598:234634 [1] NCCL INFO channel.cc:54 Cuda Alloc Size 64 pointer 0x7f9d8e416a00
n232-194-226:234600:234631 [3] NCCL INFO channel.cc:43 Cuda Alloc Size 200 pointer 0x7fb92240f800
n232-194-226:234597:234630 [0] NCCL INFO channel.cc:43 Cuda Alloc Size 200 pointer 0x7f5a46411400
n232-194-226:234598:234634 [1] NCCL INFO channel.cc:40 Cuda Alloc Size 6144 pointer 0x7f9d8e416c00
n232-194-226:234604:234632 [7] NCCL INFO channel.cc:54 Cuda Alloc Size 64 pointer 0x7fdcb841be00
n232-194-226:234601:234635 [4] NCCL INFO channel.cc:54 Cuda Alloc Size 64 pointer 0x7fad2e41be00
n232-194-226:234603:234637 [6] NCCL INFO channel.cc:54 Cuda Alloc Size 64 pointer 0x7fc5ce408a00
n232-194-226:234599:234633 [2] NCCL INFO channel.cc:54 Cuda Alloc Size 64 pointer 0x7f98fe40fa00
n232-194-226:234598:234634 [1] NCCL INFO channel.cc:43 Cuda Alloc Size 200 pointer 0x7f9d8e418400
n232-194-226:234602:234636 [5] NCCL INFO channel.cc:54 Cuda Alloc Size 64 pointer 0x7f742e41be00
n232-194-226:234603:234637 [6] NCCL INFO channel.cc:40 Cuda Alloc Size 6144 pointer 0x7fc5ce408c00
n232-194-226:234599:234633 [2] NCCL INFO channel.cc:40 Cuda Alloc Size 6144 pointer 0x7f98fe40fc00
n232-194-226:234603:234637 [6] NCCL INFO channel.cc:43 Cuda Alloc Size 200 pointer 0x7fc5ce40a400
n232-194-226:234601:234635 [4] NCCL INFO GPU Direct RDMA Enabled for GPU 87000 / HCA 3 (distance 3 <= 4), read 0
n232-194-226:234600:234631 [3] NCCL INFO channel.cc:54 Cuda Alloc Size 64 pointer 0x7fb92240fa00
n232-194-226:234599:234633 [2] NCCL INFO channel.cc:43 Cuda Alloc Size 200 pointer 0x7f98fe411400
n232-194-226:234597:234630 [0] NCCL INFO channel.cc:54 Cuda Alloc Size 64 pointer 0x7f5a46411600
n232-194-226:234602:234636 [5] NCCL INFO GPU Direct RDMA Enabled for GPU ae000 / HCA 3 (distance 3 <= 4), read 1
n232-194-226:234600:234631 [3] NCCL INFO channel.cc:40 Cuda Alloc Size 6144 pointer 0x7fb92240fc00
n232-194-226:234597:234630 [0] NCCL INFO channel.cc:40 Cuda Alloc Size 6144 pointer 0x7f5a46411800
n232-194-226:234600:234631 [3] NCCL INFO channel.cc:43 Cuda Alloc Size 200 pointer 0x7fb922411400
n232-194-226:234598:234634 [1] NCCL INFO channel.cc:54 Cuda Alloc Size 64 pointer 0x7f9d8e418600
n232-194-226:234597:234630 [0] NCCL INFO channel.cc:43 Cuda Alloc Size 200 pointer 0x7f5a46413000
n232-194-226:234603:234637 [6] NCCL INFO channel.cc:54 Cuda Alloc Size 64 pointer 0x7fc5ce40a600
n232-194-226:234598:234634 [1] NCCL INFO channel.cc:40 Cuda Alloc Size 6144 pointer 0x7f9d8e418800
n232-194-226:234599:234633 [2] NCCL INFO channel.cc:54 Cuda Alloc Size 64 pointer 0x7f98fe411600
n232-194-226:234598:234634 [1] NCCL INFO channel.cc:43 Cuda Alloc Size 200 pointer 0x7f9d8e41a000
n232-194-226:234603:234637 [6] NCCL INFO channel.cc:40 Cuda Alloc Size 6144 pointer 0x7fc5ce40a800
n232-194-226:234603:234637 [6] NCCL INFO channel.cc:43 Cuda Alloc Size 200 pointer 0x7fc5ce40c000
n232-194-226:234599:234633 [2] NCCL INFO channel.cc:40 Cuda Alloc Size 6144 pointer 0x7f98fe411800
n232-194-226:234599:234633 [2] NCCL INFO channel.cc:43 Cuda Alloc Size 200 pointer 0x7f98fe413000
n232-194-226:234600:234631 [3] NCCL INFO channel.cc:54 Cuda Alloc Size 64 pointer 0x7fb922411600
n232-194-226:234597:234630 [0] NCCL INFO channel.cc:54 Cuda Alloc Size 64 pointer 0x7f5a46413200
n232-194-226:234600:234631 [3] NCCL INFO channel.cc:40 Cuda Alloc Size 6144 pointer 0x7fb922411800
n232-194-226:234600:234631 [3] NCCL INFO channel.cc:43 Cuda Alloc Size 200 pointer 0x7fb922413000
n232-194-226:234598:234634 [1] NCCL INFO channel.cc:54 Cuda Alloc Size 64 pointer 0x7f9d8e41a200
n232-194-226:234597:234630 [0] NCCL INFO channel.cc:40 Cuda Alloc Size 6144 pointer 0x7f5a46413400
n232-194-226:234597:234630 [0] NCCL INFO channel.cc:43 Cuda Alloc Size 200 pointer 0x7f5a46414c00
n232-194-226:234598:234634 [1] NCCL INFO channel.cc:40 Cuda Alloc Size 6144 pointer 0x7f9d8e41a400
n232-194-226:234603:234637 [6] NCCL INFO channel.cc:54 Cuda Alloc Size 64 pointer 0x7fc5ce40c200
n232-194-226:234599:234633 [2] NCCL INFO channel.cc:54 Cuda Alloc Size 64 pointer 0x7f98fe413200
n232-194-226:234598:234634 [1] NCCL INFO channel.cc:43 Cuda Alloc Size 200 pointer 0x7f9d8e41bc00
n232-194-226:234604:234695 [7] NCCL INFO Mem Realloc old size 0, new size 8 pointer 0x7fdcb0002f10
n232-194-226:234603:234637 [6] NCCL INFO channel.cc:40 Cuda Alloc Size 6144 pointer 0x7fc5ce40c400
n232-194-226:234599:234633 [2] NCCL INFO channel.cc:40 Cuda Alloc Size 6144 pointer 0x7f98fe413400
n232-194-226:234604:234695 [7] NCCL INFO New proxy recv connection 0 from local rank 7, transport 0
n232-194-226:234604:234695 [7] NCCL INFO proxyProgressAsync opId=0x7fdcbebbc610 op.type=1 op.reqBuff=0x7fdcb0002ed0 op.respSize=16 done
n232-194-226:234603:234637 [6] NCCL INFO channel.cc:43 Cuda Alloc Size 200 pointer 0x7fc5ce40dc00
n232-194-226:234599:234633 [2] NCCL INFO channel.cc:43 Cuda Alloc Size 200 pointer 0x7f98fe414c00
n232-194-226:234601:234694 [4] NCCL INFO Mem Realloc old size 0, new size 8 pointer 0x7fad28002f10
n232-194-226:234600:234631 [3] NCCL INFO channel.cc:54 Cuda Alloc Size 64 pointer 0x7fb922413200
n232-194-226:234597:234630 [0] NCCL INFO channel.cc:54 Cuda Alloc Size 64 pointer 0x7f5a46414e00
n232-194-226:234604:234632 [7] NCCL INFO ncclPollProxyResponse Received new opId=0x7fdcbebbc610
n232-194-226:234600:234631 [3] NCCL INFO channel.cc:40 Cuda Alloc Size 6144 pointer 0x7fb922413400
n232-194-226:234597:234630 [0] NCCL INFO channel.cc:40 Cuda Alloc Size 6144 pointer 0x7f5a46415000
n232-194-226:234600:234631 [3] NCCL INFO channel.cc:43 Cuda Alloc Size 200 pointer 0x7fb922414c00
n232-194-226:234604:234632 [7] NCCL INFO recvOpId=0x7fdcbebbc610 matches expected opId=0x7fdcbebbc610
n232-194-226:234598:234634 [1] NCCL INFO channel.cc:54 Cuda Alloc Size 64 pointer 0x7f9d8e41be00
n232-194-226:234604:234695 [7] NCCL INFO Received and initiated operation=Init res=0
n232-194-226:234604:234632 [7] NCCL INFO Connection to proxy localRank 7 -> connection 0x7fdcb0003150
n232-194-226:234597:234630 [0] NCCL INFO channel.cc:43 Cuda Alloc Size 200 pointer 0x7f5a46416800
n232-194-226:234603:234637 [6] NCCL INFO channel.cc:54 Cuda Alloc Size 64 pointer 0x7fc5ce40de00
n232-194-226:234601:234694 [4] NCCL INFO Allocated 4194660 bytes of shared memory in /dev/shm/nccl-2dQ6Jj
n232-194-226:234599:234633 [2] NCCL INFO channel.cc:54 Cuda Alloc Size 64 pointer 0x7f98fe414e00
n232-194-226:234603:234637 [6] NCCL INFO channel.cc:40 Cuda Alloc Size 6144 pointer 0x7fc5ce40e000
n232-194-226:234603:234637 [6] NCCL INFO channel.cc:43 Cuda Alloc Size 200 pointer 0x7fc5ce40f800
n232-194-226:234599:234633 [2] NCCL INFO channel.cc:40 Cuda Alloc Size 6144 pointer 0x7f98fe415000
n232-194-226:234599:234633 [2] NCCL INFO channel.cc:43 Cuda Alloc Size 200 pointer 0x7f98fe416800
n232-194-226:234600:234631 [3] NCCL INFO channel.cc:54 Cuda Alloc Size 64 pointer 0x7fb922414e00
n232-194-226:234597:234630 [0] NCCL INFO channel.cc:54 Cuda Alloc Size 64 pointer 0x7f5a46416a00
n232-194-226:234600:234631 [3] NCCL INFO channel.cc:40 Cuda Alloc Size 6144 pointer 0x7fb922415000
n232-194-226:234597:234630 [0] NCCL INFO channel.cc:40 Cuda Alloc Size 6144 pointer 0x7f5a46416c00
n232-194-226:234603:234637 [6] NCCL INFO channel.cc:54 Cuda Alloc Size 64 pointer 0x7fc5ce40fa00
n232-194-226:234600:234631 [3] NCCL INFO channel.cc:43 Cuda Alloc Size 200 pointer 0x7fb922416800
n232-194-226:234597:234630 [0] NCCL INFO channel.cc:43 Cuda Alloc Size 200 pointer 0x7f5a46418400
n232-194-226:234603:234637 [6] NCCL INFO channel.cc:40 Cuda Alloc Size 6144 pointer 0x7fc5ce40fc00
n232-194-226:234603:234637 [6] NCCL INFO channel.cc:43 Cuda Alloc Size 200 pointer 0x7fc5ce411400
n232-194-226:234599:234633 [2] NCCL INFO channel.cc:54 Cuda Alloc Size 64 pointer 0x7f98fe416a00
n232-194-226:234599:234633 [2] NCCL INFO channel.cc:40 Cuda Alloc Size 6144 pointer 0x7f98fe416c00
n232-194-226:234600:234631 [3] NCCL INFO channel.cc:54 Cuda Alloc Size 64 pointer 0x7fb922416a00
n232-194-226:234599:234633 [2] NCCL INFO channel.cc:43 Cuda Alloc Size 200 pointer 0x7f98fe418400
n232-194-226:234597:234630 [0] NCCL INFO channel.cc:54 Cuda Alloc Size 64 pointer 0x7f5a46418600
n232-194-226:234603:234637 [6] NCCL INFO channel.cc:54 Cuda Alloc Size 64 pointer 0x7fc5ce411600
n232-194-226:234600:234631 [3] NCCL INFO channel.cc:40 Cuda Alloc Size 6144 pointer 0x7fb922416c00
n232-194-226:234603:234637 [6] NCCL INFO channel.cc:40 Cuda Alloc Size 6144 pointer 0x7fc5ce411800
n232-194-226:234597:234630 [0] NCCL INFO channel.cc:40 Cuda Alloc Size 6144 pointer 0x7f5a46418800
n232-194-226:234600:234631 [3] NCCL INFO channel.cc:43 Cuda Alloc Size 200 pointer 0x7fb922418400
n232-194-226:234603:234637 [6] NCCL INFO channel.cc:43 Cuda Alloc Size 200 pointer 0x7fc5ce413000
n232-194-226:234597:234630 [0] NCCL INFO channel.cc:43 Cuda Alloc Size 200 pointer 0x7f5a4641a000
n232-194-226:234599:234633 [2] NCCL INFO channel.cc:54 Cuda Alloc Size 64 pointer 0x7f98fe418600
n232-194-226:234598:234697 [1] NCCL INFO Mem Realloc old size 0, new size 8 pointer 0x7f9d88002f10
n232-194-226:234598:234697 [1] NCCL INFO New proxy recv connection 0 from local rank 1, transport 0
n232-194-226:234598:234697 [1] NCCL INFO proxyProgressAsync opId=0x7f9d92bbc510 op.type=1 op.reqBuff=0x7f9d88002ed0 op.respSize=16 done
n232-194-226:234599:234633 [2] NCCL INFO channel.cc:40 Cuda Alloc Size 6144 pointer 0x7f98fe418800
n232-194-226:234603:234637 [6] NCCL INFO channel.cc:54 Cuda Alloc Size 64 pointer 0x7fc5ce413200
n232-194-226:234600:234631 [3] NCCL INFO channel.cc:54 Cuda Alloc Size 64 pointer 0x7fb922418600
n232-194-226:234599:234633 [2] NCCL INFO channel.cc:43 Cuda Alloc Size 200 pointer 0x7f98fe41a000
n232-194-226:234603:234637 [6] NCCL INFO channel.cc:40 Cuda Alloc Size 6144 pointer 0x7fc5ce413400
n232-194-226:234598:234634 [1] NCCL INFO ncclPollProxyResponse Received new opId=0x7f9d92bbc510
n232-194-226:234597:234630 [0] NCCL INFO channel.cc:54 Cuda Alloc Size 64 pointer 0x7f5a4641a200
n232-194-226:234600:234631 [3] NCCL INFO channel.cc:40 Cuda Alloc Size 6144 pointer 0x7fb922418800
n232-194-226:234603:234637 [6] NCCL INFO channel.cc:43 Cuda Alloc Size 200 pointer 0x7fc5ce414c00
n232-194-226:234598:234697 [1] NCCL INFO Received and initiated operation=Init res=0
n232-194-226:234600:234631 [3] NCCL INFO channel.cc:43 Cuda Alloc Size 200 pointer 0x7fb92241a000
n232-194-226:234598:234634 [1] NCCL INFO recvOpId=0x7f9d92bbc510 matches expected opId=0x7f9d92bbc510
n232-194-226:234598:234634 [1] NCCL INFO Connection to proxy localRank 1 -> connection 0x7f9d88003150
n232-194-226:234597:234630 [0] NCCL INFO channel.cc:40 Cuda Alloc Size 6144 pointer 0x7f5a4641a400
n232-194-226:234597:234630 [0] NCCL INFO channel.cc:43 Cuda Alloc Size 200 pointer 0x7f5a4641bc00
n232-194-226:234599:234633 [2] NCCL INFO channel.cc:54 Cuda Alloc Size 64 pointer 0x7f98fe41a200
n232-194-226:234603:234637 [6] NCCL INFO channel.cc:54 Cuda Alloc Size 64 pointer 0x7fc5ce414e00
n232-194-226:234599:234633 [2] NCCL INFO channel.cc:40 Cuda Alloc Size 6144 pointer 0x7f98fe41a400
n232-194-226:234599:234633 [2] NCCL INFO channel.cc:43 Cuda Alloc Size 200 pointer 0x7f98fe41bc00
n232-194-226:234603:234637 [6] NCCL INFO channel.cc:40 Cuda Alloc Size 6144 pointer 0x7fc5ce415000
n232-194-226:234603:234637 [6] NCCL INFO channel.cc:43 Cuda Alloc Size 200 pointer 0x7fc5ce416800
n232-194-226:234597:234630 [0] NCCL INFO channel.cc:54 Cuda Alloc Size 64 pointer 0x7f5a4641be00
n232-194-226:234600:234631 [3] NCCL INFO channel.cc:54 Cuda Alloc Size 64 pointer 0x7fb92241a200
n232-194-226:234600:234631 [3] NCCL INFO channel.cc:40 Cuda Alloc Size 6144 pointer 0x7fb92241a400
n232-194-226:234600:234631 [3] NCCL INFO channel.cc:43 Cuda Alloc Size 200 pointer 0x7fb92241bc00
n232-194-226:234597:234630 [0] NCCL INFO Channel 02/0 : 0[0] -> 7[7] via P2P/IPC
n232-194-226:234603:234637 [6] NCCL INFO channel.cc:54 Cuda Alloc Size 64 pointer 0x7fc5ce416a00
n232-194-226:234599:234633 [2] NCCL INFO channel.cc:54 Cuda Alloc Size 64 pointer 0x7f98fe41be00
n232-194-226:234603:234637 [6] NCCL INFO channel.cc:40 Cuda Alloc Size 6144 pointer 0x7fc5ce416c00
n232-194-226:234603:234637 [6] NCCL INFO channel.cc:43 Cuda Alloc Size 200 pointer 0x7fc5ce418400
n232-194-226:234599:234633 [2] NCCL INFO Channel 00/0 : 2[2] -> 7[7] via P2P/IPC
n232-194-226:234600:234631 [3] NCCL INFO channel.cc:54 Cuda Alloc Size 64 pointer 0x7fb92241be00
n232-194-226:234603:234637 [6] NCCL INFO channel.cc:54 Cuda Alloc Size 64 pointer 0x7fc5ce418600
n232-194-226:234603:234637 [6] NCCL INFO channel.cc:40 Cuda Alloc Size 6144 pointer 0x7fc5ce418800
n232-194-226:234603:234637 [6] NCCL INFO channel.cc:43 Cuda Alloc Size 200 pointer 0x7fc5ce41a000
n232-194-226:234600:234631 [3] NCCL INFO Channel 01/0 : 3[3] -> 7[7] via P2P/IPC
n232-194-226:234603:234637 [6] NCCL INFO channel.cc:54 Cuda Alloc Size 64 pointer 0x7fc5ce41a200
n232-194-226:234597:234698 [0] NCCL INFO Mem Realloc old size 0, new size 8 pointer 0x7f5a64002f10
n232-194-226:234603:234637 [6] NCCL INFO channel.cc:40 Cuda Alloc Size 6144 pointer 0x7fc5ce41a400
n232-194-226:234603:234637 [6] NCCL INFO channel.cc:43 Cuda Alloc Size 200 pointer 0x7fc5ce41bc00
n232-194-226:234597:234698 [0] NCCL INFO New proxy send connection 0 from local rank 0, transport 0
n232-194-226:234599:234699 [2] NCCL INFO Mem Realloc old size 0, new size 8 pointer 0x7f98f8002f10
n232-194-226:234597:234698 [0] NCCL INFO proxyProgressAsync opId=0x7f5a4abbc8b0 op.type=1 op.reqBuff=0x7f5a64002ed0 op.respSize=16 done
n232-194-226:234599:234699 [2] NCCL INFO New proxy send connection 0 from local rank 2, transport 0
n232-194-226:234599:234699 [2] NCCL INFO proxyProgressAsync opId=0x7f9902bbc510 op.type=1 op.reqBuff=0x7f98f8002ed0 op.respSize=16 done
n232-194-226:234597:234630 [0] NCCL INFO ncclPollProxyResponse Received new opId=0x7f5a4abbc8b0
n232-194-226:234599:234633 [2] NCCL INFO ncclPollProxyResponse Received new opId=0x7f9902bbc510
n232-194-226:234597:234698 [0] NCCL INFO Received and initiated operation=Init res=0
n232-194-226:234597:234630 [0] NCCL INFO recvOpId=0x7f5a4abbc8b0 matches expected opId=0x7f5a4abbc8b0
n232-194-226:234597:234630 [0] NCCL INFO Connection to proxy localRank 0 -> connection 0x7f5a64003150
n232-194-226:234599:234699 [2] NCCL INFO Received and initiated operation=Init res=0
n232-194-226:234599:234633 [2] NCCL INFO recvOpId=0x7f9902bbc510 matches expected opId=0x7f9902bbc510
n232-194-226:234599:234633 [2] NCCL INFO Connection to proxy localRank 2 -> connection 0x7f98f8003150
n232-194-226:234603:234637 [6] NCCL INFO channel.cc:54 Cuda Alloc Size 64 pointer 0x7fc5ce41be00
n232-194-226:234600:234700 [3] NCCL INFO Mem Realloc old size 0, new size 8 pointer 0x7fb91c002f10
n232-194-226:234600:234700 [3] NCCL INFO New proxy send connection 0 from local rank 3, transport 0
n232-194-226:234600:234700 [3] NCCL INFO proxyProgressAsync opId=0x7fb926bbc6f0 op.type=1 op.reqBuff=0x7fb91c002ed0 op.respSize=16 done
n232-194-226:234604:234695 [7] NCCL INFO transport/p2p.cc:204 Cuda Alloc Size 10485760 pointer 0x7fdcb8800000
n232-194-226:234600:234631 [3] NCCL INFO ncclPollProxyResponse Received new opId=0x7fb926bbc6f0
n232-194-226:234600:234700 [3] NCCL INFO Received and initiated operation=Init res=0
n232-194-226:234600:234631 [3] NCCL INFO recvOpId=0x7fb926bbc6f0 matches expected opId=0x7fb926bbc6f0
n232-194-226:234600:234631 [3] NCCL INFO Connection to proxy localRank 3 -> connection 0x7fb91c003150
n232-194-226:234604:234695 [7] NCCL INFO Allocated shareable buffer 0x7fdcb8800000 size 10485760 ipcDesc 0x7fdcb00059d0
n232-194-226:234604:234695 [7] NCCL INFO proxyProgressAsync opId=0x7fdcbebbc610 op.type=3 op.reqBuff=0x7fdcb00059a0 op.respSize=80 done
n232-194-226:234604:234632 [7] NCCL INFO ncclPollProxyResponse Received new opId=0x7fdcbebbc610
n232-194-226:234604:234632 [7] NCCL INFO recvOpId=0x7fdcbebbc610 matches expected opId=0x7fdcbebbc610
n232-194-226:234604:234695 [7] NCCL INFO Received and initiated operation=Setup res=0
n232-194-226:234604:234695 [7] NCCL INFO New proxy recv connection 1 from local rank 7, transport 0
n232-194-226:234604:234695 [7] NCCL INFO proxyProgressAsync opId=0x7fdcbebbc610 op.type=1 op.reqBuff=0x7fdcb0012e20 op.respSize=16 done
n232-194-226:234604:234632 [7] NCCL INFO ncclPollProxyResponse Received new opId=0x7fdcbebbc610
n232-194-226:234604:234632 [7] NCCL INFO recvOpId=0x7fdcbebbc610 matches expected opId=0x7fdcbebbc610
n232-194-226:234604:234632 [7] NCCL INFO Connection to proxy localRank 7 -> connection 0x7fdcb00031a0
n232-194-226:234604:234695 [7] NCCL INFO Received and initiated operation=Init res=0
n232-194-226:234603:234701 [6] NCCL INFO Mem Realloc old size 0, new size 8 pointer 0x7fc5c8002f10
n232-194-226:234603:234701 [6] NCCL INFO New proxy recv connection 0 from local rank 6, transport 0
n232-194-226:234603:234701 [6] NCCL INFO proxyProgressAsync opId=0x7fc5d2bbc6f0 op.type=1 op.reqBuff=0x7fc5c8002ed0 op.respSize=16 done
n232-194-226:234603:234637 [6] NCCL INFO ncclPollProxyResponse Received new opId=0x7fc5d2bbc6f0
n232-194-226:234603:234637 [6] NCCL INFO recvOpId=0x7fc5d2bbc6f0 matches expected opId=0x7fc5d2bbc6f0
n232-194-226:234603:234701 [6] NCCL INFO Received and initiated operation=Init res=0
n232-194-226:234603:234637 [6] NCCL INFO Connection to proxy localRank 6 -> connection 0x7fc5c8003150
n232-194-226:234598:234697 [1] NCCL INFO transport/p2p.cc:204 Cuda Alloc Size 10485760 pointer 0x7f9d8e800000
n232-194-226:234604:234695 [7] NCCL INFO transport/p2p.cc:204 Cuda Alloc Size 10485760 pointer 0x7fdcb9200000
n232-194-226:234598:234697 [1] NCCL INFO Allocated shareable buffer 0x7f9d8e800000 size 10485760 ipcDesc 0x7f9d880059d0
n232-194-226:234598:234697 [1] NCCL INFO proxyProgressAsync opId=0x7f9d92bbc510 op.type=3 op.reqBuff=0x7f9d880059a0 op.respSize=80 done
n232-194-226:234604:234695 [7] NCCL INFO Allocated shareable buffer 0x7fdcb9200000 size 10485760 ipcDesc 0x7fdcb0012ed0
n232-194-226:234604:234695 [7] NCCL INFO proxyProgressAsync opId=0x7fdcbebbc610 op.type=3 op.reqBuff=0x7fdcb0012ea0 op.respSize=80 done
n232-194-226:234598:234634 [1] NCCL INFO ncclPollProxyResponse Received new opId=0x7f9d92bbc510
n232-194-226:234598:234697 [1] NCCL INFO Received and initiated operation=Setup res=0
n232-194-226:234598:234634 [1] NCCL INFO recvOpId=0x7f9d92bbc510 matches expected opId=0x7f9d92bbc510
n232-194-226:234604:234632 [7] NCCL INFO ncclPollProxyResponse Received new opId=0x7fdcbebbc610
n232-194-226:234604:234632 [7] NCCL INFO recvOpId=0x7fdcbebbc610 matches expected opId=0x7fdcbebbc610
n232-194-226:234604:234695 [7] NCCL INFO Received and initiated operation=Setup res=0
n232-194-226:234598:234697 [1] NCCL INFO New proxy recv connection 1 from local rank 1, transport 0
n232-194-226:234598:234697 [1] NCCL INFO proxyProgressAsync opId=0x7f9d92bbc510 op.type=1 op.reqBuff=0x7f9d88012e20 op.respSize=16 done
n232-194-226:234598:234634 [1] NCCL INFO ncclPollProxyResponse Received new opId=0x7f9d92bbc510
n232-194-226:234598:234634 [1] NCCL INFO recvOpId=0x7f9d92bbc510 matches expected opId=0x7f9d92bbc510
n232-194-226:234604:234695 [7] NCCL INFO New proxy recv connection 2 from local rank 7, transport 0
n232-194-226:234598:234634 [1] NCCL INFO Connection to proxy localRank 1 -> connection 0x7f9d880031a0
n232-194-226:234598:234697 [1] NCCL INFO Received and initiated operation=Init res=0
n232-194-226:234604:234695 [7] NCCL INFO proxyProgressAsync opId=0x7fdcbebbc610 op.type=1 op.reqBuff=0x7fdcb0013cb0 op.respSize=16 done
n232-194-226:234604:234632 [7] NCCL INFO ncclPollProxyResponse Received new opId=0x7fdcbebbc610
n232-194-226:234604:234632 [7] NCCL INFO recvOpId=0x7fdcbebbc610 matches expected opId=0x7fdcbebbc610
n232-194-226:234604:234632 [7] NCCL INFO Connection to proxy localRank 7 -> connection 0x7fdcb00031f0
n232-194-226:234604:234695 [7] NCCL INFO Received and initiated operation=Init res=0
n232-194-226:234599:234699 [2] NCCL INFO transport/p2p.cc:204 Cuda Alloc Size 2097152 pointer 0x7f98fe800000
n232-194-226:234600:234700 [3] NCCL INFO transport/p2p.cc:204 Cuda Alloc Size 2097152 pointer 0x7fb922800000
n232-194-226:234599:234699 [2] NCCL INFO Allocated shareable buffer 0x7f98fe800000 size 2097152 ipcDesc 0x7f98f80059d0
n232-194-226:234599:234699 [2] NCCL INFO proxyProgressAsync opId=0x7f9902bbc510 op.type=3 op.reqBuff=0x7f98f80059a0 op.respSize=80 done
n232-194-226:234599:234633 [2] NCCL INFO ncclPollProxyResponse Received new opId=0x7f9902bbc510
n232-194-226:234599:234699 [2] NCCL INFO Received and initiated operation=Setup res=0
n232-194-226:234600:234700 [3] NCCL INFO Allocated shareable buffer 0x7fb922800000 size 2097152 ipcDesc 0x7fb91c0059d0
n232-194-226:234600:234700 [3] NCCL INFO proxyProgressAsync opId=0x7fb926bbc6f0 op.type=3 op.reqBuff=0x7fb91c0059a0 op.respSize=80 done
n232-194-226:234599:234633 [2] NCCL INFO recvOpId=0x7f9902bbc510 matches expected opId=0x7f9902bbc510
n232-194-226:234600:234631 [3] NCCL INFO ncclPollProxyResponse Received new opId=0x7fb926bbc6f0
n232-194-226:234599:234633 [2] NCCL INFO Channel 03/0 : 2[2] -> 7[7] via P2P/IPC
n232-194-226:234600:234631 [3] NCCL INFO recvOpId=0x7fb926bbc6f0 matches expected opId=0x7fb926bbc6f0
n232-194-226:234600:234700 [3] NCCL INFO Received and initiated operation=Setup res=0
n232-194-226:234600:234631 [3] NCCL INFO Channel 04/0 : 3[3] -> 7[7] via P2P/IPC
n232-194-226:234599:234699 [2] NCCL INFO New proxy send connection 1 from local rank 2, transport 0
n232-194-226:234599:234699 [2] NCCL INFO proxyProgressAsync opId=0x7f9902bbc510 op.type=1 op.reqBuff=0x7f98f8012e20 op.respSize=16 done
n232-194-226:234599:234633 [2] NCCL INFO ncclPollProxyResponse Received new opId=0x7f9902bbc510
n232-194-226:234600:234700 [3] NCCL INFO New proxy send connection 1 from local rank 3, transport 0
n232-194-226:234600:234700 [3] NCCL INFO proxyProgressAsync opId=0x7fb926bbc6f0 op.type=1 op.reqBuff=0x7fb91c012e20 op.respSize=16 done
n232-194-226:234599:234633 [2] NCCL INFO recvOpId=0x7f9902bbc510 matches expected opId=0x7f9902bbc510
n232-194-226:234599:234633 [2] NCCL INFO Connection to proxy localRank 2 -> connection 0x7f98f80031a0
n232-194-226:234599:234699 [2] NCCL INFO Received and initiated operation=Init res=0
n232-194-226:234600:234631 [3] NCCL INFO ncclPollProxyResponse Received new opId=0x7fb926bbc6f0
n232-194-226:234600:234631 [3] NCCL INFO recvOpId=0x7fb926bbc6f0 matches expected opId=0x7fb926bbc6f0
n232-194-226:234600:234631 [3] NCCL INFO Connection to proxy localRank 3 -> connection 0x7fb91c0031a0
n232-194-226:234600:234700 [3] NCCL INFO Received and initiated operation=Init res=0
n232-194-226:234603:234701 [6] NCCL INFO transport/p2p.cc:204 Cuda Alloc Size 10485760 pointer 0x7fc5ce800000
n232-194-226:234603:234701 [6] NCCL INFO Allocated shareable buffer 0x7fc5ce800000 size 10485760 ipcDesc 0x7fc5c80059d0
n232-194-226:234603:234701 [6] NCCL INFO proxyProgressAsync opId=0x7fc5d2bbc6f0 op.type=3 op.reqBuff=0x7fc5c80059a0 op.respSize=80 done
n232-194-226:234603:234637 [6] NCCL INFO ncclPollProxyResponse Received new opId=0x7fc5d2bbc6f0
n232-194-226:234603:234701 [6] NCCL INFO Received and initiated operation=Setup res=0
n232-194-226:234603:234637 [6] NCCL INFO recvOpId=0x7fc5d2bbc6f0 matches expected opId=0x7fc5d2bbc6f0
n232-194-226:234598:234697 [1] NCCL INFO transport/p2p.cc:204 Cuda Alloc Size 10485760 pointer 0x7f9d8f200000
n232-194-226:234603:234701 [6] NCCL INFO New proxy recv connection 1 from local rank 6, transport 0
n232-194-226:234603:234701 [6] NCCL INFO proxyProgressAsync opId=0x7fc5d2bbc6f0 op.type=1 op.reqBuff=0x7fc5c8012e20 op.respSize=16 done
n232-194-226:234603:234701 [6] NCCL INFO Received and initiated operation=Init res=0
n232-194-226:234603:234637 [6] NCCL INFO ncclPollProxyResponse Received new opId=0x7fc5d2bbc6f0
n232-194-226:234603:234637 [6] NCCL INFO recvOpId=0x7fc5d2bbc6f0 matches expected opId=0x7fc5d2bbc6f0
n232-194-226:234603:234637 [6] NCCL INFO Connection to proxy localRank 6 -> connection 0x7fc5c80031a0
n232-194-226:234598:234697 [1] NCCL INFO Allocated shareable buffer 0x7f9d8f200000 size 10485760 ipcDesc 0x7f9d88012ed0
n232-194-226:234598:234697 [1] NCCL INFO proxyProgressAsync opId=0x7f9d92bbc510 op.type=3 op.reqBuff=0x7f9d88012ea0 op.respSize=80 done
n232-194-226:234598:234634 [1] NCCL INFO ncclPollProxyResponse Received new opId=0x7f9d92bbc510
n232-194-226:234604:234695 [7] NCCL INFO transport/p2p.cc:204 Cuda Alloc Size 10485760 pointer 0x7fdcb6000000
n232-194-226:234598:234634 [1] NCCL INFO recvOpId=0x7f9d92bbc510 matches expected opId=0x7f9d92bbc510
n232-194-226:234598:234697 [1] NCCL INFO Received and initiated operation=Setup res=0
n232-194-226:234598:234697 [1] NCCL INFO New proxy recv connection 2 from local rank 1, transport 0
n232-194-226:234598:234697 [1] NCCL INFO proxyProgressAsync opId=0x7f9d92bbc510 op.type=1 op.reqBuff=0x7f9d88013cb0 op.respSize=16 done
n232-194-226:234598:234634 [1] NCCL INFO ncclPollProxyResponse Received new opId=0x7f9d92bbc510
n232-194-226:234598:234634 [1] NCCL INFO recvOpId=0x7f9d92bbc510 matches expected opId=0x7f9d92bbc510
n232-194-226:234598:234697 [1] NCCL INFO Received and initiated operation=Init res=0
n232-194-226:234598:234634 [1] NCCL INFO Connection to proxy localRank 1 -> connection 0x7f9d880031f0
n232-194-226:234604:234695 [7] NCCL INFO Allocated shareable buffer 0x7fdcb6000000 size 10485760 ipcDesc 0x7fdcb0013d40
n232-194-226:234597:234698 [0] NCCL INFO transport/p2p.cc:204 Cuda Alloc Size 2097152 pointer 0x7f5a46800000
n232-194-226:234604:234695 [7] NCCL INFO proxyProgressAsync opId=0x7fdcbebbc610 op.type=3 op.reqBuff=0x7fdcb0013cd0 op.respSize=80 done
n232-194-226:234604:234632 [7] NCCL INFO ncclPollProxyResponse Received new opId=0x7fdcbebbc610
n232-194-226:234604:234632 [7] NCCL INFO recvOpId=0x7fdcbebbc610 matches expected opId=0x7fdcbebbc610
n232-194-226:234604:234695 [7] NCCL INFO Received and initiated operation=Setup res=0
n232-194-226:234604:234695 [7] NCCL INFO New proxy recv connection 3 from local rank 7, transport 0
n232-194-226:234604:234695 [7] NCCL INFO proxyProgressAsync opId=0x7fdcbebbc610 op.type=1 op.reqBuff=0x7fdcb0013cd0 op.respSize=16 done
n232-194-226:234604:234632 [7] NCCL INFO ncclPollProxyResponse Received new opId=0x7fdcbebbc610
n232-194-226:234597:234698 [0] NCCL INFO Allocated shareable buffer 0x7f5a46800000 size 2097152 ipcDesc 0x7f5a640059d0
n232-194-226:234599:234699 [2] NCCL INFO transport/p2p.cc:204 Cuda Alloc Size 2097152 pointer 0x7f98fea00000
n232-194-226:234597:234698 [0] NCCL INFO proxyProgressAsync opId=0x7f5a4abbc8b0 op.type=3 op.reqBuff=0x7f5a640059a0 op.respSize=80 done
n232-194-226:234604:234632 [7] NCCL INFO recvOpId=0x7fdcbebbc610 matches expected opId=0x7fdcbebbc610
n232-194-226:234604:234632 [7] NCCL INFO Connection to proxy localRank 7 -> connection 0x7fdcb0003240
n232-194-226:234604:234695 [7] NCCL INFO Received and initiated operation=Init res=0
n232-194-226:234597:234630 [0] NCCL INFO ncclPollProxyResponse Received new opId=0x7f5a4abbc8b0
n232-194-226:234597:234630 [0] NCCL INFO recvOpId=0x7f5a4abbc8b0 matches expected opId=0x7f5a4abbc8b0
n232-194-226:234597:234698 [0] NCCL INFO Received and initiated operation=Setup res=0
n232-194-226:234599:234699 [2] NCCL INFO Allocated shareable buffer 0x7f98fea00000 size 2097152 ipcDesc 0x7f98f8012ed0
n232-194-226:234599:234699 [2] NCCL INFO proxyProgressAsync opId=0x7f9902bbc510 op.type=3 op.reqBuff=0x7f98f8012ea0 op.respSize=80 done
n232-194-226:234597:234630 [0] NCCL INFO Channel 05/0 : 0[0] -> 7[7] via P2P/IPC
n232-194-226:234600:234700 [3] NCCL INFO transport/p2p.cc:204 Cuda Alloc Size 2097152 pointer 0x7fb922a00000
n232-194-226:234599:234633 [2] NCCL INFO ncclPollProxyResponse Received new opId=0x7f9902bbc510
n232-194-226:234599:234633 [2] NCCL INFO recvOpId=0x7f9902bbc510 matches expected opId=0x7f9902bbc510
n232-194-226:234599:234699 [2] NCCL INFO Received and initiated operation=Setup res=0
n232-194-226:234599:234633 [2] NCCL INFO Channel 06/0 : 2[2] -> 7[7] via P2P/IPC
n232-194-226:234597:234698 [0] NCCL INFO New proxy send connection 1 from local rank 0, transport 0
n232-194-226:234597:234698 [0] NCCL INFO proxyProgressAsync opId=0x7f5a4abbc8b0 op.type=1 op.reqBuff=0x7f5a64012e20 op.respSize=16 done
n232-194-226:234597:234630 [0] NCCL INFO ncclPollProxyResponse Received new opId=0x7f5a4abbc8b0
n232-194-226:234600:234700 [3] NCCL INFO Allocated shareable buffer 0x7fb922a00000 size 2097152 ipcDesc 0x7fb91c012ed0
n232-194-226:234597:234630 [0] NCCL INFO recvOpId=0x7f5a4abbc8b0 matches expected opId=0x7f5a4abbc8b0
n232-194-226:234600:234700 [3] NCCL INFO proxyProgressAsync opId=0x7fb926bbc6f0 op.type=3 op.reqBuff=0x7fb91c012ea0 op.respSize=80 done
n232-194-226:234597:234630 [0] NCCL INFO Connection to proxy localRank 0 -> connection 0x7f5a640031a0
n232-194-226:234599:234699 [2] NCCL INFO New proxy send connection 2 from local rank 2, transport 0
n232-194-226:234597:234698 [0] NCCL INFO Received and initiated operation=Init res=0
n232-194-226:234599:234699 [2] NCCL INFO proxyProgressAsync opId=0x7f9902bbc510 op.type=1 op.reqBuff=0x7f98f8013cb0 op.respSize=16 done
n232-194-226:234600:234631 [3] NCCL INFO ncclPollProxyResponse Received new opId=0x7fb926bbc6f0
n232-194-226:234599:234633 [2] NCCL INFO ncclPollProxyResponse Received new opId=0x7f9902bbc510
n232-194-226:234600:234631 [3] NCCL INFO recvOpId=0x7fb926bbc6f0 matches expected opId=0x7fb926bbc6f0
n232-194-226:234599:234633 [2] NCCL INFO recvOpId=0x7f9902bbc510 matches expected opId=0x7f9902bbc510
n232-194-226:234600:234700 [3] NCCL INFO Received and initiated operation=Setup res=0
n232-194-226:234599:234699 [2] NCCL INFO Received and initiated operation=Init res=0
