n232-194-226:234599:234633 [2] NCCL INFO Connection to proxy localRank 2 -> connection 0x7f98f80031f0
n232-194-226:234600:234631 [3] NCCL INFO Channel 07/0 : 3[3] -> 7[7] via P2P/IPC
n232-194-226:234603:234701 [6] NCCL INFO transport/p2p.cc:204 Cuda Alloc Size 10485760 pointer 0x7fc5cf200000
n232-194-226:234600:234700 [3] NCCL INFO New proxy send connection 2 from local rank 3, transport 0
n232-194-226:234600:234700 [3] NCCL INFO proxyProgressAsync opId=0x7fb926bbc6f0 op.type=1 op.reqBuff=0x7fb91c013cb0 op.respSize=16 done
n232-194-226:234600:234631 [3] NCCL INFO ncclPollProxyResponse Received new opId=0x7fb926bbc6f0
n232-194-226:234600:234631 [3] NCCL INFO recvOpId=0x7fb926bbc6f0 matches expected opId=0x7fb926bbc6f0
n232-194-226:234600:234631 [3] NCCL INFO Connection to proxy localRank 3 -> connection 0x7fb91c0031f0
n232-194-226:234600:234700 [3] NCCL INFO Received and initiated operation=Init res=0
n232-194-226:234603:234701 [6] NCCL INFO Allocated shareable buffer 0x7fc5cf200000 size 10485760 ipcDesc 0x7fc5c8012ed0
n232-194-226:234603:234701 [6] NCCL INFO proxyProgressAsync opId=0x7fc5d2bbc6f0 op.type=3 op.reqBuff=0x7fc5c8012ea0 op.respSize=80 done
n232-194-226:234603:234637 [6] NCCL INFO ncclPollProxyResponse Received new opId=0x7fc5d2bbc6f0
n232-194-226:234603:234637 [6] NCCL INFO recvOpId=0x7fc5d2bbc6f0 matches expected opId=0x7fc5d2bbc6f0
n232-194-226:234603:234701 [6] NCCL INFO Received and initiated operation=Setup res=0
n232-194-226:234603:234701 [6] NCCL INFO New proxy recv connection 2 from local rank 6, transport 0
n232-194-226:234603:234701 [6] NCCL INFO proxyProgressAsync opId=0x7fc5d2bbc6f0 op.type=1 op.reqBuff=0x7fc5c8013cb0 op.respSize=16 done
n232-194-226:234603:234637 [6] NCCL INFO ncclPollProxyResponse Received new opId=0x7fc5d2bbc6f0
n232-194-226:234603:234637 [6] NCCL INFO recvOpId=0x7fc5d2bbc6f0 matches expected opId=0x7fc5d2bbc6f0
n232-194-226:234603:234701 [6] NCCL INFO Received and initiated operation=Init res=0
n232-194-226:234603:234637 [6] NCCL INFO Connection to proxy localRank 6 -> connection 0x7fc5c80031f0
n232-194-226:234604:234695 [7] NCCL INFO transport/p2p.cc:204 Cuda Alloc Size 10485760 pointer 0x7fdcb6a00000
n232-194-226:234604:234695 [7] NCCL INFO Allocated shareable buffer 0x7fdcb6a00000 size 10485760 ipcDesc 0x7fdcb0014f40
n232-194-226:234604:234695 [7] NCCL INFO proxyProgressAsync opId=0x7fdcbebbc610 op.type=3 op.reqBuff=0x7fdcb0014ed0 op.respSize=80 done
n232-194-226:234598:234697 [1] NCCL INFO transport/p2p.cc:204 Cuda Alloc Size 10485760 pointer 0x7f9d86000000
n232-194-226:234599:234699 [2] NCCL INFO transport/p2p.cc:204 Cuda Alloc Size 2097152 pointer 0x7f98fec00000
n232-194-226:234604:234632 [7] NCCL INFO ncclPollProxyResponse Received new opId=0x7fdcbebbc610
n232-194-226:234604:234632 [7] NCCL INFO recvOpId=0x7fdcbebbc610 matches expected opId=0x7fdcbebbc610
n232-194-226:234604:234695 [7] NCCL INFO Received and initiated operation=Setup res=0
n232-194-226:234599:234699 [2] NCCL INFO Allocated shareable buffer 0x7f98fec00000 size 2097152 ipcDesc 0x7f98f8013d40
n232-194-226:234599:234699 [2] NCCL INFO proxyProgressAsync opId=0x7f9902bbc510 op.type=3 op.reqBuff=0x7f98f8013cd0 op.respSize=80 done
n232-194-226:234599:234633 [2] NCCL INFO ncclPollProxyResponse Received new opId=0x7f9902bbc510
n232-194-226:234598:234697 [1] NCCL INFO Allocated shareable buffer 0x7f9d86000000 size 10485760 ipcDesc 0x7f9d88013d40
n232-194-226:234598:234697 [1] NCCL INFO proxyProgressAsync opId=0x7f9d92bbc510 op.type=3 op.reqBuff=0x7f9d88013cd0 op.respSize=80 done
n232-194-226:234599:234633 [2] NCCL INFO recvOpId=0x7f9902bbc510 matches expected opId=0x7f9902bbc510
n232-194-226:234598:234634 [1] NCCL INFO ncclPollProxyResponse Received new opId=0x7f9d92bbc510
n232-194-226:234599:234699 [2] NCCL INFO Received and initiated operation=Setup res=0
n232-194-226:234599:234633 [2] NCCL INFO Channel 09/0 : 2[2] -> 7[7] via P2P/IPC
n232-194-226:234598:234634 [1] NCCL INFO recvOpId=0x7f9d92bbc510 matches expected opId=0x7f9d92bbc510
n232-194-226:234598:234697 [1] NCCL INFO Received and initiated operation=Setup res=0
n232-194-226:234600:234700 [3] NCCL INFO transport/p2p.cc:204 Cuda Alloc Size 2097152 pointer 0x7fb922c00000
n232-194-226:234599:234699 [2] NCCL INFO New proxy send connection 3 from local rank 2, transport 0
n232-194-226:234599:234699 [2] NCCL INFO proxyProgressAsync opId=0x7f9902bbc510 op.type=1 op.reqBuff=0x7f98f8013cd0 op.respSize=16 done
n232-194-226:234599:234633 [2] NCCL INFO ncclPollProxyResponse Received new opId=0x7f9902bbc510
n232-194-226:234599:234699 [2] NCCL INFO Received and initiated operation=Init res=0
n232-194-226:234599:234633 [2] NCCL INFO recvOpId=0x7f9902bbc510 matches expected opId=0x7f9902bbc510
n232-194-226:234599:234633 [2] NCCL INFO Connection to proxy localRank 2 -> connection 0x7f98f8003240
n232-194-226:234600:234700 [3] NCCL INFO Allocated shareable buffer 0x7fb922c00000 size 2097152 ipcDesc 0x7fb91c013d40
n232-194-226:234600:234700 [3] NCCL INFO proxyProgressAsync opId=0x7fb926bbc6f0 op.type=3 op.reqBuff=0x7fb91c013cd0 op.respSize=80 done
n232-194-226:234598:234697 [1] NCCL INFO New proxy recv connection 3 from local rank 1, transport 0
n232-194-226:234600:234631 [3] NCCL INFO ncclPollProxyResponse Received new opId=0x7fb926bbc6f0
n232-194-226:234598:234697 [1] NCCL INFO proxyProgressAsync opId=0x7f9d92bbc510 op.type=1 op.reqBuff=0x7f9d88013cd0 op.respSize=16 done
n232-194-226:234600:234700 [3] NCCL INFO Received and initiated operation=Setup res=0
n232-194-226:234601:234694 [4] NCCL INFO New proxy recv connection 0 from local rank 4, transport 2
n232-194-226:234598:234634 [1] NCCL INFO ncclPollProxyResponse Received new opId=0x7f9d92bbc510
n232-194-226:234600:234631 [3] NCCL INFO recvOpId=0x7fb926bbc6f0 matches expected opId=0x7fb926bbc6f0
n232-194-226:234601:234694 [4] NCCL INFO proxyProgressAsync opId=0x7fad32bbc6f0 op.type=1 op.reqBuff=0x7fad28002ed0 op.respSize=16 done
n232-194-226:234598:234697 [1] NCCL INFO Received and initiated operation=Init res=0
n232-194-226:234598:234634 [1] NCCL INFO recvOpId=0x7f9d92bbc510 matches expected opId=0x7f9d92bbc510
n232-194-226:234598:234634 [1] NCCL INFO Connection to proxy localRank 1 -> connection 0x7f9d88003240
n232-194-226:234600:234631 [3] NCCL INFO Channel 10/0 : 3[3] -> 7[7] via P2P/IPC
n232-194-226:234601:234635 [4] NCCL INFO ncclPollProxyResponse Received new opId=0x7fad32bbc6f0
n232-194-226:234600:234700 [3] NCCL INFO New proxy send connection 3 from local rank 3, transport 0
n232-194-226:234601:234635 [4] NCCL INFO recvOpId=0x7fad32bbc6f0 matches expected opId=0x7fad32bbc6f0
n232-194-226:234601:234694 [4] NCCL INFO Received and initiated operation=Init res=0
n232-194-226:234600:234700 [3] NCCL INFO proxyProgressAsync opId=0x7fb926bbc6f0 op.type=1 op.reqBuff=0x7fb91c013cd0 op.respSize=16 done
n232-194-226:234600:234631 [3] NCCL INFO ncclPollProxyResponse Received new opId=0x7fb926bbc6f0
n232-194-226:234601:234694 [4] NCCL INFO New proxy send connection 1 from local rank 5, transport 2
n232-194-226:234600:234631 [3] NCCL INFO recvOpId=0x7fb926bbc6f0 matches expected opId=0x7fb926bbc6f0
n232-194-226:234601:234694 [4] NCCL INFO proxyProgressAsync opId=0x7f7432bbc6f0 op.type=1 op.reqBuff=0x7fad28005c70 op.respSize=16 done
n232-194-226:234600:234700 [3] NCCL INFO Received and initiated operation=Init res=0
n232-194-226:234600:234631 [3] NCCL INFO Connection to proxy localRank 3 -> connection 0x7fb91c003240
n232-194-226:234601:234635 [4] NCCL INFO Connection to proxy localRank 4 -> connection 0x7fad28003150
n232-194-226:234603:234701 [6] NCCL INFO transport/p2p.cc:204 Cuda Alloc Size 10485760 pointer 0x7fc5c6000000
n232-194-226:234602:234636 [5] NCCL INFO ncclPollProxyResponse Received new opId=0x7f7432bbc6f0
n232-194-226:234602:234636 [5] NCCL INFO recvOpId=0x7f7432bbc6f0 matches expected opId=0x7f7432bbc6f0
n232-194-226:234601:234694 [4] NCCL INFO Received and initiated operation=Init res=0
n232-194-226:234603:234701 [6] NCCL INFO Allocated shareable buffer 0x7fc5c6000000 size 10485760 ipcDesc 0x7fc5c8013d40
n232-194-226:234603:234701 [6] NCCL INFO proxyProgressAsync opId=0x7fc5d2bbc6f0 op.type=3 op.reqBuff=0x7fc5c8013cd0 op.respSize=80 done
n232-194-226:234602:234636 [5] NCCL INFO Connection to proxy localRank 4 -> connection 0x7fad280031a0
n232-194-226:234603:234637 [6] NCCL INFO ncclPollProxyResponse Received new opId=0x7fc5d2bbc6f0
n232-194-226:234603:234637 [6] NCCL INFO recvOpId=0x7fc5d2bbc6f0 matches expected opId=0x7fc5d2bbc6f0
n232-194-226:234603:234701 [6] NCCL INFO Received and initiated operation=Setup res=0
n232-194-226:234601:234694 [4] NCCL INFO proxyProgressAsync opId=0x7fad32bbc6f0 op.type=3 op.reqBuff=0x7fad28005cf0 op.respSize=128 done
n232-194-226:234601:234635 [4] NCCL INFO ncclPollProxyResponse Received new opId=0x7fad32bbc6f0
n232-194-226:234601:234635 [4] NCCL INFO recvOpId=0x7fad32bbc6f0 matches expected opId=0x7fad32bbc6f0
n232-194-226:234601:234694 [4] NCCL INFO Received and initiated operation=Setup res=0
n232-194-226:234603:234701 [6] NCCL INFO New proxy recv connection 3 from local rank 6, transport 0
n232-194-226:234601:234635 [4] NCCL INFO Channel 02/0 : 13[5] -> 4[4] [receive] via NET/IB/3/GDRDMA
n232-194-226:234603:234701 [6] NCCL INFO proxyProgressAsync opId=0x7fc5d2bbc6f0 op.type=1 op.reqBuff=0x7fc5c8013cd0 op.respSize=16 done
n232-194-226:234601:234635 [4] NCCL INFO GPU Direct RDMA Enabled for GPU 87000 / HCA 3 (distance 3 <= 4), read 0
n232-194-226:234603:234637 [6] NCCL INFO ncclPollProxyResponse Received new opId=0x7fc5d2bbc6f0
n232-194-226:234597:234698 [0] NCCL INFO transport/p2p.cc:204 Cuda Alloc Size 2097152 pointer 0x7f5a46a00000
n232-194-226:234603:234701 [6] NCCL INFO Received and initiated operation=Init res=0
n232-194-226:234603:234637 [6] NCCL INFO recvOpId=0x7fc5d2bbc6f0 matches expected opId=0x7fc5d2bbc6f0
n232-194-226:234601:234694 [4] NCCL INFO proxyProgressAsync opId=0x7f7432bbc6f0 op.type=3 op.reqBuff=0x7fad2800b170 op.respSize=0 done
n232-194-226:234603:234637 [6] NCCL INFO Connection to proxy localRank 6 -> connection 0x7fc5c8003240
n232-194-226:234602:234636 [5] NCCL INFO ncclPollProxyResponse Received new opId=0x7f7432bbc6f0
n232-194-226:234601:234694 [4] NCCL INFO Received and initiated operation=Setup res=0
n232-194-226:234602:234636 [5] NCCL INFO recvOpId=0x7f7432bbc6f0 matches expected opId=0x7f7432bbc6f0
n232-194-226:234602:234636 [5] NCCL INFO Channel 02/0 : 5[5] -> 12[4] [send] via NET/IB/3(4)/GDRDMA
n232-194-226:234602:234636 [5] NCCL INFO GPU Direct RDMA Enabled for GPU ae000 / HCA 3 (distance 3 <= 4), read 1
n232-194-226:234601:234694 [4] NCCL INFO New proxy recv connection 2 from local rank 4, transport 2
n232-194-226:234601:234694 [4] NCCL INFO proxyProgressAsync opId=0x7fad32bbc6f0 op.type=1 op.reqBuff=0x7fad280104c0 op.respSize=16 done
n232-194-226:234601:234635 [4] NCCL INFO ncclPollProxyResponse Received new opId=0x7fad32bbc6f0
n232-194-226:234601:234694 [4] NCCL INFO Received and initiated operation=Init res=0
n232-194-226:234601:234635 [4] NCCL INFO recvOpId=0x7fad32bbc6f0 matches expected opId=0x7fad32bbc6f0
n232-194-226:234601:234635 [4] NCCL INFO Connection to proxy localRank 4 -> connection 0x7fad280031f0
n232-194-226:234601:234694 [4] NCCL INFO New proxy send connection 3 from local rank 5, transport 2
n232-194-226:234601:234694 [4] NCCL INFO proxyProgressAsync opId=0x7f7432bbc6f0 op.type=1 op.reqBuff=0x7fad28010540 op.respSize=16 done
n232-194-226:234602:234636 [5] NCCL INFO ncclPollProxyResponse Received new opId=0x7f7432bbc6f0
n232-194-226:234602:234636 [5] NCCL INFO recvOpId=0x7f7432bbc6f0 matches expected opId=0x7f7432bbc6f0
n232-194-226:234602:234636 [5] NCCL INFO Connection to proxy localRank 4 -> connection 0x7fad28003240
n232-194-226:234601:234694 [4] NCCL INFO Received and initiated operation=Init res=0
n232-194-226:234599:234699 [2] NCCL INFO transport/p2p.cc:204 Cuda Alloc Size 2097152 pointer 0x7f98fee00000
n232-194-226:234597:234698 [0] NCCL INFO Allocated shareable buffer 0x7f5a46a00000 size 2097152 ipcDesc 0x7f5a64012ed0
n232-194-226:234597:234698 [0] NCCL INFO proxyProgressAsync opId=0x7f5a4abbc8b0 op.type=3 op.reqBuff=0x7f5a64012ea0 op.respSize=80 done
n232-194-226:234601:234694 [4] NCCL INFO proxyProgressAsync opId=0x7fad32bbc6f0 op.type=3 op.reqBuff=0x7fad280105c0 op.respSize=128 done
n232-194-226:234597:234630 [0] NCCL INFO ncclPollProxyResponse Received new opId=0x7f5a4abbc8b0
n232-194-226:234601:234635 [4] NCCL INFO ncclPollProxyResponse Received new opId=0x7fad32bbc6f0
n232-194-226:234597:234630 [0] NCCL INFO recvOpId=0x7f5a4abbc8b0 matches expected opId=0x7f5a4abbc8b0
n232-194-226:234601:234694 [4] NCCL INFO Received and initiated operation=Setup res=0
n232-194-226:234597:234698 [0] NCCL INFO Received and initiated operation=Setup res=0
n232-194-226:234601:234635 [4] NCCL INFO recvOpId=0x7fad32bbc6f0 matches expected opId=0x7fad32bbc6f0
n232-194-226:234601:234635 [4] NCCL INFO Channel 05/0 : 13[5] -> 4[4] [receive] via NET/IB/3/GDRDMA
n232-194-226:234597:234630 [0] NCCL INFO Channel 08/0 : 0[0] -> 7[7] via P2P/IPC
n232-194-226:234601:234635 [4] NCCL INFO GPU Direct RDMA Enabled for GPU 87000 / HCA 3 (distance 3 <= 4), read 0
n232-194-226:234601:234694 [4] NCCL INFO proxyProgressAsync opId=0x7f7432bbc6f0 op.type=3 op.reqBuff=0x7fad28015a40 op.respSize=0 done
n232-194-226:234599:234699 [2] NCCL INFO Allocated shareable buffer 0x7f98fee00000 size 2097152 ipcDesc 0x7f98f8014b90
n232-194-226:234599:234699 [2] NCCL INFO proxyProgressAsync opId=0x7f9902bbc510 op.type=3 op.reqBuff=0x7f98f8014b20 op.respSize=80 done
n232-194-226:234602:234636 [5] NCCL INFO ncclPollProxyResponse Received new opId=0x7f7432bbc6f0
n232-194-226:234601:234694 [4] NCCL INFO Received and initiated operation=Setup res=0
n232-194-226:234597:234698 [0] NCCL INFO New proxy send connection 2 from local rank 0, transport 0
n232-194-226:234598:234697 [1] NCCL INFO transport/p2p.cc:204 Cuda Alloc Size 10485760 pointer 0x7f9d86a00000
n232-194-226:234597:234698 [0] NCCL INFO proxyProgressAsync opId=0x7f5a4abbc8b0 op.type=1 op.reqBuff=0x7f5a64013cb0 op.respSize=16 done
n232-194-226:234602:234636 [5] NCCL INFO recvOpId=0x7f7432bbc6f0 matches expected opId=0x7f7432bbc6f0
n232-194-226:234599:234633 [2] NCCL INFO ncclPollProxyResponse Received new opId=0x7f9902bbc510
n232-194-226:234602:234636 [5] NCCL INFO Channel 05/0 : 5[5] -> 12[4] [send] via NET/IB/3(4)/GDRDMA
n232-194-226:234601:234694 [4] NCCL INFO New proxy recv connection 4 from local rank 4, transport 2
n232-194-226:234601:234694 [4] NCCL INFO proxyProgressAsync opId=0x7fad32bbc6f0 op.type=1 op.reqBuff=0x7fad28010560 op.respSize=16 done
n232-194-226:234602:234636 [5] NCCL INFO GPU Direct RDMA Enabled for GPU ae000 / HCA 3 (distance 3 <= 4), read 1
n232-194-226:234597:234630 [0] NCCL INFO ncclPollProxyResponse Received new opId=0x7f5a4abbc8b0
n232-194-226:234599:234699 [2] NCCL INFO Received and initiated operation=Setup res=0
n232-194-226:234597:234698 [0] NCCL INFO Received and initiated operation=Init res=0
n232-194-226:234601:234635 [4] NCCL INFO ncclPollProxyResponse Received new opId=0x7fad32bbc6f0
n232-194-226:234599:234633 [2] NCCL INFO recvOpId=0x7f9902bbc510 matches expected opId=0x7f9902bbc510
n232-194-226:234601:234694 [4] NCCL INFO Received and initiated operation=Init res=0
n232-194-226:234597:234630 [0] NCCL INFO recvOpId=0x7f5a4abbc8b0 matches expected opId=0x7f5a4abbc8b0
n232-194-226:234597:234630 [0] NCCL INFO Connection to proxy localRank 0 -> connection 0x7f5a640031f0
n232-194-226:234601:234635 [4] NCCL INFO recvOpId=0x7fad32bbc6f0 matches expected opId=0x7fad32bbc6f0
n232-194-226:234601:234635 [4] NCCL INFO Connection to proxy localRank 4 -> connection 0x7fad28003290
n232-194-226:234601:234694 [4] NCCL INFO New proxy send connection 5 from local rank 5, transport 2
n232-194-226:234601:234694 [4] NCCL INFO proxyProgressAsync opId=0x7f7432bbc6f0 op.type=1 op.reqBuff=0x7fad2801ad50 op.respSize=16 done
n232-194-226:234602:234636 [5] NCCL INFO ncclPollProxyResponse Received new opId=0x7f7432bbc6f0
n232-194-226:234598:234697 [1] NCCL INFO Allocated shareable buffer 0x7f9d86a00000 size 10485760 ipcDesc 0x7f9d88014fe0
n232-194-226:234598:234697 [1] NCCL INFO proxyProgressAsync opId=0x7f9d92bbc510 op.type=3 op.reqBuff=0x7f9d88014f70 op.respSize=80 done
n232-194-226:234602:234636 [5] NCCL INFO recvOpId=0x7f7432bbc6f0 matches expected opId=0x7f7432bbc6f0
n232-194-226:234601:234694 [4] NCCL INFO Received and initiated operation=Init res=0
n232-194-226:234602:234636 [5] NCCL INFO Connection to proxy localRank 4 -> connection 0x7fad280032e0
n232-194-226:234598:234634 [1] NCCL INFO ncclPollProxyResponse Received new opId=0x7f9d92bbc510
n232-194-226:234598:234697 [1] NCCL INFO Received and initiated operation=Setup res=0
n232-194-226:234598:234634 [1] NCCL INFO recvOpId=0x7f9d92bbc510 matches expected opId=0x7f9d92bbc510
n232-194-226:234600:234700 [3] NCCL INFO transport/p2p.cc:204 Cuda Alloc Size 2097152 pointer 0x7fb922e00000
n232-194-226:234601:234694 [4] NCCL INFO proxyProgressAsync opId=0x7fad32bbc6f0 op.type=3 op.reqBuff=0x7fad2801ad70 op.respSize=128 done
n232-194-226:234601:234635 [4] NCCL INFO ncclPollProxyResponse Received new opId=0x7fad32bbc6f0
n232-194-226:234601:234635 [4] NCCL INFO recvOpId=0x7fad32bbc6f0 matches expected opId=0x7fad32bbc6f0
n232-194-226:234600:234700 [3] NCCL INFO Allocated shareable buffer 0x7fb922e00000 size 2097152 ipcDesc 0x7fb91c014b90
n232-194-226:234601:234694 [4] NCCL INFO Received and initiated operation=Setup res=0
n232-194-226:234600:234700 [3] NCCL INFO proxyProgressAsync opId=0x7fb926bbc6f0 op.type=3 op.reqBuff=0x7fb91c014b20 op.respSize=80 done
n232-194-226:234600:234631 [3] NCCL INFO ncclPollProxyResponse Received new opId=0x7fb926bbc6f0
n232-194-226:234601:234635 [4] NCCL INFO Channel 08/0 : 13[5] -> 4[4] [receive] via NET/IB/3/GDRDMA
n232-194-226:234600:234700 [3] NCCL INFO Received and initiated operation=Setup res=0
n232-194-226:234601:234635 [4] NCCL INFO GPU Direct RDMA Enabled for GPU 87000 / HCA 3 (distance 3 <= 4), read 0
n232-194-226:234600:234631 [3] NCCL INFO recvOpId=0x7fb926bbc6f0 matches expected opId=0x7fb926bbc6f0
n232-194-226:234601:234694 [4] NCCL INFO proxyProgressAsync opId=0x7f7432bbc6f0 op.type=3 op.reqBuff=0x7fad280201b0 op.respSize=0 done
n232-194-226:234602:234636 [5] NCCL INFO ncclPollProxyResponse Received new opId=0x7f7432bbc6f0
n232-194-226:234601:234694 [4] NCCL INFO Received and initiated operation=Setup res=0
n232-194-226:234602:234636 [5] NCCL INFO recvOpId=0x7f7432bbc6f0 matches expected opId=0x7f7432bbc6f0
n232-194-226:234602:234636 [5] NCCL INFO Channel 08/0 : 5[5] -> 12[4] [send] via NET/IB/3(4)/GDRDMA
n232-194-226:234602:234636 [5] NCCL INFO GPU Direct RDMA Enabled for GPU ae000 / HCA 3 (distance 3 <= 4), read 1
n232-194-226:234601:234694 [4] NCCL INFO New proxy recv connection 6 from local rank 4, transport 2
n232-194-226:234603:234701 [6] NCCL INFO transport/p2p.cc:204 Cuda Alloc Size 10485760 pointer 0x7fc5c6a00000
n232-194-226:234601:234694 [4] NCCL INFO proxyProgressAsync opId=0x7fad32bbc6f0 op.type=1 op.reqBuff=0x7fad28010560 op.respSize=16 done
n232-194-226:234601:234635 [4] NCCL INFO ncclPollProxyResponse Received new opId=0x7fad32bbc6f0
n232-194-226:234603:234701 [6] NCCL INFO Allocated shareable buffer 0x7fc5c6a00000 size 10485760 ipcDesc 0x7fc5c8014fe0
n232-194-226:234603:234701 [6] NCCL INFO proxyProgressAsync opId=0x7fc5d2bbc6f0 op.type=3 op.reqBuff=0x7fc5c8014f70 op.respSize=80 done
n232-194-226:234601:234635 [4] NCCL INFO recvOpId=0x7fad32bbc6f0 matches expected opId=0x7fad32bbc6f0
n232-194-226:234601:234635 [4] NCCL INFO Connection to proxy localRank 4 -> connection 0x7fad28003330
n232-194-226:234603:234637 [6] NCCL INFO ncclPollProxyResponse Received new opId=0x7fc5d2bbc6f0
n232-194-226:234601:234694 [4] NCCL INFO Received and initiated operation=Init res=0
n232-194-226:234603:234637 [6] NCCL INFO recvOpId=0x7fc5d2bbc6f0 matches expected opId=0x7fc5d2bbc6f0
n232-194-226:234603:234701 [6] NCCL INFO Received and initiated operation=Setup res=0
n232-194-226:234603:234701 [6] NCCL INFO New proxy recv connection 4 from local rank 6, transport 0
n232-194-226:234601:234694 [4] NCCL INFO proxyProgressAsync opId=0x7fad32bbc6f0 op.type=3 op.reqBuff=0x7fad280254c0 op.respSize=128 done
n232-194-226:234601:234635 [4] NCCL INFO ncclPollProxyResponse Received new opId=0x7fad32bbc6f0
n232-194-226:234603:234701 [6] NCCL INFO proxyProgressAsync opId=0x7fc5d2bbc6f0 op.type=1 op.reqBuff=0x7fc5c8014f70 op.respSize=16 done
n232-194-226:234601:234635 [4] NCCL INFO recvOpId=0x7fad32bbc6f0 matches expected opId=0x7fad32bbc6f0
n232-194-226:234603:234637 [6] NCCL INFO ncclPollProxyResponse Received new opId=0x7fc5d2bbc6f0
n232-194-226:234601:234694 [4] NCCL INFO Received and initiated operation=Setup res=0
n232-194-226:234601:234635 [4] NCCL INFO Channel 11/0 : 13[5] -> 4[4] [receive] via NET/IB/3/GDRDMA
n232-194-226:234603:234701 [6] NCCL INFO Received and initiated operation=Init res=0
n232-194-226:234603:234637 [6] NCCL INFO recvOpId=0x7fc5d2bbc6f0 matches expected opId=0x7fc5d2bbc6f0
n232-194-226:234603:234637 [6] NCCL INFO Connection to proxy localRank 6 -> connection 0x7fc5c8003290
n232-194-226:234601:234694 [4] NCCL INFO New proxy send connection 7 from local rank 5, transport 2
n232-194-226:234601:234694 [4] NCCL INFO proxyProgressAsync opId=0x7f7432bbc6f0 op.type=1 op.reqBuff=0x7fad2801ad50 op.respSize=16 done
n232-194-226:234602:234636 [5] NCCL INFO ncclPollProxyResponse Received new opId=0x7f7432bbc6f0
n232-194-226:234602:234636 [5] NCCL INFO recvOpId=0x7f7432bbc6f0 matches expected opId=0x7f7432bbc6f0
n232-194-226:234602:234636 [5] NCCL INFO Connection to proxy localRank 4 -> connection 0x7fad28003380
n232-194-226:234601:234694 [4] NCCL INFO Received and initiated operation=Init res=0
n232-194-226:234601:234694 [4] NCCL INFO proxyProgressAsync opId=0x7f7432bbc6f0 op.type=3 op.reqBuff=0x7fad2802a900 op.respSize=0 done
n232-194-226:234604:234695 [7] NCCL INFO New proxy recv connection 4 from local rank 7, transport 0
n232-194-226:234602:234636 [5] NCCL INFO ncclPollProxyResponse Received new opId=0x7f7432bbc6f0
n232-194-226:234604:234695 [7] NCCL INFO proxyProgressAsync opId=0x7fdcbebbc610 op.type=1 op.reqBuff=0x7fdcb0014ed0 op.respSize=16 done
n232-194-226:234601:234694 [4] NCCL INFO Received and initiated operation=Setup res=0
n232-194-226:234600:234631 [3] NCCL INFO GPU Direct RDMA Enabled for GPU 5a000 / HCA 2 (distance 3 <= 4), read 0
n232-194-226:234602:234636 [5] NCCL INFO recvOpId=0x7f7432bbc6f0 matches expected opId=0x7f7432bbc6f0
n232-194-226:234604:234632 [7] NCCL INFO ncclPollProxyResponse Received new opId=0x7fdcbebbc610
n232-194-226:234602:234636 [5] NCCL INFO Channel 11/0 : 5[5] -> 12[4] [send] via NET/IB/3(4)/GDRDMA
n232-194-226:234604:234632 [7] NCCL INFO recvOpId=0x7fdcbebbc610 matches expected opId=0x7fdcbebbc610
n232-194-226:234604:234632 [7] NCCL INFO Connection to proxy localRank 7 -> connection 0x7fdcb0003290
n232-194-226:234604:234695 [7] NCCL INFO Received and initiated operation=Init res=0
n232-194-226:234597:234698 [0] NCCL INFO transport/p2p.cc:204 Cuda Alloc Size 2097152 pointer 0x7f5a46c00000
n232-194-226:234600:234700 [3] NCCL INFO Allocated 4194660 bytes of shared memory in /dev/shm/nccl-ZGdQTH
n232-194-226:234597:234698 [0] NCCL INFO Allocated shareable buffer 0x7f5a46c00000 size 2097152 ipcDesc 0x7f5a64013d40
n232-194-226:234597:234698 [0] NCCL INFO proxyProgressAsync opId=0x7f5a4abbc8b0 op.type=3 op.reqBuff=0x7f5a64013cd0 op.respSize=80 done
n232-194-226:234603:234701 [6] NCCL INFO transport/p2p.cc:204 Cuda Alloc Size 10485760 pointer 0x7fc5c7400000
n232-194-226:234597:234630 [0] NCCL INFO ncclPollProxyResponse Received new opId=0x7f5a4abbc8b0
n232-194-226:234597:234630 [0] NCCL INFO recvOpId=0x7f5a4abbc8b0 matches expected opId=0x7f5a4abbc8b0
n232-194-226:234597:234698 [0] NCCL INFO Received and initiated operation=Setup res=0
n232-194-226:234597:234630 [0] NCCL INFO Channel 11/0 : 0[0] -> 7[7] via P2P/IPC
n232-194-226:234603:234701 [6] NCCL INFO Allocated shareable buffer 0x7fc5c7400000 size 10485760 ipcDesc 0x7fc5c8015e10
n232-194-226:234603:234701 [6] NCCL INFO proxyProgressAsync opId=0x7fc5d2bbc6f0 op.type=3 op.reqBuff=0x7fc5c8015da0 op.respSize=80 done
n232-194-226:234603:234637 [6] NCCL INFO ncclPollProxyResponse Received new opId=0x7fc5d2bbc6f0
n232-194-226:234601:234635 [4] NCCL INFO Channel 01/0 : 4[4] -> 2[2] via P2P/IPC
n232-194-226:234603:234637 [6] NCCL INFO recvOpId=0x7fc5d2bbc6f0 matches expected opId=0x7fc5d2bbc6f0
n232-194-226:234603:234701 [6] NCCL INFO Received and initiated operation=Setup res=0
n232-194-226:234597:234698 [0] NCCL INFO New proxy send connection 3 from local rank 0, transport 0
n232-194-226:234597:234698 [0] NCCL INFO proxyProgressAsync opId=0x7f5a4abbc8b0 op.type=1 op.reqBuff=0x7f5a64013cd0 op.respSize=16 done
n232-194-226:234597:234630 [0] NCCL INFO ncclPollProxyResponse Received new opId=0x7f5a4abbc8b0
n232-194-226:234597:234698 [0] NCCL INFO Received and initiated operation=Init res=0
n232-194-226:234601:234694 [4] NCCL INFO New proxy send connection 8 from local rank 4, transport 0
n232-194-226:234597:234630 [0] NCCL INFO recvOpId=0x7f5a4abbc8b0 matches expected opId=0x7f5a4abbc8b0
n232-194-226:234601:234694 [4] NCCL INFO proxyProgressAsync opId=0x7fad32bbc6f0 op.type=1 op.reqBuff=0x7fad28010560 op.respSize=16 done
n232-194-226:234603:234701 [6] NCCL INFO New proxy recv connection 5 from local rank 6, transport 0
n232-194-226:234597:234630 [0] NCCL INFO Connection to proxy localRank 0 -> connection 0x7f5a64003240
n232-194-226:234603:234701 [6] NCCL INFO proxyProgressAsync opId=0x7fc5d2bbc6f0 op.type=1 op.reqBuff=0x7fc5c8015da0 op.respSize=16 done
n232-194-226:234601:234635 [4] NCCL INFO ncclPollProxyResponse Received new opId=0x7fad32bbc6f0
n232-194-226:234603:234637 [6] NCCL INFO ncclPollProxyResponse Received new opId=0x7fc5d2bbc6f0
n232-194-226:234603:234701 [6] NCCL INFO Received and initiated operation=Init res=0
n232-194-226:234601:234635 [4] NCCL INFO recvOpId=0x7fad32bbc6f0 matches expected opId=0x7fad32bbc6f0
n232-194-226:234601:234635 [4] NCCL INFO Connection to proxy localRank 4 -> connection 0x7fad280033d0
n232-194-226:234601:234694 [4] NCCL INFO Received and initiated operation=Init res=0
n232-194-226:234603:234637 [6] NCCL INFO recvOpId=0x7fc5d2bbc6f0 matches expected opId=0x7fc5d2bbc6f0
n232-194-226:234603:234637 [6] NCCL INFO Connection to proxy localRank 6 -> connection 0x7fc5c80032e0
n232-194-226:234604:234695 [7] NCCL INFO transport/p2p.cc:204 Cuda Alloc Size 10485760 pointer 0x7fdcb7400000
n232-194-226:234602:234696 [5] NCCL INFO Mem Realloc old size 0, new size 8 pointer 0x7f7428002f10
n232-194-226:234604:234695 [7] NCCL INFO Allocated shareable buffer 0x7fdcb7400000 size 10485760 ipcDesc 0x7fdcb0015d70
n232-194-226:234604:234695 [7] NCCL INFO proxyProgressAsync opId=0x7fdcbebbc610 op.type=3 op.reqBuff=0x7fdcb0015d00 op.respSize=80 done
n232-194-226:234602:234696 [5] NCCL INFO New proxy recv connection 0 from local rank 5, transport 0
n232-194-226:234602:234696 [5] NCCL INFO proxyProgressAsync opId=0x7f7432bbc6f0 op.type=1 op.reqBuff=0x7f7428002ed0 op.respSize=16 done
n232-194-226:234604:234632 [7] NCCL INFO ncclPollProxyResponse Received new opId=0x7fdcbebbc610
n232-194-226:234604:234632 [7] NCCL INFO recvOpId=0x7fdcbebbc610 matches expected opId=0x7fdcbebbc610
n232-194-226:234604:234695 [7] NCCL INFO Received and initiated operation=Setup res=0
n232-194-226:234602:234636 [5] NCCL INFO ncclPollProxyResponse Received new opId=0x7f7432bbc6f0
n232-194-226:234602:234696 [5] NCCL INFO Received and initiated operation=Init res=0
n232-194-226:234604:234695 [7] NCCL INFO New proxy recv connection 5 from local rank 7, transport 0
n232-194-226:234604:234695 [7] NCCL INFO proxyProgressAsync opId=0x7fdcbebbc610 op.type=1 op.reqBuff=0x7fdcb0015d00 op.respSize=16 done
n232-194-226:234604:234632 [7] NCCL INFO ncclPollProxyResponse Received new opId=0x7fdcbebbc610
n232-194-226:234602:234636 [5] NCCL INFO recvOpId=0x7f7432bbc6f0 matches expected opId=0x7f7432bbc6f0
n232-194-226:234604:234632 [7] NCCL INFO recvOpId=0x7fdcbebbc610 matches expected opId=0x7fdcbebbc610
n232-194-226:234604:234632 [7] NCCL INFO Connection to proxy localRank 7 -> connection 0x7fdcb00032e0
n232-194-226:234602:234636 [5] NCCL INFO Connection to proxy localRank 5 -> connection 0x7f7428003150
n232-194-226:234604:234695 [7] NCCL INFO Received and initiated operation=Init res=0
n232-194-226:234603:234701 [6] NCCL INFO transport/p2p.cc:204 Cuda Alloc Size 10485760 pointer 0x7fc5c4000000
n232-194-226:234597:234698 [0] NCCL INFO transport/p2p.cc:204 Cuda Alloc Size 2097152 pointer 0x7f5a46e00000
n232-194-226:234603:234701 [6] NCCL INFO Allocated shareable buffer 0x7fc5c4000000 size 10485760 ipcDesc 0x7fc5c8016c40
n232-194-226:234603:234701 [6] NCCL INFO proxyProgressAsync opId=0x7fc5d2bbc6f0 op.type=3 op.reqBuff=0x7fc5c8016bd0 op.respSize=80 done
n232-194-226:234603:234637 [6] NCCL INFO ncclPollProxyResponse Received new opId=0x7fc5d2bbc6f0
n232-194-226:234603:234637 [6] NCCL INFO recvOpId=0x7fc5d2bbc6f0 matches expected opId=0x7fc5d2bbc6f0
n232-194-226:234603:234701 [6] NCCL INFO Received and initiated operation=Setup res=0
n232-194-226:234597:234698 [0] NCCL INFO Allocated shareable buffer 0x7f5a46e00000 size 2097152 ipcDesc 0x7f5a64014b90
n232-194-226:234597:234698 [0] NCCL INFO proxyProgressAsync opId=0x7f5a4abbc8b0 op.type=3 op.reqBuff=0x7f5a64014b20 op.respSize=80 done
n232-194-226:234597:234630 [0] NCCL INFO ncclPollProxyResponse Received new opId=0x7f5a4abbc8b0
n232-194-226:234603:234701 [6] NCCL INFO New proxy recv connection 6 from local rank 6, transport 0
n232-194-226:234603:234701 [6] NCCL INFO proxyProgressAsync opId=0x7fc5d2bbc6f0 op.type=1 op.reqBuff=0x7fc5c8016bd0 op.respSize=16 done
n232-194-226:234597:234630 [0] NCCL INFO recvOpId=0x7f5a4abbc8b0 matches expected opId=0x7f5a4abbc8b0
n232-194-226:234603:234637 [6] NCCL INFO ncclPollProxyResponse Received new opId=0x7fc5d2bbc6f0
n232-194-226:234597:234698 [0] NCCL INFO Received and initiated operation=Setup res=0
n232-194-226:234603:234637 [6] NCCL INFO recvOpId=0x7fc5d2bbc6f0 matches expected opId=0x7fc5d2bbc6f0
n232-194-226:234603:234637 [6] NCCL INFO Connection to proxy localRank 6 -> connection 0x7fc5c8003330
n232-194-226:234603:234701 [6] NCCL INFO Received and initiated operation=Init res=0
n232-194-226:234604:234695 [7] NCCL INFO transport/p2p.cc:204 Cuda Alloc Size 10485760 pointer 0x7fdcae000000
n232-194-226:234604:234695 [7] NCCL INFO Allocated shareable buffer 0x7fdcae000000 size 10485760 ipcDesc 0x7fdcb0016ba0
n232-194-226:234604:234695 [7] NCCL INFO proxyProgressAsync opId=0x7fdcbebbc610 op.type=3 op.reqBuff=0x7fdcb0016b30 op.respSize=80 done
n232-194-226:234604:234632 [7] NCCL INFO ncclPollProxyResponse Received new opId=0x7fdcbebbc610
n232-194-226:234604:234632 [7] NCCL INFO recvOpId=0x7fdcbebbc610 matches expected opId=0x7fdcbebbc610
n232-194-226:234604:234695 [7] NCCL INFO Received and initiated operation=Setup res=0
n232-194-226:234604:234695 [7] NCCL INFO New proxy recv connection 6 from local rank 7, transport 0
n232-194-226:234604:234695 [7] NCCL INFO proxyProgressAsync opId=0x7fdcbebbc610 op.type=1 op.reqBuff=0x7fdcb0016b30 op.respSize=16 done
n232-194-226:234604:234632 [7] NCCL INFO ncclPollProxyResponse Received new opId=0x7fdcbebbc610
n232-194-226:234604:234632 [7] NCCL INFO recvOpId=0x7fdcbebbc610 matches expected opId=0x7fdcbebbc610
n232-194-226:234604:234695 [7] NCCL INFO Received and initiated operation=Init res=0
n232-194-226:234604:234632 [7] NCCL INFO Connection to proxy localRank 7 -> connection 0x7fdcb0003330
n232-194-226:234601:234694 [4] NCCL INFO transport/p2p.cc:204 Cuda Alloc Size 2097152 pointer 0x7fad2e800000
n232-194-226:234601:234694 [4] NCCL INFO Allocated shareable buffer 0x7fad2e800000 size 2097152 ipcDesc 0x7fad2802fc20
n232-194-226:234601:234694 [4] NCCL INFO proxyProgressAsync opId=0x7fad32bbc6f0 op.type=3 op.reqBuff=0x7fad2801ad50 op.respSize=80 done
n232-194-226:234603:234701 [6] NCCL INFO transport/p2p.cc:204 Cuda Alloc Size 10485760 pointer 0x7fc5c4a00000
n232-194-226:234601:234635 [4] NCCL INFO ncclPollProxyResponse Received new opId=0x7fad32bbc6f0
n232-194-226:234603:234701 [6] NCCL INFO Allocated shareable buffer 0x7fc5c4a00000 size 10485760 ipcDesc 0x7fc5c8017e20
n232-194-226:234601:234635 [4] NCCL INFO recvOpId=0x7fad32bbc6f0 matches expected opId=0x7fad32bbc6f0
n232-194-226:234603:234701 [6] NCCL INFO proxyProgressAsync opId=0x7fc5d2bbc6f0 op.type=3 op.reqBuff=0x7fc5c8017db0 op.respSize=80 done
n232-194-226:234601:234694 [4] NCCL INFO Received and initiated operation=Setup res=0
n232-194-226:234601:234635 [4] NCCL INFO Channel 04/0 : 4[4] -> 2[2] via P2P/IPC
n232-194-226:234603:234701 [6] NCCL INFO Received and initiated operation=Setup res=0
n232-194-226:234603:234637 [6] NCCL INFO ncclPollProxyResponse Received new opId=0x7fc5d2bbc6f0
n232-194-226:234603:234637 [6] NCCL INFO recvOpId=0x7fc5d2bbc6f0 matches expected opId=0x7fc5d2bbc6f0
n232-194-226:234601:234694 [4] NCCL INFO New proxy send connection 9 from local rank 4, transport 0
n232-194-226:234601:234694 [4] NCCL INFO proxyProgressAsync opId=0x7fad32bbc6f0 op.type=1 op.reqBuff=0x7fad2801ad50 op.respSize=16 done
n232-194-226:234601:234635 [4] NCCL INFO ncclPollProxyResponse Received new opId=0x7fad32bbc6f0
n232-194-226:234601:234635 [4] NCCL INFO recvOpId=0x7fad32bbc6f0 matches expected opId=0x7fad32bbc6f0
n232-194-226:234602:234696 [5] NCCL INFO transport/p2p.cc:204 Cuda Alloc Size 10485760 pointer 0x7f742e800000
n232-194-226:234601:234694 [4] NCCL INFO Received and initiated operation=Init res=0
n232-194-226:234601:234635 [4] NCCL INFO Connection to proxy localRank 4 -> connection 0x7fad28003420
n232-194-226:234603:234701 [6] NCCL INFO New proxy recv connection 7 from local rank 6, transport 0
n232-194-226:234603:234701 [6] NCCL INFO proxyProgressAsync opId=0x7fc5d2bbc6f0 op.type=1 op.reqBuff=0x7fc5c8017db0 op.respSize=16 done
n232-194-226:234603:234637 [6] NCCL INFO ncclPollProxyResponse Received new opId=0x7fc5d2bbc6f0
n232-194-226:234603:234701 [6] NCCL INFO Received and initiated operation=Init res=0
n232-194-226:234603:234637 [6] NCCL INFO recvOpId=0x7fc5d2bbc6f0 matches expected opId=0x7fc5d2bbc6f0
n232-194-226:234603:234637 [6] NCCL INFO Connection to proxy localRank 6 -> connection 0x7fc5c8003380
n232-194-226:234602:234696 [5] NCCL INFO Allocated shareable buffer 0x7f742e800000 size 10485760 ipcDesc 0x7f74280059d0
n232-194-226:234602:234696 [5] NCCL INFO proxyProgressAsync opId=0x7f7432bbc6f0 op.type=3 op.reqBuff=0x7f74280059a0 op.respSize=80 done
n232-194-226:234602:234636 [5] NCCL INFO ncclPollProxyResponse Received new opId=0x7f7432bbc6f0
n232-194-226:234602:234696 [5] NCCL INFO Received and initiated operation=Setup res=0
n232-194-226:234602:234636 [5] NCCL INFO recvOpId=0x7f7432bbc6f0 matches expected opId=0x7f7432bbc6f0
n232-194-226:234602:234696 [5] NCCL INFO New proxy recv connection 1 from local rank 5, transport 0
n232-194-226:234602:234696 [5] NCCL INFO proxyProgressAsync opId=0x7f7432bbc6f0 op.type=1 op.reqBuff=0x7f7428012e20 op.respSize=16 done
n232-194-226:234602:234636 [5] NCCL INFO ncclPollProxyResponse Received new opId=0x7f7432bbc6f0
n232-194-226:234602:234636 [5] NCCL INFO recvOpId=0x7f7432bbc6f0 matches expected opId=0x7f7432bbc6f0
n232-194-226:234602:234636 [5] NCCL INFO Connection to proxy localRank 5 -> connection 0x7f74280031a0
n232-194-226:234602:234696 [5] NCCL INFO Received and initiated operation=Init res=0
n232-194-226:234604:234695 [7] NCCL INFO transport/p2p.cc:204 Cuda Alloc Size 10485760 pointer 0x7fdcaea00000
n232-194-226:234604:234695 [7] NCCL INFO Allocated shareable buffer 0x7fdcaea00000 size 10485760 ipcDesc 0x7fdcb0017e20
n232-194-226:234604:234695 [7] NCCL INFO proxyProgressAsync opId=0x7fdcbebbc610 op.type=3 op.reqBuff=0x7fdcb0017db0 op.respSize=80 done
n232-194-226:234604:234632 [7] NCCL INFO ncclPollProxyResponse Received new opId=0x7fdcbebbc610
n232-194-226:234604:234632 [7] NCCL INFO recvOpId=0x7fdcbebbc610 matches expected opId=0x7fdcbebbc610
n232-194-226:234604:234695 [7] NCCL INFO Received and initiated operation=Setup res=0
n232-194-226:234604:234695 [7] NCCL INFO New proxy recv connection 7 from local rank 7, transport 0
n232-194-226:234604:234695 [7] NCCL INFO proxyProgressAsync opId=0x7fdcbebbc610 op.type=1 op.reqBuff=0x7fdcb0017db0 op.respSize=16 done
n232-194-226:234604:234632 [7] NCCL INFO ncclPollProxyResponse Received new opId=0x7fdcbebbc610
n232-194-226:234604:234632 [7] NCCL INFO recvOpId=0x7fdcbebbc610 matches expected opId=0x7fdcbebbc610
n232-194-226:234604:234695 [7] NCCL INFO Received and initiated operation=Init res=0
n232-194-226:234604:234632 [7] NCCL INFO Connection to proxy localRank 7 -> connection 0x7fdcb0003380
n232-194-226:234601:234694 [4] NCCL INFO transport/p2p.cc:204 Cuda Alloc Size 2097152 pointer 0x7fad2ea00000
n232-194-226:234603:234701 [6] NCCL INFO transport/p2p.cc:204 Cuda Alloc Size 10485760 pointer 0x7fc5c5400000
n232-194-226:234603:234701 [6] NCCL INFO Allocated shareable buffer 0x7fc5c5400000 size 10485760 ipcDesc 0x7fc5c8018bc0
n232-194-226:234603:234701 [6] NCCL INFO proxyProgressAsync opId=0x7fc5d2bbc6f0 op.type=3 op.reqBuff=0x7fc5c8018b90 op.respSize=80 done
n232-194-226:234601:234694 [4] NCCL INFO Allocated shareable buffer 0x7fad2ea00000 size 2097152 ipcDesc 0x7fad2803d050
n232-194-226:234601:234694 [4] NCCL INFO proxyProgressAsync opId=0x7fad32bbc6f0 op.type=3 op.reqBuff=0x7fad2803cfe0 op.respSize=80 done
n232-194-226:234603:234637 [6] NCCL INFO ncclPollProxyResponse Received new opId=0x7fc5d2bbc6f0
n232-194-226:234601:234635 [4] NCCL INFO ncclPollProxyResponse Received new opId=0x7fad32bbc6f0
n232-194-226:234603:234637 [6] NCCL INFO recvOpId=0x7fc5d2bbc6f0 matches expected opId=0x7fc5d2bbc6f0
n232-194-226:234603:234701 [6] NCCL INFO Received and initiated operation=Setup res=0
n232-194-226:234601:234635 [4] NCCL INFO recvOpId=0x7fad32bbc6f0 matches expected opId=0x7fad32bbc6f0
n232-194-226:234601:234694 [4] NCCL INFO Received and initiated operation=Setup res=0
n232-194-226:234601:234635 [4] NCCL INFO Channel 07/0 : 4[4] -> 2[2] via P2P/IPC
n232-194-226:234603:234701 [6] NCCL INFO New proxy recv connection 8 from local rank 6, transport 0
n232-194-226:234603:234701 [6] NCCL INFO proxyProgressAsync opId=0x7fc5d2bbc6f0 op.type=1 op.reqBuff=0x7fc5c8018b90 op.respSize=16 done
n232-194-226:234601:234694 [4] NCCL INFO New proxy send connection 10 from local rank 4, transport 0
n232-194-226:234603:234637 [6] NCCL INFO ncclPollProxyResponse Received new opId=0x7fc5d2bbc6f0
n232-194-226:234601:234694 [4] NCCL INFO proxyProgressAsync opId=0x7fad32bbc6f0 op.type=1 op.reqBuff=0x7fad2803cfe0 op.respSize=16 done
n232-194-226:234603:234637 [6] NCCL INFO recvOpId=0x7fc5d2bbc6f0 matches expected opId=0x7fc5d2bbc6f0
n232-194-226:234601:234635 [4] NCCL INFO ncclPollProxyResponse Received new opId=0x7fad32bbc6f0
n232-194-226:234603:234701 [6] NCCL INFO Received and initiated operation=Init res=0
n232-194-226:234601:234635 [4] NCCL INFO recvOpId=0x7fad32bbc6f0 matches expected opId=0x7fad32bbc6f0
n232-194-226:234601:234635 [4] NCCL INFO Connection to proxy localRank 4 -> connection 0x7fad28003470
n232-194-226:234601:234694 [4] NCCL INFO Received and initiated operation=Init res=0
n232-194-226:234602:234696 [5] NCCL INFO transport/p2p.cc:204 Cuda Alloc Size 10485760 pointer 0x7f742f200000
n232-194-226:234602:234696 [5] NCCL INFO Allocated shareable buffer 0x7f742f200000 size 10485760 ipcDesc 0x7f7428012ed0
n232-194-226:234602:234696 [5] NCCL INFO proxyProgressAsync opId=0x7f7432bbc6f0 op.type=3 op.reqBuff=0x7f7428012ea0 op.respSize=80 done
n232-194-226:234602:234636 [5] NCCL INFO ncclPollProxyResponse Received new opId=0x7f7432bbc6f0
n232-194-226:234602:234696 [5] NCCL INFO Received and initiated operation=Setup res=0
n232-194-226:234602:234636 [5] NCCL INFO recvOpId=0x7f7432bbc6f0 matches expected opId=0x7f7432bbc6f0
n232-194-226:234604:234695 [7] NCCL INFO transport/p2p.cc:204 Cuda Alloc Size 10485760 pointer 0x7fdcaf400000
n232-194-226:234604:234695 [7] NCCL INFO Allocated shareable buffer 0x7fdcaf400000 size 10485760 ipcDesc 0x7fdcb0018bc0
n232-194-226:234604:234695 [7] NCCL INFO proxyProgressAsync opId=0x7fdcbebbc610 op.type=3 op.reqBuff=0x7fdcb0018b90 op.respSize=80 done
n232-194-226:234604:234632 [7] NCCL INFO ncclPollProxyResponse Received new opId=0x7fdcbebbc610
n232-194-226:234604:234632 [7] NCCL INFO recvOpId=0x7fdcbebbc610 matches expected opId=0x7fdcbebbc610
n232-194-226:234604:234695 [7] NCCL INFO Received and initiated operation=Setup res=0
n232-194-226:234603:234637 [6] NCCL INFO Connection to proxy localRank 6 -> connection 0x7fc5c80033d0
n232-194-226:234602:234696 [5] NCCL INFO New proxy recv connection 2 from local rank 5, transport 0
n232-194-226:234602:234696 [5] NCCL INFO proxyProgressAsync opId=0x7f7432bbc6f0 op.type=1 op.reqBuff=0x7f7428013cb0 op.respSize=16 done
n232-194-226:234602:234636 [5] NCCL INFO ncclPollProxyResponse Received new opId=0x7f7432bbc6f0
n232-194-226:234602:234636 [5] NCCL INFO recvOpId=0x7f7432bbc6f0 matches expected opId=0x7f7432bbc6f0
n232-194-226:234602:234636 [5] NCCL INFO Connection to proxy localRank 5 -> connection 0x7f74280031f0
n232-194-226:234602:234696 [5] NCCL INFO Received and initiated operation=Init res=0
n232-194-226:234601:234694 [4] NCCL INFO transport/p2p.cc:204 Cuda Alloc Size 2097152 pointer 0x7fad2ec00000
n232-194-226:234601:234694 [4] NCCL INFO Allocated shareable buffer 0x7fad2ec00000 size 2097152 ipcDesc 0x7fad2803de40
n232-194-226:234601:234694 [4] NCCL INFO proxyProgressAsync opId=0x7fad32bbc6f0 op.type=3 op.reqBuff=0x7fad2803de10 op.respSize=80 done
n232-194-226:234601:234635 [4] NCCL INFO ncclPollProxyResponse Received new opId=0x7fad32bbc6f0
n232-194-226:234601:234635 [4] NCCL INFO recvOpId=0x7fad32bbc6f0 matches expected opId=0x7fad32bbc6f0
n232-194-226:234601:234694 [4] NCCL INFO Received and initiated operation=Setup res=0
n232-194-226:234601:234635 [4] NCCL INFO Channel 10/0 : 4[4] -> 2[2] via P2P/IPC
n232-194-226:234599:234633 [2] NCCL INFO GPU Direct RDMA Enabled for GPU 48000 / HCA 1 (distance 3 <= 4), read 0
n232-194-226:234601:234694 [4] NCCL INFO New proxy send connection 11 from local rank 4, transport 0
n232-194-226:234601:234694 [4] NCCL INFO proxyProgressAsync opId=0x7fad32bbc6f0 op.type=1 op.reqBuff=0x7fad2803de10 op.respSize=16 done
n232-194-226:234601:234635 [4] NCCL INFO ncclPollProxyResponse Received new opId=0x7fad32bbc6f0
n232-194-226:234604:234695 [7] NCCL INFO New proxy recv connection 8 from local rank 7, transport 0
n232-194-226:234604:234695 [7] NCCL INFO proxyProgressAsync opId=0x7fdcbebbc610 op.type=1 op.reqBuff=0x7fdcb0018b90 op.respSize=16 done
n232-194-226:234601:234694 [4] NCCL INFO Received and initiated operation=Init res=0
n232-194-226:234601:234635 [4] NCCL INFO recvOpId=0x7fad32bbc6f0 matches expected opId=0x7fad32bbc6f0
n232-194-226:234604:234632 [7] NCCL INFO ncclPollProxyResponse Received new opId=0x7fdcbebbc610
n232-194-226:234601:234635 [4] NCCL INFO Connection to proxy localRank 4 -> connection 0x7fad280034c0
n232-194-226:234604:234695 [7] NCCL INFO Received and initiated operation=Init res=0
n232-194-226:234604:234632 [7] NCCL INFO recvOpId=0x7fdcbebbc610 matches expected opId=0x7fdcbebbc610
n232-194-226:234604:234632 [7] NCCL INFO Connection to proxy localRank 7 -> connection 0x7fdcb00033d0
n232-194-226:234599:234699 [2] NCCL INFO Allocated 4194660 bytes of shared memory in /dev/shm/nccl-hE4Ob6
n232-194-226:234603:234701 [6] NCCL INFO transport/p2p.cc:204 Cuda Alloc Size 10485760 pointer 0x7fc5c2000000
n232-194-226:234603:234701 [6] NCCL INFO Allocated shareable buffer 0x7fc5c2000000 size 10485760 ipcDesc 0x7fc5c8018bc0
n232-194-226:234603:234701 [6] NCCL INFO proxyProgressAsync opId=0x7fc5d2bbc6f0 op.type=3 op.reqBuff=0x7fc5c8018c50 op.respSize=80 done
n232-194-226:234603:234637 [6] NCCL INFO ncclPollProxyResponse Received new opId=0x7fc5d2bbc6f0
n232-194-226:234603:234637 [6] NCCL INFO recvOpId=0x7fc5d2bbc6f0 matches expected opId=0x7fc5d2bbc6f0
n232-194-226:234603:234701 [6] NCCL INFO Received and initiated operation=Setup res=0
n232-194-226:234603:234701 [6] NCCL INFO New proxy recv connection 9 from local rank 6, transport 0
n232-194-226:234603:234701 [6] NCCL INFO proxyProgressAsync opId=0x7fc5d2bbc6f0 op.type=1 op.reqBuff=0x7fc5c8018c50 op.respSize=16 done
n232-194-226:234603:234701 [6] NCCL INFO Received and initiated operation=Init res=0
n232-194-226:234603:234637 [6] NCCL INFO ncclPollProxyResponse Received new opId=0x7fc5d2bbc6f0
n232-194-226:234603:234637 [6] NCCL INFO recvOpId=0x7fc5d2bbc6f0 matches expected opId=0x7fc5d2bbc6f0
n232-194-226:234603:234637 [6] NCCL INFO Connection to proxy localRank 6 -> connection 0x7fc5c8003420
n232-194-226:234602:234696 [5] NCCL INFO transport/p2p.cc:204 Cuda Alloc Size 10485760 pointer 0x7f7426000000
n232-194-226:234602:234696 [5] NCCL INFO Allocated shareable buffer 0x7f7426000000 size 10485760 ipcDesc 0x7f7428013d40
n232-194-226:234602:234696 [5] NCCL INFO proxyProgressAsync opId=0x7f7432bbc6f0 op.type=3 op.reqBuff=0x7f7428013cd0 op.respSize=80 done
n232-194-226:234602:234636 [5] NCCL INFO ncclPollProxyResponse Received new opId=0x7f7432bbc6f0
n232-194-226:234602:234636 [5] NCCL INFO recvOpId=0x7f7432bbc6f0 matches expected opId=0x7f7432bbc6f0
n232-194-226:234602:234696 [5] NCCL INFO Received and initiated operation=Setup res=0
n232-194-226:234601:234694 [4] NCCL INFO transport/p2p.cc:204 Cuda Alloc Size 2097152 pointer 0x7fad2ee00000
n232-194-226:234602:234696 [5] NCCL INFO New proxy recv connection 3 from local rank 5, transport 0
n232-194-226:234602:234696 [5] NCCL INFO proxyProgressAsync opId=0x7f7432bbc6f0 op.type=1 op.reqBuff=0x7f7428013cd0 op.respSize=16 done
n232-194-226:234602:234636 [5] NCCL INFO ncclPollProxyResponse Received new opId=0x7f7432bbc6f0
n232-194-226:234602:234636 [5] NCCL INFO recvOpId=0x7f7432bbc6f0 matches expected opId=0x7f7432bbc6f0
n232-194-226:234602:234636 [5] NCCL INFO Connection to proxy localRank 5 -> connection 0x7f7428003240
n232-194-226:234602:234696 [5] NCCL INFO Received and initiated operation=Init res=0
n232-194-226:234601:234694 [4] NCCL INFO Allocated shareable buffer 0x7fad2ee00000 size 2097152 ipcDesc 0x7fad2803ec30
n232-194-226:234601:234694 [4] NCCL INFO proxyProgressAsync opId=0x7fad32bbc6f0 op.type=3 op.reqBuff=0x7fad2803ec00 op.respSize=80 done
n232-194-226:234601:234635 [4] NCCL INFO ncclPollProxyResponse Received new opId=0x7fad32bbc6f0
n232-194-226:234601:234635 [4] NCCL INFO recvOpId=0x7fad32bbc6f0 matches expected opId=0x7fad32bbc6f0
n232-194-226:234604:234695 [7] NCCL INFO transport/p2p.cc:204 Cuda Alloc Size 10485760 pointer 0x7fdcac000000
n232-194-226:234601:234694 [4] NCCL INFO Received and initiated operation=Setup res=0
n232-194-226:234604:234695 [7] NCCL INFO Allocated shareable buffer 0x7fdcac000000 size 10485760 ipcDesc 0x7fdcb0018bc0
n232-194-226:234604:234695 [7] NCCL INFO proxyProgressAsync opId=0x7fdcbebbc610 op.type=3 op.reqBuff=0x7fdcb0018c50 op.respSize=80 done
n232-194-226:234604:234632 [7] NCCL INFO ncclPollProxyResponse Received new opId=0x7fdcbebbc610
n232-194-226:234604:234695 [7] NCCL INFO Received and initiated operation=Setup res=0
n232-194-226:234604:234632 [7] NCCL INFO recvOpId=0x7fdcbebbc610 matches expected opId=0x7fdcbebbc610
n232-194-226:234603:234701 [6] NCCL INFO transport/p2p.cc:204 Cuda Alloc Size 10485760 pointer 0x7fc5c2a00000
n232-194-226:234604:234695 [7] NCCL INFO New proxy recv connection 9 from local rank 7, transport 0
n232-194-226:234604:234695 [7] NCCL INFO proxyProgressAsync opId=0x7fdcbebbc610 op.type=1 op.reqBuff=0x7fdcb0018c50 op.respSize=16 done
n232-194-226:234604:234632 [7] NCCL INFO ncclPollProxyResponse Received new opId=0x7fdcbebbc610
n232-194-226:234603:234701 [6] NCCL INFO Allocated shareable buffer 0x7fc5c2a00000 size 10485760 ipcDesc 0x7fc5c8018bc0
n232-194-226:234603:234701 [6] NCCL INFO proxyProgressAsync opId=0x7fc5d2bbc6f0 op.type=3 op.reqBuff=0x7fc5c8018c90 op.respSize=80 done
n232-194-226:234604:234632 [7] NCCL INFO recvOpId=0x7fdcbebbc610 matches expected opId=0x7fdcbebbc610
n232-194-226:234604:234632 [7] NCCL INFO Connection to proxy localRank 7 -> connection 0x7fdcb0003420
n232-194-226:234604:234695 [7] NCCL INFO Received and initiated operation=Init res=0
n232-194-226:234603:234701 [6] NCCL INFO Received and initiated operation=Setup res=0
n232-194-226:234603:234637 [6] NCCL INFO ncclPollProxyResponse Received new opId=0x7fc5d2bbc6f0
n232-194-226:234603:234637 [6] NCCL INFO recvOpId=0x7fc5d2bbc6f0 matches expected opId=0x7fc5d2bbc6f0
n232-194-226:234602:234696 [5] NCCL INFO transport/p2p.cc:204 Cuda Alloc Size 10485760 pointer 0x7f7426a00000
n232-194-226:234602:234696 [5] NCCL INFO Allocated shareable buffer 0x7f7426a00000 size 10485760 ipcDesc 0x7f7428014fe0
n232-194-226:234602:234696 [5] NCCL INFO proxyProgressAsync opId=0x7f7432bbc6f0 op.type=3 op.reqBuff=0x7f7428014f70 op.respSize=80 done
n232-194-226:234602:234636 [5] NCCL INFO ncclPollProxyResponse Received new opId=0x7f7432bbc6f0
n232-194-226:234603:234701 [6] NCCL INFO New proxy recv connection 10 from local rank 6, transport 0
n232-194-226:234603:234701 [6] NCCL INFO proxyProgressAsync opId=0x7fc5d2bbc6f0 op.type=1 op.reqBuff=0x7fc5c8018c90 op.respSize=16 done
n232-194-226:234602:234696 [5] NCCL INFO Received and initiated operation=Setup res=0
n232-194-226:234602:234636 [5] NCCL INFO recvOpId=0x7f7432bbc6f0 matches expected opId=0x7f7432bbc6f0
n232-194-226:234603:234637 [6] NCCL INFO ncclPollProxyResponse Received new opId=0x7fc5d2bbc6f0
n232-194-226:234603:234637 [6] NCCL INFO recvOpId=0x7fc5d2bbc6f0 matches expected opId=0x7fc5d2bbc6f0
n232-194-226:234603:234637 [6] NCCL INFO Connection to proxy localRank 6 -> connection 0x7fc5c8003470
n232-194-226:234603:234701 [6] NCCL INFO Received and initiated operation=Init res=0
