n232-194-226:234275:234299 [2] NCCL INFO recvOpId=0x7f51a2bbbce0 matches expected opId=0x7f51a2bbbce0
n232-194-226:234275:234299 [2] NCCL INFO Connection to proxy localRank 2 -> connection 0x7f5198003a60
n232-194-226:234276:234302 [3] NCCL INFO ncclPollProxyResponse Received new opId=0x7fac66bbbce0
n232-194-226:234276:234302 [3] NCCL INFO recvOpId=0x7fac66bbbce0 matches expected opId=0x7fac66bbbce0
n232-194-226:234276:234346 [3] NCCL INFO Received and initiated operation=Setup res=0
n232-194-226:234276:234302 [3] NCCL INFO Channel 11/0 : 3[3] -> 2[2] via P2P/IPC
n232-194-226:234276:234346 [3] NCCL INFO New proxy send connection 33 from local rank 3, transport 0
n232-194-226:234276:234346 [3] NCCL INFO proxyProgressAsync opId=0x7fac66bbbce0 op.type=1 op.reqBuff=0x7fac5c042790 op.respSize=16 done
n232-194-226:234276:234302 [3] NCCL INFO ncclPollProxyResponse Received new opId=0x7fac66bbbce0
n232-194-226:234277:234349 [4] NCCL INFO transport/p2p.cc:204 Cuda Alloc Size 2097152 pointer 0x7feaf7e00000
n232-194-226:234276:234302 [3] NCCL INFO recvOpId=0x7fac66bbbce0 matches expected opId=0x7fac66bbbce0
n232-194-226:234276:234302 [3] NCCL INFO Connection to proxy localRank 3 -> connection 0x7fac5c003ba0
n232-194-226:234276:234346 [3] NCCL INFO Received and initiated operation=Init res=0
n232-194-226:234277:234349 [4] NCCL INFO Allocated shareable buffer 0x7feaf7e00000 size 2097152 ipcDesc 0x7feb040361b0
n232-194-226:234277:234349 [4] NCCL INFO proxyProgressAsync opId=0x7feb0ebbbce0 op.type=3 op.reqBuff=0x7feb04040fe0 op.respSize=80 done
n232-194-226:234277:234300 [4] NCCL INFO ncclPollProxyResponse Received new opId=0x7feb0ebbbce0
n232-194-226:234277:234300 [4] NCCL INFO recvOpId=0x7feb0ebbbce0 matches expected opId=0x7feb0ebbbce0
n232-194-226:234277:234349 [4] NCCL INFO Received and initiated operation=Setup res=0
n232-194-226:234277:234300 [4] NCCL INFO Channel 12/0 : 4[4] -> 3[3] via P2P/IPC
n232-194-226:234277:234349 [4] NCCL INFO New proxy send connection 30 from local rank 4, transport 0
n232-194-226:234277:234349 [4] NCCL INFO proxyProgressAsync opId=0x7feb0ebbbce0 op.type=1 op.reqBuff=0x7feb04040fe0 op.respSize=16 done
n232-194-226:234277:234300 [4] NCCL INFO ncclPollProxyResponse Received new opId=0x7feb0ebbbce0
n232-194-226:234277:234300 [4] NCCL INFO recvOpId=0x7feb0ebbbce0 matches expected opId=0x7feb0ebbbce0
n232-194-226:234277:234349 [4] NCCL INFO Received and initiated operation=Init res=0
n232-194-226:234277:234300 [4] NCCL INFO Connection to proxy localRank 4 -> connection 0x7feb04003ab0
n232-194-226:234274:234350 [1] NCCL INFO transport/p2p.cc:204 Cuda Alloc Size 2097152 pointer 0x7f35ffc00000
n232-194-226:234274:234350 [1] NCCL INFO Allocated shareable buffer 0x7f35ffc00000 size 2097152 ipcDesc 0x7f360800c520
n232-194-226:234274:234350 [1] NCCL INFO proxyProgressAsync opId=0x7f3612bbbce0 op.type=3 op.reqBuff=0x7f36080165a0 op.respSize=80 done
n232-194-226:234274:234301 [1] NCCL INFO ncclPollProxyResponse Received new opId=0x7f3612bbbce0
n232-194-226:234274:234350 [1] NCCL INFO Received and initiated operation=Setup res=0
n232-194-226:234274:234301 [1] NCCL INFO recvOpId=0x7f3612bbbce0 matches expected opId=0x7f3612bbbce0
n232-194-226:234274:234301 [1] NCCL INFO Channel 05/0 : 1[1] -> 0[0] via P2P/IPC
n232-194-226:234275:234347 [2] NCCL INFO transport/p2p.cc:204 Cuda Alloc Size 2097152 pointer 0x7f518be00000
n232-194-226:234274:234350 [1] NCCL INFO New proxy send connection 21 from local rank 1, transport 0
n232-194-226:234274:234350 [1] NCCL INFO proxyProgressAsync opId=0x7f3612bbbce0 op.type=1 op.reqBuff=0x7f36080165a0 op.respSize=16 done
n232-194-226:234275:234347 [2] NCCL INFO Allocated shareable buffer 0x7f518be00000 size 2097152 ipcDesc 0x7f51980361b0
n232-194-226:234274:234301 [1] NCCL INFO ncclPollProxyResponse Received new opId=0x7f3612bbbce0
n232-194-226:234275:234347 [2] NCCL INFO proxyProgressAsync opId=0x7f51a2bbbce0 op.type=3 op.reqBuff=0x7f5198040f30 op.respSize=80 done
n232-194-226:234274:234301 [1] NCCL INFO recvOpId=0x7f3612bbbce0 matches expected opId=0x7f3612bbbce0
n232-194-226:234275:234299 [2] NCCL INFO ncclPollProxyResponse Received new opId=0x7f51a2bbbce0
n232-194-226:234274:234350 [1] NCCL INFO Received and initiated operation=Init res=0
n232-194-226:234275:234347 [2] NCCL INFO Received and initiated operation=Setup res=0
n232-194-226:234275:234299 [2] NCCL INFO recvOpId=0x7f51a2bbbce0 matches expected opId=0x7f51a2bbbce0
n232-194-226:234275:234299 [2] NCCL INFO Channel 09/0 : 2[2] -> 1[1] via P2P/IPC
n232-194-226:234275:234347 [2] NCCL INFO New proxy send connection 30 from local rank 2, transport 0
n232-194-226:234275:234347 [2] NCCL INFO proxyProgressAsync opId=0x7f51a2bbbce0 op.type=1 op.reqBuff=0x7f5198040f30 op.respSize=16 done
n232-194-226:234275:234299 [2] NCCL INFO ncclPollProxyResponse Received new opId=0x7f51a2bbbce0
n232-194-226:234275:234347 [2] NCCL INFO Received and initiated operation=Init res=0
n232-194-226:234275:234299 [2] NCCL INFO recvOpId=0x7f51a2bbbce0 matches expected opId=0x7f51a2bbbce0
n232-194-226:234275:234299 [2] NCCL INFO Connection to proxy localRank 2 -> connection 0x7f5198003ab0
n232-194-226:234274:234301 [1] NCCL INFO Connection to proxy localRank 1 -> connection 0x7f36080037e0
n232-194-226:234276:234346 [3] NCCL INFO transport/p2p.cc:204 Cuda Alloc Size 2097152 pointer 0x7fac4fe00000
n232-194-226:234276:234346 [3] NCCL INFO Allocated shareable buffer 0x7fac4fe00000 size 2097152 ipcDesc 0x7fac5c0361b0
n232-194-226:234276:234346 [3] NCCL INFO proxyProgressAsync opId=0x7fac66bbbce0 op.type=3 op.reqBuff=0x7fac5c044010 op.respSize=80 done
n232-194-226:234276:234302 [3] NCCL INFO ncclPollProxyResponse Received new opId=0x7fac66bbbce0
n232-194-226:234276:234302 [3] NCCL INFO recvOpId=0x7fac66bbbce0 matches expected opId=0x7fac66bbbce0
n232-194-226:234276:234346 [3] NCCL INFO Received and initiated operation=Setup res=0
n232-194-226:234276:234302 [3] NCCL INFO Channel 14/0 : 3[3] -> 2[2] via P2P/IPC
n232-194-226:234277:234349 [4] NCCL INFO transport/p2p.cc:204 Cuda Alloc Size 2097152 pointer 0x7feaf9e00000
n232-194-226:234276:234346 [3] NCCL INFO New proxy send connection 34 from local rank 3, transport 0
n232-194-226:234276:234346 [3] NCCL INFO proxyProgressAsync opId=0x7fac66bbbce0 op.type=1 op.reqBuff=0x7fac5c044010 op.respSize=16 done
n232-194-226:234276:234302 [3] NCCL INFO ncclPollProxyResponse Received new opId=0x7fac66bbbce0
n232-194-226:234276:234302 [3] NCCL INFO recvOpId=0x7fac66bbbce0 matches expected opId=0x7fac66bbbce0
n232-194-226:234276:234346 [3] NCCL INFO Received and initiated operation=Init res=0
n232-194-226:234277:234349 [4] NCCL INFO Allocated shareable buffer 0x7feaf9e00000 size 2097152 ipcDesc 0x7feb040361b0
n232-194-226:234276:234302 [3] NCCL INFO Connection to proxy localRank 3 -> connection 0x7fac5c003bf0
n232-194-226:234277:234349 [4] NCCL INFO proxyProgressAsync opId=0x7feb0ebbbce0 op.type=3 op.reqBuff=0x7feb04041020 op.respSize=80 done
n232-194-226:234277:234300 [4] NCCL INFO ncclPollProxyResponse Received new opId=0x7feb0ebbbce0
n232-194-226:234277:234300 [4] NCCL INFO recvOpId=0x7feb0ebbbce0 matches expected opId=0x7feb0ebbbce0
n232-194-226:234277:234349 [4] NCCL INFO Received and initiated operation=Setup res=0
n232-194-226:234277:234300 [4] NCCL INFO Channel 14/0 : 4[4] -> 3[3] via P2P/IPC
n232-194-226:234277:234349 [4] NCCL INFO New proxy send connection 31 from local rank 4, transport 0
n232-194-226:234277:234349 [4] NCCL INFO proxyProgressAsync opId=0x7feb0ebbbce0 op.type=1 op.reqBuff=0x7feb04041020 op.respSize=16 done
n232-194-226:234277:234300 [4] NCCL INFO ncclPollProxyResponse Received new opId=0x7feb0ebbbce0
n232-194-226:234277:234349 [4] NCCL INFO Received and initiated operation=Init res=0
n232-194-226:234277:234300 [4] NCCL INFO recvOpId=0x7feb0ebbbce0 matches expected opId=0x7feb0ebbbce0
n232-194-226:234277:234300 [4] NCCL INFO Connection to proxy localRank 4 -> connection 0x7feb04003b00
n232-194-226:234275:234347 [2] NCCL INFO transport/p2p.cc:204 Cuda Alloc Size 2097152 pointer 0x7f518de00000
n232-194-226:234275:234347 [2] NCCL INFO Allocated shareable buffer 0x7f518de00000 size 2097152 ipcDesc 0x7f51980361b0
n232-194-226:234275:234347 [2] NCCL INFO proxyProgressAsync opId=0x7f51a2bbbce0 op.type=3 op.reqBuff=0x7f5198040f70 op.respSize=80 done
n232-194-226:234275:234299 [2] NCCL INFO ncclPollProxyResponse Received new opId=0x7f51a2bbbce0
n232-194-226:234275:234347 [2] NCCL INFO Received and initiated operation=Setup res=0
n232-194-226:234275:234299 [2] NCCL INFO recvOpId=0x7f51a2bbbce0 matches expected opId=0x7f51a2bbbce0
n232-194-226:234275:234299 [2] NCCL INFO Channel 10/0 : 2[2] -> 1[1] via P2P/IPC
n232-194-226:234274:234350 [1] NCCL INFO transport/p2p.cc:204 Cuda Alloc Size 2097152 pointer 0x7f35ffe00000
n232-194-226:234275:234347 [2] NCCL INFO New proxy send connection 31 from local rank 2, transport 0
n232-194-226:234275:234347 [2] NCCL INFO proxyProgressAsync opId=0x7f51a2bbbce0 op.type=1 op.reqBuff=0x7f5198040f70 op.respSize=16 done
n232-194-226:234275:234299 [2] NCCL INFO ncclPollProxyResponse Received new opId=0x7f51a2bbbce0
n232-194-226:234275:234347 [2] NCCL INFO Received and initiated operation=Init res=0
n232-194-226:234275:234299 [2] NCCL INFO recvOpId=0x7f51a2bbbce0 matches expected opId=0x7f51a2bbbce0
n232-194-226:234275:234299 [2] NCCL INFO Connection to proxy localRank 2 -> connection 0x7f5198003b00
n232-194-226:234274:234350 [1] NCCL INFO Allocated shareable buffer 0x7f35ffe00000 size 2097152 ipcDesc 0x7f360800c520
n232-194-226:234274:234350 [1] NCCL INFO proxyProgressAsync opId=0x7f3612bbbce0 op.type=3 op.reqBuff=0x7f36080165e0 op.respSize=80 done
n232-194-226:234274:234301 [1] NCCL INFO ncclPollProxyResponse Received new opId=0x7f3612bbbce0
n232-194-226:234274:234350 [1] NCCL INFO Received and initiated operation=Setup res=0
n232-194-226:234274:234301 [1] NCCL INFO recvOpId=0x7f3612bbbce0 matches expected opId=0x7f3612bbbce0
n232-194-226:234274:234301 [1] NCCL INFO Channel 06/0 : 1[1] -> 0[0] via P2P/IPC
n232-194-226:234276:234346 [3] NCCL INFO transport/p2p.cc:204 Cuda Alloc Size 2097152 pointer 0x7fac51e00000
n232-194-226:234274:234350 [1] NCCL INFO New proxy send connection 22 from local rank 1, transport 0
n232-194-226:234274:234350 [1] NCCL INFO proxyProgressAsync opId=0x7f3612bbbce0 op.type=1 op.reqBuff=0x7f36080165e0 op.respSize=16 done
n232-194-226:234274:234301 [1] NCCL INFO ncclPollProxyResponse Received new opId=0x7f3612bbbce0
n232-194-226:234274:234350 [1] NCCL INFO Received and initiated operation=Init res=0
n232-194-226:234274:234301 [1] NCCL INFO recvOpId=0x7f3612bbbce0 matches expected opId=0x7f3612bbbce0
n232-194-226:234274:234301 [1] NCCL INFO Connection to proxy localRank 1 -> connection 0x7f3608003830
n232-194-226:234276:234346 [3] NCCL INFO Allocated shareable buffer 0x7fac51e00000 size 2097152 ipcDesc 0x7fac5c0361b0
n232-194-226:234276:234346 [3] NCCL INFO proxyProgressAsync opId=0x7fac66bbbce0 op.type=3 op.reqBuff=0x7fac5c044050 op.respSize=80 done
n232-194-226:234276:234302 [3] NCCL INFO ncclPollProxyResponse Received new opId=0x7fac66bbbce0
n232-194-226:234276:234302 [3] NCCL INFO recvOpId=0x7fac66bbbce0 matches expected opId=0x7fac66bbbce0
n232-194-226:234276:234346 [3] NCCL INFO Received and initiated operation=Setup res=0
n232-194-226:234276:234302 [3] NCCL INFO Channel 15/0 : 3[3] -> 2[2] via P2P/IPC
n232-194-226:234277:234349 [4] NCCL INFO transport/p2p.cc:204 Cuda Alloc Size 2097152 pointer 0x7feafbe00000
n232-194-226:234276:234346 [3] NCCL INFO New proxy send connection 35 from local rank 3, transport 0
n232-194-226:234276:234346 [3] NCCL INFO proxyProgressAsync opId=0x7fac66bbbce0 op.type=1 op.reqBuff=0x7fac5c044050 op.respSize=16 done
n232-194-226:234276:234302 [3] NCCL INFO ncclPollProxyResponse Received new opId=0x7fac66bbbce0
n232-194-226:234276:234302 [3] NCCL INFO recvOpId=0x7fac66bbbce0 matches expected opId=0x7fac66bbbce0
n232-194-226:234276:234302 [3] NCCL INFO Connection to proxy localRank 3 -> connection 0x7fac5c003c40
n232-194-226:234276:234346 [3] NCCL INFO Received and initiated operation=Init res=0
n232-194-226:234277:234349 [4] NCCL INFO Allocated shareable buffer 0x7feafbe00000 size 2097152 ipcDesc 0x7feb040361b0
n232-194-226:234277:234349 [4] NCCL INFO proxyProgressAsync opId=0x7feb0ebbbce0 op.type=3 op.reqBuff=0x7feb04042620 op.respSize=80 done
n232-194-226:234277:234300 [4] NCCL INFO ncclPollProxyResponse Received new opId=0x7feb0ebbbce0
n232-194-226:234277:234349 [4] NCCL INFO Received and initiated operation=Setup res=0
n232-194-226:234277:234300 [4] NCCL INFO recvOpId=0x7feb0ebbbce0 matches expected opId=0x7feb0ebbbce0
n232-194-226:234275:234347 [2] NCCL INFO transport/p2p.cc:204 Cuda Alloc Size 2097152 pointer 0x7f518fe00000
n232-194-226:234275:234347 [2] NCCL INFO Allocated shareable buffer 0x7f518fe00000 size 2097152 ipcDesc 0x7f51980361b0
n232-194-226:234275:234347 [2] NCCL INFO proxyProgressAsync opId=0x7f51a2bbbce0 op.type=3 op.reqBuff=0x7f5198042570 op.respSize=80 done
n232-194-226:234275:234299 [2] NCCL INFO ncclPollProxyResponse Received new opId=0x7f51a2bbbce0
n232-194-226:234274:234350 [1] NCCL INFO transport/p2p.cc:204 Cuda Alloc Size 2097152 pointer 0x7f3601e00000
n232-194-226:234275:234299 [2] NCCL INFO recvOpId=0x7f51a2bbbce0 matches expected opId=0x7f51a2bbbce0
n232-194-226:234275:234347 [2] NCCL INFO Received and initiated operation=Setup res=0
n232-194-226:234275:234299 [2] NCCL INFO Channel 11/0 : 2[2] -> 1[1] via P2P/IPC
n232-194-226:234274:234350 [1] NCCL INFO Allocated shareable buffer 0x7f3601e00000 size 2097152 ipcDesc 0x7f360800c520
n232-194-226:234274:234350 [1] NCCL INFO proxyProgressAsync opId=0x7f3612bbbce0 op.type=3 op.reqBuff=0x7f3608017e60 op.respSize=80 done
n232-194-226:234275:234347 [2] NCCL INFO New proxy send connection 32 from local rank 2, transport 0
n232-194-226:234275:234347 [2] NCCL INFO proxyProgressAsync opId=0x7f51a2bbbce0 op.type=1 op.reqBuff=0x7f5198042570 op.respSize=16 done
n232-194-226:234274:234301 [1] NCCL INFO ncclPollProxyResponse Received new opId=0x7f3612bbbce0
n232-194-226:234275:234299 [2] NCCL INFO ncclPollProxyResponse Received new opId=0x7f51a2bbbce0
n232-194-226:234274:234301 [1] NCCL INFO recvOpId=0x7f3612bbbce0 matches expected opId=0x7f3612bbbce0
n232-194-226:234274:234350 [1] NCCL INFO Received and initiated operation=Setup res=0
n232-194-226:234275:234299 [2] NCCL INFO recvOpId=0x7f51a2bbbce0 matches expected opId=0x7f51a2bbbce0
n232-194-226:234275:234347 [2] NCCL INFO Received and initiated operation=Init res=0
n232-194-226:234274:234301 [1] NCCL INFO Channel 07/0 : 1[1] -> 0[0] via P2P/IPC
n232-194-226:234275:234299 [2] NCCL INFO Connection to proxy localRank 2 -> connection 0x7f5198003b50
n232-194-226:234274:234350 [1] NCCL INFO New proxy send connection 23 from local rank 1, transport 0
n232-194-226:234274:234350 [1] NCCL INFO proxyProgressAsync opId=0x7f3612bbbce0 op.type=1 op.reqBuff=0x7f3608017e60 op.respSize=16 done
n232-194-226:234274:234301 [1] NCCL INFO ncclPollProxyResponse Received new opId=0x7f3612bbbce0
n232-194-226:234276:234346 [3] NCCL INFO transport/p2p.cc:204 Cuda Alloc Size 2097152 pointer 0x7fac53e00000
n232-194-226:234274:234301 [1] NCCL INFO recvOpId=0x7f3612bbbce0 matches expected opId=0x7f3612bbbce0
n232-194-226:234274:234350 [1] NCCL INFO Received and initiated operation=Init res=0
n232-194-226:234274:234301 [1] NCCL INFO Connection to proxy localRank 1 -> connection 0x7f3608003880
n232-194-226:234276:234346 [3] NCCL INFO Allocated shareable buffer 0x7fac53e00000 size 2097152 ipcDesc 0x7fac5c0361b0
n232-194-226:234276:234346 [3] NCCL INFO proxyProgressAsync opId=0x7fac66bbbce0 op.type=3 op.reqBuff=0x7fac5c045650 op.respSize=80 done
n232-194-226:234276:234302 [3] NCCL INFO ncclPollProxyResponse Received new opId=0x7fac66bbbce0
n232-194-226:234276:234302 [3] NCCL INFO recvOpId=0x7fac66bbbce0 matches expected opId=0x7fac66bbbce0
n232-194-226:234276:234346 [3] NCCL INFO Received and initiated operation=Setup res=0
n232-194-226:234278:234303 [5] NCCL INFO Imported shareable buffer device 5 size 2097152 ptr 0x7f2c59e00000
n232-194-226:234275:234347 [2] NCCL INFO transport/p2p.cc:204 Cuda Alloc Size 2097152 pointer 0x7f5197e00000
n232-194-226:234274:234350 [1] NCCL INFO transport/p2p.cc:204 Cuda Alloc Size 2097152 pointer 0x7f3603e00000
n232-194-226:234275:234347 [2] NCCL INFO Allocated shareable buffer 0x7f5197e00000 size 2097152 ipcDesc 0x7f51980361b0
n232-194-226:234275:234347 [2] NCCL INFO proxyProgressAsync opId=0x7f51a2bbbce0 op.type=3 op.reqBuff=0x7f51980425b0 op.respSize=80 done
n232-194-226:234275:234299 [2] NCCL INFO ncclPollProxyResponse Received new opId=0x7f51a2bbbce0
n232-194-226:234275:234347 [2] NCCL INFO Received and initiated operation=Setup res=0
n232-194-226:234275:234299 [2] NCCL INFO recvOpId=0x7f51a2bbbce0 matches expected opId=0x7f51a2bbbce0
n232-194-226:234275:234299 [2] NCCL INFO Channel 13/0 : 2[2] -> 1[1] via P2P/IPC
n232-194-226:234274:234350 [1] NCCL INFO Allocated shareable buffer 0x7f3603e00000 size 2097152 ipcDesc 0x7f360800c520
n232-194-226:234274:234350 [1] NCCL INFO proxyProgressAsync opId=0x7f3612bbbce0 op.type=3 op.reqBuff=0x7f3608017ea0 op.respSize=80 done
n232-194-226:234274:234301 [1] NCCL INFO ncclPollProxyResponse Received new opId=0x7f3612bbbce0
n232-194-226:234275:234347 [2] NCCL INFO New proxy send connection 33 from local rank 2, transport 0
n232-194-226:234275:234347 [2] NCCL INFO proxyProgressAsync opId=0x7f51a2bbbce0 op.type=1 op.reqBuff=0x7f51980425b0 op.respSize=16 done
n232-194-226:234274:234301 [1] NCCL INFO recvOpId=0x7f3612bbbce0 matches expected opId=0x7f3612bbbce0
n232-194-226:234274:234350 [1] NCCL INFO Received and initiated operation=Setup res=0
n232-194-226:234275:234299 [2] NCCL INFO ncclPollProxyResponse Received new opId=0x7f51a2bbbce0
n232-194-226:234274:234301 [1] NCCL INFO Channel 08/0 : 1[1] -> 0[0] via P2P/IPC
n232-194-226:234275:234347 [2] NCCL INFO Received and initiated operation=Init res=0
n232-194-226:234275:234299 [2] NCCL INFO recvOpId=0x7f51a2bbbce0 matches expected opId=0x7f51a2bbbce0
n232-194-226:234275:234299 [2] NCCL INFO Connection to proxy localRank 2 -> connection 0x7f5198003ba0
n232-194-226:234274:234350 [1] NCCL INFO New proxy send connection 24 from local rank 1, transport 0
n232-194-226:234274:234350 [1] NCCL INFO proxyProgressAsync opId=0x7f3612bbbce0 op.type=1 op.reqBuff=0x7f3608017ea0 op.respSize=16 done
n232-194-226:234274:234301 [1] NCCL INFO ncclPollProxyResponse Received new opId=0x7f3612bbbce0
n232-194-226:234274:234301 [1] NCCL INFO recvOpId=0x7f3612bbbce0 matches expected opId=0x7f3612bbbce0
n232-194-226:234274:234350 [1] NCCL INFO Received and initiated operation=Init res=0
n232-194-226:234274:234301 [1] NCCL INFO Connection to proxy localRank 1 -> connection 0x7f36080038d0
n232-194-226:234278:234303 [5] NCCL INFO Imported shareable buffer device 5 size 2097152 ptr 0x7f2c5be00000
n232-194-226:234277:234300 [4] NCCL INFO Imported shareable buffer device 4 size 2097152 ptr 0x7feb03c00000
n232-194-226:234275:234347 [2] NCCL INFO transport/p2p.cc:204 Cuda Alloc Size 2097152 pointer 0x7f519f800000
n232-194-226:234274:234350 [1] NCCL INFO transport/p2p.cc:204 Cuda Alloc Size 2097152 pointer 0x7f3605e00000
n232-194-226:234275:234347 [2] NCCL INFO Allocated shareable buffer 0x7f519f800000 size 2097152 ipcDesc 0x7f51980361b0
n232-194-226:234275:234347 [2] NCCL INFO proxyProgressAsync opId=0x7f51a2bbbce0 op.type=3 op.reqBuff=0x7f5198043b20 op.respSize=80 done
n232-194-226:234275:234299 [2] NCCL INFO ncclPollProxyResponse Received new opId=0x7f51a2bbbce0
n232-194-226:234278:234303 [5] NCCL INFO Imported shareable buffer device 5 size 2097152 ptr 0x7f2c63a00000
n232-194-226:234275:234299 [2] NCCL INFO recvOpId=0x7f51a2bbbce0 matches expected opId=0x7f51a2bbbce0
n232-194-226:234275:234347 [2] NCCL INFO Received and initiated operation=Setup res=0
n232-194-226:234275:234299 [2] NCCL INFO Channel 14/0 : 2[2] -> 1[1] via P2P/IPC
n232-194-226:234275:234347 [2] NCCL INFO New proxy send connection 34 from local rank 2, transport 0
n232-194-226:234275:234347 [2] NCCL INFO proxyProgressAsync opId=0x7f51a2bbbce0 op.type=1 op.reqBuff=0x7f5198043b20 op.respSize=16 done
n232-194-226:234275:234299 [2] NCCL INFO ncclPollProxyResponse Received new opId=0x7f51a2bbbce0
n232-194-226:234275:234299 [2] NCCL INFO recvOpId=0x7f51a2bbbce0 matches expected opId=0x7f51a2bbbce0
n232-194-226:234275:234299 [2] NCCL INFO Connection to proxy localRank 2 -> connection 0x7f5198003bf0
n232-194-226:234275:234347 [2] NCCL INFO Received and initiated operation=Init res=0
n232-194-226:234274:234350 [1] NCCL INFO Allocated shareable buffer 0x7f3605e00000 size 2097152 ipcDesc 0x7f360800c520
n232-194-226:234274:234350 [1] NCCL INFO proxyProgressAsync opId=0x7f3612bbbce0 op.type=3 op.reqBuff=0x7f3608019220 op.respSize=80 done
n232-194-226:234277:234300 [4] NCCL INFO Imported shareable buffer device 4 size 2097152 ptr 0x7feb03e00000
n232-194-226:234274:234301 [1] NCCL INFO ncclPollProxyResponse Received new opId=0x7f3612bbbce0
n232-194-226:234274:234350 [1] NCCL INFO Received and initiated operation=Setup res=0
n232-194-226:234274:234301 [1] NCCL INFO recvOpId=0x7f3612bbbce0 matches expected opId=0x7f3612bbbce0
n232-194-226:234274:234301 [1] NCCL INFO Channel 09/0 : 1[1] -> 0[0] via P2P/IPC
n232-194-226:234274:234350 [1] NCCL INFO New proxy send connection 25 from local rank 1, transport 0
n232-194-226:234274:234350 [1] NCCL INFO proxyProgressAsync opId=0x7f3612bbbce0 op.type=1 op.reqBuff=0x7f3608019220 op.respSize=16 done
n232-194-226:234274:234301 [1] NCCL INFO ncclPollProxyResponse Received new opId=0x7f3612bbbce0
n232-194-226:234274:234301 [1] NCCL INFO recvOpId=0x7f3612bbbce0 matches expected opId=0x7f3612bbbce0
n232-194-226:234274:234350 [1] NCCL INFO Received and initiated operation=Init res=0
n232-194-226:234274:234301 [1] NCCL INFO Connection to proxy localRank 1 -> connection 0x7f3608003920
n232-194-226:234278:234303 [5] NCCL INFO Imported shareable buffer device 5 size 2097152 ptr 0x7f2c63c00000
n232-194-226:234277:234300 [4] NCCL INFO Imported shareable buffer device 4 size 2097152 ptr 0x7feb0ba00000
n232-194-226:234275:234347 [2] NCCL INFO transport/p2p.cc:204 Cuda Alloc Size 2097152 pointer 0x7f519fa00000
n232-194-226:234275:234347 [2] NCCL INFO Allocated shareable buffer 0x7f519fa00000 size 2097152 ipcDesc 0x7f51980361b0
n232-194-226:234275:234347 [2] NCCL INFO proxyProgressAsync opId=0x7f51a2bbbce0 op.type=3 op.reqBuff=0x7f5198043b60 op.respSize=80 done
n232-194-226:234275:234299 [2] NCCL INFO ncclPollProxyResponse Received new opId=0x7f51a2bbbce0
n232-194-226:234275:234347 [2] NCCL INFO Received and initiated operation=Setup res=0
n232-194-226:234275:234299 [2] NCCL INFO recvOpId=0x7f51a2bbbce0 matches expected opId=0x7f51a2bbbce0
n232-194-226:234275:234299 [2] NCCL INFO Channel 15/0 : 2[2] -> 1[1] via P2P/IPC
n232-194-226:234275:234347 [2] NCCL INFO New proxy send connection 35 from local rank 2, transport 0
n232-194-226:234275:234347 [2] NCCL INFO proxyProgressAsync opId=0x7f51a2bbbce0 op.type=1 op.reqBuff=0x7f5198043b60 op.respSize=16 done
n232-194-226:234275:234299 [2] NCCL INFO ncclPollProxyResponse Received new opId=0x7f51a2bbbce0
n232-194-226:234274:234350 [1] NCCL INFO transport/p2p.cc:204 Cuda Alloc Size 2097152 pointer 0x7f3607e00000
n232-194-226:234275:234347 [2] NCCL INFO Received and initiated operation=Init res=0
n232-194-226:234275:234299 [2] NCCL INFO recvOpId=0x7f51a2bbbce0 matches expected opId=0x7f51a2bbbce0
n232-194-226:234275:234299 [2] NCCL INFO Connection to proxy localRank 2 -> connection 0x7f5198003c40
n232-194-226:234277:234300 [4] NCCL INFO Imported shareable buffer device 4 size 2097152 ptr 0x7feb0bc00000
n232-194-226:234277:234300 [4] NCCL INFO recvConnect ncclProxyCallAsync opId=0x7feb0f582638 &recv->proxyConn=0x7feb0f582640 connectInfo=0x7feb0f5ad2e0
n232-194-226:234277:234300 [4] NCCL INFO recvConnect ncclProxyCallAsync opId=0x7feb0f58cbc8 &recv->proxyConn=0x7feb0f58cbd0 connectInfo=0x7feb0f5ad360
n232-194-226:234277:234349 [4] NCCL INFO transport/net_ib.cc:739 Ib Alloc Size 22280 pointer 0x7feb04049000
n232-194-226:234277:234300 [4] NCCL INFO recvConnect ncclProxyCallAsync opId=0x7feb0f597008 &recv->proxyConn=0x7feb0f597010 connectInfo=0x7feb0f5ad3e0
n232-194-226:234277:234349 [4] NCCL INFO Received and initiated operation=Connect res=0
n232-194-226:234277:234300 [4] NCCL INFO recvConnect ncclProxyCallAsync opId=0x7feb0f5a1448 &recv->proxyConn=0x7feb0f5a1450 connectInfo=0x7feb0f5ad460
n232-194-226:234277:234349 [4] NCCL INFO transport/net_ib.cc:739 Ib Alloc Size 22280 pointer 0x7feb04055000
n232-194-226:234277:234300 [4] NCCL INFO sendConnect ncclProxyCallAsync opId=0x7feb0f584f78
n232-194-226:234277:234349 [4] NCCL INFO Received and initiated operation=Connect res=0
n232-194-226:234277:234349 [4] NCCL INFO transport/net_ib.cc:739 Ib Alloc Size 22280 pointer 0x7feb04061000
n232-194-226:234277:234300 [4] NCCL INFO sendConnect ncclProxyCallAsync opId=0x7feb0f58f3b8
n232-194-226:234278:234348 [5] NCCL INFO transport/net_ib.cc:627 Ib Alloc Size 27160 pointer 0x7f2c5c049000
n232-194-226:234277:234349 [4] NCCL INFO Received and initiated operation=Connect res=0
n232-194-226:234277:234300 [4] NCCL INFO sendConnect ncclProxyCallAsync opId=0x7feb0f5997f8
n232-194-226:234277:234349 [4] NCCL INFO transport/net_ib.cc:739 Ib Alloc Size 22280 pointer 0x7feb0406d000
n232-194-226:234277:234349 [4] NCCL INFO Received and initiated operation=Connect res=0
n232-194-226:234277:234300 [4] NCCL INFO sendConnect ncclProxyCallAsync opId=0x7feb0f5a3c38
n232-194-226:234274:234350 [1] NCCL INFO Allocated shareable buffer 0x7f3607e00000 size 2097152 ipcDesc 0x7f360800c520
n232-194-226:234274:234350 [1] NCCL INFO proxyProgressAsync opId=0x7f3612bbbce0 op.type=3 op.reqBuff=0x7f3608019260 op.respSize=80 done
n232-194-226:234278:234303 [5] NCCL INFO Imported shareable buffer device 5 size 2097152 ptr 0x7f2c63e00000
n232-194-226:234274:234301 [1] NCCL INFO ncclPollProxyResponse Received new opId=0x7f3612bbbce0
n232-194-226:234274:234350 [1] NCCL INFO Received and initiated operation=Setup res=0
n232-194-226:234274:234301 [1] NCCL INFO recvOpId=0x7f3612bbbce0 matches expected opId=0x7f3612bbbce0
n232-194-226:234274:234301 [1] NCCL INFO Channel 10/0 : 1[1] -> 0[0] via P2P/IPC
n232-194-226:234274:234350 [1] NCCL INFO New proxy send connection 26 from local rank 1, transport 0
n232-194-226:234274:234350 [1] NCCL INFO proxyProgressAsync opId=0x7f3612bbbce0 op.type=1 op.reqBuff=0x7f3608019260 op.respSize=16 done
n232-194-226:234274:234301 [1] NCCL INFO ncclPollProxyResponse Received new opId=0x7f3612bbbce0
n232-194-226:234274:234301 [1] NCCL INFO recvOpId=0x7f3612bbbce0 matches expected opId=0x7f3612bbbce0
n232-194-226:234274:234350 [1] NCCL INFO Received and initiated operation=Init res=0
n232-194-226:234274:234301 [1] NCCL INFO Connection to proxy localRank 1 -> connection 0x7f3608003970
n232-194-226:234278:234348 [5] NCCL INFO NET/IB: Dev 4 Port 1 qpn 38940 mtu 5 LID 26
n232-194-226:234278:234348 [5] NCCL INFO transport/net_ib.cc:679 Ib Alloc Size 552 pointer 0x7f2c5c06b000
n232-194-226:234278:234348 [5] NCCL INFO Received and initiated operation=Connect res=0
n232-194-226:234278:234348 [5] NCCL INFO transport/net_ib.cc:627 Ib Alloc Size 27160 pointer 0x7f2c5c072000
n232-194-226:234278:234303 [5] NCCL INFO Imported shareable buffer device 5 size 2097152 ptr 0x7f2c52000000
n232-194-226:234278:234348 [5] NCCL INFO Received and initiated operation=Connect res=0
n232-194-226:234277:234300 [4] NCCL INFO Imported shareable buffer device 4 size 10485760 ptr 0x7feaf4000000
n232-194-226:234278:234348 [5] NCCL INFO NET/IB: Dev 4 Port 1 qpn 38941 mtu 5 LID 26
n232-194-226:234278:234348 [5] NCCL INFO transport/net_ib.cc:679 Ib Alloc Size 552 pointer 0x7f2c5c08a000
n232-194-226:234278:234348 [5] NCCL INFO transport/net_ib.cc:627 Ib Alloc Size 27160 pointer 0x7f2c5c091000
n232-194-226:234278:234303 [5] NCCL INFO Imported shareable buffer device 5 size 2097152 ptr 0x7f2c52200000
n232-194-226:234275:234347 [2] NCCL INFO transport/p2p.cc:204 Cuda Alloc Size 2097152 pointer 0x7f519fc00000
n232-194-226:234278:234348 [5] NCCL INFO NET/IB: Dev 4 Port 1 qpn 38942 mtu 5 LID 26
n232-194-226:234278:234348 [5] NCCL INFO transport/net_ib.cc:679 Ib Alloc Size 552 pointer 0x7f2c5c0a9000
n232-194-226:234278:234348 [5] NCCL INFO Received and initiated operation=Connect res=0
n232-194-226:234278:234348 [5] NCCL INFO transport/net_ib.cc:627 Ib Alloc Size 27160 pointer 0x7f2c5c0b0000
n232-194-226:234277:234300 [4] NCCL INFO Imported shareable buffer device 4 size 10485760 ptr 0x7feaf4a00000
n232-194-226:234278:234348 [5] NCCL INFO NET/IB: Dev 4 Port 1 qpn 38943 mtu 5 LID 26
n232-194-226:234278:234348 [5] NCCL INFO transport/net_ib.cc:679 Ib Alloc Size 552 pointer 0x7f2c5c0c8000
n232-194-226:234278:234348 [5] NCCL INFO Received and initiated operation=Connect res=0
n232-194-226:234274:234350 [1] NCCL INFO transport/p2p.cc:204 Cuda Alloc Size 2097152 pointer 0x7f360fa00000
n232-194-226:234274:234350 [1] NCCL INFO Allocated shareable buffer 0x7f360fa00000 size 2097152 ipcDesc 0x7f360800c520
n232-194-226:234274:234350 [1] NCCL INFO proxyProgressAsync opId=0x7f3612bbbce0 op.type=3 op.reqBuff=0x7f360801a5e0 op.respSize=80 done
n232-194-226:234274:234350 [1] NCCL INFO Received and initiated operation=Setup res=0
n232-194-226:234274:234301 [1] NCCL INFO ncclPollProxyResponse Received new opId=0x7f3612bbbce0
n232-194-226:234274:234301 [1] NCCL INFO recvOpId=0x7f3612bbbce0 matches expected opId=0x7f3612bbbce0
n232-194-226:234274:234301 [1] NCCL INFO Channel 11/0 : 1[1] -> 0[0] via P2P/IPC
n232-194-226:234274:234350 [1] NCCL INFO New proxy send connection 27 from local rank 1, transport 0
n232-194-226:234274:234350 [1] NCCL INFO proxyProgressAsync opId=0x7f3612bbbce0 op.type=1 op.reqBuff=0x7f360801a5e0 op.respSize=16 done
n232-194-226:234274:234301 [1] NCCL INFO ncclPollProxyResponse Received new opId=0x7f3612bbbce0
n232-194-226:234274:234350 [1] NCCL INFO Received and initiated operation=Init res=0
n232-194-226:234274:234301 [1] NCCL INFO recvOpId=0x7f3612bbbce0 matches expected opId=0x7f3612bbbce0
n232-194-226:234274:234301 [1] NCCL INFO Connection to proxy localRank 1 -> connection 0x7f36080039c0
n232-194-226:234278:234303 [5] NCCL INFO Imported shareable buffer device 5 size 2097152 ptr 0x7f2c52400000
n232-194-226:234278:234303 [5] NCCL INFO sendConnect ncclProxyCallAsync opId=0x7f2c675822d0
n232-194-226:234277:234349 [4] NCCL INFO transport/net_ib.cc:627 Ib Alloc Size 27160 pointer 0x7feb04079000
n232-194-226:234277:234300 [4] NCCL INFO Imported shareable buffer device 4 size 10485760 ptr 0x7feaf5400000
n232-194-226:234277:234349 [4] NCCL INFO NET/IB: Dev 3 Port 1 qpn 21179 mtu 5 LID 27
n232-194-226:234277:234349 [4] NCCL INFO transport/net_ib.cc:679 Ib Alloc Size 552 pointer 0x7feb0409b000
n232-194-226:234277:234349 [4] NCCL INFO Received and initiated operation=Connect res=0
n232-194-226:234274:234350 [1] NCCL INFO transport/p2p.cc:204 Cuda Alloc Size 2097152 pointer 0x7f360fc00000
n232-194-226:234277:234300 [4] NCCL INFO Imported shareable buffer device 4 size 10485760 ptr 0x7feaf2000000
n232-194-226:234274:234350 [1] NCCL INFO Allocated shareable buffer 0x7f360fc00000 size 2097152 ipcDesc 0x7f360800c520
n232-194-226:234274:234350 [1] NCCL INFO proxyProgressAsync opId=0x7f3612bbbce0 op.type=3 op.reqBuff=0x7f360801a620 op.respSize=80 done
n232-194-226:234275:234347 [2] NCCL INFO Allocated shareable buffer 0x7f519fc00000 size 2097152 ipcDesc 0x7f51980361b0
n232-194-226:234275:234347 [2] NCCL INFO proxyProgressAsync opId=0x7f51a2bbbce0 op.type=3 op.reqBuff=0x7f5198045330 op.respSize=80 done
n232-194-226:234274:234301 [1] NCCL INFO ncclPollProxyResponse Received new opId=0x7f3612bbbce0
n232-194-226:234278:234303 [5] NCCL INFO Imported shareable buffer device 5 size 2097152 ptr 0x7f2c52600000
n232-194-226:234274:234350 [1] NCCL INFO Received and initiated operation=Setup res=0
n232-194-226:234275:234299 [2] NCCL INFO ncclPollProxyResponse Received new opId=0x7f51a2bbbce0
n232-194-226:234274:234301 [1] NCCL INFO recvOpId=0x7f3612bbbce0 matches expected opId=0x7f3612bbbce0
n232-194-226:234275:234347 [2] NCCL INFO Received and initiated operation=Setup res=0
n232-194-226:234274:234301 [1] NCCL INFO Channel 12/0 : 1[1] -> 0[0] via P2P/IPC
n232-194-226:234275:234299 [2] NCCL INFO recvOpId=0x7f51a2bbbce0 matches expected opId=0x7f51a2bbbce0
n232-194-226:234278:234303 [5] NCCL INFO sendConnect ncclProxyCallAsync opId=0x7f2c6758c860
n232-194-226:234274:234350 [1] NCCL INFO New proxy send connection 28 from local rank 1, transport 0
n232-194-226:234274:234350 [1] NCCL INFO proxyProgressAsync opId=0x7f3612bbbce0 op.type=1 op.reqBuff=0x7f360801a620 op.respSize=16 done
n232-194-226:234274:234301 [1] NCCL INFO ncclPollProxyResponse Received new opId=0x7f3612bbbce0
n232-194-226:234274:234301 [1] NCCL INFO recvOpId=0x7f3612bbbce0 matches expected opId=0x7f3612bbbce0
n232-194-226:234274:234350 [1] NCCL INFO Received and initiated operation=Init res=0
n232-194-226:234274:234301 [1] NCCL INFO Connection to proxy localRank 1 -> connection 0x7f3608003a10
n232-194-226:234277:234349 [4] NCCL INFO transport/net_ib.cc:627 Ib Alloc Size 27160 pointer 0x7feb040a2000
n232-194-226:234277:234349 [4] NCCL INFO NET/IB: Dev 3 Port 1 qpn 21180 mtu 5 LID 27
n232-194-226:234277:234349 [4] NCCL INFO transport/net_ib.cc:679 Ib Alloc Size 552 pointer 0x7feb040ba000
n232-194-226:234277:234349 [4] NCCL INFO Received and initiated operation=Connect res=0
n232-194-226:234278:234303 [5] NCCL INFO Imported shareable buffer device 5 size 2097152 ptr 0x7f2c52800000
n232-194-226:234278:234303 [5] NCCL INFO sendConnect ncclProxyCallAsync opId=0x7f2c67596ca0
n232-194-226:234277:234300 [4] NCCL INFO Imported shareable buffer device 4 size 10485760 ptr 0x7feaf2a00000
n232-194-226:234276:234302 [3] NCCL INFO Imported shareable buffer device 3 size 10485760 ptr 0x7fac4c000000
n232-194-226:234274:234350 [1] NCCL INFO transport/p2p.cc:204 Cuda Alloc Size 2097152 pointer 0x7f360fe00000
n232-194-226:234274:234350 [1] NCCL INFO Allocated shareable buffer 0x7f360fe00000 size 2097152 ipcDesc 0x7f360800c520
n232-194-226:234274:234350 [1] NCCL INFO proxyProgressAsync opId=0x7f3612bbbce0 op.type=3 op.reqBuff=0x7f360801be00 op.respSize=80 done
n232-194-226:234274:234301 [1] NCCL INFO ncclPollProxyResponse Received new opId=0x7f3612bbbce0
n232-194-226:234274:234350 [1] NCCL INFO Received and initiated operation=Setup res=0
n232-194-226:234274:234301 [1] NCCL INFO recvOpId=0x7f3612bbbce0 matches expected opId=0x7f3612bbbce0
n232-194-226:234274:234301 [1] NCCL INFO Channel 13/0 : 1[1] -> 0[0] via P2P/IPC
n232-194-226:234274:234350 [1] NCCL INFO New proxy send connection 29 from local rank 1, transport 0
n232-194-226:234274:234350 [1] NCCL INFO proxyProgressAsync opId=0x7f3612bbbce0 op.type=1 op.reqBuff=0x7f360801be00 op.respSize=16 done
n232-194-226:234274:234301 [1] NCCL INFO ncclPollProxyResponse Received new opId=0x7f3612bbbce0
n232-194-226:234274:234350 [1] NCCL INFO Received and initiated operation=Init res=0
n232-194-226:234274:234301 [1] NCCL INFO recvOpId=0x7f3612bbbce0 matches expected opId=0x7f3612bbbce0
n232-194-226:234274:234301 [1] NCCL INFO Connection to proxy localRank 1 -> connection 0x7f3608003a60
n232-194-226:234278:234303 [5] NCCL INFO Imported shareable buffer device 5 size 2097152 ptr 0x7f2c52a00000
n232-194-226:234278:234303 [5] NCCL INFO sendConnect ncclProxyCallAsync opId=0x7f2c675a10e0
n232-194-226:234276:234302 [3] NCCL INFO Imported shareable buffer device 3 size 10485760 ptr 0x7fac4ca00000
n232-194-226:234277:234349 [4] NCCL INFO transport/p2p.cc:204 Cuda Alloc Size 10485760 pointer 0x7feaf3400000
n232-194-226:234278:234303 [5] NCCL INFO Imported shareable buffer device 5 size 2097152 ptr 0x7f2c52c00000
n232-194-226:234278:234303 [5] NCCL INFO recvConnect ncclProxyCallAsync opId=0x7f2c67584e50 &recv->proxyConn=0x7f2c67584e58 connectInfo=0x7f2c675b1a00
n232-194-226:234274:234350 [1] NCCL INFO transport/p2p.cc:204 Cuda Alloc Size 2097152 pointer 0x7f35fc000000
n232-194-226:234278:234303 [5] NCCL INFO recvConnect ncclProxyCallAsync opId=0x7f2c6758f290 &recv->proxyConn=0x7f2c6758f298 connectInfo=0x7f2c675b1a80
n232-194-226:234278:234348 [5] NCCL INFO transport/net_ib.cc:739 Ib Alloc Size 22280 pointer 0x7f2c5c0cf000
n232-194-226:234278:234303 [5] NCCL INFO recvConnect ncclProxyCallAsync opId=0x7f2c675996d0 &recv->proxyConn=0x7f2c675996d8 connectInfo=0x7f2c675b1b00
n232-194-226:234278:234348 [5] NCCL INFO transport/net_ib.cc:752 Ib Alloc Size 552 pointer 0x7f2c5c0d6000
n232-194-226:234278:234303 [5] NCCL INFO recvConnect ncclProxyCallAsync opId=0x7f2c675a3b10 &recv->proxyConn=0x7f2c675a3b18 connectInfo=0x7f2c675b1b80
n232-194-226:234276:234302 [3] NCCL INFO Imported shareable buffer device 3 size 10485760 ptr 0x7fac4d400000
n232-194-226:234274:234350 [1] NCCL INFO Allocated shareable buffer 0x7f35fc000000 size 2097152 ipcDesc 0x7f360800c520
n232-194-226:234274:234350 [1] NCCL INFO proxyProgressAsync opId=0x7f3612bbbce0 op.type=3 op.reqBuff=0x7f360801be40 op.respSize=80 done
n232-194-226:234274:234301 [1] NCCL INFO ncclPollProxyResponse Received new opId=0x7f3612bbbce0
n232-194-226:234274:234350 [1] NCCL INFO Received and initiated operation=Setup res=0
n232-194-226:234274:234301 [1] NCCL INFO recvOpId=0x7f3612bbbce0 matches expected opId=0x7f3612bbbce0
n232-194-226:234274:234301 [1] NCCL INFO Channel 14/0 : 1[1] -> 0[0] via P2P/IPC
n232-194-226:234274:234350 [1] NCCL INFO New proxy send connection 30 from local rank 1, transport 0
n232-194-226:234274:234350 [1] NCCL INFO proxyProgressAsync opId=0x7f3612bbbce0 op.type=1 op.reqBuff=0x7f360801be40 op.respSize=16 done
n232-194-226:234274:234301 [1] NCCL INFO ncclPollProxyResponse Received new opId=0x7f3612bbbce0
n232-194-226:234274:234301 [1] NCCL INFO recvOpId=0x7f3612bbbce0 matches expected opId=0x7f3612bbbce0
n232-194-226:234274:234350 [1] NCCL INFO Received and initiated operation=Init res=0
n232-194-226:234274:234301 [1] NCCL INFO Connection to proxy localRank 1 -> connection 0x7f3608003ab0
n232-194-226:234278:234348 [5] NCCL INFO transport/net_ib.cc:830 Ib Alloc Size 552 pointer 0x7f2c5c0f3000
n232-194-226:234278:234348 [5] NCCL INFO Received and initiated operation=Connect res=0
n232-194-226:234278:234348 [5] NCCL INFO transport/net_ib.cc:739 Ib Alloc Size 22280 pointer 0x7f2c5c0fa000
n232-194-226:234278:234348 [5] NCCL INFO transport/net_ib.cc:752 Ib Alloc Size 552 pointer 0x7f2c5c101000
n232-194-226:234277:234300 [4] NCCL INFO Imported shareable buffer device 4 size 2097152 ptr 0x7feaf3e00000
n232-194-226:234278:234303 [5] NCCL INFO Imported shareable buffer device 5 size 10485760 ptr 0x7f2c52e00000
n232-194-226:234278:234348 [5] NCCL INFO transport/net_ib.cc:830 Ib Alloc Size 552 pointer 0x7f2c5c11d000
n232-194-226:234278:234348 [5] NCCL INFO Received and initiated operation=Connect res=0
n232-194-226:234276:234302 [3] NCCL INFO Imported shareable buffer device 3 size 10485760 ptr 0x7fac4a000000
n232-194-226:234277:234349 [4] NCCL INFO Allocated shareable buffer 0x7feaf3400000 size 10485760 ipcDesc 0x7feb0401006c
n232-194-226:234276:234302 [3] NCCL INFO recvConnect ncclProxyCallAsync opId=0x7fac6757f070 &recv->proxyConn=0x7fac6757f078 connectInfo=0x7fac675b5320
n232-194-226:234277:234349 [4] NCCL INFO Allocated 532484 bytes of shared memory in /dev/shm/nccl-6mCqZe
n232-194-226:234276:234302 [3] NCCL INFO recvConnect ncclProxyCallAsync opId=0x7fac67589750 &recv->proxyConn=0x7fac67589758 connectInfo=0x7fac675b53a0
n232-194-226:234276:234346 [3] NCCL INFO transport/net_ib.cc:739 Ib Alloc Size 22280 pointer 0x7fac5c04c000
n232-194-226:234276:234302 [3] NCCL INFO recvConnect ncclProxyCallAsync opId=0x7fac67593b90 &recv->proxyConn=0x7fac67593b98 connectInfo=0x7fac675b5420
n232-194-226:234276:234346 [3] NCCL INFO Received and initiated operation=Connect res=0
n232-194-226:234276:234302 [3] NCCL INFO recvConnect ncclProxyCallAsync opId=0x7fac6759dfd0 &recv->proxyConn=0x7fac6759dfd8 connectInfo=0x7fac675b54a0
n232-194-226:234276:234346 [3] NCCL INFO transport/net_ib.cc:739 Ib Alloc Size 22280 pointer 0x7fac5c058000
n232-194-226:234276:234346 [3] NCCL INFO Received and initiated operation=Connect res=0
n232-194-226:234276:234346 [3] NCCL INFO transport/net_ib.cc:739 Ib Alloc Size 22280 pointer 0x7fac5c064000
n232-194-226:234274:234350 [1] NCCL INFO transport/p2p.cc:204 Cuda Alloc Size 2097152 pointer 0x7f35fc200000
n232-194-226:234276:234346 [3] NCCL INFO Received and initiated operation=Connect res=0
n232-194-226:234276:234346 [3] NCCL INFO transport/net_ib.cc:739 Ib Alloc Size 22280 pointer 0x7fac5c070000
n232-194-226:234276:234346 [3] NCCL INFO Received and initiated operation=Connect res=0
n232-194-226:234277:234349 [4] NCCL INFO Mem Realloc old size 0, new size 768 pointer 0x7feb040af3c0
n232-194-226:234278:234303 [5] NCCL INFO Imported shareable buffer device 5 size 10485760 ptr 0x7f2c4a000000
n232-194-226:234274:234350 [1] NCCL INFO Allocated shareable buffer 0x7f35fc200000 size 2097152 ipcDesc 0x7f360800c520
n232-194-226:234274:234350 [1] NCCL INFO proxyProgressAsync opId=0x7f3612bbbce0 op.type=3 op.reqBuff=0x7f360801d620 op.respSize=80 done
n232-194-226:234277:234300 [4] NCCL INFO Imported shareable buffer device 4 size 2097152 ptr 0x7feaf5e00000
n232-194-226:234274:234301 [1] NCCL INFO ncclPollProxyResponse Received new opId=0x7f3612bbbce0
n232-194-226:234274:234350 [1] NCCL INFO Received and initiated operation=Setup res=0
n232-194-226:234274:234301 [1] NCCL INFO recvOpId=0x7f3612bbbce0 matches expected opId=0x7f3612bbbce0
n232-194-226:234274:234301 [1] NCCL INFO Channel 15/0 : 1[1] -> 0[0] via P2P/IPC
n232-194-226:234274:234350 [1] NCCL INFO New proxy send connection 31 from local rank 1, transport 0
n232-194-226:234274:234350 [1] NCCL INFO proxyProgressAsync opId=0x7f3612bbbce0 op.type=1 op.reqBuff=0x7f360801d620 op.respSize=16 done
n232-194-226:234274:234301 [1] NCCL INFO ncclPollProxyResponse Received new opId=0x7f3612bbbce0
n232-194-226:234274:234301 [1] NCCL INFO recvOpId=0x7f3612bbbce0 matches expected opId=0x7f3612bbbce0
n232-194-226:234274:234350 [1] NCCL INFO Received and initiated operation=Init res=0
n232-194-226:234274:234301 [1] NCCL INFO Connection to proxy localRank 1 -> connection 0x7f3608003b00
n232-194-226:234276:234302 [3] NCCL INFO Imported shareable buffer device 3 size 10485760 ptr 0x7fac4aa00000
n232-194-226:234277:234300 [4] NCCL INFO Imported shareable buffer device 4 size 10485760 ptr 0x7feaf0000000
n232-194-226:234278:234348 [5] NCCL INFO transport/p2p.cc:204 Cuda Alloc Size 10485760 pointer 0x7f2c4aa00000
n232-194-226:234274:234350 [1] NCCL INFO transport/p2p.cc:204 Cuda Alloc Size 2097152 pointer 0x7f35fc400000
n232-194-226:234274:234350 [1] NCCL INFO Allocated shareable buffer 0x7f35fc400000 size 2097152 ipcDesc 0x7f360800c520
n232-194-226:234274:234350 [1] NCCL INFO proxyProgressAsync opId=0x7f3612bbbce0 op.type=3 op.reqBuff=0x7f360801d660 op.respSize=80 done
n232-194-226:234274:234301 [1] NCCL INFO ncclPollProxyResponse Received new opId=0x7f3612bbbce0
n232-194-226:234274:234350 [1] NCCL INFO Received and initiated operation=Setup res=0
n232-194-226:234274:234301 [1] NCCL INFO recvOpId=0x7f3612bbbce0 matches expected opId=0x7f3612bbbce0
n232-194-226:234276:234302 [3] NCCL INFO Imported shareable buffer device 3 size 2097152 ptr 0x7fac4b400000
n232-194-226:234277:234300 [4] NCCL INFO Imported shareable buffer device 4 size 10485760 ptr 0x7feaf0a00000
n232-194-226:234278:234303 [5] NCCL INFO Imported shareable buffer device 5 size 10485760 ptr 0x7f2c4b400000
n232-194-226:234278:234348 [5] NCCL INFO Allocated shareable buffer 0x7f2c4aa00000 size 10485760 ipcDesc 0x7f2c5c011e4c
n232-194-226:234278:234348 [5] NCCL INFO Allocated 532484 bytes of shared memory in /dev/shm/nccl-2Xjcii
n232-194-226:234278:234348 [5] NCCL INFO Mem Realloc old size 0, new size 768 pointer 0x7f2c5c0c7010
n232-194-226:234276:234302 [3] NCCL INFO Imported shareable buffer device 3 size 10485760 ptr 0x7fac4b600000
n232-194-226:234277:234300 [4] NCCL INFO Imported shareable buffer device 4 size 2097152 ptr 0x7feaf1400000
n232-194-226:234277:234300 [4] NCCL INFO Imported shareable buffer device 4 size 2097152 ptr 0x7feaf1600000
n232-194-226:234277:234349 [4] NCCL INFO proxyProgressAsync opId=0x7f2c675822d0 op.type=4 op.reqBuff=0x7feb04060510 op.respSize=21040 done
n232-194-226:234277:234300 [4] NCCL INFO Imported shareable buffer device 4 size 10485760 ptr 0x7feaee000000
n232-194-226:234277:234349 [4] NCCL INFO transport/p2p.cc:204 Cuda Alloc Size 10485760 pointer 0x7feaeea00000
n232-194-226:234277:234300 [4] NCCL INFO Imported shareable buffer device 4 size 10485760 ptr 0x7feaef400000
n232-194-226:234277:234349 [4] NCCL INFO Allocated shareable buffer 0x7feaeea00000 size 10485760 ipcDesc 0x7feb0401a7bc
n232-194-226:234277:234349 [4] NCCL INFO Allocated 532484 bytes of shared memory in /dev/shm/nccl-mA4XhI
n232-194-226:234273:234298 [0] NCCL INFO Imported shareable buffer device 0 size 10485760 ptr 0x7f2b0c000000
n232-194-226:234274:234301 [1] NCCL INFO Imported shareable buffer device 1 size 2097152 ptr 0x7f35fc600000
n232-194-226:234277:234300 [4] NCCL INFO Imported shareable buffer device 4 size 2097152 ptr 0x7feaefe00000
n232-194-226:234278:234303 [5] NCCL INFO Imported shareable buffer device 5 size 10485760 ptr 0x7f2c48000000
n232-194-226:234276:234302 [3] NCCL INFO Imported shareable buffer device 3 size 2097152 ptr 0x7fac4de00000
n232-194-226:234273:234298 [0] NCCL INFO Imported shareable buffer device 0 size 10485760 ptr 0x7f2b0ca00000
n232-194-226:234275:234299 [2] NCCL INFO Imported shareable buffer device 2 size 10485760 ptr 0x7f5188000000
n232-194-226:234274:234301 [1] NCCL INFO Imported shareable buffer device 1 size 2097152 ptr 0x7f35fc800000
n232-194-226:234277:234300 [4] NCCL INFO Imported shareable buffer device 4 size 2097152 ptr 0x7feaf1800000
n232-194-226:234278:234303 [5] NCCL INFO Imported shareable buffer device 5 size 10485760 ptr 0x7f2c48a00000
n232-194-226:234276:234302 [3] NCCL INFO Imported shareable buffer device 3 size 10485760 ptr 0x7fac48000000
n232-194-226:234273:234298 [0] NCCL INFO Imported shareable buffer device 0 size 10485760 ptr 0x7f2b0d400000
n232-194-226:234278:234348 [5] NCCL INFO proxyProgressAsync opId=0x7feb0f584f78 op.type=4 op.reqBuff=0x7f2c5c043a80 op.respSize=21040 done
n232-194-226:234275:234299 [2] NCCL INFO Imported shareable buffer device 2 size 10485760 ptr 0x7f5188a00000
n232-194-226:234274:234301 [1] NCCL INFO Imported shareable buffer device 1 size 2097152 ptr 0x7f35fca00000
n232-194-226:234277:234300 [4] NCCL INFO Imported shareable buffer device 4 size 10485760 ptr 0x7feaec000000
n232-194-226:234278:234303 [5] NCCL INFO Imported shareable buffer device 5 size 10485760 ptr 0x7f2c49400000
n232-194-226:234276:234302 [3] NCCL INFO Imported shareable buffer device 3 size 2097152 ptr 0x7fac48a00000
n232-194-226:234273:234298 [0] NCCL INFO Imported shareable buffer device 0 size 10485760 ptr 0x7f2b0a000000
n232-194-226:234276:234302 [3] NCCL INFO Imported shareable buffer device 3 size 10485760 ptr 0x7fac48c00000
n232-194-226:234278:234348 [5] NCCL INFO transport/net.cc:773 Cuda Alloc Size 9633792 pointer 0x7f2c46000000
n232-194-226:234273:234298 [0] NCCL INFO Imported shareable buffer device 0 size 10485760 ptr 0x7f2b0aa00000
n232-194-226:234276:234302 [3] NCCL INFO Imported shareable buffer device 3 size 2097152 ptr 0x7fac49600000
n232-194-226:234275:234299 [2] NCCL INFO Imported shareable buffer device 2 size 10485760 ptr 0x7f5189400000
n232-194-226:234277:234300 [4] NCCL INFO Imported shareable buffer device 4 size 10485760 ptr 0x7feaeca00000
n232-194-226:234274:234301 [1] NCCL INFO Imported shareable buffer device 1 size 2097152 ptr 0x7f35fcc00000
n232-194-226:234273:234298 [0] NCCL INFO Imported shareable buffer device 0 size 10485760 ptr 0x7f2b0b400000
n232-194-226:234277:234300 [4] NCCL INFO Imported shareable buffer device 4 size 2097152 ptr 0x7feaed400000
n232-194-226:234273:234298 [0] NCCL INFO Imported shareable buffer device 0 size 10485760 ptr 0x7f2b08000000
n232-194-226:234274:234301 [1] NCCL INFO Imported shareable buffer device 1 size 10485760 ptr 0x7f35fce00000
n232-194-226:234278:234303 [5] NCCL INFO Imported shareable buffer device 5 size 10485760 ptr 0x7f2c46a00000
n232-194-226:234278:234348 [5] NCCL INFO transport/net.cc:778 Cuda Host Alloc Size 8192 pointer 0x7f2c9ea00200
n232-194-226:234277:234349 [4] NCCL INFO proxyProgressAsync opId=0x7f2c6758c860 op.type=4 op.reqBuff=0x7feb04060d80 op.respSize=21040 done
n232-194-226:234277:234349 [4] NCCL INFO transport/net_ib.cc:752 Ib Alloc Size 552 pointer 0x7feb0409d000
n232-194-226:234277:234349 [4] NCCL INFO transport/net_ib.cc:830 Ib Alloc Size 552 pointer 0x7feb040a0000
n232-194-226:234277:234349 [4] NCCL INFO transport/net_ib.cc:627 Ib Alloc Size 27160 pointer 0x7feb040d3000
n232-194-226:234277:234300 [4] NCCL INFO Imported shareable buffer device 4 size 2097152 ptr 0x7feaed600000
n232-194-226:234277:234349 [4] NCCL INFO NET/IB: Dev 3 Port 1 qpn 21183 mtu 5 LID 27
n232-194-226:234277:234349 [4] NCCL INFO transport/net_ib.cc:679 Ib Alloc Size 552 pointer 0x7feb040ea000
n232-194-226:234277:234349 [4] NCCL INFO Received and initiated operation=Connect res=0
n232-194-226:234277:234349 [4] NCCL INFO transport/net_ib.cc:627 Ib Alloc Size 27160 pointer 0x7feb040f1000
n232-194-226:234275:234299 [2] NCCL INFO Imported shareable buffer device 2 size 10485760 ptr 0x7f5186000000
n232-194-226:234275:234299 [2] NCCL INFO recvConnect ncclProxyCallAsync opId=0x7f51a356c6f0 &recv->proxyConn=0x7f51a356c6f8 connectInfo=0x7f51a35b3310
n232-194-226:234275:234299 [2] NCCL INFO recvConnect ncclProxyCallAsync opId=0x7f51a3586e40 &recv->proxyConn=0x7f51a3586e48 connectInfo=0x7f51a35b3390
n232-194-226:234275:234347 [2] NCCL INFO transport/net_ib.cc:739 Ib Alloc Size 22280 pointer 0x7f519804c000
