n232-194-226:233893:233907 [1] NCCL INFO channel.cc:89 Cuda Alloc Size 1152 pointer 0x7f30fa20d600
n232-194-226:233893:233907 [1] NCCL INFO channel.cc:40 Cuda Alloc Size 2304 pointer 0x7f30fa20dc00
n232-194-226:233893:233907 [1] NCCL INFO channel.cc:43 Cuda Alloc Size 80 pointer 0x7f30fa20e600
n232-194-226:233893:233907 [1] NCCL INFO channel.cc:54 Cuda Alloc Size 24 pointer 0x7f30fa20e800
n232-194-226:233893:233907 [1] NCCL INFO channel.cc:89 Cuda Alloc Size 1152 pointer 0x7f30fa20ea00
n232-194-226:233893:233907 [1] NCCL INFO channel.cc:40 Cuda Alloc Size 2304 pointer 0x7f30fa20f000
n232-194-226:233893:233907 [1] NCCL INFO channel.cc:43 Cuda Alloc Size 80 pointer 0x7f30fa20fa00
n232-194-226:233893:233907 [1] NCCL INFO channel.cc:54 Cuda Alloc Size 24 pointer 0x7f30fa20fc00
n232-194-226:233893:233907 [1] NCCL INFO channel.cc:89 Cuda Alloc Size 1152 pointer 0x7f30fa20fe00
n232-194-226:233893:233907 [1] NCCL INFO channel.cc:40 Cuda Alloc Size 2304 pointer 0x7f30fa210400
n232-194-226:233893:233907 [1] NCCL INFO channel.cc:43 Cuda Alloc Size 80 pointer 0x7f30fa210e00
n232-194-226:233893:233907 [1] NCCL INFO channel.cc:54 Cuda Alloc Size 24 pointer 0x7f30fa211000
n232-194-226:233893:233907 [1] NCCL INFO channel.cc:89 Cuda Alloc Size 1152 pointer 0x7f30fa211200
n232-194-226:233893:233907 [1] NCCL INFO channel.cc:40 Cuda Alloc Size 2304 pointer 0x7f30fa211800
n232-194-226:233893:233907 [1] NCCL INFO channel.cc:43 Cuda Alloc Size 80 pointer 0x7f30fa212200
n232-194-226:233893:233907 [1] NCCL INFO channel.cc:54 Cuda Alloc Size 24 pointer 0x7f30fa212400
n232-194-226:233893:233907 [1] NCCL INFO channel.cc:89 Cuda Alloc Size 1152 pointer 0x7f30fa212600
n232-194-226:233893:233907 [1] NCCL INFO channel.cc:40 Cuda Alloc Size 2304 pointer 0x7f30fa212c00
n232-194-226:233893:233907 [1] NCCL INFO channel.cc:43 Cuda Alloc Size 80 pointer 0x7f30fa213600
n232-194-226:233893:233907 [1] NCCL INFO channel.cc:54 Cuda Alloc Size 24 pointer 0x7f30fa213800
n232-194-226:233893:233907 [1] NCCL INFO channel.cc:89 Cuda Alloc Size 1152 pointer 0x7f30fa213a00
n232-194-226:233893:233907 [1] NCCL INFO NVLS comm 0x55dd8e0333d0 headRank 1 nHeads 2 buffSize 4194304 memSize 2097152 nvlsPerRankSize 201326592 nvlsTotalSize 402653184
n232-194-226:233893:233907 [1] NCCL INFO NVLS importing shareableHandle 0x7f30ff3ac118 from rank 0
n232-194-226:233892:233929 [0] NCCL INFO New proxy send connection 29 from local rank 1, transport 0
n232-194-226:233892:233929 [0] NCCL INFO proxyProgressAsync opId=0x7f30febbbd20 op.type=1 op.reqBuff=0x7fd3e801be30 op.respSize=16 done
n232-194-226:233893:233907 [1] NCCL INFO ncclPollProxyResponse Received new opId=0x7f30febbbd20
n232-194-226:233893:233907 [1] NCCL INFO recvOpId=0x7f30febbbd20 matches expected opId=0x7f30febbbd20
n232-194-226:233892:233929 [0] NCCL INFO Received and initiated operation=Init res=0
n232-194-226:233893:233907 [1] NCCL INFO Connection to proxy localRank 0 -> connection 0x7fd3e8003a60
n232-194-226:233892:233929 [0] NCCL INFO UDS proxyConvertFd received fd 86 peer 1 opId 7f30febbbd20
n232-194-226:233892:233929 [0] NCCL INFO proxyProgressAsync opId=0x7f30febbbd20 op.type=9 op.reqBuff=0x7fd3e801a2c0 op.respSize=0 done
n232-194-226:233893:233907 [1] NCCL INFO ncclPollProxyResponse Received new opId=0x7f30febbbd20
n232-194-226:233892:233929 [0] NCCL INFO Received and initiated operation=ConvertFd res=0
n232-194-226:233893:233907 [1] NCCL INFO recvOpId=0x7f30febbbd20 matches expected opId=0x7f30febbbd20
n232-194-226:233893:233907 [1] NCCL INFO NVLS group 7f30ff41f2e0 adding dev 1
n232-194-226:233893:233907 [1] NCCL INFO NVLS Mapped UC at 0x520000000 size 536870912
n232-194-226:233893:233907 [1] NCCL INFO NVLS Bind mem 0x520000000 UC handle 0x7f30ff41fa20 MC handle 0x7f30ff41f2e0 size 536870912
n232-194-226:233893:233907 [1] NCCL INFO NVLS Mapped MC buffer at 0x540000000 size 536870912
n232-194-226:233892:233905 [0] NCCL INFO NVLS Mapped MC buffer at 0x540000000 size 536870912
n232-194-226:233894:233906 [2] NCCL INFO NVLS Mapped MC buffer at 0x540000000 size 536870912
n232-194-226:233893:233907 [1] NCCL INFO GPU Direct RDMA Enabled for GPU 34000 / HCA 0 (distance 3 <= 4), read 0
n232-194-226:233893:233931 [1] NCCL INFO New proxy recv connection 36 from local rank 1, transport 2
n232-194-226:233893:233931 [1] NCCL INFO proxyProgressAsync opId=0x7f30febbbd20 op.type=1 op.reqBuff=0x7f30f4194fe0 op.respSize=16 done
n232-194-226:233894:233906 [2] NCCL INFO Connected NVLS tree
n232-194-226:233893:233907 [1] NCCL INFO ncclPollProxyResponse Received new opId=0x7f30febbbd20
n232-194-226:233894:233906 [2] NCCL INFO threadThresholds 8/8/64 | 48/8/64 | 512 | 512
n232-194-226:233894:233906 [2] NCCL INFO 8 coll channels, 16 nvls channels, 8 p2p channels, 2 p2p channels per peer
n232-194-226:233893:233907 [1] NCCL INFO recvOpId=0x7f30febbbd20 matches expected opId=0x7f30febbbd20
n232-194-226:233893:233931 [1] NCCL INFO Received and initiated operation=Init res=0
n232-194-226:233893:233907 [1] NCCL INFO Connection to proxy localRank 1 -> connection 0x7f30f4003c90
n232-194-226:233892:233905 [0] NCCL INFO GPU Direct RDMA Enabled for GPU f000 / HCA 1 (distance 3 <= 4), read 0
n232-194-226:233894:233930 [2] NCCL INFO New proxy send connection 40 from local rank 2, transport 2
n232-194-226:233894:233930 [2] NCCL INFO proxyProgressAsync opId=0x7f8316bbbd20 op.type=1 op.reqBuff=0x7f830c21dfe0 op.respSize=16 done
n232-194-226:233894:233906 [2] NCCL INFO ncclPollProxyResponse Received new opId=0x7f8316bbbd20
n232-194-226:233894:233930 [2] NCCL INFO Received and initiated operation=Init res=0
n232-194-226:233893:233931 [1] NCCL INFO proxyProgressAsync opId=0x7f30febbbd20 op.type=3 op.reqBuff=0x7f30f404cfd0 op.respSize=128 done
n232-194-226:233894:233906 [2] NCCL INFO recvOpId=0x7f8316bbbd20 matches expected opId=0x7f8316bbbd20
n232-194-226:233894:233906 [2] NCCL INFO Connection to proxy localRank 2 -> connection 0x7f830c003dd0
n232-194-226:233893:233907 [1] NCCL INFO ncclPollProxyResponse Received new opId=0x7f30febbbd20
n232-194-226:233893:233907 [1] NCCL INFO recvOpId=0x7f30febbbd20 matches expected opId=0x7f30febbbd20
n232-194-226:233893:233931 [1] NCCL INFO Received and initiated operation=Setup res=0
n232-194-226:233893:233907 [1] NCCL INFO Channel 00/0 : 4[1] -> 1[1] [receive] via NET/IB/0/GDRDMA
n232-194-226:233893:233907 [1] NCCL INFO GPU Direct RDMA Enabled for GPU 34000 / HCA 0 (distance 3 <= 4), read 0
n232-194-226:233892:233929 [0] NCCL INFO Allocated 4194660 bytes of shared memory in /dev/shm/nccl-37TkUu
n232-194-226:233893:233931 [1] NCCL INFO New proxy recv connection 37 from local rank 1, transport 2
n232-194-226:233893:233931 [1] NCCL INFO proxyProgressAsync opId=0x7f30febbbd20 op.type=1 op.reqBuff=0x7f30f41fafe0 op.respSize=16 done
n232-194-226:233893:233907 [1] NCCL INFO ncclPollProxyResponse Received new opId=0x7f30febbbd20
n232-194-226:233893:233907 [1] NCCL INFO recvOpId=0x7f30febbbd20 matches expected opId=0x7f30febbbd20
n232-194-226:233893:233907 [1] NCCL INFO Connection to proxy localRank 1 -> connection 0x7f30f4003ce0
n232-194-226:233893:233931 [1] NCCL INFO Received and initiated operation=Init res=0
n232-194-226:233893:233931 [1] NCCL INFO proxyProgressAsync opId=0x7f30febbbd20 op.type=3 op.reqBuff=0x7f30f404cfd0 op.respSize=128 done
n232-194-226:233893:233907 [1] NCCL INFO ncclPollProxyResponse Received new opId=0x7f30febbbd20
n232-194-226:233893:233907 [1] NCCL INFO recvOpId=0x7f30febbbd20 matches expected opId=0x7f30febbbd20
n232-194-226:233893:233931 [1] NCCL INFO Received and initiated operation=Setup res=0
n232-194-226:233893:233907 [1] NCCL INFO Channel 01/0 : 4[1] -> 1[1] [receive] via NET/IB/0/GDRDMA
n232-194-226:233893:233907 [1] NCCL INFO GPU Direct RDMA Enabled for GPU 34000 / HCA 0 (distance 3 <= 4), read 0
n232-194-226:233893:233931 [1] NCCL INFO New proxy recv connection 38 from local rank 1, transport 2
n232-194-226:233893:233931 [1] NCCL INFO proxyProgressAsync opId=0x7f30febbbd20 op.type=1 op.reqBuff=0x7f30f4194fe0 op.respSize=16 done
n232-194-226:233893:233907 [1] NCCL INFO ncclPollProxyResponse Received new opId=0x7f30febbbd20
n232-194-226:233893:233907 [1] NCCL INFO recvOpId=0x7f30febbbd20 matches expected opId=0x7f30febbbd20
n232-194-226:233893:233931 [1] NCCL INFO Received and initiated operation=Init res=0
n232-194-226:233893:233907 [1] NCCL INFO Connection to proxy localRank 1 -> connection 0x7f30f4003d30
n232-194-226:233893:233931 [1] NCCL INFO proxyProgressAsync opId=0x7f30febbbd20 op.type=3 op.reqBuff=0x7f30f404cfd0 op.respSize=128 done
n232-194-226:233893:233907 [1] NCCL INFO ncclPollProxyResponse Received new opId=0x7f30febbbd20
n232-194-226:233893:233907 [1] NCCL INFO recvOpId=0x7f30febbbd20 matches expected opId=0x7f30febbbd20
n232-194-226:233893:233931 [1] NCCL INFO Received and initiated operation=Setup res=0
n232-194-226:233893:233907 [1] NCCL INFO Channel 04/0 : 4[1] -> 1[1] [receive] via NET/IB/0/GDRDMA
n232-194-226:233893:233907 [1] NCCL INFO GPU Direct RDMA Enabled for GPU 34000 / HCA 0 (distance 3 <= 4), read 0
n232-194-226:233894:233930 [2] NCCL INFO transport/net.cc:446 Cuda Alloc Size 16777216 pointer 0x7f82e8000000
n232-194-226:233893:233931 [1] NCCL INFO New proxy recv connection 39 from local rank 1, transport 2
n232-194-226:233893:233931 [1] NCCL INFO proxyProgressAsync opId=0x7f30febbbd20 op.type=1 op.reqBuff=0x7f30f41fafe0 op.respSize=16 done
n232-194-226:233894:233930 [2] NCCL INFO proxyProgressAsync opId=0x7f8316bbbd20 op.type=2 op.reqBuff=0x7f830c1c26a0 op.respSize=0 done
n232-194-226:233893:233907 [1] NCCL INFO ncclPollProxyResponse Received new opId=0x7f30febbbd20
n232-194-226:233894:233906 [2] NCCL INFO ncclPollProxyResponse Received new opId=0x7f8316bbbd20
n232-194-226:233893:233907 [1] NCCL INFO recvOpId=0x7f30febbbd20 matches expected opId=0x7f30febbbd20
n232-194-226:233893:233931 [1] NCCL INFO Received and initiated operation=Init res=0
n232-194-226:233894:233930 [2] NCCL INFO Received and initiated operation=SharedInit res=0
n232-194-226:233893:233907 [1] NCCL INFO Connection to proxy localRank 1 -> connection 0x7f30f4003d80
n232-194-226:233894:233906 [2] NCCL INFO recvOpId=0x7f8316bbbd20 matches expected opId=0x7f8316bbbd20
n232-194-226:233894:233906 [2] NCCL INFO GPU Direct RDMA Disabled for GPU 48000 / HCA 0 (distance 6 > 4)
n232-194-226:233894:233906 [2] NCCL INFO GPU Direct RDMA Disabled for GPU 48000 / HCA 0 (distance 6 > 4)
n232-194-226:233893:233931 [1] NCCL INFO proxyProgressAsync opId=0x7f30febbbd20 op.type=3 op.reqBuff=0x7f30f404cfd0 op.respSize=128 done
n232-194-226:233893:233907 [1] NCCL INFO ncclPollProxyResponse Received new opId=0x7f30febbbd20
n232-194-226:233893:233907 [1] NCCL INFO recvOpId=0x7f30febbbd20 matches expected opId=0x7f30febbbd20
n232-194-226:233893:233931 [1] NCCL INFO Received and initiated operation=Setup res=0
n232-194-226:233893:233907 [1] NCCL INFO Channel 05/0 : 4[1] -> 1[1] [receive] via NET/IB/0/GDRDMA
n232-194-226:233894:233906 [2] NCCL INFO init.cc:387 Cuda Alloc Size 7728 pointer 0x7f8312214000
n232-194-226:233893:233907 [1] NCCL INFO GPU Direct RDMA Enabled for GPU 34000 / HCA 0 (distance 3 <= 4), read 0
n232-194-226:233893:233931 [1] NCCL INFO New proxy recv connection 40 from local rank 1, transport 2
n232-194-226:233893:233931 [1] NCCL INFO proxyProgressAsync opId=0x7f30febbbd20 op.type=1 op.reqBuff=0x7f30f4194fe0 op.respSize=16 done
n232-194-226:233893:233907 [1] NCCL INFO ncclPollProxyResponse Received new opId=0x7f30febbbd20
n232-194-226:233893:233931 [1] NCCL INFO Received and initiated operation=Init res=0
n232-194-226:233893:233907 [1] NCCL INFO recvOpId=0x7f30febbbd20 matches expected opId=0x7f30febbbd20
n232-194-226:233893:233907 [1] NCCL INFO Connection to proxy localRank 1 -> connection 0x7f30f4003dd0
n232-194-226:233893:233931 [1] NCCL INFO proxyProgressAsync opId=0x7f30febbbd20 op.type=3 op.reqBuff=0x7f30f404cfd0 op.respSize=128 done
n232-194-226:233893:233907 [1] NCCL INFO ncclPollProxyResponse Received new opId=0x7f30febbbd20
n232-194-226:233893:233907 [1] NCCL INFO recvOpId=0x7f30febbbd20 matches expected opId=0x7f30febbbd20
n232-194-226:233893:233907 [1] NCCL INFO Channel 08/0 : 4[1] -> 1[1] [receive] via NET/IB/0/GDRDMA
n232-194-226:233893:233907 [1] NCCL INFO GPU Direct RDMA Enabled for GPU 34000 / HCA 0 (distance 3 <= 4), read 0
n232-194-226:233893:233931 [1] NCCL INFO Received and initiated operation=Setup res=0
n232-194-226:233893:233931 [1] NCCL INFO New proxy recv connection 41 from local rank 1, transport 2
n232-194-226:233893:233931 [1] NCCL INFO proxyProgressAsync opId=0x7f30febbbd20 op.type=1 op.reqBuff=0x7f30f41fafe0 op.respSize=16 done
n232-194-226:233893:233907 [1] NCCL INFO ncclPollProxyResponse Received new opId=0x7f30febbbd20
n232-194-226:233893:233907 [1] NCCL INFO recvOpId=0x7f30febbbd20 matches expected opId=0x7f30febbbd20
n232-194-226:233893:233931 [1] NCCL INFO Received and initiated operation=Init res=0
n232-194-226:233893:233907 [1] NCCL INFO Connection to proxy localRank 1 -> connection 0x7f30f4003e20
n232-194-226:233893:233931 [1] NCCL INFO proxyProgressAsync opId=0x7f30febbbd20 op.type=3 op.reqBuff=0x7f30f404cfd0 op.respSize=128 done
n232-194-226:233893:233907 [1] NCCL INFO ncclPollProxyResponse Received new opId=0x7f30febbbd20
n232-194-226:233893:233907 [1] NCCL INFO recvOpId=0x7f30febbbd20 matches expected opId=0x7f30febbbd20
n232-194-226:233893:233907 [1] NCCL INFO Channel 09/0 : 4[1] -> 1[1] [receive] via NET/IB/0/GDRDMA
n232-194-226:233893:233931 [1] NCCL INFO Received and initiated operation=Setup res=0
n232-194-226:233893:233907 [1] NCCL INFO GPU Direct RDMA Enabled for GPU 34000 / HCA 0 (distance 3 <= 4), read 0
n232-194-226:233893:233931 [1] NCCL INFO New proxy recv connection 42 from local rank 1, transport 2
n232-194-226:233893:233931 [1] NCCL INFO proxyProgressAsync opId=0x7f30febbbd20 op.type=1 op.reqBuff=0x7f30f4194fe0 op.respSize=16 done
n232-194-226:233893:233907 [1] NCCL INFO ncclPollProxyResponse Received new opId=0x7f30febbbd20
n232-194-226:233893:233907 [1] NCCL INFO recvOpId=0x7f30febbbd20 matches expected opId=0x7f30febbbd20
n232-194-226:233893:233907 [1] NCCL INFO Connection to proxy localRank 1 -> connection 0x7f30f4003e70
n232-194-226:233893:233931 [1] NCCL INFO Received and initiated operation=Init res=0
n232-194-226:233893:233931 [1] NCCL INFO proxyProgressAsync opId=0x7f30febbbd20 op.type=3 op.reqBuff=0x7f30f404cfd0 op.respSize=128 done
n232-194-226:233893:233907 [1] NCCL INFO ncclPollProxyResponse Received new opId=0x7f30febbbd20
n232-194-226:233893:233907 [1] NCCL INFO recvOpId=0x7f30febbbd20 matches expected opId=0x7f30febbbd20
n232-194-226:233893:233931 [1] NCCL INFO Received and initiated operation=Setup res=0
n232-194-226:233893:233907 [1] NCCL INFO Channel 10/0 : 4[1] -> 1[1] [receive] via NET/IB/0/GDRDMA
n232-194-226:233893:233907 [1] NCCL INFO GPU Direct RDMA Enabled for GPU 34000 / HCA 0 (distance 3 <= 4), read 0
n232-194-226:233893:233931 [1] NCCL INFO New proxy recv connection 43 from local rank 1, transport 2
n232-194-226:233893:233931 [1] NCCL INFO proxyProgressAsync opId=0x7f30febbbd20 op.type=1 op.reqBuff=0x7f30f41fafe0 op.respSize=16 done
n232-194-226:233893:233907 [1] NCCL INFO ncclPollProxyResponse Received new opId=0x7f30febbbd20
n232-194-226:233893:233907 [1] NCCL INFO recvOpId=0x7f30febbbd20 matches expected opId=0x7f30febbbd20
n232-194-226:233893:233931 [1] NCCL INFO Received and initiated operation=Init res=0
n232-194-226:233893:233907 [1] NCCL INFO Connection to proxy localRank 1 -> connection 0x7f30f4003ec0
n232-194-226:233893:233931 [1] NCCL INFO proxyProgressAsync opId=0x7f30febbbd20 op.type=3 op.reqBuff=0x7f30f404cfd0 op.respSize=128 done
n232-194-226:233893:233907 [1] NCCL INFO ncclPollProxyResponse Received new opId=0x7f30febbbd20
n232-194-226:233893:233907 [1] NCCL INFO recvOpId=0x7f30febbbd20 matches expected opId=0x7f30febbbd20
n232-194-226:233893:233931 [1] NCCL INFO Received and initiated operation=Setup res=0
n232-194-226:233893:233907 [1] NCCL INFO Channel 11/0 : 4[1] -> 1[1] [receive] via NET/IB/0/GDRDMA
n232-194-226:233893:233907 [1] NCCL INFO GPU Direct RDMA Enabled for GPU 34000 / HCA 0 (distance 3 <= 4), read 0
n232-194-226:233893:233931 [1] NCCL INFO New proxy recv connection 44 from local rank 1, transport 2
n232-194-226:233893:233931 [1] NCCL INFO proxyProgressAsync opId=0x7f30febbbd20 op.type=1 op.reqBuff=0x7f30f4194fe0 op.respSize=16 done
n232-194-226:233893:233907 [1] NCCL INFO ncclPollProxyResponse Received new opId=0x7f30febbbd20
n232-194-226:233893:233907 [1] NCCL INFO recvOpId=0x7f30febbbd20 matches expected opId=0x7f30febbbd20
n232-194-226:233893:233931 [1] NCCL INFO Received and initiated operation=Init res=0
n232-194-226:233893:233907 [1] NCCL INFO Connection to proxy localRank 1 -> connection 0x7f30f4003f10
n232-194-226:233893:233931 [1] NCCL INFO proxyProgressAsync opId=0x7f30febbbd20 op.type=3 op.reqBuff=0x7f30f404cfd0 op.respSize=128 done
n232-194-226:233893:233907 [1] NCCL INFO ncclPollProxyResponse Received new opId=0x7f30febbbd20
n232-194-226:233893:233907 [1] NCCL INFO recvOpId=0x7f30febbbd20 matches expected opId=0x7f30febbbd20
n232-194-226:233893:233931 [1] NCCL INFO Received and initiated operation=Setup res=0
n232-194-226:233893:233907 [1] NCCL INFO Channel 12/0 : 4[1] -> 1[1] [receive] via NET/IB/0/GDRDMA
n232-194-226:233893:233907 [1] NCCL INFO GPU Direct RDMA Enabled for GPU 34000 / HCA 0 (distance 3 <= 4), read 0
n232-194-226:233893:233931 [1] NCCL INFO New proxy recv connection 45 from local rank 1, transport 2
n232-194-226:233893:233931 [1] NCCL INFO proxyProgressAsync opId=0x7f30febbbd20 op.type=1 op.reqBuff=0x7f30f41fafe0 op.respSize=16 done
n232-194-226:233893:233907 [1] NCCL INFO ncclPollProxyResponse Received new opId=0x7f30febbbd20
n232-194-226:233893:233907 [1] NCCL INFO recvOpId=0x7f30febbbd20 matches expected opId=0x7f30febbbd20
n232-194-226:233893:233907 [1] NCCL INFO Connection to proxy localRank 1 -> connection 0x7f30f4003f60
n232-194-226:233893:233931 [1] NCCL INFO Received and initiated operation=Init res=0
n232-194-226:233893:233931 [1] NCCL INFO proxyProgressAsync opId=0x7f30febbbd20 op.type=3 op.reqBuff=0x7f30f404cfd0 op.respSize=128 done
n232-194-226:233893:233907 [1] NCCL INFO ncclPollProxyResponse Received new opId=0x7f30febbbd20
n232-194-226:233893:233907 [1] NCCL INFO recvOpId=0x7f30febbbd20 matches expected opId=0x7f30febbbd20
n232-194-226:233893:233907 [1] NCCL INFO Channel 13/0 : 4[1] -> 1[1] [receive] via NET/IB/0/GDRDMA
n232-194-226:233893:233931 [1] NCCL INFO Received and initiated operation=Setup res=0
n232-194-226:233893:233907 [1] NCCL INFO GPU Direct RDMA Enabled for GPU 34000 / HCA 0 (distance 3 <= 4), read 0
n232-194-226:233893:233931 [1] NCCL INFO New proxy recv connection 46 from local rank 1, transport 2
n232-194-226:233893:233931 [1] NCCL INFO proxyProgressAsync opId=0x7f30febbbd20 op.type=1 op.reqBuff=0x7f30f4194fe0 op.respSize=16 done
n232-194-226:233893:233907 [1] NCCL INFO ncclPollProxyResponse Received new opId=0x7f30febbbd20
n232-194-226:233893:233907 [1] NCCL INFO recvOpId=0x7f30febbbd20 matches expected opId=0x7f30febbbd20
n232-194-226:233893:233931 [1] NCCL INFO Received and initiated operation=Init res=0
n232-194-226:233893:233907 [1] NCCL INFO Connection to proxy localRank 1 -> connection 0x7f30f4003fb0
n232-194-226:233893:233931 [1] NCCL INFO proxyProgressAsync opId=0x7f30febbbd20 op.type=3 op.reqBuff=0x7f30f404cfd0 op.respSize=128 done
n232-194-226:233893:233907 [1] NCCL INFO ncclPollProxyResponse Received new opId=0x7f30febbbd20
n232-194-226:233893:233907 [1] NCCL INFO recvOpId=0x7f30febbbd20 matches expected opId=0x7f30febbbd20
n232-194-226:233893:233931 [1] NCCL INFO Received and initiated operation=Setup res=0
n232-194-226:233893:233907 [1] NCCL INFO Channel 14/0 : 4[1] -> 1[1] [receive] via NET/IB/0/GDRDMA
n232-194-226:233893:233907 [1] NCCL INFO GPU Direct RDMA Enabled for GPU 34000 / HCA 0 (distance 3 <= 4), read 0
n232-194-226:233893:233931 [1] NCCL INFO New proxy recv connection 47 from local rank 1, transport 2
n232-194-226:233893:233931 [1] NCCL INFO proxyProgressAsync opId=0x7f30febbbd20 op.type=1 op.reqBuff=0x7f30f41fafe0 op.respSize=16 done
n232-194-226:233893:233907 [1] NCCL INFO ncclPollProxyResponse Received new opId=0x7f30febbbd20
n232-194-226:233893:233907 [1] NCCL INFO recvOpId=0x7f30febbbd20 matches expected opId=0x7f30febbbd20
n232-194-226:233893:233907 [1] NCCL INFO Connection to proxy localRank 1 -> connection 0x7f30f4004000
n232-194-226:233893:233931 [1] NCCL INFO Received and initiated operation=Init res=0
n232-194-226:233893:233931 [1] NCCL INFO proxyProgressAsync opId=0x7f30febbbd20 op.type=3 op.reqBuff=0x7f30f404cfd0 op.respSize=128 done
n232-194-226:233893:233907 [1] NCCL INFO ncclPollProxyResponse Received new opId=0x7f30febbbd20
n232-194-226:233893:233907 [1] NCCL INFO recvOpId=0x7f30febbbd20 matches expected opId=0x7f30febbbd20
n232-194-226:233893:233931 [1] NCCL INFO Received and initiated operation=Setup res=0
n232-194-226:233893:233907 [1] NCCL INFO Channel 15/0 : 4[1] -> 1[1] [receive] via NET/IB/0/GDRDMA
n232-194-226:233893:233907 [1] NCCL INFO GPU Direct RDMA Enabled for GPU 34000 / HCA 0 (distance 3 <= 4), read 1
n232-194-226:233893:233931 [1] NCCL INFO New proxy send connection 48 from local rank 1, transport 2
n232-194-226:233893:233931 [1] NCCL INFO proxyProgressAsync opId=0x7f30febbbd20 op.type=1 op.reqBuff=0x7f30f4194fe0 op.respSize=16 done
n232-194-226:233893:233907 [1] NCCL INFO ncclPollProxyResponse Received new opId=0x7f30febbbd20
n232-194-226:233893:233907 [1] NCCL INFO recvOpId=0x7f30febbbd20 matches expected opId=0x7f30febbbd20
n232-194-226:233893:233931 [1] NCCL INFO Received and initiated operation=Init res=0
n232-194-226:233893:233907 [1] NCCL INFO Connection to proxy localRank 1 -> connection 0x7f30f4004050
n232-194-226:233893:233931 [1] NCCL INFO proxyProgressAsync opId=0x7f30febbbd20 op.type=3 op.reqBuff=0x7f30f404cfd0 op.respSize=0 done
n232-194-226:233893:233907 [1] NCCL INFO ncclPollProxyResponse Received new opId=0x7f30febbbd20
n232-194-226:233893:233931 [1] NCCL INFO Received and initiated operation=Setup res=0
n232-194-226:233893:233907 [1] NCCL INFO recvOpId=0x7f30febbbd20 matches expected opId=0x7f30febbbd20
n232-194-226:233893:233907 [1] NCCL INFO Channel 00/0 : 1[1] -> 4[1] [send] via NET/IB/0/GDRDMA
n232-194-226:233893:233907 [1] NCCL INFO GPU Direct RDMA Enabled for GPU 34000 / HCA 0 (distance 3 <= 4), read 1
n232-194-226:233893:233931 [1] NCCL INFO New proxy send connection 49 from local rank 1, transport 2
n232-194-226:233893:233931 [1] NCCL INFO proxyProgressAsync opId=0x7f30febbbd20 op.type=1 op.reqBuff=0x7f30f41fafe0 op.respSize=16 done
n232-194-226:233893:233907 [1] NCCL INFO ncclPollProxyResponse Received new opId=0x7f30febbbd20
n232-194-226:233893:233907 [1] NCCL INFO recvOpId=0x7f30febbbd20 matches expected opId=0x7f30febbbd20
n232-194-226:233893:233931 [1] NCCL INFO Received and initiated operation=Init res=0
n232-194-226:233893:233907 [1] NCCL INFO Connection to proxy localRank 1 -> connection 0x7f30f40040a0
n232-194-226:233893:233931 [1] NCCL INFO proxyProgressAsync opId=0x7f30febbbd20 op.type=3 op.reqBuff=0x7f30f404cfd0 op.respSize=0 done
n232-194-226:233893:233907 [1] NCCL INFO ncclPollProxyResponse Received new opId=0x7f30febbbd20
n232-194-226:233893:233931 [1] NCCL INFO Received and initiated operation=Setup res=0
n232-194-226:233893:233907 [1] NCCL INFO recvOpId=0x7f30febbbd20 matches expected opId=0x7f30febbbd20
n232-194-226:233893:233907 [1] NCCL INFO Channel 01/0 : 1[1] -> 4[1] [send] via NET/IB/0/GDRDMA
n232-194-226:233893:233907 [1] NCCL INFO GPU Direct RDMA Enabled for GPU 34000 / HCA 0 (distance 3 <= 4), read 1
n232-194-226:233893:233931 [1] NCCL INFO New proxy send connection 50 from local rank 1, transport 2
n232-194-226:233893:233931 [1] NCCL INFO proxyProgressAsync opId=0x7f30febbbd20 op.type=1 op.reqBuff=0x7f30f4194fe0 op.respSize=16 done
n232-194-226:233893:233907 [1] NCCL INFO ncclPollProxyResponse Received new opId=0x7f30febbbd20
n232-194-226:233893:233907 [1] NCCL INFO recvOpId=0x7f30febbbd20 matches expected opId=0x7f30febbbd20
n232-194-226:233893:233931 [1] NCCL INFO Received and initiated operation=Init res=0
n232-194-226:233893:233907 [1] NCCL INFO Connection to proxy localRank 1 -> connection 0x7f30f40040f0
n232-194-226:233893:233931 [1] NCCL INFO proxyProgressAsync opId=0x7f30febbbd20 op.type=3 op.reqBuff=0x7f30f404cfd0 op.respSize=0 done
n232-194-226:233893:233907 [1] NCCL INFO ncclPollProxyResponse Received new opId=0x7f30febbbd20
n232-194-226:233893:233931 [1] NCCL INFO Received and initiated operation=Setup res=0
n232-194-226:233893:233907 [1] NCCL INFO recvOpId=0x7f30febbbd20 matches expected opId=0x7f30febbbd20
n232-194-226:233893:233907 [1] NCCL INFO Channel 04/0 : 1[1] -> 4[1] [send] via NET/IB/0/GDRDMA
n232-194-226:233893:233907 [1] NCCL INFO GPU Direct RDMA Enabled for GPU 34000 / HCA 0 (distance 3 <= 4), read 1
n232-194-226:233893:233931 [1] NCCL INFO New proxy send connection 51 from local rank 1, transport 2
n232-194-226:233893:233931 [1] NCCL INFO proxyProgressAsync opId=0x7f30febbbd20 op.type=1 op.reqBuff=0x7f30f41fafe0 op.respSize=16 done
n232-194-226:233893:233907 [1] NCCL INFO ncclPollProxyResponse Received new opId=0x7f30febbbd20
n232-194-226:233893:233907 [1] NCCL INFO recvOpId=0x7f30febbbd20 matches expected opId=0x7f30febbbd20
n232-194-226:233893:233907 [1] NCCL INFO Connection to proxy localRank 1 -> connection 0x7f30f4004140
n232-194-226:233893:233931 [1] NCCL INFO Received and initiated operation=Init res=0
n232-194-226:233893:233931 [1] NCCL INFO proxyProgressAsync opId=0x7f30febbbd20 op.type=3 op.reqBuff=0x7f30f404cfd0 op.respSize=0 done
n232-194-226:233893:233907 [1] NCCL INFO ncclPollProxyResponse Received new opId=0x7f30febbbd20
n232-194-226:233893:233931 [1] NCCL INFO Received and initiated operation=Setup res=0
n232-194-226:233893:233907 [1] NCCL INFO recvOpId=0x7f30febbbd20 matches expected opId=0x7f30febbbd20
n232-194-226:233893:233907 [1] NCCL INFO Channel 05/0 : 1[1] -> 4[1] [send] via NET/IB/0/GDRDMA
n232-194-226:233893:233907 [1] NCCL INFO GPU Direct RDMA Enabled for GPU 34000 / HCA 0 (distance 3 <= 4), read 1
n232-194-226:233893:233931 [1] NCCL INFO New proxy send connection 52 from local rank 1, transport 2
n232-194-226:233893:233931 [1] NCCL INFO proxyProgressAsync opId=0x7f30febbbd20 op.type=1 op.reqBuff=0x7f30f4194fe0 op.respSize=16 done
n232-194-226:233893:233907 [1] NCCL INFO ncclPollProxyResponse Received new opId=0x7f30febbbd20
n232-194-226:233893:233907 [1] NCCL INFO recvOpId=0x7f30febbbd20 matches expected opId=0x7f30febbbd20
n232-194-226:233893:233907 [1] NCCL INFO Connection to proxy localRank 1 -> connection 0x7f30f4004190
n232-194-226:233893:233931 [1] NCCL INFO Received and initiated operation=Init res=0
n232-194-226:233893:233931 [1] NCCL INFO proxyProgressAsync opId=0x7f30febbbd20 op.type=3 op.reqBuff=0x7f30f404cfd0 op.respSize=0 done
n232-194-226:233893:233907 [1] NCCL INFO ncclPollProxyResponse Received new opId=0x7f30febbbd20
n232-194-226:233893:233931 [1] NCCL INFO Received and initiated operation=Setup res=0
n232-194-226:233893:233907 [1] NCCL INFO recvOpId=0x7f30febbbd20 matches expected opId=0x7f30febbbd20
n232-194-226:233893:233907 [1] NCCL INFO Channel 08/0 : 1[1] -> 4[1] [send] via NET/IB/0/GDRDMA
n232-194-226:233893:233907 [1] NCCL INFO GPU Direct RDMA Enabled for GPU 34000 / HCA 0 (distance 3 <= 4), read 1
n232-194-226:233893:233931 [1] NCCL INFO New proxy send connection 53 from local rank 1, transport 2
n232-194-226:233893:233931 [1] NCCL INFO proxyProgressAsync opId=0x7f30febbbd20 op.type=1 op.reqBuff=0x7f30f41fafe0 op.respSize=16 done
n232-194-226:233893:233907 [1] NCCL INFO ncclPollProxyResponse Received new opId=0x7f30febbbd20
n232-194-226:233893:233907 [1] NCCL INFO recvOpId=0x7f30febbbd20 matches expected opId=0x7f30febbbd20
n232-194-226:233893:233907 [1] NCCL INFO Connection to proxy localRank 1 -> connection 0x7f30f40041e0
n232-194-226:233893:233931 [1] NCCL INFO Received and initiated operation=Init res=0
n232-194-226:233893:233931 [1] NCCL INFO proxyProgressAsync opId=0x7f30febbbd20 op.type=3 op.reqBuff=0x7f30f404cfd0 op.respSize=0 done
n232-194-226:233893:233907 [1] NCCL INFO ncclPollProxyResponse Received new opId=0x7f30febbbd20
n232-194-226:233893:233931 [1] NCCL INFO Received and initiated operation=Setup res=0
n232-194-226:233893:233907 [1] NCCL INFO recvOpId=0x7f30febbbd20 matches expected opId=0x7f30febbbd20
n232-194-226:233893:233907 [1] NCCL INFO Channel 09/0 : 1[1] -> 4[1] [send] via NET/IB/0/GDRDMA
n232-194-226:233893:233907 [1] NCCL INFO GPU Direct RDMA Enabled for GPU 34000 / HCA 0 (distance 3 <= 4), read 1
n232-194-226:233893:233931 [1] NCCL INFO New proxy send connection 54 from local rank 1, transport 2
n232-194-226:233893:233931 [1] NCCL INFO proxyProgressAsync opId=0x7f30febbbd20 op.type=1 op.reqBuff=0x7f30f4194fe0 op.respSize=16 done
n232-194-226:233893:233907 [1] NCCL INFO ncclPollProxyResponse Received new opId=0x7f30febbbd20
n232-194-226:233893:233907 [1] NCCL INFO recvOpId=0x7f30febbbd20 matches expected opId=0x7f30febbbd20
n232-194-226:233893:233931 [1] NCCL INFO Received and initiated operation=Init res=0
n232-194-226:233893:233907 [1] NCCL INFO Connection to proxy localRank 1 -> connection 0x7f30f4004230
n232-194-226:233893:233931 [1] NCCL INFO proxyProgressAsync opId=0x7f30febbbd20 op.type=3 op.reqBuff=0x7f30f404cfd0 op.respSize=0 done
n232-194-226:233893:233907 [1] NCCL INFO ncclPollProxyResponse Received new opId=0x7f30febbbd20
n232-194-226:233893:233931 [1] NCCL INFO Received and initiated operation=Setup res=0
n232-194-226:233893:233907 [1] NCCL INFO recvOpId=0x7f30febbbd20 matches expected opId=0x7f30febbbd20
n232-194-226:233893:233907 [1] NCCL INFO Channel 10/0 : 1[1] -> 4[1] [send] via NET/IB/0/GDRDMA
n232-194-226:233893:233907 [1] NCCL INFO GPU Direct RDMA Enabled for GPU 34000 / HCA 0 (distance 3 <= 4), read 1
n232-194-226:233893:233931 [1] NCCL INFO New proxy send connection 55 from local rank 1, transport 2
n232-194-226:233893:233931 [1] NCCL INFO proxyProgressAsync opId=0x7f30febbbd20 op.type=1 op.reqBuff=0x7f30f41fafe0 op.respSize=16 done
n232-194-226:233893:233907 [1] NCCL INFO ncclPollProxyResponse Received new opId=0x7f30febbbd20
n232-194-226:233893:233907 [1] NCCL INFO recvOpId=0x7f30febbbd20 matches expected opId=0x7f30febbbd20
n232-194-226:233893:233931 [1] NCCL INFO Received and initiated operation=Init res=0
n232-194-226:233893:233907 [1] NCCL INFO Connection to proxy localRank 1 -> connection 0x7f30f4004280
n232-194-226:233893:233931 [1] NCCL INFO proxyProgressAsync opId=0x7f30febbbd20 op.type=3 op.reqBuff=0x7f30f404cfd0 op.respSize=0 done
n232-194-226:233893:233907 [1] NCCL INFO ncclPollProxyResponse Received new opId=0x7f30febbbd20
n232-194-226:233893:233931 [1] NCCL INFO Received and initiated operation=Setup res=0
n232-194-226:233893:233907 [1] NCCL INFO recvOpId=0x7f30febbbd20 matches expected opId=0x7f30febbbd20
n232-194-226:233893:233907 [1] NCCL INFO Channel 11/0 : 1[1] -> 4[1] [send] via NET/IB/0/GDRDMA
n232-194-226:233893:233907 [1] NCCL INFO GPU Direct RDMA Enabled for GPU 34000 / HCA 0 (distance 3 <= 4), read 1
n232-194-226:233893:233931 [1] NCCL INFO New proxy send connection 56 from local rank 1, transport 2
n232-194-226:233893:233931 [1] NCCL INFO proxyProgressAsync opId=0x7f30febbbd20 op.type=1 op.reqBuff=0x7f30f4194fe0 op.respSize=16 done
n232-194-226:233893:233907 [1] NCCL INFO ncclPollProxyResponse Received new opId=0x7f30febbbd20
n232-194-226:233893:233907 [1] NCCL INFO recvOpId=0x7f30febbbd20 matches expected opId=0x7f30febbbd20
n232-194-226:233893:233931 [1] NCCL INFO Received and initiated operation=Init res=0
n232-194-226:233893:233907 [1] NCCL INFO Connection to proxy localRank 1 -> connection 0x7f30f40042d0
n232-194-226:233893:233931 [1] NCCL INFO proxyProgressAsync opId=0x7f30febbbd20 op.type=3 op.reqBuff=0x7f30f404cfd0 op.respSize=0 done
n232-194-226:233893:233907 [1] NCCL INFO ncclPollProxyResponse Received new opId=0x7f30febbbd20
n232-194-226:233893:233931 [1] NCCL INFO Received and initiated operation=Setup res=0
n232-194-226:233893:233907 [1] NCCL INFO recvOpId=0x7f30febbbd20 matches expected opId=0x7f30febbbd20
n232-194-226:233893:233907 [1] NCCL INFO Channel 12/0 : 1[1] -> 4[1] [send] via NET/IB/0/GDRDMA
n232-194-226:233893:233907 [1] NCCL INFO GPU Direct RDMA Enabled for GPU 34000 / HCA 0 (distance 3 <= 4), read 1
n232-194-226:233893:233931 [1] NCCL INFO New proxy send connection 57 from local rank 1, transport 2
n232-194-226:233893:233931 [1] NCCL INFO proxyProgressAsync opId=0x7f30febbbd20 op.type=1 op.reqBuff=0x7f30f41fafe0 op.respSize=16 done
n232-194-226:233893:233907 [1] NCCL INFO ncclPollProxyResponse Received new opId=0x7f30febbbd20
n232-194-226:233893:233907 [1] NCCL INFO recvOpId=0x7f30febbbd20 matches expected opId=0x7f30febbbd20
n232-194-226:233893:233931 [1] NCCL INFO Received and initiated operation=Init res=0
n232-194-226:233893:233907 [1] NCCL INFO Connection to proxy localRank 1 -> connection 0x7f30f4004320
n232-194-226:233893:233931 [1] NCCL INFO proxyProgressAsync opId=0x7f30febbbd20 op.type=3 op.reqBuff=0x7f30f404cfd0 op.respSize=0 done
n232-194-226:233893:233907 [1] NCCL INFO ncclPollProxyResponse Received new opId=0x7f30febbbd20
n232-194-226:233893:233931 [1] NCCL INFO Received and initiated operation=Setup res=0
n232-194-226:233893:233907 [1] NCCL INFO recvOpId=0x7f30febbbd20 matches expected opId=0x7f30febbbd20
n232-194-226:233893:233907 [1] NCCL INFO Channel 13/0 : 1[1] -> 4[1] [send] via NET/IB/0/GDRDMA
n232-194-226:233893:233907 [1] NCCL INFO GPU Direct RDMA Enabled for GPU 34000 / HCA 0 (distance 3 <= 4), read 1
n232-194-226:233893:233931 [1] NCCL INFO New proxy send connection 58 from local rank 1, transport 2
n232-194-226:233893:233931 [1] NCCL INFO proxyProgressAsync opId=0x7f30febbbd20 op.type=1 op.reqBuff=0x7f30f4194fe0 op.respSize=16 done
n232-194-226:233893:233907 [1] NCCL INFO ncclPollProxyResponse Received new opId=0x7f30febbbd20
n232-194-226:233893:233907 [1] NCCL INFO recvOpId=0x7f30febbbd20 matches expected opId=0x7f30febbbd20
n232-194-226:233893:233907 [1] NCCL INFO Connection to proxy localRank 1 -> connection 0x7f30f4004370
n232-194-226:233893:233931 [1] NCCL INFO Received and initiated operation=Init res=0
n232-194-226:233893:233931 [1] NCCL INFO proxyProgressAsync opId=0x7f30febbbd20 op.type=3 op.reqBuff=0x7f30f404cfd0 op.respSize=0 done
n232-194-226:233893:233907 [1] NCCL INFO ncclPollProxyResponse Received new opId=0x7f30febbbd20
n232-194-226:233893:233931 [1] NCCL INFO Received and initiated operation=Setup res=0
n232-194-226:233893:233907 [1] NCCL INFO recvOpId=0x7f30febbbd20 matches expected opId=0x7f30febbbd20
n232-194-226:233893:233907 [1] NCCL INFO Channel 14/0 : 1[1] -> 4[1] [send] via NET/IB/0/GDRDMA
n232-194-226:233893:233907 [1] NCCL INFO GPU Direct RDMA Enabled for GPU 34000 / HCA 0 (distance 3 <= 4), read 1
n232-194-226:233893:233931 [1] NCCL INFO New proxy send connection 59 from local rank 1, transport 2
n232-194-226:233893:233931 [1] NCCL INFO proxyProgressAsync opId=0x7f30febbbd20 op.type=1 op.reqBuff=0x7f30f41fafe0 op.respSize=16 done
n232-194-226:233893:233907 [1] NCCL INFO ncclPollProxyResponse Received new opId=0x7f30febbbd20
n232-194-226:233893:233907 [1] NCCL INFO recvOpId=0x7f30febbbd20 matches expected opId=0x7f30febbbd20
n232-194-226:233893:233931 [1] NCCL INFO Received and initiated operation=Init res=0
n232-194-226:233893:233907 [1] NCCL INFO Connection to proxy localRank 1 -> connection 0x7f30f40043c0
n232-194-226:233893:233931 [1] NCCL INFO proxyProgressAsync opId=0x7f30febbbd20 op.type=3 op.reqBuff=0x7f30f404cfd0 op.respSize=0 done
n232-194-226:233893:233907 [1] NCCL INFO ncclPollProxyResponse Received new opId=0x7f30febbbd20
n232-194-226:233893:233931 [1] NCCL INFO Received and initiated operation=Setup res=0
n232-194-226:233893:233907 [1] NCCL INFO recvOpId=0x7f30febbbd20 matches expected opId=0x7f30febbbd20
n232-194-226:233893:233907 [1] NCCL INFO Channel 15/0 : 1[1] -> 4[1] [send] via NET/IB/0/GDRDMA
n232-194-226:233893:233907 [1] NCCL INFO sendConnect ncclProxyCallAsync opId=0x7f30ff38d9f0
n232-194-226:233893:233907 [1] NCCL INFO recvConnect ncclProxyCallAsync opId=0x7f30ff38db10 &recv->proxyConn=0x7f30ff38db18 connectInfo=0x7f30ff4339c0
n232-194-226:233893:233931 [1] NCCL INFO transport/net_ib.cc:627 Ib Alloc Size 27160 pointer 0x7f30f42df000
n232-194-226:233893:233907 [1] NCCL INFO sendConnect ncclProxyCallAsync opId=0x7f30ff3a0090
n232-194-226:233893:233907 [1] NCCL INFO recvConnect ncclProxyCallAsync opId=0x7f30ff3a01b0 &recv->proxyConn=0x7f30ff3a01b8 connectInfo=0x7f30ff433a40
n232-194-226:233893:233907 [1] NCCL INFO sendConnect ncclProxyCallAsync opId=0x7f30ff3a5850
n232-194-226:233893:233907 [1] NCCL INFO recvConnect ncclProxyCallAsync opId=0x7f30ff3a5970 &recv->proxyConn=0x7f30ff3a5978 connectInfo=0x7f30ff433ac0
n232-194-226:233893:233907 [1] NCCL INFO sendConnect ncclProxyCallAsync opId=0x7f30ff3a74b0
n232-194-226:233893:233907 [1] NCCL INFO recvConnect ncclProxyCallAsync opId=0x7f30ff3a75d0 &recv->proxyConn=0x7f30ff3a75d8 connectInfo=0x7f30ff433b40
n232-194-226:233893:233907 [1] NCCL INFO sendConnect ncclProxyCallAsync opId=0x7f30ff3d3c80
n232-194-226:233893:233907 [1] NCCL INFO recvConnect ncclProxyCallAsync opId=0x7f30ff3d3da0 &recv->proxyConn=0x7f30ff3d3da8 connectInfo=0x7f30ff433bc0
n232-194-226:233893:233907 [1] NCCL INFO sendConnect ncclProxyCallAsync opId=0x7f30ff3d6480
n232-194-226:233893:233907 [1] NCCL INFO recvConnect ncclProxyCallAsync opId=0x7f30ff3d65a0 &recv->proxyConn=0x7f30ff3d65a8 connectInfo=0x7f30ff433c40
n232-194-226:233893:233907 [1] NCCL INFO sendConnect ncclProxyCallAsync opId=0x7f30ff3b1f20
n232-194-226:233893:233907 [1] NCCL INFO recvConnect ncclProxyCallAsync opId=0x7f30ff3b2040 &recv->proxyConn=0x7f30ff3b2048 connectInfo=0x7f30ff433cc0
n232-194-226:233893:233907 [1] NCCL INFO sendConnect ncclProxyCallAsync opId=0x7f30ff3b4720
n232-194-226:233893:233907 [1] NCCL INFO recvConnect ncclProxyCallAsync opId=0x7f30ff3b4840 &recv->proxyConn=0x7f30ff3b4848 connectInfo=0x7f30ff433d40
n232-194-226:233893:233907 [1] NCCL INFO sendConnect ncclProxyCallAsync opId=0x7f30ff415ba0
n232-194-226:233893:233907 [1] NCCL INFO recvConnect ncclProxyCallAsync opId=0x7f30ff415cc0 &recv->proxyConn=0x7f30ff415cc8 connectInfo=0x7f30ff433dc0
n232-194-226:233893:233907 [1] NCCL INFO sendConnect ncclProxyCallAsync opId=0x7f30ff4183a0
n232-194-226:233893:233907 [1] NCCL INFO recvConnect ncclProxyCallAsync opId=0x7f30ff4184c0 &recv->proxyConn=0x7f30ff4184c8 connectInfo=0x7f30ff433e40
n232-194-226:233893:233907 [1] NCCL INFO sendConnect ncclProxyCallAsync opId=0x7f30ff3ca3a0
n232-194-226:233893:233907 [1] NCCL INFO recvConnect ncclProxyCallAsync opId=0x7f30ff3ca4c0 &recv->proxyConn=0x7f30ff3ca4c8 connectInfo=0x7f30ff433ec0
n232-194-226:233893:233907 [1] NCCL INFO sendConnect ncclProxyCallAsync opId=0x7f30ff3ccba0
n232-194-226:233893:233907 [1] NCCL INFO recvConnect ncclProxyCallAsync opId=0x7f30ff3cccc0 &recv->proxyConn=0x7f30ff3cccc8 connectInfo=0x7f30ff433f40
n232-194-226:233892:233929 [0] NCCL INFO New proxy recv connection 30 from local rank 0, transport 2
n232-194-226:233892:233929 [0] NCCL INFO proxyProgressAsync opId=0x7fd3cebbbd40 op.type=1 op.reqBuff=0x7fd3e801a2c0 op.respSize=16 done
n232-194-226:233892:233905 [0] NCCL INFO ncclPollProxyResponse Received new opId=0x7fd3cebbbd40
n232-194-226:233892:233905 [0] NCCL INFO recvOpId=0x7fd3cebbbd40 matches expected opId=0x7fd3cebbbd40
n232-194-226:233892:233929 [0] NCCL INFO Received and initiated operation=Init res=0
n232-194-226:233892:233905 [0] NCCL INFO Connection to proxy localRank 0 -> connection 0x7fd3e8003ab0
n232-194-226:233892:233929 [0] NCCL INFO proxyProgressAsync opId=0x7fd3cebbbd40 op.type=3 op.reqBuff=0x7fd3e801cc50 op.respSize=128 done
n232-194-226:233892:233905 [0] NCCL INFO ncclPollProxyResponse Received new opId=0x7fd3cebbbd40
n232-194-226:233892:233905 [0] NCCL INFO recvOpId=0x7fd3cebbbd40 matches expected opId=0x7fd3cebbbd40
n232-194-226:233892:233929 [0] NCCL INFO Received and initiated operation=Setup res=0
n232-194-226:233892:233905 [0] NCCL INFO Channel 00/0 : 3[0] -> 0[0] [receive] via NET/IB/1/GDRDMA
n232-194-226:233892:233905 [0] NCCL INFO GPU Direct RDMA Enabled for GPU f000 / HCA 1 (distance 3 <= 4), read 0
n232-194-226:233892:233929 [0] NCCL INFO New proxy recv connection 31 from local rank 0, transport 2
n232-194-226:233892:233929 [0] NCCL INFO proxyProgressAsync opId=0x7fd3cebbbd40 op.type=1 op.reqBuff=0x7fd3e801be30 op.respSize=16 done
n232-194-226:233892:233905 [0] NCCL INFO ncclPollProxyResponse Received new opId=0x7fd3cebbbd40
n232-194-226:233892:233905 [0] NCCL INFO recvOpId=0x7fd3cebbbd40 matches expected opId=0x7fd3cebbbd40
n232-194-226:233892:233929 [0] NCCL INFO Received and initiated operation=Init res=0
n232-194-226:233892:233905 [0] NCCL INFO Connection to proxy localRank 0 -> connection 0x7fd3e8003b00
n232-194-226:233892:233929 [0] NCCL INFO proxyProgressAsync opId=0x7fd3cebbbd40 op.type=3 op.reqBuff=0x7fd3e800bae0 op.respSize=128 done
n232-194-226:233892:233905 [0] NCCL INFO ncclPollProxyResponse Received new opId=0x7fd3cebbbd40
n232-194-226:233892:233905 [0] NCCL INFO recvOpId=0x7fd3cebbbd40 matches expected opId=0x7fd3cebbbd40
n232-194-226:233892:233929 [0] NCCL INFO Received and initiated operation=Setup res=0
n232-194-226:233892:233905 [0] NCCL INFO Channel 01/0 : 3[0] -> 0[0] [receive] via NET/IB/1/GDRDMA
n232-194-226:233892:233905 [0] NCCL INFO GPU Direct RDMA Enabled for GPU f000 / HCA 1 (distance 3 <= 4), read 0
n232-194-226:233892:233929 [0] NCCL INFO New proxy recv connection 32 from local rank 0, transport 2
n232-194-226:233892:233929 [0] NCCL INFO proxyProgressAsync opId=0x7fd3cebbbd40 op.type=1 op.reqBuff=0x7fd3e800bac0 op.respSize=16 done
n232-194-226:233892:233905 [0] NCCL INFO ncclPollProxyResponse Received new opId=0x7fd3cebbbd40
n232-194-226:233892:233905 [0] NCCL INFO recvOpId=0x7fd3cebbbd40 matches expected opId=0x7fd3cebbbd40
n232-194-226:233892:233905 [0] NCCL INFO Connection to proxy localRank 0 -> connection 0x7fd3e8003b50
n232-194-226:233892:233929 [0] NCCL INFO Received and initiated operation=Init res=0
n232-194-226:233892:233929 [0] NCCL INFO proxyProgressAsync opId=0x7fd3cebbbd40 op.type=3 op.reqBuff=0x7fd3e801ae70 op.respSize=128 done
n232-194-226:233892:233905 [0] NCCL INFO ncclPollProxyResponse Received new opId=0x7fd3cebbbd40
n232-194-226:233892:233929 [0] NCCL INFO Received and initiated operation=Setup res=0
n232-194-226:233892:233905 [0] NCCL INFO recvOpId=0x7fd3cebbbd40 matches expected opId=0x7fd3cebbbd40
n232-194-226:233892:233905 [0] NCCL INFO Channel 02/0 : 3[0] -> 0[0] [receive] via NET/IB/1/GDRDMA
n232-194-226:233892:233905 [0] NCCL INFO GPU Direct RDMA Enabled for GPU f000 / HCA 1 (distance 3 <= 4), read 0
n232-194-226:233892:233929 [0] NCCL INFO New proxy recv connection 33 from local rank 0, transport 2
n232-194-226:233892:233929 [0] NCCL INFO proxyProgressAsync opId=0x7fd3cebbbd40 op.type=1 op.reqBuff=0x7fd3e801be30 op.respSize=16 done
n232-194-226:233892:233905 [0] NCCL INFO ncclPollProxyResponse Received new opId=0x7fd3cebbbd40
n232-194-226:233892:233905 [0] NCCL INFO recvOpId=0x7fd3cebbbd40 matches expected opId=0x7fd3cebbbd40
n232-194-226:233892:233905 [0] NCCL INFO Connection to proxy localRank 0 -> connection 0x7fd3e8003ba0
n232-194-226:233892:233929 [0] NCCL INFO Received and initiated operation=Init res=0
n232-194-226:233892:233929 [0] NCCL INFO proxyProgressAsync opId=0x7fd3cebbbd40 op.type=3 op.reqBuff=0x7fd3e800bac0 op.respSize=128 done
n232-194-226:233892:233905 [0] NCCL INFO ncclPollProxyResponse Received new opId=0x7fd3cebbbd40
n232-194-226:233892:233905 [0] NCCL INFO recvOpId=0x7fd3cebbbd40 matches expected opId=0x7fd3cebbbd40
n232-194-226:233892:233929 [0] NCCL INFO Received and initiated operation=Setup res=0
n232-194-226:233892:233905 [0] NCCL INFO Channel 03/0 : 3[0] -> 0[0] [receive] via NET/IB/1/GDRDMA
n232-194-226:233892:233905 [0] NCCL INFO GPU Direct RDMA Enabled for GPU f000 / HCA 1 (distance 3 <= 4), read 0
n232-194-226:233892:233929 [0] NCCL INFO New proxy recv connection 34 from local rank 0, transport 2
n232-194-226:233892:233929 [0] NCCL INFO proxyProgressAsync opId=0x7fd3cebbbd40 op.type=1 op.reqBuff=0x7fd3e801be30 op.respSize=16 done
n232-194-226:233892:233905 [0] NCCL INFO ncclPollProxyResponse Received new opId=0x7fd3cebbbd40
n232-194-226:233892:233905 [0] NCCL INFO recvOpId=0x7fd3cebbbd40 matches expected opId=0x7fd3cebbbd40
n232-194-226:233892:233929 [0] NCCL INFO Received and initiated operation=Init res=0
n232-194-226:233892:233905 [0] NCCL INFO Connection to proxy localRank 0 -> connection 0x7fd3e8003bf0
n232-194-226:233892:233929 [0] NCCL INFO proxyProgressAsync opId=0x7fd3cebbbd40 op.type=3 op.reqBuff=0x7fd3e8031cc0 op.respSize=128 done
n232-194-226:233892:233905 [0] NCCL INFO ncclPollProxyResponse Received new opId=0x7fd3cebbbd40
n232-194-226:233892:233929 [0] NCCL INFO Received and initiated operation=Setup res=0
n232-194-226:233892:233905 [0] NCCL INFO recvOpId=0x7fd3cebbbd40 matches expected opId=0x7fd3cebbbd40
n232-194-226:233892:233905 [0] NCCL INFO Channel 04/0 : 3[0] -> 0[0] [receive] via NET/IB/1/GDRDMA
n232-194-226:233892:233905 [0] NCCL INFO GPU Direct RDMA Enabled for GPU f000 / HCA 1 (distance 3 <= 4), read 0
n232-194-226:233892:233929 [0] NCCL INFO New proxy recv connection 35 from local rank 0, transport 2
n232-194-226:233892:233929 [0] NCCL INFO proxyProgressAsync opId=0x7fd3cebbbd40 op.type=1 op.reqBuff=0x7fd3e801be30 op.respSize=16 done
n232-194-226:233892:233905 [0] NCCL INFO ncclPollProxyResponse Received new opId=0x7fd3cebbbd40
n232-194-226:233892:233905 [0] NCCL INFO recvOpId=0x7fd3cebbbd40 matches expected opId=0x7fd3cebbbd40
n232-194-226:233892:233929 [0] NCCL INFO Received and initiated operation=Init res=0
n232-194-226:233892:233905 [0] NCCL INFO Connection to proxy localRank 0 -> connection 0x7fd3e8003c40
n232-194-226:233892:233929 [0] NCCL INFO proxyProgressAsync opId=0x7fd3cebbbd40 op.type=3 op.reqBuff=0x7fd3e8037120 op.respSize=128 done
n232-194-226:233892:233905 [0] NCCL INFO ncclPollProxyResponse Received new opId=0x7fd3cebbbd40
n232-194-226:233892:233905 [0] NCCL INFO recvOpId=0x7fd3cebbbd40 matches expected opId=0x7fd3cebbbd40
n232-194-226:233892:233929 [0] NCCL INFO Received and initiated operation=Setup res=0
n232-194-226:233892:233905 [0] NCCL INFO Channel 05/0 : 3[0] -> 0[0] [receive] via NET/IB/1/GDRDMA
n232-194-226:233892:233905 [0] NCCL INFO GPU Direct RDMA Enabled for GPU f000 / HCA 1 (distance 3 <= 4), read 0
n232-194-226:233892:233929 [0] NCCL INFO New proxy recv connection 36 from local rank 0, transport 2
n232-194-226:233892:233929 [0] NCCL INFO proxyProgressAsync opId=0x7fd3cebbbd40 op.type=1 op.reqBuff=0x7fd3e8037100 op.respSize=16 done
n232-194-226:233892:233905 [0] NCCL INFO ncclPollProxyResponse Received new opId=0x7fd3cebbbd40
n232-194-226:233892:233905 [0] NCCL INFO recvOpId=0x7fd3cebbbd40 matches expected opId=0x7fd3cebbbd40
n232-194-226:233892:233905 [0] NCCL INFO Connection to proxy localRank 0 -> connection 0x7fd3e8003c90
n232-194-226:233892:233929 [0] NCCL INFO Received and initiated operation=Init res=0
n232-194-226:233892:233929 [0] NCCL INFO proxyProgressAsync opId=0x7fd3cebbbd40 op.type=3 op.reqBuff=0x7fd3e803c560 op.respSize=128 done
n232-194-226:233892:233905 [0] NCCL INFO ncclPollProxyResponse Received new opId=0x7fd3cebbbd40
n232-194-226:233892:233905 [0] NCCL INFO recvOpId=0x7fd3cebbbd40 matches expected opId=0x7fd3cebbbd40
n232-194-226:233892:233929 [0] NCCL INFO Received and initiated operation=Setup res=0
n232-194-226:233892:233905 [0] NCCL INFO Channel 06/0 : 3[0] -> 0[0] [receive] via NET/IB/1/GDRDMA
n232-194-226:233892:233905 [0] NCCL INFO GPU Direct RDMA Enabled for GPU f000 / HCA 1 (distance 3 <= 4), read 0
n232-194-226:233892:233929 [0] NCCL INFO New proxy recv connection 37 from local rank 0, transport 2
n232-194-226:233892:233929 [0] NCCL INFO proxyProgressAsync opId=0x7fd3cebbbd40 op.type=1 op.reqBuff=0x7fd3e801be30 op.respSize=16 done
n232-194-226:233892:233905 [0] NCCL INFO ncclPollProxyResponse Received new opId=0x7fd3cebbbd40
n232-194-226:233892:233929 [0] NCCL INFO Received and initiated operation=Init res=0
n232-194-226:233892:233905 [0] NCCL INFO recvOpId=0x7fd3cebbbd40 matches expected opId=0x7fd3cebbbd40
n232-194-226:233892:233905 [0] NCCL INFO Connection to proxy localRank 0 -> connection 0x7fd3e8003ce0
n232-194-226:233892:233929 [0] NCCL INFO proxyProgressAsync opId=0x7fd3cebbbd40 op.type=3 op.reqBuff=0x7fd3e803c560 op.respSize=128 done
n232-194-226:233892:233905 [0] NCCL INFO ncclPollProxyResponse Received new opId=0x7fd3cebbbd40
n232-194-226:233892:233905 [0] NCCL INFO recvOpId=0x7fd3cebbbd40 matches expected opId=0x7fd3cebbbd40
n232-194-226:233892:233929 [0] NCCL INFO Received and initiated operation=Setup res=0
n232-194-226:233892:233905 [0] NCCL INFO Channel 07/0 : 3[0] -> 0[0] [receive] via NET/IB/1/GDRDMA
n232-194-226:233892:233905 [0] NCCL INFO GPU Direct RDMA Enabled for GPU f000 / HCA 1 (distance 3 <= 4), read 0
n232-194-226:233892:233929 [0] NCCL INFO New proxy recv connection 38 from local rank 0, transport 2
n232-194-226:233892:233929 [0] NCCL INFO proxyProgressAsync opId=0x7fd3cebbbd40 op.type=1 op.reqBuff=0x7fd3e8037100 op.respSize=16 done
n232-194-226:233892:233905 [0] NCCL INFO ncclPollProxyResponse Received new opId=0x7fd3cebbbd40
n232-194-226:233892:233929 [0] NCCL INFO Received and initiated operation=Init res=0
n232-194-226:233892:233905 [0] NCCL INFO recvOpId=0x7fd3cebbbd40 matches expected opId=0x7fd3cebbbd40
n232-194-226:233892:233905 [0] NCCL INFO Connection to proxy localRank 0 -> connection 0x7fd3e8003d30
n232-194-226:233893:233931 [1] NCCL INFO NET/IB: Dev 0 Port 1 qpn 58251 mtu 5 LID 42
n232-194-226:233893:233931 [1] NCCL INFO transport/net_ib.cc:679 Ib Alloc Size 552 pointer 0x7f30f42f1000
