n232-194-226:234432:234514 [4] NCCL INFO Received and initiated operation=Connect res=0
n232-194-226:234432:234514 [4] NCCL INFO transport/net_ib.cc:830 Ib Alloc Size 552 pointer 0x7f3e980b3000
n232-194-226:234432:234514 [4] NCCL INFO transport/net_ib.cc:739 Ib Alloc Size 22280 pointer 0x7f3e980ba000
n232-194-226:234432:234514 [4] NCCL INFO Received and initiated operation=Connect res=0
n232-194-226:234432:234514 [4] NCCL INFO transport/net_ib.cc:627 Ib Alloc Size 27160 pointer 0x7f3e980c6000
n232-194-226:234431:234461 [3] NCCL INFO Imported shareable buffer device 3 size 10485760 ptr 0x7f7bb5200000
n232-194-226:234432:234514 [4] NCCL INFO NET/IB: Dev 3 Port 1 qpn 21291 mtu 5 LID 27
n232-194-226:234432:234514 [4] NCCL INFO transport/net_ib.cc:679 Ib Alloc Size 552 pointer 0x7f3e980dd000
n232-194-226:234432:234514 [4] NCCL INFO Received and initiated operation=Connect res=0
n232-194-226:234433:234460 [5] NCCL INFO Imported shareable buffer device 5 size 10485760 ptr 0x7f8c72000000
n232-194-226:234429:234513 [1] NCCL INFO transport/p2p.cc:204 Cuda Alloc Size 2097152 pointer 0x7f2d21800000
n232-194-226:234429:234513 [1] NCCL INFO Allocated shareable buffer 0x7f2d21800000 size 2097152 ipcDesc 0x7f2d2800c600
n232-194-226:234429:234513 [1] NCCL INFO proxyProgressAsync opId=0x7f2d32bbc310 op.type=3 op.reqBuff=0x7f2d28014b90 op.respSize=80 done
n232-194-226:234429:234459 [1] NCCL INFO ncclPollProxyResponse Received new opId=0x7f2d32bbc310
n232-194-226:234429:234513 [1] NCCL INFO Received and initiated operation=Setup res=0
n232-194-226:234429:234459 [1] NCCL INFO recvOpId=0x7f2d32bbc310 matches expected opId=0x7f2d32bbc310
n232-194-226:234429:234459 [1] NCCL INFO Channel 08/0 : 1[1] -> 0[0] via P2P/IPC
n232-194-226:234429:234513 [1] NCCL INFO New proxy send connection 20 from local rank 1, transport 0
n232-194-226:234429:234513 [1] NCCL INFO proxyProgressAsync opId=0x7f2d32bbc310 op.type=1 op.reqBuff=0x7f2d28014b90 op.respSize=16 done
n232-194-226:234429:234459 [1] NCCL INFO ncclPollProxyResponse Received new opId=0x7f2d32bbc310
n232-194-226:234429:234459 [1] NCCL INFO recvOpId=0x7f2d32bbc310 matches expected opId=0x7f2d32bbc310
n232-194-226:234429:234513 [1] NCCL INFO Received and initiated operation=Init res=0
n232-194-226:234429:234459 [1] NCCL INFO Connection to proxy localRank 1 -> connection 0x7f2d28003790
n232-194-226:234431:234461 [3] NCCL INFO Imported shareable buffer device 3 size 10485760 ptr 0x7f7bb2000000
n232-194-226:234434:234517 [6] NCCL INFO transport/p2p.cc:204 Cuda Alloc Size 10485760 pointer 0x7fc77c000000
n232-194-226:234434:234517 [6] NCCL INFO Allocated shareable buffer 0x7fc77c000000 size 10485760 ipcDesc 0x7fc79000c600
n232-194-226:234434:234517 [6] NCCL INFO proxyProgressAsync opId=0x7fc79ebbb1f0 op.type=3 op.reqBuff=0x7fc79001c700 op.respSize=80 done
n232-194-226:234433:234460 [5] NCCL INFO Imported shareable buffer device 5 size 2097152 ptr 0x7f8c72a00000
n232-194-226:234434:234463 [6] NCCL INFO ncclPollProxyResponse Received new opId=0x7fc79ebbb1f0
n232-194-226:234434:234517 [6] NCCL INFO Received and initiated operation=Setup res=0
n232-194-226:234434:234463 [6] NCCL INFO recvOpId=0x7fc79ebbb1f0 matches expected opId=0x7fc79ebbb1f0
n232-194-226:234434:234517 [6] NCCL INFO New proxy recv connection 29 from local rank 6, transport 0
n232-194-226:234434:234517 [6] NCCL INFO proxyProgressAsync opId=0x7fc79ebbb1f0 op.type=1 op.reqBuff=0x7fc79001c700 op.respSize=16 done
n232-194-226:234434:234463 [6] NCCL INFO ncclPollProxyResponse Received new opId=0x7fc79ebbb1f0
n232-194-226:234434:234517 [6] NCCL INFO Received and initiated operation=Init res=0
n232-194-226:234434:234463 [6] NCCL INFO recvOpId=0x7fc79ebbb1f0 matches expected opId=0x7fc79ebbb1f0
n232-194-226:234434:234463 [6] NCCL INFO Connection to proxy localRank 6 -> connection 0x7fc790003a60
n232-194-226:234432:234458 [4] NCCL INFO Imported shareable buffer device 4 size 10485760 ptr 0x7f3e8a000000
n232-194-226:234432:234514 [4] NCCL INFO transport/net.cc:773 Cuda Alloc Size 9633792 pointer 0x7f3e8aa00000
n232-194-226:234431:234461 [3] NCCL INFO Imported shareable buffer device 3 size 10485760 ptr 0x7f7bb2a00000
n232-194-226:234429:234513 [1] NCCL INFO transport/p2p.cc:204 Cuda Alloc Size 2097152 pointer 0x7f2d21a00000
n232-194-226:234429:234513 [1] NCCL INFO Allocated shareable buffer 0x7f2d21a00000 size 2097152 ipcDesc 0x7f2d2800c600
n232-194-226:234429:234513 [1] NCCL INFO proxyProgressAsync opId=0x7f2d32bbc310 op.type=3 op.reqBuff=0x7f2d28016450 op.respSize=80 done
n232-194-226:234429:234459 [1] NCCL INFO ncclPollProxyResponse Received new opId=0x7f2d32bbc310
n232-194-226:234429:234513 [1] NCCL INFO Received and initiated operation=Setup res=0
n232-194-226:234429:234459 [1] NCCL INFO recvOpId=0x7f2d32bbc310 matches expected opId=0x7f2d32bbc310
n232-194-226:234429:234459 [1] NCCL INFO Channel 09/0 : 1[1] -> 0[0] via P2P/IPC
n232-194-226:234429:234513 [1] NCCL INFO New proxy send connection 21 from local rank 1, transport 0
n232-194-226:234429:234513 [1] NCCL INFO proxyProgressAsync opId=0x7f2d32bbc310 op.type=1 op.reqBuff=0x7f2d28016450 op.respSize=16 done
n232-194-226:234429:234459 [1] NCCL INFO ncclPollProxyResponse Received new opId=0x7f2d32bbc310
n232-194-226:234429:234459 [1] NCCL INFO recvOpId=0x7f2d32bbc310 matches expected opId=0x7f2d32bbc310
n232-194-226:234429:234459 [1] NCCL INFO Connection to proxy localRank 1 -> connection 0x7f2d280037e0
n232-194-226:234429:234513 [1] NCCL INFO Received and initiated operation=Init res=0
n232-194-226:234433:234460 [5] NCCL INFO Imported shareable buffer device 5 size 10485760 ptr 0x7f8c72c00000
n232-194-226:234432:234458 [4] NCCL INFO Imported shareable buffer device 4 size 10485760 ptr 0x7f3e8b400000
n232-194-226:234434:234517 [6] NCCL INFO transport/p2p.cc:204 Cuda Alloc Size 10485760 pointer 0x7fc77ca00000
n232-194-226:234432:234514 [4] NCCL INFO transport/net.cc:778 Cuda Host Alloc Size 8192 pointer 0x7f3edaa00200
n232-194-226:234432:234514 [4] NCCL INFO Mem Realloc old size 0, new size 768 pointer 0x7f3e980689d0
n232-194-226:234431:234461 [3] NCCL INFO Imported shareable buffer device 3 size 10485760 ptr 0x7f7bb3400000
n232-194-226:234431:234461 [3] NCCL INFO recvConnect ncclProxyCallAsync opId=0x7f7bcb635638 &recv->proxyConn=0x7f7bcb635640 connectInfo=0x7f7bcb667190
n232-194-226:234434:234517 [6] NCCL INFO Allocated shareable buffer 0x7fc77ca00000 size 10485760 ipcDesc 0x7fc79000c600
n232-194-226:234434:234517 [6] NCCL INFO proxyProgressAsync opId=0x7fc79ebbb1f0 op.type=3 op.reqBuff=0x7fc79001c740 op.respSize=80 done
n232-194-226:234431:234461 [3] NCCL INFO recvConnect ncclProxyCallAsync opId=0x7f7bcb63e338 &recv->proxyConn=0x7f7bcb63e340 connectInfo=0x7f7bcb667210
n232-194-226:234434:234463 [6] NCCL INFO ncclPollProxyResponse Received new opId=0x7fc79ebbb1f0
n232-194-226:234434:234463 [6] NCCL INFO recvOpId=0x7fc79ebbb1f0 matches expected opId=0x7fc79ebbb1f0
n232-194-226:234434:234517 [6] NCCL INFO Received and initiated operation=Setup res=0
n232-194-226:234434:234517 [6] NCCL INFO New proxy recv connection 30 from local rank 6, transport 0
n232-194-226:234431:234461 [3] NCCL INFO recvConnect ncclProxyCallAsync opId=0x7f7bcb647038 &recv->proxyConn=0x7f7bcb647040 connectInfo=0x7f7bcb667290
n232-194-226:234434:234517 [6] NCCL INFO proxyProgressAsync opId=0x7fc79ebbb1f0 op.type=1 op.reqBuff=0x7fc79001c740 op.respSize=16 done
n232-194-226:234434:234463 [6] NCCL INFO ncclPollProxyResponse Received new opId=0x7fc79ebbb1f0
n232-194-226:234434:234463 [6] NCCL INFO recvOpId=0x7fc79ebbb1f0 matches expected opId=0x7fc79ebbb1f0
n232-194-226:234434:234463 [6] NCCL INFO Connection to proxy localRank 6 -> connection 0x7fc790003ab0
n232-194-226:234434:234517 [6] NCCL INFO Received and initiated operation=Init res=0
n232-194-226:234431:234518 [3] NCCL INFO transport/net_ib.cc:739 Ib Alloc Size 22280 pointer 0x7f7bc0046000
n232-194-226:234431:234461 [3] NCCL INFO recvConnect ncclProxyCallAsync opId=0x7f7bcb64fd38 &recv->proxyConn=0x7f7bcb64fd40 connectInfo=0x7f7bcb667310
n232-194-226:234431:234518 [3] NCCL INFO Received and initiated operation=Connect res=0
n232-194-226:234431:234518 [3] NCCL INFO transport/net_ib.cc:739 Ib Alloc Size 22280 pointer 0x7f7bc0052000
n232-194-226:234431:234518 [3] NCCL INFO Received and initiated operation=Connect res=0
n232-194-226:234431:234518 [3] NCCL INFO transport/net_ib.cc:739 Ib Alloc Size 22280 pointer 0x7f7bc005e000
n232-194-226:234431:234518 [3] NCCL INFO Received and initiated operation=Connect res=0
n232-194-226:234431:234518 [3] NCCL INFO transport/net_ib.cc:739 Ib Alloc Size 22280 pointer 0x7f7bc006a000
n232-194-226:234431:234518 [3] NCCL INFO Received and initiated operation=Connect res=0
n232-194-226:234433:234460 [5] NCCL INFO Imported shareable buffer device 5 size 2097152 ptr 0x7f8c73600000
n232-194-226:234429:234513 [1] NCCL INFO transport/p2p.cc:204 Cuda Alloc Size 2097152 pointer 0x7f2d21c00000
n232-194-226:234432:234458 [4] NCCL INFO Imported shareable buffer device 4 size 10485760 ptr 0x7f3e88000000
n232-194-226:234429:234513 [1] NCCL INFO Allocated shareable buffer 0x7f2d21c00000 size 2097152 ipcDesc 0x7f2d2800c600
n232-194-226:234429:234513 [1] NCCL INFO proxyProgressAsync opId=0x7f2d32bbc310 op.type=3 op.reqBuff=0x7f2d28016490 op.respSize=80 done
n232-194-226:234429:234459 [1] NCCL INFO ncclPollProxyResponse Received new opId=0x7f2d32bbc310
n232-194-226:234429:234513 [1] NCCL INFO Received and initiated operation=Setup res=0
n232-194-226:234429:234459 [1] NCCL INFO recvOpId=0x7f2d32bbc310 matches expected opId=0x7f2d32bbc310
n232-194-226:234429:234459 [1] NCCL INFO Channel 10/0 : 1[1] -> 0[0] via P2P/IPC
n232-194-226:234429:234513 [1] NCCL INFO New proxy send connection 22 from local rank 1, transport 0
n232-194-226:234429:234513 [1] NCCL INFO proxyProgressAsync opId=0x7f2d32bbc310 op.type=1 op.reqBuff=0x7f2d28016490 op.respSize=16 done
n232-194-226:234429:234459 [1] NCCL INFO ncclPollProxyResponse Received new opId=0x7f2d32bbc310
n232-194-226:234429:234459 [1] NCCL INFO recvOpId=0x7f2d32bbc310 matches expected opId=0x7f2d32bbc310
n232-194-226:234429:234513 [1] NCCL INFO Received and initiated operation=Init res=0
n232-194-226:234429:234459 [1] NCCL INFO Connection to proxy localRank 1 -> connection 0x7f2d28003830
n232-194-226:234434:234517 [6] NCCL INFO transport/p2p.cc:204 Cuda Alloc Size 10485760 pointer 0x7fc77d400000
n232-194-226:234431:234461 [3] NCCL INFO Imported shareable buffer device 3 size 10485760 ptr 0x7f7bb0000000
n232-194-226:234434:234517 [6] NCCL INFO Allocated shareable buffer 0x7fc77d400000 size 10485760 ipcDesc 0x7fc79000c600
n232-194-226:234434:234517 [6] NCCL INFO proxyProgressAsync opId=0x7fc79ebbb1f0 op.type=3 op.reqBuff=0x7fc79001e3b0 op.respSize=80 done
n232-194-226:234434:234463 [6] NCCL INFO ncclPollProxyResponse Received new opId=0x7fc79ebbb1f0
n232-194-226:234434:234517 [6] NCCL INFO Received and initiated operation=Setup res=0
n232-194-226:234434:234463 [6] NCCL INFO recvOpId=0x7fc79ebbb1f0 matches expected opId=0x7fc79ebbb1f0
n232-194-226:234434:234517 [6] NCCL INFO New proxy recv connection 31 from local rank 6, transport 0
n232-194-226:234434:234517 [6] NCCL INFO proxyProgressAsync opId=0x7fc79ebbb1f0 op.type=1 op.reqBuff=0x7fc79001e3b0 op.respSize=16 done
n232-194-226:234434:234463 [6] NCCL INFO ncclPollProxyResponse Received new opId=0x7fc79ebbb1f0
n232-194-226:234434:234463 [6] NCCL INFO recvOpId=0x7fc79ebbb1f0 matches expected opId=0x7fc79ebbb1f0
n232-194-226:234434:234463 [6] NCCL INFO Connection to proxy localRank 6 -> connection 0x7fc790003b00
n232-194-226:234434:234517 [6] NCCL INFO Received and initiated operation=Init res=0
n232-194-226:234432:234458 [4] NCCL INFO Imported shareable buffer device 4 size 10485760 ptr 0x7f3e88a00000
n232-194-226:234431:234461 [3] NCCL INFO Imported shareable buffer device 3 size 10485760 ptr 0x7f7bb0a00000
n232-194-226:234431:234461 [3] NCCL INFO Imported shareable buffer device 3 size 10485760 ptr 0x7f7bb1400000
n232-194-226:234432:234458 [4] NCCL INFO Imported shareable buffer device 4 size 10485760 ptr 0x7f3e89400000
n232-194-226:234433:234460 [5] NCCL INFO Imported shareable buffer device 5 size 2097152 ptr 0x7f8c73800000
n232-194-226:234429:234513 [1] NCCL INFO transport/p2p.cc:204 Cuda Alloc Size 2097152 pointer 0x7f2d21e00000
n232-194-226:234429:234513 [1] NCCL INFO Allocated shareable buffer 0x7f2d21e00000 size 2097152 ipcDesc 0x7f2d2800c600
n232-194-226:234432:234458 [4] NCCL INFO Imported shareable buffer device 4 size 2097152 ptr 0x7f3e89e00000
n232-194-226:234429:234513 [1] NCCL INFO proxyProgressAsync opId=0x7f2d32bbc310 op.type=3 op.reqBuff=0x7f2d28017d50 op.respSize=80 done
n232-194-226:234429:234459 [1] NCCL INFO ncclPollProxyResponse Received new opId=0x7f2d32bbc310
n232-194-226:234429:234513 [1] NCCL INFO Received and initiated operation=Setup res=0
n232-194-226:234429:234459 [1] NCCL INFO recvOpId=0x7f2d32bbc310 matches expected opId=0x7f2d32bbc310
n232-194-226:234429:234459 [1] NCCL INFO Channel 11/0 : 1[1] -> 0[0] via P2P/IPC
n232-194-226:234429:234513 [1] NCCL INFO New proxy send connection 23 from local rank 1, transport 0
n232-194-226:234429:234513 [1] NCCL INFO proxyProgressAsync opId=0x7f2d32bbc310 op.type=1 op.reqBuff=0x7f2d28017d50 op.respSize=16 done
n232-194-226:234429:234459 [1] NCCL INFO ncclPollProxyResponse Received new opId=0x7f2d32bbc310
n232-194-226:234429:234459 [1] NCCL INFO recvOpId=0x7f2d32bbc310 matches expected opId=0x7f2d32bbc310
n232-194-226:234429:234459 [1] NCCL INFO Connection to proxy localRank 1 -> connection 0x7f2d28003880
n232-194-226:234429:234513 [1] NCCL INFO Received and initiated operation=Init res=0
n232-194-226:234434:234517 [6] NCCL INFO transport/p2p.cc:204 Cuda Alloc Size 10485760 pointer 0x7fc77a000000
n232-194-226:234433:234460 [5] NCCL INFO Imported shareable buffer device 5 size 10485760 ptr 0x7f8c70000000
n232-194-226:234434:234517 [6] NCCL INFO Allocated shareable buffer 0x7fc77a000000 size 10485760 ipcDesc 0x7fc79000c600
n232-194-226:234434:234517 [6] NCCL INFO proxyProgressAsync opId=0x7fc79ebbb1f0 op.type=3 op.reqBuff=0x7fc79001e3f0 op.respSize=80 done
n232-194-226:234434:234463 [6] NCCL INFO ncclPollProxyResponse Received new opId=0x7fc79ebbb1f0
n232-194-226:234434:234517 [6] NCCL INFO Received and initiated operation=Setup res=0
n232-194-226:234434:234463 [6] NCCL INFO recvOpId=0x7fc79ebbb1f0 matches expected opId=0x7fc79ebbb1f0
n232-194-226:234434:234517 [6] NCCL INFO New proxy recv connection 32 from local rank 6, transport 0
n232-194-226:234434:234517 [6] NCCL INFO proxyProgressAsync opId=0x7fc79ebbb1f0 op.type=1 op.reqBuff=0x7fc79001e3f0 op.respSize=16 done
n232-194-226:234434:234463 [6] NCCL INFO ncclPollProxyResponse Received new opId=0x7fc79ebbb1f0
n232-194-226:234434:234517 [6] NCCL INFO Received and initiated operation=Init res=0
n232-194-226:234434:234463 [6] NCCL INFO recvOpId=0x7fc79ebbb1f0 matches expected opId=0x7fc79ebbb1f0
n232-194-226:234434:234463 [6] NCCL INFO Connection to proxy localRank 6 -> connection 0x7fc790003b50
n232-194-226:234432:234458 [4] NCCL INFO Imported shareable buffer device 4 size 2097152 ptr 0x7f3e8be00000
n232-194-226:234429:234513 [1] NCCL INFO transport/p2p.cc:204 Cuda Alloc Size 2097152 pointer 0x7f2d23e00000
n232-194-226:234433:234460 [5] NCCL INFO Imported shareable buffer device 5 size 2097152 ptr 0x7f8c70a00000
n232-194-226:234429:234513 [1] NCCL INFO Allocated shareable buffer 0x7f2d23e00000 size 2097152 ipcDesc 0x7f2d2800c600
n232-194-226:234429:234513 [1] NCCL INFO proxyProgressAsync opId=0x7f2d32bbc310 op.type=3 op.reqBuff=0x7f2d28017d90 op.respSize=80 done
n232-194-226:234429:234459 [1] NCCL INFO ncclPollProxyResponse Received new opId=0x7f2d32bbc310
n232-194-226:234429:234513 [1] NCCL INFO Received and initiated operation=Setup res=0
n232-194-226:234429:234459 [1] NCCL INFO recvOpId=0x7f2d32bbc310 matches expected opId=0x7f2d32bbc310
n232-194-226:234432:234458 [4] NCCL INFO Imported shareable buffer device 4 size 10485760 ptr 0x7f3e86000000
n232-194-226:234431:234461 [3] NCCL INFO Imported shareable buffer device 3 size 10485760 ptr 0x7f7bae000000
n232-194-226:234434:234517 [6] NCCL INFO transport/p2p.cc:204 Cuda Alloc Size 10485760 pointer 0x7fc77aa00000
n232-194-226:234432:234458 [4] NCCL INFO Imported shareable buffer device 4 size 10485760 ptr 0x7f3e86a00000
n232-194-226:234433:234460 [5] NCCL INFO Imported shareable buffer device 5 size 10485760 ptr 0x7f8c70c00000
n232-194-226:234428:234457 [0] NCCL INFO Imported shareable buffer device 0 size 10485760 ptr 0x7fcddb400000
n232-194-226:234432:234458 [4] NCCL INFO Imported shareable buffer device 4 size 2097152 ptr 0x7f3e87400000
n232-194-226:234433:234460 [5] NCCL INFO Imported shareable buffer device 5 size 2097152 ptr 0x7f8c71600000
n232-194-226:234434:234517 [6] NCCL INFO Allocated shareable buffer 0x7fc77aa00000 size 10485760 ipcDesc 0x7fc79000c600
n232-194-226:234434:234517 [6] NCCL INFO proxyProgressAsync opId=0x7fc79ebbb1f0 op.type=3 op.reqBuff=0x7fc79001fcb0 op.respSize=80 done
n232-194-226:234434:234463 [6] NCCL INFO ncclPollProxyResponse Received new opId=0x7fc79ebbb1f0
n232-194-226:234434:234517 [6] NCCL INFO Received and initiated operation=Setup res=0
n232-194-226:234434:234463 [6] NCCL INFO recvOpId=0x7fc79ebbb1f0 matches expected opId=0x7fc79ebbb1f0
n232-194-226:234434:234517 [6] NCCL INFO New proxy recv connection 33 from local rank 6, transport 0
n232-194-226:234434:234517 [6] NCCL INFO proxyProgressAsync opId=0x7fc79ebbb1f0 op.type=1 op.reqBuff=0x7fc79001fcb0 op.respSize=16 done
n232-194-226:234434:234463 [6] NCCL INFO ncclPollProxyResponse Received new opId=0x7fc79ebbb1f0
n232-194-226:234434:234517 [6] NCCL INFO Received and initiated operation=Init res=0
n232-194-226:234434:234463 [6] NCCL INFO recvOpId=0x7fc79ebbb1f0 matches expected opId=0x7fc79ebbb1f0
n232-194-226:234434:234463 [6] NCCL INFO Connection to proxy localRank 6 -> connection 0x7fc790003ba0
n232-194-226:234428:234457 [0] NCCL INFO Imported shareable buffer device 0 size 10485760 ptr 0x7fcdd8000000
n232-194-226:234432:234458 [4] NCCL INFO Imported shareable buffer device 4 size 2097152 ptr 0x7f3e87600000
n232-194-226:234433:234460 [5] NCCL INFO Imported shareable buffer device 5 size 2097152 ptr 0x7f8c71800000
n232-194-226:234429:234459 [1] NCCL INFO Imported shareable buffer device 1 size 2097152 ptr 0x7f2d25e00000
n232-194-226:234430:234462 [2] NCCL INFO Imported shareable buffer device 2 size 10485760 ptr 0x7fd438000000
n232-194-226:234431:234461 [3] NCCL INFO Imported shareable buffer device 3 size 2097152 ptr 0x7f7baea00000
n232-194-226:234432:234514 [4] NCCL INFO proxyProgressAsync opId=0x7f3ea36390a0 op.type=4 op.reqBuff=0x7f3e9803e8c0 op.respSize=21040 done
n232-194-226:234432:234514 [4] NCCL INFO transport/net_ib.cc:752 Ib Alloc Size 552 pointer 0x7f3e9806b000
n232-194-226:234431:234518 [3] NCCL INFO transport/net_ib.cc:752 Ib Alloc Size 552 pointer 0x7f7bc0071000
n232-194-226:234434:234517 [6] NCCL INFO transport/p2p.cc:204 Cuda Alloc Size 10485760 pointer 0x7fc77b400000
n232-194-226:234432:234514 [4] NCCL INFO transport/net_ib.cc:830 Ib Alloc Size 552 pointer 0x7f3e9806e000
n232-194-226:234432:234514 [4] NCCL INFO transport/net_ib.cc:739 Ib Alloc Size 22280 pointer 0x7f3e980fd000
n232-194-226:234432:234514 [4] NCCL INFO transport/net_ib.cc:752 Ib Alloc Size 552 pointer 0x7f3e98104000
n232-194-226:234428:234457 [0] NCCL INFO Imported shareable buffer device 0 size 10485760 ptr 0x7fcdd8a00000
n232-194-226:234432:234458 [4] NCCL INFO Imported shareable buffer device 4 size 10485760 ptr 0x7f3e84000000
n232-194-226:234432:234514 [4] NCCL INFO transport/net_ib.cc:830 Ib Alloc Size 552 pointer 0x7f3e98120000
n232-194-226:234432:234514 [4] NCCL INFO Received and initiated operation=Connect res=0
n232-194-226:234429:234459 [1] NCCL INFO Imported shareable buffer device 1 size 2097152 ptr 0x7f2d27e00000
n232-194-226:234431:234461 [3] NCCL INFO Imported shareable buffer device 3 size 10485760 ptr 0x7f7baec00000
n232-194-226:234432:234458 [4] NCCL INFO Imported shareable buffer device 4 size 10485760 ptr 0x7f3e84a00000
n232-194-226:234429:234459 [1] NCCL INFO Imported shareable buffer device 1 size 2097152 ptr 0x7f2d2fa00000
n232-194-226:234431:234461 [3] NCCL INFO Imported shareable buffer device 3 size 2097152 ptr 0x7f7baf600000
n232-194-226:234431:234518 [3] NCCL INFO transport/net_ib.cc:830 Ib Alloc Size 552 pointer 0x7f7bc0098000
n232-194-226:234431:234518 [3] NCCL INFO transport/net_ib.cc:752 Ib Alloc Size 552 pointer 0x7f7bc009a000
n232-194-226:234433:234460 [5] NCCL INFO Imported shareable buffer device 5 size 10485760 ptr 0x7f8c6e000000
n232-194-226:234434:234517 [6] NCCL INFO Allocated shareable buffer 0x7fc77b400000 size 10485760 ipcDesc 0x7fc79000c600
n232-194-226:234434:234517 [6] NCCL INFO proxyProgressAsync opId=0x7fc79ebbb1f0 op.type=3 op.reqBuff=0x7fc79001fcf0 op.respSize=80 done
n232-194-226:234434:234463 [6] NCCL INFO ncclPollProxyResponse Received new opId=0x7fc79ebbb1f0
n232-194-226:234434:234517 [6] NCCL INFO Received and initiated operation=Setup res=0
n232-194-226:234434:234463 [6] NCCL INFO recvOpId=0x7fc79ebbb1f0 matches expected opId=0x7fc79ebbb1f0
n232-194-226:234434:234517 [6] NCCL INFO New proxy recv connection 34 from local rank 6, transport 0
n232-194-226:234434:234517 [6] NCCL INFO proxyProgressAsync opId=0x7fc79ebbb1f0 op.type=1 op.reqBuff=0x7fc79001fcf0 op.respSize=16 done
n232-194-226:234434:234463 [6] NCCL INFO ncclPollProxyResponse Received new opId=0x7fc79ebbb1f0
n232-194-226:234434:234463 [6] NCCL INFO recvOpId=0x7fc79ebbb1f0 matches expected opId=0x7fc79ebbb1f0
n232-194-226:234434:234463 [6] NCCL INFO Connection to proxy localRank 6 -> connection 0x7fc790003bf0
n232-194-226:234434:234517 [6] NCCL INFO Received and initiated operation=Init res=0
n232-194-226:234430:234462 [2] NCCL INFO Imported shareable buffer device 2 size 10485760 ptr 0x7fd438a00000
n232-194-226:234431:234518 [3] NCCL INFO transport/net_ib.cc:830 Ib Alloc Size 552 pointer 0x7f7bc00b6000
n232-194-226:234431:234518 [3] NCCL INFO transport/net_ib.cc:752 Ib Alloc Size 552 pointer 0x7f7bc00b8000
n232-194-226:234429:234459 [1] NCCL INFO Imported shareable buffer device 1 size 2097152 ptr 0x7f2d2fc00000
n232-194-226:234431:234461 [3] NCCL INFO Imported shareable buffer device 3 size 2097152 ptr 0x7f7baf800000
n232-194-226:234431:234518 [3] NCCL INFO transport/net_ib.cc:830 Ib Alloc Size 552 pointer 0x7f7bc00d4000
n232-194-226:234431:234518 [3] NCCL INFO transport/net_ib.cc:752 Ib Alloc Size 552 pointer 0x7f7bc00d6000
n232-194-226:234428:234457 [0] NCCL INFO Imported shareable buffer device 0 size 10485760 ptr 0x7fcdd9400000
n232-194-226:234428:234457 [0] NCCL INFO sendConnect ncclProxyCallAsync opId=0x7fcde7632768
n232-194-226:234428:234457 [0] NCCL INFO sendConnect ncclProxyCallAsync opId=0x7fcde763b468
n232-194-226:234430:234519 [2] NCCL INFO transport/net_ib.cc:627 Ib Alloc Size 27160 pointer 0x7fd440047000
n232-194-226:234428:234457 [0] NCCL INFO sendConnect ncclProxyCallAsync opId=0x7fcde7644168
n232-194-226:234428:234457 [0] NCCL INFO sendConnect ncclProxyCallAsync opId=0x7fcde764ce68
n232-194-226:234428:234457 [0] NCCL INFO sendConnect ncclProxyCallAsync opId=0x7fcde76358b0
n232-194-226:234428:234457 [0] NCCL INFO sendConnect ncclProxyCallAsync opId=0x7fcde763e5b0
n232-194-226:234428:234457 [0] NCCL INFO sendConnect ncclProxyCallAsync opId=0x7fcde76472b0
n232-194-226:234428:234457 [0] NCCL INFO sendConnect ncclProxyCallAsync opId=0x7fcde764ffb0
n232-194-226:234431:234518 [3] NCCL INFO transport/net_ib.cc:830 Ib Alloc Size 552 pointer 0x7f7bc00f2000
n232-194-226:234433:234460 [5] NCCL INFO Imported shareable buffer device 5 size 2097152 ptr 0x7f8c6ea00000
n232-194-226:234430:234519 [2] NCCL INFO NET/IB: Dev 1 Port 1 qpn 23148 mtu 5 LID 25
n232-194-226:234430:234519 [2] NCCL INFO transport/net_ib.cc:679 Ib Alloc Size 552 pointer 0x7fd440069000
n232-194-226:234430:234519 [2] NCCL INFO Received and initiated operation=Connect res=0
n232-194-226:234430:234519 [2] NCCL INFO transport/net_ib.cc:627 Ib Alloc Size 27160 pointer 0x7fd440070000
n232-194-226:234430:234519 [2] NCCL INFO NET/IB: Dev 1 Port 1 qpn 23149 mtu 5 LID 25
n232-194-226:234430:234519 [2] NCCL INFO transport/net_ib.cc:679 Ib Alloc Size 552 pointer 0x7fd440088000
n232-194-226:234430:234519 [2] NCCL INFO Received and initiated operation=Connect res=0
n232-194-226:234430:234519 [2] NCCL INFO transport/net_ib.cc:627 Ib Alloc Size 27160 pointer 0x7fd44008f000
n232-194-226:234430:234462 [2] NCCL INFO Imported shareable buffer device 2 size 10485760 ptr 0x7fd439400000
n232-194-226:234430:234519 [2] NCCL INFO NET/IB: Dev 1 Port 1 qpn 23150 mtu 5 LID 25
n232-194-226:234430:234519 [2] NCCL INFO transport/net_ib.cc:679 Ib Alloc Size 552 pointer 0x7fd4400a7000
n232-194-226:234430:234519 [2] NCCL INFO Received and initiated operation=Connect res=0
n232-194-226:234434:234517 [6] NCCL INFO transport/p2p.cc:204 Cuda Alloc Size 10485760 pointer 0x7fc778000000
n232-194-226:234431:234461 [3] NCCL INFO Imported shareable buffer device 3 size 10485760 ptr 0x7f7bac000000
n232-194-226:234434:234517 [6] NCCL INFO Allocated shareable buffer 0x7fc778000000 size 10485760 ipcDesc 0x7fc79000c600
n232-194-226:234434:234517 [6] NCCL INFO proxyProgressAsync opId=0x7fc79ebbb1f0 op.type=3 op.reqBuff=0x7fc790021960 op.respSize=80 done
n232-194-226:234434:234463 [6] NCCL INFO ncclPollProxyResponse Received new opId=0x7fc79ebbb1f0
n232-194-226:234434:234517 [6] NCCL INFO Received and initiated operation=Setup res=0
n232-194-226:234434:234463 [6] NCCL INFO recvOpId=0x7fc79ebbb1f0 matches expected opId=0x7fc79ebbb1f0
n232-194-226:234432:234514 [4] NCCL INFO transport/p2p.cc:204 Cuda Alloc Size 10485760 pointer 0x7f3e85400000
n232-194-226:234434:234517 [6] NCCL INFO New proxy recv connection 35 from local rank 6, transport 0
n232-194-226:234434:234517 [6] NCCL INFO proxyProgressAsync opId=0x7fc79ebbb1f0 op.type=1 op.reqBuff=0x7fc790021960 op.respSize=16 done
n232-194-226:234434:234463 [6] NCCL INFO ncclPollProxyResponse Received new opId=0x7fc79ebbb1f0
n232-194-226:234434:234517 [6] NCCL INFO Received and initiated operation=Init res=0
n232-194-226:234434:234463 [6] NCCL INFO recvOpId=0x7fc79ebbb1f0 matches expected opId=0x7fc79ebbb1f0
n232-194-226:234434:234463 [6] NCCL INFO Connection to proxy localRank 6 -> connection 0x7fc790003c40
n232-194-226:234433:234460 [5] NCCL INFO Imported shareable buffer device 5 size 10485760 ptr 0x7f8c6ec00000
n232-194-226:234429:234459 [1] NCCL INFO Imported shareable buffer device 1 size 10485760 ptr 0x7f2d1e000000
n232-194-226:234430:234462 [2] NCCL INFO Imported shareable buffer device 2 size 10485760 ptr 0x7fd436000000
n232-194-226:234428:234457 [0] NCCL INFO Imported shareable buffer device 0 size 2097152 ptr 0x7fcdd9e00000
n232-194-226:234432:234458 [4] NCCL INFO Imported shareable buffer device 4 size 2097152 ptr 0x7f3e85e00000
n232-194-226:234433:234460 [5] NCCL INFO Imported shareable buffer device 5 size 2097152 ptr 0x7f8c6f600000
n232-194-226:234429:234459 [1] NCCL INFO Imported shareable buffer device 1 size 10485760 ptr 0x7f2d1ea00000
n232-194-226:234432:234514 [4] NCCL INFO Allocated shareable buffer 0x7f3e85400000 size 10485760 ipcDesc 0x7f3e9800c22c
n232-194-226:234432:234514 [4] NCCL INFO Allocated 532484 bytes of shared memory in /dev/shm/nccl-ZqOOGz
n232-194-226:234431:234518 [3] NCCL INFO transport/net.cc:773 Cuda Alloc Size 9633792 pointer 0x7f7baca00000
n232-194-226:234434:234517 [6] NCCL INFO transport/p2p.cc:204 Cuda Alloc Size 10485760 pointer 0x7fc778a00000
n232-194-226:234428:234457 [0] NCCL INFO Imported shareable buffer device 0 size 2097152 ptr 0x7fcddbe00000
n232-194-226:234430:234462 [2] NCCL INFO recvConnect ncclProxyCallAsync opId=0x7fd44f632878 &recv->proxyConn=0x7fd44f632880 connectInfo=0x7fd44f6652c0
n232-194-226:234434:234517 [6] NCCL INFO Allocated shareable buffer 0x7fc778a00000 size 10485760 ipcDesc 0x7fc79000c600
n232-194-226:234434:234517 [6] NCCL INFO proxyProgressAsync opId=0x7fc79ebbb1f0 op.type=3 op.reqBuff=0x7fc7900219a0 op.respSize=80 done
n232-194-226:234434:234463 [6] NCCL INFO ncclPollProxyResponse Received new opId=0x7fc79ebbb1f0
n232-194-226:234434:234517 [6] NCCL INFO Received and initiated operation=Setup res=0
n232-194-226:234430:234519 [2] NCCL INFO transport/p2p.cc:204 Cuda Alloc Size 10485760 pointer 0x7fd436a00000
n232-194-226:234434:234463 [6] NCCL INFO recvOpId=0x7fc79ebbb1f0 matches expected opId=0x7fc79ebbb1f0
n232-194-226:234430:234462 [2] NCCL INFO recvConnect ncclProxyCallAsync opId=0x7fd44f63b578 &recv->proxyConn=0x7fd44f63b580 connectInfo=0x7fd44f665340
n232-194-226:234430:234462 [2] NCCL INFO recvConnect ncclProxyCallAsync opId=0x7fd44f644278 &recv->proxyConn=0x7fd44f644280 connectInfo=0x7fd44f6653c0
n232-194-226:234430:234462 [2] NCCL INFO recvConnect ncclProxyCallAsync opId=0x7fd44f64cf78 &recv->proxyConn=0x7fd44f64cf80 connectInfo=0x7fd44f665440
n232-194-226:234430:234519 [2] NCCL INFO Allocated shareable buffer 0x7fd436a00000 size 10485760 ipcDesc 0x7fd44000fc9c
n232-194-226:234430:234519 [2] NCCL INFO Allocated 532484 bytes of shared memory in /dev/shm/nccl-q6cGwr
n232-194-226:234430:234519 [2] NCCL INFO Mem Realloc old size 0, new size 768 pointer 0x7fd4400a6010
n232-194-226:234433:234460 [5] NCCL INFO Imported shareable buffer device 5 size 2097152 ptr 0x7f8c6f800000
n232-194-226:234431:234461 [3] NCCL INFO Imported shareable buffer device 3 size 2097152 ptr 0x7f7bad400000
n232-194-226:234431:234518 [3] NCCL INFO transport/net.cc:778 Cuda Host Alloc Size 8192 pointer 0x7f7c02a00200
n232-194-226:234431:234518 [3] NCCL INFO Mem Realloc old size 0, new size 768 pointer 0x7f7bc00b5c50
n232-194-226:234432:234458 [4] NCCL INFO Imported shareable buffer device 4 size 2097152 ptr 0x7f3e87800000
n232-194-226:234428:234457 [0] NCCL INFO Imported shareable buffer device 0 size 2097152 ptr 0x7fcddde00000
n232-194-226:234429:234459 [1] NCCL INFO Imported shareable buffer device 1 size 2097152 ptr 0x7f2d1f400000
n232-194-226:234433:234460 [5] NCCL INFO Imported shareable buffer device 5 size 10485760 ptr 0x7f8c6c000000
n232-194-226:234431:234461 [3] NCCL INFO Imported shareable buffer device 3 size 2097152 ptr 0x7f7bad600000
n232-194-226:234432:234458 [4] NCCL INFO Imported shareable buffer device 4 size 10485760 ptr 0x7f3e82000000
n232-194-226:234430:234462 [2] NCCL INFO Imported shareable buffer device 2 size 2097152 ptr 0x7fd437400000
n232-194-226:234428:234457 [0] NCCL INFO Imported shareable buffer device 0 size 2097152 ptr 0x7fcddfe00000
n232-194-226:234429:234459 [1] NCCL INFO Imported shareable buffer device 1 size 10485760 ptr 0x7f2d1f600000
n232-194-226:234433:234460 [5] NCCL INFO Imported shareable buffer device 5 size 2097152 ptr 0x7f8c6ca00000
n232-194-226:234431:234461 [3] NCCL INFO Imported shareable buffer device 3 size 10485760 ptr 0x7f7baa000000
n232-194-226:234432:234458 [4] NCCL INFO Imported shareable buffer device 4 size 10485760 ptr 0x7f3e82a00000
n232-194-226:234430:234462 [2] NCCL INFO Imported shareable buffer device 2 size 2097152 ptr 0x7fd437600000
n232-194-226:234428:234457 [0] NCCL INFO Imported shareable buffer device 0 size 2097152 ptr 0x7fcde1e00000
n232-194-226:234429:234459 [1] NCCL INFO Imported shareable buffer device 1 size 2097152 ptr 0x7f2d2fe00000
n232-194-226:234431:234461 [3] NCCL INFO Imported shareable buffer device 3 size 2097152 ptr 0x7f7baaa00000
n232-194-226:234432:234458 [4] NCCL INFO Imported shareable buffer device 4 size 2097152 ptr 0x7f3e83400000
n232-194-226:234431:234461 [3] NCCL INFO Imported shareable buffer device 3 size 2097152 ptr 0x7f7baac00000
n232-194-226:234433:234460 [5] NCCL INFO Imported shareable buffer device 5 size 10485760 ptr 0x7f8c6cc00000
n232-194-226:234432:234458 [4] NCCL INFO Imported shareable buffer device 4 size 2097152 ptr 0x7f3e83600000
n232-194-226:234428:234457 [0] NCCL INFO Imported shareable buffer device 0 size 2097152 ptr 0x7fcde3800000
n232-194-226:234429:234459 [1] NCCL INFO Imported shareable buffer device 1 size 10485760 ptr 0x7f2d1c000000
n232-194-226:234430:234462 [2] NCCL INFO Imported shareable buffer device 2 size 2097152 ptr 0x7fd437800000
n232-194-226:234433:234460 [5] NCCL INFO Imported shareable buffer device 5 size 2097152 ptr 0x7f8c6d600000
n232-194-226:234432:234458 [4] NCCL INFO Imported shareable buffer device 4 size 10485760 ptr 0x7f3e80000000
n232-194-226:234432:234458 [4] NCCL INFO ncclPollProxyResponse Received new opId=0x7f3ea36390a0
n232-194-226:234432:234458 [4] NCCL INFO recvOpId=0x7f3ea36390a0 matches expected opId=0x7f3ea36390a0
n232-194-226:234432:234458 [4] NCCL INFO recvConnect ncclPollProxyResponse opId=0x7f3ea36390a0
n232-194-226:234430:234462 [2] NCCL INFO Imported shareable buffer device 2 size 2097152 ptr 0x7fd437a00000
n232-194-226:234432:234514 [4] NCCL INFO proxyProgressAsync opId=0x7f8c87638d38 op.type=4 op.reqBuff=0x7f3e98040db0 op.respSize=21040 done
n232-194-226:234433:234460 [5] NCCL INFO Imported shareable buffer device 5 size 2097152 ptr 0x7f8c6d800000
n232-194-226:234433:234460 [5] NCCL INFO ncclPollProxyResponse Received new opId=0x7f8c87638d38
n232-194-226:234433:234460 [5] NCCL INFO recvOpId=0x7f8c87638d38 matches expected opId=0x7f8c87638d38
n232-194-226:234433:234460 [5] NCCL INFO sendConnect ncclPollProxyResponse opId=0x7f8c87638d38
n232-194-226:234431:234461 [3] NCCL INFO Imported shareable buffer device 3 size 10485760 ptr 0x7f7baae00000
n232-194-226:234428:234457 [0] NCCL INFO Imported shareable buffer device 0 size 2097152 ptr 0x7fcde3a00000
n232-194-226:234430:234519 [2] NCCL INFO proxyProgressAsync opId=0x7fcde7632768 op.type=4 op.reqBuff=0x7fd440040d20 op.respSize=21040 done
n232-194-226:234429:234459 [1] NCCL INFO Imported shareable buffer device 1 size 10485760 ptr 0x7f2d1ca00000
n232-194-226:234431:234461 [3] NCCL INFO Imported shareable buffer device 3 size 2097152 ptr 0x7f7bab800000
n232-194-226:234430:234462 [2] NCCL INFO Imported shareable buffer device 2 size 10485760 ptr 0x7fd434000000
n232-194-226:234432:234514 [4] NCCL INFO transport/p2p.cc:204 Cuda Alloc Size 10485760 pointer 0x7f3e80a00000
n232-194-226:234432:234514 [4] NCCL INFO Allocated shareable buffer 0x7f3e80a00000 size 10485760 ipcDesc 0x7f3e98016afc
n232-194-226:234432:234514 [4] NCCL INFO Allocated 532484 bytes of shared memory in /dev/shm/nccl-tQ8ZQU
n232-194-226:234428:234457 [0] NCCL INFO Imported shareable buffer device 0 size 2097152 ptr 0x7fcde3c00000
n232-194-226:234429:234459 [1] NCCL INFO Imported shareable buffer device 1 size 2097152 ptr 0x7f2d1d400000
n232-194-226:234430:234519 [2] NCCL INFO transport/p2p.cc:204 Cuda Alloc Size 10485760 pointer 0x7fd434a00000
n232-194-226:234433:234460 [5] NCCL INFO Imported shareable buffer device 5 size 10485760 ptr 0x7f8c6a000000
n232-194-226:234428:234457 [0] NCCL INFO Imported shareable buffer device 0 size 2097152 ptr 0x7fcde3e00000
n232-194-226:234429:234459 [1] NCCL INFO Imported shareable buffer device 1 size 10485760 ptr 0x7f2d1d600000
n232-194-226:234430:234462 [2] NCCL INFO Imported shareable buffer device 2 size 10485760 ptr 0x7fd435400000
n232-194-226:234430:234519 [2] NCCL INFO Allocated shareable buffer 0x7fd434a00000 size 10485760 ipcDesc 0x7fd44001a3ec
n232-194-226:234430:234519 [2] NCCL INFO Allocated 532484 bytes of shared memory in /dev/shm/nccl-fIt8zJ
n232-194-226:234428:234457 [0] NCCL INFO Imported shareable buffer device 0 size 2097152 ptr 0x7fcdd6000000
n232-194-226:234429:234459 [1] NCCL INFO Imported shareable buffer device 1 size 2097152 ptr 0x7f2d1a000000
n232-194-226:234431:234518 [3] NCCL INFO proxyProgressAsync opId=0x7f7bcb635638 op.type=4 op.reqBuff=0x7f7bc003e820 op.respSize=21040 done
n232-194-226:234431:234461 [3] NCCL INFO ncclPollProxyResponse Received new opId=0x7f7bcb635638
n232-194-226:234431:234461 [3] NCCL INFO Queuing opId=0x7f7bcb635638 respBuff=0x7f7bcb6a9e50 respSize=21040
n232-194-226:234431:234461 [3] NCCL INFO ncclPollProxyResponse Dequeued cached opId=0x7f7bcb635638
n232-194-226:234431:234461 [3] NCCL INFO recvConnect ncclPollProxyResponse opId=0x7f7bcb635638
n232-194-226:234428:234457 [0] NCCL INFO Imported shareable buffer device 0 size 2097152 ptr 0x7fcdd6200000
n232-194-226:234429:234459 [1] NCCL INFO Imported shareable buffer device 1 size 10485760 ptr 0x7f2d1a200000
n232-194-226:234430:234462 [2] NCCL INFO Imported shareable buffer device 2 size 2097152 ptr 0x7fd435e00000
n232-194-226:234432:234514 [4] NCCL INFO proxyProgressAsync opId=0x7f8c87641a38 op.type=4 op.reqBuff=0x7f3e98053c10 op.respSize=21040 done
n232-194-226:234433:234460 [5] NCCL INFO ncclPollProxyResponse Received new opId=0x7f8c87641a38
n232-194-226:234433:234460 [5] NCCL INFO recvOpId=0x7f8c87641a38 matches expected opId=0x7f8c87641a38
n232-194-226:234433:234460 [5] NCCL INFO sendConnect ncclPollProxyResponse opId=0x7f8c87641a38
n232-194-226:234429:234459 [1] NCCL INFO Imported shareable buffer device 1 size 10485760 ptr 0x7f2d1ac00000
n232-194-226:234430:234462 [2] NCCL INFO Imported shareable buffer device 2 size 10485760 ptr 0x7fd432000000
n232-194-226:234429:234459 [1] NCCL INFO Imported shareable buffer device 1 size 2097152 ptr 0x7f2d1b600000
n232-194-226:234430:234462 [2] NCCL INFO Imported shareable buffer device 2 size 10485760 ptr 0x7fd432a00000
n232-194-226:234432:234514 [4] NCCL INFO transport/p2p.cc:204 Cuda Alloc Size 10485760 pointer 0x7f3e81400000
n232-194-226:234432:234514 [4] NCCL INFO Allocated shareable buffer 0x7f3e81400000 size 10485760 ipcDesc 0x7f3e9802126c
n232-194-226:234432:234514 [4] NCCL INFO Allocated 532484 bytes of shared memory in /dev/shm/nccl-du427y
n232-194-226:234428:234457 [0] NCCL INFO Imported shareable buffer device 0 size 2097152 ptr 0x7fcdd6400000
n232-194-226:234428:234457 [0] NCCL INFO ncclPollProxyResponse Received new opId=0x7fcde7632768
n232-194-226:234428:234457 [0] NCCL INFO recvOpId=0x7fcde7632768 matches expected opId=0x7fcde7632768
n232-194-226:234428:234457 [0] NCCL INFO sendConnect ncclPollProxyResponse opId=0x7fcde7632768
n232-194-226:234429:234459 [1] NCCL INFO Imported shareable buffer device 1 size 10485760 ptr 0x7f2d18000000
n232-194-226:234430:234462 [2] NCCL INFO Imported shareable buffer device 2 size 2097152 ptr 0x7fd433400000
n232-194-226:234431:234518 [3] NCCL INFO transport/net.cc:773 Cuda Alloc Size 9633792 pointer 0x7f7ba8000000
n232-194-226:234431:234518 [3] NCCL INFO transport/net.cc:778 Cuda Host Alloc Size 8192 pointer 0x7f7c02a02200
n232-194-226:234433:234460 [5] NCCL INFO Imported shareable buffer device 5 size 10485760 ptr 0x7f8c6aa00000
n232-194-226:234429:234459 [1] NCCL INFO Imported shareable buffer device 1 size 2097152 ptr 0x7f2d18a00000
n232-194-226:234430:234462 [2] NCCL INFO Imported shareable buffer device 2 size 10485760 ptr 0x7fd433600000
n232-194-226:234429:234459 [1] NCCL INFO Imported shareable buffer device 1 size 10485760 ptr 0x7f2d18c00000
n232-194-226:234430:234462 [2] NCCL INFO Imported shareable buffer device 2 size 10485760 ptr 0x7fd430000000
n232-194-226:234429:234459 [1] NCCL INFO Imported shareable buffer device 1 size 10485760 ptr 0x7f2d19600000
n232-194-226:234430:234462 [2] NCCL INFO Imported shareable buffer device 2 size 2097152 ptr 0x7fd430a00000
n232-194-226:234428:234457 [0] NCCL INFO Imported shareable buffer device 0 size 10485760 ptr 0x7fcdd6600000
n232-194-226:234430:234519 [2] NCCL INFO proxyProgressAsync opId=0x7fcde763b468 op.type=4 op.reqBuff=0x7fd44004ea50 op.respSize=21040 done
n232-194-226:234428:234457 [0] NCCL INFO ncclPollProxyResponse Received new opId=0x7fcde763b468
n232-194-226:234428:234457 [0] NCCL INFO recvOpId=0x7fcde763b468 matches expected opId=0x7fcde763b468
n232-194-226:234428:234457 [0] NCCL INFO sendConnect ncclPollProxyResponse opId=0x7fcde763b468
n232-194-226:234429:234459 [1] NCCL INFO Imported shareable buffer device 1 size 2097152 ptr 0x7f2d1b800000
n232-194-226:234430:234462 [2] NCCL INFO Imported shareable buffer device 2 size 10485760 ptr 0x7fd430c00000
n232-194-226:234432:234514 [4] NCCL INFO proxyProgressAsync opId=0x7f8c8764a738 op.type=4 op.reqBuff=0x7f3e9808be40 op.respSize=21040 done
n232-194-226:234433:234460 [5] NCCL INFO ncclPollProxyResponse Received new opId=0x7f8c8764a738
n232-194-226:234433:234460 [5] NCCL INFO recvOpId=0x7f8c8764a738 matches expected opId=0x7f8c8764a738
n232-194-226:234433:234460 [5] NCCL INFO sendConnect ncclPollProxyResponse opId=0x7f8c8764a738
n232-194-226:234432:234514 [4] NCCL INFO transport/net_ib.cc:627 Ib Alloc Size 27160 pointer 0x7f3e98122000
n232-194-226:234429:234459 [1] NCCL INFO Imported shareable buffer device 1 size 10485760 ptr 0x7f2d16000000
n232-194-226:234430:234519 [2] NCCL INFO transport/p2p.cc:204 Cuda Alloc Size 10485760 pointer 0x7fd431600000
n232-194-226:234432:234514 [4] NCCL INFO NET/IB: Dev 3 Port 1 qpn 21296 mtu 5 LID 27
n232-194-226:234432:234514 [4] NCCL INFO transport/net_ib.cc:679 Ib Alloc Size 552 pointer 0x7f3e98041000
n232-194-226:234432:234514 [4] NCCL INFO Received and initiated operation=Connect res=0
n232-194-226:234429:234459 [1] NCCL INFO Imported shareable buffer device 1 size 2097152 ptr 0x7f2d16a00000
n232-194-226:234429:234459 [1] NCCL INFO Connected all rings
n232-194-226:234429:234513 [1] NCCL INFO New proxy recv connection 24 from local rank 1, transport 0
n232-194-226:234429:234513 [1] NCCL INFO proxyProgressAsync opId=0x7f2d32bbc310 op.type=1 op.reqBuff=0x7f2d28017d90 op.respSize=16 done
n232-194-226:234429:234459 [1] NCCL INFO ncclPollProxyResponse Received new opId=0x7f2d32bbc310
n232-194-226:234429:234513 [1] NCCL INFO Received and initiated operation=Init res=0
n232-194-226:234429:234459 [1] NCCL INFO recvOpId=0x7f2d32bbc310 matches expected opId=0x7f2d32bbc310
n232-194-226:234429:234459 [1] NCCL INFO Connection to proxy localRank 1 -> connection 0x7f2d280038d0
n232-194-226:234430:234462 [2] NCCL INFO Imported shareable buffer device 2 size 10485760 ptr 0x7fd42e000000
n232-194-226:234428:234457 [0] NCCL INFO Imported shareable buffer device 0 size 10485760 ptr 0x7fcdd7000000
n232-194-226:234430:234519 [2] NCCL INFO Allocated shareable buffer 0x7fd431600000 size 10485760 ipcDesc 0x7fd440024b3c
n232-194-226:234430:234519 [2] NCCL INFO Allocated 532484 bytes of shared memory in /dev/shm/nccl-Zy1E9S
n232-194-226:234432:234514 [4] NCCL INFO transport/net.cc:773 Cuda Alloc Size 9633792 pointer 0x7f3e7e000000
n232-194-226:234432:234514 [4] NCCL INFO transport/net.cc:778 Cuda Host Alloc Size 8192 pointer 0x7f3edaa02200
n232-194-226:234433:234460 [5] NCCL INFO Imported shareable buffer device 5 size 10485760 ptr 0x7f8c6b400000
n232-194-226:234429:234513 [1] NCCL INFO transport/p2p.cc:204 Cuda Alloc Size 10485760 pointer 0x7f2d16c00000
n232-194-226:234429:234513 [1] NCCL INFO Allocated shareable buffer 0x7f2d16c00000 size 10485760 ipcDesc 0x7f2d2800c600
n232-194-226:234429:234513 [1] NCCL INFO proxyProgressAsync opId=0x7f2d32bbc310 op.type=3 op.reqBuff=0x7f2d280193d0 op.respSize=80 done
n232-194-226:234430:234462 [2] NCCL INFO Imported shareable buffer device 2 size 2097152 ptr 0x7fd42ea00000
n232-194-226:234429:234459 [1] NCCL INFO ncclPollProxyResponse Received new opId=0x7f2d32bbc310
n232-194-226:234429:234513 [1] NCCL INFO Received and initiated operation=Setup res=0
n232-194-226:234429:234459 [1] NCCL INFO recvOpId=0x7f2d32bbc310 matches expected opId=0x7f2d32bbc310
n232-194-226:234429:234513 [1] NCCL INFO New proxy recv connection 25 from local rank 1, transport 0
n232-194-226:234429:234513 [1] NCCL INFO proxyProgressAsync opId=0x7f2d32bbc310 op.type=1 op.reqBuff=0x7f2d280193d0 op.respSize=16 done
n232-194-226:234429:234459 [1] NCCL INFO ncclPollProxyResponse Received new opId=0x7f2d32bbc310
n232-194-226:234429:234513 [1] NCCL INFO Received and initiated operation=Init res=0
n232-194-226:234429:234459 [1] NCCL INFO recvOpId=0x7f2d32bbc310 matches expected opId=0x7f2d32bbc310
n232-194-226:234429:234459 [1] NCCL INFO Connection to proxy localRank 1 -> connection 0x7f2d28003920
n232-194-226:234431:234518 [3] NCCL INFO proxyProgressAsync opId=0x7f7bcb63e338 op.type=4 op.reqBuff=0x7f7bc0040120 op.respSize=21040 done
n232-194-226:234431:234461 [3] NCCL INFO ncclPollProxyResponse Received new opId=0x7f7bcb63e338
n232-194-226:234431:234461 [3] NCCL INFO recvOpId=0x7f7bcb63e338 matches expected opId=0x7f7bcb63e338
n232-194-226:234431:234461 [3] NCCL INFO recvConnect ncclPollProxyResponse opId=0x7f7bcb63e338
n232-194-226:234429:234513 [1] NCCL INFO transport/p2p.cc:204 Cuda Alloc Size 10485760 pointer 0x7f2d17600000
n232-194-226:234429:234513 [1] NCCL INFO Allocated shareable buffer 0x7f2d17600000 size 10485760 ipcDesc 0x7f2d2800c600
n232-194-226:234429:234513 [1] NCCL INFO proxyProgressAsync opId=0x7f2d32bbc310 op.type=3 op.reqBuff=0x7f2d28019410 op.respSize=80 done
n232-194-226:234429:234459 [1] NCCL INFO ncclPollProxyResponse Received new opId=0x7f2d32bbc310
n232-194-226:234429:234513 [1] NCCL INFO Received and initiated operation=Setup res=0
n232-194-226:234429:234459 [1] NCCL INFO recvOpId=0x7f2d32bbc310 matches expected opId=0x7f2d32bbc310
n232-194-226:234429:234513 [1] NCCL INFO New proxy recv connection 26 from local rank 1, transport 0
n232-194-226:234429:234513 [1] NCCL INFO proxyProgressAsync opId=0x7f2d32bbc310 op.type=1 op.reqBuff=0x7f2d28019410 op.respSize=16 done
n232-194-226:234429:234459 [1] NCCL INFO ncclPollProxyResponse Received new opId=0x7f2d32bbc310
n232-194-226:234429:234513 [1] NCCL INFO Received and initiated operation=Init res=0
n232-194-226:234429:234459 [1] NCCL INFO recvOpId=0x7f2d32bbc310 matches expected opId=0x7f2d32bbc310
n232-194-226:234429:234459 [1] NCCL INFO Connection to proxy localRank 1 -> connection 0x7f2d28003970
n232-194-226:234431:234518 [3] NCCL INFO transport/net.cc:773 Cuda Alloc Size 9633792 pointer 0x7f7ba8a00000
n232-194-226:234431:234518 [3] NCCL INFO transport/net.cc:778 Cuda Host Alloc Size 8192 pointer 0x7f7c02a04200
n232-194-226:234429:234513 [1] NCCL INFO transport/p2p.cc:204 Cuda Alloc Size 10485760 pointer 0x7f2d14000000
n232-194-226:234429:234513 [1] NCCL INFO Allocated shareable buffer 0x7f2d14000000 size 10485760 ipcDesc 0x7f2d2800c600
n232-194-226:234429:234513 [1] NCCL INFO proxyProgressAsync opId=0x7f2d32bbc310 op.type=3 op.reqBuff=0x7f2d2801aa50 op.respSize=80 done
n232-194-226:234429:234459 [1] NCCL INFO ncclPollProxyResponse Received new opId=0x7f2d32bbc310
n232-194-226:234429:234459 [1] NCCL INFO recvOpId=0x7f2d32bbc310 matches expected opId=0x7f2d32bbc310
n232-194-226:234429:234513 [1] NCCL INFO Received and initiated operation=Setup res=0
n232-194-226:234429:234513 [1] NCCL INFO New proxy recv connection 27 from local rank 1, transport 0
n232-194-226:234429:234513 [1] NCCL INFO proxyProgressAsync opId=0x7f2d32bbc310 op.type=1 op.reqBuff=0x7f2d2801aa50 op.respSize=16 done
n232-194-226:234429:234459 [1] NCCL INFO ncclPollProxyResponse Received new opId=0x7f2d32bbc310
n232-194-226:234429:234459 [1] NCCL INFO recvOpId=0x7f2d32bbc310 matches expected opId=0x7f2d32bbc310
n232-194-226:234429:234459 [1] NCCL INFO Connection to proxy localRank 1 -> connection 0x7f2d280039c0
n232-194-226:234429:234513 [1] NCCL INFO Received and initiated operation=Init res=0
n232-194-226:234429:234513 [1] NCCL INFO transport/p2p.cc:204 Cuda Alloc Size 10485760 pointer 0x7f2d14a00000
n232-194-226:234430:234519 [2] NCCL INFO proxyProgressAsync opId=0x7fcde7644168 op.type=4 op.reqBuff=0x7fd44006fc10 op.respSize=21040 done
n232-194-226:234428:234457 [0] NCCL INFO ncclPollProxyResponse Received new opId=0x7fcde7644168
n232-194-226:234428:234457 [0] NCCL INFO recvOpId=0x7fcde7644168 matches expected opId=0x7fcde7644168
n232-194-226:234428:234457 [0] NCCL INFO sendConnect ncclPollProxyResponse opId=0x7fcde7644168
n232-194-226:234430:234519 [2] NCCL INFO transport/net_ib.cc:627 Ib Alloc Size 27160 pointer 0x7fd4400a9000
n232-194-226:234429:234513 [1] NCCL INFO Allocated shareable buffer 0x7f2d14a00000 size 10485760 ipcDesc 0x7f2d2800c600
n232-194-226:234429:234513 [1] NCCL INFO proxyProgressAsync opId=0x7f2d32bbc310 op.type=3 op.reqBuff=0x7f2d2801aa90 op.respSize=80 done
n232-194-226:234429:234459 [1] NCCL INFO ncclPollProxyResponse Received new opId=0x7f2d32bbc310
n232-194-226:234429:234459 [1] NCCL INFO recvOpId=0x7f2d32bbc310 matches expected opId=0x7f2d32bbc310
n232-194-226:234429:234513 [1] NCCL INFO Received and initiated operation=Setup res=0
n232-194-226:234429:234513 [1] NCCL INFO New proxy recv connection 28 from local rank 1, transport 0
n232-194-226:234429:234513 [1] NCCL INFO proxyProgressAsync opId=0x7f2d32bbc310 op.type=1 op.reqBuff=0x7f2d2801aa90 op.respSize=16 done
n232-194-226:234429:234459 [1] NCCL INFO ncclPollProxyResponse Received new opId=0x7f2d32bbc310
n232-194-226:234429:234459 [1] NCCL INFO recvOpId=0x7f2d32bbc310 matches expected opId=0x7f2d32bbc310
n232-194-226:234429:234513 [1] NCCL INFO Received and initiated operation=Init res=0
n232-194-226:234429:234459 [1] NCCL INFO Connection to proxy localRank 1 -> connection 0x7f2d28003a10
n232-194-226:234432:234514 [4] NCCL INFO proxyProgressAsync opId=0x7f3ea3641da0 op.type=4 op.reqBuff=0x7f3e980362c0 op.respSize=21040 done
n232-194-226:234432:234458 [4] NCCL INFO ncclPollProxyResponse Received new opId=0x7f3ea3641da0
n232-194-226:234432:234458 [4] NCCL INFO recvOpId=0x7f3ea3641da0 matches expected opId=0x7f3ea3641da0
n232-194-226:234432:234458 [4] NCCL INFO recvConnect ncclPollProxyResponse opId=0x7f3ea3641da0
n232-194-226:234429:234513 [1] NCCL INFO transport/p2p.cc:204 Cuda Alloc Size 10485760 pointer 0x7f2d15400000
n232-194-226:234429:234513 [1] NCCL INFO Allocated shareable buffer 0x7f2d15400000 size 10485760 ipcDesc 0x7f2d2800c600
n232-194-226:234429:234513 [1] NCCL INFO proxyProgressAsync opId=0x7f2d32bbc310 op.type=3 op.reqBuff=0x7f2d2801c480 op.respSize=80 done
n232-194-226:234429:234459 [1] NCCL INFO ncclPollProxyResponse Received new opId=0x7f2d32bbc310
n232-194-226:234429:234459 [1] NCCL INFO recvOpId=0x7f2d32bbc310 matches expected opId=0x7f2d32bbc310
