n232-194-226:234598:234697 [1] NCCL INFO proxyProgressAsync opId=0x7f9d92bbc510 op.type=1 op.reqBuff=0x7f9d88015da0 op.respSize=16 done
n232-194-226:234598:234634 [1] NCCL INFO ncclPollProxyResponse Received new opId=0x7f9d92bbc510
n232-194-226:234598:234634 [1] NCCL INFO recvOpId=0x7f9d92bbc510 matches expected opId=0x7f9d92bbc510
n232-194-226:234598:234697 [1] NCCL INFO Received and initiated operation=Init res=0
n232-194-226:234598:234634 [1] NCCL INFO Connection to proxy localRank 1 -> connection 0x7f9d880032e0
n232-194-226:234600:234700 [3] NCCL INFO transport/p2p.cc:204 Cuda Alloc Size 10485760 pointer 0x7fb91a000000
n232-194-226:234603:234637 [6] NCCL INFO Imported shareable buffer device 6 size 2097152 ptr 0x7fc5bf600000
n232-194-226:234600:234700 [3] NCCL INFO Allocated shareable buffer 0x7fb91a000000 size 10485760 ipcDesc 0x7fb91c042400
n232-194-226:234600:234700 [3] NCCL INFO proxyProgressAsync opId=0x7fb926bbc6f0 op.type=3 op.reqBuff=0x7fb91c042490 op.respSize=80 done
n232-194-226:234600:234631 [3] NCCL INFO ncclPollProxyResponse Received new opId=0x7fb926bbc6f0
n232-194-226:234600:234700 [3] NCCL INFO Received and initiated operation=Setup res=0
n232-194-226:234600:234631 [3] NCCL INFO recvOpId=0x7fb926bbc6f0 matches expected opId=0x7fb926bbc6f0
n232-194-226:234601:234694 [4] NCCL INFO transport/p2p.cc:204 Cuda Alloc Size 10485760 pointer 0x7fad26000000
n232-194-226:234597:234698 [0] NCCL INFO transport/p2p.cc:204 Cuda Alloc Size 10485760 pointer 0x7f5a42000000
n232-194-226:234600:234700 [3] NCCL INFO New proxy recv connection 17 from local rank 3, transport 0
n232-194-226:234600:234700 [3] NCCL INFO proxyProgressAsync opId=0x7fb926bbc6f0 op.type=1 op.reqBuff=0x7fb91c042490 op.respSize=16 done
n232-194-226:234600:234631 [3] NCCL INFO ncclPollProxyResponse Received new opId=0x7fb926bbc6f0
n232-194-226:234600:234631 [3] NCCL INFO recvOpId=0x7fb926bbc6f0 matches expected opId=0x7fb926bbc6f0
n232-194-226:234600:234700 [3] NCCL INFO Received and initiated operation=Init res=0
n232-194-226:234600:234631 [3] NCCL INFO Connection to proxy localRank 3 -> connection 0x7fb91c0036a0
n232-194-226:234601:234694 [4] NCCL INFO Allocated shareable buffer 0x7fad26000000 size 10485760 ipcDesc 0x7fad28040810
n232-194-226:234601:234694 [4] NCCL INFO proxyProgressAsync opId=0x7fad32bbc6f0 op.type=3 op.reqBuff=0x7fad280407e0 op.respSize=80 done
n232-194-226:234597:234698 [0] NCCL INFO Allocated shareable buffer 0x7f5a42000000 size 10485760 ipcDesc 0x7f5a640187c0
n232-194-226:234597:234698 [0] NCCL INFO proxyProgressAsync opId=0x7f5a4abbc8b0 op.type=3 op.reqBuff=0x7f5a64018850 op.respSize=80 done
n232-194-226:234601:234635 [4] NCCL INFO ncclPollProxyResponse Received new opId=0x7fad32bbc6f0
n232-194-226:234601:234694 [4] NCCL INFO Received and initiated operation=Setup res=0
n232-194-226:234597:234630 [0] NCCL INFO ncclPollProxyResponse Received new opId=0x7f5a4abbc8b0
n232-194-226:234601:234635 [4] NCCL INFO recvOpId=0x7fad32bbc6f0 matches expected opId=0x7fad32bbc6f0
n232-194-226:234597:234698 [0] NCCL INFO Received and initiated operation=Setup res=0
n232-194-226:234597:234630 [0] NCCL INFO recvOpId=0x7f5a4abbc8b0 matches expected opId=0x7f5a4abbc8b0
n232-194-226:234601:234694 [4] NCCL INFO New proxy recv connection 14 from local rank 4, transport 0
n232-194-226:234601:234694 [4] NCCL INFO proxyProgressAsync opId=0x7fad32bbc6f0 op.type=1 op.reqBuff=0x7fad280407e0 op.respSize=16 done
n232-194-226:234597:234698 [0] NCCL INFO New proxy recv connection 9 from local rank 0, transport 0
n232-194-226:234597:234698 [0] NCCL INFO proxyProgressAsync opId=0x7f5a4abbc8b0 op.type=1 op.reqBuff=0x7f5a64018850 op.respSize=16 done
n232-194-226:234601:234635 [4] NCCL INFO ncclPollProxyResponse Received new opId=0x7fad32bbc6f0
n232-194-226:234601:234694 [4] NCCL INFO Received and initiated operation=Init res=0
n232-194-226:234601:234635 [4] NCCL INFO recvOpId=0x7fad32bbc6f0 matches expected opId=0x7fad32bbc6f0
n232-194-226:234597:234630 [0] NCCL INFO ncclPollProxyResponse Received new opId=0x7f5a4abbc8b0
n232-194-226:234601:234635 [4] NCCL INFO Connection to proxy localRank 4 -> connection 0x7fad280035b0
n232-194-226:234597:234698 [0] NCCL INFO Received and initiated operation=Init res=0
n232-194-226:234597:234630 [0] NCCL INFO recvOpId=0x7f5a4abbc8b0 matches expected opId=0x7f5a4abbc8b0
n232-194-226:234597:234630 [0] NCCL INFO Connection to proxy localRank 0 -> connection 0x7f5a64003420
n232-194-226:234603:234637 [6] NCCL INFO Imported shareable buffer device 6 size 10485760 ptr 0x7fc5bc000000
n232-194-226:234598:234697 [1] NCCL INFO transport/p2p.cc:204 Cuda Alloc Size 10485760 pointer 0x7f9d84000000
n232-194-226:234598:234697 [1] NCCL INFO Allocated shareable buffer 0x7f9d84000000 size 10485760 ipcDesc 0x7f9d88016c40
n232-194-226:234598:234697 [1] NCCL INFO proxyProgressAsync opId=0x7f9d92bbc510 op.type=3 op.reqBuff=0x7f9d88016bd0 op.respSize=80 done
n232-194-226:234598:234697 [1] NCCL INFO Received and initiated operation=Setup res=0
n232-194-226:234599:234699 [2] NCCL INFO transport/p2p.cc:204 Cuda Alloc Size 10485760 pointer 0x7f98ee000000
n232-194-226:234600:234700 [3] NCCL INFO transport/p2p.cc:204 Cuda Alloc Size 10485760 pointer 0x7fb91aa00000
n232-194-226:234604:234632 [7] NCCL INFO Imported shareable buffer device 7 size 2097152 ptr 0x7fdca8000000
n232-194-226:234599:234699 [2] NCCL INFO Allocated shareable buffer 0x7f98ee000000 size 10485760 ipcDesc 0x7f98f8042850
n232-194-226:234600:234700 [3] NCCL INFO Allocated shareable buffer 0x7fb91aa00000 size 10485760 ipcDesc 0x7fb91c042400
n232-194-226:234600:234700 [3] NCCL INFO proxyProgressAsync opId=0x7fb926bbc6f0 op.type=3 op.reqBuff=0x7fb91c0424d0 op.respSize=80 done
n232-194-226:234599:234699 [2] NCCL INFO proxyProgressAsync opId=0x7f9902bbc510 op.type=3 op.reqBuff=0x7f98f80428e0 op.respSize=80 done
n232-194-226:234603:234637 [6] NCCL INFO Imported shareable buffer device 6 size 2097152 ptr 0x7fc5bca00000
n232-194-226:234599:234633 [2] NCCL INFO ncclPollProxyResponse Received new opId=0x7f9902bbc510
n232-194-226:234600:234700 [3] NCCL INFO Received and initiated operation=Setup res=0
n232-194-226:234600:234631 [3] NCCL INFO ncclPollProxyResponse Received new opId=0x7fb926bbc6f0
n232-194-226:234599:234699 [2] NCCL INFO Received and initiated operation=Setup res=0
n232-194-226:234599:234633 [2] NCCL INFO recvOpId=0x7f9902bbc510 matches expected opId=0x7f9902bbc510
n232-194-226:234600:234631 [3] NCCL INFO recvOpId=0x7fb926bbc6f0 matches expected opId=0x7fb926bbc6f0
n232-194-226:234599:234699 [2] NCCL INFO New proxy recv connection 17 from local rank 2, transport 0
n232-194-226:234599:234699 [2] NCCL INFO proxyProgressAsync opId=0x7f9902bbc510 op.type=1 op.reqBuff=0x7f98f80428e0 op.respSize=16 done
n232-194-226:234599:234633 [2] NCCL INFO ncclPollProxyResponse Received new opId=0x7f9902bbc510
n232-194-226:234599:234633 [2] NCCL INFO recvOpId=0x7f9902bbc510 matches expected opId=0x7f9902bbc510
n232-194-226:234599:234699 [2] NCCL INFO Received and initiated operation=Init res=0
n232-194-226:234601:234694 [4] NCCL INFO transport/p2p.cc:204 Cuda Alloc Size 10485760 pointer 0x7fad26a00000
n232-194-226:234599:234633 [2] NCCL INFO Connection to proxy localRank 2 -> connection 0x7f98f80036a0
n232-194-226:234600:234700 [3] NCCL INFO New proxy recv connection 18 from local rank 3, transport 0
n232-194-226:234600:234700 [3] NCCL INFO proxyProgressAsync opId=0x7fb926bbc6f0 op.type=1 op.reqBuff=0x7fb91c0424d0 op.respSize=16 done
n232-194-226:234600:234631 [3] NCCL INFO ncclPollProxyResponse Received new opId=0x7fb926bbc6f0
n232-194-226:234600:234700 [3] NCCL INFO Received and initiated operation=Init res=0
n232-194-226:234600:234631 [3] NCCL INFO recvOpId=0x7fb926bbc6f0 matches expected opId=0x7fb926bbc6f0
n232-194-226:234600:234631 [3] NCCL INFO Connection to proxy localRank 3 -> connection 0x7fb91c0036f0
n232-194-226:234597:234698 [0] NCCL INFO transport/p2p.cc:204 Cuda Alloc Size 10485760 pointer 0x7f5a42a00000
n232-194-226:234601:234694 [4] NCCL INFO Allocated shareable buffer 0x7fad26a00000 size 10485760 ipcDesc 0x7fad28041a50
n232-194-226:234601:234694 [4] NCCL INFO proxyProgressAsync opId=0x7fad32bbc6f0 op.type=3 op.reqBuff=0x7fad28041a20 op.respSize=80 done
n232-194-226:234601:234694 [4] NCCL INFO Received and initiated operation=Setup res=0
n232-194-226:234597:234698 [0] NCCL INFO Allocated shareable buffer 0x7f5a42a00000 size 10485760 ipcDesc 0x7f5a640187c0
n232-194-226:234597:234698 [0] NCCL INFO proxyProgressAsync opId=0x7f5a4abbc8b0 op.type=3 op.reqBuff=0x7f5a64018890 op.respSize=80 done
n232-194-226:234597:234698 [0] NCCL INFO Received and initiated operation=Setup res=0
n232-194-226:234597:234630 [0] NCCL INFO ncclPollProxyResponse Received new opId=0x7f5a4abbc8b0
n232-194-226:234597:234630 [0] NCCL INFO recvOpId=0x7f5a4abbc8b0 matches expected opId=0x7f5a4abbc8b0
n232-194-226:234597:234698 [0] NCCL INFO New proxy recv connection 10 from local rank 0, transport 0
n232-194-226:234597:234698 [0] NCCL INFO proxyProgressAsync opId=0x7f5a4abbc8b0 op.type=1 op.reqBuff=0x7f5a64018890 op.respSize=16 done
n232-194-226:234597:234630 [0] NCCL INFO ncclPollProxyResponse Received new opId=0x7f5a4abbc8b0
n232-194-226:234597:234698 [0] NCCL INFO Received and initiated operation=Init res=0
n232-194-226:234597:234630 [0] NCCL INFO recvOpId=0x7f5a4abbc8b0 matches expected opId=0x7f5a4abbc8b0
n232-194-226:234597:234630 [0] NCCL INFO Connection to proxy localRank 0 -> connection 0x7f5a64003470
n232-194-226:234598:234634 [1] NCCL INFO ncclPollProxyResponse Received new opId=0x7f9d92bbc510
n232-194-226:234598:234634 [1] NCCL INFO recvOpId=0x7f9d92bbc510 matches expected opId=0x7f9d92bbc510
n232-194-226:234598:234697 [1] NCCL INFO New proxy recv connection 6 from local rank 1, transport 0
n232-194-226:234598:234697 [1] NCCL INFO proxyProgressAsync opId=0x7f9d92bbc510 op.type=1 op.reqBuff=0x7f9d88016bd0 op.respSize=16 done
n232-194-226:234598:234634 [1] NCCL INFO ncclPollProxyResponse Received new opId=0x7f9d92bbc510
n232-194-226:234598:234634 [1] NCCL INFO recvOpId=0x7f9d92bbc510 matches expected opId=0x7f9d92bbc510
n232-194-226:234598:234634 [1] NCCL INFO Connection to proxy localRank 1 -> connection 0x7f9d88003330
n232-194-226:234598:234697 [1] NCCL INFO Received and initiated operation=Init res=0
n232-194-226:234601:234635 [4] NCCL INFO ncclPollProxyResponse Received new opId=0x7fad32bbc6f0
n232-194-226:234601:234635 [4] NCCL INFO recvOpId=0x7fad32bbc6f0 matches expected opId=0x7fad32bbc6f0
n232-194-226:234601:234694 [4] NCCL INFO New proxy recv connection 15 from local rank 4, transport 0
n232-194-226:234601:234694 [4] NCCL INFO proxyProgressAsync opId=0x7fad32bbc6f0 op.type=1 op.reqBuff=0x7fad28041a20 op.respSize=16 done
n232-194-226:234601:234635 [4] NCCL INFO ncclPollProxyResponse Received new opId=0x7fad32bbc6f0
n232-194-226:234601:234694 [4] NCCL INFO Received and initiated operation=Init res=0
n232-194-226:234601:234635 [4] NCCL INFO recvOpId=0x7fad32bbc6f0 matches expected opId=0x7fad32bbc6f0
n232-194-226:234601:234635 [4] NCCL INFO Connection to proxy localRank 4 -> connection 0x7fad28003600
n232-194-226:234604:234632 [7] NCCL INFO Imported shareable buffer device 7 size 2097152 ptr 0x7fdca8200000
n232-194-226:234603:234637 [6] NCCL INFO Imported shareable buffer device 6 size 10485760 ptr 0x7fc5bcc00000
n232-194-226:234599:234699 [2] NCCL INFO transport/p2p.cc:204 Cuda Alloc Size 10485760 pointer 0x7f98eea00000
n232-194-226:234600:234700 [3] NCCL INFO transport/p2p.cc:204 Cuda Alloc Size 10485760 pointer 0x7fb91b400000
n232-194-226:234604:234632 [7] NCCL INFO Imported shareable buffer device 7 size 2097152 ptr 0x7fdca8400000
n232-194-226:234599:234699 [2] NCCL INFO Allocated shareable buffer 0x7f98eea00000 size 10485760 ipcDesc 0x7f98f8042850
n232-194-226:234599:234699 [2] NCCL INFO proxyProgressAsync opId=0x7f9902bbc510 op.type=3 op.reqBuff=0x7f98f8042920 op.respSize=80 done
n232-194-226:234599:234633 [2] NCCL INFO ncclPollProxyResponse Received new opId=0x7f9902bbc510
n232-194-226:234599:234699 [2] NCCL INFO Received and initiated operation=Setup res=0
n232-194-226:234599:234633 [2] NCCL INFO recvOpId=0x7f9902bbc510 matches expected opId=0x7f9902bbc510
n232-194-226:234597:234698 [0] NCCL INFO transport/p2p.cc:204 Cuda Alloc Size 10485760 pointer 0x7f5a43400000
n232-194-226:234599:234699 [2] NCCL INFO New proxy recv connection 18 from local rank 2, transport 0
n232-194-226:234597:234698 [0] NCCL INFO Allocated shareable buffer 0x7f5a43400000 size 10485760 ipcDesc 0x7f5a640187c0
n232-194-226:234599:234699 [2] NCCL INFO proxyProgressAsync opId=0x7f9902bbc510 op.type=1 op.reqBuff=0x7f98f8042920 op.respSize=16 done
n232-194-226:234597:234698 [0] NCCL INFO proxyProgressAsync opId=0x7f5a4abbc8b0 op.type=3 op.reqBuff=0x7f5a6401a5a0 op.respSize=80 done
n232-194-226:234599:234633 [2] NCCL INFO ncclPollProxyResponse Received new opId=0x7f9902bbc510
n232-194-226:234597:234630 [0] NCCL INFO ncclPollProxyResponse Received new opId=0x7f5a4abbc8b0
n232-194-226:234597:234698 [0] NCCL INFO Received and initiated operation=Setup res=0
n232-194-226:234599:234699 [2] NCCL INFO Received and initiated operation=Init res=0
n232-194-226:234599:234633 [2] NCCL INFO recvOpId=0x7f9902bbc510 matches expected opId=0x7f9902bbc510
n232-194-226:234597:234630 [0] NCCL INFO recvOpId=0x7f5a4abbc8b0 matches expected opId=0x7f5a4abbc8b0
n232-194-226:234599:234633 [2] NCCL INFO Connection to proxy localRank 2 -> connection 0x7f98f80036f0
n232-194-226:234597:234698 [0] NCCL INFO New proxy recv connection 11 from local rank 0, transport 0
n232-194-226:234597:234698 [0] NCCL INFO proxyProgressAsync opId=0x7f5a4abbc8b0 op.type=1 op.reqBuff=0x7f5a6401a5a0 op.respSize=16 done
n232-194-226:234597:234630 [0] NCCL INFO ncclPollProxyResponse Received new opId=0x7f5a4abbc8b0
n232-194-226:234597:234630 [0] NCCL INFO recvOpId=0x7f5a4abbc8b0 matches expected opId=0x7f5a4abbc8b0
n232-194-226:234597:234630 [0] NCCL INFO Connection to proxy localRank 0 -> connection 0x7f5a640034c0
n232-194-226:234597:234698 [0] NCCL INFO Received and initiated operation=Init res=0
n232-194-226:234598:234697 [1] NCCL INFO transport/p2p.cc:204 Cuda Alloc Size 10485760 pointer 0x7f9d84a00000
n232-194-226:234598:234697 [1] NCCL INFO Allocated shareable buffer 0x7f9d84a00000 size 10485760 ipcDesc 0x7f9d88017e20
n232-194-226:234598:234697 [1] NCCL INFO proxyProgressAsync opId=0x7f9d92bbc510 op.type=3 op.reqBuff=0x7f9d88017db0 op.respSize=80 done
n232-194-226:234598:234634 [1] NCCL INFO ncclPollProxyResponse Received new opId=0x7f9d92bbc510
n232-194-226:234598:234634 [1] NCCL INFO recvOpId=0x7f9d92bbc510 matches expected opId=0x7f9d92bbc510
n232-194-226:234598:234697 [1] NCCL INFO Received and initiated operation=Setup res=0
n232-194-226:234597:234698 [0] NCCL INFO transport/p2p.cc:204 Cuda Alloc Size 10485760 pointer 0x7f5a40000000
n232-194-226:234597:234698 [0] NCCL INFO Allocated shareable buffer 0x7f5a40000000 size 10485760 ipcDesc 0x7f5a640187c0
n232-194-226:234597:234698 [0] NCCL INFO proxyProgressAsync opId=0x7f5a4abbc8b0 op.type=3 op.reqBuff=0x7f5a6401a5e0 op.respSize=80 done
n232-194-226:234597:234630 [0] NCCL INFO ncclPollProxyResponse Received new opId=0x7f5a4abbc8b0
n232-194-226:234597:234698 [0] NCCL INFO Received and initiated operation=Setup res=0
n232-194-226:234597:234630 [0] NCCL INFO recvOpId=0x7f5a4abbc8b0 matches expected opId=0x7f5a4abbc8b0
n232-194-226:234598:234697 [1] NCCL INFO New proxy recv connection 7 from local rank 1, transport 0
n232-194-226:234598:234697 [1] NCCL INFO proxyProgressAsync opId=0x7f9d92bbc510 op.type=1 op.reqBuff=0x7f9d88017db0 op.respSize=16 done
n232-194-226:234598:234634 [1] NCCL INFO ncclPollProxyResponse Received new opId=0x7f9d92bbc510
n232-194-226:234598:234634 [1] NCCL INFO recvOpId=0x7f9d92bbc510 matches expected opId=0x7f9d92bbc510
n232-194-226:234598:234697 [1] NCCL INFO Received and initiated operation=Init res=0
n232-194-226:234598:234634 [1] NCCL INFO Connection to proxy localRank 1 -> connection 0x7f9d88003380
n232-194-226:234597:234698 [0] NCCL INFO New proxy recv connection 12 from local rank 0, transport 0
n232-194-226:234597:234698 [0] NCCL INFO proxyProgressAsync opId=0x7f5a4abbc8b0 op.type=1 op.reqBuff=0x7f5a6401a5e0 op.respSize=16 done
n232-194-226:234597:234630 [0] NCCL INFO ncclPollProxyResponse Received new opId=0x7f5a4abbc8b0
n232-194-226:234597:234630 [0] NCCL INFO recvOpId=0x7f5a4abbc8b0 matches expected opId=0x7f5a4abbc8b0
n232-194-226:234597:234630 [0] NCCL INFO Connection to proxy localRank 0 -> connection 0x7f5a64003510
n232-194-226:234597:234698 [0] NCCL INFO Received and initiated operation=Init res=0
n232-194-226:234598:234697 [1] NCCL INFO transport/p2p.cc:204 Cuda Alloc Size 10485760 pointer 0x7f9d85400000
n232-194-226:234598:234697 [1] NCCL INFO Allocated shareable buffer 0x7f9d85400000 size 10485760 ipcDesc 0x7f9d88018bc0
n232-194-226:234598:234697 [1] NCCL INFO proxyProgressAsync opId=0x7f9d92bbc510 op.type=3 op.reqBuff=0x7f9d88018b90 op.respSize=80 done
n232-194-226:234598:234634 [1] NCCL INFO ncclPollProxyResponse Received new opId=0x7f9d92bbc510
n232-194-226:234598:234634 [1] NCCL INFO recvOpId=0x7f9d92bbc510 matches expected opId=0x7f9d92bbc510
n232-194-226:234598:234697 [1] NCCL INFO Received and initiated operation=Setup res=0
n232-194-226:234598:234697 [1] NCCL INFO New proxy recv connection 8 from local rank 1, transport 0
n232-194-226:234598:234697 [1] NCCL INFO proxyProgressAsync opId=0x7f9d92bbc510 op.type=1 op.reqBuff=0x7f9d88018b90 op.respSize=16 done
n232-194-226:234598:234634 [1] NCCL INFO ncclPollProxyResponse Received new opId=0x7f9d92bbc510
n232-194-226:234598:234634 [1] NCCL INFO recvOpId=0x7f9d92bbc510 matches expected opId=0x7f9d92bbc510
n232-194-226:234598:234697 [1] NCCL INFO Received and initiated operation=Init res=0
n232-194-226:234598:234634 [1] NCCL INFO Connection to proxy localRank 1 -> connection 0x7f9d880033d0
n232-194-226:234598:234697 [1] NCCL INFO transport/p2p.cc:204 Cuda Alloc Size 10485760 pointer 0x7f9d82000000
n232-194-226:234598:234697 [1] NCCL INFO Allocated shareable buffer 0x7f9d82000000 size 10485760 ipcDesc 0x7f9d88018bc0
n232-194-226:234598:234697 [1] NCCL INFO proxyProgressAsync opId=0x7f9d92bbc510 op.type=3 op.reqBuff=0x7f9d88018c50 op.respSize=80 done
n232-194-226:234598:234634 [1] NCCL INFO ncclPollProxyResponse Received new opId=0x7f9d92bbc510
n232-194-226:234598:234634 [1] NCCL INFO recvOpId=0x7f9d92bbc510 matches expected opId=0x7f9d92bbc510
n232-194-226:234598:234697 [1] NCCL INFO Received and initiated operation=Setup res=0
n232-194-226:234598:234697 [1] NCCL INFO New proxy recv connection 9 from local rank 1, transport 0
n232-194-226:234598:234697 [1] NCCL INFO proxyProgressAsync opId=0x7f9d92bbc510 op.type=1 op.reqBuff=0x7f9d88018c50 op.respSize=16 done
n232-194-226:234598:234634 [1] NCCL INFO ncclPollProxyResponse Received new opId=0x7f9d92bbc510
n232-194-226:234598:234634 [1] NCCL INFO recvOpId=0x7f9d92bbc510 matches expected opId=0x7f9d92bbc510
n232-194-226:234598:234697 [1] NCCL INFO Received and initiated operation=Init res=0
n232-194-226:234598:234634 [1] NCCL INFO Connection to proxy localRank 1 -> connection 0x7f9d88003420
n232-194-226:234598:234697 [1] NCCL INFO transport/p2p.cc:204 Cuda Alloc Size 10485760 pointer 0x7f9d82a00000
n232-194-226:234598:234697 [1] NCCL INFO Allocated shareable buffer 0x7f9d82a00000 size 10485760 ipcDesc 0x7f9d88018bc0
n232-194-226:234598:234697 [1] NCCL INFO proxyProgressAsync opId=0x7f9d92bbc510 op.type=3 op.reqBuff=0x7f9d88018c90 op.respSize=80 done
n232-194-226:234598:234634 [1] NCCL INFO ncclPollProxyResponse Received new opId=0x7f9d92bbc510
n232-194-226:234598:234634 [1] NCCL INFO recvOpId=0x7f9d92bbc510 matches expected opId=0x7f9d92bbc510
n232-194-226:234598:234697 [1] NCCL INFO Received and initiated operation=Setup res=0
n232-194-226:234598:234697 [1] NCCL INFO New proxy recv connection 10 from local rank 1, transport 0
n232-194-226:234598:234697 [1] NCCL INFO proxyProgressAsync opId=0x7f9d92bbc510 op.type=1 op.reqBuff=0x7f9d88018c90 op.respSize=16 done
n232-194-226:234598:234634 [1] NCCL INFO ncclPollProxyResponse Received new opId=0x7f9d92bbc510
n232-194-226:234598:234634 [1] NCCL INFO recvOpId=0x7f9d92bbc510 matches expected opId=0x7f9d92bbc510
n232-194-226:234598:234634 [1] NCCL INFO Connection to proxy localRank 1 -> connection 0x7f9d88003470
n232-194-226:234598:234697 [1] NCCL INFO Received and initiated operation=Init res=0
n232-194-226:234598:234697 [1] NCCL INFO transport/p2p.cc:204 Cuda Alloc Size 10485760 pointer 0x7f9d83400000
n232-194-226:234598:234697 [1] NCCL INFO Allocated shareable buffer 0x7f9d83400000 size 10485760 ipcDesc 0x7f9d88018bc0
n232-194-226:234598:234697 [1] NCCL INFO proxyProgressAsync opId=0x7f9d92bbc510 op.type=3 op.reqBuff=0x7f9d8801a9a0 op.respSize=80 done
n232-194-226:234598:234634 [1] NCCL INFO ncclPollProxyResponse Received new opId=0x7f9d92bbc510
n232-194-226:234598:234634 [1] NCCL INFO recvOpId=0x7f9d92bbc510 matches expected opId=0x7f9d92bbc510
n232-194-226:234598:234697 [1] NCCL INFO Received and initiated operation=Setup res=0
n232-194-226:234598:234697 [1] NCCL INFO New proxy recv connection 11 from local rank 1, transport 0
n232-194-226:234598:234697 [1] NCCL INFO proxyProgressAsync opId=0x7f9d92bbc510 op.type=1 op.reqBuff=0x7f9d8801a9a0 op.respSize=16 done
n232-194-226:234598:234634 [1] NCCL INFO ncclPollProxyResponse Received new opId=0x7f9d92bbc510
n232-194-226:234598:234697 [1] NCCL INFO Received and initiated operation=Init res=0
n232-194-226:234598:234634 [1] NCCL INFO recvOpId=0x7f9d92bbc510 matches expected opId=0x7f9d92bbc510
n232-194-226:234598:234634 [1] NCCL INFO Connection to proxy localRank 1 -> connection 0x7f9d880034c0
n232-194-226:234600:234700 [3] NCCL INFO Allocated shareable buffer 0x7fb91b400000 size 10485760 ipcDesc 0x7fb91c042400
n232-194-226:234601:234694 [4] NCCL INFO transport/p2p.cc:204 Cuda Alloc Size 10485760 pointer 0x7fad27400000
n232-194-226:234600:234700 [3] NCCL INFO proxyProgressAsync opId=0x7fb926bbc6f0 op.type=3 op.reqBuff=0x7fb91c044280 op.respSize=80 done
n232-194-226:234600:234631 [3] NCCL INFO ncclPollProxyResponse Received new opId=0x7fb926bbc6f0
n232-194-226:234600:234700 [3] NCCL INFO Received and initiated operation=Setup res=0
n232-194-226:234600:234631 [3] NCCL INFO recvOpId=0x7fb926bbc6f0 matches expected opId=0x7fb926bbc6f0
n232-194-226:234600:234700 [3] NCCL INFO New proxy recv connection 19 from local rank 3, transport 0
n232-194-226:234600:234700 [3] NCCL INFO proxyProgressAsync opId=0x7fb926bbc6f0 op.type=1 op.reqBuff=0x7fb91c044280 op.respSize=16 done
n232-194-226:234600:234631 [3] NCCL INFO ncclPollProxyResponse Received new opId=0x7fb926bbc6f0
n232-194-226:234600:234631 [3] NCCL INFO recvOpId=0x7fb926bbc6f0 matches expected opId=0x7fb926bbc6f0
n232-194-226:234600:234700 [3] NCCL INFO Received and initiated operation=Init res=0
n232-194-226:234600:234631 [3] NCCL INFO Connection to proxy localRank 3 -> connection 0x7fb91c003740
n232-194-226:234604:234632 [7] NCCL INFO Imported shareable buffer device 7 size 2097152 ptr 0x7fdca8600000
n232-194-226:234601:234694 [4] NCCL INFO Allocated shareable buffer 0x7fad27400000 size 10485760 ipcDesc 0x7fad28042840
n232-194-226:234601:234694 [4] NCCL INFO proxyProgressAsync opId=0x7fad32bbc6f0 op.type=3 op.reqBuff=0x7fad28042810 op.respSize=80 done
n232-194-226:234601:234635 [4] NCCL INFO ncclPollProxyResponse Received new opId=0x7fad32bbc6f0
n232-194-226:234601:234694 [4] NCCL INFO Received and initiated operation=Setup res=0
n232-194-226:234601:234635 [4] NCCL INFO recvOpId=0x7fad32bbc6f0 matches expected opId=0x7fad32bbc6f0
n232-194-226:234601:234694 [4] NCCL INFO New proxy recv connection 16 from local rank 4, transport 0
n232-194-226:234601:234694 [4] NCCL INFO proxyProgressAsync opId=0x7fad32bbc6f0 op.type=1 op.reqBuff=0x7fad28042810 op.respSize=16 done
n232-194-226:234601:234635 [4] NCCL INFO ncclPollProxyResponse Received new opId=0x7fad32bbc6f0
n232-194-226:234601:234694 [4] NCCL INFO Received and initiated operation=Init res=0
n232-194-226:234601:234635 [4] NCCL INFO recvOpId=0x7fad32bbc6f0 matches expected opId=0x7fad32bbc6f0
n232-194-226:234601:234635 [4] NCCL INFO Connection to proxy localRank 4 -> connection 0x7fad28003650
n232-194-226:234599:234699 [2] NCCL INFO transport/p2p.cc:204 Cuda Alloc Size 10485760 pointer 0x7f98ef400000
n232-194-226:234597:234698 [0] NCCL INFO transport/p2p.cc:204 Cuda Alloc Size 10485760 pointer 0x7f5a40a00000
n232-194-226:234599:234699 [2] NCCL INFO Allocated shareable buffer 0x7f98ef400000 size 10485760 ipcDesc 0x7f98f8042850
n232-194-226:234599:234699 [2] NCCL INFO proxyProgressAsync opId=0x7f9902bbc510 op.type=3 op.reqBuff=0x7f98f80446d0 op.respSize=80 done
n232-194-226:234599:234633 [2] NCCL INFO ncclPollProxyResponse Received new opId=0x7f9902bbc510
n232-194-226:234599:234699 [2] NCCL INFO Received and initiated operation=Setup res=0
n232-194-226:234599:234633 [2] NCCL INFO recvOpId=0x7f9902bbc510 matches expected opId=0x7f9902bbc510
n232-194-226:234599:234699 [2] NCCL INFO New proxy recv connection 19 from local rank 2, transport 0
n232-194-226:234598:234697 [1] NCCL INFO transport/p2p.cc:204 Cuda Alloc Size 10485760 pointer 0x7f9d80000000
n232-194-226:234597:234698 [0] NCCL INFO Allocated shareable buffer 0x7f5a40a00000 size 10485760 ipcDesc 0x7f5a640187c0
n232-194-226:234597:234698 [0] NCCL INFO proxyProgressAsync opId=0x7f5a4abbc8b0 op.type=3 op.reqBuff=0x7f5a6401bee0 op.respSize=80 done
n232-194-226:234599:234699 [2] NCCL INFO proxyProgressAsync opId=0x7f9902bbc510 op.type=1 op.reqBuff=0x7f98f80446d0 op.respSize=16 done
n232-194-226:234597:234630 [0] NCCL INFO ncclPollProxyResponse Received new opId=0x7f5a4abbc8b0
n232-194-226:234599:234633 [2] NCCL INFO ncclPollProxyResponse Received new opId=0x7f9902bbc510
n232-194-226:234597:234698 [0] NCCL INFO Received and initiated operation=Setup res=0
n232-194-226:234599:234699 [2] NCCL INFO Received and initiated operation=Init res=0
n232-194-226:234597:234630 [0] NCCL INFO recvOpId=0x7f5a4abbc8b0 matches expected opId=0x7f5a4abbc8b0
n232-194-226:234599:234633 [2] NCCL INFO recvOpId=0x7f9902bbc510 matches expected opId=0x7f9902bbc510
n232-194-226:234599:234633 [2] NCCL INFO Connection to proxy localRank 2 -> connection 0x7f98f8003740
n232-194-226:234597:234698 [0] NCCL INFO New proxy recv connection 13 from local rank 0, transport 0
n232-194-226:234597:234698 [0] NCCL INFO proxyProgressAsync opId=0x7f5a4abbc8b0 op.type=1 op.reqBuff=0x7f5a6401bee0 op.respSize=16 done
n232-194-226:234597:234630 [0] NCCL INFO ncclPollProxyResponse Received new opId=0x7f5a4abbc8b0
n232-194-226:234597:234630 [0] NCCL INFO recvOpId=0x7f5a4abbc8b0 matches expected opId=0x7f5a4abbc8b0
n232-194-226:234597:234698 [0] NCCL INFO Received and initiated operation=Init res=0
n232-194-226:234597:234630 [0] NCCL INFO Connection to proxy localRank 0 -> connection 0x7f5a64003560
n232-194-226:234598:234697 [1] NCCL INFO Allocated shareable buffer 0x7f9d80000000 size 10485760 ipcDesc 0x7f9d88018bc0
n232-194-226:234604:234632 [7] NCCL INFO Imported shareable buffer device 7 size 2097152 ptr 0x7fdca8800000
n232-194-226:234598:234697 [1] NCCL INFO proxyProgressAsync opId=0x7f9d92bbc510 op.type=3 op.reqBuff=0x7f9d8801a9e0 op.respSize=80 done
n232-194-226:234598:234634 [1] NCCL INFO ncclPollProxyResponse Received new opId=0x7f9d92bbc510
n232-194-226:234598:234697 [1] NCCL INFO Received and initiated operation=Setup res=0
n232-194-226:234598:234634 [1] NCCL INFO recvOpId=0x7f9d92bbc510 matches expected opId=0x7f9d92bbc510
n232-194-226:234598:234634 [1] NCCL INFO Channel 00/0 : 1[1] -> 0[0] via P2P/IPC
n232-194-226:234598:234697 [1] NCCL INFO New proxy send connection 12 from local rank 1, transport 0
n232-194-226:234598:234697 [1] NCCL INFO proxyProgressAsync opId=0x7f9d92bbc510 op.type=1 op.reqBuff=0x7f9d8801a9e0 op.respSize=16 done
n232-194-226:234601:234694 [4] NCCL INFO transport/p2p.cc:204 Cuda Alloc Size 10485760 pointer 0x7fad1e000000
n232-194-226:234598:234634 [1] NCCL INFO ncclPollProxyResponse Received new opId=0x7f9d92bbc510
n232-194-226:234598:234634 [1] NCCL INFO recvOpId=0x7f9d92bbc510 matches expected opId=0x7f9d92bbc510
n232-194-226:234598:234697 [1] NCCL INFO Received and initiated operation=Init res=0
n232-194-226:234598:234634 [1] NCCL INFO Connection to proxy localRank 1 -> connection 0x7f9d88003510
n232-194-226:234601:234694 [4] NCCL INFO Allocated shareable buffer 0x7fad1e000000 size 10485760 ipcDesc 0x7fad28042840
n232-194-226:234601:234694 [4] NCCL INFO proxyProgressAsync opId=0x7fad32bbc6f0 op.type=3 op.reqBuff=0x7fad280428d0 op.respSize=80 done
n232-194-226:234601:234635 [4] NCCL INFO ncclPollProxyResponse Received new opId=0x7fad32bbc6f0
n232-194-226:234601:234694 [4] NCCL INFO Received and initiated operation=Setup res=0
n232-194-226:234601:234635 [4] NCCL INFO recvOpId=0x7fad32bbc6f0 matches expected opId=0x7fad32bbc6f0
n232-194-226:234601:234694 [4] NCCL INFO New proxy recv connection 17 from local rank 4, transport 0
n232-194-226:234601:234694 [4] NCCL INFO proxyProgressAsync opId=0x7fad32bbc6f0 op.type=1 op.reqBuff=0x7fad280428d0 op.respSize=16 done
n232-194-226:234601:234635 [4] NCCL INFO ncclPollProxyResponse Received new opId=0x7fad32bbc6f0
n232-194-226:234601:234694 [4] NCCL INFO Received and initiated operation=Init res=0
n232-194-226:234601:234635 [4] NCCL INFO recvOpId=0x7fad32bbc6f0 matches expected opId=0x7fad32bbc6f0
n232-194-226:234601:234635 [4] NCCL INFO Connection to proxy localRank 4 -> connection 0x7fad280036a0
n232-194-226:234604:234632 [7] NCCL INFO Imported shareable buffer device 7 size 2097152 ptr 0x7fdca8a00000
n232-194-226:234599:234699 [2] NCCL INFO transport/p2p.cc:204 Cuda Alloc Size 10485760 pointer 0x7f98ec000000
n232-194-226:234597:234698 [0] NCCL INFO transport/p2p.cc:204 Cuda Alloc Size 10485760 pointer 0x7f5a41400000
n232-194-226:234599:234699 [2] NCCL INFO Allocated shareable buffer 0x7f98ec000000 size 10485760 ipcDesc 0x7f98f8042850
n232-194-226:234599:234699 [2] NCCL INFO proxyProgressAsync opId=0x7f9902bbc510 op.type=3 op.reqBuff=0x7f98f8044710 op.respSize=80 done
n232-194-226:234599:234633 [2] NCCL INFO ncclPollProxyResponse Received new opId=0x7f9902bbc510
n232-194-226:234599:234633 [2] NCCL INFO recvOpId=0x7f9902bbc510 matches expected opId=0x7f9902bbc510
n232-194-226:234599:234699 [2] NCCL INFO Received and initiated operation=Setup res=0
n232-194-226:234599:234633 [2] NCCL INFO Channel 01/0 : 2[2] -> 1[1] via P2P/IPC
n232-194-226:234597:234698 [0] NCCL INFO Allocated shareable buffer 0x7f5a41400000 size 10485760 ipcDesc 0x7f5a640187c0
n232-194-226:234597:234698 [0] NCCL INFO proxyProgressAsync opId=0x7f5a4abbc8b0 op.type=3 op.reqBuff=0x7f5a6401bf20 op.respSize=80 done
n232-194-226:234597:234630 [0] NCCL INFO ncclPollProxyResponse Received new opId=0x7f5a4abbc8b0
n232-194-226:234599:234699 [2] NCCL INFO New proxy send connection 20 from local rank 2, transport 0
n232-194-226:234599:234699 [2] NCCL INFO proxyProgressAsync opId=0x7f9902bbc510 op.type=1 op.reqBuff=0x7f98f8044710 op.respSize=16 done
n232-194-226:234597:234630 [0] NCCL INFO recvOpId=0x7f5a4abbc8b0 matches expected opId=0x7f5a4abbc8b0
n232-194-226:234599:234633 [2] NCCL INFO ncclPollProxyResponse Received new opId=0x7f9902bbc510
n232-194-226:234597:234698 [0] NCCL INFO Received and initiated operation=Setup res=0
n232-194-226:234599:234699 [2] NCCL INFO Received and initiated operation=Init res=0
n232-194-226:234599:234633 [2] NCCL INFO recvOpId=0x7f9902bbc510 matches expected opId=0x7f9902bbc510
n232-194-226:234599:234633 [2] NCCL INFO Connection to proxy localRank 2 -> connection 0x7f98f8003790
n232-194-226:234597:234698 [0] NCCL INFO New proxy recv connection 14 from local rank 0, transport 0
n232-194-226:234597:234698 [0] NCCL INFO proxyProgressAsync opId=0x7f5a4abbc8b0 op.type=1 op.reqBuff=0x7f5a6401bf20 op.respSize=16 done
n232-194-226:234597:234630 [0] NCCL INFO ncclPollProxyResponse Received new opId=0x7f5a4abbc8b0
n232-194-226:234598:234697 [1] NCCL INFO transport/p2p.cc:204 Cuda Alloc Size 2097152 pointer 0x7f9d80a00000
n232-194-226:234597:234630 [0] NCCL INFO recvOpId=0x7f5a4abbc8b0 matches expected opId=0x7f5a4abbc8b0
n232-194-226:234597:234630 [0] NCCL INFO Connection to proxy localRank 0 -> connection 0x7f5a640035b0
n232-194-226:234597:234698 [0] NCCL INFO Received and initiated operation=Init res=0
n232-194-226:234604:234632 [7] NCCL INFO Imported shareable buffer device 7 size 2097152 ptr 0x7fdca8c00000
n232-194-226:234601:234694 [4] NCCL INFO transport/p2p.cc:204 Cuda Alloc Size 10485760 pointer 0x7fad1ea00000
n232-194-226:234598:234697 [1] NCCL INFO Allocated shareable buffer 0x7f9d80a00000 size 2097152 ipcDesc 0x7f9d88018bc0
n232-194-226:234598:234697 [1] NCCL INFO proxyProgressAsync opId=0x7f9d92bbc510 op.type=3 op.reqBuff=0x7f9d8801c2e0 op.respSize=80 done
n232-194-226:234603:234637 [6] NCCL INFO Imported shareable buffer device 6 size 2097152 ptr 0x7fc5bd600000
n232-194-226:234598:234634 [1] NCCL INFO ncclPollProxyResponse Received new opId=0x7f9d92bbc510
n232-194-226:234598:234697 [1] NCCL INFO Received and initiated operation=Setup res=0
n232-194-226:234598:234634 [1] NCCL INFO recvOpId=0x7f9d92bbc510 matches expected opId=0x7f9d92bbc510
n232-194-226:234598:234634 [1] NCCL INFO Channel 01/0 : 1[1] -> 0[0] via P2P/IPC
n232-194-226:234598:234697 [1] NCCL INFO New proxy send connection 13 from local rank 1, transport 0
n232-194-226:234601:234694 [4] NCCL INFO Allocated shareable buffer 0x7fad1ea00000 size 10485760 ipcDesc 0x7fad28042840
n232-194-226:234598:234697 [1] NCCL INFO proxyProgressAsync opId=0x7f9d92bbc510 op.type=1 op.reqBuff=0x7f9d8801c2e0 op.respSize=16 done
n232-194-226:234601:234694 [4] NCCL INFO proxyProgressAsync opId=0x7fad32bbc6f0 op.type=3 op.reqBuff=0x7fad28042910 op.respSize=80 done
n232-194-226:234598:234634 [1] NCCL INFO ncclPollProxyResponse Received new opId=0x7f9d92bbc510
n232-194-226:234601:234635 [4] NCCL INFO ncclPollProxyResponse Received new opId=0x7fad32bbc6f0
n232-194-226:234598:234697 [1] NCCL INFO Received and initiated operation=Init res=0
n232-194-226:234598:234634 [1] NCCL INFO recvOpId=0x7f9d92bbc510 matches expected opId=0x7f9d92bbc510
n232-194-226:234598:234634 [1] NCCL INFO Connection to proxy localRank 1 -> connection 0x7f9d88003560
n232-194-226:234601:234635 [4] NCCL INFO recvOpId=0x7fad32bbc6f0 matches expected opId=0x7fad32bbc6f0
n232-194-226:234601:234694 [4] NCCL INFO Received and initiated operation=Setup res=0
n232-194-226:234601:234694 [4] NCCL INFO New proxy recv connection 18 from local rank 4, transport 0
n232-194-226:234601:234694 [4] NCCL INFO proxyProgressAsync opId=0x7fad32bbc6f0 op.type=1 op.reqBuff=0x7fad28042910 op.respSize=16 done
n232-194-226:234601:234635 [4] NCCL INFO ncclPollProxyResponse Received new opId=0x7fad32bbc6f0
n232-194-226:234601:234635 [4] NCCL INFO recvOpId=0x7fad32bbc6f0 matches expected opId=0x7fad32bbc6f0
n232-194-226:234601:234694 [4] NCCL INFO Received and initiated operation=Init res=0
n232-194-226:234601:234635 [4] NCCL INFO Connection to proxy localRank 4 -> connection 0x7fad280036f0
n232-194-226:234604:234632 [7] NCCL INFO Imported shareable buffer device 7 size 2097152 ptr 0x7fdca8e00000
n232-194-226:234599:234699 [2] NCCL INFO transport/p2p.cc:204 Cuda Alloc Size 2097152 pointer 0x7f98eca00000
n232-194-226:234600:234700 [3] NCCL INFO transport/p2p.cc:204 Cuda Alloc Size 10485760 pointer 0x7fb912000000
n232-194-226:234597:234698 [0] NCCL INFO transport/p2p.cc:204 Cuda Alloc Size 10485760 pointer 0x7f5a3e000000
n232-194-226:234603:234637 [6] NCCL INFO Imported shareable buffer device 6 size 10485760 ptr 0x7fc5ba000000
n232-194-226:234599:234699 [2] NCCL INFO Allocated shareable buffer 0x7f98eca00000 size 2097152 ipcDesc 0x7f98f8042850
n232-194-226:234599:234699 [2] NCCL INFO proxyProgressAsync opId=0x7f9902bbc510 op.type=3 op.reqBuff=0x7f98f8046010 op.respSize=80 done
n232-194-226:234599:234633 [2] NCCL INFO ncclPollProxyResponse Received new opId=0x7f9902bbc510
n232-194-226:234599:234633 [2] NCCL INFO recvOpId=0x7f9902bbc510 matches expected opId=0x7f9902bbc510
n232-194-226:234599:234699 [2] NCCL INFO Received and initiated operation=Setup res=0
n232-194-226:234599:234633 [2] NCCL INFO Channel 02/0 : 2[2] -> 1[1] via P2P/IPC
n232-194-226:234600:234700 [3] NCCL INFO Allocated shareable buffer 0x7fb912000000 size 10485760 ipcDesc 0x7fb91c042400
n232-194-226:234597:234698 [0] NCCL INFO Allocated shareable buffer 0x7f5a3e000000 size 10485760 ipcDesc 0x7f5a640187c0
n232-194-226:234600:234700 [3] NCCL INFO proxyProgressAsync opId=0x7fb926bbc6f0 op.type=3 op.reqBuff=0x7fb91c0442c0 op.respSize=80 done
n232-194-226:234597:234698 [0] NCCL INFO proxyProgressAsync opId=0x7f5a4abbc8b0 op.type=3 op.reqBuff=0x7f5a6401dbd0 op.respSize=80 done
n232-194-226:234599:234699 [2] NCCL INFO New proxy send connection 21 from local rank 2, transport 0
n232-194-226:234597:234630 [0] NCCL INFO ncclPollProxyResponse Received new opId=0x7f5a4abbc8b0
n232-194-226:234599:234699 [2] NCCL INFO proxyProgressAsync opId=0x7f9902bbc510 op.type=1 op.reqBuff=0x7f98f8046010 op.respSize=16 done
n232-194-226:234597:234630 [0] NCCL INFO recvOpId=0x7f5a4abbc8b0 matches expected opId=0x7f5a4abbc8b0
n232-194-226:234599:234633 [2] NCCL INFO ncclPollProxyResponse Received new opId=0x7f9902bbc510
n232-194-226:234597:234698 [0] NCCL INFO Received and initiated operation=Setup res=0
n232-194-226:234599:234633 [2] NCCL INFO recvOpId=0x7f9902bbc510 matches expected opId=0x7f9902bbc510
n232-194-226:234599:234699 [2] NCCL INFO Received and initiated operation=Init res=0
n232-194-226:234599:234633 [2] NCCL INFO Connection to proxy localRank 2 -> connection 0x7f98f80037e0
n232-194-226:234600:234631 [3] NCCL INFO ncclPollProxyResponse Received new opId=0x7fb926bbc6f0
n232-194-226:234600:234631 [3] NCCL INFO recvOpId=0x7fb926bbc6f0 matches expected opId=0x7fb926bbc6f0
n232-194-226:234600:234700 [3] NCCL INFO Received and initiated operation=Setup res=0
n232-194-226:234597:234698 [0] NCCL INFO New proxy recv connection 15 from local rank 0, transport 0
n232-194-226:234597:234698 [0] NCCL INFO proxyProgressAsync opId=0x7f5a4abbc8b0 op.type=1 op.reqBuff=0x7f5a6401dbd0 op.respSize=16 done
n232-194-226:234597:234630 [0] NCCL INFO ncclPollProxyResponse Received new opId=0x7f5a4abbc8b0
n232-194-226:234597:234630 [0] NCCL INFO recvOpId=0x7f5a4abbc8b0 matches expected opId=0x7f5a4abbc8b0
n232-194-226:234597:234630 [0] NCCL INFO Connection to proxy localRank 0 -> connection 0x7f5a64003600
n232-194-226:234597:234698 [0] NCCL INFO Received and initiated operation=Init res=0
n232-194-226:234600:234700 [3] NCCL INFO New proxy recv connection 20 from local rank 3, transport 0
n232-194-226:234600:234700 [3] NCCL INFO proxyProgressAsync opId=0x7fb926bbc6f0 op.type=1 op.reqBuff=0x7fb91c0442c0 op.respSize=16 done
n232-194-226:234600:234631 [3] NCCL INFO ncclPollProxyResponse Received new opId=0x7fb926bbc6f0
n232-194-226:234600:234631 [3] NCCL INFO recvOpId=0x7fb926bbc6f0 matches expected opId=0x7fb926bbc6f0
n232-194-226:234600:234700 [3] NCCL INFO Received and initiated operation=Init res=0
n232-194-226:234600:234631 [3] NCCL INFO Connection to proxy localRank 3 -> connection 0x7fb91c003790
n232-194-226:234598:234697 [1] NCCL INFO transport/p2p.cc:204 Cuda Alloc Size 2097152 pointer 0x7f9d80c00000
n232-194-226:234601:234694 [4] NCCL INFO transport/p2p.cc:204 Cuda Alloc Size 10485760 pointer 0x7fad1f400000
n232-194-226:234598:234697 [1] NCCL INFO Allocated shareable buffer 0x7f9d80c00000 size 2097152 ipcDesc 0x7f9d88018bc0
n232-194-226:234598:234697 [1] NCCL INFO proxyProgressAsync opId=0x7f9d92bbc510 op.type=3 op.reqBuff=0x7f9d8801c320 op.respSize=80 done
n232-194-226:234598:234634 [1] NCCL INFO ncclPollProxyResponse Received new opId=0x7f9d92bbc510
n232-194-226:234598:234697 [1] NCCL INFO Received and initiated operation=Setup res=0
n232-194-226:234598:234634 [1] NCCL INFO recvOpId=0x7f9d92bbc510 matches expected opId=0x7f9d92bbc510
n232-194-226:234598:234634 [1] NCCL INFO Channel 02/0 : 1[1] -> 0[0] via P2P/IPC
n232-194-226:234598:234697 [1] NCCL INFO New proxy send connection 14 from local rank 1, transport 0
n232-194-226:234598:234697 [1] NCCL INFO proxyProgressAsync opId=0x7f9d92bbc510 op.type=1 op.reqBuff=0x7f9d8801c320 op.respSize=16 done
n232-194-226:234598:234634 [1] NCCL INFO ncclPollProxyResponse Received new opId=0x7f9d92bbc510
n232-194-226:234598:234634 [1] NCCL INFO recvOpId=0x7f9d92bbc510 matches expected opId=0x7f9d92bbc510
n232-194-226:234598:234697 [1] NCCL INFO Received and initiated operation=Init res=0
n232-194-226:234598:234634 [1] NCCL INFO Connection to proxy localRank 1 -> connection 0x7f9d880035b0
n232-194-226:234603:234637 [6] NCCL INFO Imported shareable buffer device 6 size 2097152 ptr 0x7fc5baa00000
n232-194-226:234601:234694 [4] NCCL INFO Allocated shareable buffer 0x7fad1f400000 size 10485760 ipcDesc 0x7fad28042840
n232-194-226:234601:234694 [4] NCCL INFO proxyProgressAsync opId=0x7fad32bbc6f0 op.type=3 op.reqBuff=0x7fad280446c0 op.respSize=80 done
n232-194-226:234601:234635 [4] NCCL INFO ncclPollProxyResponse Received new opId=0x7fad32bbc6f0
n232-194-226:234601:234694 [4] NCCL INFO Received and initiated operation=Setup res=0
n232-194-226:234601:234635 [4] NCCL INFO recvOpId=0x7fad32bbc6f0 matches expected opId=0x7fad32bbc6f0
n232-194-226:234601:234694 [4] NCCL INFO New proxy recv connection 19 from local rank 4, transport 0
n232-194-226:234601:234694 [4] NCCL INFO proxyProgressAsync opId=0x7fad32bbc6f0 op.type=1 op.reqBuff=0x7fad280446c0 op.respSize=16 done
n232-194-226:234601:234635 [4] NCCL INFO ncclPollProxyResponse Received new opId=0x7fad32bbc6f0
n232-194-226:234601:234635 [4] NCCL INFO recvOpId=0x7fad32bbc6f0 matches expected opId=0x7fad32bbc6f0
n232-194-226:234601:234694 [4] NCCL INFO Received and initiated operation=Init res=0
n232-194-226:234601:234635 [4] NCCL INFO Connection to proxy localRank 4 -> connection 0x7fad28003740
n232-194-226:234604:234632 [7] NCCL INFO Imported shareable buffer device 7 size 10485760 ptr 0x7fdca9000000
n232-194-226:234597:234698 [0] NCCL INFO transport/p2p.cc:204 Cuda Alloc Size 10485760 pointer 0x7f5a3ea00000
n232-194-226:234599:234699 [2] NCCL INFO transport/p2p.cc:204 Cuda Alloc Size 2097152 pointer 0x7f98ecc00000
n232-194-226:234597:234698 [0] NCCL INFO Allocated shareable buffer 0x7f5a3ea00000 size 10485760 ipcDesc 0x7f5a640187c0
n232-194-226:234597:234698 [0] NCCL INFO proxyProgressAsync opId=0x7f5a4abbc8b0 op.type=3 op.reqBuff=0x7f5a6401dc10 op.respSize=80 done
n232-194-226:234597:234630 [0] NCCL INFO ncclPollProxyResponse Received new opId=0x7f5a4abbc8b0
n232-194-226:234597:234698 [0] NCCL INFO Received and initiated operation=Setup res=0
n232-194-226:234597:234630 [0] NCCL INFO recvOpId=0x7f5a4abbc8b0 matches expected opId=0x7f5a4abbc8b0
n232-194-226:234600:234700 [3] NCCL INFO transport/p2p.cc:204 Cuda Alloc Size 10485760 pointer 0x7fb912a00000
n232-194-226:234603:234637 [6] NCCL INFO Imported shareable buffer device 6 size 10485760 ptr 0x7fc5bac00000
n232-194-226:234599:234699 [2] NCCL INFO Allocated shareable buffer 0x7f98ecc00000 size 2097152 ipcDesc 0x7f98f8042850
n232-194-226:234599:234699 [2] NCCL INFO proxyProgressAsync opId=0x7f9902bbc510 op.type=3 op.reqBuff=0x7f98f8046050 op.respSize=80 done
n232-194-226:234604:234632 [7] NCCL INFO Imported shareable buffer device 7 size 10485760 ptr 0x7fdca6000000
n232-194-226:234599:234633 [2] NCCL INFO ncclPollProxyResponse Received new opId=0x7f9902bbc510
n232-194-226:234599:234699 [2] NCCL INFO Received and initiated operation=Setup res=0
n232-194-226:234599:234633 [2] NCCL INFO recvOpId=0x7f9902bbc510 matches expected opId=0x7f9902bbc510
n232-194-226:234599:234633 [2] NCCL INFO Channel 04/0 : 2[2] -> 1[1] via P2P/IPC
n232-194-226:234600:234700 [3] NCCL INFO Allocated shareable buffer 0x7fb912a00000 size 10485760 ipcDesc 0x7fb91c042400
n232-194-226:234600:234700 [3] NCCL INFO proxyProgressAsync opId=0x7fb926bbc6f0 op.type=3 op.reqBuff=0x7fb91c045bd0 op.respSize=80 done
n232-194-226:234600:234631 [3] NCCL INFO ncclPollProxyResponse Received new opId=0x7fb926bbc6f0
n232-194-226:234599:234699 [2] NCCL INFO New proxy send connection 22 from local rank 2, transport 0
n232-194-226:234599:234699 [2] NCCL INFO proxyProgressAsync opId=0x7f9902bbc510 op.type=1 op.reqBuff=0x7f98f8046050 op.respSize=16 done
n232-194-226:234600:234631 [3] NCCL INFO recvOpId=0x7fb926bbc6f0 matches expected opId=0x7fb926bbc6f0
n232-194-226:234600:234700 [3] NCCL INFO Received and initiated operation=Setup res=0
n232-194-226:234599:234633 [2] NCCL INFO ncclPollProxyResponse Received new opId=0x7f9902bbc510
n232-194-226:234599:234633 [2] NCCL INFO recvOpId=0x7f9902bbc510 matches expected opId=0x7f9902bbc510
n232-194-226:234599:234699 [2] NCCL INFO Received and initiated operation=Init res=0
n232-194-226:234598:234697 [1] NCCL INFO transport/p2p.cc:204 Cuda Alloc Size 2097152 pointer 0x7f9d80e00000
n232-194-226:234599:234633 [2] NCCL INFO Connection to proxy localRank 2 -> connection 0x7f98f8003830
n232-194-226:234600:234700 [3] NCCL INFO New proxy recv connection 21 from local rank 3, transport 0
n232-194-226:234600:234700 [3] NCCL INFO proxyProgressAsync opId=0x7fb926bbc6f0 op.type=1 op.reqBuff=0x7fb91c045bd0 op.respSize=16 done
n232-194-226:234600:234631 [3] NCCL INFO ncclPollProxyResponse Received new opId=0x7fb926bbc6f0
n232-194-226:234600:234631 [3] NCCL INFO recvOpId=0x7fb926bbc6f0 matches expected opId=0x7fb926bbc6f0
n232-194-226:234600:234700 [3] NCCL INFO Received and initiated operation=Init res=0
n232-194-226:234600:234631 [3] NCCL INFO Connection to proxy localRank 3 -> connection 0x7fb91c0037e0
n232-194-226:234598:234697 [1] NCCL INFO Allocated shareable buffer 0x7f9d80e00000 size 2097152 ipcDesc 0x7f9d88018bc0
n232-194-226:234598:234697 [1] NCCL INFO proxyProgressAsync opId=0x7f9d92bbc510 op.type=3 op.reqBuff=0x7f9d8801dfd0 op.respSize=80 done
n232-194-226:234601:234694 [4] NCCL INFO transport/p2p.cc:204 Cuda Alloc Size 10485760 pointer 0x7fad1c000000
n232-194-226:234598:234634 [1] NCCL INFO ncclPollProxyResponse Received new opId=0x7f9d92bbc510
n232-194-226:234598:234634 [1] NCCL INFO recvOpId=0x7f9d92bbc510 matches expected opId=0x7f9d92bbc510
n232-194-226:234598:234697 [1] NCCL INFO Received and initiated operation=Setup res=0
n232-194-226:234598:234634 [1] NCCL INFO Channel 03/0 : 1[1] -> 0[0] via P2P/IPC
n232-194-226:234598:234697 [1] NCCL INFO New proxy send connection 15 from local rank 1, transport 0
n232-194-226:234598:234697 [1] NCCL INFO proxyProgressAsync opId=0x7f9d92bbc510 op.type=1 op.reqBuff=0x7f9d8801dfd0 op.respSize=16 done
n232-194-226:234598:234634 [1] NCCL INFO ncclPollProxyResponse Received new opId=0x7f9d92bbc510
n232-194-226:234598:234697 [1] NCCL INFO Received and initiated operation=Init res=0
n232-194-226:234598:234634 [1] NCCL INFO recvOpId=0x7f9d92bbc510 matches expected opId=0x7f9d92bbc510
n232-194-226:234598:234634 [1] NCCL INFO Connection to proxy localRank 1 -> connection 0x7f9d88003600
n232-194-226:234601:234694 [4] NCCL INFO Allocated shareable buffer 0x7fad1c000000 size 10485760 ipcDesc 0x7fad28042840
n232-194-226:234601:234694 [4] NCCL INFO proxyProgressAsync opId=0x7fad32bbc6f0 op.type=3 op.reqBuff=0x7fad28044700 op.respSize=80 done
n232-194-226:234601:234635 [4] NCCL INFO ncclPollProxyResponse Received new opId=0x7fad32bbc6f0
n232-194-226:234601:234694 [4] NCCL INFO Received and initiated operation=Setup res=0
n232-194-226:234601:234635 [4] NCCL INFO recvOpId=0x7fad32bbc6f0 matches expected opId=0x7fad32bbc6f0
n232-194-226:234601:234635 [4] NCCL INFO Channel 00/0 : 4[4] -> 3[3] via P2P/IPC
n232-194-226:234601:234694 [4] NCCL INFO New proxy send connection 20 from local rank 4, transport 0
n232-194-226:234601:234694 [4] NCCL INFO proxyProgressAsync opId=0x7fad32bbc6f0 op.type=1 op.reqBuff=0x7fad28044700 op.respSize=16 done
n232-194-226:234601:234635 [4] NCCL INFO ncclPollProxyResponse Received new opId=0x7fad32bbc6f0
n232-194-226:234601:234635 [4] NCCL INFO recvOpId=0x7fad32bbc6f0 matches expected opId=0x7fad32bbc6f0
n232-194-226:234601:234635 [4] NCCL INFO Connection to proxy localRank 4 -> connection 0x7fad28003790
n232-194-226:234601:234694 [4] NCCL INFO Received and initiated operation=Init res=0
n232-194-226:234603:234637 [6] NCCL INFO Imported shareable buffer device 6 size 2097152 ptr 0x7fc5bb600000
n232-194-226:234604:234632 [7] NCCL INFO Imported shareable buffer device 7 size 10485760 ptr 0x7fdca6a00000
n232-194-226:234599:234699 [2] NCCL INFO transport/p2p.cc:204 Cuda Alloc Size 2097152 pointer 0x7f98ece00000
n232-194-226:234600:234700 [3] NCCL INFO transport/p2p.cc:204 Cuda Alloc Size 10485760 pointer 0x7fb913400000
n232-194-226:234599:234699 [2] NCCL INFO Allocated shareable buffer 0x7f98ece00000 size 2097152 ipcDesc 0x7f98f8042850
n232-194-226:234599:234699 [2] NCCL INFO proxyProgressAsync opId=0x7f9902bbc510 op.type=3 op.reqBuff=0x7f98f8047d00 op.respSize=80 done
n232-194-226:234599:234633 [2] NCCL INFO ncclPollProxyResponse Received new opId=0x7f9902bbc510
n232-194-226:234599:234699 [2] NCCL INFO Received and initiated operation=Setup res=0
n232-194-226:234599:234633 [2] NCCL INFO recvOpId=0x7f9902bbc510 matches expected opId=0x7f9902bbc510
n232-194-226:234599:234633 [2] NCCL INFO Channel 05/0 : 2[2] -> 1[1] via P2P/IPC
n232-194-226:234598:234697 [1] NCCL INFO transport/p2p.cc:204 Cuda Alloc Size 2097152 pointer 0x7f9d81000000
n232-194-226:234599:234699 [2] NCCL INFO New proxy send connection 23 from local rank 2, transport 0
n232-194-226:234599:234699 [2] NCCL INFO proxyProgressAsync opId=0x7f9902bbc510 op.type=1 op.reqBuff=0x7f98f8047d00 op.respSize=16 done
n232-194-226:234599:234633 [2] NCCL INFO ncclPollProxyResponse Received new opId=0x7f9902bbc510
n232-194-226:234599:234633 [2] NCCL INFO recvOpId=0x7f9902bbc510 matches expected opId=0x7f9902bbc510
n232-194-226:234599:234699 [2] NCCL INFO Received and initiated operation=Init res=0
