n232-194-226:234005:234055 [0] NCCL INFO Allocated shareable buffer 0x7fbdbf600000 size 2097152 ipcDesc 0x7fbdf000ea10
n232-194-226:234005:234055 [0] NCCL INFO proxyProgressAsync opId=0x7fbdd6bbc3a0 op.type=3 op.reqBuff=0x7fbdf0021cc0 op.respSize=80 done
n232-194-226:234006:234024 [1] NCCL INFO ncclPollProxyResponse Received new opId=0x7f6216bbc360
n232-194-226:234006:234057 [1] NCCL INFO Received and initiated operation=Setup res=0
n232-194-226:234005:234022 [0] NCCL INFO ncclPollProxyResponse Received new opId=0x7fbdd6bbc3a0
n232-194-226:234006:234024 [1] NCCL INFO recvOpId=0x7f6216bbc360 matches expected opId=0x7f6216bbc360
n232-194-226:234006:234024 [1] NCCL INFO Channel 11/0 : 1[1] -> 5[1] [send] via NET/IB/0/GDRDMA
n232-194-226:234005:234022 [0] NCCL INFO recvOpId=0x7fbdd6bbc3a0 matches expected opId=0x7fbdd6bbc3a0
n232-194-226:234005:234055 [0] NCCL INFO Received and initiated operation=Setup res=0
n232-194-226:234005:234022 [0] NCCL INFO Channel 05/0 : 0[0] -> 3[3] via P2P/IPC
n232-194-226:234005:234055 [0] NCCL INFO New proxy send connection 33 from local rank 0, transport 0
n232-194-226:234005:234055 [0] NCCL INFO proxyProgressAsync opId=0x7fbdd6bbc3a0 op.type=1 op.reqBuff=0x7fbdf0021cc0 op.respSize=16 done
n232-194-226:234005:234022 [0] NCCL INFO ncclPollProxyResponse Received new opId=0x7fbdd6bbc3a0
n232-194-226:234005:234055 [0] NCCL INFO Received and initiated operation=Init res=0
n232-194-226:234005:234022 [0] NCCL INFO recvOpId=0x7fbdd6bbc3a0 matches expected opId=0x7fbdd6bbc3a0
n232-194-226:234005:234022 [0] NCCL INFO Connection to proxy localRank 0 -> connection 0x7fbdf0003ba0
n232-194-226:234007:234056 [2] NCCL INFO New proxy recv connection 48 from local rank 2, transport 0
n232-194-226:234007:234056 [2] NCCL INFO proxyProgressAsync opId=0x7f0af6bbc540 op.type=1 op.reqBuff=0x7f0aec0b4990 op.respSize=16 done
n232-194-226:234007:234025 [2] NCCL INFO ncclPollProxyResponse Received new opId=0x7f0af6bbc540
n232-194-226:234007:234056 [2] NCCL INFO Received and initiated operation=Init res=0
n232-194-226:234007:234025 [2] NCCL INFO recvOpId=0x7f0af6bbc540 matches expected opId=0x7f0af6bbc540
n232-194-226:234007:234025 [2] NCCL INFO Connection to proxy localRank 2 -> connection 0x7f0aec004050
n232-194-226:234006:234057 [1] NCCL INFO New proxy recv connection 46 from local rank 1, transport 0
n232-194-226:234006:234057 [1] NCCL INFO proxyProgressAsync opId=0x7f6216bbc360 op.type=1 op.reqBuff=0x7f620c0c2d90 op.respSize=16 done
n232-194-226:234006:234024 [1] NCCL INFO ncclPollProxyResponse Received new opId=0x7f6216bbc360
n232-194-226:234006:234057 [1] NCCL INFO Received and initiated operation=Init res=0
n232-194-226:234006:234024 [1] NCCL INFO recvOpId=0x7f6216bbc360 matches expected opId=0x7f6216bbc360
n232-194-226:234006:234024 [1] NCCL INFO Connection to proxy localRank 1 -> connection 0x7f620c003fb0
n232-194-226:234005:234055 [0] NCCL INFO transport/p2p.cc:204 Cuda Alloc Size 2097152 pointer 0x7fbdbf800000
n232-194-226:234005:234055 [0] NCCL INFO Allocated shareable buffer 0x7fbdbf800000 size 2097152 ipcDesc 0x7fbdf000ea10
n232-194-226:234005:234055 [0] NCCL INFO proxyProgressAsync opId=0x7fbdd6bbc3a0 op.type=3 op.reqBuff=0x7fbdf0021d00 op.respSize=80 done
n232-194-226:234005:234022 [0] NCCL INFO ncclPollProxyResponse Received new opId=0x7fbdd6bbc3a0
n232-194-226:234005:234022 [0] NCCL INFO recvOpId=0x7fbdd6bbc3a0 matches expected opId=0x7fbdd6bbc3a0
n232-194-226:234005:234055 [0] NCCL INFO Received and initiated operation=Setup res=0
n232-194-226:234005:234022 [0] NCCL INFO Channel 07/0 : 0[0] -> 3[3] via P2P/IPC
n232-194-226:234005:234055 [0] NCCL INFO New proxy send connection 34 from local rank 0, transport 0
n232-194-226:234005:234055 [0] NCCL INFO proxyProgressAsync opId=0x7fbdd6bbc3a0 op.type=1 op.reqBuff=0x7fbdf0021d00 op.respSize=16 done
n232-194-226:234005:234022 [0] NCCL INFO ncclPollProxyResponse Received new opId=0x7fbdd6bbc3a0
n232-194-226:234005:234055 [0] NCCL INFO Received and initiated operation=Init res=0
n232-194-226:234005:234022 [0] NCCL INFO recvOpId=0x7fbdd6bbc3a0 matches expected opId=0x7fbdd6bbc3a0
n232-194-226:234005:234022 [0] NCCL INFO Connection to proxy localRank 0 -> connection 0x7fbdf0003bf0
n232-194-226:234007:234056 [2] NCCL INFO transport/p2p.cc:204 Cuda Alloc Size 10485760 pointer 0x7f0ace000000
n232-194-226:234007:234056 [2] NCCL INFO Allocated shareable buffer 0x7f0ace000000 size 10485760 ipcDesc 0x7f0aec125a40
n232-194-226:234007:234056 [2] NCCL INFO proxyProgressAsync opId=0x7f0af6bbc540 op.type=3 op.reqBuff=0x7f0aec0b4990 op.respSize=80 done
n232-194-226:234007:234025 [2] NCCL INFO ncclPollProxyResponse Received new opId=0x7f0af6bbc540
n232-194-226:234007:234025 [2] NCCL INFO recvOpId=0x7f0af6bbc540 matches expected opId=0x7f0af6bbc540
n232-194-226:234007:234056 [2] NCCL INFO Received and initiated operation=Setup res=0
n232-194-226:234007:234056 [2] NCCL INFO New proxy recv connection 49 from local rank 2, transport 0
n232-194-226:234007:234056 [2] NCCL INFO proxyProgressAsync opId=0x7f0af6bbc540 op.type=1 op.reqBuff=0x7f0aec0b4990 op.respSize=16 done
n232-194-226:234007:234025 [2] NCCL INFO ncclPollProxyResponse Received new opId=0x7f0af6bbc540
n232-194-226:234007:234025 [2] NCCL INFO recvOpId=0x7f0af6bbc540 matches expected opId=0x7f0af6bbc540
n232-194-226:234006:234057 [1] NCCL INFO transport/p2p.cc:204 Cuda Alloc Size 10485760 pointer 0x7f61ee000000
n232-194-226:234007:234056 [2] NCCL INFO Received and initiated operation=Init res=0
n232-194-226:234007:234025 [2] NCCL INFO Connection to proxy localRank 2 -> connection 0x7f0aec0040a0
n232-194-226:234006:234057 [1] NCCL INFO Allocated shareable buffer 0x7f61ee000000 size 10485760 ipcDesc 0x7f620c043190
n232-194-226:234006:234057 [1] NCCL INFO proxyProgressAsync opId=0x7f6216bbc360 op.type=3 op.reqBuff=0x7f620c0c2d90 op.respSize=80 done
n232-194-226:234006:234024 [1] NCCL INFO ncclPollProxyResponse Received new opId=0x7f6216bbc360
n232-194-226:234006:234024 [1] NCCL INFO recvOpId=0x7f6216bbc360 matches expected opId=0x7f6216bbc360
n232-194-226:234006:234057 [1] NCCL INFO Received and initiated operation=Setup res=0
n232-194-226:234006:234057 [1] NCCL INFO New proxy recv connection 47 from local rank 1, transport 0
n232-194-226:234006:234057 [1] NCCL INFO proxyProgressAsync opId=0x7f6216bbc360 op.type=1 op.reqBuff=0x7f620c0c2d90 op.respSize=16 done
n232-194-226:234005:234055 [0] NCCL INFO transport/p2p.cc:204 Cuda Alloc Size 2097152 pointer 0x7fbdbfa00000
n232-194-226:234006:234024 [1] NCCL INFO ncclPollProxyResponse Received new opId=0x7f6216bbc360
n232-194-226:234006:234024 [1] NCCL INFO recvOpId=0x7f6216bbc360 matches expected opId=0x7f6216bbc360
n232-194-226:234005:234055 [0] NCCL INFO Allocated shareable buffer 0x7fbdbfa00000 size 2097152 ipcDesc 0x7fbdf000ea10
n232-194-226:234006:234057 [1] NCCL INFO Received and initiated operation=Init res=0
n232-194-226:234005:234055 [0] NCCL INFO proxyProgressAsync opId=0x7fbdd6bbc3a0 op.type=3 op.reqBuff=0x7fbdf0023500 op.respSize=80 done
n232-194-226:234006:234024 [1] NCCL INFO Connection to proxy localRank 1 -> connection 0x7f620c004000
n232-194-226:234005:234022 [0] NCCL INFO ncclPollProxyResponse Received new opId=0x7fbdd6bbc3a0
n232-194-226:234005:234022 [0] NCCL INFO recvOpId=0x7fbdd6bbc3a0 matches expected opId=0x7fbdd6bbc3a0
n232-194-226:234005:234055 [0] NCCL INFO Received and initiated operation=Setup res=0
n232-194-226:234005:234022 [0] NCCL INFO Channel 08/0 : 0[0] -> 3[3] via P2P/IPC
n232-194-226:234005:234055 [0] NCCL INFO New proxy send connection 35 from local rank 0, transport 0
n232-194-226:234005:234055 [0] NCCL INFO proxyProgressAsync opId=0x7fbdd6bbc3a0 op.type=1 op.reqBuff=0x7fbdf0023500 op.respSize=16 done
n232-194-226:234005:234022 [0] NCCL INFO ncclPollProxyResponse Received new opId=0x7fbdd6bbc3a0
n232-194-226:234005:234055 [0] NCCL INFO Received and initiated operation=Init res=0
n232-194-226:234005:234022 [0] NCCL INFO recvOpId=0x7fbdd6bbc3a0 matches expected opId=0x7fbdd6bbc3a0
n232-194-226:234005:234022 [0] NCCL INFO Connection to proxy localRank 0 -> connection 0x7fbdf0003c40
n232-194-226:234007:234056 [2] NCCL INFO transport/p2p.cc:204 Cuda Alloc Size 10485760 pointer 0x7f0acea00000
n232-194-226:234007:234056 [2] NCCL INFO Allocated shareable buffer 0x7f0acea00000 size 10485760 ipcDesc 0x7f0aec125a40
n232-194-226:234007:234056 [2] NCCL INFO proxyProgressAsync opId=0x7f0af6bbc540 op.type=3 op.reqBuff=0x7f0aec0b6340 op.respSize=80 done
n232-194-226:234007:234025 [2] NCCL INFO ncclPollProxyResponse Received new opId=0x7f0af6bbc540
n232-194-226:234007:234056 [2] NCCL INFO Received and initiated operation=Setup res=0
n232-194-226:234007:234025 [2] NCCL INFO recvOpId=0x7f0af6bbc540 matches expected opId=0x7f0af6bbc540
n232-194-226:234007:234056 [2] NCCL INFO New proxy recv connection 50 from local rank 2, transport 0
n232-194-226:234007:234056 [2] NCCL INFO proxyProgressAsync opId=0x7f0af6bbc540 op.type=1 op.reqBuff=0x7f0aec0b6340 op.respSize=16 done
n232-194-226:234007:234025 [2] NCCL INFO ncclPollProxyResponse Received new opId=0x7f0af6bbc540
n232-194-226:234007:234056 [2] NCCL INFO Received and initiated operation=Init res=0
n232-194-226:234007:234025 [2] NCCL INFO recvOpId=0x7f0af6bbc540 matches expected opId=0x7f0af6bbc540
n232-194-226:234007:234025 [2] NCCL INFO Connection to proxy localRank 2 -> connection 0x7f0aec0040f0
n232-194-226:234006:234057 [1] NCCL INFO transport/p2p.cc:204 Cuda Alloc Size 10485760 pointer 0x7f61eea00000
n232-194-226:234006:234057 [1] NCCL INFO Allocated shareable buffer 0x7f61eea00000 size 10485760 ipcDesc 0x7f620c043190
n232-194-226:234006:234057 [1] NCCL INFO proxyProgressAsync opId=0x7f6216bbc360 op.type=3 op.reqBuff=0x7f620c1160d0 op.respSize=80 done
n232-194-226:234006:234024 [1] NCCL INFO ncclPollProxyResponse Received new opId=0x7f6216bbc360
n232-194-226:234006:234024 [1] NCCL INFO recvOpId=0x7f6216bbc360 matches expected opId=0x7f6216bbc360
n232-194-226:234006:234057 [1] NCCL INFO Received and initiated operation=Setup res=0
n232-194-226:234006:234057 [1] NCCL INFO New proxy recv connection 48 from local rank 1, transport 0
n232-194-226:234006:234057 [1] NCCL INFO proxyProgressAsync opId=0x7f6216bbc360 op.type=1 op.reqBuff=0x7f620c1160d0 op.respSize=16 done
n232-194-226:234006:234024 [1] NCCL INFO ncclPollProxyResponse Received new opId=0x7f6216bbc360
n232-194-226:234005:234055 [0] NCCL INFO transport/p2p.cc:204 Cuda Alloc Size 2097152 pointer 0x7fbdbfc00000
n232-194-226:234006:234024 [1] NCCL INFO recvOpId=0x7f6216bbc360 matches expected opId=0x7f6216bbc360
n232-194-226:234006:234057 [1] NCCL INFO Received and initiated operation=Init res=0
n232-194-226:234006:234024 [1] NCCL INFO Connection to proxy localRank 1 -> connection 0x7f620c004050
n232-194-226:234005:234055 [0] NCCL INFO Allocated shareable buffer 0x7fbdbfc00000 size 2097152 ipcDesc 0x7fbdf000ea10
n232-194-226:234005:234055 [0] NCCL INFO proxyProgressAsync opId=0x7fbdd6bbc3a0 op.type=3 op.reqBuff=0x7fbdf0023540 op.respSize=80 done
n232-194-226:234005:234022 [0] NCCL INFO ncclPollProxyResponse Received new opId=0x7fbdd6bbc3a0
n232-194-226:234005:234055 [0] NCCL INFO Received and initiated operation=Setup res=0
n232-194-226:234005:234022 [0] NCCL INFO recvOpId=0x7fbdd6bbc3a0 matches expected opId=0x7fbdd6bbc3a0
n232-194-226:234005:234022 [0] NCCL INFO Channel 10/0 : 0[0] -> 3[3] via P2P/IPC
n232-194-226:234005:234055 [0] NCCL INFO New proxy send connection 36 from local rank 0, transport 0
n232-194-226:234005:234055 [0] NCCL INFO proxyProgressAsync opId=0x7fbdd6bbc3a0 op.type=1 op.reqBuff=0x7fbdf0023540 op.respSize=16 done
n232-194-226:234005:234022 [0] NCCL INFO ncclPollProxyResponse Received new opId=0x7fbdd6bbc3a0
n232-194-226:234005:234022 [0] NCCL INFO recvOpId=0x7fbdd6bbc3a0 matches expected opId=0x7fbdd6bbc3a0
n232-194-226:234005:234022 [0] NCCL INFO Connection to proxy localRank 0 -> connection 0x7fbdf0003c90
n232-194-226:234005:234055 [0] NCCL INFO Received and initiated operation=Init res=0
n232-194-226:234007:234056 [2] NCCL INFO transport/p2p.cc:204 Cuda Alloc Size 10485760 pointer 0x7f0acf400000
n232-194-226:234007:234056 [2] NCCL INFO Allocated shareable buffer 0x7f0acf400000 size 10485760 ipcDesc 0x7f0aec125a40
n232-194-226:234007:234056 [2] NCCL INFO proxyProgressAsync opId=0x7f0af6bbc540 op.type=3 op.reqBuff=0x7f0aec0b7330 op.respSize=80 done
n232-194-226:234007:234025 [2] NCCL INFO ncclPollProxyResponse Received new opId=0x7f0af6bbc540
n232-194-226:234007:234025 [2] NCCL INFO recvOpId=0x7f0af6bbc540 matches expected opId=0x7f0af6bbc540
n232-194-226:234007:234056 [2] NCCL INFO Received and initiated operation=Setup res=0
n232-194-226:234007:234056 [2] NCCL INFO New proxy recv connection 51 from local rank 2, transport 0
n232-194-226:234007:234056 [2] NCCL INFO proxyProgressAsync opId=0x7f0af6bbc540 op.type=1 op.reqBuff=0x7f0aec0b7330 op.respSize=16 done
n232-194-226:234007:234025 [2] NCCL INFO ncclPollProxyResponse Received new opId=0x7f0af6bbc540
n232-194-226:234007:234025 [2] NCCL INFO recvOpId=0x7f0af6bbc540 matches expected opId=0x7f0af6bbc540
n232-194-226:234007:234056 [2] NCCL INFO Received and initiated operation=Init res=0
n232-194-226:234007:234025 [2] NCCL INFO Connection to proxy localRank 2 -> connection 0x7f0aec004140
n232-194-226:234006:234057 [1] NCCL INFO transport/p2p.cc:204 Cuda Alloc Size 10485760 pointer 0x7f61ef400000
n232-194-226:234006:234057 [1] NCCL INFO Allocated shareable buffer 0x7f61ef400000 size 10485760 ipcDesc 0x7f620c043190
n232-194-226:234006:234057 [1] NCCL INFO proxyProgressAsync opId=0x7f6216bbc360 op.type=3 op.reqBuff=0x7f620c117080 op.respSize=80 done
n232-194-226:234006:234024 [1] NCCL INFO ncclPollProxyResponse Received new opId=0x7f6216bbc360
n232-194-226:234006:234024 [1] NCCL INFO recvOpId=0x7f6216bbc360 matches expected opId=0x7f6216bbc360
n232-194-226:234006:234057 [1] NCCL INFO Received and initiated operation=Setup res=0
n232-194-226:234006:234057 [1] NCCL INFO New proxy recv connection 49 from local rank 1, transport 0
n232-194-226:234006:234057 [1] NCCL INFO proxyProgressAsync opId=0x7f6216bbc360 op.type=1 op.reqBuff=0x7f620c117080 op.respSize=16 done
n232-194-226:234005:234055 [0] NCCL INFO transport/p2p.cc:204 Cuda Alloc Size 2097152 pointer 0x7fbdbfe00000
n232-194-226:234006:234024 [1] NCCL INFO ncclPollProxyResponse Received new opId=0x7f6216bbc360
n232-194-226:234006:234024 [1] NCCL INFO recvOpId=0x7f6216bbc360 matches expected opId=0x7f6216bbc360
n232-194-226:234006:234057 [1] NCCL INFO Received and initiated operation=Init res=0
n232-194-226:234006:234024 [1] NCCL INFO Connection to proxy localRank 1 -> connection 0x7f620c0040a0
n232-194-226:234005:234055 [0] NCCL INFO Allocated shareable buffer 0x7fbdbfe00000 size 2097152 ipcDesc 0x7fbdf000ea10
n232-194-226:234005:234055 [0] NCCL INFO proxyProgressAsync opId=0x7fbdd6bbc3a0 op.type=3 op.reqBuff=0x7fbdf0024d40 op.respSize=80 done
n232-194-226:234005:234022 [0] NCCL INFO ncclPollProxyResponse Received new opId=0x7fbdd6bbc3a0
n232-194-226:234005:234022 [0] NCCL INFO recvOpId=0x7fbdd6bbc3a0 matches expected opId=0x7fbdd6bbc3a0
n232-194-226:234005:234055 [0] NCCL INFO Received and initiated operation=Setup res=0
n232-194-226:234005:234022 [0] NCCL INFO Channel 11/0 : 0[0] -> 3[3] via P2P/IPC
n232-194-226:234005:234055 [0] NCCL INFO New proxy send connection 37 from local rank 0, transport 0
n232-194-226:234005:234055 [0] NCCL INFO proxyProgressAsync opId=0x7fbdd6bbc3a0 op.type=1 op.reqBuff=0x7fbdf0024d40 op.respSize=16 done
n232-194-226:234005:234022 [0] NCCL INFO ncclPollProxyResponse Received new opId=0x7fbdd6bbc3a0
n232-194-226:234005:234022 [0] NCCL INFO recvOpId=0x7fbdd6bbc3a0 matches expected opId=0x7fbdd6bbc3a0
n232-194-226:234005:234055 [0] NCCL INFO Received and initiated operation=Init res=0
n232-194-226:234005:234022 [0] NCCL INFO Connection to proxy localRank 0 -> connection 0x7fbdf0003ce0
n232-194-226:234007:234056 [2] NCCL INFO transport/p2p.cc:204 Cuda Alloc Size 10485760 pointer 0x7f0acc000000
n232-194-226:234007:234056 [2] NCCL INFO Allocated shareable buffer 0x7f0acc000000 size 10485760 ipcDesc 0x7f0aec125a40
n232-194-226:234007:234056 [2] NCCL INFO proxyProgressAsync opId=0x7f0af6bbc540 op.type=3 op.reqBuff=0x7f0aec0b7330 op.respSize=80 done
n232-194-226:234007:234025 [2] NCCL INFO ncclPollProxyResponse Received new opId=0x7f0af6bbc540
n232-194-226:234007:234056 [2] NCCL INFO Received and initiated operation=Setup res=0
n232-194-226:234007:234025 [2] NCCL INFO recvOpId=0x7f0af6bbc540 matches expected opId=0x7f0af6bbc540
n232-194-226:234007:234025 [2] NCCL INFO Channel 02/0 : 2[2] -> 1[1] via P2P/IPC
n232-194-226:234006:234057 [1] NCCL INFO transport/p2p.cc:204 Cuda Alloc Size 10485760 pointer 0x7f61ec000000
n232-194-226:234007:234056 [2] NCCL INFO New proxy send connection 52 from local rank 2, transport 0
n232-194-226:234007:234056 [2] NCCL INFO proxyProgressAsync opId=0x7f0af6bbc540 op.type=1 op.reqBuff=0x7f0aec0b7330 op.respSize=16 done
n232-194-226:234007:234025 [2] NCCL INFO ncclPollProxyResponse Received new opId=0x7f0af6bbc540
n232-194-226:234006:234057 [1] NCCL INFO Allocated shareable buffer 0x7f61ec000000 size 10485760 ipcDesc 0x7f620c043190
n232-194-226:234006:234057 [1] NCCL INFO proxyProgressAsync opId=0x7f6216bbc360 op.type=3 op.reqBuff=0x7f620c117ca0 op.respSize=80 done
n232-194-226:234007:234025 [2] NCCL INFO recvOpId=0x7f0af6bbc540 matches expected opId=0x7f0af6bbc540
n232-194-226:234007:234056 [2] NCCL INFO Received and initiated operation=Init res=0
n232-194-226:234007:234025 [2] NCCL INFO Connection to proxy localRank 2 -> connection 0x7f0aec004190
n232-194-226:234006:234024 [1] NCCL INFO ncclPollProxyResponse Received new opId=0x7f6216bbc360
n232-194-226:234006:234057 [1] NCCL INFO Received and initiated operation=Setup res=0
n232-194-226:234006:234024 [1] NCCL INFO recvOpId=0x7f6216bbc360 matches expected opId=0x7f6216bbc360
n232-194-226:234006:234057 [1] NCCL INFO New proxy recv connection 50 from local rank 1, transport 0
n232-194-226:234006:234057 [1] NCCL INFO proxyProgressAsync opId=0x7f6216bbc360 op.type=1 op.reqBuff=0x7f620c117ca0 op.respSize=16 done
n232-194-226:234006:234024 [1] NCCL INFO ncclPollProxyResponse Received new opId=0x7f6216bbc360
n232-194-226:234006:234024 [1] NCCL INFO recvOpId=0x7f6216bbc360 matches expected opId=0x7f6216bbc360
n232-194-226:234006:234024 [1] NCCL INFO Connection to proxy localRank 1 -> connection 0x7f620c0040f0
n232-194-226:234006:234057 [1] NCCL INFO Received and initiated operation=Init res=0
n232-194-226:234005:234055 [0] NCCL INFO transport/p2p.cc:204 Cuda Alloc Size 2097152 pointer 0x7fbdbc000000
n232-194-226:234005:234055 [0] NCCL INFO Allocated shareable buffer 0x7fbdbc000000 size 2097152 ipcDesc 0x7fbdf000ea10
n232-194-226:234005:234055 [0] NCCL INFO proxyProgressAsync opId=0x7fbdd6bbc3a0 op.type=3 op.reqBuff=0x7fbdf0024d80 op.respSize=80 done
n232-194-226:234005:234022 [0] NCCL INFO ncclPollProxyResponse Received new opId=0x7fbdd6bbc3a0
n232-194-226:234005:234022 [0] NCCL INFO recvOpId=0x7fbdd6bbc3a0 matches expected opId=0x7fbdd6bbc3a0
n232-194-226:234005:234055 [0] NCCL INFO Received and initiated operation=Setup res=0
n232-194-226:234007:234056 [2] NCCL INFO transport/p2p.cc:204 Cuda Alloc Size 2097152 pointer 0x7f0acca00000
n232-194-226:234007:234056 [2] NCCL INFO Allocated shareable buffer 0x7f0acca00000 size 2097152 ipcDesc 0x7f0aec125a40
n232-194-226:234007:234056 [2] NCCL INFO proxyProgressAsync opId=0x7f0af6bbc540 op.type=3 op.reqBuff=0x7f0aec16f1e0 op.respSize=80 done
n232-194-226:234007:234025 [2] NCCL INFO ncclPollProxyResponse Received new opId=0x7f0af6bbc540
n232-194-226:234007:234025 [2] NCCL INFO recvOpId=0x7f0af6bbc540 matches expected opId=0x7f0af6bbc540
n232-194-226:234007:234056 [2] NCCL INFO Received and initiated operation=Setup res=0
n232-194-226:234007:234025 [2] NCCL INFO Channel 04/0 : 2[2] -> 1[1] via P2P/IPC
n232-194-226:234007:234056 [2] NCCL INFO New proxy send connection 53 from local rank 2, transport 0
n232-194-226:234007:234056 [2] NCCL INFO proxyProgressAsync opId=0x7f0af6bbc540 op.type=1 op.reqBuff=0x7f0aec16f1e0 op.respSize=16 done
n232-194-226:234006:234057 [1] NCCL INFO transport/p2p.cc:204 Cuda Alloc Size 10485760 pointer 0x7f61eca00000
n232-194-226:234007:234025 [2] NCCL INFO ncclPollProxyResponse Received new opId=0x7f0af6bbc540
n232-194-226:234008:234023 [3] NCCL INFO GPU Direct RDMA Enabled for GPU 5a000 / HCA 2 (distance 3 <= 4), read 0
n232-194-226:234006:234057 [1] NCCL INFO Allocated shareable buffer 0x7f61eca00000 size 10485760 ipcDesc 0x7f620c043190
n232-194-226:234007:234056 [2] NCCL INFO Received and initiated operation=Init res=0
n232-194-226:234006:234057 [1] NCCL INFO proxyProgressAsync opId=0x7f6216bbc360 op.type=3 op.reqBuff=0x7f620c1188c0 op.respSize=80 done
n232-194-226:234007:234025 [2] NCCL INFO recvOpId=0x7f0af6bbc540 matches expected opId=0x7f0af6bbc540
n232-194-226:234007:234025 [2] NCCL INFO Connection to proxy localRank 2 -> connection 0x7f0aec0041e0
n232-194-226:234006:234024 [1] NCCL INFO ncclPollProxyResponse Received new opId=0x7f6216bbc360
n232-194-226:234006:234057 [1] NCCL INFO Received and initiated operation=Setup res=0
n232-194-226:234006:234024 [1] NCCL INFO recvOpId=0x7f6216bbc360 matches expected opId=0x7f6216bbc360
n232-194-226:234008:234054 [3] NCCL INFO New proxy recv connection 40 from local rank 3, transport 2
n232-194-226:234008:234054 [3] NCCL INFO proxyProgressAsync opId=0x7f1466bbc540 op.type=1 op.reqBuff=0x7f145c0de480 op.respSize=16 done
n232-194-226:234005:234055 [0] NCCL INFO New proxy recv connection 38 from local rank 0, transport 0
n232-194-226:234005:234055 [0] NCCL INFO proxyProgressAsync opId=0x7fbdd6bbc3a0 op.type=1 op.reqBuff=0x7fbdf0024d80 op.respSize=16 done
n232-194-226:234008:234023 [3] NCCL INFO ncclPollProxyResponse Received new opId=0x7f1466bbc540
n232-194-226:234005:234022 [0] NCCL INFO ncclPollProxyResponse Received new opId=0x7fbdd6bbc3a0
n232-194-226:234006:234057 [1] NCCL INFO New proxy recv connection 51 from local rank 1, transport 0
n232-194-226:234008:234054 [3] NCCL INFO Received and initiated operation=Init res=0
n232-194-226:234006:234057 [1] NCCL INFO proxyProgressAsync opId=0x7f6216bbc360 op.type=1 op.reqBuff=0x7f620c1188c0 op.respSize=16 done
n232-194-226:234008:234023 [3] NCCL INFO recvOpId=0x7f1466bbc540 matches expected opId=0x7f1466bbc540
n232-194-226:234005:234055 [0] NCCL INFO Received and initiated operation=Init res=0
n232-194-226:234008:234023 [3] NCCL INFO Connection to proxy localRank 3 -> connection 0x7f145c003dd0
n232-194-226:234005:234022 [0] NCCL INFO recvOpId=0x7fbdd6bbc3a0 matches expected opId=0x7fbdd6bbc3a0
n232-194-226:234006:234024 [1] NCCL INFO ncclPollProxyResponse Received new opId=0x7f6216bbc360
n232-194-226:234005:234022 [0] NCCL INFO Connection to proxy localRank 0 -> connection 0x7fbdf0003d30
n232-194-226:234006:234024 [1] NCCL INFO recvOpId=0x7f6216bbc360 matches expected opId=0x7f6216bbc360
n232-194-226:234006:234057 [1] NCCL INFO Received and initiated operation=Init res=0
n232-194-226:234006:234024 [1] NCCL INFO Connection to proxy localRank 1 -> connection 0x7f620c004140
n232-194-226:234008:234054 [3] NCCL INFO proxyProgressAsync opId=0x7f1466bbc540 op.type=3 op.reqBuff=0x7f145c068fe0 op.respSize=128 done
n232-194-226:234008:234023 [3] NCCL INFO ncclPollProxyResponse Received new opId=0x7f1466bbc540
n232-194-226:234008:234023 [3] NCCL INFO recvOpId=0x7f1466bbc540 matches expected opId=0x7f1466bbc540
n232-194-226:234008:234023 [3] NCCL INFO Channel 02/0 : 7[3] -> 3[3] [receive] via NET/IB/2/GDRDMA
n232-194-226:234008:234054 [3] NCCL INFO Received and initiated operation=Setup res=0
n232-194-226:234008:234023 [3] NCCL INFO GPU Direct RDMA Enabled for GPU 5a000 / HCA 2 (distance 3 <= 4), read 0
n232-194-226:234008:234054 [3] NCCL INFO New proxy recv connection 41 from local rank 3, transport 2
n232-194-226:234008:234054 [3] NCCL INFO proxyProgressAsync opId=0x7f1466bbc540 op.type=1 op.reqBuff=0x7f145c0de480 op.respSize=16 done
n232-194-226:234008:234023 [3] NCCL INFO ncclPollProxyResponse Received new opId=0x7f1466bbc540
n232-194-226:234008:234054 [3] NCCL INFO Received and initiated operation=Init res=0
n232-194-226:234008:234023 [3] NCCL INFO recvOpId=0x7f1466bbc540 matches expected opId=0x7f1466bbc540
n232-194-226:234007:234056 [2] NCCL INFO transport/p2p.cc:204 Cuda Alloc Size 2097152 pointer 0x7f0accc00000
n232-194-226:234008:234023 [3] NCCL INFO Connection to proxy localRank 3 -> connection 0x7f145c003e20
n232-194-226:234007:234056 [2] NCCL INFO Allocated shareable buffer 0x7f0accc00000 size 2097152 ipcDesc 0x7f0aec125a40
n232-194-226:234007:234056 [2] NCCL INFO proxyProgressAsync opId=0x7f0af6bbc540 op.type=3 op.reqBuff=0x7f0aec170120 op.respSize=80 done
n232-194-226:234008:234054 [3] NCCL INFO proxyProgressAsync opId=0x7f1466bbc540 op.type=3 op.reqBuff=0x7f145c076e70 op.respSize=128 done
n232-194-226:234007:234025 [2] NCCL INFO ncclPollProxyResponse Received new opId=0x7f0af6bbc540
n232-194-226:234008:234023 [3] NCCL INFO ncclPollProxyResponse Received new opId=0x7f1466bbc540
n232-194-226:234007:234025 [2] NCCL INFO recvOpId=0x7f0af6bbc540 matches expected opId=0x7f0af6bbc540
n232-194-226:234008:234023 [3] NCCL INFO recvOpId=0x7f1466bbc540 matches expected opId=0x7f1466bbc540
n232-194-226:234008:234054 [3] NCCL INFO Received and initiated operation=Setup res=0
n232-194-226:234007:234056 [2] NCCL INFO Received and initiated operation=Setup res=0
n232-194-226:234008:234023 [3] NCCL INFO Channel 03/0 : 7[3] -> 3[3] [receive] via NET/IB/2/GDRDMA
n232-194-226:234007:234025 [2] NCCL INFO Channel 05/0 : 2[2] -> 1[1] via P2P/IPC
n232-194-226:234008:234023 [3] NCCL INFO GPU Direct RDMA Enabled for GPU 5a000 / HCA 2 (distance 3 <= 4), read 0
n232-194-226:234007:234056 [2] NCCL INFO New proxy send connection 54 from local rank 2, transport 0
n232-194-226:234008:234054 [3] NCCL INFO New proxy recv connection 42 from local rank 3, transport 2
n232-194-226:234007:234056 [2] NCCL INFO proxyProgressAsync opId=0x7f0af6bbc540 op.type=1 op.reqBuff=0x7f0aec170120 op.respSize=16 done
n232-194-226:234008:234054 [3] NCCL INFO proxyProgressAsync opId=0x7f1466bbc540 op.type=1 op.reqBuff=0x7f145c0de480 op.respSize=16 done
n232-194-226:234007:234025 [2] NCCL INFO ncclPollProxyResponse Received new opId=0x7f0af6bbc540
n232-194-226:234008:234023 [3] NCCL INFO ncclPollProxyResponse Received new opId=0x7f1466bbc540
n232-194-226:234007:234056 [2] NCCL INFO Received and initiated operation=Init res=0
n232-194-226:234008:234023 [3] NCCL INFO recvOpId=0x7f1466bbc540 matches expected opId=0x7f1466bbc540
n232-194-226:234007:234025 [2] NCCL INFO recvOpId=0x7f0af6bbc540 matches expected opId=0x7f0af6bbc540
n232-194-226:234008:234054 [3] NCCL INFO Received and initiated operation=Init res=0
n232-194-226:234007:234025 [2] NCCL INFO Connection to proxy localRank 2 -> connection 0x7f0aec004230
n232-194-226:234008:234023 [3] NCCL INFO Connection to proxy localRank 3 -> connection 0x7f145c003e70
n232-194-226:234005:234055 [0] NCCL INFO transport/p2p.cc:204 Cuda Alloc Size 10485760 pointer 0x7fbdbc200000
n232-194-226:234005:234055 [0] NCCL INFO Allocated shareable buffer 0x7fbdbc200000 size 10485760 ipcDesc 0x7fbdf000ea10
n232-194-226:234005:234055 [0] NCCL INFO proxyProgressAsync opId=0x7fbdd6bbc3a0 op.type=3 op.reqBuff=0x7fbdf0026300 op.respSize=80 done
n232-194-226:234005:234022 [0] NCCL INFO ncclPollProxyResponse Received new opId=0x7fbdd6bbc3a0
n232-194-226:234006:234057 [1] NCCL INFO transport/p2p.cc:204 Cuda Alloc Size 10485760 pointer 0x7f61ed400000
n232-194-226:234005:234022 [0] NCCL INFO recvOpId=0x7fbdd6bbc3a0 matches expected opId=0x7fbdd6bbc3a0
n232-194-226:234005:234055 [0] NCCL INFO Received and initiated operation=Setup res=0
n232-194-226:234008:234054 [3] NCCL INFO proxyProgressAsync opId=0x7f1466bbc540 op.type=3 op.reqBuff=0x7f145c0c7fd0 op.respSize=128 done
n232-194-226:234006:234057 [1] NCCL INFO Allocated shareable buffer 0x7f61ed400000 size 10485760 ipcDesc 0x7f620c043190
n232-194-226:234006:234057 [1] NCCL INFO proxyProgressAsync opId=0x7f6216bbc360 op.type=3 op.reqBuff=0x7f620c119890 op.respSize=80 done
n232-194-226:234008:234023 [3] NCCL INFO ncclPollProxyResponse Received new opId=0x7f1466bbc540
n232-194-226:234006:234024 [1] NCCL INFO ncclPollProxyResponse Received new opId=0x7f6216bbc360
n232-194-226:234006:234057 [1] NCCL INFO Received and initiated operation=Setup res=0
n232-194-226:234008:234023 [3] NCCL INFO recvOpId=0x7f1466bbc540 matches expected opId=0x7f1466bbc540
n232-194-226:234008:234054 [3] NCCL INFO Received and initiated operation=Setup res=0
n232-194-226:234008:234023 [3] NCCL INFO Channel 08/0 : 7[3] -> 3[3] [receive] via NET/IB/2/GDRDMA
n232-194-226:234006:234024 [1] NCCL INFO recvOpId=0x7f6216bbc360 matches expected opId=0x7f6216bbc360
n232-194-226:234008:234023 [3] NCCL INFO GPU Direct RDMA Enabled for GPU 5a000 / HCA 2 (distance 3 <= 4), read 0
n232-194-226:234006:234024 [1] NCCL INFO Channel 01/0 : 1[1] -> 0[0] via P2P/IPC
n232-194-226:234005:234055 [0] NCCL INFO New proxy recv connection 39 from local rank 0, transport 0
n232-194-226:234005:234055 [0] NCCL INFO proxyProgressAsync opId=0x7fbdd6bbc3a0 op.type=1 op.reqBuff=0x7fbdf0026300 op.respSize=16 done
n232-194-226:234005:234022 [0] NCCL INFO ncclPollProxyResponse Received new opId=0x7fbdd6bbc3a0
n232-194-226:234005:234055 [0] NCCL INFO Received and initiated operation=Init res=0
n232-194-226:234005:234022 [0] NCCL INFO recvOpId=0x7fbdd6bbc3a0 matches expected opId=0x7fbdd6bbc3a0
n232-194-226:234005:234022 [0] NCCL INFO Connection to proxy localRank 0 -> connection 0x7fbdf0003d80
n232-194-226:234008:234054 [3] NCCL INFO New proxy recv connection 43 from local rank 3, transport 2
n232-194-226:234006:234057 [1] NCCL INFO New proxy send connection 52 from local rank 1, transport 0
n232-194-226:234008:234054 [3] NCCL INFO proxyProgressAsync opId=0x7f1466bbc540 op.type=1 op.reqBuff=0x7f145c0de480 op.respSize=16 done
n232-194-226:234006:234057 [1] NCCL INFO proxyProgressAsync opId=0x7f6216bbc360 op.type=1 op.reqBuff=0x7f620c119890 op.respSize=16 done
n232-194-226:234008:234023 [3] NCCL INFO ncclPollProxyResponse Received new opId=0x7f1466bbc540
n232-194-226:234006:234024 [1] NCCL INFO ncclPollProxyResponse Received new opId=0x7f6216bbc360
n232-194-226:234008:234023 [3] NCCL INFO recvOpId=0x7f1466bbc540 matches expected opId=0x7f1466bbc540
n232-194-226:234006:234024 [1] NCCL INFO recvOpId=0x7f6216bbc360 matches expected opId=0x7f6216bbc360
n232-194-226:234008:234054 [3] NCCL INFO Received and initiated operation=Init res=0
n232-194-226:234006:234024 [1] NCCL INFO Connection to proxy localRank 1 -> connection 0x7f620c004190
n232-194-226:234008:234023 [3] NCCL INFO Connection to proxy localRank 3 -> connection 0x7f145c003ec0
n232-194-226:234006:234057 [1] NCCL INFO Received and initiated operation=Init res=0
n232-194-226:234007:234056 [2] NCCL INFO transport/p2p.cc:204 Cuda Alloc Size 2097152 pointer 0x7f0acce00000
n232-194-226:234008:234054 [3] NCCL INFO proxyProgressAsync opId=0x7f1466bbc540 op.type=3 op.reqBuff=0x7f145c087260 op.respSize=128 done
n232-194-226:234008:234023 [3] NCCL INFO ncclPollProxyResponse Received new opId=0x7f1466bbc540
n232-194-226:234008:234023 [3] NCCL INFO recvOpId=0x7f1466bbc540 matches expected opId=0x7f1466bbc540
n232-194-226:234008:234054 [3] NCCL INFO Received and initiated operation=Setup res=0
n232-194-226:234008:234023 [3] NCCL INFO Channel 09/0 : 7[3] -> 3[3] [receive] via NET/IB/2/GDRDMA
n232-194-226:234007:234056 [2] NCCL INFO Allocated shareable buffer 0x7f0acce00000 size 2097152 ipcDesc 0x7f0aec125a40
n232-194-226:234008:234023 [3] NCCL INFO GPU Direct RDMA Enabled for GPU 5a000 / HCA 2 (distance 3 <= 4), read 1
n232-194-226:234007:234056 [2] NCCL INFO proxyProgressAsync opId=0x7f0af6bbc540 op.type=3 op.reqBuff=0x7f0aec170d20 op.respSize=80 done
n232-194-226:234007:234025 [2] NCCL INFO ncclPollProxyResponse Received new opId=0x7f0af6bbc540
n232-194-226:234007:234056 [2] NCCL INFO Received and initiated operation=Setup res=0
n232-194-226:234007:234025 [2] NCCL INFO recvOpId=0x7f0af6bbc540 matches expected opId=0x7f0af6bbc540
n232-194-226:234007:234025 [2] NCCL INFO Channel 08/0 : 2[2] -> 1[1] via P2P/IPC
n232-194-226:234008:234054 [3] NCCL INFO New proxy send connection 44 from local rank 3, transport 2
n232-194-226:234008:234054 [3] NCCL INFO proxyProgressAsync opId=0x7f1466bbc540 op.type=1 op.reqBuff=0x7f145c0de480 op.respSize=16 done
n232-194-226:234008:234023 [3] NCCL INFO ncclPollProxyResponse Received new opId=0x7f1466bbc540
n232-194-226:234008:234023 [3] NCCL INFO recvOpId=0x7f1466bbc540 matches expected opId=0x7f1466bbc540
n232-194-226:234008:234054 [3] NCCL INFO Received and initiated operation=Init res=0
n232-194-226:234007:234056 [2] NCCL INFO New proxy send connection 55 from local rank 2, transport 0
n232-194-226:234008:234023 [3] NCCL INFO Connection to proxy localRank 3 -> connection 0x7f145c003f10
n232-194-226:234007:234056 [2] NCCL INFO proxyProgressAsync opId=0x7f0af6bbc540 op.type=1 op.reqBuff=0x7f0aec170d20 op.respSize=16 done
n232-194-226:234007:234025 [2] NCCL INFO ncclPollProxyResponse Received new opId=0x7f0af6bbc540
n232-194-226:234007:234056 [2] NCCL INFO Received and initiated operation=Init res=0
n232-194-226:234007:234025 [2] NCCL INFO recvOpId=0x7f0af6bbc540 matches expected opId=0x7f0af6bbc540
n232-194-226:234007:234025 [2] NCCL INFO Connection to proxy localRank 2 -> connection 0x7f0aec004280
n232-194-226:234008:234054 [3] NCCL INFO proxyProgressAsync opId=0x7f1466bbc540 op.type=3 op.reqBuff=0x7f145c0d1fd0 op.respSize=0 done
n232-194-226:234008:234023 [3] NCCL INFO ncclPollProxyResponse Received new opId=0x7f1466bbc540
n232-194-226:234008:234054 [3] NCCL INFO Received and initiated operation=Setup res=0
n232-194-226:234008:234023 [3] NCCL INFO recvOpId=0x7f1466bbc540 matches expected opId=0x7f1466bbc540
n232-194-226:234008:234023 [3] NCCL INFO Channel 02/0 : 3[3] -> 7[3] [send] via NET/IB/2/GDRDMA
n232-194-226:234008:234023 [3] NCCL INFO GPU Direct RDMA Enabled for GPU 5a000 / HCA 2 (distance 3 <= 4), read 1
n232-194-226:234005:234055 [0] NCCL INFO transport/p2p.cc:204 Cuda Alloc Size 10485760 pointer 0x7fbdbcc00000
n232-194-226:234008:234054 [3] NCCL INFO New proxy send connection 45 from local rank 3, transport 2
n232-194-226:234008:234054 [3] NCCL INFO proxyProgressAsync opId=0x7f1466bbc540 op.type=1 op.reqBuff=0x7f145c0de480 op.respSize=16 done
n232-194-226:234008:234023 [3] NCCL INFO ncclPollProxyResponse Received new opId=0x7f1466bbc540
n232-194-226:234008:234023 [3] NCCL INFO recvOpId=0x7f1466bbc540 matches expected opId=0x7f1466bbc540
n232-194-226:234008:234054 [3] NCCL INFO Received and initiated operation=Init res=0
n232-194-226:234008:234023 [3] NCCL INFO Connection to proxy localRank 3 -> connection 0x7f145c003f60
n232-194-226:234005:234055 [0] NCCL INFO Allocated shareable buffer 0x7fbdbcc00000 size 10485760 ipcDesc 0x7fbdf000ea10
n232-194-226:234005:234055 [0] NCCL INFO proxyProgressAsync opId=0x7fbdd6bbc3a0 op.type=3 op.reqBuff=0x7fbdf0026340 op.respSize=80 done
n232-194-226:234005:234022 [0] NCCL INFO ncclPollProxyResponse Received new opId=0x7fbdd6bbc3a0
n232-194-226:234006:234057 [1] NCCL INFO transport/p2p.cc:204 Cuda Alloc Size 2097152 pointer 0x7f61ede00000
n232-194-226:234005:234022 [0] NCCL INFO recvOpId=0x7fbdd6bbc3a0 matches expected opId=0x7fbdd6bbc3a0
n232-194-226:234005:234055 [0] NCCL INFO Received and initiated operation=Setup res=0
n232-194-226:234008:234054 [3] NCCL INFO proxyProgressAsync opId=0x7f1466bbc540 op.type=3 op.reqBuff=0x7f145c107fd0 op.respSize=0 done
n232-194-226:234008:234023 [3] NCCL INFO ncclPollProxyResponse Received new opId=0x7f1466bbc540
n232-194-226:234008:234054 [3] NCCL INFO Received and initiated operation=Setup res=0
n232-194-226:234008:234023 [3] NCCL INFO recvOpId=0x7f1466bbc540 matches expected opId=0x7f1466bbc540
n232-194-226:234008:234023 [3] NCCL INFO Channel 03/0 : 3[3] -> 7[3] [send] via NET/IB/2/GDRDMA
n232-194-226:234006:234057 [1] NCCL INFO Allocated shareable buffer 0x7f61ede00000 size 2097152 ipcDesc 0x7f620c043190
n232-194-226:234008:234023 [3] NCCL INFO GPU Direct RDMA Enabled for GPU 5a000 / HCA 2 (distance 3 <= 4), read 1
n232-194-226:234005:234055 [0] NCCL INFO New proxy recv connection 40 from local rank 0, transport 0
n232-194-226:234006:234057 [1] NCCL INFO proxyProgressAsync opId=0x7f6216bbc360 op.type=3 op.reqBuff=0x7f620c11a4b0 op.respSize=80 done
n232-194-226:234005:234055 [0] NCCL INFO proxyProgressAsync opId=0x7fbdd6bbc3a0 op.type=1 op.reqBuff=0x7fbdf0026340 op.respSize=16 done
n232-194-226:234006:234024 [1] NCCL INFO ncclPollProxyResponse Received new opId=0x7f6216bbc360
n232-194-226:234005:234022 [0] NCCL INFO ncclPollProxyResponse Received new opId=0x7fbdd6bbc3a0
n232-194-226:234006:234024 [1] NCCL INFO recvOpId=0x7f6216bbc360 matches expected opId=0x7f6216bbc360
n232-194-226:234005:234022 [0] NCCL INFO recvOpId=0x7fbdd6bbc3a0 matches expected opId=0x7fbdd6bbc3a0
n232-194-226:234006:234057 [1] NCCL INFO Received and initiated operation=Setup res=0
n232-194-226:234005:234055 [0] NCCL INFO Received and initiated operation=Init res=0
n232-194-226:234006:234024 [1] NCCL INFO Channel 02/0 : 1[1] -> 0[0] via P2P/IPC
n232-194-226:234008:234054 [3] NCCL INFO New proxy send connection 46 from local rank 3, transport 2
n232-194-226:234008:234054 [3] NCCL INFO proxyProgressAsync opId=0x7f1466bbc540 op.type=1 op.reqBuff=0x7f145c0de480 op.respSize=16 done
n232-194-226:234005:234022 [0] NCCL INFO Connection to proxy localRank 0 -> connection 0x7fbdf0003dd0
n232-194-226:234008:234023 [3] NCCL INFO ncclPollProxyResponse Received new opId=0x7f1466bbc540
n232-194-226:234008:234023 [3] NCCL INFO recvOpId=0x7f1466bbc540 matches expected opId=0x7f1466bbc540
n232-194-226:234008:234023 [3] NCCL INFO Connection to proxy localRank 3 -> connection 0x7f145c003fb0
n232-194-226:234008:234054 [3] NCCL INFO Received and initiated operation=Init res=0
n232-194-226:234006:234057 [1] NCCL INFO New proxy send connection 53 from local rank 1, transport 0
n232-194-226:234006:234057 [1] NCCL INFO proxyProgressAsync opId=0x7f6216bbc360 op.type=1 op.reqBuff=0x7f620c11a4b0 op.respSize=16 done
n232-194-226:234007:234056 [2] NCCL INFO transport/p2p.cc:204 Cuda Alloc Size 2097152 pointer 0x7f0acd000000
n232-194-226:234006:234024 [1] NCCL INFO ncclPollProxyResponse Received new opId=0x7f6216bbc360
n232-194-226:234007:234056 [2] NCCL INFO Allocated shareable buffer 0x7f0acd000000 size 2097152 ipcDesc 0x7f0aec125a40
n232-194-226:234007:234056 [2] NCCL INFO proxyProgressAsync opId=0x7f0af6bbc540 op.type=3 op.reqBuff=0x7f0aec171920 op.respSize=80 done
n232-194-226:234006:234024 [1] NCCL INFO recvOpId=0x7f6216bbc360 matches expected opId=0x7f6216bbc360
n232-194-226:234006:234057 [1] NCCL INFO Received and initiated operation=Init res=0
n232-194-226:234006:234024 [1] NCCL INFO Connection to proxy localRank 1 -> connection 0x7f620c0041e0
n232-194-226:234007:234025 [2] NCCL INFO ncclPollProxyResponse Received new opId=0x7f0af6bbc540
n232-194-226:234008:234054 [3] NCCL INFO proxyProgressAsync opId=0x7f1466bbc540 op.type=3 op.reqBuff=0x7f145c084ef0 op.respSize=0 done
n232-194-226:234007:234025 [2] NCCL INFO recvOpId=0x7f0af6bbc540 matches expected opId=0x7f0af6bbc540
n232-194-226:234007:234056 [2] NCCL INFO Received and initiated operation=Setup res=0
n232-194-226:234007:234025 [2] NCCL INFO Channel 10/0 : 2[2] -> 1[1] via P2P/IPC
n232-194-226:234008:234023 [3] NCCL INFO ncclPollProxyResponse Received new opId=0x7f1466bbc540
n232-194-226:234008:234054 [3] NCCL INFO Received and initiated operation=Setup res=0
n232-194-226:234008:234023 [3] NCCL INFO recvOpId=0x7f1466bbc540 matches expected opId=0x7f1466bbc540
n232-194-226:234008:234023 [3] NCCL INFO Channel 08/0 : 3[3] -> 7[3] [send] via NET/IB/2/GDRDMA
n232-194-226:234008:234023 [3] NCCL INFO GPU Direct RDMA Enabled for GPU 5a000 / HCA 2 (distance 3 <= 4), read 1
n232-194-226:234007:234056 [2] NCCL INFO New proxy send connection 56 from local rank 2, transport 0
n232-194-226:234007:234056 [2] NCCL INFO proxyProgressAsync opId=0x7f0af6bbc540 op.type=1 op.reqBuff=0x7f0aec171920 op.respSize=16 done
n232-194-226:234007:234025 [2] NCCL INFO ncclPollProxyResponse Received new opId=0x7f0af6bbc540
n232-194-226:234008:234054 [3] NCCL INFO New proxy send connection 47 from local rank 3, transport 2
n232-194-226:234008:234054 [3] NCCL INFO proxyProgressAsync opId=0x7f1466bbc540 op.type=1 op.reqBuff=0x7f145c0de480 op.respSize=16 done
n232-194-226:234007:234025 [2] NCCL INFO recvOpId=0x7f0af6bbc540 matches expected opId=0x7f0af6bbc540
n232-194-226:234008:234023 [3] NCCL INFO ncclPollProxyResponse Received new opId=0x7f1466bbc540
n232-194-226:234007:234056 [2] NCCL INFO Received and initiated operation=Init res=0
n232-194-226:234008:234054 [3] NCCL INFO Received and initiated operation=Init res=0
n232-194-226:234008:234023 [3] NCCL INFO recvOpId=0x7f1466bbc540 matches expected opId=0x7f1466bbc540
n232-194-226:234008:234023 [3] NCCL INFO Connection to proxy localRank 3 -> connection 0x7f145c004000
n232-194-226:234007:234025 [2] NCCL INFO Connection to proxy localRank 2 -> connection 0x7f0aec0042d0
n232-194-226:234008:234054 [3] NCCL INFO proxyProgressAsync opId=0x7f1466bbc540 op.type=3 op.reqBuff=0x7f145c154be0 op.respSize=0 done
n232-194-226:234005:234055 [0] NCCL INFO transport/p2p.cc:204 Cuda Alloc Size 10485760 pointer 0x7fbdbd600000
n232-194-226:234008:234023 [3] NCCL INFO ncclPollProxyResponse Received new opId=0x7f1466bbc540
n232-194-226:234008:234054 [3] NCCL INFO Received and initiated operation=Setup res=0
n232-194-226:234008:234023 [3] NCCL INFO recvOpId=0x7f1466bbc540 matches expected opId=0x7f1466bbc540
n232-194-226:234008:234023 [3] NCCL INFO Channel 09/0 : 3[3] -> 7[3] [send] via NET/IB/2/GDRDMA
n232-194-226:234005:234055 [0] NCCL INFO Allocated shareable buffer 0x7fbdbd600000 size 10485760 ipcDesc 0x7fbdf000ea10
n232-194-226:234005:234055 [0] NCCL INFO proxyProgressAsync opId=0x7fbdd6bbc3a0 op.type=3 op.reqBuff=0x7fbdf0027ef0 op.respSize=80 done
n232-194-226:234005:234022 [0] NCCL INFO ncclPollProxyResponse Received new opId=0x7fbdd6bbc3a0
n232-194-226:234005:234055 [0] NCCL INFO Received and initiated operation=Setup res=0
n232-194-226:234005:234022 [0] NCCL INFO recvOpId=0x7fbdd6bbc3a0 matches expected opId=0x7fbdd6bbc3a0
n232-194-226:234006:234057 [1] NCCL INFO transport/p2p.cc:204 Cuda Alloc Size 2097152 pointer 0x7f61efe00000
n232-194-226:234005:234055 [0] NCCL INFO New proxy recv connection 41 from local rank 0, transport 0
n232-194-226:234006:234057 [1] NCCL INFO Allocated shareable buffer 0x7f61efe00000 size 2097152 ipcDesc 0x7f620c043190
n232-194-226:234006:234057 [1] NCCL INFO proxyProgressAsync opId=0x7f6216bbc360 op.type=3 op.reqBuff=0x7f620c11b0d0 op.respSize=80 done
n232-194-226:234005:234055 [0] NCCL INFO proxyProgressAsync opId=0x7fbdd6bbc3a0 op.type=1 op.reqBuff=0x7fbdf0027ef0 op.respSize=16 done
n232-194-226:234006:234024 [1] NCCL INFO ncclPollProxyResponse Received new opId=0x7f6216bbc360
n232-194-226:234005:234022 [0] NCCL INFO ncclPollProxyResponse Received new opId=0x7fbdd6bbc3a0
n232-194-226:234006:234024 [1] NCCL INFO recvOpId=0x7f6216bbc360 matches expected opId=0x7f6216bbc360
n232-194-226:234006:234057 [1] NCCL INFO Received and initiated operation=Setup res=0
n232-194-226:234005:234022 [0] NCCL INFO recvOpId=0x7fbdd6bbc3a0 matches expected opId=0x7fbdd6bbc3a0
n232-194-226:234006:234024 [1] NCCL INFO Channel 07/0 : 1[1] -> 0[0] via P2P/IPC
n232-194-226:234005:234055 [0] NCCL INFO Received and initiated operation=Init res=0
n232-194-226:234005:234022 [0] NCCL INFO Connection to proxy localRank 0 -> connection 0x7fbdf0003e20
n232-194-226:234007:234056 [2] NCCL INFO transport/p2p.cc:204 Cuda Alloc Size 2097152 pointer 0x7f0acd200000
n232-194-226:234007:234056 [2] NCCL INFO Allocated shareable buffer 0x7f0acd200000 size 2097152 ipcDesc 0x7f0aec125a40
n232-194-226:234007:234056 [2] NCCL INFO proxyProgressAsync opId=0x7f0af6bbc540 op.type=3 op.reqBuff=0x7f0aec171960 op.respSize=80 done
n232-194-226:234006:234057 [1] NCCL INFO New proxy send connection 54 from local rank 1, transport 0
n232-194-226:234006:234057 [1] NCCL INFO proxyProgressAsync opId=0x7f6216bbc360 op.type=1 op.reqBuff=0x7f620c11b0d0 op.respSize=16 done
n232-194-226:234007:234025 [2] NCCL INFO ncclPollProxyResponse Received new opId=0x7f0af6bbc540
n232-194-226:234007:234056 [2] NCCL INFO Received and initiated operation=Setup res=0
n232-194-226:234006:234024 [1] NCCL INFO ncclPollProxyResponse Received new opId=0x7f6216bbc360
n232-194-226:234007:234025 [2] NCCL INFO recvOpId=0x7f0af6bbc540 matches expected opId=0x7f0af6bbc540
n232-194-226:234006:234024 [1] NCCL INFO recvOpId=0x7f6216bbc360 matches expected opId=0x7f6216bbc360
n232-194-226:234006:234057 [1] NCCL INFO Received and initiated operation=Init res=0
n232-194-226:234007:234025 [2] NCCL INFO Channel 11/0 : 2[2] -> 1[1] via P2P/IPC
n232-194-226:234006:234024 [1] NCCL INFO Connection to proxy localRank 1 -> connection 0x7f620c004230
n232-194-226:234008:234023 [3] NCCL INFO Channel 00/0 : 3[3] -> 0[0] via P2P/IPC
n232-194-226:234007:234056 [2] NCCL INFO New proxy send connection 57 from local rank 2, transport 0
n232-194-226:234007:234056 [2] NCCL INFO proxyProgressAsync opId=0x7f0af6bbc540 op.type=1 op.reqBuff=0x7f0aec171960 op.respSize=16 done
n232-194-226:234007:234025 [2] NCCL INFO ncclPollProxyResponse Received new opId=0x7f0af6bbc540
n232-194-226:234007:234056 [2] NCCL INFO Received and initiated operation=Init res=0
n232-194-226:234007:234025 [2] NCCL INFO recvOpId=0x7f0af6bbc540 matches expected opId=0x7f0af6bbc540
n232-194-226:234007:234025 [2] NCCL INFO Connection to proxy localRank 2 -> connection 0x7f0aec004320
n232-194-226:234008:234054 [3] NCCL INFO New proxy send connection 48 from local rank 3, transport 0
n232-194-226:234008:234054 [3] NCCL INFO proxyProgressAsync opId=0x7f1466bbc540 op.type=1 op.reqBuff=0x7f145c0de480 op.respSize=16 done
n232-194-226:234008:234023 [3] NCCL INFO ncclPollProxyResponse Received new opId=0x7f1466bbc540
n232-194-226:234008:234023 [3] NCCL INFO recvOpId=0x7f1466bbc540 matches expected opId=0x7f1466bbc540
n232-194-226:234008:234054 [3] NCCL INFO Received and initiated operation=Init res=0
n232-194-226:234008:234023 [3] NCCL INFO Connection to proxy localRank 3 -> connection 0x7f145c004050
n232-194-226:234005:234055 [0] NCCL INFO transport/p2p.cc:204 Cuda Alloc Size 10485760 pointer 0x7fbdba000000
n232-194-226:234005:234055 [0] NCCL INFO Allocated shareable buffer 0x7fbdba000000 size 10485760 ipcDesc 0x7fbdf000ea10
n232-194-226:234005:234055 [0] NCCL INFO proxyProgressAsync opId=0x7fbdd6bbc3a0 op.type=3 op.reqBuff=0x7fbdf0027f30 op.respSize=80 done
n232-194-226:234005:234022 [0] NCCL INFO ncclPollProxyResponse Received new opId=0x7fbdd6bbc3a0
n232-194-226:234005:234022 [0] NCCL INFO recvOpId=0x7fbdd6bbc3a0 matches expected opId=0x7fbdd6bbc3a0
n232-194-226:234005:234055 [0] NCCL INFO Received and initiated operation=Setup res=0
n232-194-226:234006:234057 [1] NCCL INFO transport/p2p.cc:204 Cuda Alloc Size 2097152 pointer 0x7f61fb800000
n232-194-226:234005:234055 [0] NCCL INFO New proxy recv connection 42 from local rank 0, transport 0
n232-194-226:234005:234055 [0] NCCL INFO proxyProgressAsync opId=0x7fbdd6bbc3a0 op.type=1 op.reqBuff=0x7fbdf0027f30 op.respSize=16 done
n232-194-226:234005:234022 [0] NCCL INFO ncclPollProxyResponse Received new opId=0x7fbdd6bbc3a0
n232-194-226:234005:234022 [0] NCCL INFO recvOpId=0x7fbdd6bbc3a0 matches expected opId=0x7fbdd6bbc3a0
n232-194-226:234005:234055 [0] NCCL INFO Received and initiated operation=Init res=0
n232-194-226:234005:234022 [0] NCCL INFO Connection to proxy localRank 0 -> connection 0x7fbdf0003e70
n232-194-226:234006:234057 [1] NCCL INFO Allocated shareable buffer 0x7f61fb800000 size 2097152 ipcDesc 0x7f620c043190
n232-194-226:234006:234057 [1] NCCL INFO proxyProgressAsync opId=0x7f6216bbc360 op.type=3 op.reqBuff=0x7f620c170f40 op.respSize=80 done
n232-194-226:234006:234024 [1] NCCL INFO ncclPollProxyResponse Received new opId=0x7f6216bbc360
n232-194-226:234006:234057 [1] NCCL INFO Received and initiated operation=Setup res=0
n232-194-226:234006:234024 [1] NCCL INFO recvOpId=0x7f6216bbc360 matches expected opId=0x7f6216bbc360
n232-194-226:234006:234024 [1] NCCL INFO Channel 08/0 : 1[1] -> 0[0] via P2P/IPC
n232-194-226:234007:234056 [2] NCCL INFO transport/p2p.cc:204 Cuda Alloc Size 2097152 pointer 0x7f0acd400000
n232-194-226:234007:234056 [2] NCCL INFO Allocated shareable buffer 0x7f0acd400000 size 2097152 ipcDesc 0x7f0aec125a40
n232-194-226:234006:234057 [1] NCCL INFO New proxy send connection 55 from local rank 1, transport 0
n232-194-226:234006:234057 [1] NCCL INFO proxyProgressAsync opId=0x7f6216bbc360 op.type=1 op.reqBuff=0x7f620c170f40 op.respSize=16 done
n232-194-226:234007:234056 [2] NCCL INFO proxyProgressAsync opId=0x7f0af6bbc540 op.type=3 op.reqBuff=0x7f0aec173160 op.respSize=80 done
n232-194-226:234006:234024 [1] NCCL INFO ncclPollProxyResponse Received new opId=0x7f6216bbc360
n232-194-226:234007:234025 [2] NCCL INFO ncclPollProxyResponse Received new opId=0x7f0af6bbc540
n232-194-226:234007:234025 [2] NCCL INFO recvOpId=0x7f0af6bbc540 matches expected opId=0x7f0af6bbc540
n232-194-226:234006:234024 [1] NCCL INFO recvOpId=0x7f6216bbc360 matches expected opId=0x7f6216bbc360
n232-194-226:234007:234056 [2] NCCL INFO Received and initiated operation=Setup res=0
n232-194-226:234006:234057 [1] NCCL INFO Received and initiated operation=Init res=0
n232-194-226:234006:234024 [1] NCCL INFO Connection to proxy localRank 1 -> connection 0x7f620c004280
n232-194-226:234008:234054 [3] NCCL INFO transport/p2p.cc:204 Cuda Alloc Size 2097152 pointer 0x7f143aa00000
n232-194-226:234008:234054 [3] NCCL INFO Allocated shareable buffer 0x7f143aa00000 size 2097152 ipcDesc 0x7f145c0f8930
