n232-194-226:234273:234351 [0] NCCL INFO New proxy send connection 2 from local rank 0, transport 0
n232-194-226:234273:234351 [0] NCCL INFO proxyProgressAsync opId=0x7f2b1ebbbce0 op.type=1 op.reqBuff=0x7f2b38007750 op.respSize=16 done
n232-194-226:234276:234302 [3] NCCL INFO Channel 09/0 : 3[3] -> 5[5] via P2P/IPC
n232-194-226:234273:234298 [0] NCCL INFO ncclPollProxyResponse Received new opId=0x7f2b1ebbbce0
n232-194-226:234273:234298 [0] NCCL INFO recvOpId=0x7f2b1ebbbce0 matches expected opId=0x7f2b1ebbbce0
n232-194-226:234273:234298 [0] NCCL INFO Connection to proxy localRank 0 -> connection 0x7f2b380031f0
n232-194-226:234273:234351 [0] NCCL INFO Received and initiated operation=Init res=0
n232-194-226:234277:234349 [4] NCCL INFO transport/p2p.cc:204 Cuda Alloc Size 10485760 pointer 0x7feb02000000
n232-194-226:234276:234346 [3] NCCL INFO New proxy send connection 2 from local rank 3, transport 0
n232-194-226:234276:234346 [3] NCCL INFO proxyProgressAsync opId=0x7fac66bbbce0 op.type=1 op.reqBuff=0x7fac5c007750 op.respSize=16 done
n232-194-226:234276:234302 [3] NCCL INFO ncclPollProxyResponse Received new opId=0x7fac66bbbce0
n232-194-226:234276:234346 [3] NCCL INFO Received and initiated operation=Init res=0
n232-194-226:234276:234302 [3] NCCL INFO recvOpId=0x7fac66bbbce0 matches expected opId=0x7fac66bbbce0
n232-194-226:234276:234302 [3] NCCL INFO Connection to proxy localRank 3 -> connection 0x7fac5c0031f0
n232-194-226:234277:234349 [4] NCCL INFO Allocated shareable buffer 0x7feb02000000 size 10485760 ipcDesc 0x7feb040077e0
n232-194-226:234277:234349 [4] NCCL INFO proxyProgressAsync opId=0x7feb0ebbbce0 op.type=3 op.reqBuff=0x7feb04007770 op.respSize=80 done
n232-194-226:234277:234300 [4] NCCL INFO ncclPollProxyResponse Received new opId=0x7feb0ebbbce0
n232-194-226:234277:234300 [4] NCCL INFO recvOpId=0x7feb0ebbbce0 matches expected opId=0x7feb0ebbbce0
n232-194-226:234277:234349 [4] NCCL INFO Received and initiated operation=Setup res=0
n232-194-226:234277:234349 [4] NCCL INFO New proxy recv connection 3 from local rank 4, transport 0
n232-194-226:234277:234349 [4] NCCL INFO proxyProgressAsync opId=0x7feb0ebbbce0 op.type=1 op.reqBuff=0x7feb04007770 op.respSize=16 done
n232-194-226:234277:234300 [4] NCCL INFO ncclPollProxyResponse Received new opId=0x7feb0ebbbce0
n232-194-226:234277:234300 [4] NCCL INFO recvOpId=0x7feb0ebbbce0 matches expected opId=0x7feb0ebbbce0
n232-194-226:234277:234300 [4] NCCL INFO Connection to proxy localRank 4 -> connection 0x7feb04003240
n232-194-226:234277:234349 [4] NCCL INFO Received and initiated operation=Init res=0
n232-194-226:234274:234350 [1] NCCL INFO transport/p2p.cc:204 Cuda Alloc Size 10485760 pointer 0x7f3606000000
n232-194-226:234278:234348 [5] NCCL INFO transport/p2p.cc:204 Cuda Alloc Size 10485760 pointer 0x7f2c5a000000
n232-194-226:234274:234350 [1] NCCL INFO Allocated shareable buffer 0x7f3606000000 size 10485760 ipcDesc 0x7f36080077e0
n232-194-226:234274:234350 [1] NCCL INFO proxyProgressAsync opId=0x7f3612bbbce0 op.type=3 op.reqBuff=0x7f3608007770 op.respSize=80 done
n232-194-226:234274:234301 [1] NCCL INFO ncclPollProxyResponse Received new opId=0x7f3612bbbce0
n232-194-226:234274:234350 [1] NCCL INFO Received and initiated operation=Setup res=0
n232-194-226:234274:234301 [1] NCCL INFO recvOpId=0x7f3612bbbce0 matches expected opId=0x7f3612bbbce0
n232-194-226:234274:234350 [1] NCCL INFO New proxy recv connection 3 from local rank 1, transport 0
n232-194-226:234274:234350 [1] NCCL INFO proxyProgressAsync opId=0x7f3612bbbce0 op.type=1 op.reqBuff=0x7f3608007770 op.respSize=16 done
n232-194-226:234274:234301 [1] NCCL INFO ncclPollProxyResponse Received new opId=0x7f3612bbbce0
n232-194-226:234274:234350 [1] NCCL INFO Received and initiated operation=Init res=0
n232-194-226:234274:234301 [1] NCCL INFO recvOpId=0x7f3612bbbce0 matches expected opId=0x7f3612bbbce0
n232-194-226:234274:234301 [1] NCCL INFO Connection to proxy localRank 1 -> connection 0x7f3608003240
n232-194-226:234278:234348 [5] NCCL INFO Allocated shareable buffer 0x7f2c5a000000 size 10485760 ipcDesc 0x7f2c5c0077e0
n232-194-226:234278:234348 [5] NCCL INFO proxyProgressAsync opId=0x7f2c66bbbce0 op.type=3 op.reqBuff=0x7f2c5c007770 op.respSize=80 done
n232-194-226:234278:234303 [5] NCCL INFO ncclPollProxyResponse Received new opId=0x7f2c66bbbce0
n232-194-226:234275:234347 [2] NCCL INFO transport/p2p.cc:204 Cuda Alloc Size 2097152 pointer 0x7f519ea00000
n232-194-226:234278:234303 [5] NCCL INFO recvOpId=0x7f2c66bbbce0 matches expected opId=0x7f2c66bbbce0
n232-194-226:234278:234348 [5] NCCL INFO Received and initiated operation=Setup res=0
n232-194-226:234278:234348 [5] NCCL INFO New proxy recv connection 3 from local rank 5, transport 0
n232-194-226:234278:234348 [5] NCCL INFO proxyProgressAsync opId=0x7f2c66bbbce0 op.type=1 op.reqBuff=0x7f2c5c007770 op.respSize=16 done
n232-194-226:234278:234303 [5] NCCL INFO ncclPollProxyResponse Received new opId=0x7f2c66bbbce0
n232-194-226:234278:234348 [5] NCCL INFO Received and initiated operation=Init res=0
n232-194-226:234278:234303 [5] NCCL INFO recvOpId=0x7f2c66bbbce0 matches expected opId=0x7f2c66bbbce0
n232-194-226:234278:234303 [5] NCCL INFO Connection to proxy localRank 5 -> connection 0x7f2c5c003240
n232-194-226:234275:234347 [2] NCCL INFO Allocated shareable buffer 0x7f519ea00000 size 2097152 ipcDesc 0x7f51980077e0
n232-194-226:234275:234347 [2] NCCL INFO proxyProgressAsync opId=0x7f51a2bbbce0 op.type=3 op.reqBuff=0x7f5198007770 op.respSize=80 done
n232-194-226:234275:234299 [2] NCCL INFO ncclPollProxyResponse Received new opId=0x7f51a2bbbce0
n232-194-226:234275:234347 [2] NCCL INFO Received and initiated operation=Setup res=0
n232-194-226:234275:234299 [2] NCCL INFO recvOpId=0x7f51a2bbbce0 matches expected opId=0x7f51a2bbbce0
n232-194-226:234275:234299 [2] NCCL INFO Channel 12/0 : 2[2] -> 5[5] via P2P/IPC
n232-194-226:234273:234351 [0] NCCL INFO transport/p2p.cc:204 Cuda Alloc Size 2097152 pointer 0x7f2b18a00000
n232-194-226:234275:234347 [2] NCCL INFO New proxy send connection 3 from local rank 2, transport 0
n232-194-226:234275:234347 [2] NCCL INFO proxyProgressAsync opId=0x7f51a2bbbce0 op.type=1 op.reqBuff=0x7f5198007770 op.respSize=16 done
n232-194-226:234275:234299 [2] NCCL INFO ncclPollProxyResponse Received new opId=0x7f51a2bbbce0
n232-194-226:234276:234346 [3] NCCL INFO transport/p2p.cc:204 Cuda Alloc Size 2097152 pointer 0x7fac62a00000
n232-194-226:234275:234299 [2] NCCL INFO recvOpId=0x7f51a2bbbce0 matches expected opId=0x7f51a2bbbce0
n232-194-226:234275:234299 [2] NCCL INFO Connection to proxy localRank 2 -> connection 0x7f5198003240
n232-194-226:234275:234347 [2] NCCL INFO Received and initiated operation=Init res=0
n232-194-226:234273:234351 [0] NCCL INFO Allocated shareable buffer 0x7f2b18a00000 size 2097152 ipcDesc 0x7f2b380077e0
n232-194-226:234273:234351 [0] NCCL INFO proxyProgressAsync opId=0x7f2b1ebbbce0 op.type=3 op.reqBuff=0x7f2b38007770 op.respSize=80 done
n232-194-226:234273:234298 [0] NCCL INFO ncclPollProxyResponse Received new opId=0x7f2b1ebbbce0
n232-194-226:234273:234298 [0] NCCL INFO recvOpId=0x7f2b1ebbbce0 matches expected opId=0x7f2b1ebbbce0
n232-194-226:234273:234351 [0] NCCL INFO Received and initiated operation=Setup res=0
n232-194-226:234273:234298 [0] NCCL INFO Channel 15/0 : 0[0] -> 4[4] via P2P/IPC
n232-194-226:234276:234346 [3] NCCL INFO Allocated shareable buffer 0x7fac62a00000 size 2097152 ipcDesc 0x7fac5c0077e0
n232-194-226:234276:234346 [3] NCCL INFO proxyProgressAsync opId=0x7fac66bbbce0 op.type=3 op.reqBuff=0x7fac5c007770 op.respSize=80 done
n232-194-226:234276:234302 [3] NCCL INFO ncclPollProxyResponse Received new opId=0x7fac66bbbce0
n232-194-226:234276:234302 [3] NCCL INFO recvOpId=0x7fac66bbbce0 matches expected opId=0x7fac66bbbce0
n232-194-226:234276:234346 [3] NCCL INFO Received and initiated operation=Setup res=0
n232-194-226:234276:234302 [3] NCCL INFO Channel 13/0 : 3[3] -> 5[5] via P2P/IPC
n232-194-226:234273:234351 [0] NCCL INFO New proxy send connection 3 from local rank 0, transport 0
n232-194-226:234273:234351 [0] NCCL INFO proxyProgressAsync opId=0x7f2b1ebbbce0 op.type=1 op.reqBuff=0x7f2b38007770 op.respSize=16 done
n232-194-226:234273:234298 [0] NCCL INFO ncclPollProxyResponse Received new opId=0x7f2b1ebbbce0
n232-194-226:234277:234349 [4] NCCL INFO transport/p2p.cc:204 Cuda Alloc Size 10485760 pointer 0x7feb02a00000
n232-194-226:234273:234351 [0] NCCL INFO Received and initiated operation=Init res=0
n232-194-226:234273:234298 [0] NCCL INFO recvOpId=0x7f2b1ebbbce0 matches expected opId=0x7f2b1ebbbce0
n232-194-226:234273:234298 [0] NCCL INFO Connection to proxy localRank 0 -> connection 0x7f2b38003240
n232-194-226:234276:234346 [3] NCCL INFO New proxy send connection 3 from local rank 3, transport 0
n232-194-226:234276:234346 [3] NCCL INFO proxyProgressAsync opId=0x7fac66bbbce0 op.type=1 op.reqBuff=0x7fac5c007770 op.respSize=16 done
n232-194-226:234276:234302 [3] NCCL INFO ncclPollProxyResponse Received new opId=0x7fac66bbbce0
n232-194-226:234276:234302 [3] NCCL INFO recvOpId=0x7fac66bbbce0 matches expected opId=0x7fac66bbbce0
n232-194-226:234276:234346 [3] NCCL INFO Received and initiated operation=Init res=0
n232-194-226:234276:234302 [3] NCCL INFO Connection to proxy localRank 3 -> connection 0x7fac5c003240
n232-194-226:234277:234349 [4] NCCL INFO Allocated shareable buffer 0x7feb02a00000 size 10485760 ipcDesc 0x7feb04008a40
n232-194-226:234277:234349 [4] NCCL INFO proxyProgressAsync opId=0x7feb0ebbbce0 op.type=3 op.reqBuff=0x7feb040089d0 op.respSize=80 done
n232-194-226:234277:234300 [4] NCCL INFO ncclPollProxyResponse Received new opId=0x7feb0ebbbce0
n232-194-226:234277:234349 [4] NCCL INFO Received and initiated operation=Setup res=0
n232-194-226:234277:234300 [4] NCCL INFO recvOpId=0x7feb0ebbbce0 matches expected opId=0x7feb0ebbbce0
n232-194-226:234274:234350 [1] NCCL INFO transport/p2p.cc:204 Cuda Alloc Size 10485760 pointer 0x7f3606a00000
n232-194-226:234274:234350 [1] NCCL INFO Allocated shareable buffer 0x7f3606a00000 size 10485760 ipcDesc 0x7f3608008a40
n232-194-226:234274:234350 [1] NCCL INFO proxyProgressAsync opId=0x7f3612bbbce0 op.type=3 op.reqBuff=0x7f36080089d0 op.respSize=80 done
n232-194-226:234274:234301 [1] NCCL INFO ncclPollProxyResponse Received new opId=0x7f3612bbbce0
n232-194-226:234274:234301 [1] NCCL INFO recvOpId=0x7f3612bbbce0 matches expected opId=0x7f3612bbbce0
n232-194-226:234274:234350 [1] NCCL INFO Received and initiated operation=Setup res=0
n232-194-226:234278:234348 [5] NCCL INFO transport/p2p.cc:204 Cuda Alloc Size 10485760 pointer 0x7f2c5aa00000
n232-194-226:234278:234348 [5] NCCL INFO Allocated shareable buffer 0x7f2c5aa00000 size 10485760 ipcDesc 0x7f2c5c008a40
n232-194-226:234278:234348 [5] NCCL INFO proxyProgressAsync opId=0x7f2c66bbbce0 op.type=3 op.reqBuff=0x7f2c5c0089d0 op.respSize=80 done
n232-194-226:234278:234303 [5] NCCL INFO ncclPollProxyResponse Received new opId=0x7f2c66bbbce0
n232-194-226:234278:234303 [5] NCCL INFO recvOpId=0x7f2c66bbbce0 matches expected opId=0x7f2c66bbbce0
n232-194-226:234278:234348 [5] NCCL INFO Received and initiated operation=Setup res=0
n232-194-226:234275:234347 [2] NCCL INFO transport/p2p.cc:204 Cuda Alloc Size 2097152 pointer 0x7f519ec00000
n232-194-226:234275:234347 [2] NCCL INFO Allocated shareable buffer 0x7f519ec00000 size 2097152 ipcDesc 0x7f51980085f0
n232-194-226:234275:234347 [2] NCCL INFO proxyProgressAsync opId=0x7f51a2bbbce0 op.type=3 op.reqBuff=0x7f5198008580 op.respSize=80 done
n232-194-226:234275:234299 [2] NCCL INFO ncclPollProxyResponse Received new opId=0x7f51a2bbbce0
n232-194-226:234275:234299 [2] NCCL INFO recvOpId=0x7f51a2bbbce0 matches expected opId=0x7f51a2bbbce0
n232-194-226:234275:234347 [2] NCCL INFO Received and initiated operation=Setup res=0
n232-194-226:234273:234351 [0] NCCL INFO transport/p2p.cc:204 Cuda Alloc Size 2097152 pointer 0x7f2b18c00000
n232-194-226:234276:234346 [3] NCCL INFO transport/p2p.cc:204 Cuda Alloc Size 2097152 pointer 0x7fac62c00000
n232-194-226:234273:234351 [0] NCCL INFO Allocated shareable buffer 0x7f2b18c00000 size 2097152 ipcDesc 0x7f2b380085f0
n232-194-226:234273:234351 [0] NCCL INFO proxyProgressAsync opId=0x7f2b1ebbbce0 op.type=3 op.reqBuff=0x7f2b38008580 op.respSize=80 done
n232-194-226:234276:234346 [3] NCCL INFO Allocated shareable buffer 0x7fac62c00000 size 2097152 ipcDesc 0x7fac5c0085f0
n232-194-226:234276:234346 [3] NCCL INFO proxyProgressAsync opId=0x7fac66bbbce0 op.type=3 op.reqBuff=0x7fac5c008580 op.respSize=80 done
n232-194-226:234273:234298 [0] NCCL INFO ncclPollProxyResponse Received new opId=0x7f2b1ebbbce0
n232-194-226:234276:234302 [3] NCCL INFO ncclPollProxyResponse Received new opId=0x7fac66bbbce0
n232-194-226:234273:234298 [0] NCCL INFO recvOpId=0x7f2b1ebbbce0 matches expected opId=0x7f2b1ebbbce0
n232-194-226:234276:234346 [3] NCCL INFO Received and initiated operation=Setup res=0
n232-194-226:234273:234351 [0] NCCL INFO Received and initiated operation=Setup res=0
n232-194-226:234276:234302 [3] NCCL INFO recvOpId=0x7fac66bbbce0 matches expected opId=0x7fac66bbbce0
n232-194-226:234277:234300 [4] NCCL INFO GPU Direct RDMA Enabled for GPU 87000 / HCA 3 (distance 3 <= 4), read 0
n232-194-226:234273:234298 [0] NCCL INFO Channel 02/0 : 0[0] -> 5[5] via P2P/IPC
n232-194-226:234278:234348 [5] NCCL INFO New proxy recv connection 4 from local rank 5, transport 0
n232-194-226:234278:234348 [5] NCCL INFO proxyProgressAsync opId=0x7f2c66bbbce0 op.type=1 op.reqBuff=0x7f2c5c0089d0 op.respSize=16 done
n232-194-226:234276:234302 [3] NCCL INFO GPU Direct RDMA Enabled for GPU 5a000 / HCA 2 (distance 3 <= 4), read 0
n232-194-226:234278:234303 [5] NCCL INFO ncclPollProxyResponse Received new opId=0x7f2c66bbbce0
n232-194-226:234278:234303 [5] NCCL INFO recvOpId=0x7f2c66bbbce0 matches expected opId=0x7f2c66bbbce0
n232-194-226:234278:234348 [5] NCCL INFO Received and initiated operation=Init res=0
n232-194-226:234278:234303 [5] NCCL INFO Connection to proxy localRank 5 -> connection 0x7f2c5c003290
n232-194-226:234273:234351 [0] NCCL INFO New proxy send connection 4 from local rank 0, transport 0
n232-194-226:234273:234351 [0] NCCL INFO proxyProgressAsync opId=0x7f2b1ebbbce0 op.type=1 op.reqBuff=0x7f2b38008580 op.respSize=16 done
n232-194-226:234273:234298 [0] NCCL INFO ncclPollProxyResponse Received new opId=0x7f2b1ebbbce0
n232-194-226:234273:234351 [0] NCCL INFO Received and initiated operation=Init res=0
n232-194-226:234273:234298 [0] NCCL INFO recvOpId=0x7f2b1ebbbce0 matches expected opId=0x7f2b1ebbbce0
n232-194-226:234273:234298 [0] NCCL INFO Connection to proxy localRank 0 -> connection 0x7f2b38003290
n232-194-226:234277:234349 [4] NCCL INFO Allocated 4194660 bytes of shared memory in /dev/shm/nccl-JWdKFG
n232-194-226:234276:234346 [3] NCCL INFO Allocated 4194660 bytes of shared memory in /dev/shm/nccl-YiTMAO
n232-194-226:234278:234348 [5] NCCL INFO transport/p2p.cc:204 Cuda Alloc Size 10485760 pointer 0x7f2c5b400000
n232-194-226:234278:234348 [5] NCCL INFO Allocated shareable buffer 0x7f2c5b400000 size 10485760 ipcDesc 0x7f2c5c009830
n232-194-226:234278:234348 [5] NCCL INFO proxyProgressAsync opId=0x7f2c66bbbce0 op.type=3 op.reqBuff=0x7f2c5c0097c0 op.respSize=80 done
n232-194-226:234278:234303 [5] NCCL INFO ncclPollProxyResponse Received new opId=0x7f2c66bbbce0
n232-194-226:234278:234348 [5] NCCL INFO Received and initiated operation=Setup res=0
n232-194-226:234278:234303 [5] NCCL INFO recvOpId=0x7f2c66bbbce0 matches expected opId=0x7f2c66bbbce0
n232-194-226:234273:234351 [0] NCCL INFO transport/p2p.cc:204 Cuda Alloc Size 2097152 pointer 0x7f2b18e00000
n232-194-226:234278:234348 [5] NCCL INFO New proxy recv connection 5 from local rank 5, transport 0
n232-194-226:234278:234348 [5] NCCL INFO proxyProgressAsync opId=0x7f2c66bbbce0 op.type=1 op.reqBuff=0x7f2c5c0097c0 op.respSize=16 done
n232-194-226:234273:234351 [0] NCCL INFO Allocated shareable buffer 0x7f2b18e00000 size 2097152 ipcDesc 0x7f2b380093e0
n232-194-226:234273:234351 [0] NCCL INFO proxyProgressAsync opId=0x7f2b1ebbbce0 op.type=3 op.reqBuff=0x7f2b38009370 op.respSize=80 done
n232-194-226:234278:234303 [5] NCCL INFO ncclPollProxyResponse Received new opId=0x7f2c66bbbce0
n232-194-226:234273:234298 [0] NCCL INFO ncclPollProxyResponse Received new opId=0x7f2b1ebbbce0
n232-194-226:234278:234348 [5] NCCL INFO Received and initiated operation=Init res=0
n232-194-226:234273:234351 [0] NCCL INFO Received and initiated operation=Setup res=0
n232-194-226:234278:234303 [5] NCCL INFO recvOpId=0x7f2c66bbbce0 matches expected opId=0x7f2c66bbbce0
n232-194-226:234273:234298 [0] NCCL INFO recvOpId=0x7f2b1ebbbce0 matches expected opId=0x7f2b1ebbbce0
n232-194-226:234278:234303 [5] NCCL INFO Connection to proxy localRank 5 -> connection 0x7f2c5c0032e0
n232-194-226:234273:234298 [0] NCCL INFO Channel 06/0 : 0[0] -> 5[5] via P2P/IPC
n232-194-226:234273:234351 [0] NCCL INFO New proxy send connection 5 from local rank 0, transport 0
n232-194-226:234273:234351 [0] NCCL INFO proxyProgressAsync opId=0x7f2b1ebbbce0 op.type=1 op.reqBuff=0x7f2b38009370 op.respSize=16 done
n232-194-226:234273:234298 [0] NCCL INFO ncclPollProxyResponse Received new opId=0x7f2b1ebbbce0
n232-194-226:234273:234351 [0] NCCL INFO Received and initiated operation=Init res=0
n232-194-226:234273:234298 [0] NCCL INFO recvOpId=0x7f2b1ebbbce0 matches expected opId=0x7f2b1ebbbce0
n232-194-226:234273:234298 [0] NCCL INFO Connection to proxy localRank 0 -> connection 0x7f2b380032e0
n232-194-226:234278:234348 [5] NCCL INFO transport/p2p.cc:204 Cuda Alloc Size 10485760 pointer 0x7f2c58000000
n232-194-226:234278:234348 [5] NCCL INFO Allocated shareable buffer 0x7f2c58000000 size 10485760 ipcDesc 0x7f2c5c00a620
n232-194-226:234278:234348 [5] NCCL INFO proxyProgressAsync opId=0x7f2c66bbbce0 op.type=3 op.reqBuff=0x7f2c5c00a5b0 op.respSize=80 done
n232-194-226:234278:234303 [5] NCCL INFO ncclPollProxyResponse Received new opId=0x7f2c66bbbce0
n232-194-226:234278:234303 [5] NCCL INFO recvOpId=0x7f2c66bbbce0 matches expected opId=0x7f2c66bbbce0
n232-194-226:234278:234348 [5] NCCL INFO Received and initiated operation=Setup res=0
n232-194-226:234278:234348 [5] NCCL INFO New proxy recv connection 6 from local rank 5, transport 0
n232-194-226:234278:234348 [5] NCCL INFO proxyProgressAsync opId=0x7f2c66bbbce0 op.type=1 op.reqBuff=0x7f2c5c00a5b0 op.respSize=16 done
n232-194-226:234273:234351 [0] NCCL INFO transport/p2p.cc:204 Cuda Alloc Size 2097152 pointer 0x7f2b19000000
n232-194-226:234278:234303 [5] NCCL INFO ncclPollProxyResponse Received new opId=0x7f2c66bbbce0
n232-194-226:234278:234348 [5] NCCL INFO Received and initiated operation=Init res=0
n232-194-226:234273:234351 [0] NCCL INFO Allocated shareable buffer 0x7f2b19000000 size 2097152 ipcDesc 0x7f2b3800a1d0
n232-194-226:234273:234351 [0] NCCL INFO proxyProgressAsync opId=0x7f2b1ebbbce0 op.type=3 op.reqBuff=0x7f2b3800a160 op.respSize=80 done
n232-194-226:234278:234303 [5] NCCL INFO recvOpId=0x7f2c66bbbce0 matches expected opId=0x7f2c66bbbce0
n232-194-226:234278:234303 [5] NCCL INFO Connection to proxy localRank 5 -> connection 0x7f2c5c003330
n232-194-226:234273:234298 [0] NCCL INFO ncclPollProxyResponse Received new opId=0x7f2b1ebbbce0
n232-194-226:234273:234351 [0] NCCL INFO Received and initiated operation=Setup res=0
n232-194-226:234273:234298 [0] NCCL INFO recvOpId=0x7f2b1ebbbce0 matches expected opId=0x7f2b1ebbbce0
n232-194-226:234273:234298 [0] NCCL INFO Channel 10/0 : 0[0] -> 5[5] via P2P/IPC
n232-194-226:234273:234351 [0] NCCL INFO New proxy send connection 6 from local rank 0, transport 0
n232-194-226:234273:234351 [0] NCCL INFO proxyProgressAsync opId=0x7f2b1ebbbce0 op.type=1 op.reqBuff=0x7f2b3800a160 op.respSize=16 done
n232-194-226:234273:234298 [0] NCCL INFO ncclPollProxyResponse Received new opId=0x7f2b1ebbbce0
n232-194-226:234273:234351 [0] NCCL INFO Received and initiated operation=Init res=0
n232-194-226:234273:234298 [0] NCCL INFO recvOpId=0x7f2b1ebbbce0 matches expected opId=0x7f2b1ebbbce0
n232-194-226:234273:234298 [0] NCCL INFO Connection to proxy localRank 0 -> connection 0x7f2b38003330
n232-194-226:234278:234348 [5] NCCL INFO transport/p2p.cc:204 Cuda Alloc Size 10485760 pointer 0x7f2c58a00000
n232-194-226:234278:234348 [5] NCCL INFO Allocated shareable buffer 0x7f2c58a00000 size 10485760 ipcDesc 0x7f2c5c00b7c0
n232-194-226:234278:234348 [5] NCCL INFO proxyProgressAsync opId=0x7f2c66bbbce0 op.type=3 op.reqBuff=0x7f2c5c00b750 op.respSize=80 done
n232-194-226:234278:234303 [5] NCCL INFO ncclPollProxyResponse Received new opId=0x7f2c66bbbce0
n232-194-226:234278:234348 [5] NCCL INFO Received and initiated operation=Setup res=0
n232-194-226:234278:234303 [5] NCCL INFO recvOpId=0x7f2c66bbbce0 matches expected opId=0x7f2c66bbbce0
n232-194-226:234278:234348 [5] NCCL INFO New proxy recv connection 7 from local rank 5, transport 0
n232-194-226:234278:234348 [5] NCCL INFO proxyProgressAsync opId=0x7f2c66bbbce0 op.type=1 op.reqBuff=0x7f2c5c00b750 op.respSize=16 done
n232-194-226:234278:234303 [5] NCCL INFO ncclPollProxyResponse Received new opId=0x7f2c66bbbce0
n232-194-226:234278:234348 [5] NCCL INFO Received and initiated operation=Init res=0
n232-194-226:234278:234303 [5] NCCL INFO recvOpId=0x7f2c66bbbce0 matches expected opId=0x7f2c66bbbce0
n232-194-226:234278:234303 [5] NCCL INFO Connection to proxy localRank 5 -> connection 0x7f2c5c003380
n232-194-226:234273:234351 [0] NCCL INFO transport/p2p.cc:204 Cuda Alloc Size 2097152 pointer 0x7f2b19200000
n232-194-226:234273:234351 [0] NCCL INFO Allocated shareable buffer 0x7f2b19200000 size 2097152 ipcDesc 0x7f2b3800afc0
n232-194-226:234273:234351 [0] NCCL INFO proxyProgressAsync opId=0x7f2b1ebbbce0 op.type=3 op.reqBuff=0x7f2b3800af50 op.respSize=80 done
n232-194-226:234273:234298 [0] NCCL INFO ncclPollProxyResponse Received new opId=0x7f2b1ebbbce0
n232-194-226:234273:234351 [0] NCCL INFO Received and initiated operation=Setup res=0
n232-194-226:234273:234298 [0] NCCL INFO recvOpId=0x7f2b1ebbbce0 matches expected opId=0x7f2b1ebbbce0
n232-194-226:234273:234298 [0] NCCL INFO Channel 14/0 : 0[0] -> 5[5] via P2P/IPC
n232-194-226:234273:234351 [0] NCCL INFO New proxy send connection 7 from local rank 0, transport 0
n232-194-226:234273:234351 [0] NCCL INFO proxyProgressAsync opId=0x7f2b1ebbbce0 op.type=1 op.reqBuff=0x7f2b3800af50 op.respSize=16 done
n232-194-226:234273:234298 [0] NCCL INFO ncclPollProxyResponse Received new opId=0x7f2b1ebbbce0
n232-194-226:234273:234298 [0] NCCL INFO recvOpId=0x7f2b1ebbbce0 matches expected opId=0x7f2b1ebbbce0
n232-194-226:234273:234298 [0] NCCL INFO Connection to proxy localRank 0 -> connection 0x7f2b38003380
n232-194-226:234273:234351 [0] NCCL INFO Received and initiated operation=Init res=0
n232-194-226:234278:234348 [5] NCCL INFO transport/p2p.cc:204 Cuda Alloc Size 10485760 pointer 0x7f2c59400000
n232-194-226:234278:234348 [5] NCCL INFO Allocated shareable buffer 0x7f2c59400000 size 10485760 ipcDesc 0x7f2c5c00c520
n232-194-226:234278:234348 [5] NCCL INFO proxyProgressAsync opId=0x7f2c66bbbce0 op.type=3 op.reqBuff=0x7f2c5c00c4f0 op.respSize=80 done
n232-194-226:234278:234303 [5] NCCL INFO ncclPollProxyResponse Received new opId=0x7f2c66bbbce0
n232-194-226:234278:234348 [5] NCCL INFO Received and initiated operation=Setup res=0
n232-194-226:234278:234303 [5] NCCL INFO recvOpId=0x7f2c66bbbce0 matches expected opId=0x7f2c66bbbce0
n232-194-226:234273:234351 [0] NCCL INFO transport/p2p.cc:204 Cuda Alloc Size 2097152 pointer 0x7f2b19400000
n232-194-226:234273:234351 [0] NCCL INFO Allocated shareable buffer 0x7f2b19400000 size 2097152 ipcDesc 0x7f2b3800bd70
n232-194-226:234273:234351 [0] NCCL INFO proxyProgressAsync opId=0x7f2b1ebbbce0 op.type=3 op.reqBuff=0x7f2b3800bd40 op.respSize=80 done
n232-194-226:234273:234298 [0] NCCL INFO ncclPollProxyResponse Received new opId=0x7f2b1ebbbce0
n232-194-226:234273:234351 [0] NCCL INFO Received and initiated operation=Setup res=0
n232-194-226:234273:234298 [0] NCCL INFO recvOpId=0x7f2b1ebbbce0 matches expected opId=0x7f2b1ebbbce0
n232-194-226:234275:234299 [2] NCCL INFO GPU Direct RDMA Enabled for GPU 48000 / HCA 1 (distance 3 <= 4), read 0
n232-194-226:234278:234348 [5] NCCL INFO New proxy recv connection 8 from local rank 5, transport 0
n232-194-226:234278:234348 [5] NCCL INFO proxyProgressAsync opId=0x7f2c66bbbce0 op.type=1 op.reqBuff=0x7f2c5c00c4f0 op.respSize=16 done
n232-194-226:234278:234303 [5] NCCL INFO ncclPollProxyResponse Received new opId=0x7f2c66bbbce0
n232-194-226:234278:234303 [5] NCCL INFO recvOpId=0x7f2c66bbbce0 matches expected opId=0x7f2c66bbbce0
n232-194-226:234278:234303 [5] NCCL INFO Connection to proxy localRank 5 -> connection 0x7f2c5c0033d0
n232-194-226:234278:234348 [5] NCCL INFO Received and initiated operation=Init res=0
n232-194-226:234275:234347 [2] NCCL INFO Allocated 4194660 bytes of shared memory in /dev/shm/nccl-0SLdp6
n232-194-226:234278:234348 [5] NCCL INFO transport/p2p.cc:204 Cuda Alloc Size 10485760 pointer 0x7f2c56000000
n232-194-226:234278:234348 [5] NCCL INFO Allocated shareable buffer 0x7f2c56000000 size 10485760 ipcDesc 0x7f2c5c00c520
n232-194-226:234278:234348 [5] NCCL INFO proxyProgressAsync opId=0x7f2c66bbbce0 op.type=3 op.reqBuff=0x7f2c5c00c5b0 op.respSize=80 done
n232-194-226:234278:234303 [5] NCCL INFO ncclPollProxyResponse Received new opId=0x7f2c66bbbce0
n232-194-226:234278:234303 [5] NCCL INFO recvOpId=0x7f2c66bbbce0 matches expected opId=0x7f2c66bbbce0
n232-194-226:234278:234348 [5] NCCL INFO Received and initiated operation=Setup res=0
n232-194-226:234278:234348 [5] NCCL INFO New proxy recv connection 9 from local rank 5, transport 0
n232-194-226:234278:234348 [5] NCCL INFO proxyProgressAsync opId=0x7f2c66bbbce0 op.type=1 op.reqBuff=0x7f2c5c00c5b0 op.respSize=16 done
n232-194-226:234278:234303 [5] NCCL INFO ncclPollProxyResponse Received new opId=0x7f2c66bbbce0
n232-194-226:234278:234303 [5] NCCL INFO recvOpId=0x7f2c66bbbce0 matches expected opId=0x7f2c66bbbce0
n232-194-226:234278:234303 [5] NCCL INFO Connection to proxy localRank 5 -> connection 0x7f2c5c003420
n232-194-226:234278:234348 [5] NCCL INFO Received and initiated operation=Init res=0
n232-194-226:234278:234348 [5] NCCL INFO transport/p2p.cc:204 Cuda Alloc Size 10485760 pointer 0x7f2c56a00000
n232-194-226:234278:234348 [5] NCCL INFO Allocated shareable buffer 0x7f2c56a00000 size 10485760 ipcDesc 0x7f2c5c00c520
n232-194-226:234278:234348 [5] NCCL INFO proxyProgressAsync opId=0x7f2c66bbbce0 op.type=3 op.reqBuff=0x7f2c5c00c5f0 op.respSize=80 done
n232-194-226:234278:234303 [5] NCCL INFO ncclPollProxyResponse Received new opId=0x7f2c66bbbce0
n232-194-226:234278:234303 [5] NCCL INFO recvOpId=0x7f2c66bbbce0 matches expected opId=0x7f2c66bbbce0
n232-194-226:234278:234348 [5] NCCL INFO Received and initiated operation=Setup res=0
n232-194-226:234278:234348 [5] NCCL INFO New proxy recv connection 10 from local rank 5, transport 0
n232-194-226:234278:234348 [5] NCCL INFO proxyProgressAsync opId=0x7f2c66bbbce0 op.type=1 op.reqBuff=0x7f2c5c00c5f0 op.respSize=16 done
n232-194-226:234278:234303 [5] NCCL INFO ncclPollProxyResponse Received new opId=0x7f2c66bbbce0
n232-194-226:234278:234303 [5] NCCL INFO recvOpId=0x7f2c66bbbce0 matches expected opId=0x7f2c66bbbce0
n232-194-226:234278:234348 [5] NCCL INFO Received and initiated operation=Init res=0
n232-194-226:234278:234303 [5] NCCL INFO Connection to proxy localRank 5 -> connection 0x7f2c5c003470
n232-194-226:234278:234348 [5] NCCL INFO transport/p2p.cc:204 Cuda Alloc Size 10485760 pointer 0x7f2c57400000
n232-194-226:234278:234348 [5] NCCL INFO Allocated shareable buffer 0x7f2c57400000 size 10485760 ipcDesc 0x7f2c5c00c520
n232-194-226:234278:234348 [5] NCCL INFO proxyProgressAsync opId=0x7f2c66bbbce0 op.type=3 op.reqBuff=0x7f2c5c00e280 op.respSize=80 done
n232-194-226:234278:234303 [5] NCCL INFO ncclPollProxyResponse Received new opId=0x7f2c66bbbce0
n232-194-226:234278:234303 [5] NCCL INFO recvOpId=0x7f2c66bbbce0 matches expected opId=0x7f2c66bbbce0
n232-194-226:234278:234348 [5] NCCL INFO Received and initiated operation=Setup res=0
n232-194-226:234278:234348 [5] NCCL INFO New proxy recv connection 11 from local rank 5, transport 0
n232-194-226:234278:234348 [5] NCCL INFO proxyProgressAsync opId=0x7f2c66bbbce0 op.type=1 op.reqBuff=0x7f2c5c00e280 op.respSize=16 done
n232-194-226:234278:234303 [5] NCCL INFO ncclPollProxyResponse Received new opId=0x7f2c66bbbce0
n232-194-226:234278:234303 [5] NCCL INFO recvOpId=0x7f2c66bbbce0 matches expected opId=0x7f2c66bbbce0
n232-194-226:234278:234348 [5] NCCL INFO Received and initiated operation=Init res=0
n232-194-226:234278:234303 [5] NCCL INFO Connection to proxy localRank 5 -> connection 0x7f2c5c0034c0
n232-194-226:234278:234348 [5] NCCL INFO transport/p2p.cc:204 Cuda Alloc Size 10485760 pointer 0x7f2c54000000
n232-194-226:234278:234348 [5] NCCL INFO Allocated shareable buffer 0x7f2c54000000 size 10485760 ipcDesc 0x7f2c5c00c520
n232-194-226:234278:234348 [5] NCCL INFO proxyProgressAsync opId=0x7f2c66bbbce0 op.type=3 op.reqBuff=0x7f2c5c00e2c0 op.respSize=80 done
n232-194-226:234278:234303 [5] NCCL INFO ncclPollProxyResponse Received new opId=0x7f2c66bbbce0
n232-194-226:234278:234348 [5] NCCL INFO Received and initiated operation=Setup res=0
n232-194-226:234278:234303 [5] NCCL INFO recvOpId=0x7f2c66bbbce0 matches expected opId=0x7f2c66bbbce0
n232-194-226:234278:234303 [5] NCCL INFO GPU Direct RDMA Enabled for GPU ae000 / HCA 3 (distance 3 <= 4), read 1
n232-194-226:234276:234346 [3] NCCL INFO New proxy recv connection 4 from local rank 3, transport 2
n232-194-226:234276:234346 [3] NCCL INFO proxyProgressAsync opId=0x7fac66bbbce0 op.type=1 op.reqBuff=0x7fac5c008580 op.respSize=16 done
n232-194-226:234276:234302 [3] NCCL INFO ncclPollProxyResponse Received new opId=0x7fac66bbbce0
n232-194-226:234276:234302 [3] NCCL INFO recvOpId=0x7fac66bbbce0 matches expected opId=0x7fac66bbbce0
n232-194-226:234276:234346 [3] NCCL INFO Received and initiated operation=Init res=0
n232-194-226:234276:234302 [3] NCCL INFO Connection to proxy localRank 3 -> connection 0x7fac5c003290
n232-194-226:234276:234346 [3] NCCL INFO proxyProgressAsync opId=0x7fac66bbbce0 op.type=3 op.reqBuff=0x7fac5c009680 op.respSize=128 done
n232-194-226:234276:234302 [3] NCCL INFO ncclPollProxyResponse Received new opId=0x7fac66bbbce0
n232-194-226:234276:234302 [3] NCCL INFO recvOpId=0x7fac66bbbce0 matches expected opId=0x7fac66bbbce0
n232-194-226:234276:234346 [3] NCCL INFO Received and initiated operation=Setup res=0
n232-194-226:234276:234302 [3] NCCL INFO Channel 01/0 : 6[0] -> 3[3] [receive] via NET/IB/2/GDRDMA
n232-194-226:234276:234302 [3] NCCL INFO GPU Direct RDMA Enabled for GPU 5a000 / HCA 2 (distance 3 <= 4), read 0
n232-194-226:234276:234346 [3] NCCL INFO New proxy recv connection 5 from local rank 3, transport 2
n232-194-226:234276:234346 [3] NCCL INFO proxyProgressAsync opId=0x7fac66bbbce0 op.type=1 op.reqBuff=0x7fac5c009370 op.respSize=16 done
n232-194-226:234276:234302 [3] NCCL INFO ncclPollProxyResponse Received new opId=0x7fac66bbbce0
n232-194-226:234276:234346 [3] NCCL INFO Received and initiated operation=Init res=0
n232-194-226:234276:234302 [3] NCCL INFO recvOpId=0x7fac66bbbce0 matches expected opId=0x7fac66bbbce0
n232-194-226:234276:234302 [3] NCCL INFO Connection to proxy localRank 3 -> connection 0x7fac5c0032e0
n232-194-226:234276:234346 [3] NCCL INFO proxyProgressAsync opId=0x7fac66bbbce0 op.type=3 op.reqBuff=0x7fac5c00eb60 op.respSize=128 done
n232-194-226:234276:234302 [3] NCCL INFO ncclPollProxyResponse Received new opId=0x7fac66bbbce0
n232-194-226:234276:234302 [3] NCCL INFO recvOpId=0x7fac66bbbce0 matches expected opId=0x7fac66bbbce0
n232-194-226:234276:234346 [3] NCCL INFO Received and initiated operation=Setup res=0
n232-194-226:234276:234302 [3] NCCL INFO Channel 05/0 : 6[0] -> 3[3] [receive] via NET/IB/2/GDRDMA
n232-194-226:234276:234302 [3] NCCL INFO GPU Direct RDMA Enabled for GPU 5a000 / HCA 2 (distance 3 <= 4), read 0
n232-194-226:234276:234346 [3] NCCL INFO New proxy recv connection 6 from local rank 3, transport 2
n232-194-226:234276:234346 [3] NCCL INFO proxyProgressAsync opId=0x7fac66bbbce0 op.type=1 op.reqBuff=0x7fac5c00eb00 op.respSize=16 done
n232-194-226:234277:234349 [4] NCCL INFO New proxy recv connection 4 from local rank 4, transport 2
n232-194-226:234277:234349 [4] NCCL INFO proxyProgressAsync opId=0x7feb0ebbbce0 op.type=1 op.reqBuff=0x7feb040089d0 op.respSize=16 done
n232-194-226:234276:234302 [3] NCCL INFO ncclPollProxyResponse Received new opId=0x7fac66bbbce0
n232-194-226:234276:234346 [3] NCCL INFO Received and initiated operation=Init res=0
n232-194-226:234276:234302 [3] NCCL INFO recvOpId=0x7fac66bbbce0 matches expected opId=0x7fac66bbbce0
n232-194-226:234276:234302 [3] NCCL INFO Connection to proxy localRank 3 -> connection 0x7fac5c003330
n232-194-226:234277:234300 [4] NCCL INFO ncclPollProxyResponse Received new opId=0x7feb0ebbbce0
n232-194-226:234277:234300 [4] NCCL INFO recvOpId=0x7feb0ebbbce0 matches expected opId=0x7feb0ebbbce0
n232-194-226:234277:234349 [4] NCCL INFO Received and initiated operation=Init res=0
n232-194-226:234277:234300 [4] NCCL INFO Connection to proxy localRank 4 -> connection 0x7feb04003290
n232-194-226:234277:234349 [4] NCCL INFO New proxy send connection 5 from local rank 5, transport 2
n232-194-226:234276:234346 [3] NCCL INFO proxyProgressAsync opId=0x7fac66bbbce0 op.type=3 op.reqBuff=0x7fac5c013fa0 op.respSize=128 done
n232-194-226:234277:234349 [4] NCCL INFO proxyProgressAsync opId=0x7f2c66bbbce0 op.type=1 op.reqBuff=0x7feb040097c0 op.respSize=16 done
n232-194-226:234276:234302 [3] NCCL INFO ncclPollProxyResponse Received new opId=0x7fac66bbbce0
n232-194-226:234278:234303 [5] NCCL INFO ncclPollProxyResponse Received new opId=0x7f2c66bbbce0
n232-194-226:234276:234302 [3] NCCL INFO recvOpId=0x7fac66bbbce0 matches expected opId=0x7fac66bbbce0
n232-194-226:234276:234302 [3] NCCL INFO Channel 09/0 : 6[0] -> 3[3] [receive] via NET/IB/2/GDRDMA
n232-194-226:234276:234302 [3] NCCL INFO GPU Direct RDMA Enabled for GPU 5a000 / HCA 2 (distance 3 <= 4), read 0
n232-194-226:234276:234346 [3] NCCL INFO Received and initiated operation=Setup res=0
n232-194-226:234277:234349 [4] NCCL INFO Received and initiated operation=Init res=0
n232-194-226:234278:234303 [5] NCCL INFO recvOpId=0x7f2c66bbbce0 matches expected opId=0x7f2c66bbbce0
n232-194-226:234276:234346 [3] NCCL INFO New proxy recv connection 7 from local rank 3, transport 2
n232-194-226:234276:234346 [3] NCCL INFO proxyProgressAsync opId=0x7fac66bbbce0 op.type=1 op.reqBuff=0x7fac5c009370 op.respSize=16 done
n232-194-226:234278:234303 [5] NCCL INFO Connection to proxy localRank 4 -> connection 0x7feb040032e0
n232-194-226:234276:234302 [3] NCCL INFO ncclPollProxyResponse Received new opId=0x7fac66bbbce0
n232-194-226:234276:234346 [3] NCCL INFO Received and initiated operation=Init res=0
n232-194-226:234276:234302 [3] NCCL INFO recvOpId=0x7fac66bbbce0 matches expected opId=0x7fac66bbbce0
n232-194-226:234276:234302 [3] NCCL INFO Connection to proxy localRank 3 -> connection 0x7fac5c003380
n232-194-226:234277:234349 [4] NCCL INFO proxyProgressAsync opId=0x7feb0ebbbce0 op.type=3 op.reqBuff=0x7feb04009b30 op.respSize=128 done
n232-194-226:234277:234300 [4] NCCL INFO ncclPollProxyResponse Received new opId=0x7feb0ebbbce0
n232-194-226:234277:234300 [4] NCCL INFO recvOpId=0x7feb0ebbbce0 matches expected opId=0x7feb0ebbbce0
n232-194-226:234277:234349 [4] NCCL INFO Received and initiated operation=Setup res=0
n232-194-226:234277:234300 [4] NCCL INFO Channel 02/0 : 11[5] -> 4[4] [receive] via NET/IB/3/GDRDMA
n232-194-226:234277:234300 [4] NCCL INFO GPU Direct RDMA Enabled for GPU 87000 / HCA 3 (distance 3 <= 4), read 0
n232-194-226:234276:234346 [3] NCCL INFO proxyProgressAsync opId=0x7fac66bbbce0 op.type=3 op.reqBuff=0x7fac5c0193e0 op.respSize=128 done
n232-194-226:234276:234302 [3] NCCL INFO ncclPollProxyResponse Received new opId=0x7fac66bbbce0
n232-194-226:234276:234302 [3] NCCL INFO recvOpId=0x7fac66bbbce0 matches expected opId=0x7fac66bbbce0
n232-194-226:234276:234346 [3] NCCL INFO Received and initiated operation=Setup res=0
n232-194-226:234276:234302 [3] NCCL INFO Channel 13/0 : 6[0] -> 3[3] [receive] via NET/IB/2/GDRDMA
n232-194-226:234277:234349 [4] NCCL INFO proxyProgressAsync opId=0x7f2c66bbbce0 op.type=3 op.reqBuff=0x7feb0400efb0 op.respSize=0 done
n232-194-226:234278:234303 [5] NCCL INFO ncclPollProxyResponse Received new opId=0x7f2c66bbbce0
n232-194-226:234277:234349 [4] NCCL INFO Received and initiated operation=Setup res=0
n232-194-226:234278:234303 [5] NCCL INFO recvOpId=0x7f2c66bbbce0 matches expected opId=0x7f2c66bbbce0
n232-194-226:234278:234303 [5] NCCL INFO Channel 02/0 : 5[5] -> 10[4] [send] via NET/IB/3(4)/GDRDMA
n232-194-226:234278:234303 [5] NCCL INFO GPU Direct RDMA Enabled for GPU ae000 / HCA 3 (distance 3 <= 4), read 1
n232-194-226:234277:234349 [4] NCCL INFO New proxy recv connection 6 from local rank 4, transport 2
n232-194-226:234277:234349 [4] NCCL INFO proxyProgressAsync opId=0x7feb0ebbbce0 op.type=1 op.reqBuff=0x7feb04009ad0 op.respSize=16 done
n232-194-226:234277:234300 [4] NCCL INFO ncclPollProxyResponse Received new opId=0x7feb0ebbbce0
n232-194-226:234277:234300 [4] NCCL INFO recvOpId=0x7feb0ebbbce0 matches expected opId=0x7feb0ebbbce0
n232-194-226:234277:234349 [4] NCCL INFO Received and initiated operation=Init res=0
n232-194-226:234277:234349 [4] NCCL INFO New proxy send connection 7 from local rank 5, transport 2
n232-194-226:234277:234349 [4] NCCL INFO proxyProgressAsync opId=0x7f2c66bbbce0 op.type=1 op.reqBuff=0x7feb040097c0 op.respSize=16 done
n232-194-226:234278:234303 [5] NCCL INFO ncclPollProxyResponse Received new opId=0x7f2c66bbbce0
n232-194-226:234277:234300 [4] NCCL INFO Connection to proxy localRank 4 -> connection 0x7feb04003330
n232-194-226:234278:234303 [5] NCCL INFO recvOpId=0x7f2c66bbbce0 matches expected opId=0x7f2c66bbbce0
n232-194-226:234278:234303 [5] NCCL INFO Connection to proxy localRank 4 -> connection 0x7feb04003380
n232-194-226:234277:234349 [4] NCCL INFO Received and initiated operation=Init res=0
n232-194-226:234277:234349 [4] NCCL INFO proxyProgressAsync opId=0x7feb0ebbbce0 op.type=3 op.reqBuff=0x7feb040142c0 op.respSize=128 done
n232-194-226:234277:234300 [4] NCCL INFO ncclPollProxyResponse Received new opId=0x7feb0ebbbce0
n232-194-226:234277:234349 [4] NCCL INFO Received and initiated operation=Setup res=0
n232-194-226:234277:234300 [4] NCCL INFO recvOpId=0x7feb0ebbbce0 matches expected opId=0x7feb0ebbbce0
n232-194-226:234277:234300 [4] NCCL INFO Channel 06/0 : 11[5] -> 4[4] [receive] via NET/IB/3/GDRDMA
n232-194-226:234277:234300 [4] NCCL INFO GPU Direct RDMA Enabled for GPU 87000 / HCA 3 (distance 3 <= 4), read 0
n232-194-226:234277:234349 [4] NCCL INFO proxyProgressAsync opId=0x7f2c66bbbce0 op.type=3 op.reqBuff=0x7feb04019700 op.respSize=0 done
n232-194-226:234278:234303 [5] NCCL INFO ncclPollProxyResponse Received new opId=0x7f2c66bbbce0
n232-194-226:234277:234349 [4] NCCL INFO Received and initiated operation=Setup res=0
n232-194-226:234278:234303 [5] NCCL INFO recvOpId=0x7f2c66bbbce0 matches expected opId=0x7f2c66bbbce0
n232-194-226:234278:234303 [5] NCCL INFO Channel 06/0 : 5[5] -> 10[4] [send] via NET/IB/3(4)/GDRDMA
n232-194-226:234278:234303 [5] NCCL INFO GPU Direct RDMA Enabled for GPU ae000 / HCA 3 (distance 3 <= 4), read 1
n232-194-226:234277:234349 [4] NCCL INFO New proxy recv connection 8 from local rank 4, transport 2
n232-194-226:234277:234349 [4] NCCL INFO proxyProgressAsync opId=0x7feb0ebbbce0 op.type=1 op.reqBuff=0x7feb04009ad0 op.respSize=16 done
n232-194-226:234277:234349 [4] NCCL INFO Received and initiated operation=Init res=0
n232-194-226:234277:234300 [4] NCCL INFO ncclPollProxyResponse Received new opId=0x7feb0ebbbce0
n232-194-226:234277:234300 [4] NCCL INFO recvOpId=0x7feb0ebbbce0 matches expected opId=0x7feb0ebbbce0
n232-194-226:234277:234300 [4] NCCL INFO Connection to proxy localRank 4 -> connection 0x7feb040033d0
n232-194-226:234277:234349 [4] NCCL INFO New proxy send connection 9 from local rank 5, transport 2
n232-194-226:234277:234349 [4] NCCL INFO proxyProgressAsync opId=0x7f2c66bbbce0 op.type=1 op.reqBuff=0x7feb040097c0 op.respSize=16 done
n232-194-226:234278:234303 [5] NCCL INFO ncclPollProxyResponse Received new opId=0x7f2c66bbbce0
n232-194-226:234278:234303 [5] NCCL INFO recvOpId=0x7f2c66bbbce0 matches expected opId=0x7f2c66bbbce0
n232-194-226:234277:234349 [4] NCCL INFO Received and initiated operation=Init res=0
n232-194-226:234278:234303 [5] NCCL INFO Connection to proxy localRank 4 -> connection 0x7feb04003420
n232-194-226:234277:234349 [4] NCCL INFO proxyProgressAsync opId=0x7feb0ebbbce0 op.type=3 op.reqBuff=0x7feb0401ea10 op.respSize=128 done
n232-194-226:234277:234300 [4] NCCL INFO ncclPollProxyResponse Received new opId=0x7feb0ebbbce0
n232-194-226:234277:234349 [4] NCCL INFO Received and initiated operation=Setup res=0
n232-194-226:234277:234300 [4] NCCL INFO recvOpId=0x7feb0ebbbce0 matches expected opId=0x7feb0ebbbce0
n232-194-226:234277:234300 [4] NCCL INFO Channel 10/0 : 11[5] -> 4[4] [receive] via NET/IB/3/GDRDMA
n232-194-226:234277:234300 [4] NCCL INFO GPU Direct RDMA Enabled for GPU 87000 / HCA 3 (distance 3 <= 4), read 0
n232-194-226:234277:234349 [4] NCCL INFO proxyProgressAsync opId=0x7f2c66bbbce0 op.type=3 op.reqBuff=0x7feb04023e50 op.respSize=0 done
n232-194-226:234278:234303 [5] NCCL INFO ncclPollProxyResponse Received new opId=0x7f2c66bbbce0
n232-194-226:234277:234349 [4] NCCL INFO Received and initiated operation=Setup res=0
n232-194-226:234278:234303 [5] NCCL INFO recvOpId=0x7f2c66bbbce0 matches expected opId=0x7f2c66bbbce0
n232-194-226:234278:234303 [5] NCCL INFO Channel 10/0 : 5[5] -> 10[4] [send] via NET/IB/3(4)/GDRDMA
n232-194-226:234278:234303 [5] NCCL INFO GPU Direct RDMA Enabled for GPU ae000 / HCA 3 (distance 3 <= 4), read 1
n232-194-226:234277:234349 [4] NCCL INFO New proxy recv connection 10 from local rank 4, transport 2
n232-194-226:234277:234349 [4] NCCL INFO proxyProgressAsync opId=0x7feb0ebbbce0 op.type=1 op.reqBuff=0x7feb04009ad0 op.respSize=16 done
n232-194-226:234277:234300 [4] NCCL INFO ncclPollProxyResponse Received new opId=0x7feb0ebbbce0
n232-194-226:234277:234300 [4] NCCL INFO recvOpId=0x7feb0ebbbce0 matches expected opId=0x7feb0ebbbce0
n232-194-226:234277:234300 [4] NCCL INFO Connection to proxy localRank 4 -> connection 0x7feb04003470
n232-194-226:234277:234349 [4] NCCL INFO Received and initiated operation=Init res=0
n232-194-226:234277:234349 [4] NCCL INFO New proxy send connection 11 from local rank 5, transport 2
n232-194-226:234277:234349 [4] NCCL INFO proxyProgressAsync opId=0x7f2c66bbbce0 op.type=1 op.reqBuff=0x7feb040097c0 op.respSize=16 done
n232-194-226:234278:234303 [5] NCCL INFO ncclPollProxyResponse Received new opId=0x7f2c66bbbce0
n232-194-226:234278:234303 [5] NCCL INFO recvOpId=0x7f2c66bbbce0 matches expected opId=0x7f2c66bbbce0
n232-194-226:234277:234349 [4] NCCL INFO Received and initiated operation=Init res=0
n232-194-226:234278:234303 [5] NCCL INFO Connection to proxy localRank 4 -> connection 0x7feb040034c0
n232-194-226:234277:234349 [4] NCCL INFO proxyProgressAsync opId=0x7feb0ebbbce0 op.type=3 op.reqBuff=0x7feb04029160 op.respSize=128 done
n232-194-226:234277:234300 [4] NCCL INFO ncclPollProxyResponse Received new opId=0x7feb0ebbbce0
n232-194-226:234277:234300 [4] NCCL INFO recvOpId=0x7feb0ebbbce0 matches expected opId=0x7feb0ebbbce0
n232-194-226:234277:234300 [4] NCCL INFO Channel 14/0 : 11[5] -> 4[4] [receive] via NET/IB/3/GDRDMA
n232-194-226:234277:234349 [4] NCCL INFO Received and initiated operation=Setup res=0
n232-194-226:234277:234349 [4] NCCL INFO proxyProgressAsync opId=0x7f2c66bbbce0 op.type=3 op.reqBuff=0x7feb0402e5a0 op.respSize=0 done
n232-194-226:234278:234303 [5] NCCL INFO ncclPollProxyResponse Received new opId=0x7f2c66bbbce0
n232-194-226:234277:234349 [4] NCCL INFO Received and initiated operation=Setup res=0
n232-194-226:234278:234303 [5] NCCL INFO recvOpId=0x7f2c66bbbce0 matches expected opId=0x7f2c66bbbce0
n232-194-226:234278:234303 [5] NCCL INFO Channel 14/0 : 5[5] -> 10[4] [send] via NET/IB/3(4)/GDRDMA
n232-194-226:234273:234298 [0] NCCL INFO GPU Direct RDMA Enabled for GPU f000 / HCA 1 (distance 3 <= 4), read 1
n232-194-226:234277:234300 [4] NCCL INFO GPU Direct RDMA Enabled for GPU 87000 / HCA 4 (distance 3 <= 4), read 1
n232-194-226:234278:234348 [5] NCCL INFO Allocated 4194660 bytes of shared memory in /dev/shm/nccl-q6qv7A
n232-194-226:234278:234303 [5] NCCL INFO GPU Direct RDMA Enabled for GPU ae000 / HCA 4 (distance 3 <= 4), read 0
n232-194-226:234275:234347 [2] NCCL INFO New proxy recv connection 4 from local rank 2, transport 2
n232-194-226:234275:234347 [2] NCCL INFO proxyProgressAsync opId=0x7f51a2bbbce0 op.type=1 op.reqBuff=0x7f5198008580 op.respSize=16 done
n232-194-226:234275:234299 [2] NCCL INFO ncclPollProxyResponse Received new opId=0x7f51a2bbbce0
n232-194-226:234275:234299 [2] NCCL INFO recvOpId=0x7f51a2bbbce0 matches expected opId=0x7f51a2bbbce0
n232-194-226:234275:234347 [2] NCCL INFO Received and initiated operation=Init res=0
n232-194-226:234275:234347 [2] NCCL INFO New proxy send connection 5 from local rank 0, transport 2
n232-194-226:234275:234347 [2] NCCL INFO proxyProgressAsync opId=0x7f2b1ebbbce0 op.type=1 op.reqBuff=0x7f5198009370 op.respSize=16 done
n232-194-226:234275:234299 [2] NCCL INFO Connection to proxy localRank 2 -> connection 0x7f5198003290
n232-194-226:234273:234298 [0] NCCL INFO ncclPollProxyResponse Received new opId=0x7f2b1ebbbce0
n232-194-226:234275:234347 [2] NCCL INFO Received and initiated operation=Init res=0
n232-194-226:234273:234298 [0] NCCL INFO recvOpId=0x7f2b1ebbbce0 matches expected opId=0x7f2b1ebbbce0
n232-194-226:234273:234298 [0] NCCL INFO Connection to proxy localRank 2 -> connection 0x7f51980032e0
n232-194-226:234275:234347 [2] NCCL INFO proxyProgressAsync opId=0x7f51a2bbbce0 op.type=3 op.reqBuff=0x7f51980096e0 op.respSize=128 done
n232-194-226:234275:234299 [2] NCCL INFO ncclPollProxyResponse Received new opId=0x7f51a2bbbce0
n232-194-226:234275:234347 [2] NCCL INFO Received and initiated operation=Setup res=0
n232-194-226:234275:234299 [2] NCCL INFO recvOpId=0x7f51a2bbbce0 matches expected opId=0x7f51a2bbbce0
n232-194-226:234275:234299 [2] NCCL INFO Channel 00/0 : 6[0] -> 2[2] [receive] via NET/IB/1/GDRDMA
n232-194-226:234275:234299 [2] NCCL INFO GPU Direct RDMA Enabled for GPU 48000 / HCA 1 (distance 3 <= 4), read 0
n232-194-226:234275:234347 [2] NCCL INFO proxyProgressAsync opId=0x7f2b1ebbbce0 op.type=3 op.reqBuff=0x7f519800eb60 op.respSize=0 done
n232-194-226:234273:234298 [0] NCCL INFO ncclPollProxyResponse Received new opId=0x7f2b1ebbbce0
n232-194-226:234275:234347 [2] NCCL INFO Received and initiated operation=Setup res=0
n232-194-226:234273:234298 [0] NCCL INFO recvOpId=0x7f2b1ebbbce0 matches expected opId=0x7f2b1ebbbce0
n232-194-226:234273:234298 [0] NCCL INFO Channel 00/0 : 0[0] -> 8[2] [send] via NET/IB/1(2)/GDRDMA
n232-194-226:234273:234298 [0] NCCL INFO GPU Direct RDMA Enabled for GPU f000 / HCA 1 (distance 3 <= 4), read 1
n232-194-226:234275:234347 [2] NCCL INFO New proxy recv connection 6 from local rank 2, transport 2
n232-194-226:234275:234347 [2] NCCL INFO proxyProgressAsync opId=0x7f51a2bbbce0 op.type=1 op.reqBuff=0x7f5198009680 op.respSize=16 done
n232-194-226:234275:234299 [2] NCCL INFO ncclPollProxyResponse Received new opId=0x7f51a2bbbce0
n232-194-226:234275:234347 [2] NCCL INFO Received and initiated operation=Init res=0
n232-194-226:234275:234347 [2] NCCL INFO New proxy send connection 7 from local rank 0, transport 2
n232-194-226:234275:234347 [2] NCCL INFO proxyProgressAsync opId=0x7f2b1ebbbce0 op.type=1 op.reqBuff=0x7f5198009370 op.respSize=16 done
n232-194-226:234273:234298 [0] NCCL INFO ncclPollProxyResponse Received new opId=0x7f2b1ebbbce0
n232-194-226:234273:234298 [0] NCCL INFO recvOpId=0x7f2b1ebbbce0 matches expected opId=0x7f2b1ebbbce0
n232-194-226:234275:234347 [2] NCCL INFO Received and initiated operation=Init res=0
n232-194-226:234273:234298 [0] NCCL INFO Connection to proxy localRank 2 -> connection 0x7f5198003380
n232-194-226:234275:234299 [2] NCCL INFO recvOpId=0x7f51a2bbbce0 matches expected opId=0x7f51a2bbbce0
n232-194-226:234275:234299 [2] NCCL INFO Connection to proxy localRank 2 -> connection 0x7f5198003330
n232-194-226:234275:234347 [2] NCCL INFO proxyProgressAsync opId=0x7f2b1ebbbce0 op.type=3 op.reqBuff=0x7f5198013e70 op.respSize=0 done
n232-194-226:234273:234298 [0] NCCL INFO ncclPollProxyResponse Received new opId=0x7f2b1ebbbce0
n232-194-226:234275:234347 [2] NCCL INFO Received and initiated operation=Setup res=0
n232-194-226:234273:234298 [0] NCCL INFO recvOpId=0x7f2b1ebbbce0 matches expected opId=0x7f2b1ebbbce0
n232-194-226:234273:234298 [0] NCCL INFO Channel 04/0 : 0[0] -> 8[2] [send] via NET/IB/1(2)/GDRDMA
n232-194-226:234273:234298 [0] NCCL INFO GPU Direct RDMA Enabled for GPU f000 / HCA 1 (distance 3 <= 4), read 1
n232-194-226:234275:234347 [2] NCCL INFO proxyProgressAsync opId=0x7f51a2bbbce0 op.type=3 op.reqBuff=0x7f5198019180 op.respSize=128 done
n232-194-226:234275:234299 [2] NCCL INFO ncclPollProxyResponse Received new opId=0x7f51a2bbbce0
n232-194-226:234275:234347 [2] NCCL INFO Received and initiated operation=Setup res=0
n232-194-226:234275:234299 [2] NCCL INFO recvOpId=0x7f51a2bbbce0 matches expected opId=0x7f51a2bbbce0
n232-194-226:234275:234299 [2] NCCL INFO Channel 04/0 : 6[0] -> 2[2] [receive] via NET/IB/1/GDRDMA
n232-194-226:234275:234299 [2] NCCL INFO GPU Direct RDMA Enabled for GPU 48000 / HCA 1 (distance 3 <= 4), read 0
n232-194-226:234275:234347 [2] NCCL INFO New proxy send connection 8 from local rank 0, transport 2
n232-194-226:234275:234347 [2] NCCL INFO proxyProgressAsync opId=0x7f2b1ebbbce0 op.type=1 op.reqBuff=0x7f5198009680 op.respSize=16 done
n232-194-226:234273:234298 [0] NCCL INFO ncclPollProxyResponse Received new opId=0x7f2b1ebbbce0
