n232-194-226:233893:233907 [1] NCCL INFO GPU Direct RDMA Enabled for GPU 34000 / HCA 0 (distance 3 <= 4), read 1
n232-194-226:233893:233931 [1] NCCL INFO New proxy send connection 10 from local rank 1, transport 2
n232-194-226:233893:233931 [1] NCCL INFO proxyProgressAsync opId=0x7f30febbbd20 op.type=1 op.reqBuff=0x7f30f400edd0 op.respSize=16 done
n232-194-226:233893:233907 [1] NCCL INFO ncclPollProxyResponse Received new opId=0x7f30febbbd20
n232-194-226:233893:233931 [1] NCCL INFO Received and initiated operation=Init res=0
n232-194-226:233893:233907 [1] NCCL INFO recvOpId=0x7f30febbbd20 matches expected opId=0x7f30febbbd20
n232-194-226:233893:233907 [1] NCCL INFO Connection to proxy localRank 1 -> connection 0x7f30f4003470
n232-194-226:233893:233931 [1] NCCL INFO proxyProgressAsync opId=0x7f30febbbd20 op.type=3 op.reqBuff=0x7f30f4029110 op.respSize=0 done
n232-194-226:233893:233907 [1] NCCL INFO ncclPollProxyResponse Received new opId=0x7f30febbbd20
n232-194-226:233893:233931 [1] NCCL INFO Received and initiated operation=Setup res=0
n232-194-226:233893:233907 [1] NCCL INFO recvOpId=0x7f30febbbd20 matches expected opId=0x7f30febbbd20
n232-194-226:233893:233907 [1] NCCL INFO Channel 04/0 : 1[1] -> 5[2] [send] via NET/IB/0/GDRDMA
n232-194-226:233893:233907 [1] NCCL INFO GPU Direct RDMA Enabled for GPU 34000 / HCA 0 (distance 3 <= 4), read 1
n232-194-226:233893:233931 [1] NCCL INFO New proxy send connection 11 from local rank 1, transport 2
n232-194-226:233893:233931 [1] NCCL INFO proxyProgressAsync opId=0x7f30febbbd20 op.type=1 op.reqBuff=0x7f30f4009640 op.respSize=16 done
n232-194-226:233893:233907 [1] NCCL INFO ncclPollProxyResponse Received new opId=0x7f30febbbd20
n232-194-226:233893:233931 [1] NCCL INFO Received and initiated operation=Init res=0
n232-194-226:233893:233907 [1] NCCL INFO recvOpId=0x7f30febbbd20 matches expected opId=0x7f30febbbd20
n232-194-226:233893:233907 [1] NCCL INFO Connection to proxy localRank 1 -> connection 0x7f30f40034c0
n232-194-226:233893:233931 [1] NCCL INFO proxyProgressAsync opId=0x7f30febbbd20 op.type=3 op.reqBuff=0x7f30f402e420 op.respSize=0 done
n232-194-226:233893:233907 [1] NCCL INFO ncclPollProxyResponse Received new opId=0x7f30febbbd20
n232-194-226:233893:233931 [1] NCCL INFO Received and initiated operation=Setup res=0
n232-194-226:233893:233907 [1] NCCL INFO recvOpId=0x7f30febbbd20 matches expected opId=0x7f30febbbd20
n232-194-226:233893:233907 [1] NCCL INFO Channel 06/0 : 1[1] -> 5[2] [send] via NET/IB/0/GDRDMA
n232-194-226:233894:233930 [2] NCCL INFO transport/p2p.cc:204 Cuda Alloc Size 2097152 pointer 0x7f830b400000
n232-194-226:233894:233930 [2] NCCL INFO Allocated shareable buffer 0x7f830b400000 size 2097152 ipcDesc 0x7f830c033740
n232-194-226:233894:233930 [2] NCCL INFO proxyProgressAsync opId=0x7f8316bbbd20 op.type=3 op.reqBuff=0x7f830c009640 op.respSize=80 done
n232-194-226:233894:233906 [2] NCCL INFO ncclPollProxyResponse Received new opId=0x7f8316bbbd20
n232-194-226:233894:233930 [2] NCCL INFO Received and initiated operation=Setup res=0
n232-194-226:233894:233906 [2] NCCL INFO recvOpId=0x7f8316bbbd20 matches expected opId=0x7f8316bbbd20
n232-194-226:233894:233906 [2] NCCL INFO Channel 02/0 : 2[2] -> 0[0] via P2P/IPC
n232-194-226:233894:233930 [2] NCCL INFO New proxy send connection 13 from local rank 2, transport 0
n232-194-226:233894:233930 [2] NCCL INFO proxyProgressAsync opId=0x7f8316bbbd20 op.type=1 op.reqBuff=0x7f830c009640 op.respSize=16 done
n232-194-226:233894:233906 [2] NCCL INFO ncclPollProxyResponse Received new opId=0x7f8316bbbd20
n232-194-226:233894:233930 [2] NCCL INFO Received and initiated operation=Init res=0
n232-194-226:233894:233906 [2] NCCL INFO recvOpId=0x7f8316bbbd20 matches expected opId=0x7f8316bbbd20
n232-194-226:233894:233906 [2] NCCL INFO Connection to proxy localRank 2 -> connection 0x7f830c003560
n232-194-226:233894:233930 [2] NCCL INFO transport/p2p.cc:204 Cuda Alloc Size 2097152 pointer 0x7f830b600000
n232-194-226:233894:233930 [2] NCCL INFO Allocated shareable buffer 0x7f830b600000 size 2097152 ipcDesc 0x7f830c034470
n232-194-226:233894:233930 [2] NCCL INFO proxyProgressAsync opId=0x7f8316bbbd20 op.type=3 op.reqBuff=0x7f830c009640 op.respSize=80 done
n232-194-226:233894:233906 [2] NCCL INFO ncclPollProxyResponse Received new opId=0x7f8316bbbd20
n232-194-226:233894:233930 [2] NCCL INFO Received and initiated operation=Setup res=0
n232-194-226:233894:233906 [2] NCCL INFO recvOpId=0x7f8316bbbd20 matches expected opId=0x7f8316bbbd20
n232-194-226:233894:233906 [2] NCCL INFO Channel 04/0 : 2[2] -> 0[0] via P2P/IPC
n232-194-226:233894:233930 [2] NCCL INFO New proxy send connection 14 from local rank 2, transport 0
n232-194-226:233894:233930 [2] NCCL INFO proxyProgressAsync opId=0x7f8316bbbd20 op.type=1 op.reqBuff=0x7f830c009640 op.respSize=16 done
n232-194-226:233894:233906 [2] NCCL INFO ncclPollProxyResponse Received new opId=0x7f8316bbbd20
n232-194-226:233894:233930 [2] NCCL INFO Received and initiated operation=Init res=0
n232-194-226:233894:233906 [2] NCCL INFO recvOpId=0x7f8316bbbd20 matches expected opId=0x7f8316bbbd20
n232-194-226:233894:233906 [2] NCCL INFO Connection to proxy localRank 2 -> connection 0x7f830c0035b0
n232-194-226:233894:233930 [2] NCCL INFO transport/p2p.cc:204 Cuda Alloc Size 2097152 pointer 0x7f830b800000
n232-194-226:233894:233930 [2] NCCL INFO Allocated shareable buffer 0x7f830b800000 size 2097152 ipcDesc 0x7f830c0351c0
n232-194-226:233894:233930 [2] NCCL INFO proxyProgressAsync opId=0x7f8316bbbd20 op.type=3 op.reqBuff=0x7f830c009640 op.respSize=80 done
n232-194-226:233894:233906 [2] NCCL INFO ncclPollProxyResponse Received new opId=0x7f8316bbbd20
n232-194-226:233894:233906 [2] NCCL INFO recvOpId=0x7f8316bbbd20 matches expected opId=0x7f8316bbbd20
n232-194-226:233894:233930 [2] NCCL INFO Received and initiated operation=Setup res=0
n232-194-226:233894:233906 [2] NCCL INFO Channel 06/0 : 2[2] -> 0[0] via P2P/IPC
n232-194-226:233894:233930 [2] NCCL INFO New proxy send connection 15 from local rank 2, transport 0
n232-194-226:233894:233930 [2] NCCL INFO proxyProgressAsync opId=0x7f8316bbbd20 op.type=1 op.reqBuff=0x7f830c009640 op.respSize=16 done
n232-194-226:233894:233906 [2] NCCL INFO ncclPollProxyResponse Received new opId=0x7f8316bbbd20
n232-194-226:233894:233930 [2] NCCL INFO Received and initiated operation=Init res=0
n232-194-226:233894:233906 [2] NCCL INFO recvOpId=0x7f8316bbbd20 matches expected opId=0x7f8316bbbd20
n232-194-226:233894:233906 [2] NCCL INFO Connection to proxy localRank 2 -> connection 0x7f830c003600
n232-194-226:233894:233930 [2] NCCL INFO transport/p2p.cc:204 Cuda Alloc Size 2097152 pointer 0x7f830ba00000
n232-194-226:233894:233930 [2] NCCL INFO Allocated shareable buffer 0x7f830ba00000 size 2097152 ipcDesc 0x7f830c035f30
n232-194-226:233894:233930 [2] NCCL INFO proxyProgressAsync opId=0x7f8316bbbd20 op.type=3 op.reqBuff=0x7f830c035f00 op.respSize=80 done
n232-194-226:233894:233906 [2] NCCL INFO ncclPollProxyResponse Received new opId=0x7f8316bbbd20
n232-194-226:233894:233906 [2] NCCL INFO recvOpId=0x7f8316bbbd20 matches expected opId=0x7f8316bbbd20
n232-194-226:233894:233930 [2] NCCL INFO Received and initiated operation=Setup res=0
n232-194-226:233892:233929 [0] NCCL INFO New proxy recv connection 12 from local rank 0, transport 0
n232-194-226:233892:233929 [0] NCCL INFO proxyProgressAsync opId=0x7fd3cebbbd40 op.type=1 op.reqBuff=0x7fd3e800d400 op.respSize=16 done
n232-194-226:233892:233905 [0] NCCL INFO ncclPollProxyResponse Received new opId=0x7fd3cebbbd40
n232-194-226:233894:233906 [2] NCCL INFO sendConnect ncclProxyCallAsync opId=0x7f83173a0090
n232-194-226:233892:233929 [0] NCCL INFO Received and initiated operation=Init res=0
n232-194-226:233892:233905 [0] NCCL INFO recvOpId=0x7fd3cebbbd40 matches expected opId=0x7fd3cebbbd40
n232-194-226:233892:233905 [0] NCCL INFO Connection to proxy localRank 0 -> connection 0x7fd3e8003510
n232-194-226:233894:233930 [2] NCCL INFO transport/net_ib.cc:627 Ib Alloc Size 27160 pointer 0x7f830c03c000
n232-194-226:233893:233907 [1] NCCL INFO Channel 01/0 : 1[1] -> 0[0] via P2P/IPC
n232-194-226:233893:233931 [1] NCCL INFO New proxy send connection 12 from local rank 1, transport 0
n232-194-226:233893:233931 [1] NCCL INFO proxyProgressAsync opId=0x7f30febbbd20 op.type=1 op.reqBuff=0x7f30f400edd0 op.respSize=16 done
n232-194-226:233893:233907 [1] NCCL INFO ncclPollProxyResponse Received new opId=0x7f30febbbd20
n232-194-226:233893:233907 [1] NCCL INFO recvOpId=0x7f30febbbd20 matches expected opId=0x7f30febbbd20
n232-194-226:233893:233907 [1] NCCL INFO Connection to proxy localRank 1 -> connection 0x7f30f4003510
n232-194-226:233893:233931 [1] NCCL INFO Received and initiated operation=Init res=0
n232-194-226:233894:233930 [2] NCCL INFO NET/IB: Dev 1 Port 1 qpn 22860 mtu 5 LID 25
n232-194-226:233894:233930 [2] NCCL INFO transport/net_ib.cc:679 Ib Alloc Size 552 pointer 0x7f830c05e000
n232-194-226:233894:233930 [2] NCCL INFO Received and initiated operation=Connect res=0
n232-194-226:233894:233906 [2] NCCL INFO Imported shareable buffer device 2 size 2097152 ptr 0x7f830bc00000
n232-194-226:233894:233906 [2] NCCL INFO sendConnect ncclProxyCallAsync opId=0x7f83173a3bf0
n232-194-226:233892:233929 [0] NCCL INFO transport/p2p.cc:204 Cuda Alloc Size 10485760 pointer 0x7fd3c4000000
n232-194-226:233892:233929 [0] NCCL INFO Allocated shareable buffer 0x7fd3c4000000 size 10485760 ipcDesc 0x7fd3e800bad0
n232-194-226:233892:233929 [0] NCCL INFO proxyProgressAsync opId=0x7fd3cebbbd40 op.type=3 op.reqBuff=0x7fd3e800ef70 op.respSize=80 done
n232-194-226:233892:233905 [0] NCCL INFO ncclPollProxyResponse Received new opId=0x7fd3cebbbd40
n232-194-226:233892:233905 [0] NCCL INFO recvOpId=0x7fd3cebbbd40 matches expected opId=0x7fd3cebbbd40
n232-194-226:233892:233929 [0] NCCL INFO Received and initiated operation=Setup res=0
n232-194-226:233892:233929 [0] NCCL INFO New proxy recv connection 13 from local rank 0, transport 0
n232-194-226:233894:233930 [2] NCCL INFO transport/net_ib.cc:627 Ib Alloc Size 27160 pointer 0x7f830c065000
n232-194-226:233892:233929 [0] NCCL INFO proxyProgressAsync opId=0x7fd3cebbbd40 op.type=1 op.reqBuff=0x7fd3e800ef70 op.respSize=16 done
n232-194-226:233892:233905 [0] NCCL INFO ncclPollProxyResponse Received new opId=0x7fd3cebbbd40
n232-194-226:233892:233929 [0] NCCL INFO Received and initiated operation=Init res=0
n232-194-226:233892:233905 [0] NCCL INFO recvOpId=0x7fd3cebbbd40 matches expected opId=0x7fd3cebbbd40
n232-194-226:233892:233905 [0] NCCL INFO Connection to proxy localRank 0 -> connection 0x7fd3e8003560
n232-194-226:233893:233931 [1] NCCL INFO transport/p2p.cc:204 Cuda Alloc Size 2097152 pointer 0x7f30f3400000
n232-194-226:233893:233931 [1] NCCL INFO Allocated shareable buffer 0x7f30f3400000 size 2097152 ipcDesc 0x7f30f4033740
n232-194-226:233893:233931 [1] NCCL INFO proxyProgressAsync opId=0x7f30febbbd20 op.type=3 op.reqBuff=0x7f30f4009640 op.respSize=80 done
n232-194-226:233893:233907 [1] NCCL INFO ncclPollProxyResponse Received new opId=0x7f30febbbd20
n232-194-226:233893:233907 [1] NCCL INFO recvOpId=0x7f30febbbd20 matches expected opId=0x7f30febbbd20
n232-194-226:233893:233931 [1] NCCL INFO Received and initiated operation=Setup res=0
n232-194-226:233893:233907 [1] NCCL INFO Channel 03/0 : 1[1] -> 0[0] via P2P/IPC
n232-194-226:233893:233931 [1] NCCL INFO New proxy send connection 13 from local rank 1, transport 0
n232-194-226:233893:233931 [1] NCCL INFO proxyProgressAsync opId=0x7f30febbbd20 op.type=1 op.reqBuff=0x7f30f4009640 op.respSize=16 done
n232-194-226:233893:233907 [1] NCCL INFO ncclPollProxyResponse Received new opId=0x7f30febbbd20
n232-194-226:233893:233931 [1] NCCL INFO Received and initiated operation=Init res=0
n232-194-226:233893:233907 [1] NCCL INFO recvOpId=0x7f30febbbd20 matches expected opId=0x7f30febbbd20
n232-194-226:233893:233907 [1] NCCL INFO Connection to proxy localRank 1 -> connection 0x7f30f4003560
n232-194-226:233894:233906 [2] NCCL INFO Imported shareable buffer device 2 size 2097152 ptr 0x7f830be00000
n232-194-226:233894:233906 [2] NCCL INFO sendConnect ncclProxyCallAsync opId=0x7f83173a74b0
n232-194-226:233894:233930 [2] NCCL INFO NET/IB: Dev 1 Port 1 qpn 22861 mtu 5 LID 25
n232-194-226:233894:233930 [2] NCCL INFO transport/net_ib.cc:679 Ib Alloc Size 552 pointer 0x7f830c07d000
n232-194-226:233894:233930 [2] NCCL INFO Received and initiated operation=Connect res=0
n232-194-226:233894:233930 [2] NCCL INFO transport/net_ib.cc:627 Ib Alloc Size 27160 pointer 0x7f830c084000
n232-194-226:233892:233929 [0] NCCL INFO transport/p2p.cc:204 Cuda Alloc Size 10485760 pointer 0x7fd3c4a00000
n232-194-226:233893:233931 [1] NCCL INFO transport/p2p.cc:204 Cuda Alloc Size 2097152 pointer 0x7f30f3600000
n232-194-226:233894:233930 [2] NCCL INFO NET/IB: Dev 1 Port 1 qpn 22862 mtu 5 LID 25
n232-194-226:233894:233930 [2] NCCL INFO transport/net_ib.cc:679 Ib Alloc Size 552 pointer 0x7f830c09c000
n232-194-226:233894:233930 [2] NCCL INFO Received and initiated operation=Connect res=0
n232-194-226:233892:233929 [0] NCCL INFO Allocated shareable buffer 0x7fd3c4a00000 size 10485760 ipcDesc 0x7fd3e800bad0
n232-194-226:233892:233929 [0] NCCL INFO proxyProgressAsync opId=0x7fd3cebbbd40 op.type=3 op.reqBuff=0x7fd3e800efb0 op.respSize=80 done
n232-194-226:233893:233931 [1] NCCL INFO Allocated shareable buffer 0x7f30f3600000 size 2097152 ipcDesc 0x7f30f4034470
n232-194-226:233893:233931 [1] NCCL INFO proxyProgressAsync opId=0x7f30febbbd20 op.type=3 op.reqBuff=0x7f30f4009640 op.respSize=80 done
n232-194-226:233892:233905 [0] NCCL INFO ncclPollProxyResponse Received new opId=0x7fd3cebbbd40
n232-194-226:233894:233906 [2] NCCL INFO Imported shareable buffer device 2 size 2097152 ptr 0x7f8313800000
n232-194-226:233893:233907 [1] NCCL INFO ncclPollProxyResponse Received new opId=0x7f30febbbd20
n232-194-226:233893:233931 [1] NCCL INFO Received and initiated operation=Setup res=0
n232-194-226:233892:233905 [0] NCCL INFO recvOpId=0x7fd3cebbbd40 matches expected opId=0x7fd3cebbbd40
n232-194-226:233893:233907 [1] NCCL INFO recvOpId=0x7f30febbbd20 matches expected opId=0x7f30febbbd20
n232-194-226:233892:233929 [0] NCCL INFO Received and initiated operation=Setup res=0
n232-194-226:233893:233907 [1] NCCL INFO Channel 05/0 : 1[1] -> 0[0] via P2P/IPC
n232-194-226:233894:233906 [2] NCCL INFO sendConnect ncclProxyCallAsync opId=0x7f83173aad70
n232-194-226:233892:233929 [0] NCCL INFO New proxy recv connection 14 from local rank 0, transport 0
n232-194-226:233893:233931 [1] NCCL INFO New proxy send connection 14 from local rank 1, transport 0
n232-194-226:233893:233931 [1] NCCL INFO proxyProgressAsync opId=0x7f30febbbd20 op.type=1 op.reqBuff=0x7f30f4009640 op.respSize=16 done
n232-194-226:233892:233929 [0] NCCL INFO proxyProgressAsync opId=0x7fd3cebbbd40 op.type=1 op.reqBuff=0x7fd3e800efb0 op.respSize=16 done
n232-194-226:233893:233907 [1] NCCL INFO ncclPollProxyResponse Received new opId=0x7f30febbbd20
n232-194-226:233892:233905 [0] NCCL INFO ncclPollProxyResponse Received new opId=0x7fd3cebbbd40
n232-194-226:233893:233931 [1] NCCL INFO Received and initiated operation=Init res=0
n232-194-226:233893:233907 [1] NCCL INFO recvOpId=0x7f30febbbd20 matches expected opId=0x7f30febbbd20
n232-194-226:233892:233905 [0] NCCL INFO recvOpId=0x7fd3cebbbd40 matches expected opId=0x7fd3cebbbd40
n232-194-226:233893:233907 [1] NCCL INFO Connection to proxy localRank 1 -> connection 0x7f30f40035b0
n232-194-226:233892:233905 [0] NCCL INFO Connection to proxy localRank 0 -> connection 0x7fd3e80035b0
n232-194-226:233892:233929 [0] NCCL INFO Received and initiated operation=Init res=0
n232-194-226:233894:233930 [2] NCCL INFO transport/net_ib.cc:627 Ib Alloc Size 27160 pointer 0x7f830c0a3000
n232-194-226:233894:233930 [2] NCCL INFO NET/IB: Dev 1 Port 1 qpn 22863 mtu 5 LID 25
n232-194-226:233894:233930 [2] NCCL INFO transport/net_ib.cc:679 Ib Alloc Size 552 pointer 0x7f830c0bb000
n232-194-226:233894:233930 [2] NCCL INFO Received and initiated operation=Connect res=0
n232-194-226:233894:233906 [2] NCCL INFO Imported shareable buffer device 2 size 2097152 ptr 0x7f8313a00000
n232-194-226:233892:233929 [0] NCCL INFO transport/p2p.cc:204 Cuda Alloc Size 10485760 pointer 0x7fd3c5400000
n232-194-226:233893:233931 [1] NCCL INFO transport/p2p.cc:204 Cuda Alloc Size 2097152 pointer 0x7f30f3800000
n232-194-226:233892:233929 [0] NCCL INFO Allocated shareable buffer 0x7fd3c5400000 size 10485760 ipcDesc 0x7fd3e800bad0
n232-194-226:233893:233931 [1] NCCL INFO Allocated shareable buffer 0x7f30f3800000 size 2097152 ipcDesc 0x7f30f40351c0
n232-194-226:233893:233931 [1] NCCL INFO proxyProgressAsync opId=0x7f30febbbd20 op.type=3 op.reqBuff=0x7f30f4009640 op.respSize=80 done
n232-194-226:233892:233929 [0] NCCL INFO proxyProgressAsync opId=0x7fd3cebbbd40 op.type=3 op.reqBuff=0x7fd3e8010b20 op.respSize=80 done
n232-194-226:233892:233905 [0] NCCL INFO ncclPollProxyResponse Received new opId=0x7fd3cebbbd40
n232-194-226:233893:233907 [1] NCCL INFO ncclPollProxyResponse Received new opId=0x7f30febbbd20
n232-194-226:233894:233906 [2] NCCL INFO Imported shareable buffer device 2 size 10485760 ptr 0x7f8302000000
n232-194-226:233892:233929 [0] NCCL INFO Received and initiated operation=Setup res=0
n232-194-226:233893:233931 [1] NCCL INFO Received and initiated operation=Setup res=0
n232-194-226:233893:233907 [1] NCCL INFO recvOpId=0x7f30febbbd20 matches expected opId=0x7f30febbbd20
n232-194-226:233892:233905 [0] NCCL INFO recvOpId=0x7fd3cebbbd40 matches expected opId=0x7fd3cebbbd40
n232-194-226:233893:233907 [1] NCCL INFO Channel 07/0 : 1[1] -> 0[0] via P2P/IPC
n232-194-226:233894:233906 [2] NCCL INFO recvConnect ncclProxyCallAsync opId=0x7f831738db10 &recv->proxyConn=0x7f831738db18 connectInfo=0x7f83173b25b0
n232-194-226:233892:233929 [0] NCCL INFO New proxy recv connection 15 from local rank 0, transport 0
n232-194-226:233893:233931 [1] NCCL INFO New proxy send connection 15 from local rank 1, transport 0
n232-194-226:233893:233931 [1] NCCL INFO proxyProgressAsync opId=0x7f30febbbd20 op.type=1 op.reqBuff=0x7f30f4009640 op.respSize=16 done
n232-194-226:233892:233929 [0] NCCL INFO proxyProgressAsync opId=0x7fd3cebbbd40 op.type=1 op.reqBuff=0x7fd3e8010b20 op.respSize=16 done
n232-194-226:233893:233907 [1] NCCL INFO ncclPollProxyResponse Received new opId=0x7f30febbbd20
n232-194-226:233892:233905 [0] NCCL INFO ncclPollProxyResponse Received new opId=0x7fd3cebbbd40
n232-194-226:233893:233931 [1] NCCL INFO Received and initiated operation=Init res=0
n232-194-226:233892:233905 [0] NCCL INFO recvOpId=0x7fd3cebbbd40 matches expected opId=0x7fd3cebbbd40
n232-194-226:233893:233907 [1] NCCL INFO recvOpId=0x7f30febbbd20 matches expected opId=0x7f30febbbd20
n232-194-226:233892:233929 [0] NCCL INFO Received and initiated operation=Init res=0
n232-194-226:233893:233907 [1] NCCL INFO Connection to proxy localRank 1 -> connection 0x7f30f4003600
n232-194-226:233892:233905 [0] NCCL INFO Connection to proxy localRank 0 -> connection 0x7fd3e8003600
n232-194-226:233894:233930 [2] NCCL INFO transport/net_ib.cc:739 Ib Alloc Size 22280 pointer 0x7f830c0c2000
n232-194-226:233894:233930 [2] NCCL INFO Received and initiated operation=Connect res=0
n232-194-226:233894:233906 [2] NCCL INFO Imported shareable buffer device 2 size 10485760 ptr 0x7f8302a00000
n232-194-226:233894:233906 [2] NCCL INFO recvConnect ncclProxyCallAsync opId=0x7f83173a1f60 &recv->proxyConn=0x7f83173a1f68 connectInfo=0x7f83173b2630
n232-194-226:233894:233930 [2] NCCL INFO transport/net_ib.cc:739 Ib Alloc Size 22280 pointer 0x7f830c0ce000
n232-194-226:233894:233930 [2] NCCL INFO Received and initiated operation=Connect res=0
n232-194-226:233892:233929 [0] NCCL INFO transport/p2p.cc:204 Cuda Alloc Size 10485760 pointer 0x7fd3c2000000
n232-194-226:233893:233931 [1] NCCL INFO transport/p2p.cc:204 Cuda Alloc Size 2097152 pointer 0x7f30f3a00000
n232-194-226:233892:233929 [0] NCCL INFO Allocated shareable buffer 0x7fd3c2000000 size 10485760 ipcDesc 0x7fd3e800bad0
n232-194-226:233893:233931 [1] NCCL INFO Allocated shareable buffer 0x7f30f3a00000 size 2097152 ipcDesc 0x7f30f4035f30
n232-194-226:233892:233929 [0] NCCL INFO proxyProgressAsync opId=0x7fd3cebbbd40 op.type=3 op.reqBuff=0x7fd3e8010b60 op.respSize=80 done
n232-194-226:233893:233931 [1] NCCL INFO proxyProgressAsync opId=0x7f30febbbd20 op.type=3 op.reqBuff=0x7f30f4035f00 op.respSize=80 done
n232-194-226:233894:233906 [2] NCCL INFO Imported shareable buffer device 2 size 10485760 ptr 0x7f8303400000
n232-194-226:233892:233905 [0] NCCL INFO ncclPollProxyResponse Received new opId=0x7fd3cebbbd40
n232-194-226:233893:233907 [1] NCCL INFO ncclPollProxyResponse Received new opId=0x7f30febbbd20
n232-194-226:233893:233931 [1] NCCL INFO Received and initiated operation=Setup res=0
n232-194-226:233892:233929 [0] NCCL INFO Received and initiated operation=Setup res=0
n232-194-226:233893:233907 [1] NCCL INFO recvOpId=0x7f30febbbd20 matches expected opId=0x7f30febbbd20
n232-194-226:233892:233905 [0] NCCL INFO recvOpId=0x7fd3cebbbd40 matches expected opId=0x7fd3cebbbd40
n232-194-226:233894:233906 [2] NCCL INFO recvConnect ncclProxyCallAsync opId=0x7f83173a5970 &recv->proxyConn=0x7f83173a5978 connectInfo=0x7f83173b26b0
n232-194-226:233894:233930 [2] NCCL INFO transport/net_ib.cc:739 Ib Alloc Size 22280 pointer 0x7f830c0da000
n232-194-226:233894:233930 [2] NCCL INFO Received and initiated operation=Connect res=0
n232-194-226:233894:233906 [2] NCCL INFO Imported shareable buffer device 2 size 10485760 ptr 0x7f8300000000
n232-194-226:233894:233906 [2] NCCL INFO recvConnect ncclProxyCallAsync opId=0x7f83173a9230 &recv->proxyConn=0x7f83173a9238 connectInfo=0x7f83173b2730
n232-194-226:233894:233930 [2] NCCL INFO transport/net_ib.cc:739 Ib Alloc Size 22280 pointer 0x7f830c0e6000
n232-194-226:233894:233930 [2] NCCL INFO Received and initiated operation=Connect res=0
n232-194-226:233892:233905 [0] NCCL INFO Imported shareable buffer device 0 size 10485760 ptr 0x7fd3c2a00000
n232-194-226:233893:233907 [1] NCCL INFO Imported shareable buffer device 1 size 2097152 ptr 0x7f30f3c00000
n232-194-226:233892:233905 [0] NCCL INFO Imported shareable buffer device 0 size 10485760 ptr 0x7fd3c3400000
n232-194-226:233893:233907 [1] NCCL INFO Imported shareable buffer device 1 size 2097152 ptr 0x7f30f3e00000
n232-194-226:233892:233905 [0] NCCL INFO Imported shareable buffer device 0 size 10485760 ptr 0x7fd3c0000000
n232-194-226:233893:233907 [1] NCCL INFO Imported shareable buffer device 1 size 2097152 ptr 0x7f30fb800000
n232-194-226:233892:233905 [0] NCCL INFO Imported shareable buffer device 0 size 10485760 ptr 0x7fd3c0a00000
n232-194-226:233893:233907 [1] NCCL INFO Imported shareable buffer device 1 size 2097152 ptr 0x7f30fba00000
n232-194-226:233893:233907 [1] NCCL INFO recvConnect ncclProxyCallAsync opId=0x7f30ff3a03f8 &recv->proxyConn=0x7f30ff3a0400 connectInfo=0x7f30ff3ae550
n232-194-226:233893:233907 [1] NCCL INFO recvConnect ncclProxyCallAsync opId=0x7f30ff3a3f58 &recv->proxyConn=0x7f30ff3a3f60 connectInfo=0x7f30ff3ae5d0
n232-194-226:233893:233931 [1] NCCL INFO transport/net_ib.cc:739 Ib Alloc Size 22280 pointer 0x7f30f403c000
n232-194-226:233893:233931 [1] NCCL INFO transport/net_ib.cc:752 Ib Alloc Size 552 pointer 0x7f30f4043000
n232-194-226:233893:233907 [1] NCCL INFO recvConnect ncclProxyCallAsync opId=0x7f30ff3a7818 &recv->proxyConn=0x7f30ff3a7820 connectInfo=0x7f30ff3ae650
n232-194-226:233893:233907 [1] NCCL INFO recvConnect ncclProxyCallAsync opId=0x7f30ff3ab0d8 &recv->proxyConn=0x7f30ff3ab0e0 connectInfo=0x7f30ff3ae6d0
n232-194-226:233893:233907 [1] NCCL INFO sendConnect ncclProxyCallAsync opId=0x7f30ff38dc38
n232-194-226:233893:233907 [1] NCCL INFO sendConnect ncclProxyCallAsync opId=0x7f30ff3a2088
n232-194-226:233893:233907 [1] NCCL INFO sendConnect ncclProxyCallAsync opId=0x7f30ff3a5a98
n232-194-226:233893:233907 [1] NCCL INFO sendConnect ncclProxyCallAsync opId=0x7f30ff3a9358
n232-194-226:233893:233931 [1] NCCL INFO transport/net_ib.cc:830 Ib Alloc Size 552 pointer 0x7f30f406a000
n232-194-226:233893:233931 [1] NCCL INFO Received and initiated operation=Connect res=0
n232-194-226:233893:233931 [1] NCCL INFO transport/net_ib.cc:739 Ib Alloc Size 22280 pointer 0x7f30f4071000
n232-194-226:233893:233931 [1] NCCL INFO transport/net_ib.cc:752 Ib Alloc Size 552 pointer 0x7f30f4078000
n232-194-226:233893:233907 [1] NCCL INFO Imported shareable buffer device 1 size 10485760 ptr 0x7f30ea000000
n232-194-226:233892:233905 [0] NCCL INFO Imported shareable buffer device 0 size 10485760 ptr 0x7fd3c1400000
n232-194-226:233894:233930 [2] NCCL INFO transport/net.cc:637 Cuda Alloc Size 9109504 pointer 0x7f8300a00000
n232-194-226:233894:233930 [2] NCCL INFO transport/net.cc:643 Cuda Host Alloc Size 532480 pointer 0x7f834ea00200
n232-194-226:233894:233930 [2] NCCL INFO Mem Realloc old size 0, new size 768 pointer 0x7f830c0ba010
n232-194-226:233893:233931 [1] NCCL INFO transport/net_ib.cc:830 Ib Alloc Size 552 pointer 0x7f30f4094000
n232-194-226:233893:233931 [1] NCCL INFO Received and initiated operation=Connect res=0
n232-194-226:233893:233907 [1] NCCL INFO Imported shareable buffer device 1 size 10485760 ptr 0x7f30eaa00000
n232-194-226:233892:233905 [0] NCCL INFO Imported shareable buffer device 0 size 10485760 ptr 0x7fd3be000000
n232-194-226:233892:233905 [0] NCCL INFO Imported shareable buffer device 0 size 10485760 ptr 0x7fd3bea00000
n232-194-226:233893:233931 [1] NCCL INFO transport/net.cc:773 Cuda Alloc Size 9633792 pointer 0x7f30eb400000
n232-194-226:233892:233905 [0] NCCL INFO Imported shareable buffer device 0 size 10485760 ptr 0x7fd3bf400000
n232-194-226:233893:233907 [1] NCCL INFO Imported shareable buffer device 1 size 10485760 ptr 0x7f30e8000000
n232-194-226:233893:233931 [1] NCCL INFO transport/net.cc:778 Cuda Host Alloc Size 8192 pointer 0x7f3138a00200
n232-194-226:233893:233931 [1] NCCL INFO Mem Realloc old size 0, new size 768 pointer 0x7f30f40930a0
n232-194-226:233892:233905 [0] NCCL INFO Imported shareable buffer device 0 size 2097152 ptr 0x7fd3bfe00000
n232-194-226:233894:233930 [2] NCCL INFO proxyProgressAsync opId=0x7f83173a0090 op.type=4 op.reqBuff=0x7f830c036ba0 op.respSize=21040 done
n232-194-226:233894:233906 [2] NCCL INFO ncclPollProxyResponse Received new opId=0x7f83173a0090
n232-194-226:233894:233906 [2] NCCL INFO Queuing opId=0x7f83173a0090 respBuff=0x7f831740f400 respSize=21040
n232-194-226:233894:233906 [2] NCCL INFO ncclPollProxyResponse Dequeued cached opId=0x7f83173a0090
n232-194-226:233894:233906 [2] NCCL INFO sendConnect ncclPollProxyResponse opId=0x7f83173a0090
n232-194-226:233893:233907 [1] NCCL INFO Imported shareable buffer device 1 size 10485760 ptr 0x7f30e8a00000
n232-194-226:233892:233905 [0] NCCL INFO Imported shareable buffer device 0 size 2097152 ptr 0x7fd3c1e00000
n232-194-226:233892:233905 [0] NCCL INFO Imported shareable buffer device 0 size 2097152 ptr 0x7fd3c3e00000
n232-194-226:233894:233930 [2] NCCL INFO transport/net.cc:637 Cuda Alloc Size 9109504 pointer 0x7f8301400000
n232-194-226:233894:233930 [2] NCCL INFO transport/net.cc:643 Cuda Host Alloc Size 532480 pointer 0x7f834ea82200
n232-194-226:233892:233905 [0] NCCL INFO Imported shareable buffer device 0 size 2097152 ptr 0x7fd3c5e00000
n232-194-226:233892:233905 [0] NCCL INFO Imported shareable buffer device 0 size 2097152 ptr 0x7fd3c7e00000
n232-194-226:233892:233905 [0] NCCL INFO Imported shareable buffer device 0 size 2097152 ptr 0x7fd3c9e00000
n232-194-226:233893:233931 [1] NCCL INFO proxyProgressAsync opId=0x7f30ff3a03f8 op.type=4 op.reqBuff=0x7f30f4035f00 op.respSize=21040 done
n232-194-226:233893:233907 [1] NCCL INFO ncclPollProxyResponse Received new opId=0x7f30ff3a03f8
n232-194-226:233893:233907 [1] NCCL INFO Queuing opId=0x7f30ff3a03f8 respBuff=0x7f30ff40f400 respSize=21040
n232-194-226:233893:233907 [1] NCCL INFO ncclPollProxyResponse Dequeued cached opId=0x7f30ff3a03f8
n232-194-226:233893:233907 [1] NCCL INFO recvConnect ncclPollProxyResponse opId=0x7f30ff3a03f8
n232-194-226:233892:233905 [0] NCCL INFO Imported shareable buffer device 0 size 2097152 ptr 0x7fd3bc000000
n232-194-226:233894:233930 [2] NCCL INFO proxyProgressAsync opId=0x7f83173a3bf0 op.type=4 op.reqBuff=0x7f830c043ce0 op.respSize=21040 done
n232-194-226:233894:233906 [2] NCCL INFO ncclPollProxyResponse Received new opId=0x7f83173a3bf0
n232-194-226:233894:233906 [2] NCCL INFO Queuing opId=0x7f83173a3bf0 respBuff=0x7f83173bbb90 respSize=21040
n232-194-226:233894:233906 [2] NCCL INFO ncclPollProxyResponse Dequeued cached opId=0x7f83173a3bf0
n232-194-226:233894:233906 [2] NCCL INFO sendConnect ncclPollProxyResponse opId=0x7f83173a3bf0
n232-194-226:233892:233905 [0] NCCL INFO Imported shareable buffer device 0 size 2097152 ptr 0x7fd3bc200000
n232-194-226:233892:233905 [0] NCCL INFO Connected all rings
n232-194-226:233892:233905 [0] NCCL INFO Channel 01/0 : 0[0] -> 1[1] via P2P/IPC
n232-194-226:233893:233931 [1] NCCL INFO transport/net.cc:773 Cuda Alloc Size 9633792 pointer 0x7f30e9400000
n232-194-226:233892:233929 [0] NCCL INFO New proxy send connection 16 from local rank 0, transport 0
n232-194-226:233892:233929 [0] NCCL INFO proxyProgressAsync opId=0x7fd3cebbbd40 op.type=1 op.reqBuff=0x7fd3e8010b60 op.respSize=16 done
n232-194-226:233892:233905 [0] NCCL INFO ncclPollProxyResponse Received new opId=0x7fd3cebbbd40
n232-194-226:233892:233929 [0] NCCL INFO Received and initiated operation=Init res=0
n232-194-226:233893:233931 [1] NCCL INFO transport/net.cc:778 Cuda Host Alloc Size 8192 pointer 0x7f3138a02200
n232-194-226:233892:233905 [0] NCCL INFO recvOpId=0x7fd3cebbbd40 matches expected opId=0x7fd3cebbbd40
n232-194-226:233892:233905 [0] NCCL INFO Connection to proxy localRank 0 -> connection 0x7fd3e8003650
n232-194-226:233892:233929 [0] NCCL INFO transport/p2p.cc:204 Cuda Alloc Size 2097152 pointer 0x7fd3bc400000
n232-194-226:233892:233929 [0] NCCL INFO Allocated shareable buffer 0x7fd3bc400000 size 2097152 ipcDesc 0x7fd3e800bad0
n232-194-226:233892:233929 [0] NCCL INFO proxyProgressAsync opId=0x7fd3cebbbd40 op.type=3 op.reqBuff=0x7fd3e8012320 op.respSize=80 done
n232-194-226:233892:233905 [0] NCCL INFO ncclPollProxyResponse Received new opId=0x7fd3cebbbd40
n232-194-226:233892:233929 [0] NCCL INFO Received and initiated operation=Setup res=0
n232-194-226:233892:233905 [0] NCCL INFO recvOpId=0x7fd3cebbbd40 matches expected opId=0x7fd3cebbbd40
n232-194-226:233892:233905 [0] NCCL INFO Channel 05/0 : 0[0] -> 1[1] via P2P/IPC
n232-194-226:233892:233929 [0] NCCL INFO New proxy send connection 17 from local rank 0, transport 0
n232-194-226:233892:233929 [0] NCCL INFO proxyProgressAsync opId=0x7fd3cebbbd40 op.type=1 op.reqBuff=0x7fd3e8012320 op.respSize=16 done
n232-194-226:233892:233905 [0] NCCL INFO ncclPollProxyResponse Received new opId=0x7fd3cebbbd40
n232-194-226:233892:233929 [0] NCCL INFO Received and initiated operation=Init res=0
n232-194-226:233892:233905 [0] NCCL INFO recvOpId=0x7fd3cebbbd40 matches expected opId=0x7fd3cebbbd40
n232-194-226:233892:233905 [0] NCCL INFO Connection to proxy localRank 0 -> connection 0x7fd3e80036a0
n232-194-226:233892:233929 [0] NCCL INFO transport/p2p.cc:204 Cuda Alloc Size 2097152 pointer 0x7fd3bc600000
n232-194-226:233892:233929 [0] NCCL INFO Allocated shareable buffer 0x7fd3bc600000 size 2097152 ipcDesc 0x7fd3e800bad0
n232-194-226:233892:233929 [0] NCCL INFO proxyProgressAsync opId=0x7fd3cebbbd40 op.type=3 op.reqBuff=0x7fd3e8012360 op.respSize=80 done
n232-194-226:233892:233905 [0] NCCL INFO ncclPollProxyResponse Received new opId=0x7fd3cebbbd40
n232-194-226:233892:233905 [0] NCCL INFO recvOpId=0x7fd3cebbbd40 matches expected opId=0x7fd3cebbbd40
n232-194-226:233892:233929 [0] NCCL INFO Received and initiated operation=Setup res=0
n232-194-226:233893:233931 [1] NCCL INFO proxyProgressAsync opId=0x7f30ff3a3f58 op.type=4 op.reqBuff=0x7f30f4049f00 op.respSize=21040 done
n232-194-226:233893:233907 [1] NCCL INFO ncclPollProxyResponse Received new opId=0x7f30ff3a3f58
n232-194-226:233893:233907 [1] NCCL INFO Queuing opId=0x7f30ff3a3f58 respBuff=0x7f30ff3bea60 respSize=21040
n232-194-226:233893:233931 [1] NCCL INFO transport/net_ib.cc:739 Ib Alloc Size 22280 pointer 0x7f30f4096000
n232-194-226:233893:233907 [1] NCCL INFO ncclPollProxyResponse Dequeued cached opId=0x7f30ff3a3f58
n232-194-226:233893:233907 [1] NCCL INFO recvConnect ncclPollProxyResponse opId=0x7f30ff3a3f58
n232-194-226:233893:233931 [1] NCCL INFO transport/net_ib.cc:752 Ib Alloc Size 552 pointer 0x7f30f4037000
n232-194-226:233893:233931 [1] NCCL INFO transport/net_ib.cc:830 Ib Alloc Size 552 pointer 0x7f30f4037000
n232-194-226:233893:233931 [1] NCCL INFO Received and initiated operation=Connect res=0
n232-194-226:233893:233931 [1] NCCL INFO transport/net_ib.cc:739 Ib Alloc Size 22280 pointer 0x7f30f40bb000
n232-194-226:233893:233931 [1] NCCL INFO transport/net_ib.cc:752 Ib Alloc Size 552 pointer 0x7f30f4039000
n232-194-226:233893:233931 [1] NCCL INFO transport/net_ib.cc:830 Ib Alloc Size 552 pointer 0x7f30f40dc000
n232-194-226:233893:233931 [1] NCCL INFO Received and initiated operation=Connect res=0
n232-194-226:233893:233931 [1] NCCL INFO transport/net.cc:773 Cuda Alloc Size 9633792 pointer 0x7f30e6000000
n232-194-226:233893:233931 [1] NCCL INFO transport/net.cc:778 Cuda Host Alloc Size 8192 pointer 0x7f3138a04200
n232-194-226:233893:233931 [1] NCCL INFO proxyProgressAsync opId=0x7f30ff3a7818 op.type=4 op.reqBuff=0x7f30f4049f00 op.respSize=21040 done
n232-194-226:233893:233907 [1] NCCL INFO ncclPollProxyResponse Received new opId=0x7f30ff3a7818
n232-194-226:233893:233907 [1] NCCL INFO recvOpId=0x7f30ff3a7818 matches expected opId=0x7f30ff3a7818
n232-194-226:233893:233907 [1] NCCL INFO recvConnect ncclPollProxyResponse opId=0x7f30ff3a7818
n232-194-226:233893:233931 [1] NCCL INFO transport/net_ib.cc:627 Ib Alloc Size 27160 pointer 0x7f30f40de000
n232-194-226:233894:233930 [2] NCCL INFO transport/net.cc:637 Cuda Alloc Size 9109504 pointer 0x7f82fe000000
n232-194-226:233894:233930 [2] NCCL INFO transport/net.cc:643 Cuda Host Alloc Size 532480 pointer 0x7f834eb04200
n232-194-226:233893:233931 [1] NCCL INFO NET/IB: Dev 0 Port 1 qpn 58219 mtu 5 LID 42
n232-194-226:233893:233931 [1] NCCL INFO transport/net_ib.cc:679 Ib Alloc Size 552 pointer 0x7f30f40f5000
n232-194-226:233893:233931 [1] NCCL INFO Received and initiated operation=Connect res=0
n232-194-226:233893:233931 [1] NCCL INFO transport/net_ib.cc:627 Ib Alloc Size 27160 pointer 0x7f30f40fc000
n232-194-226:233894:233930 [2] NCCL INFO proxyProgressAsync opId=0x7f83173a74b0 op.type=4 op.reqBuff=0x7f830c05df00 op.respSize=21040 done
n232-194-226:233894:233906 [2] NCCL INFO ncclPollProxyResponse Received new opId=0x7f83173a74b0
n232-194-226:233894:233906 [2] NCCL INFO recvOpId=0x7f83173a74b0 matches expected opId=0x7f83173a74b0
n232-194-226:233894:233906 [2] NCCL INFO sendConnect ncclPollProxyResponse opId=0x7f83173a74b0
n232-194-226:233894:233930 [2] NCCL INFO transport/net.cc:637 Cuda Alloc Size 9109504 pointer 0x7f82fea00000
n232-194-226:233893:233931 [1] NCCL INFO NET/IB: Dev 0 Port 1 qpn 58220 mtu 5 LID 42
n232-194-226:233893:233931 [1] NCCL INFO transport/net_ib.cc:679 Ib Alloc Size 552 pointer 0x7f30f4113000
n232-194-226:233893:233931 [1] NCCL INFO Received and initiated operation=Connect res=0
n232-194-226:233893:233931 [1] NCCL INFO transport/net_ib.cc:627 Ib Alloc Size 27160 pointer 0x7f30f411a000
n232-194-226:233894:233930 [2] NCCL INFO transport/net.cc:643 Cuda Host Alloc Size 532480 pointer 0x7f82ff400000
n232-194-226:233893:233931 [1] NCCL INFO NET/IB: Dev 0 Port 1 qpn 58222 mtu 5 LID 42
n232-194-226:233893:233931 [1] NCCL INFO transport/net_ib.cc:679 Ib Alloc Size 552 pointer 0x7f30f4132000
n232-194-226:233893:233931 [1] NCCL INFO Received and initiated operation=Connect res=0
n232-194-226:233893:233931 [1] NCCL INFO transport/net_ib.cc:627 Ib Alloc Size 27160 pointer 0x7f30f4139000
n232-194-226:233894:233930 [2] NCCL INFO proxyProgressAsync opId=0x7f83173aad70 op.type=4 op.reqBuff=0x7f830c08bbb0 op.respSize=21040 done
n232-194-226:233894:233906 [2] NCCL INFO ncclPollProxyResponse Received new opId=0x7f83173aad70
n232-194-226:233894:233906 [2] NCCL INFO recvOpId=0x7f83173aad70 matches expected opId=0x7f83173aad70
n232-194-226:233894:233906 [2] NCCL INFO sendConnect ncclPollProxyResponse opId=0x7f83173aad70
n232-194-226:233893:233931 [1] NCCL INFO NET/IB: Dev 0 Port 1 qpn 58223 mtu 5 LID 42
n232-194-226:233893:233931 [1] NCCL INFO transport/net_ib.cc:679 Ib Alloc Size 552 pointer 0x7f30f4151000
n232-194-226:233893:233931 [1] NCCL INFO Received and initiated operation=Connect res=0
n232-194-226:233893:233931 [1] NCCL INFO transport/net.cc:773 Cuda Alloc Size 9633792 pointer 0x7f30e6a00000
n232-194-226:233893:233931 [1] NCCL INFO transport/net.cc:778 Cuda Host Alloc Size 8192 pointer 0x7f3138a06200
n232-194-226:233893:233931 [1] NCCL INFO proxyProgressAsync opId=0x7f30ff3ab0d8 op.type=4 op.reqBuff=0x7f30f4044fe0 op.respSize=21040 done
n232-194-226:233893:233907 [1] NCCL INFO ncclPollProxyResponse Received new opId=0x7f30ff3ab0d8
n232-194-226:233893:233907 [1] NCCL INFO Queuing opId=0x7f30ff3ab0d8 respBuff=0x7f30ff3bea60 respSize=21040
n232-194-226:233893:233907 [1] NCCL INFO ncclPollProxyResponse Dequeued cached opId=0x7f30ff3ab0d8
n232-194-226:233893:233907 [1] NCCL INFO recvConnect ncclPollProxyResponse opId=0x7f30ff3ab0d8
n232-194-226:233894:233930 [2] NCCL INFO transport/net_ib.cc:752 Ib Alloc Size 552 pointer 0x7f830c060000
n232-194-226:233893:233931 [1] NCCL INFO transport/net.cc:637 Cuda Alloc Size 9109504 pointer 0x7f30e7400000
n232-194-226:233893:233931 [1] NCCL INFO transport/net.cc:643 Cuda Host Alloc Size 532480 pointer 0x7f3138a08200
n232-194-226:233893:233931 [1] NCCL INFO proxyProgressAsync opId=0x7f30ff38dc38 op.type=4 op.reqBuff=0x7f30f4095ee0 op.respSize=21040 done
n232-194-226:233893:233907 [1] NCCL INFO ncclPollProxyResponse Received new opId=0x7f30ff38dc38
n232-194-226:233893:233907 [1] NCCL INFO recvOpId=0x7f30ff38dc38 matches expected opId=0x7f30ff38dc38
n232-194-226:233893:233907 [1] NCCL INFO sendConnect ncclPollProxyResponse opId=0x7f30ff38dc38
n232-194-226:233894:233930 [2] NCCL INFO transport/net_ib.cc:830 Ib Alloc Size 552 pointer 0x7f830c062000
n232-194-226:233894:233930 [2] NCCL INFO transport/net_ib.cc:752 Ib Alloc Size 552 pointer 0x7f830c037000
n232-194-226:233893:233931 [1] NCCL INFO transport/net.cc:637 Cuda Alloc Size 9109504 pointer 0x7f30e4000000
n232-194-226:233893:233931 [1] NCCL INFO transport/net.cc:643 Cuda Host Alloc Size 532480 pointer 0x7f3138a8a200
n232-194-226:233893:233931 [1] NCCL INFO proxyProgressAsync opId=0x7f30ff3a2088 op.type=4 op.reqBuff=0x7f30f40e5cf0 op.respSize=21040 done
n232-194-226:233893:233907 [1] NCCL INFO ncclPollProxyResponse Received new opId=0x7f30ff3a2088
n232-194-226:233893:233907 [1] NCCL INFO recvOpId=0x7f30ff3a2088 matches expected opId=0x7f30ff3a2088
n232-194-226:233893:233907 [1] NCCL INFO sendConnect ncclPollProxyResponse opId=0x7f30ff3a2088
n232-194-226:233894:233930 [2] NCCL INFO transport/net_ib.cc:830 Ib Alloc Size 552 pointer 0x7f830c0a1000
n232-194-226:233894:233930 [2] NCCL INFO transport/net_ib.cc:752 Ib Alloc Size 552 pointer 0x7f830c037000
n232-194-226:233893:233931 [1] NCCL INFO transport/net.cc:637 Cuda Alloc Size 9109504 pointer 0x7f30e4a00000
n232-194-226:233893:233931 [1] NCCL INFO transport/net.cc:643 Cuda Host Alloc Size 532480 pointer 0x7f3138b0c200
n232-194-226:233893:233931 [1] NCCL INFO proxyProgressAsync opId=0x7f30ff3a5a98 op.type=4 op.reqBuff=0x7f30f40fbc70 op.respSize=21040 done
n232-194-226:233893:233907 [1] NCCL INFO ncclPollProxyResponse Received new opId=0x7f30ff3a5a98
n232-194-226:233893:233907 [1] NCCL INFO recvOpId=0x7f30ff3a5a98 matches expected opId=0x7f30ff3a5a98
n232-194-226:233893:233907 [1] NCCL INFO sendConnect ncclPollProxyResponse opId=0x7f30ff3a5a98
n232-194-226:233894:233930 [2] NCCL INFO transport/net_ib.cc:830 Ib Alloc Size 552 pointer 0x7f830c03a000
n232-194-226:233894:233930 [2] NCCL INFO transport/net_ib.cc:752 Ib Alloc Size 552 pointer 0x7f830c12e000
n232-194-226:233893:233931 [1] NCCL INFO transport/net.cc:637 Cuda Alloc Size 9109504 pointer 0x7f30e5400000
n232-194-226:233893:233931 [1] NCCL INFO transport/net.cc:643 Cuda Host Alloc Size 532480 pointer 0x7f30e5e00000
n232-194-226:233894:233930 [2] NCCL INFO transport/net_ib.cc:830 Ib Alloc Size 552 pointer 0x7f830c14a000
n232-194-226:233894:233930 [2] NCCL INFO transport/net.cc:773 Cuda Alloc Size 9633792 pointer 0x7f82ff600000
n232-194-226:233894:233930 [2] NCCL INFO transport/net.cc:778 Cuda Host Alloc Size 8192 pointer 0x7f834eb86200
n232-194-226:233893:233931 [1] NCCL INFO proxyProgressAsync opId=0x7f30ff3a9358 op.type=4 op.reqBuff=0x7f30f4121c70 op.respSize=21040 done
n232-194-226:233893:233907 [1] NCCL INFO ncclPollProxyResponse Received new opId=0x7f30ff3a9358
n232-194-226:233893:233907 [1] NCCL INFO recvOpId=0x7f30ff3a9358 matches expected opId=0x7f30ff3a9358
n232-194-226:233893:233907 [1] NCCL INFO sendConnect ncclPollProxyResponse opId=0x7f30ff3a9358
n232-194-226:233893:233907 [1] NCCL INFO Connected all rings
n232-194-226:233893:233931 [1] NCCL INFO New proxy recv connection 16 from local rank 1, transport 0
n232-194-226:233893:233931 [1] NCCL INFO proxyProgressAsync opId=0x7f30febbbd20 op.type=1 op.reqBuff=0x7f30f4121cb0 op.respSize=16 done
n232-194-226:233893:233907 [1] NCCL INFO ncclPollProxyResponse Received new opId=0x7f30febbbd20
n232-194-226:233893:233907 [1] NCCL INFO recvOpId=0x7f30febbbd20 matches expected opId=0x7f30febbbd20
n232-194-226:233893:233931 [1] NCCL INFO Received and initiated operation=Init res=0
n232-194-226:233893:233907 [1] NCCL INFO Connection to proxy localRank 1 -> connection 0x7f30f4003650
n232-194-226:233893:233931 [1] NCCL INFO transport/p2p.cc:204 Cuda Alloc Size 10485760 pointer 0x7f30e2000000
n232-194-226:233893:233931 [1] NCCL INFO Allocated shareable buffer 0x7f30e2000000 size 10485760 ipcDesc 0x7f30f40c16d0
n232-194-226:233893:233931 [1] NCCL INFO proxyProgressAsync opId=0x7f30febbbd20 op.type=3 op.reqBuff=0x7f30f4121cb0 op.respSize=80 done
n232-194-226:233893:233907 [1] NCCL INFO ncclPollProxyResponse Received new opId=0x7f30febbbd20
n232-194-226:233893:233931 [1] NCCL INFO Received and initiated operation=Setup res=0
n232-194-226:233893:233907 [1] NCCL INFO recvOpId=0x7f30febbbd20 matches expected opId=0x7f30febbbd20
n232-194-226:233893:233931 [1] NCCL INFO New proxy recv connection 17 from local rank 1, transport 0
n232-194-226:233893:233931 [1] NCCL INFO proxyProgressAsync opId=0x7f30febbbd20 op.type=1 op.reqBuff=0x7f30f4121cb0 op.respSize=16 done
n232-194-226:233893:233907 [1] NCCL INFO ncclPollProxyResponse Received new opId=0x7f30febbbd20
n232-194-226:233893:233931 [1] NCCL INFO Received and initiated operation=Init res=0
n232-194-226:233893:233907 [1] NCCL INFO recvOpId=0x7f30febbbd20 matches expected opId=0x7f30febbbd20
n232-194-226:233893:233907 [1] NCCL INFO Connection to proxy localRank 1 -> connection 0x7f30f40036a0
n232-194-226:233893:233931 [1] NCCL INFO transport/p2p.cc:204 Cuda Alloc Size 10485760 pointer 0x7f30e2a00000
n232-194-226:233893:233931 [1] NCCL INFO Allocated shareable buffer 0x7f30e2a00000 size 10485760 ipcDesc 0x7f30f40c16d0
n232-194-226:233893:233931 [1] NCCL INFO proxyProgressAsync opId=0x7f30febbbd20 op.type=3 op.reqBuff=0x7f30f40c1760 op.respSize=80 done
n232-194-226:233893:233907 [1] NCCL INFO ncclPollProxyResponse Received new opId=0x7f30febbbd20
n232-194-226:233893:233931 [1] NCCL INFO Received and initiated operation=Setup res=0
n232-194-226:233893:233907 [1] NCCL INFO recvOpId=0x7f30febbbd20 matches expected opId=0x7f30febbbd20
n232-194-226:233893:233907 [1] NCCL INFO Channel 02/0 : 1[1] -> 2[2] via P2P/IPC
n232-194-226:233893:233931 [1] NCCL INFO New proxy send connection 18 from local rank 1, transport 0
n232-194-226:233893:233931 [1] NCCL INFO proxyProgressAsync opId=0x7f30febbbd20 op.type=1 op.reqBuff=0x7f30f40c1760 op.respSize=16 done
n232-194-226:233893:233907 [1] NCCL INFO ncclPollProxyResponse Received new opId=0x7f30febbbd20
n232-194-226:233893:233907 [1] NCCL INFO recvOpId=0x7f30febbbd20 matches expected opId=0x7f30febbbd20
n232-194-226:233893:233931 [1] NCCL INFO Received and initiated operation=Init res=0
n232-194-226:233893:233907 [1] NCCL INFO Connection to proxy localRank 1 -> connection 0x7f30f40036f0
n232-194-226:233893:233931 [1] NCCL INFO transport/p2p.cc:204 Cuda Alloc Size 2097152 pointer 0x7f30e3400000
n232-194-226:233893:233931 [1] NCCL INFO Allocated shareable buffer 0x7f30e3400000 size 2097152 ipcDesc 0x7f30f40c16d0
n232-194-226:233893:233931 [1] NCCL INFO proxyProgressAsync opId=0x7f30febbbd20 op.type=3 op.reqBuff=0x7f30f41037c0 op.respSize=80 done
n232-194-226:233893:233907 [1] NCCL INFO ncclPollProxyResponse Received new opId=0x7f30febbbd20
n232-194-226:233893:233931 [1] NCCL INFO Received and initiated operation=Setup res=0
n232-194-226:233893:233907 [1] NCCL INFO recvOpId=0x7f30febbbd20 matches expected opId=0x7f30febbbd20
n232-194-226:233893:233907 [1] NCCL INFO Channel 03/0 : 1[1] -> 2[2] via P2P/IPC
n232-194-226:233893:233931 [1] NCCL INFO New proxy send connection 19 from local rank 1, transport 0
n232-194-226:233893:233931 [1] NCCL INFO proxyProgressAsync opId=0x7f30febbbd20 op.type=1 op.reqBuff=0x7f30f41037c0 op.respSize=16 done
n232-194-226:233893:233907 [1] NCCL INFO ncclPollProxyResponse Received new opId=0x7f30febbbd20
n232-194-226:233893:233907 [1] NCCL INFO recvOpId=0x7f30febbbd20 matches expected opId=0x7f30febbbd20
n232-194-226:233893:233931 [1] NCCL INFO Received and initiated operation=Init res=0
n232-194-226:233893:233907 [1] NCCL INFO Connection to proxy localRank 1 -> connection 0x7f30f4003740
n232-194-226:233894:233930 [2] NCCL INFO proxyProgressAsync opId=0x7f831738db10 op.type=4 op.reqBuff=0x7f830c035f60 op.respSize=21040 done
n232-194-226:233894:233906 [2] NCCL INFO ncclPollProxyResponse Received new opId=0x7f831738db10
n232-194-226:233893:233931 [1] NCCL INFO transport/p2p.cc:204 Cuda Alloc Size 2097152 pointer 0x7f30e3600000
n232-194-226:233893:233931 [1] NCCL INFO Allocated shareable buffer 0x7f30e3600000 size 2097152 ipcDesc 0x7f30f40c16d0
n232-194-226:233893:233931 [1] NCCL INFO proxyProgressAsync opId=0x7f30febbbd20 op.type=3 op.reqBuff=0x7f30f41037c0 op.respSize=80 done
n232-194-226:233894:233906 [2] NCCL INFO Queuing opId=0x7f831738db10 respBuff=0x7f83173bbb90 respSize=21040
n232-194-226:233893:233907 [1] NCCL INFO ncclPollProxyResponse Received new opId=0x7f30febbbd20
n232-194-226:233893:233931 [1] NCCL INFO Received and initiated operation=Setup res=0
n232-194-226:233893:233907 [1] NCCL INFO recvOpId=0x7f30febbbd20 matches expected opId=0x7f30febbbd20
n232-194-226:233893:233907 [1] NCCL INFO Channel 06/0 : 1[1] -> 2[2] via P2P/IPC
n232-194-226:233894:233906 [2] NCCL INFO ncclPollProxyResponse Dequeued cached opId=0x7f831738db10
n232-194-226:233894:233906 [2] NCCL INFO recvConnect ncclPollProxyResponse opId=0x7f831738db10
n232-194-226:233893:233931 [1] NCCL INFO New proxy send connection 20 from local rank 1, transport 0
n232-194-226:233893:233931 [1] NCCL INFO proxyProgressAsync opId=0x7f30febbbd20 op.type=1 op.reqBuff=0x7f30f41037c0 op.respSize=16 done
n232-194-226:233893:233907 [1] NCCL INFO ncclPollProxyResponse Received new opId=0x7f30febbbd20
n232-194-226:233893:233931 [1] NCCL INFO Received and initiated operation=Init res=0
n232-194-226:233893:233907 [1] NCCL INFO recvOpId=0x7f30febbbd20 matches expected opId=0x7f30febbbd20
n232-194-226:233893:233907 [1] NCCL INFO Connection to proxy localRank 1 -> connection 0x7f30f4003790
n232-194-226:233893:233931 [1] NCCL INFO transport/p2p.cc:204 Cuda Alloc Size 2097152 pointer 0x7f30e3800000
n232-194-226:233894:233930 [2] NCCL INFO transport/net.cc:773 Cuda Alloc Size 9633792 pointer 0x7f82fc000000
n232-194-226:233893:233931 [1] NCCL INFO Allocated shareable buffer 0x7f30e3800000 size 2097152 ipcDesc 0x7f30f40c16d0
n232-194-226:233893:233931 [1] NCCL INFO proxyProgressAsync opId=0x7f30febbbd20 op.type=3 op.reqBuff=0x7f30f41400f0 op.respSize=80 done
n232-194-226:233893:233907 [1] NCCL INFO ncclPollProxyResponse Received new opId=0x7f30febbbd20
n232-194-226:233894:233930 [2] NCCL INFO transport/net.cc:778 Cuda Host Alloc Size 8192 pointer 0x7f834eb88200
n232-194-226:233893:233931 [1] NCCL INFO Received and initiated operation=Setup res=0
n232-194-226:233893:233907 [1] NCCL INFO recvOpId=0x7f30febbbd20 matches expected opId=0x7f30febbbd20
n232-194-226:233893:233907 [1] NCCL INFO Channel 07/0 : 1[1] -> 2[2] via P2P/IPC
n232-194-226:233893:233931 [1] NCCL INFO New proxy send connection 21 from local rank 1, transport 0
n232-194-226:233893:233931 [1] NCCL INFO proxyProgressAsync opId=0x7f30febbbd20 op.type=1 op.reqBuff=0x7f30f41400f0 op.respSize=16 done
n232-194-226:233893:233907 [1] NCCL INFO ncclPollProxyResponse Received new opId=0x7f30febbbd20
n232-194-226:233893:233907 [1] NCCL INFO recvOpId=0x7f30febbbd20 matches expected opId=0x7f30febbbd20
n232-194-226:233893:233931 [1] NCCL INFO Received and initiated operation=Init res=0
n232-194-226:233893:233907 [1] NCCL INFO Connection to proxy localRank 1 -> connection 0x7f30f40037e0
n232-194-226:233893:233931 [1] NCCL INFO transport/p2p.cc:204 Cuda Alloc Size 2097152 pointer 0x7f30e3a00000
n232-194-226:233893:233931 [1] NCCL INFO Allocated shareable buffer 0x7f30e3a00000 size 2097152 ipcDesc 0x7f30f40c16d0
n232-194-226:233893:233931 [1] NCCL INFO proxyProgressAsync opId=0x7f30febbbd20 op.type=3 op.reqBuff=0x7f30f4140cf0 op.respSize=80 done
n232-194-226:233893:233907 [1] NCCL INFO ncclPollProxyResponse Received new opId=0x7f30febbbd20
n232-194-226:233893:233931 [1] NCCL INFO Received and initiated operation=Setup res=0
n232-194-226:233893:233907 [1] NCCL INFO recvOpId=0x7f30febbbd20 matches expected opId=0x7f30febbbd20
n232-194-226:233892:233905 [0] NCCL INFO Channel 00/0 : 0[0] -> 2[2] via P2P/IPC
n232-194-226:233892:233929 [0] NCCL INFO New proxy send connection 18 from local rank 0, transport 0
