n232-194-226:234433:234460 [5] NCCL INFO channel.cc:40 Cuda Alloc Size 5376 pointer 0x7f8c82406800
n232-194-226:234434:234463 [6] NCCL INFO channel.cc:40 Cuda Alloc Size 5376 pointer 0x7fc798404e00
n232-194-226:234433:234460 [5] NCCL INFO channel.cc:43 Cuda Alloc Size 176 pointer 0x7f8c82407e00
n232-194-226:234434:234463 [6] NCCL INFO channel.cc:43 Cuda Alloc Size 176 pointer 0x7fc798406400
n232-194-226:234428:234457 [0] NCCL INFO channel.cc:40 Cuda Alloc Size 5376 pointer 0x7fcde2408200
n232-194-226:234432:234458 [4] NCCL INFO channel.cc:40 Cuda Alloc Size 5376 pointer 0x7f3e9e409c00
n232-194-226:234429:234459 [1] NCCL INFO channel.cc:54 Cuda Alloc Size 56 pointer 0x7f2d2e40b400
n232-194-226:234428:234457 [0] NCCL INFO channel.cc:43 Cuda Alloc Size 176 pointer 0x7fcde2409800
n232-194-226:234432:234458 [4] NCCL INFO channel.cc:43 Cuda Alloc Size 176 pointer 0x7f3e9e40b200
n232-194-226:234429:234459 [1] NCCL INFO channel.cc:40 Cuda Alloc Size 5376 pointer 0x7f2d2e40b600
n232-194-226:234429:234459 [1] NCCL INFO channel.cc:43 Cuda Alloc Size 176 pointer 0x7f2d2e40cc00
n232-194-226:234434:234463 [6] NCCL INFO channel.cc:54 Cuda Alloc Size 56 pointer 0x7fc798406600
n232-194-226:234433:234460 [5] NCCL INFO channel.cc:54 Cuda Alloc Size 56 pointer 0x7f8c82408000
n232-194-226:234432:234458 [4] NCCL INFO channel.cc:54 Cuda Alloc Size 56 pointer 0x7f3e9e40b400
n232-194-226:234433:234460 [5] NCCL INFO channel.cc:40 Cuda Alloc Size 5376 pointer 0x7f8c82408200
n232-194-226:234431:234461 [3] NCCL INFO channel.cc:40 Cuda Alloc Size 5376 pointer 0x7f7bc6400000
n232-194-226:234428:234457 [0] NCCL INFO channel.cc:54 Cuda Alloc Size 56 pointer 0x7fcde2409a00
n232-194-226:234433:234460 [5] NCCL INFO channel.cc:43 Cuda Alloc Size 176 pointer 0x7f8c82409800
n232-194-226:234430:234462 [2] NCCL INFO channel.cc:40 Cuda Alloc Size 5376 pointer 0x7fd448400000
n232-194-226:234432:234458 [4] NCCL INFO channel.cc:40 Cuda Alloc Size 5376 pointer 0x7f3e9e40b600
n232-194-226:234429:234459 [1] NCCL INFO channel.cc:54 Cuda Alloc Size 56 pointer 0x7f2d2e40ce00
n232-194-226:234432:234458 [4] NCCL INFO channel.cc:43 Cuda Alloc Size 176 pointer 0x7f3e9e40cc00
n232-194-226:234428:234457 [0] NCCL INFO channel.cc:40 Cuda Alloc Size 5376 pointer 0x7fcde2409c00
n232-194-226:234429:234459 [1] NCCL INFO channel.cc:40 Cuda Alloc Size 5376 pointer 0x7f2d2e40d000
n232-194-226:234428:234457 [0] NCCL INFO channel.cc:43 Cuda Alloc Size 176 pointer 0x7fcde240b200
n232-194-226:234429:234459 [1] NCCL INFO channel.cc:43 Cuda Alloc Size 176 pointer 0x7f2d2e40e600
n232-194-226:234433:234460 [5] NCCL INFO channel.cc:54 Cuda Alloc Size 56 pointer 0x7f8c82409a00
n232-194-226:234432:234458 [4] NCCL INFO channel.cc:54 Cuda Alloc Size 56 pointer 0x7f3e9e40ce00
n232-194-226:234433:234460 [5] NCCL INFO channel.cc:40 Cuda Alloc Size 5376 pointer 0x7f8c82409c00
n232-194-226:234432:234458 [4] NCCL INFO channel.cc:40 Cuda Alloc Size 5376 pointer 0x7f3e9e40d000
n232-194-226:234433:234460 [5] NCCL INFO channel.cc:43 Cuda Alloc Size 176 pointer 0x7f8c8240b200
n232-194-226:234432:234458 [4] NCCL INFO channel.cc:43 Cuda Alloc Size 176 pointer 0x7f3e9e40e600
n232-194-226:234428:234457 [0] NCCL INFO channel.cc:54 Cuda Alloc Size 56 pointer 0x7fcde240b400
n232-194-226:234429:234459 [1] NCCL INFO channel.cc:54 Cuda Alloc Size 56 pointer 0x7f2d2e40e800
n232-194-226:234434:234463 [6] NCCL INFO channel.cc:40 Cuda Alloc Size 5376 pointer 0x7fc798406800
n232-194-226:234429:234459 [1] NCCL INFO channel.cc:40 Cuda Alloc Size 5376 pointer 0x7f2d2e40ea00
n232-194-226:234428:234457 [0] NCCL INFO channel.cc:40 Cuda Alloc Size 5376 pointer 0x7fcde240b600
n232-194-226:234434:234463 [6] NCCL INFO channel.cc:43 Cuda Alloc Size 176 pointer 0x7fc798407e00
n232-194-226:234429:234459 [1] NCCL INFO channel.cc:43 Cuda Alloc Size 176 pointer 0x7f2d2e410000
n232-194-226:234428:234457 [0] NCCL INFO channel.cc:43 Cuda Alloc Size 176 pointer 0x7fcde240cc00
n232-194-226:234431:234461 [3] NCCL INFO channel.cc:43 Cuda Alloc Size 176 pointer 0x7f7bc6401600
n232-194-226:234432:234458 [4] NCCL INFO channel.cc:54 Cuda Alloc Size 56 pointer 0x7f3e9e40e800
n232-194-226:234430:234462 [2] NCCL INFO channel.cc:43 Cuda Alloc Size 176 pointer 0x7fd448401600
n232-194-226:234433:234460 [5] NCCL INFO channel.cc:54 Cuda Alloc Size 56 pointer 0x7f8c8240b400
n232-194-226:234432:234458 [4] NCCL INFO channel.cc:40 Cuda Alloc Size 5376 pointer 0x7f3e9e40ea00
n232-194-226:234433:234460 [5] NCCL INFO channel.cc:40 Cuda Alloc Size 5376 pointer 0x7f8c8240b600
n232-194-226:234432:234458 [4] NCCL INFO channel.cc:43 Cuda Alloc Size 176 pointer 0x7f3e9e410000
n232-194-226:234433:234460 [5] NCCL INFO channel.cc:43 Cuda Alloc Size 176 pointer 0x7f8c8240cc00
n232-194-226:234434:234463 [6] NCCL INFO channel.cc:54 Cuda Alloc Size 56 pointer 0x7fc798408000
n232-194-226:234428:234457 [0] NCCL INFO channel.cc:54 Cuda Alloc Size 56 pointer 0x7fcde240ce00
n232-194-226:234429:234459 [1] NCCL INFO channel.cc:54 Cuda Alloc Size 56 pointer 0x7f2d2e410200
n232-194-226:234434:234463 [6] NCCL INFO channel.cc:40 Cuda Alloc Size 5376 pointer 0x7fc798408200
n232-194-226:234434:234463 [6] NCCL INFO channel.cc:43 Cuda Alloc Size 176 pointer 0x7fc798409800
n232-194-226:234432:234458 [4] NCCL INFO channel.cc:54 Cuda Alloc Size 56 pointer 0x7f3e9e410200
n232-194-226:234428:234457 [0] NCCL INFO channel.cc:40 Cuda Alloc Size 5376 pointer 0x7fcde240d000
n232-194-226:234429:234459 [1] NCCL INFO channel.cc:40 Cuda Alloc Size 5376 pointer 0x7f2d2e410400
n232-194-226:234433:234460 [5] NCCL INFO channel.cc:54 Cuda Alloc Size 56 pointer 0x7f8c8240ce00
n232-194-226:234428:234457 [0] NCCL INFO channel.cc:43 Cuda Alloc Size 176 pointer 0x7fcde240e600
n232-194-226:234432:234458 [4] NCCL INFO channel.cc:40 Cuda Alloc Size 5376 pointer 0x7f3e9e410400
n232-194-226:234429:234459 [1] NCCL INFO channel.cc:43 Cuda Alloc Size 176 pointer 0x7f2d2e411a00
n232-194-226:234432:234458 [4] NCCL INFO channel.cc:43 Cuda Alloc Size 176 pointer 0x7f3e9e411a00
n232-194-226:234433:234460 [5] NCCL INFO channel.cc:40 Cuda Alloc Size 5376 pointer 0x7f8c8240d000
n232-194-226:234431:234461 [3] NCCL INFO channel.cc:54 Cuda Alloc Size 56 pointer 0x7f7bc6401800
n232-194-226:234434:234463 [6] NCCL INFO channel.cc:54 Cuda Alloc Size 56 pointer 0x7fc798409a00
n232-194-226:234433:234460 [5] NCCL INFO channel.cc:43 Cuda Alloc Size 176 pointer 0x7f8c8240e600
n232-194-226:234434:234463 [6] NCCL INFO channel.cc:40 Cuda Alloc Size 5376 pointer 0x7fc798409c00
n232-194-226:234430:234462 [2] NCCL INFO channel.cc:54 Cuda Alloc Size 56 pointer 0x7fd448401800
n232-194-226:234428:234457 [0] NCCL INFO channel.cc:54 Cuda Alloc Size 56 pointer 0x7fcde240e800
n232-194-226:234432:234458 [4] NCCL INFO channel.cc:54 Cuda Alloc Size 56 pointer 0x7f3e9e411c00
n232-194-226:234434:234463 [6] NCCL INFO channel.cc:43 Cuda Alloc Size 176 pointer 0x7fc79840b200
n232-194-226:234429:234459 [1] NCCL INFO channel.cc:54 Cuda Alloc Size 56 pointer 0x7f2d2e411c00
n232-194-226:234431:234461 [3] NCCL INFO channel.cc:40 Cuda Alloc Size 5376 pointer 0x7f7bc6401a00
n232-194-226:234428:234457 [0] NCCL INFO channel.cc:40 Cuda Alloc Size 5376 pointer 0x7fcde240ea00
n232-194-226:234431:234461 [3] NCCL INFO channel.cc:43 Cuda Alloc Size 176 pointer 0x7f7bc6403000
n232-194-226:234432:234458 [4] NCCL INFO channel.cc:40 Cuda Alloc Size 5376 pointer 0x7f3e9e411e00
n232-194-226:234433:234460 [5] NCCL INFO channel.cc:54 Cuda Alloc Size 56 pointer 0x7f8c8240e800
n232-194-226:234428:234457 [0] NCCL INFO channel.cc:43 Cuda Alloc Size 176 pointer 0x7fcde2410000
n232-194-226:234429:234459 [1] NCCL INFO channel.cc:40 Cuda Alloc Size 5376 pointer 0x7f2d2e411e00
n232-194-226:234432:234458 [4] NCCL INFO channel.cc:43 Cuda Alloc Size 176 pointer 0x7f3e9e413400
n232-194-226:234430:234462 [2] NCCL INFO channel.cc:40 Cuda Alloc Size 5376 pointer 0x7fd448401a00
n232-194-226:234429:234459 [1] NCCL INFO channel.cc:43 Cuda Alloc Size 176 pointer 0x7f2d2e413400
n232-194-226:234430:234462 [2] NCCL INFO channel.cc:43 Cuda Alloc Size 176 pointer 0x7fd448403000
n232-194-226:234433:234460 [5] NCCL INFO channel.cc:40 Cuda Alloc Size 5376 pointer 0x7f8c8240ea00
n232-194-226:234433:234460 [5] NCCL INFO channel.cc:43 Cuda Alloc Size 176 pointer 0x7f8c82410000
n232-194-226:234434:234463 [6] NCCL INFO channel.cc:54 Cuda Alloc Size 56 pointer 0x7fc79840b400
n232-194-226:234434:234463 [6] NCCL INFO channel.cc:40 Cuda Alloc Size 5376 pointer 0x7fc79840b600
n232-194-226:234432:234458 [4] NCCL INFO channel.cc:54 Cuda Alloc Size 56 pointer 0x7f3e9e413600
n232-194-226:234431:234461 [3] NCCL INFO channel.cc:54 Cuda Alloc Size 56 pointer 0x7f7bc6403200
n232-194-226:234428:234457 [0] NCCL INFO channel.cc:54 Cuda Alloc Size 56 pointer 0x7fcde2410200
n232-194-226:234434:234463 [6] NCCL INFO channel.cc:43 Cuda Alloc Size 176 pointer 0x7fc79840cc00
n232-194-226:234429:234459 [1] NCCL INFO channel.cc:54 Cuda Alloc Size 56 pointer 0x7f2d2e413600
n232-194-226:234432:234458 [4] NCCL INFO channel.cc:40 Cuda Alloc Size 5376 pointer 0x7f3e9e413800
n232-194-226:234431:234461 [3] NCCL INFO channel.cc:40 Cuda Alloc Size 5376 pointer 0x7f7bc6403400
n232-194-226:234430:234462 [2] NCCL INFO channel.cc:54 Cuda Alloc Size 56 pointer 0x7fd448403200
n232-194-226:234428:234457 [0] NCCL INFO channel.cc:40 Cuda Alloc Size 5376 pointer 0x7fcde2410400
n232-194-226:234432:234458 [4] NCCL INFO channel.cc:43 Cuda Alloc Size 176 pointer 0x7f3e9e414e00
n232-194-226:234433:234460 [5] NCCL INFO channel.cc:54 Cuda Alloc Size 56 pointer 0x7f8c82410200
n232-194-226:234428:234457 [0] NCCL INFO channel.cc:43 Cuda Alloc Size 176 pointer 0x7fcde2411a00
n232-194-226:234429:234459 [1] NCCL INFO channel.cc:40 Cuda Alloc Size 5376 pointer 0x7f2d2e413800
n232-194-226:234431:234461 [3] NCCL INFO channel.cc:43 Cuda Alloc Size 176 pointer 0x7f7bc6404a00
n232-194-226:234430:234462 [2] NCCL INFO channel.cc:40 Cuda Alloc Size 5376 pointer 0x7fd448403400
n232-194-226:234429:234459 [1] NCCL INFO channel.cc:43 Cuda Alloc Size 176 pointer 0x7f2d2e414e00
n232-194-226:234433:234460 [5] NCCL INFO channel.cc:40 Cuda Alloc Size 5376 pointer 0x7f8c82410400
n232-194-226:234434:234463 [6] NCCL INFO channel.cc:54 Cuda Alloc Size 56 pointer 0x7fc79840ce00
n232-194-226:234430:234462 [2] NCCL INFO channel.cc:43 Cuda Alloc Size 176 pointer 0x7fd448404a00
n232-194-226:234433:234460 [5] NCCL INFO channel.cc:43 Cuda Alloc Size 176 pointer 0x7f8c82411a00
n232-194-226:234434:234463 [6] NCCL INFO channel.cc:40 Cuda Alloc Size 5376 pointer 0x7fc79840d000
n232-194-226:234432:234458 [4] NCCL INFO channel.cc:54 Cuda Alloc Size 56 pointer 0x7f3e9e415000
n232-194-226:234434:234463 [6] NCCL INFO channel.cc:43 Cuda Alloc Size 176 pointer 0x7fc79840e600
n232-194-226:234432:234458 [4] NCCL INFO channel.cc:40 Cuda Alloc Size 5376 pointer 0x7f3e9e415200
n232-194-226:234428:234457 [0] NCCL INFO channel.cc:54 Cuda Alloc Size 56 pointer 0x7fcde2411c00
n232-194-226:234429:234459 [1] NCCL INFO channel.cc:54 Cuda Alloc Size 56 pointer 0x7f2d2e415000
n232-194-226:234431:234461 [3] NCCL INFO channel.cc:54 Cuda Alloc Size 56 pointer 0x7f7bc6404c00
n232-194-226:234432:234458 [4] NCCL INFO channel.cc:43 Cuda Alloc Size 176 pointer 0x7f3e9e416800
n232-194-226:234433:234460 [5] NCCL INFO channel.cc:54 Cuda Alloc Size 56 pointer 0x7f8c82411c00
n232-194-226:234430:234462 [2] NCCL INFO channel.cc:54 Cuda Alloc Size 56 pointer 0x7fd448404c00
n232-194-226:234428:234457 [0] NCCL INFO channel.cc:40 Cuda Alloc Size 5376 pointer 0x7fcde2411e00
n232-194-226:234429:234459 [1] NCCL INFO channel.cc:40 Cuda Alloc Size 5376 pointer 0x7f2d2e415200
n232-194-226:234431:234461 [3] NCCL INFO channel.cc:40 Cuda Alloc Size 5376 pointer 0x7f7bc6404e00
n232-194-226:234434:234463 [6] NCCL INFO channel.cc:54 Cuda Alloc Size 56 pointer 0x7fc79840e800
n232-194-226:234428:234457 [0] NCCL INFO channel.cc:43 Cuda Alloc Size 176 pointer 0x7fcde2413400
n232-194-226:234429:234459 [1] NCCL INFO channel.cc:43 Cuda Alloc Size 176 pointer 0x7f2d2e416800
n232-194-226:234433:234460 [5] NCCL INFO channel.cc:40 Cuda Alloc Size 5376 pointer 0x7f8c82411e00
n232-194-226:234431:234461 [3] NCCL INFO channel.cc:43 Cuda Alloc Size 176 pointer 0x7f7bc6406400
n232-194-226:234430:234462 [2] NCCL INFO channel.cc:40 Cuda Alloc Size 5376 pointer 0x7fd448404e00
n232-194-226:234433:234460 [5] NCCL INFO channel.cc:43 Cuda Alloc Size 176 pointer 0x7f8c82413400
n232-194-226:234434:234463 [6] NCCL INFO channel.cc:40 Cuda Alloc Size 5376 pointer 0x7fc79840ea00
n232-194-226:234430:234462 [2] NCCL INFO channel.cc:43 Cuda Alloc Size 176 pointer 0x7fd448406400
n232-194-226:234432:234458 [4] NCCL INFO channel.cc:54 Cuda Alloc Size 56 pointer 0x7f3e9e416a00
n232-194-226:234434:234463 [6] NCCL INFO channel.cc:43 Cuda Alloc Size 176 pointer 0x7fc798410000
n232-194-226:234432:234458 [4] NCCL INFO channel.cc:40 Cuda Alloc Size 5376 pointer 0x7f3e9e416c00
n232-194-226:234432:234458 [4] NCCL INFO channel.cc:43 Cuda Alloc Size 176 pointer 0x7f3e9e418200
n232-194-226:234428:234457 [0] NCCL INFO channel.cc:54 Cuda Alloc Size 56 pointer 0x7fcde2413600
n232-194-226:234429:234459 [1] NCCL INFO channel.cc:54 Cuda Alloc Size 56 pointer 0x7f2d2e416a00
n232-194-226:234433:234460 [5] NCCL INFO channel.cc:54 Cuda Alloc Size 56 pointer 0x7f8c82413600
n232-194-226:234431:234461 [3] NCCL INFO channel.cc:54 Cuda Alloc Size 56 pointer 0x7f7bc6406600
n232-194-226:234434:234463 [6] NCCL INFO channel.cc:54 Cuda Alloc Size 56 pointer 0x7fc798410200
n232-194-226:234428:234457 [0] NCCL INFO channel.cc:40 Cuda Alloc Size 5376 pointer 0x7fcde2413800
n232-194-226:234430:234462 [2] NCCL INFO channel.cc:54 Cuda Alloc Size 56 pointer 0x7fd448406600
n232-194-226:234429:234459 [1] NCCL INFO channel.cc:40 Cuda Alloc Size 5376 pointer 0x7f2d2e416c00
n232-194-226:234433:234460 [5] NCCL INFO channel.cc:40 Cuda Alloc Size 5376 pointer 0x7f8c82413800
n232-194-226:234428:234457 [0] NCCL INFO channel.cc:43 Cuda Alloc Size 176 pointer 0x7fcde2414e00
n232-194-226:234429:234459 [1] NCCL INFO channel.cc:43 Cuda Alloc Size 176 pointer 0x7f2d2e418200
n232-194-226:234432:234458 [4] NCCL INFO channel.cc:54 Cuda Alloc Size 56 pointer 0x7f3e9e418400
n232-194-226:234433:234460 [5] NCCL INFO channel.cc:43 Cuda Alloc Size 176 pointer 0x7f8c82414e00
n232-194-226:234434:234463 [6] NCCL INFO channel.cc:40 Cuda Alloc Size 5376 pointer 0x7fc798410400
n232-194-226:234434:234463 [6] NCCL INFO channel.cc:43 Cuda Alloc Size 176 pointer 0x7fc798411a00
n232-194-226:234432:234458 [4] NCCL INFO channel.cc:40 Cuda Alloc Size 5376 pointer 0x7f3e9e418600
n232-194-226:234432:234458 [4] NCCL INFO channel.cc:43 Cuda Alloc Size 176 pointer 0x7f3e9e419c00
n232-194-226:234433:234460 [5] NCCL INFO channel.cc:54 Cuda Alloc Size 56 pointer 0x7f8c82415000
n232-194-226:234428:234457 [0] NCCL INFO channel.cc:54 Cuda Alloc Size 56 pointer 0x7fcde2415000
n232-194-226:234434:234463 [6] NCCL INFO channel.cc:54 Cuda Alloc Size 56 pointer 0x7fc798411c00
n232-194-226:234429:234459 [1] NCCL INFO channel.cc:54 Cuda Alloc Size 56 pointer 0x7f2d2e418400
n232-194-226:234428:234457 [0] NCCL INFO channel.cc:40 Cuda Alloc Size 5376 pointer 0x7fcde2415200
n232-194-226:234433:234460 [5] NCCL INFO channel.cc:40 Cuda Alloc Size 5376 pointer 0x7f8c82415200
n232-194-226:234432:234458 [4] NCCL INFO channel.cc:54 Cuda Alloc Size 56 pointer 0x7f3e9e419e00
n232-194-226:234428:234457 [0] NCCL INFO channel.cc:43 Cuda Alloc Size 176 pointer 0x7fcde2416800
n232-194-226:234429:234459 [1] NCCL INFO channel.cc:40 Cuda Alloc Size 5376 pointer 0x7f2d2e418600
n232-194-226:234433:234460 [5] NCCL INFO channel.cc:43 Cuda Alloc Size 176 pointer 0x7f8c82416800
n232-194-226:234434:234463 [6] NCCL INFO channel.cc:40 Cuda Alloc Size 5376 pointer 0x7fc798411e00
n232-194-226:234429:234459 [1] NCCL INFO channel.cc:43 Cuda Alloc Size 176 pointer 0x7f2d2e419c00
n232-194-226:234431:234461 [3] NCCL INFO channel.cc:40 Cuda Alloc Size 5376 pointer 0x7f7bc6406800
n232-194-226:234434:234463 [6] NCCL INFO channel.cc:43 Cuda Alloc Size 176 pointer 0x7fc798413400
n232-194-226:234431:234461 [3] NCCL INFO channel.cc:43 Cuda Alloc Size 176 pointer 0x7f7bc6407e00
n232-194-226:234430:234462 [2] NCCL INFO channel.cc:40 Cuda Alloc Size 5376 pointer 0x7fd448406800
n232-194-226:234433:234460 [5] NCCL INFO channel.cc:54 Cuda Alloc Size 56 pointer 0x7f8c82416a00
n232-194-226:234428:234457 [0] NCCL INFO channel.cc:54 Cuda Alloc Size 56 pointer 0x7fcde2416a00
n232-194-226:234434:234463 [6] NCCL INFO channel.cc:54 Cuda Alloc Size 56 pointer 0x7fc798413600
n232-194-226:234432:234458 [4] NCCL INFO GPU Direct RDMA Enabled for GPU 87000 / HCA 3 (distance 3 <= 4), read 0
n232-194-226:234429:234459 [1] NCCL INFO channel.cc:54 Cuda Alloc Size 56 pointer 0x7f2d2e419e00
n232-194-226:234430:234462 [2] NCCL INFO channel.cc:43 Cuda Alloc Size 176 pointer 0x7fd448407e00
n232-194-226:234428:234457 [0] NCCL INFO channel.cc:40 Cuda Alloc Size 5376 pointer 0x7fcde2416c00
n232-194-226:234428:234457 [0] NCCL INFO channel.cc:43 Cuda Alloc Size 176 pointer 0x7fcde2418200
n232-194-226:234434:234463 [6] NCCL INFO channel.cc:40 Cuda Alloc Size 5376 pointer 0x7fc798413800
n232-194-226:234431:234461 [3] NCCL INFO channel.cc:54 Cuda Alloc Size 56 pointer 0x7f7bc6408000
n232-194-226:234434:234463 [6] NCCL INFO channel.cc:43 Cuda Alloc Size 176 pointer 0x7fc798414e00
n232-194-226:234433:234460 [5] NCCL INFO channel.cc:40 Cuda Alloc Size 5376 pointer 0x7f8c82416c00
n232-194-226:234433:234460 [5] NCCL INFO channel.cc:43 Cuda Alloc Size 176 pointer 0x7f8c82418200
n232-194-226:234431:234461 [3] NCCL INFO channel.cc:40 Cuda Alloc Size 5376 pointer 0x7f7bc6408200
n232-194-226:234431:234461 [3] NCCL INFO channel.cc:43 Cuda Alloc Size 176 pointer 0x7f7bc6409800
n232-194-226:234430:234462 [2] NCCL INFO channel.cc:54 Cuda Alloc Size 56 pointer 0x7fd448408000
n232-194-226:234434:234463 [6] NCCL INFO channel.cc:54 Cuda Alloc Size 56 pointer 0x7fc798415000
n232-194-226:234428:234457 [0] NCCL INFO channel.cc:54 Cuda Alloc Size 56 pointer 0x7fcde2418400
n232-194-226:234433:234460 [5] NCCL INFO channel.cc:54 Cuda Alloc Size 56 pointer 0x7f8c82418400
n232-194-226:234434:234463 [6] NCCL INFO channel.cc:40 Cuda Alloc Size 5376 pointer 0x7fc798415200
n232-194-226:234430:234462 [2] NCCL INFO channel.cc:40 Cuda Alloc Size 5376 pointer 0x7fd448408200
n232-194-226:234434:234463 [6] NCCL INFO channel.cc:43 Cuda Alloc Size 176 pointer 0x7fc798416800
n232-194-226:234428:234457 [0] NCCL INFO channel.cc:40 Cuda Alloc Size 5376 pointer 0x7fcde2418600
n232-194-226:234430:234462 [2] NCCL INFO channel.cc:43 Cuda Alloc Size 176 pointer 0x7fd448409800
n232-194-226:234433:234460 [5] NCCL INFO channel.cc:40 Cuda Alloc Size 5376 pointer 0x7f8c82418600
n232-194-226:234428:234457 [0] NCCL INFO channel.cc:43 Cuda Alloc Size 176 pointer 0x7fcde2419c00
n232-194-226:234433:234460 [5] NCCL INFO channel.cc:43 Cuda Alloc Size 176 pointer 0x7f8c82419c00
n232-194-226:234431:234461 [3] NCCL INFO channel.cc:54 Cuda Alloc Size 56 pointer 0x7f7bc6409a00
n232-194-226:234431:234461 [3] NCCL INFO channel.cc:40 Cuda Alloc Size 5376 pointer 0x7f7bc6409c00
n232-194-226:234434:234463 [6] NCCL INFO channel.cc:54 Cuda Alloc Size 56 pointer 0x7fc798416a00
n232-194-226:234431:234461 [3] NCCL INFO channel.cc:43 Cuda Alloc Size 176 pointer 0x7f7bc640b200
n232-194-226:234434:234463 [6] NCCL INFO channel.cc:40 Cuda Alloc Size 5376 pointer 0x7fc798416c00
n232-194-226:234433:234460 [5] NCCL INFO channel.cc:54 Cuda Alloc Size 56 pointer 0x7f8c82419e00
n232-194-226:234430:234462 [2] NCCL INFO channel.cc:54 Cuda Alloc Size 56 pointer 0x7fd448409a00
n232-194-226:234428:234457 [0] NCCL INFO channel.cc:54 Cuda Alloc Size 56 pointer 0x7fcde2419e00
n232-194-226:234434:234463 [6] NCCL INFO channel.cc:43 Cuda Alloc Size 176 pointer 0x7fc798418200
n232-194-226:234432:234514 [4] NCCL INFO Mem Realloc old size 0, new size 8 pointer 0x7f3e98002f10
n232-194-226:234430:234462 [2] NCCL INFO channel.cc:40 Cuda Alloc Size 5376 pointer 0x7fd448409c00
n232-194-226:234430:234462 [2] NCCL INFO channel.cc:43 Cuda Alloc Size 176 pointer 0x7fd44840b200
n232-194-226:234428:234457 [0] NCCL INFO Channel 02/0 : 0[0] -> 6[6] via P2P/IPC
n232-194-226:234433:234460 [5] NCCL INFO GPU Direct RDMA Enabled for GPU ae000 / HCA 3 (distance 3 <= 4), read 1
n232-194-226:234431:234461 [3] NCCL INFO channel.cc:54 Cuda Alloc Size 56 pointer 0x7f7bc640b400
n232-194-226:234434:234463 [6] NCCL INFO channel.cc:54 Cuda Alloc Size 56 pointer 0x7fc798418400
n232-194-226:234432:234514 [4] NCCL INFO Allocated 4194660 bytes of shared memory in /dev/shm/nccl-kTCDwt
n232-194-226:234434:234463 [6] NCCL INFO channel.cc:40 Cuda Alloc Size 5376 pointer 0x7fc798418600
n232-194-226:234431:234461 [3] NCCL INFO channel.cc:40 Cuda Alloc Size 5376 pointer 0x7f7bc640b600
n232-194-226:234434:234463 [6] NCCL INFO channel.cc:43 Cuda Alloc Size 176 pointer 0x7fc798419c00
n232-194-226:234431:234461 [3] NCCL INFO channel.cc:43 Cuda Alloc Size 176 pointer 0x7f7bc640cc00
n232-194-226:234429:234513 [1] NCCL INFO Mem Realloc old size 0, new size 8 pointer 0x7f2d28002f10
n232-194-226:234429:234513 [1] NCCL INFO New proxy recv connection 0 from local rank 1, transport 0
n232-194-226:234429:234513 [1] NCCL INFO proxyProgressAsync opId=0x7f2d32bbc310 op.type=1 op.reqBuff=0x7f2d28002ed0 op.respSize=16 done
n232-194-226:234430:234462 [2] NCCL INFO channel.cc:54 Cuda Alloc Size 56 pointer 0x7fd44840b400
n232-194-226:234429:234459 [1] NCCL INFO ncclPollProxyResponse Received new opId=0x7f2d32bbc310
n232-194-226:234430:234462 [2] NCCL INFO channel.cc:40 Cuda Alloc Size 5376 pointer 0x7fd44840b600
n232-194-226:234434:234463 [6] NCCL INFO channel.cc:54 Cuda Alloc Size 56 pointer 0x7fc798419e00
n232-194-226:234429:234513 [1] NCCL INFO Received and initiated operation=Init res=0
n232-194-226:234429:234459 [1] NCCL INFO recvOpId=0x7f2d32bbc310 matches expected opId=0x7f2d32bbc310
n232-194-226:234430:234462 [2] NCCL INFO channel.cc:43 Cuda Alloc Size 176 pointer 0x7fd44840cc00
n232-194-226:234429:234459 [1] NCCL INFO Connection to proxy localRank 1 -> connection 0x7f2d28003150
n232-194-226:234431:234461 [3] NCCL INFO channel.cc:54 Cuda Alloc Size 56 pointer 0x7f7bc640ce00
n232-194-226:234431:234461 [3] NCCL INFO channel.cc:40 Cuda Alloc Size 5376 pointer 0x7f7bc640d000
n232-194-226:234431:234461 [3] NCCL INFO channel.cc:43 Cuda Alloc Size 176 pointer 0x7f7bc640e600
n232-194-226:234430:234462 [2] NCCL INFO channel.cc:54 Cuda Alloc Size 56 pointer 0x7fd44840ce00
n232-194-226:234430:234462 [2] NCCL INFO channel.cc:40 Cuda Alloc Size 5376 pointer 0x7fd44840d000
n232-194-226:234428:234515 [0] NCCL INFO Mem Realloc old size 0, new size 8 pointer 0x7fcdfc002f10
n232-194-226:234428:234515 [0] NCCL INFO New proxy send connection 0 from local rank 0, transport 0
n232-194-226:234430:234462 [2] NCCL INFO channel.cc:43 Cuda Alloc Size 176 pointer 0x7fd44840e600
n232-194-226:234428:234515 [0] NCCL INFO proxyProgressAsync opId=0x7fcde6bbc1a0 op.type=1 op.reqBuff=0x7fcdfc002ed0 op.respSize=16 done
n232-194-226:234431:234461 [3] NCCL INFO channel.cc:54 Cuda Alloc Size 56 pointer 0x7f7bc640e800
n232-194-226:234428:234457 [0] NCCL INFO ncclPollProxyResponse Received new opId=0x7fcde6bbc1a0
n232-194-226:234428:234515 [0] NCCL INFO Received and initiated operation=Init res=0
n232-194-226:234428:234457 [0] NCCL INFO recvOpId=0x7fcde6bbc1a0 matches expected opId=0x7fcde6bbc1a0
n232-194-226:234431:234461 [3] NCCL INFO channel.cc:40 Cuda Alloc Size 5376 pointer 0x7f7bc640ea00
n232-194-226:234428:234457 [0] NCCL INFO Connection to proxy localRank 0 -> connection 0x7fcdfc003150
n232-194-226:234431:234461 [3] NCCL INFO channel.cc:43 Cuda Alloc Size 176 pointer 0x7f7bc6410000
n232-194-226:234430:234462 [2] NCCL INFO channel.cc:54 Cuda Alloc Size 56 pointer 0x7fd44840e800
n232-194-226:234430:234462 [2] NCCL INFO channel.cc:40 Cuda Alloc Size 5376 pointer 0x7fd44840ea00
n232-194-226:234430:234462 [2] NCCL INFO channel.cc:43 Cuda Alloc Size 176 pointer 0x7fd448410000
n232-194-226:234431:234461 [3] NCCL INFO channel.cc:54 Cuda Alloc Size 56 pointer 0x7f7bc6410200
n232-194-226:234431:234461 [3] NCCL INFO channel.cc:40 Cuda Alloc Size 5376 pointer 0x7f7bc6410400
n232-194-226:234431:234461 [3] NCCL INFO channel.cc:43 Cuda Alloc Size 176 pointer 0x7f7bc6411a00
n232-194-226:234434:234517 [6] NCCL INFO Mem Realloc old size 0, new size 8 pointer 0x7fc790002f10
n232-194-226:234430:234462 [2] NCCL INFO channel.cc:54 Cuda Alloc Size 56 pointer 0x7fd448410200
n232-194-226:234434:234517 [6] NCCL INFO New proxy recv connection 0 from local rank 6, transport 0
n232-194-226:234434:234517 [6] NCCL INFO proxyProgressAsync opId=0x7fc79ebbb1f0 op.type=1 op.reqBuff=0x7fc790002ed0 op.respSize=16 done
n232-194-226:234430:234462 [2] NCCL INFO channel.cc:40 Cuda Alloc Size 5376 pointer 0x7fd448410400
n232-194-226:234434:234463 [6] NCCL INFO ncclPollProxyResponse Received new opId=0x7fc79ebbb1f0
n232-194-226:234430:234462 [2] NCCL INFO channel.cc:43 Cuda Alloc Size 176 pointer 0x7fd448411a00
n232-194-226:234431:234461 [3] NCCL INFO channel.cc:54 Cuda Alloc Size 56 pointer 0x7f7bc6411c00
n232-194-226:234434:234517 [6] NCCL INFO Received and initiated operation=Init res=0
n232-194-226:234434:234463 [6] NCCL INFO recvOpId=0x7fc79ebbb1f0 matches expected opId=0x7fc79ebbb1f0
n232-194-226:234434:234463 [6] NCCL INFO Connection to proxy localRank 6 -> connection 0x7fc790003150
n232-194-226:234431:234461 [3] NCCL INFO channel.cc:40 Cuda Alloc Size 5376 pointer 0x7f7bc6411e00
n232-194-226:234431:234461 [3] NCCL INFO channel.cc:43 Cuda Alloc Size 176 pointer 0x7f7bc6413400
n232-194-226:234430:234462 [2] NCCL INFO channel.cc:54 Cuda Alloc Size 56 pointer 0x7fd448411c00
n232-194-226:234430:234462 [2] NCCL INFO channel.cc:40 Cuda Alloc Size 5376 pointer 0x7fd448411e00
n232-194-226:234430:234462 [2] NCCL INFO channel.cc:43 Cuda Alloc Size 176 pointer 0x7fd448413400
n232-194-226:234431:234461 [3] NCCL INFO channel.cc:54 Cuda Alloc Size 56 pointer 0x7f7bc6413600
n232-194-226:234431:234461 [3] NCCL INFO channel.cc:40 Cuda Alloc Size 5376 pointer 0x7f7bc6413800
n232-194-226:234431:234461 [3] NCCL INFO channel.cc:43 Cuda Alloc Size 176 pointer 0x7f7bc6414e00
n232-194-226:234429:234513 [1] NCCL INFO transport/p2p.cc:204 Cuda Alloc Size 10485760 pointer 0x7f2d2e600000
n232-194-226:234430:234462 [2] NCCL INFO channel.cc:54 Cuda Alloc Size 56 pointer 0x7fd448413600
n232-194-226:234430:234462 [2] NCCL INFO channel.cc:40 Cuda Alloc Size 5376 pointer 0x7fd448413800
n232-194-226:234431:234461 [3] NCCL INFO channel.cc:54 Cuda Alloc Size 56 pointer 0x7f7bc6415000
n232-194-226:234429:234513 [1] NCCL INFO Allocated shareable buffer 0x7f2d2e600000 size 10485760 ipcDesc 0x7f2d280059d0
n232-194-226:234429:234513 [1] NCCL INFO proxyProgressAsync opId=0x7f2d32bbc310 op.type=3 op.reqBuff=0x7f2d280059a0 op.respSize=80 done
n232-194-226:234430:234462 [2] NCCL INFO channel.cc:43 Cuda Alloc Size 176 pointer 0x7fd448414e00
n232-194-226:234429:234459 [1] NCCL INFO ncclPollProxyResponse Received new opId=0x7f2d32bbc310
n232-194-226:234431:234461 [3] NCCL INFO channel.cc:40 Cuda Alloc Size 5376 pointer 0x7f7bc6415200
n232-194-226:234429:234459 [1] NCCL INFO recvOpId=0x7f2d32bbc310 matches expected opId=0x7f2d32bbc310
n232-194-226:234429:234513 [1] NCCL INFO Received and initiated operation=Setup res=0
n232-194-226:234431:234461 [3] NCCL INFO channel.cc:43 Cuda Alloc Size 176 pointer 0x7f7bc6416800
n232-194-226:234430:234462 [2] NCCL INFO channel.cc:54 Cuda Alloc Size 56 pointer 0x7fd448415000
n232-194-226:234431:234461 [3] NCCL INFO channel.cc:54 Cuda Alloc Size 56 pointer 0x7f7bc6416a00
n232-194-226:234430:234462 [2] NCCL INFO channel.cc:40 Cuda Alloc Size 5376 pointer 0x7fd448415200
n232-194-226:234430:234462 [2] NCCL INFO channel.cc:43 Cuda Alloc Size 176 pointer 0x7fd448416800
n232-194-226:234429:234513 [1] NCCL INFO New proxy recv connection 1 from local rank 1, transport 0
n232-194-226:234429:234513 [1] NCCL INFO proxyProgressAsync opId=0x7f2d32bbc310 op.type=1 op.reqBuff=0x7f2d28006920 op.respSize=16 done
n232-194-226:234431:234461 [3] NCCL INFO channel.cc:40 Cuda Alloc Size 5376 pointer 0x7f7bc6416c00
n232-194-226:234429:234459 [1] NCCL INFO ncclPollProxyResponse Received new opId=0x7f2d32bbc310
n232-194-226:234429:234459 [1] NCCL INFO recvOpId=0x7f2d32bbc310 matches expected opId=0x7f2d32bbc310
n232-194-226:234431:234461 [3] NCCL INFO channel.cc:43 Cuda Alloc Size 176 pointer 0x7f7bc6418200
n232-194-226:234429:234459 [1] NCCL INFO Connection to proxy localRank 1 -> connection 0x7f2d280031a0
n232-194-226:234429:234513 [1] NCCL INFO Received and initiated operation=Init res=0
n232-194-226:234430:234462 [2] NCCL INFO channel.cc:54 Cuda Alloc Size 56 pointer 0x7fd448416a00
n232-194-226:234431:234461 [3] NCCL INFO channel.cc:54 Cuda Alloc Size 56 pointer 0x7f7bc6418400
n232-194-226:234430:234462 [2] NCCL INFO channel.cc:40 Cuda Alloc Size 5376 pointer 0x7fd448416c00
n232-194-226:234430:234462 [2] NCCL INFO channel.cc:43 Cuda Alloc Size 176 pointer 0x7fd448418200
n232-194-226:234431:234461 [3] NCCL INFO channel.cc:40 Cuda Alloc Size 5376 pointer 0x7f7bc6418600
n232-194-226:234431:234461 [3] NCCL INFO channel.cc:43 Cuda Alloc Size 176 pointer 0x7f7bc6419c00
n232-194-226:234430:234462 [2] NCCL INFO channel.cc:54 Cuda Alloc Size 56 pointer 0x7fd448418400
n232-194-226:234431:234461 [3] NCCL INFO channel.cc:54 Cuda Alloc Size 56 pointer 0x7f7bc6419e00
n232-194-226:234430:234462 [2] NCCL INFO channel.cc:40 Cuda Alloc Size 5376 pointer 0x7fd448418600
n232-194-226:234430:234462 [2] NCCL INFO channel.cc:43 Cuda Alloc Size 176 pointer 0x7fd448419c00
n232-194-226:234430:234462 [2] NCCL INFO channel.cc:54 Cuda Alloc Size 56 pointer 0x7fd448419e00
n232-194-226:234431:234461 [3] NCCL INFO Channel 01/0 : 3[3] -> 6[6] via P2P/IPC
n232-194-226:234428:234515 [0] NCCL INFO transport/p2p.cc:204 Cuda Alloc Size 2097152 pointer 0x7fcde2600000
n232-194-226:234428:234515 [0] NCCL INFO Allocated shareable buffer 0x7fcde2600000 size 2097152 ipcDesc 0x7fcdfc0059d0
n232-194-226:234428:234515 [0] NCCL INFO proxyProgressAsync opId=0x7fcde6bbc1a0 op.type=3 op.reqBuff=0x7fcdfc0059a0 op.respSize=80 done
n232-194-226:234428:234457 [0] NCCL INFO ncclPollProxyResponse Received new opId=0x7fcde6bbc1a0
n232-194-226:234428:234515 [0] NCCL INFO Received and initiated operation=Setup res=0
n232-194-226:234428:234457 [0] NCCL INFO recvOpId=0x7fcde6bbc1a0 matches expected opId=0x7fcde6bbc1a0
n232-194-226:234434:234517 [6] NCCL INFO transport/p2p.cc:204 Cuda Alloc Size 10485760 pointer 0x7fc798600000
n232-194-226:234428:234457 [0] NCCL INFO Channel 05/0 : 0[0] -> 6[6] via P2P/IPC
n232-194-226:234430:234462 [2] NCCL INFO Channel 00/0 : 2[2] -> 6[6] via P2P/IPC
n232-194-226:234434:234517 [6] NCCL INFO Allocated shareable buffer 0x7fc798600000 size 10485760 ipcDesc 0x7fc7900059d0
n232-194-226:234434:234517 [6] NCCL INFO proxyProgressAsync opId=0x7fc79ebbb1f0 op.type=3 op.reqBuff=0x7fc7900059a0 op.respSize=80 done
n232-194-226:234428:234515 [0] NCCL INFO New proxy send connection 1 from local rank 0, transport 0
n232-194-226:234434:234463 [6] NCCL INFO ncclPollProxyResponse Received new opId=0x7fc79ebbb1f0
n232-194-226:234428:234515 [0] NCCL INFO proxyProgressAsync opId=0x7fcde6bbc1a0 op.type=1 op.reqBuff=0x7fcdfc006920 op.respSize=16 done
n232-194-226:234434:234463 [6] NCCL INFO recvOpId=0x7fc79ebbb1f0 matches expected opId=0x7fc79ebbb1f0
n232-194-226:234428:234457 [0] NCCL INFO ncclPollProxyResponse Received new opId=0x7fcde6bbc1a0
n232-194-226:234434:234517 [6] NCCL INFO Received and initiated operation=Setup res=0
n232-194-226:234428:234515 [0] NCCL INFO Received and initiated operation=Init res=0
n232-194-226:234429:234513 [1] NCCL INFO transport/p2p.cc:204 Cuda Alloc Size 10485760 pointer 0x7f2d2f000000
n232-194-226:234428:234457 [0] NCCL INFO recvOpId=0x7fcde6bbc1a0 matches expected opId=0x7fcde6bbc1a0
n232-194-226:234428:234457 [0] NCCL INFO Connection to proxy localRank 0 -> connection 0x7fcdfc0031a0
n232-194-226:234429:234513 [1] NCCL INFO Allocated shareable buffer 0x7f2d2f000000 size 10485760 ipcDesc 0x7f2d280069d0
n232-194-226:234429:234513 [1] NCCL INFO proxyProgressAsync opId=0x7f2d32bbc310 op.type=3 op.reqBuff=0x7f2d280069a0 op.respSize=80 done
n232-194-226:234429:234459 [1] NCCL INFO ncclPollProxyResponse Received new opId=0x7f2d32bbc310
n232-194-226:234429:234513 [1] NCCL INFO Received and initiated operation=Setup res=0
n232-194-226:234429:234459 [1] NCCL INFO recvOpId=0x7f2d32bbc310 matches expected opId=0x7f2d32bbc310
n232-194-226:234434:234517 [6] NCCL INFO New proxy recv connection 1 from local rank 6, transport 0
n232-194-226:234434:234517 [6] NCCL INFO proxyProgressAsync opId=0x7fc79ebbb1f0 op.type=1 op.reqBuff=0x7fc790006920 op.respSize=16 done
n232-194-226:234434:234463 [6] NCCL INFO ncclPollProxyResponse Received new opId=0x7fc79ebbb1f0
n232-194-226:234434:234517 [6] NCCL INFO Received and initiated operation=Init res=0
n232-194-226:234434:234463 [6] NCCL INFO recvOpId=0x7fc79ebbb1f0 matches expected opId=0x7fc79ebbb1f0
n232-194-226:234434:234463 [6] NCCL INFO Connection to proxy localRank 6 -> connection 0x7fc7900031a0
n232-194-226:234431:234518 [3] NCCL INFO Mem Realloc old size 0, new size 8 pointer 0x7f7bc0002f10
n232-194-226:234429:234513 [1] NCCL INFO New proxy recv connection 2 from local rank 1, transport 0
n232-194-226:234429:234513 [1] NCCL INFO proxyProgressAsync opId=0x7f2d32bbc310 op.type=1 op.reqBuff=0x7f2d28007790 op.respSize=16 done
n232-194-226:234429:234459 [1] NCCL INFO ncclPollProxyResponse Received new opId=0x7f2d32bbc310
n232-194-226:234431:234518 [3] NCCL INFO New proxy send connection 0 from local rank 3, transport 0
n232-194-226:234431:234518 [3] NCCL INFO proxyProgressAsync opId=0x7f7bcabbc310 op.type=1 op.reqBuff=0x7f7bc0002ed0 op.respSize=16 done
n232-194-226:234429:234459 [1] NCCL INFO recvOpId=0x7f2d32bbc310 matches expected opId=0x7f2d32bbc310
n232-194-226:234429:234459 [1] NCCL INFO Connection to proxy localRank 1 -> connection 0x7f2d280031f0
n232-194-226:234429:234513 [1] NCCL INFO Received and initiated operation=Init res=0
n232-194-226:234431:234461 [3] NCCL INFO ncclPollProxyResponse Received new opId=0x7f7bcabbc310
n232-194-226:234431:234518 [3] NCCL INFO Received and initiated operation=Init res=0
n232-194-226:234431:234461 [3] NCCL INFO recvOpId=0x7f7bcabbc310 matches expected opId=0x7f7bcabbc310
n232-194-226:234431:234461 [3] NCCL INFO Connection to proxy localRank 3 -> connection 0x7f7bc0003150
n232-194-226:234430:234519 [2] NCCL INFO Mem Realloc old size 0, new size 8 pointer 0x7fd440002f10
n232-194-226:234430:234519 [2] NCCL INFO New proxy send connection 0 from local rank 2, transport 0
n232-194-226:234430:234519 [2] NCCL INFO proxyProgressAsync opId=0x7fd44ebbc3d0 op.type=1 op.reqBuff=0x7fd440002ed0 op.respSize=16 done
n232-194-226:234430:234462 [2] NCCL INFO ncclPollProxyResponse Received new opId=0x7fd44ebbc3d0
n232-194-226:234430:234519 [2] NCCL INFO Received and initiated operation=Init res=0
n232-194-226:234430:234462 [2] NCCL INFO recvOpId=0x7fd44ebbc3d0 matches expected opId=0x7fd44ebbc3d0
n232-194-226:234430:234462 [2] NCCL INFO Connection to proxy localRank 2 -> connection 0x7fd440003150
n232-194-226:234428:234515 [0] NCCL INFO transport/p2p.cc:204 Cuda Alloc Size 2097152 pointer 0x7fcde2800000
n232-194-226:234428:234515 [0] NCCL INFO Allocated shareable buffer 0x7fcde2800000 size 2097152 ipcDesc 0x7fcdfc0069d0
n232-194-226:234428:234515 [0] NCCL INFO proxyProgressAsync opId=0x7fcde6bbc1a0 op.type=3 op.reqBuff=0x7fcdfc0069a0 op.respSize=80 done
n232-194-226:234428:234457 [0] NCCL INFO ncclPollProxyResponse Received new opId=0x7fcde6bbc1a0
n232-194-226:234428:234457 [0] NCCL INFO recvOpId=0x7fcde6bbc1a0 matches expected opId=0x7fcde6bbc1a0
n232-194-226:234428:234515 [0] NCCL INFO Received and initiated operation=Setup res=0
n232-194-226:234434:234517 [6] NCCL INFO transport/p2p.cc:204 Cuda Alloc Size 10485760 pointer 0x7fc799000000
n232-194-226:234428:234457 [0] NCCL INFO Channel 08/0 : 0[0] -> 6[6] via P2P/IPC
n232-194-226:234428:234515 [0] NCCL INFO New proxy send connection 2 from local rank 0, transport 0
n232-194-226:234434:234517 [6] NCCL INFO Allocated shareable buffer 0x7fc799000000 size 10485760 ipcDesc 0x7fc7900069d0
n232-194-226:234434:234517 [6] NCCL INFO proxyProgressAsync opId=0x7fc79ebbb1f0 op.type=3 op.reqBuff=0x7fc7900069a0 op.respSize=80 done
n232-194-226:234428:234515 [0] NCCL INFO proxyProgressAsync opId=0x7fcde6bbc1a0 op.type=1 op.reqBuff=0x7fcdfc007790 op.respSize=16 done
n232-194-226:234434:234463 [6] NCCL INFO ncclPollProxyResponse Received new opId=0x7fc79ebbb1f0
n232-194-226:234428:234457 [0] NCCL INFO ncclPollProxyResponse Received new opId=0x7fcde6bbc1a0
n232-194-226:234434:234517 [6] NCCL INFO Received and initiated operation=Setup res=0
n232-194-226:234428:234515 [0] NCCL INFO Received and initiated operation=Init res=0
n232-194-226:234428:234457 [0] NCCL INFO recvOpId=0x7fcde6bbc1a0 matches expected opId=0x7fcde6bbc1a0
n232-194-226:234434:234463 [6] NCCL INFO recvOpId=0x7fc79ebbb1f0 matches expected opId=0x7fc79ebbb1f0
n232-194-226:234428:234457 [0] NCCL INFO Connection to proxy localRank 0 -> connection 0x7fcdfc0031f0
n232-194-226:234434:234517 [6] NCCL INFO New proxy recv connection 2 from local rank 6, transport 0
n232-194-226:234434:234517 [6] NCCL INFO proxyProgressAsync opId=0x7fc79ebbb1f0 op.type=1 op.reqBuff=0x7fc790007790 op.respSize=16 done
n232-194-226:234434:234463 [6] NCCL INFO ncclPollProxyResponse Received new opId=0x7fc79ebbb1f0
n232-194-226:234434:234463 [6] NCCL INFO recvOpId=0x7fc79ebbb1f0 matches expected opId=0x7fc79ebbb1f0
n232-194-226:234434:234463 [6] NCCL INFO Connection to proxy localRank 6 -> connection 0x7fc7900031f0
n232-194-226:234434:234517 [6] NCCL INFO Received and initiated operation=Init res=0
n232-194-226:234429:234513 [1] NCCL INFO transport/p2p.cc:204 Cuda Alloc Size 10485760 pointer 0x7f2d26000000
n232-194-226:234429:234513 [1] NCCL INFO Allocated shareable buffer 0x7f2d26000000 size 10485760 ipcDesc 0x7f2d28007820
n232-194-226:234429:234513 [1] NCCL INFO proxyProgressAsync opId=0x7f2d32bbc310 op.type=3 op.reqBuff=0x7f2d280077b0 op.respSize=80 done
n232-194-226:234429:234459 [1] NCCL INFO ncclPollProxyResponse Received new opId=0x7f2d32bbc310
n232-194-226:234429:234513 [1] NCCL INFO Received and initiated operation=Setup res=0
n232-194-226:234429:234459 [1] NCCL INFO recvOpId=0x7f2d32bbc310 matches expected opId=0x7f2d32bbc310
n232-194-226:234429:234513 [1] NCCL INFO New proxy recv connection 3 from local rank 1, transport 0
n232-194-226:234429:234513 [1] NCCL INFO proxyProgressAsync opId=0x7f2d32bbc310 op.type=1 op.reqBuff=0x7f2d280077b0 op.respSize=16 done
n232-194-226:234429:234459 [1] NCCL INFO ncclPollProxyResponse Received new opId=0x7f2d32bbc310
n232-194-226:234429:234459 [1] NCCL INFO recvOpId=0x7f2d32bbc310 matches expected opId=0x7f2d32bbc310
n232-194-226:234429:234513 [1] NCCL INFO Received and initiated operation=Init res=0
n232-194-226:234429:234459 [1] NCCL INFO Connection to proxy localRank 1 -> connection 0x7f2d28003240
n232-194-226:234428:234515 [0] NCCL INFO transport/p2p.cc:204 Cuda Alloc Size 2097152 pointer 0x7fcde2a00000
n232-194-226:234431:234518 [3] NCCL INFO transport/p2p.cc:204 Cuda Alloc Size 2097152 pointer 0x7f7bc6600000
n232-194-226:234430:234519 [2] NCCL INFO transport/p2p.cc:204 Cuda Alloc Size 2097152 pointer 0x7fd448600000
n232-194-226:234428:234515 [0] NCCL INFO Allocated shareable buffer 0x7fcde2a00000 size 2097152 ipcDesc 0x7fcdfc007820
n232-194-226:234428:234515 [0] NCCL INFO proxyProgressAsync opId=0x7fcde6bbc1a0 op.type=3 op.reqBuff=0x7fcdfc0077b0 op.respSize=80 done
n232-194-226:234428:234457 [0] NCCL INFO ncclPollProxyResponse Received new opId=0x7fcde6bbc1a0
n232-194-226:234431:234518 [3] NCCL INFO Allocated shareable buffer 0x7f7bc6600000 size 2097152 ipcDesc 0x7f7bc00059d0
n232-194-226:234431:234518 [3] NCCL INFO proxyProgressAsync opId=0x7f7bcabbc310 op.type=3 op.reqBuff=0x7f7bc00059a0 op.respSize=80 done
n232-194-226:234428:234457 [0] NCCL INFO recvOpId=0x7fcde6bbc1a0 matches expected opId=0x7fcde6bbc1a0
n232-194-226:234428:234515 [0] NCCL INFO Received and initiated operation=Setup res=0
n232-194-226:234428:234457 [0] NCCL INFO Channel 11/0 : 0[0] -> 6[6] via P2P/IPC
n232-194-226:234431:234461 [3] NCCL INFO ncclPollProxyResponse Received new opId=0x7f7bcabbc310
n232-194-226:234430:234519 [2] NCCL INFO Allocated shareable buffer 0x7fd448600000 size 2097152 ipcDesc 0x7fd4400059d0
n232-194-226:234430:234519 [2] NCCL INFO proxyProgressAsync opId=0x7fd44ebbc3d0 op.type=3 op.reqBuff=0x7fd4400059a0 op.respSize=80 done
n232-194-226:234431:234461 [3] NCCL INFO recvOpId=0x7f7bcabbc310 matches expected opId=0x7f7bcabbc310
n232-194-226:234431:234518 [3] NCCL INFO Received and initiated operation=Setup res=0
n232-194-226:234430:234462 [2] NCCL INFO ncclPollProxyResponse Received new opId=0x7fd44ebbc3d0
n232-194-226:234431:234461 [3] NCCL INFO Channel 04/0 : 3[3] -> 6[6] via P2P/IPC
n232-194-226:234428:234515 [0] NCCL INFO New proxy send connection 3 from local rank 0, transport 0
n232-194-226:234428:234515 [0] NCCL INFO proxyProgressAsync opId=0x7fcde6bbc1a0 op.type=1 op.reqBuff=0x7fcdfc0077b0 op.respSize=16 done
n232-194-226:234430:234462 [2] NCCL INFO recvOpId=0x7fd44ebbc3d0 matches expected opId=0x7fd44ebbc3d0
n232-194-226:234430:234519 [2] NCCL INFO Received and initiated operation=Setup res=0
n232-194-226:234428:234457 [0] NCCL INFO ncclPollProxyResponse Received new opId=0x7fcde6bbc1a0
n232-194-226:234428:234515 [0] NCCL INFO Received and initiated operation=Init res=0
n232-194-226:234428:234457 [0] NCCL INFO recvOpId=0x7fcde6bbc1a0 matches expected opId=0x7fcde6bbc1a0
n232-194-226:234430:234462 [2] NCCL INFO Channel 03/0 : 2[2] -> 6[6] via P2P/IPC
n232-194-226:234428:234457 [0] NCCL INFO Connection to proxy localRank 0 -> connection 0x7fcdfc003240
n232-194-226:234431:234518 [3] NCCL INFO New proxy send connection 1 from local rank 3, transport 0
n232-194-226:234431:234518 [3] NCCL INFO proxyProgressAsync opId=0x7f7bcabbc310 op.type=1 op.reqBuff=0x7f7bc0006920 op.respSize=16 done
n232-194-226:234431:234461 [3] NCCL INFO ncclPollProxyResponse Received new opId=0x7f7bcabbc310
n232-194-226:234430:234519 [2] NCCL INFO New proxy send connection 1 from local rank 2, transport 0
n232-194-226:234430:234519 [2] NCCL INFO proxyProgressAsync opId=0x7fd44ebbc3d0 op.type=1 op.reqBuff=0x7fd440006920 op.respSize=16 done
n232-194-226:234431:234461 [3] NCCL INFO recvOpId=0x7f7bcabbc310 matches expected opId=0x7f7bcabbc310
n232-194-226:234431:234461 [3] NCCL INFO Connection to proxy localRank 3 -> connection 0x7f7bc00031a0
n232-194-226:234430:234462 [2] NCCL INFO ncclPollProxyResponse Received new opId=0x7fd44ebbc3d0
n232-194-226:234431:234518 [3] NCCL INFO Received and initiated operation=Init res=0
n232-194-226:234430:234462 [2] NCCL INFO recvOpId=0x7fd44ebbc3d0 matches expected opId=0x7fd44ebbc3d0
n232-194-226:234430:234519 [2] NCCL INFO Received and initiated operation=Init res=0
n232-194-226:234430:234462 [2] NCCL INFO Connection to proxy localRank 2 -> connection 0x7fd4400031a0
n232-194-226:234434:234517 [6] NCCL INFO transport/p2p.cc:204 Cuda Alloc Size 10485760 pointer 0x7fc796000000
n232-194-226:234429:234513 [1] NCCL INFO transport/p2p.cc:204 Cuda Alloc Size 10485760 pointer 0x7f2d26a00000
n232-194-226:234434:234517 [6] NCCL INFO Allocated shareable buffer 0x7fc796000000 size 10485760 ipcDesc 0x7fc790007820
n232-194-226:234434:234517 [6] NCCL INFO proxyProgressAsync opId=0x7fc79ebbb1f0 op.type=3 op.reqBuff=0x7fc7900077b0 op.respSize=80 done
n232-194-226:234434:234463 [6] NCCL INFO ncclPollProxyResponse Received new opId=0x7fc79ebbb1f0
n232-194-226:234434:234463 [6] NCCL INFO recvOpId=0x7fc79ebbb1f0 matches expected opId=0x7fc79ebbb1f0
n232-194-226:234434:234517 [6] NCCL INFO Received and initiated operation=Setup res=0
n232-194-226:234434:234517 [6] NCCL INFO New proxy recv connection 3 from local rank 6, transport 0
n232-194-226:234434:234517 [6] NCCL INFO proxyProgressAsync opId=0x7fc79ebbb1f0 op.type=1 op.reqBuff=0x7fc7900077b0 op.respSize=16 done
n232-194-226:234434:234463 [6] NCCL INFO ncclPollProxyResponse Received new opId=0x7fc79ebbb1f0
n232-194-226:234429:234513 [1] NCCL INFO Allocated shareable buffer 0x7f2d26a00000 size 10485760 ipcDesc 0x7f2d28008aa0
n232-194-226:234429:234513 [1] NCCL INFO proxyProgressAsync opId=0x7f2d32bbc310 op.type=3 op.reqBuff=0x7f2d28008a30 op.respSize=80 done
n232-194-226:234434:234463 [6] NCCL INFO recvOpId=0x7fc79ebbb1f0 matches expected opId=0x7fc79ebbb1f0
n232-194-226:234434:234517 [6] NCCL INFO Received and initiated operation=Init res=0
n232-194-226:234429:234459 [1] NCCL INFO ncclPollProxyResponse Received new opId=0x7f2d32bbc310
n232-194-226:234434:234463 [6] NCCL INFO Connection to proxy localRank 6 -> connection 0x7fc790003240
n232-194-226:234429:234459 [1] NCCL INFO recvOpId=0x7f2d32bbc310 matches expected opId=0x7f2d32bbc310
n232-194-226:234429:234513 [1] NCCL INFO Received and initiated operation=Setup res=0
n232-194-226:234428:234515 [0] NCCL INFO transport/p2p.cc:204 Cuda Alloc Size 2097152 pointer 0x7fcde2c00000
n232-194-226:234428:234515 [0] NCCL INFO Allocated shareable buffer 0x7fcde2c00000 size 2097152 ipcDesc 0x7fcdfc008650
n232-194-226:234428:234515 [0] NCCL INFO proxyProgressAsync opId=0x7fcde6bbc1a0 op.type=3 op.reqBuff=0x7fcdfc0085e0 op.respSize=80 done
n232-194-226:234428:234457 [0] NCCL INFO ncclPollProxyResponse Received new opId=0x7fcde6bbc1a0
n232-194-226:234428:234457 [0] NCCL INFO recvOpId=0x7fcde6bbc1a0 matches expected opId=0x7fcde6bbc1a0
n232-194-226:234428:234515 [0] NCCL INFO Received and initiated operation=Setup res=0
n232-194-226:234431:234518 [3] NCCL INFO transport/p2p.cc:204 Cuda Alloc Size 2097152 pointer 0x7f7bc6800000
n232-194-226:234430:234519 [2] NCCL INFO transport/p2p.cc:204 Cuda Alloc Size 2097152 pointer 0x7fd448800000
n232-194-226:234431:234518 [3] NCCL INFO Allocated shareable buffer 0x7f7bc6800000 size 2097152 ipcDesc 0x7f7bc00069d0
n232-194-226:234431:234518 [3] NCCL INFO proxyProgressAsync opId=0x7f7bcabbc310 op.type=3 op.reqBuff=0x7f7bc00069a0 op.respSize=80 done
n232-194-226:234431:234461 [3] NCCL INFO ncclPollProxyResponse Received new opId=0x7f7bcabbc310
n232-194-226:234431:234461 [3] NCCL INFO recvOpId=0x7f7bcabbc310 matches expected opId=0x7f7bcabbc310
n232-194-226:234431:234518 [3] NCCL INFO Received and initiated operation=Setup res=0
n232-194-226:234431:234461 [3] NCCL INFO Channel 07/0 : 3[3] -> 6[6] via P2P/IPC
n232-194-226:234430:234519 [2] NCCL INFO Allocated shareable buffer 0x7fd448800000 size 2097152 ipcDesc 0x7fd4400069d0
n232-194-226:234430:234519 [2] NCCL INFO proxyProgressAsync opId=0x7fd44ebbc3d0 op.type=3 op.reqBuff=0x7fd4400069a0 op.respSize=80 done
n232-194-226:234430:234462 [2] NCCL INFO ncclPollProxyResponse Received new opId=0x7fd44ebbc3d0
n232-194-226:234431:234518 [3] NCCL INFO New proxy send connection 2 from local rank 3, transport 0
n232-194-226:234431:234518 [3] NCCL INFO proxyProgressAsync opId=0x7f7bcabbc310 op.type=1 op.reqBuff=0x7f7bc0007790 op.respSize=16 done
n232-194-226:234430:234519 [2] NCCL INFO Received and initiated operation=Setup res=0
n232-194-226:234431:234461 [3] NCCL INFO ncclPollProxyResponse Received new opId=0x7f7bcabbc310
n232-194-226:234430:234462 [2] NCCL INFO recvOpId=0x7fd44ebbc3d0 matches expected opId=0x7fd44ebbc3d0
n232-194-226:234430:234462 [2] NCCL INFO Channel 06/0 : 2[2] -> 6[6] via P2P/IPC
n232-194-226:234431:234461 [3] NCCL INFO recvOpId=0x7f7bcabbc310 matches expected opId=0x7f7bcabbc310
n232-194-226:234431:234461 [3] NCCL INFO Connection to proxy localRank 3 -> connection 0x7f7bc00031f0
n232-194-226:234431:234518 [3] NCCL INFO Received and initiated operation=Init res=0
n232-194-226:234430:234519 [2] NCCL INFO New proxy send connection 2 from local rank 2, transport 0
n232-194-226:234430:234519 [2] NCCL INFO proxyProgressAsync opId=0x7fd44ebbc3d0 op.type=1 op.reqBuff=0x7fd440007790 op.respSize=16 done
n232-194-226:234430:234462 [2] NCCL INFO ncclPollProxyResponse Received new opId=0x7fd44ebbc3d0
n232-194-226:234434:234517 [6] NCCL INFO transport/p2p.cc:204 Cuda Alloc Size 10485760 pointer 0x7fc796a00000
n232-194-226:234430:234462 [2] NCCL INFO recvOpId=0x7fd44ebbc3d0 matches expected opId=0x7fd44ebbc3d0
n232-194-226:234430:234519 [2] NCCL INFO Received and initiated operation=Init res=0
n232-194-226:234434:234517 [6] NCCL INFO Allocated shareable buffer 0x7fc796a00000 size 10485760 ipcDesc 0x7fc790008a00
n232-194-226:234434:234517 [6] NCCL INFO proxyProgressAsync opId=0x7fc79ebbb1f0 op.type=3 op.reqBuff=0x7fc790008990 op.respSize=80 done
n232-194-226:234430:234462 [2] NCCL INFO Connection to proxy localRank 2 -> connection 0x7fd4400031f0
n232-194-226:234434:234463 [6] NCCL INFO ncclPollProxyResponse Received new opId=0x7fc79ebbb1f0
n232-194-226:234434:234517 [6] NCCL INFO Received and initiated operation=Setup res=0
n232-194-226:234434:234463 [6] NCCL INFO recvOpId=0x7fc79ebbb1f0 matches expected opId=0x7fc79ebbb1f0
n232-194-226:234432:234514 [4] NCCL INFO New proxy recv connection 0 from local rank 4, transport 2
n232-194-226:234432:234514 [4] NCCL INFO proxyProgressAsync opId=0x7f3ea2bbc310 op.type=1 op.reqBuff=0x7f3e98002ed0 op.respSize=16 done
n232-194-226:234432:234458 [4] NCCL INFO ncclPollProxyResponse Received new opId=0x7f3ea2bbc310
n232-194-226:234432:234458 [4] NCCL INFO recvOpId=0x7f3ea2bbc310 matches expected opId=0x7f3ea2bbc310
n232-194-226:234432:234514 [4] NCCL INFO Received and initiated operation=Init res=0
n232-194-226:234432:234514 [4] NCCL INFO New proxy send connection 1 from local rank 5, transport 2
n232-194-226:234431:234518 [3] NCCL INFO transport/p2p.cc:204 Cuda Alloc Size 2097152 pointer 0x7f7bc6a00000
n232-194-226:234432:234514 [4] NCCL INFO proxyProgressAsync opId=0x7f8c86bbc310 op.type=1 op.reqBuff=0x7f3e98005c70 op.respSize=16 done
n232-194-226:234431:234518 [3] NCCL INFO Allocated shareable buffer 0x7f7bc6a00000 size 2097152 ipcDesc 0x7f7bc0007820
