n232-194-226:234433:234516 [5] NCCL INFO Received and initiated operation=Setup res=0
n232-194-226:234433:234460 [5] NCCL INFO recvOpId=0x7f8c86bbc310 matches expected opId=0x7f8c86bbc310
n232-194-226:234431:234518 [3] NCCL INFO New proxy send connection 14 from local rank 3, transport 0
n232-194-226:234431:234518 [3] NCCL INFO proxyProgressAsync opId=0x7f7bcabbc310 op.type=1 op.reqBuff=0x7f7bc00093f0 op.respSize=16 done
n232-194-226:234431:234461 [3] NCCL INFO ncclPollProxyResponse Received new opId=0x7f7bcabbc310
n232-194-226:234431:234461 [3] NCCL INFO recvOpId=0x7f7bcabbc310 matches expected opId=0x7f7bcabbc310
n232-194-226:234431:234518 [3] NCCL INFO Received and initiated operation=Init res=0
n232-194-226:234431:234461 [3] NCCL INFO Connection to proxy localRank 3 -> connection 0x7f7bc00035b0
n232-194-226:234430:234519 [2] NCCL INFO transport/p2p.cc:204 Cuda Alloc Size 10485760 pointer 0x7fd43f400000
n232-194-226:234430:234519 [2] NCCL INFO Allocated shareable buffer 0x7fd43f400000 size 10485760 ipcDesc 0x7fd440036290
n232-194-226:234430:234519 [2] NCCL INFO proxyProgressAsync opId=0x7fd44ebbc3d0 op.type=3 op.reqBuff=0x7fd4400093f0 op.respSize=80 done
n232-194-226:234430:234462 [2] NCCL INFO ncclPollProxyResponse Received new opId=0x7fd44ebbc3d0
n232-194-226:234430:234462 [2] NCCL INFO recvOpId=0x7fd44ebbc3d0 matches expected opId=0x7fd44ebbc3d0
n232-194-226:234430:234519 [2] NCCL INFO Received and initiated operation=Setup res=0
n232-194-226:234428:234515 [0] NCCL INFO transport/p2p.cc:204 Cuda Alloc Size 10485760 pointer 0x7fcde0000000
n232-194-226:234430:234519 [2] NCCL INFO New proxy recv connection 16 from local rank 2, transport 0
n232-194-226:234430:234519 [2] NCCL INFO proxyProgressAsync opId=0x7fd44ebbc3d0 op.type=1 op.reqBuff=0x7fd4400093f0 op.respSize=16 done
n232-194-226:234430:234462 [2] NCCL INFO ncclPollProxyResponse Received new opId=0x7fd44ebbc3d0
n232-194-226:234430:234462 [2] NCCL INFO recvOpId=0x7fd44ebbc3d0 matches expected opId=0x7fd44ebbc3d0
n232-194-226:234430:234519 [2] NCCL INFO Received and initiated operation=Init res=0
n232-194-226:234430:234462 [2] NCCL INFO Connection to proxy localRank 2 -> connection 0x7fd440003650
n232-194-226:234432:234514 [4] NCCL INFO New proxy recv connection 12 from local rank 4, transport 0
n232-194-226:234432:234514 [4] NCCL INFO proxyProgressAsync opId=0x7f3ea2bbc310 op.type=1 op.reqBuff=0x7f3e980326d0 op.respSize=16 done
n232-194-226:234432:234458 [4] NCCL INFO ncclPollProxyResponse Received new opId=0x7f3ea2bbc310
n232-194-226:234432:234514 [4] NCCL INFO Received and initiated operation=Init res=0
n232-194-226:234432:234458 [4] NCCL INFO recvOpId=0x7f3ea2bbc310 matches expected opId=0x7f3ea2bbc310
n232-194-226:234432:234458 [4] NCCL INFO Connection to proxy localRank 4 -> connection 0x7f3e98003510
n232-194-226:234428:234515 [0] NCCL INFO Allocated shareable buffer 0x7fcde0000000 size 10485760 ipcDesc 0x7fcdfc00a270
n232-194-226:234428:234515 [0] NCCL INFO proxyProgressAsync opId=0x7fcde6bbc1a0 op.type=3 op.reqBuff=0x7fcdfc00a200 op.respSize=80 done
n232-194-226:234428:234457 [0] NCCL INFO ncclPollProxyResponse Received new opId=0x7fcde6bbc1a0
n232-194-226:234428:234515 [0] NCCL INFO Received and initiated operation=Setup res=0
n232-194-226:234428:234457 [0] NCCL INFO recvOpId=0x7fcde6bbc1a0 matches expected opId=0x7fcde6bbc1a0
n232-194-226:234431:234518 [3] NCCL INFO transport/p2p.cc:204 Cuda Alloc Size 2097152 pointer 0x7f7bc7200000
n232-194-226:234428:234515 [0] NCCL INFO New proxy recv connection 6 from local rank 0, transport 0
n232-194-226:234428:234515 [0] NCCL INFO proxyProgressAsync opId=0x7fcde6bbc1a0 op.type=1 op.reqBuff=0x7fcdfc00a200 op.respSize=16 done
n232-194-226:234428:234457 [0] NCCL INFO ncclPollProxyResponse Received new opId=0x7fcde6bbc1a0
n232-194-226:234428:234457 [0] NCCL INFO recvOpId=0x7fcde6bbc1a0 matches expected opId=0x7fcde6bbc1a0
n232-194-226:234428:234515 [0] NCCL INFO Received and initiated operation=Init res=0
n232-194-226:234428:234457 [0] NCCL INFO Connection to proxy localRank 0 -> connection 0x7fcdfc003330
n232-194-226:234431:234518 [3] NCCL INFO Allocated shareable buffer 0x7f7bc7200000 size 2097152 ipcDesc 0x7f7bc0035070
n232-194-226:234431:234518 [3] NCCL INFO proxyProgressAsync opId=0x7f7bcabbc310 op.type=3 op.reqBuff=0x7f7bc00093f0 op.respSize=80 done
n232-194-226:234431:234461 [3] NCCL INFO ncclPollProxyResponse Received new opId=0x7f7bcabbc310
n232-194-226:234431:234518 [3] NCCL INFO Received and initiated operation=Setup res=0
n232-194-226:234431:234461 [3] NCCL INFO recvOpId=0x7f7bcabbc310 matches expected opId=0x7f7bcabbc310
n232-194-226:234431:234461 [3] NCCL INFO Channel 09/0 : 3[3] -> 1[1] via P2P/IPC
n232-194-226:234431:234518 [3] NCCL INFO New proxy send connection 15 from local rank 3, transport 0
n232-194-226:234431:234518 [3] NCCL INFO proxyProgressAsync opId=0x7f7bcabbc310 op.type=1 op.reqBuff=0x7f7bc00093f0 op.respSize=16 done
n232-194-226:234431:234461 [3] NCCL INFO ncclPollProxyResponse Received new opId=0x7f7bcabbc310
n232-194-226:234431:234461 [3] NCCL INFO recvOpId=0x7f7bcabbc310 matches expected opId=0x7f7bcabbc310
n232-194-226:234431:234518 [3] NCCL INFO Received and initiated operation=Init res=0
n232-194-226:234431:234461 [3] NCCL INFO Connection to proxy localRank 3 -> connection 0x7f7bc0003600
n232-194-226:234434:234463 [6] NCCL INFO Imported shareable buffer device 6 size 2097152 ptr 0x7fc78fe00000
n232-194-226:234430:234519 [2] NCCL INFO transport/p2p.cc:204 Cuda Alloc Size 10485760 pointer 0x7fd43c000000
n232-194-226:234432:234514 [4] NCCL INFO transport/p2p.cc:204 Cuda Alloc Size 10485760 pointer 0x7f3e9ee00000
n232-194-226:234430:234519 [2] NCCL INFO Allocated shareable buffer 0x7fd43c000000 size 10485760 ipcDesc 0x7fd440036290
n232-194-226:234430:234519 [2] NCCL INFO proxyProgressAsync opId=0x7fd44ebbc3d0 op.type=3 op.reqBuff=0x7fd440036320 op.respSize=80 done
n232-194-226:234432:234514 [4] NCCL INFO Allocated shareable buffer 0x7f3e9ee00000 size 10485760 ipcDesc 0x7f3e980334d0
n232-194-226:234432:234514 [4] NCCL INFO proxyProgressAsync opId=0x7f3ea2bbc310 op.type=3 op.reqBuff=0x7f3e980334a0 op.respSize=80 done
n232-194-226:234430:234462 [2] NCCL INFO ncclPollProxyResponse Received new opId=0x7fd44ebbc3d0
n232-194-226:234432:234458 [4] NCCL INFO ncclPollProxyResponse Received new opId=0x7f3ea2bbc310
n232-194-226:234430:234519 [2] NCCL INFO Received and initiated operation=Setup res=0
n232-194-226:234432:234514 [4] NCCL INFO Received and initiated operation=Setup res=0
n232-194-226:234430:234462 [2] NCCL INFO recvOpId=0x7fd44ebbc3d0 matches expected opId=0x7fd44ebbc3d0
n232-194-226:234432:234458 [4] NCCL INFO recvOpId=0x7f3ea2bbc310 matches expected opId=0x7f3ea2bbc310
n232-194-226:234430:234519 [2] NCCL INFO New proxy recv connection 17 from local rank 2, transport 0
n232-194-226:234430:234519 [2] NCCL INFO proxyProgressAsync opId=0x7fd44ebbc3d0 op.type=1 op.reqBuff=0x7fd440036320 op.respSize=16 done
n232-194-226:234432:234514 [4] NCCL INFO New proxy recv connection 13 from local rank 4, transport 0
n232-194-226:234432:234514 [4] NCCL INFO proxyProgressAsync opId=0x7f3ea2bbc310 op.type=1 op.reqBuff=0x7f3e980334a0 op.respSize=16 done
n232-194-226:234430:234462 [2] NCCL INFO ncclPollProxyResponse Received new opId=0x7fd44ebbc3d0
n232-194-226:234430:234519 [2] NCCL INFO Received and initiated operation=Init res=0
n232-194-226:234432:234458 [4] NCCL INFO ncclPollProxyResponse Received new opId=0x7f3ea2bbc310
n232-194-226:234430:234462 [2] NCCL INFO recvOpId=0x7fd44ebbc3d0 matches expected opId=0x7fd44ebbc3d0
n232-194-226:234430:234462 [2] NCCL INFO Connection to proxy localRank 2 -> connection 0x7fd4400036a0
n232-194-226:234432:234514 [4] NCCL INFO Received and initiated operation=Init res=0
n232-194-226:234432:234458 [4] NCCL INFO recvOpId=0x7f3ea2bbc310 matches expected opId=0x7f3ea2bbc310
n232-194-226:234432:234458 [4] NCCL INFO Connection to proxy localRank 4 -> connection 0x7f3e98003560
n232-194-226:234428:234515 [0] NCCL INFO transport/p2p.cc:204 Cuda Alloc Size 10485760 pointer 0x7fcde0a00000
n232-194-226:234428:234515 [0] NCCL INFO Allocated shareable buffer 0x7fcde0a00000 size 10485760 ipcDesc 0x7fcdfc00b430
n232-194-226:234428:234515 [0] NCCL INFO proxyProgressAsync opId=0x7fcde6bbc1a0 op.type=3 op.reqBuff=0x7fcdfc00b3c0 op.respSize=80 done
n232-194-226:234434:234463 [6] NCCL INFO Imported shareable buffer device 6 size 2097152 ptr 0x7fc797e00000
n232-194-226:234428:234457 [0] NCCL INFO ncclPollProxyResponse Received new opId=0x7fcde6bbc1a0
n232-194-226:234428:234515 [0] NCCL INFO Received and initiated operation=Setup res=0
n232-194-226:234428:234457 [0] NCCL INFO recvOpId=0x7fcde6bbc1a0 matches expected opId=0x7fcde6bbc1a0
n232-194-226:234428:234515 [0] NCCL INFO New proxy recv connection 7 from local rank 0, transport 0
n232-194-226:234428:234515 [0] NCCL INFO proxyProgressAsync opId=0x7fcde6bbc1a0 op.type=1 op.reqBuff=0x7fcdfc00b3c0 op.respSize=16 done
n232-194-226:234428:234457 [0] NCCL INFO ncclPollProxyResponse Received new opId=0x7fcde6bbc1a0
n232-194-226:234428:234457 [0] NCCL INFO recvOpId=0x7fcde6bbc1a0 matches expected opId=0x7fcde6bbc1a0
n232-194-226:234428:234515 [0] NCCL INFO Received and initiated operation=Init res=0
n232-194-226:234428:234457 [0] NCCL INFO Connection to proxy localRank 0 -> connection 0x7fcdfc003380
n232-194-226:234431:234518 [3] NCCL INFO transport/p2p.cc:204 Cuda Alloc Size 2097152 pointer 0x7f7bc7400000
n232-194-226:234431:234518 [3] NCCL INFO Allocated shareable buffer 0x7f7bc7400000 size 2097152 ipcDesc 0x7f7bc0035e60
n232-194-226:234431:234518 [3] NCCL INFO proxyProgressAsync opId=0x7f7bcabbc310 op.type=3 op.reqBuff=0x7f7bc0035e30 op.respSize=80 done
n232-194-226:234431:234461 [3] NCCL INFO ncclPollProxyResponse Received new opId=0x7f7bcabbc310
n232-194-226:234431:234518 [3] NCCL INFO Received and initiated operation=Setup res=0
n232-194-226:234431:234461 [3] NCCL INFO recvOpId=0x7f7bcabbc310 matches expected opId=0x7f7bcabbc310
n232-194-226:234431:234518 [3] NCCL INFO New proxy recv connection 16 from local rank 3, transport 0
n232-194-226:234431:234518 [3] NCCL INFO proxyProgressAsync opId=0x7f7bcabbc310 op.type=1 op.reqBuff=0x7f7bc0035e30 op.respSize=16 done
n232-194-226:234431:234461 [3] NCCL INFO ncclPollProxyResponse Received new opId=0x7f7bcabbc310
n232-194-226:234429:234513 [1] NCCL INFO New proxy recv connection 4 from local rank 1, transport 0
n232-194-226:234429:234513 [1] NCCL INFO proxyProgressAsync opId=0x7f2d32bbc310 op.type=1 op.reqBuff=0x7f2d28008a30 op.respSize=16 done
n232-194-226:234431:234461 [3] NCCL INFO recvOpId=0x7f7bcabbc310 matches expected opId=0x7f7bcabbc310
n232-194-226:234431:234518 [3] NCCL INFO Received and initiated operation=Init res=0
n232-194-226:234431:234461 [3] NCCL INFO Connection to proxy localRank 3 -> connection 0x7f7bc0003650
n232-194-226:234429:234459 [1] NCCL INFO ncclPollProxyResponse Received new opId=0x7f2d32bbc310
n232-194-226:234429:234513 [1] NCCL INFO Received and initiated operation=Init res=0
n232-194-226:234429:234459 [1] NCCL INFO recvOpId=0x7f2d32bbc310 matches expected opId=0x7f2d32bbc310
n232-194-226:234429:234459 [1] NCCL INFO Connection to proxy localRank 1 -> connection 0x7f2d28003290
n232-194-226:234434:234463 [6] NCCL INFO Imported shareable buffer device 6 size 2097152 ptr 0x7fc799a00000
n232-194-226:234430:234519 [2] NCCL INFO transport/p2p.cc:204 Cuda Alloc Size 10485760 pointer 0x7fd43ca00000
n232-194-226:234432:234514 [4] NCCL INFO transport/p2p.cc:204 Cuda Alloc Size 10485760 pointer 0x7f3e96000000
n232-194-226:234430:234519 [2] NCCL INFO Allocated shareable buffer 0x7fd43ca00000 size 10485760 ipcDesc 0x7fd440036290
n232-194-226:234430:234519 [2] NCCL INFO proxyProgressAsync opId=0x7fd44ebbc3d0 op.type=3 op.reqBuff=0x7fd440037000 op.respSize=80 done
n232-194-226:234430:234462 [2] NCCL INFO ncclPollProxyResponse Received new opId=0x7fd44ebbc3d0
n232-194-226:234430:234519 [2] NCCL INFO Received and initiated operation=Setup res=0
n232-194-226:234430:234462 [2] NCCL INFO recvOpId=0x7fd44ebbc3d0 matches expected opId=0x7fd44ebbc3d0
n232-194-226:234432:234514 [4] NCCL INFO Allocated shareable buffer 0x7f3e96000000 size 10485760 ipcDesc 0x7f3e980342a0
n232-194-226:234432:234514 [4] NCCL INFO proxyProgressAsync opId=0x7f3ea2bbc310 op.type=3 op.reqBuff=0x7f3e98034270 op.respSize=80 done
n232-194-226:234432:234458 [4] NCCL INFO ncclPollProxyResponse Received new opId=0x7f3ea2bbc310
n232-194-226:234430:234519 [2] NCCL INFO New proxy recv connection 18 from local rank 2, transport 0
n232-194-226:234430:234519 [2] NCCL INFO proxyProgressAsync opId=0x7fd44ebbc3d0 op.type=1 op.reqBuff=0x7fd440037000 op.respSize=16 done
n232-194-226:234432:234514 [4] NCCL INFO Received and initiated operation=Setup res=0
n232-194-226:234432:234458 [4] NCCL INFO recvOpId=0x7f3ea2bbc310 matches expected opId=0x7f3ea2bbc310
n232-194-226:234430:234462 [2] NCCL INFO ncclPollProxyResponse Received new opId=0x7fd44ebbc3d0
n232-194-226:234430:234519 [2] NCCL INFO Received and initiated operation=Init res=0
n232-194-226:234430:234462 [2] NCCL INFO recvOpId=0x7fd44ebbc3d0 matches expected opId=0x7fd44ebbc3d0
n232-194-226:234430:234462 [2] NCCL INFO Connection to proxy localRank 2 -> connection 0x7fd4400036f0
n232-194-226:234428:234515 [0] NCCL INFO transport/p2p.cc:204 Cuda Alloc Size 10485760 pointer 0x7fcde1400000
n232-194-226:234432:234514 [4] NCCL INFO New proxy recv connection 14 from local rank 4, transport 0
n232-194-226:234432:234514 [4] NCCL INFO proxyProgressAsync opId=0x7f3ea2bbc310 op.type=1 op.reqBuff=0x7f3e98034270 op.respSize=16 done
n232-194-226:234432:234458 [4] NCCL INFO ncclPollProxyResponse Received new opId=0x7f3ea2bbc310
n232-194-226:234432:234514 [4] NCCL INFO Received and initiated operation=Init res=0
n232-194-226:234432:234458 [4] NCCL INFO recvOpId=0x7f3ea2bbc310 matches expected opId=0x7f3ea2bbc310
n232-194-226:234432:234458 [4] NCCL INFO Connection to proxy localRank 4 -> connection 0x7f3e980035b0
n232-194-226:234428:234515 [0] NCCL INFO Allocated shareable buffer 0x7fcde1400000 size 10485760 ipcDesc 0x7fcdfc00c200
n232-194-226:234428:234515 [0] NCCL INFO proxyProgressAsync opId=0x7fcde6bbc1a0 op.type=3 op.reqBuff=0x7fcdfc00c1d0 op.respSize=80 done
n232-194-226:234434:234463 [6] NCCL INFO Imported shareable buffer device 6 size 2097152 ptr 0x7fc799c00000
n232-194-226:234428:234457 [0] NCCL INFO ncclPollProxyResponse Received new opId=0x7fcde6bbc1a0
n232-194-226:234428:234515 [0] NCCL INFO Received and initiated operation=Setup res=0
n232-194-226:234428:234457 [0] NCCL INFO recvOpId=0x7fcde6bbc1a0 matches expected opId=0x7fcde6bbc1a0
n232-194-226:234428:234515 [0] NCCL INFO New proxy recv connection 8 from local rank 0, transport 0
n232-194-226:234428:234515 [0] NCCL INFO proxyProgressAsync opId=0x7fcde6bbc1a0 op.type=1 op.reqBuff=0x7fcdfc00c1d0 op.respSize=16 done
n232-194-226:234428:234457 [0] NCCL INFO ncclPollProxyResponse Received new opId=0x7fcde6bbc1a0
n232-194-226:234428:234457 [0] NCCL INFO recvOpId=0x7fcde6bbc1a0 matches expected opId=0x7fcde6bbc1a0
n232-194-226:234428:234515 [0] NCCL INFO Received and initiated operation=Init res=0
n232-194-226:234428:234457 [0] NCCL INFO Connection to proxy localRank 0 -> connection 0x7fcdfc0033d0
n232-194-226:234431:234518 [3] NCCL INFO transport/p2p.cc:204 Cuda Alloc Size 10485760 pointer 0x7f7bc7600000
n232-194-226:234429:234513 [1] NCCL INFO transport/p2p.cc:204 Cuda Alloc Size 10485760 pointer 0x7f2d27400000
n232-194-226:234431:234518 [3] NCCL INFO Allocated shareable buffer 0x7f7bc7600000 size 10485760 ipcDesc 0x7f7bc0035e60
n232-194-226:234431:234518 [3] NCCL INFO proxyProgressAsync opId=0x7f7bcabbc310 op.type=3 op.reqBuff=0x7f7bc0035ef0 op.respSize=80 done
n232-194-226:234431:234461 [3] NCCL INFO ncclPollProxyResponse Received new opId=0x7f7bcabbc310
n232-194-226:234431:234518 [3] NCCL INFO Received and initiated operation=Setup res=0
n232-194-226:234431:234461 [3] NCCL INFO recvOpId=0x7f7bcabbc310 matches expected opId=0x7f7bcabbc310
n232-194-226:234429:234513 [1] NCCL INFO Allocated shareable buffer 0x7f2d27400000 size 10485760 ipcDesc 0x7f2d280098b0
n232-194-226:234429:234513 [1] NCCL INFO proxyProgressAsync opId=0x7f2d32bbc310 op.type=3 op.reqBuff=0x7f2d28009840 op.respSize=80 done
n232-194-226:234429:234459 [1] NCCL INFO ncclPollProxyResponse Received new opId=0x7f2d32bbc310
n232-194-226:234431:234518 [3] NCCL INFO New proxy recv connection 17 from local rank 3, transport 0
n232-194-226:234431:234518 [3] NCCL INFO proxyProgressAsync opId=0x7f7bcabbc310 op.type=1 op.reqBuff=0x7f7bc0035ef0 op.respSize=16 done
n232-194-226:234429:234513 [1] NCCL INFO Received and initiated operation=Setup res=0
n232-194-226:234429:234459 [1] NCCL INFO recvOpId=0x7f2d32bbc310 matches expected opId=0x7f2d32bbc310
n232-194-226:234431:234461 [3] NCCL INFO ncclPollProxyResponse Received new opId=0x7f7bcabbc310
n232-194-226:234431:234518 [3] NCCL INFO Received and initiated operation=Init res=0
n232-194-226:234431:234461 [3] NCCL INFO recvOpId=0x7f7bcabbc310 matches expected opId=0x7f7bcabbc310
n232-194-226:234431:234461 [3] NCCL INFO Connection to proxy localRank 3 -> connection 0x7f7bc00036a0
n232-194-226:234429:234513 [1] NCCL INFO New proxy recv connection 5 from local rank 1, transport 0
n232-194-226:234429:234513 [1] NCCL INFO proxyProgressAsync opId=0x7f2d32bbc310 op.type=1 op.reqBuff=0x7f2d28009840 op.respSize=16 done
n232-194-226:234429:234459 [1] NCCL INFO ncclPollProxyResponse Received new opId=0x7f2d32bbc310
n232-194-226:234429:234513 [1] NCCL INFO Received and initiated operation=Init res=0
n232-194-226:234429:234459 [1] NCCL INFO recvOpId=0x7f2d32bbc310 matches expected opId=0x7f2d32bbc310
n232-194-226:234429:234459 [1] NCCL INFO Connection to proxy localRank 1 -> connection 0x7f2d280032e0
n232-194-226:234430:234519 [2] NCCL INFO transport/p2p.cc:204 Cuda Alloc Size 10485760 pointer 0x7fd43d400000
n232-194-226:234432:234514 [4] NCCL INFO transport/p2p.cc:204 Cuda Alloc Size 10485760 pointer 0x7f3e96a00000
n232-194-226:234434:234463 [6] NCCL INFO Imported shareable buffer device 6 size 2097152 ptr 0x7fc799e00000
n232-194-226:234430:234519 [2] NCCL INFO Allocated shareable buffer 0x7fd43d400000 size 10485760 ipcDesc 0x7fd440036290
n232-194-226:234430:234519 [2] NCCL INFO proxyProgressAsync opId=0x7fd44ebbc3d0 op.type=3 op.reqBuff=0x7fd440037090 op.respSize=80 done
n232-194-226:234430:234462 [2] NCCL INFO ncclPollProxyResponse Received new opId=0x7fd44ebbc3d0
n232-194-226:234430:234462 [2] NCCL INFO recvOpId=0x7fd44ebbc3d0 matches expected opId=0x7fd44ebbc3d0
n232-194-226:234430:234519 [2] NCCL INFO Received and initiated operation=Setup res=0
n232-194-226:234432:234514 [4] NCCL INFO Allocated shareable buffer 0x7f3e96a00000 size 10485760 ipcDesc 0x7f3e980354c0
n232-194-226:234432:234514 [4] NCCL INFO proxyProgressAsync opId=0x7f3ea2bbc310 op.type=3 op.reqBuff=0x7f3e98035490 op.respSize=80 done
n232-194-226:234430:234519 [2] NCCL INFO New proxy recv connection 19 from local rank 2, transport 0
n232-194-226:234430:234519 [2] NCCL INFO proxyProgressAsync opId=0x7fd44ebbc3d0 op.type=1 op.reqBuff=0x7fd440037090 op.respSize=16 done
n232-194-226:234432:234458 [4] NCCL INFO ncclPollProxyResponse Received new opId=0x7f3ea2bbc310
n232-194-226:234432:234514 [4] NCCL INFO Received and initiated operation=Setup res=0
n232-194-226:234430:234462 [2] NCCL INFO ncclPollProxyResponse Received new opId=0x7fd44ebbc3d0
n232-194-226:234432:234458 [4] NCCL INFO recvOpId=0x7f3ea2bbc310 matches expected opId=0x7f3ea2bbc310
n232-194-226:234430:234519 [2] NCCL INFO Received and initiated operation=Init res=0
n232-194-226:234430:234462 [2] NCCL INFO recvOpId=0x7fd44ebbc3d0 matches expected opId=0x7fd44ebbc3d0
n232-194-226:234430:234462 [2] NCCL INFO Connection to proxy localRank 2 -> connection 0x7fd440003740
n232-194-226:234432:234514 [4] NCCL INFO New proxy recv connection 15 from local rank 4, transport 0
n232-194-226:234432:234514 [4] NCCL INFO proxyProgressAsync opId=0x7f3ea2bbc310 op.type=1 op.reqBuff=0x7f3e98035490 op.respSize=16 done
n232-194-226:234432:234458 [4] NCCL INFO ncclPollProxyResponse Received new opId=0x7f3ea2bbc310
n232-194-226:234428:234515 [0] NCCL INFO transport/p2p.cc:204 Cuda Alloc Size 10485760 pointer 0x7fcdde000000
n232-194-226:234432:234458 [4] NCCL INFO recvOpId=0x7f3ea2bbc310 matches expected opId=0x7f3ea2bbc310
n232-194-226:234432:234514 [4] NCCL INFO Received and initiated operation=Init res=0
n232-194-226:234432:234458 [4] NCCL INFO Connection to proxy localRank 4 -> connection 0x7f3e98003600
n232-194-226:234428:234515 [0] NCCL INFO Allocated shareable buffer 0x7fcdde000000 size 10485760 ipcDesc 0x7fcdfc00c200
n232-194-226:234428:234515 [0] NCCL INFO proxyProgressAsync opId=0x7fcde6bbc1a0 op.type=3 op.reqBuff=0x7fcdfc00c290 op.respSize=80 done
n232-194-226:234428:234457 [0] NCCL INFO ncclPollProxyResponse Received new opId=0x7fcde6bbc1a0
n232-194-226:234428:234515 [0] NCCL INFO Received and initiated operation=Setup res=0
n232-194-226:234428:234457 [0] NCCL INFO recvOpId=0x7fcde6bbc1a0 matches expected opId=0x7fcde6bbc1a0
n232-194-226:234428:234515 [0] NCCL INFO New proxy recv connection 9 from local rank 0, transport 0
n232-194-226:234428:234515 [0] NCCL INFO proxyProgressAsync opId=0x7fcde6bbc1a0 op.type=1 op.reqBuff=0x7fcdfc00c290 op.respSize=16 done
n232-194-226:234428:234457 [0] NCCL INFO ncclPollProxyResponse Received new opId=0x7fcde6bbc1a0
n232-194-226:234429:234513 [1] NCCL INFO transport/p2p.cc:204 Cuda Alloc Size 10485760 pointer 0x7f2d24000000
n232-194-226:234428:234515 [0] NCCL INFO Received and initiated operation=Init res=0
n232-194-226:234428:234457 [0] NCCL INFO recvOpId=0x7fcde6bbc1a0 matches expected opId=0x7fcde6bbc1a0
n232-194-226:234428:234457 [0] NCCL INFO Connection to proxy localRank 0 -> connection 0x7fcdfc003420
n232-194-226:234431:234518 [3] NCCL INFO transport/p2p.cc:204 Cuda Alloc Size 10485760 pointer 0x7f7bbe000000
n232-194-226:234429:234513 [1] NCCL INFO Allocated shareable buffer 0x7f2d24000000 size 10485760 ipcDesc 0x7f2d2800a6c0
n232-194-226:234429:234513 [1] NCCL INFO proxyProgressAsync opId=0x7f2d32bbc310 op.type=3 op.reqBuff=0x7f2d2800a650 op.respSize=80 done
n232-194-226:234434:234463 [6] NCCL INFO Imported shareable buffer device 6 size 2097152 ptr 0x7fc788000000
n232-194-226:234429:234459 [1] NCCL INFO ncclPollProxyResponse Received new opId=0x7f2d32bbc310
n232-194-226:234429:234513 [1] NCCL INFO Received and initiated operation=Setup res=0
n232-194-226:234429:234459 [1] NCCL INFO recvOpId=0x7f2d32bbc310 matches expected opId=0x7f2d32bbc310
n232-194-226:234429:234513 [1] NCCL INFO New proxy recv connection 6 from local rank 1, transport 0
n232-194-226:234429:234513 [1] NCCL INFO proxyProgressAsync opId=0x7f2d32bbc310 op.type=1 op.reqBuff=0x7f2d2800a650 op.respSize=16 done
n232-194-226:234429:234459 [1] NCCL INFO ncclPollProxyResponse Received new opId=0x7f2d32bbc310
n232-194-226:234429:234459 [1] NCCL INFO recvOpId=0x7f2d32bbc310 matches expected opId=0x7f2d32bbc310
n232-194-226:234429:234513 [1] NCCL INFO Received and initiated operation=Init res=0
n232-194-226:234429:234459 [1] NCCL INFO Connection to proxy localRank 1 -> connection 0x7f2d28003330
n232-194-226:234431:234518 [3] NCCL INFO Allocated shareable buffer 0x7f7bbe000000 size 10485760 ipcDesc 0x7f7bc0035e60
n232-194-226:234431:234518 [3] NCCL INFO proxyProgressAsync opId=0x7f7bcabbc310 op.type=3 op.reqBuff=0x7f7bc0035f30 op.respSize=80 done
n232-194-226:234431:234461 [3] NCCL INFO ncclPollProxyResponse Received new opId=0x7f7bcabbc310
n232-194-226:234431:234518 [3] NCCL INFO Received and initiated operation=Setup res=0
n232-194-226:234431:234461 [3] NCCL INFO recvOpId=0x7f7bcabbc310 matches expected opId=0x7f7bcabbc310
n232-194-226:234431:234518 [3] NCCL INFO New proxy recv connection 18 from local rank 3, transport 0
n232-194-226:234431:234518 [3] NCCL INFO proxyProgressAsync opId=0x7f7bcabbc310 op.type=1 op.reqBuff=0x7f7bc0035f30 op.respSize=16 done
n232-194-226:234431:234461 [3] NCCL INFO ncclPollProxyResponse Received new opId=0x7f7bcabbc310
n232-194-226:234431:234461 [3] NCCL INFO recvOpId=0x7f7bcabbc310 matches expected opId=0x7f7bcabbc310
n232-194-226:234431:234461 [3] NCCL INFO Connection to proxy localRank 3 -> connection 0x7f7bc00036f0
n232-194-226:234431:234518 [3] NCCL INFO Received and initiated operation=Init res=0
n232-194-226:234430:234519 [2] NCCL INFO transport/p2p.cc:204 Cuda Alloc Size 10485760 pointer 0x7fd43a000000
n232-194-226:234432:234514 [4] NCCL INFO transport/p2p.cc:204 Cuda Alloc Size 10485760 pointer 0x7f3e97400000
n232-194-226:234430:234519 [2] NCCL INFO Allocated shareable buffer 0x7fd43a000000 size 10485760 ipcDesc 0x7fd440036290
n232-194-226:234434:234463 [6] NCCL INFO Imported shareable buffer device 6 size 2097152 ptr 0x7fc788200000
n232-194-226:234430:234519 [2] NCCL INFO proxyProgressAsync opId=0x7fd44ebbc3d0 op.type=3 op.reqBuff=0x7fd440038cb0 op.respSize=80 done
n232-194-226:234430:234462 [2] NCCL INFO ncclPollProxyResponse Received new opId=0x7fd44ebbc3d0
n232-194-226:234430:234519 [2] NCCL INFO Received and initiated operation=Setup res=0
n232-194-226:234430:234462 [2] NCCL INFO recvOpId=0x7fd44ebbc3d0 matches expected opId=0x7fd44ebbc3d0
n232-194-226:234430:234462 [2] NCCL INFO Channel 01/0 : 2[2] -> 1[1] via P2P/IPC
n232-194-226:234432:234514 [4] NCCL INFO Allocated shareable buffer 0x7f3e97400000 size 10485760 ipcDesc 0x7f3e98036290
n232-194-226:234432:234514 [4] NCCL INFO proxyProgressAsync opId=0x7f3ea2bbc310 op.type=3 op.reqBuff=0x7f3e98036260 op.respSize=80 done
n232-194-226:234432:234458 [4] NCCL INFO ncclPollProxyResponse Received new opId=0x7f3ea2bbc310
n232-194-226:234430:234519 [2] NCCL INFO New proxy send connection 20 from local rank 2, transport 0
n232-194-226:234432:234514 [4] NCCL INFO Received and initiated operation=Setup res=0
n232-194-226:234430:234519 [2] NCCL INFO proxyProgressAsync opId=0x7fd44ebbc3d0 op.type=1 op.reqBuff=0x7fd440038cb0 op.respSize=16 done
n232-194-226:234432:234458 [4] NCCL INFO recvOpId=0x7f3ea2bbc310 matches expected opId=0x7f3ea2bbc310
n232-194-226:234430:234462 [2] NCCL INFO ncclPollProxyResponse Received new opId=0x7fd44ebbc3d0
n232-194-226:234430:234462 [2] NCCL INFO recvOpId=0x7fd44ebbc3d0 matches expected opId=0x7fd44ebbc3d0
n232-194-226:234430:234519 [2] NCCL INFO Received and initiated operation=Init res=0
n232-194-226:234430:234462 [2] NCCL INFO Connection to proxy localRank 2 -> connection 0x7fd440003790
n232-194-226:234428:234515 [0] NCCL INFO transport/p2p.cc:204 Cuda Alloc Size 10485760 pointer 0x7fcddea00000
n232-194-226:234432:234514 [4] NCCL INFO New proxy recv connection 16 from local rank 4, transport 0
n232-194-226:234432:234514 [4] NCCL INFO proxyProgressAsync opId=0x7f3ea2bbc310 op.type=1 op.reqBuff=0x7f3e98036260 op.respSize=16 done
n232-194-226:234432:234458 [4] NCCL INFO ncclPollProxyResponse Received new opId=0x7f3ea2bbc310
n232-194-226:234432:234514 [4] NCCL INFO Received and initiated operation=Init res=0
n232-194-226:234432:234458 [4] NCCL INFO recvOpId=0x7f3ea2bbc310 matches expected opId=0x7f3ea2bbc310
n232-194-226:234432:234458 [4] NCCL INFO Connection to proxy localRank 4 -> connection 0x7f3e98003650
n232-194-226:234428:234515 [0] NCCL INFO Allocated shareable buffer 0x7fcddea00000 size 10485760 ipcDesc 0x7fcdfc00c200
n232-194-226:234428:234515 [0] NCCL INFO proxyProgressAsync opId=0x7fcde6bbc1a0 op.type=3 op.reqBuff=0x7fcdfc00c2d0 op.respSize=80 done
n232-194-226:234428:234457 [0] NCCL INFO ncclPollProxyResponse Received new opId=0x7fcde6bbc1a0
n232-194-226:234428:234457 [0] NCCL INFO recvOpId=0x7fcde6bbc1a0 matches expected opId=0x7fcde6bbc1a0
n232-194-226:234428:234515 [0] NCCL INFO Received and initiated operation=Setup res=0
n232-194-226:234428:234515 [0] NCCL INFO New proxy recv connection 10 from local rank 0, transport 0
n232-194-226:234428:234515 [0] NCCL INFO proxyProgressAsync opId=0x7fcde6bbc1a0 op.type=1 op.reqBuff=0x7fcdfc00c2d0 op.respSize=16 done
n232-194-226:234428:234457 [0] NCCL INFO ncclPollProxyResponse Received new opId=0x7fcde6bbc1a0
n232-194-226:234428:234515 [0] NCCL INFO Received and initiated operation=Init res=0
n232-194-226:234428:234457 [0] NCCL INFO recvOpId=0x7fcde6bbc1a0 matches expected opId=0x7fcde6bbc1a0
n232-194-226:234428:234457 [0] NCCL INFO Connection to proxy localRank 0 -> connection 0x7fcdfc003470
n232-194-226:234429:234513 [1] NCCL INFO transport/p2p.cc:204 Cuda Alloc Size 10485760 pointer 0x7f2d24a00000
n232-194-226:234431:234518 [3] NCCL INFO transport/p2p.cc:204 Cuda Alloc Size 10485760 pointer 0x7f7bbea00000
n232-194-226:234429:234513 [1] NCCL INFO Allocated shareable buffer 0x7f2d24a00000 size 10485760 ipcDesc 0x7f2d2800b880
n232-194-226:234429:234513 [1] NCCL INFO proxyProgressAsync opId=0x7f2d32bbc310 op.type=3 op.reqBuff=0x7f2d2800b810 op.respSize=80 done
n232-194-226:234434:234463 [6] NCCL INFO Imported shareable buffer device 6 size 2097152 ptr 0x7fc788400000
n232-194-226:234429:234459 [1] NCCL INFO ncclPollProxyResponse Received new opId=0x7f2d32bbc310
n232-194-226:234429:234513 [1] NCCL INFO Received and initiated operation=Setup res=0
n232-194-226:234429:234459 [1] NCCL INFO recvOpId=0x7f2d32bbc310 matches expected opId=0x7f2d32bbc310
n232-194-226:234429:234513 [1] NCCL INFO New proxy recv connection 7 from local rank 1, transport 0
n232-194-226:234429:234513 [1] NCCL INFO proxyProgressAsync opId=0x7f2d32bbc310 op.type=1 op.reqBuff=0x7f2d2800b810 op.respSize=16 done
n232-194-226:234429:234459 [1] NCCL INFO ncclPollProxyResponse Received new opId=0x7f2d32bbc310
n232-194-226:234429:234513 [1] NCCL INFO Received and initiated operation=Init res=0
n232-194-226:234429:234459 [1] NCCL INFO recvOpId=0x7f2d32bbc310 matches expected opId=0x7f2d32bbc310
n232-194-226:234429:234459 [1] NCCL INFO Connection to proxy localRank 1 -> connection 0x7f2d28003380
n232-194-226:234431:234518 [3] NCCL INFO Allocated shareable buffer 0x7f7bbea00000 size 10485760 ipcDesc 0x7f7bc0035e60
n232-194-226:234431:234518 [3] NCCL INFO proxyProgressAsync opId=0x7f7bcabbc310 op.type=3 op.reqBuff=0x7f7bc0037790 op.respSize=80 done
n232-194-226:234431:234461 [3] NCCL INFO ncclPollProxyResponse Received new opId=0x7f7bcabbc310
n232-194-226:234431:234461 [3] NCCL INFO recvOpId=0x7f7bcabbc310 matches expected opId=0x7f7bcabbc310
n232-194-226:234431:234518 [3] NCCL INFO Received and initiated operation=Setup res=0
n232-194-226:234431:234518 [3] NCCL INFO New proxy recv connection 19 from local rank 3, transport 0
n232-194-226:234431:234518 [3] NCCL INFO proxyProgressAsync opId=0x7f7bcabbc310 op.type=1 op.reqBuff=0x7f7bc0037790 op.respSize=16 done
n232-194-226:234431:234461 [3] NCCL INFO ncclPollProxyResponse Received new opId=0x7f7bcabbc310
n232-194-226:234431:234461 [3] NCCL INFO recvOpId=0x7f7bcabbc310 matches expected opId=0x7f7bcabbc310
n232-194-226:234431:234518 [3] NCCL INFO Received and initiated operation=Init res=0
n232-194-226:234431:234461 [3] NCCL INFO Connection to proxy localRank 3 -> connection 0x7f7bc0003740
n232-194-226:234430:234519 [2] NCCL INFO transport/p2p.cc:204 Cuda Alloc Size 2097152 pointer 0x7fd43aa00000
n232-194-226:234432:234514 [4] NCCL INFO transport/p2p.cc:204 Cuda Alloc Size 10485760 pointer 0x7f3e8e000000
n232-194-226:234430:234519 [2] NCCL INFO Allocated shareable buffer 0x7fd43aa00000 size 2097152 ipcDesc 0x7fd440036290
n232-194-226:234430:234519 [2] NCCL INFO proxyProgressAsync opId=0x7fd44ebbc3d0 op.type=3 op.reqBuff=0x7fd440038cf0 op.respSize=80 done
n232-194-226:234430:234462 [2] NCCL INFO ncclPollProxyResponse Received new opId=0x7fd44ebbc3d0
n232-194-226:234430:234462 [2] NCCL INFO recvOpId=0x7fd44ebbc3d0 matches expected opId=0x7fd44ebbc3d0
n232-194-226:234430:234519 [2] NCCL INFO Received and initiated operation=Setup res=0
n232-194-226:234430:234462 [2] NCCL INFO Channel 02/0 : 2[2] -> 1[1] via P2P/IPC
n232-194-226:234430:234519 [2] NCCL INFO New proxy send connection 21 from local rank 2, transport 0
n232-194-226:234430:234519 [2] NCCL INFO proxyProgressAsync opId=0x7fd44ebbc3d0 op.type=1 op.reqBuff=0x7fd440038cf0 op.respSize=16 done
n232-194-226:234430:234462 [2] NCCL INFO ncclPollProxyResponse Received new opId=0x7fd44ebbc3d0
n232-194-226:234430:234462 [2] NCCL INFO recvOpId=0x7fd44ebbc3d0 matches expected opId=0x7fd44ebbc3d0
n232-194-226:234430:234462 [2] NCCL INFO Connection to proxy localRank 2 -> connection 0x7fd4400037e0
n232-194-226:234432:234514 [4] NCCL INFO Allocated shareable buffer 0x7f3e8e000000 size 10485760 ipcDesc 0x7f3e98036290
n232-194-226:234430:234519 [2] NCCL INFO Received and initiated operation=Init res=0
n232-194-226:234432:234514 [4] NCCL INFO proxyProgressAsync opId=0x7f3ea2bbc310 op.type=3 op.reqBuff=0x7f3e98036320 op.respSize=80 done
n232-194-226:234432:234458 [4] NCCL INFO ncclPollProxyResponse Received new opId=0x7f3ea2bbc310
n232-194-226:234432:234514 [4] NCCL INFO Received and initiated operation=Setup res=0
n232-194-226:234432:234458 [4] NCCL INFO recvOpId=0x7f3ea2bbc310 matches expected opId=0x7f3ea2bbc310
n232-194-226:234428:234515 [0] NCCL INFO transport/p2p.cc:204 Cuda Alloc Size 10485760 pointer 0x7fcddf400000
n232-194-226:234432:234514 [4] NCCL INFO New proxy recv connection 17 from local rank 4, transport 0
n232-194-226:234432:234514 [4] NCCL INFO proxyProgressAsync opId=0x7f3ea2bbc310 op.type=1 op.reqBuff=0x7f3e98036320 op.respSize=16 done
n232-194-226:234432:234458 [4] NCCL INFO ncclPollProxyResponse Received new opId=0x7f3ea2bbc310
n232-194-226:234432:234514 [4] NCCL INFO Received and initiated operation=Init res=0
n232-194-226:234432:234458 [4] NCCL INFO recvOpId=0x7f3ea2bbc310 matches expected opId=0x7f3ea2bbc310
n232-194-226:234432:234458 [4] NCCL INFO Connection to proxy localRank 4 -> connection 0x7f3e980036a0
n232-194-226:234434:234463 [6] NCCL INFO Imported shareable buffer device 6 size 2097152 ptr 0x7fc788600000
n232-194-226:234428:234515 [0] NCCL INFO Allocated shareable buffer 0x7fcddf400000 size 10485760 ipcDesc 0x7fcdfc00c200
n232-194-226:234428:234515 [0] NCCL INFO proxyProgressAsync opId=0x7fcde6bbc1a0 op.type=3 op.reqBuff=0x7fcdfc00dfa0 op.respSize=80 done
n232-194-226:234428:234457 [0] NCCL INFO ncclPollProxyResponse Received new opId=0x7fcde6bbc1a0
n232-194-226:234428:234515 [0] NCCL INFO Received and initiated operation=Setup res=0
n232-194-226:234428:234457 [0] NCCL INFO recvOpId=0x7fcde6bbc1a0 matches expected opId=0x7fcde6bbc1a0
n232-194-226:234429:234513 [1] NCCL INFO transport/p2p.cc:204 Cuda Alloc Size 10485760 pointer 0x7f2d25400000
n232-194-226:234428:234515 [0] NCCL INFO New proxy recv connection 11 from local rank 0, transport 0
n232-194-226:234428:234515 [0] NCCL INFO proxyProgressAsync opId=0x7fcde6bbc1a0 op.type=1 op.reqBuff=0x7fcdfc00dfa0 op.respSize=16 done
n232-194-226:234428:234457 [0] NCCL INFO ncclPollProxyResponse Received new opId=0x7fcde6bbc1a0
n232-194-226:234428:234457 [0] NCCL INFO recvOpId=0x7fcde6bbc1a0 matches expected opId=0x7fcde6bbc1a0
n232-194-226:234428:234515 [0] NCCL INFO Received and initiated operation=Init res=0
n232-194-226:234428:234457 [0] NCCL INFO Connection to proxy localRank 0 -> connection 0x7fcdfc0034c0
n232-194-226:234431:234518 [3] NCCL INFO transport/p2p.cc:204 Cuda Alloc Size 10485760 pointer 0x7f7bbf400000
n232-194-226:234429:234513 [1] NCCL INFO Allocated shareable buffer 0x7f2d25400000 size 10485760 ipcDesc 0x7f2d2800c600
n232-194-226:234429:234513 [1] NCCL INFO proxyProgressAsync opId=0x7f2d32bbc310 op.type=3 op.reqBuff=0x7f2d2800c5d0 op.respSize=80 done
n232-194-226:234429:234459 [1] NCCL INFO ncclPollProxyResponse Received new opId=0x7f2d32bbc310
n232-194-226:234429:234459 [1] NCCL INFO recvOpId=0x7f2d32bbc310 matches expected opId=0x7f2d32bbc310
n232-194-226:234429:234513 [1] NCCL INFO Received and initiated operation=Setup res=0
n232-194-226:234431:234518 [3] NCCL INFO Allocated shareable buffer 0x7f7bbf400000 size 10485760 ipcDesc 0x7f7bc0035e60
n232-194-226:234431:234518 [3] NCCL INFO proxyProgressAsync opId=0x7f7bcabbc310 op.type=3 op.reqBuff=0x7f7bc00377d0 op.respSize=80 done
n232-194-226:234429:234513 [1] NCCL INFO New proxy recv connection 8 from local rank 1, transport 0
n232-194-226:234431:234461 [3] NCCL INFO ncclPollProxyResponse Received new opId=0x7f7bcabbc310
n232-194-226:234429:234513 [1] NCCL INFO proxyProgressAsync opId=0x7f2d32bbc310 op.type=1 op.reqBuff=0x7f2d2800c5d0 op.respSize=16 done
n232-194-226:234431:234518 [3] NCCL INFO Received and initiated operation=Setup res=0
n232-194-226:234429:234459 [1] NCCL INFO ncclPollProxyResponse Received new opId=0x7f2d32bbc310
n232-194-226:234431:234461 [3] NCCL INFO recvOpId=0x7f7bcabbc310 matches expected opId=0x7f7bcabbc310
n232-194-226:234429:234513 [1] NCCL INFO Received and initiated operation=Init res=0
n232-194-226:234429:234459 [1] NCCL INFO recvOpId=0x7f2d32bbc310 matches expected opId=0x7f2d32bbc310
n232-194-226:234429:234459 [1] NCCL INFO Connection to proxy localRank 1 -> connection 0x7f2d280033d0
n232-194-226:234431:234518 [3] NCCL INFO New proxy recv connection 20 from local rank 3, transport 0
n232-194-226:234431:234518 [3] NCCL INFO proxyProgressAsync opId=0x7f7bcabbc310 op.type=1 op.reqBuff=0x7f7bc00377d0 op.respSize=16 done
n232-194-226:234431:234461 [3] NCCL INFO ncclPollProxyResponse Received new opId=0x7f7bcabbc310
n232-194-226:234431:234518 [3] NCCL INFO Received and initiated operation=Init res=0
n232-194-226:234431:234461 [3] NCCL INFO recvOpId=0x7f7bcabbc310 matches expected opId=0x7f7bcabbc310
n232-194-226:234431:234461 [3] NCCL INFO Connection to proxy localRank 3 -> connection 0x7f7bc0003790
n232-194-226:234434:234463 [6] NCCL INFO Imported shareable buffer device 6 size 2097152 ptr 0x7fc788800000
n232-194-226:234430:234519 [2] NCCL INFO transport/p2p.cc:204 Cuda Alloc Size 2097152 pointer 0x7fd43ac00000
n232-194-226:234432:234514 [4] NCCL INFO transport/p2p.cc:204 Cuda Alloc Size 10485760 pointer 0x7f3e8ea00000
n232-194-226:234430:234519 [2] NCCL INFO Allocated shareable buffer 0x7fd43ac00000 size 2097152 ipcDesc 0x7fd440036290
n232-194-226:234430:234519 [2] NCCL INFO proxyProgressAsync opId=0x7fd44ebbc3d0 op.type=3 op.reqBuff=0x7fd44003a960 op.respSize=80 done
n232-194-226:234432:234514 [4] NCCL INFO Allocated shareable buffer 0x7f3e8ea00000 size 10485760 ipcDesc 0x7f3e98036290
n232-194-226:234432:234514 [4] NCCL INFO proxyProgressAsync opId=0x7f3ea2bbc310 op.type=3 op.reqBuff=0x7f3e980363b0 op.respSize=80 done
n232-194-226:234430:234462 [2] NCCL INFO ncclPollProxyResponse Received new opId=0x7fd44ebbc3d0
n232-194-226:234432:234458 [4] NCCL INFO ncclPollProxyResponse Received new opId=0x7f3ea2bbc310
n232-194-226:234430:234462 [2] NCCL INFO recvOpId=0x7fd44ebbc3d0 matches expected opId=0x7fd44ebbc3d0
n232-194-226:234430:234519 [2] NCCL INFO Received and initiated operation=Setup res=0
n232-194-226:234432:234514 [4] NCCL INFO Received and initiated operation=Setup res=0
n232-194-226:234432:234458 [4] NCCL INFO recvOpId=0x7f3ea2bbc310 matches expected opId=0x7f3ea2bbc310
n232-194-226:234430:234462 [2] NCCL INFO Channel 04/0 : 2[2] -> 1[1] via P2P/IPC
n232-194-226:234430:234519 [2] NCCL INFO New proxy send connection 22 from local rank 2, transport 0
n232-194-226:234430:234519 [2] NCCL INFO proxyProgressAsync opId=0x7fd44ebbc3d0 op.type=1 op.reqBuff=0x7fd44003a960 op.respSize=16 done
n232-194-226:234432:234514 [4] NCCL INFO New proxy recv connection 18 from local rank 4, transport 0
n232-194-226:234432:234514 [4] NCCL INFO proxyProgressAsync opId=0x7f3ea2bbc310 op.type=1 op.reqBuff=0x7f3e980363b0 op.respSize=16 done
n232-194-226:234430:234462 [2] NCCL INFO ncclPollProxyResponse Received new opId=0x7fd44ebbc3d0
n232-194-226:234432:234458 [4] NCCL INFO ncclPollProxyResponse Received new opId=0x7f3ea2bbc310
n232-194-226:234430:234462 [2] NCCL INFO recvOpId=0x7fd44ebbc3d0 matches expected opId=0x7fd44ebbc3d0
n232-194-226:234430:234519 [2] NCCL INFO Received and initiated operation=Init res=0
n232-194-226:234432:234514 [4] NCCL INFO Received and initiated operation=Init res=0
n232-194-226:234432:234458 [4] NCCL INFO recvOpId=0x7f3ea2bbc310 matches expected opId=0x7f3ea2bbc310
n232-194-226:234432:234458 [4] NCCL INFO Connection to proxy localRank 4 -> connection 0x7f3e980036f0
n232-194-226:234430:234462 [2] NCCL INFO Connection to proxy localRank 2 -> connection 0x7fd440003830
n232-194-226:234428:234515 [0] NCCL INFO transport/p2p.cc:204 Cuda Alloc Size 10485760 pointer 0x7fcddc000000
n232-194-226:234434:234463 [6] NCCL INFO Imported shareable buffer device 6 size 2097152 ptr 0x7fc788a00000
n232-194-226:234428:234515 [0] NCCL INFO Allocated shareable buffer 0x7fcddc000000 size 10485760 ipcDesc 0x7fcdfc00c200
n232-194-226:234429:234513 [1] NCCL INFO transport/p2p.cc:204 Cuda Alloc Size 10485760 pointer 0x7f2d22000000
n232-194-226:234428:234515 [0] NCCL INFO proxyProgressAsync opId=0x7fcde6bbc1a0 op.type=3 op.reqBuff=0x7fcdfc00dfe0 op.respSize=80 done
n232-194-226:234428:234457 [0] NCCL INFO ncclPollProxyResponse Received new opId=0x7fcde6bbc1a0
n232-194-226:234428:234515 [0] NCCL INFO Received and initiated operation=Setup res=0
n232-194-226:234428:234457 [0] NCCL INFO recvOpId=0x7fcde6bbc1a0 matches expected opId=0x7fcde6bbc1a0
n232-194-226:234428:234515 [0] NCCL INFO New proxy recv connection 12 from local rank 0, transport 0
n232-194-226:234428:234515 [0] NCCL INFO proxyProgressAsync opId=0x7fcde6bbc1a0 op.type=1 op.reqBuff=0x7fcdfc00dfe0 op.respSize=16 done
n232-194-226:234428:234457 [0] NCCL INFO ncclPollProxyResponse Received new opId=0x7fcde6bbc1a0
n232-194-226:234428:234457 [0] NCCL INFO recvOpId=0x7fcde6bbc1a0 matches expected opId=0x7fcde6bbc1a0
n232-194-226:234428:234457 [0] NCCL INFO Connection to proxy localRank 0 -> connection 0x7fcdfc003510
n232-194-226:234428:234515 [0] NCCL INFO Received and initiated operation=Init res=0
n232-194-226:234431:234518 [3] NCCL INFO transport/p2p.cc:204 Cuda Alloc Size 10485760 pointer 0x7f7bb6000000
n232-194-226:234429:234513 [1] NCCL INFO Allocated shareable buffer 0x7f2d22000000 size 10485760 ipcDesc 0x7f2d2800c600
n232-194-226:234429:234513 [1] NCCL INFO proxyProgressAsync opId=0x7f2d32bbc310 op.type=3 op.reqBuff=0x7f2d2800c690 op.respSize=80 done
n232-194-226:234429:234459 [1] NCCL INFO ncclPollProxyResponse Received new opId=0x7f2d32bbc310
n232-194-226:234429:234513 [1] NCCL INFO Received and initiated operation=Setup res=0
n232-194-226:234429:234459 [1] NCCL INFO recvOpId=0x7f2d32bbc310 matches expected opId=0x7f2d32bbc310
n232-194-226:234429:234513 [1] NCCL INFO New proxy recv connection 9 from local rank 1, transport 0
n232-194-226:234429:234513 [1] NCCL INFO proxyProgressAsync opId=0x7f2d32bbc310 op.type=1 op.reqBuff=0x7f2d2800c690 op.respSize=16 done
n232-194-226:234429:234459 [1] NCCL INFO ncclPollProxyResponse Received new opId=0x7f2d32bbc310
n232-194-226:234429:234513 [1] NCCL INFO Received and initiated operation=Init res=0
n232-194-226:234429:234459 [1] NCCL INFO recvOpId=0x7f2d32bbc310 matches expected opId=0x7f2d32bbc310
n232-194-226:234429:234459 [1] NCCL INFO Connection to proxy localRank 1 -> connection 0x7f2d28003420
n232-194-226:234431:234518 [3] NCCL INFO Allocated shareable buffer 0x7f7bb6000000 size 10485760 ipcDesc 0x7f7bc0035e60
n232-194-226:234431:234518 [3] NCCL INFO proxyProgressAsync opId=0x7f7bcabbc310 op.type=3 op.reqBuff=0x7f7bc00394e0 op.respSize=80 done
n232-194-226:234431:234461 [3] NCCL INFO ncclPollProxyResponse Received new opId=0x7f7bcabbc310
n232-194-226:234431:234518 [3] NCCL INFO Received and initiated operation=Setup res=0
n232-194-226:234431:234461 [3] NCCL INFO recvOpId=0x7f7bcabbc310 matches expected opId=0x7f7bcabbc310
n232-194-226:234431:234518 [3] NCCL INFO New proxy recv connection 21 from local rank 3, transport 0
n232-194-226:234431:234518 [3] NCCL INFO proxyProgressAsync opId=0x7f7bcabbc310 op.type=1 op.reqBuff=0x7f7bc00394e0 op.respSize=16 done
n232-194-226:234431:234461 [3] NCCL INFO ncclPollProxyResponse Received new opId=0x7f7bcabbc310
n232-194-226:234431:234518 [3] NCCL INFO Received and initiated operation=Init res=0
n232-194-226:234431:234461 [3] NCCL INFO recvOpId=0x7f7bcabbc310 matches expected opId=0x7f7bcabbc310
n232-194-226:234431:234461 [3] NCCL INFO Connection to proxy localRank 3 -> connection 0x7f7bc00037e0
n232-194-226:234434:234463 [6] NCCL INFO Imported shareable buffer device 6 size 2097152 ptr 0x7fc788c00000
n232-194-226:234432:234514 [4] NCCL INFO transport/p2p.cc:204 Cuda Alloc Size 10485760 pointer 0x7f3e8f400000
n232-194-226:234430:234519 [2] NCCL INFO transport/p2p.cc:204 Cuda Alloc Size 2097152 pointer 0x7fd43ae00000
n232-194-226:234432:234514 [4] NCCL INFO Allocated shareable buffer 0x7f3e8f400000 size 10485760 ipcDesc 0x7f3e98036290
n232-194-226:234430:234519 [2] NCCL INFO Allocated shareable buffer 0x7fd43ae00000 size 2097152 ipcDesc 0x7fd440036290
n232-194-226:234432:234514 [4] NCCL INFO proxyProgressAsync opId=0x7f3ea2bbc310 op.type=3 op.reqBuff=0x7f3e980380d0 op.respSize=80 done
n232-194-226:234430:234519 [2] NCCL INFO proxyProgressAsync opId=0x7fd44ebbc3d0 op.type=3 op.reqBuff=0x7fd44003a9a0 op.respSize=80 done
n232-194-226:234432:234458 [4] NCCL INFO ncclPollProxyResponse Received new opId=0x7f3ea2bbc310
n232-194-226:234430:234462 [2] NCCL INFO ncclPollProxyResponse Received new opId=0x7fd44ebbc3d0
n232-194-226:234432:234514 [4] NCCL INFO Received and initiated operation=Setup res=0
n232-194-226:234430:234519 [2] NCCL INFO Received and initiated operation=Setup res=0
n232-194-226:234432:234458 [4] NCCL INFO recvOpId=0x7f3ea2bbc310 matches expected opId=0x7f3ea2bbc310
n232-194-226:234430:234462 [2] NCCL INFO recvOpId=0x7fd44ebbc3d0 matches expected opId=0x7fd44ebbc3d0
n232-194-226:234430:234462 [2] NCCL INFO Channel 05/0 : 2[2] -> 1[1] via P2P/IPC
n232-194-226:234432:234514 [4] NCCL INFO New proxy recv connection 19 from local rank 4, transport 0
n232-194-226:234432:234514 [4] NCCL INFO proxyProgressAsync opId=0x7f3ea2bbc310 op.type=1 op.reqBuff=0x7f3e980380d0 op.respSize=16 done
n232-194-226:234430:234519 [2] NCCL INFO New proxy send connection 23 from local rank 2, transport 0
n232-194-226:234430:234519 [2] NCCL INFO proxyProgressAsync opId=0x7fd44ebbc3d0 op.type=1 op.reqBuff=0x7fd44003a9a0 op.respSize=16 done
n232-194-226:234432:234458 [4] NCCL INFO ncclPollProxyResponse Received new opId=0x7f3ea2bbc310
n232-194-226:234430:234462 [2] NCCL INFO ncclPollProxyResponse Received new opId=0x7fd44ebbc3d0
n232-194-226:234432:234514 [4] NCCL INFO Received and initiated operation=Init res=0
n232-194-226:234432:234458 [4] NCCL INFO recvOpId=0x7f3ea2bbc310 matches expected opId=0x7f3ea2bbc310
n232-194-226:234432:234458 [4] NCCL INFO Connection to proxy localRank 4 -> connection 0x7f3e98003740
n232-194-226:234430:234519 [2] NCCL INFO Received and initiated operation=Init res=0
n232-194-226:234430:234462 [2] NCCL INFO recvOpId=0x7fd44ebbc3d0 matches expected opId=0x7fd44ebbc3d0
n232-194-226:234430:234462 [2] NCCL INFO Connection to proxy localRank 2 -> connection 0x7fd440003880
n232-194-226:234428:234515 [0] NCCL INFO transport/p2p.cc:204 Cuda Alloc Size 10485760 pointer 0x7fcddca00000
n232-194-226:234429:234513 [1] NCCL INFO transport/p2p.cc:204 Cuda Alloc Size 10485760 pointer 0x7f2d22a00000
n232-194-226:234428:234515 [0] NCCL INFO Allocated shareable buffer 0x7fcddca00000 size 10485760 ipcDesc 0x7fcdfc00c200
n232-194-226:234428:234515 [0] NCCL INFO proxyProgressAsync opId=0x7fcde6bbc1a0 op.type=3 op.reqBuff=0x7fcdfc00f8a0 op.respSize=80 done
n232-194-226:234428:234457 [0] NCCL INFO ncclPollProxyResponse Received new opId=0x7fcde6bbc1a0
n232-194-226:234428:234457 [0] NCCL INFO recvOpId=0x7fcde6bbc1a0 matches expected opId=0x7fcde6bbc1a0
n232-194-226:234428:234515 [0] NCCL INFO Received and initiated operation=Setup res=0
n232-194-226:234431:234518 [3] NCCL INFO transport/p2p.cc:204 Cuda Alloc Size 10485760 pointer 0x7f7bb6a00000
n232-194-226:234428:234515 [0] NCCL INFO New proxy recv connection 13 from local rank 0, transport 0
n232-194-226:234428:234515 [0] NCCL INFO proxyProgressAsync opId=0x7fcde6bbc1a0 op.type=1 op.reqBuff=0x7fcdfc00f8a0 op.respSize=16 done
n232-194-226:234428:234457 [0] NCCL INFO ncclPollProxyResponse Received new opId=0x7fcde6bbc1a0
n232-194-226:234428:234515 [0] NCCL INFO Received and initiated operation=Init res=0
n232-194-226:234428:234457 [0] NCCL INFO recvOpId=0x7fcde6bbc1a0 matches expected opId=0x7fcde6bbc1a0
n232-194-226:234428:234457 [0] NCCL INFO Connection to proxy localRank 0 -> connection 0x7fcdfc003560
n232-194-226:234434:234463 [6] NCCL INFO Imported shareable buffer device 6 size 10485760 ptr 0x7fc788e00000
n232-194-226:234429:234513 [1] NCCL INFO Allocated shareable buffer 0x7f2d22a00000 size 10485760 ipcDesc 0x7f2d2800c600
n232-194-226:234429:234513 [1] NCCL INFO proxyProgressAsync opId=0x7f2d32bbc310 op.type=3 op.reqBuff=0x7f2d2800c6d0 op.respSize=80 done
n232-194-226:234431:234518 [3] NCCL INFO Allocated shareable buffer 0x7f7bb6a00000 size 10485760 ipcDesc 0x7f7bc0035e60
n232-194-226:234431:234518 [3] NCCL INFO proxyProgressAsync opId=0x7f7bcabbc310 op.type=3 op.reqBuff=0x7f7bc0039520 op.respSize=80 done
n232-194-226:234431:234461 [3] NCCL INFO ncclPollProxyResponse Received new opId=0x7f7bcabbc310
n232-194-226:234429:234513 [1] NCCL INFO Received and initiated operation=Setup res=0
n232-194-226:234431:234461 [3] NCCL INFO recvOpId=0x7f7bcabbc310 matches expected opId=0x7f7bcabbc310
n232-194-226:234431:234518 [3] NCCL INFO Received and initiated operation=Setup res=0
n232-194-226:234431:234518 [3] NCCL INFO New proxy recv connection 22 from local rank 3, transport 0
n232-194-226:234431:234518 [3] NCCL INFO proxyProgressAsync opId=0x7f7bcabbc310 op.type=1 op.reqBuff=0x7f7bc0039520 op.respSize=16 done
n232-194-226:234431:234461 [3] NCCL INFO ncclPollProxyResponse Received new opId=0x7f7bcabbc310
n232-194-226:234431:234461 [3] NCCL INFO recvOpId=0x7f7bcabbc310 matches expected opId=0x7f7bcabbc310
n232-194-226:234431:234518 [3] NCCL INFO Received and initiated operation=Init res=0
