n232-194-226:234135:234195 [3] NCCL INFO Allocated 4194660 bytes of shared memory in /dev/shm/nccl-0OowZr
n232-194-226:234136:234194 [4] NCCL INFO transport/p2p.cc:204 Cuda Alloc Size 10485760 pointer 0x7fb687400000
n232-194-226:234136:234194 [4] NCCL INFO Allocated shareable buffer 0x7fb687400000 size 10485760 ipcDesc 0x7fb680009710
n232-194-226:234136:234194 [4] NCCL INFO proxyProgressAsync opId=0x7fb68ebbc6c0 op.type=3 op.reqBuff=0x7fb6800096a0 op.respSize=80 done
n232-194-226:234136:234155 [4] NCCL INFO ncclPollProxyResponse Received new opId=0x7fb68ebbc6c0
n232-194-226:234136:234155 [4] NCCL INFO recvOpId=0x7fb68ebbc6c0 matches expected opId=0x7fb68ebbc6c0
n232-194-226:234136:234194 [4] NCCL INFO Received and initiated operation=Setup res=0
n232-194-226:234136:234194 [4] NCCL INFO New proxy recv connection 5 from local rank 4, transport 0
n232-194-226:234136:234194 [4] NCCL INFO proxyProgressAsync opId=0x7fb68ebbc6c0 op.type=1 op.reqBuff=0x7fb6800096a0 op.respSize=16 done
n232-194-226:234136:234155 [4] NCCL INFO ncclPollProxyResponse Received new opId=0x7fb68ebbc6c0
n232-194-226:234136:234155 [4] NCCL INFO recvOpId=0x7fb68ebbc6c0 matches expected opId=0x7fb68ebbc6c0
n232-194-226:234136:234194 [4] NCCL INFO Received and initiated operation=Init res=0
n232-194-226:234136:234155 [4] NCCL INFO Connection to proxy localRank 4 -> connection 0x7fb6800032e0
n232-194-226:234136:234194 [4] NCCL INFO transport/p2p.cc:204 Cuda Alloc Size 10485760 pointer 0x7fb67e000000
n232-194-226:234136:234194 [4] NCCL INFO Allocated shareable buffer 0x7fb67e000000 size 10485760 ipcDesc 0x7fb68000a4e0
n232-194-226:234136:234194 [4] NCCL INFO proxyProgressAsync opId=0x7fb68ebbc6c0 op.type=3 op.reqBuff=0x7fb68000a470 op.respSize=80 done
n232-194-226:234136:234155 [4] NCCL INFO ncclPollProxyResponse Received new opId=0x7fb68ebbc6c0
n232-194-226:234136:234155 [4] NCCL INFO recvOpId=0x7fb68ebbc6c0 matches expected opId=0x7fb68ebbc6c0
n232-194-226:234136:234194 [4] NCCL INFO Received and initiated operation=Setup res=0
n232-194-226:234136:234194 [4] NCCL INFO New proxy recv connection 6 from local rank 4, transport 0
n232-194-226:234136:234194 [4] NCCL INFO proxyProgressAsync opId=0x7fb68ebbc6c0 op.type=1 op.reqBuff=0x7fb68000a470 op.respSize=16 done
n232-194-226:234136:234155 [4] NCCL INFO ncclPollProxyResponse Received new opId=0x7fb68ebbc6c0
n232-194-226:234136:234155 [4] NCCL INFO recvOpId=0x7fb68ebbc6c0 matches expected opId=0x7fb68ebbc6c0
n232-194-226:234136:234194 [4] NCCL INFO Received and initiated operation=Init res=0
n232-194-226:234136:234155 [4] NCCL INFO Connection to proxy localRank 4 -> connection 0x7fb680003330
n232-194-226:234134:234197 [2] NCCL INFO New proxy send connection 0 from local rank 0, transport 2
n232-194-226:234134:234197 [2] NCCL INFO proxyProgressAsync opId=0x7f8aeabbc6c0 op.type=1 op.reqBuff=0x7fc638002ed0 op.respSize=16 done
n232-194-226:234136:234194 [4] NCCL INFO transport/p2p.cc:204 Cuda Alloc Size 10485760 pointer 0x7fb67ea00000
n232-194-226:234132:234153 [0] NCCL INFO ncclPollProxyResponse Received new opId=0x7f8aeabbc6c0
n232-194-226:234136:234194 [4] NCCL INFO Allocated shareable buffer 0x7fb67ea00000 size 10485760 ipcDesc 0x7fb68000b700
n232-194-226:234136:234194 [4] NCCL INFO proxyProgressAsync opId=0x7fb68ebbc6c0 op.type=3 op.reqBuff=0x7fb68000b690 op.respSize=80 done
n232-194-226:234136:234155 [4] NCCL INFO ncclPollProxyResponse Received new opId=0x7fb68ebbc6c0
n232-194-226:234132:234153 [0] NCCL INFO recvOpId=0x7f8aeabbc6c0 matches expected opId=0x7f8aeabbc6c0
n232-194-226:234136:234155 [4] NCCL INFO recvOpId=0x7fb68ebbc6c0 matches expected opId=0x7fb68ebbc6c0
n232-194-226:234136:234194 [4] NCCL INFO Received and initiated operation=Setup res=0
n232-194-226:234134:234197 [2] NCCL INFO Received and initiated operation=Init res=0
n232-194-226:234134:234197 [2] NCCL INFO New proxy send connection 1 from local rank 2, transport 0
n232-194-226:234134:234197 [2] NCCL INFO proxyProgressAsync opId=0x7fc642bbc880 op.type=1 op.reqBuff=0x7fc638005c70 op.respSize=16 done
n232-194-226:234132:234153 [0] NCCL INFO Connection to proxy localRank 2 -> connection 0x7fc638003150
n232-194-226:234136:234194 [4] NCCL INFO New proxy recv connection 7 from local rank 4, transport 0
n232-194-226:234136:234194 [4] NCCL INFO proxyProgressAsync opId=0x7fb68ebbc6c0 op.type=1 op.reqBuff=0x7fb68000b690 op.respSize=16 done
n232-194-226:234136:234155 [4] NCCL INFO ncclPollProxyResponse Received new opId=0x7fb68ebbc6c0
n232-194-226:234134:234156 [2] NCCL INFO ncclPollProxyResponse Received new opId=0x7fc642bbc880
n232-194-226:234136:234155 [4] NCCL INFO recvOpId=0x7fb68ebbc6c0 matches expected opId=0x7fb68ebbc6c0
n232-194-226:234136:234194 [4] NCCL INFO Received and initiated operation=Init res=0
n232-194-226:234134:234197 [2] NCCL INFO Received and initiated operation=Init res=0
n232-194-226:234136:234155 [4] NCCL INFO Connection to proxy localRank 4 -> connection 0x7fb680003380
n232-194-226:234134:234156 [2] NCCL INFO recvOpId=0x7fc642bbc880 matches expected opId=0x7fc642bbc880
n232-194-226:234134:234156 [2] NCCL INFO Connection to proxy localRank 2 -> connection 0x7fc6380031a0
n232-194-226:234134:234197 [2] NCCL INFO proxyProgressAsync opId=0x7f8aeabbc6c0 op.type=3 op.reqBuff=0x7fc638005cf0 op.respSize=0 done
n232-194-226:234132:234153 [0] NCCL INFO ncclPollProxyResponse Received new opId=0x7f8aeabbc6c0
n232-194-226:234134:234197 [2] NCCL INFO Received and initiated operation=Setup res=0
n232-194-226:234132:234153 [0] NCCL INFO recvOpId=0x7f8aeabbc6c0 matches expected opId=0x7f8aeabbc6c0
n232-194-226:234132:234153 [0] NCCL INFO Channel 00/0 : 0[0] -> 7[2] [send] via NET/IB/1(2)/GDRDMA
n232-194-226:234132:234153 [0] NCCL INFO GPU Direct RDMA Enabled for GPU f000 / HCA 1 (distance 3 <= 4), read 1
n232-194-226:234136:234194 [4] NCCL INFO transport/p2p.cc:204 Cuda Alloc Size 10485760 pointer 0x7fb67f400000
n232-194-226:234136:234194 [4] NCCL INFO Allocated shareable buffer 0x7fb67f400000 size 10485760 ipcDesc 0x7fb68000c440
n232-194-226:234136:234194 [4] NCCL INFO proxyProgressAsync opId=0x7fb68ebbc6c0 op.type=3 op.reqBuff=0x7fb68000c410 op.respSize=80 done
n232-194-226:234136:234155 [4] NCCL INFO ncclPollProxyResponse Received new opId=0x7fb68ebbc6c0
n232-194-226:234136:234194 [4] NCCL INFO Received and initiated operation=Setup res=0
n232-194-226:234136:234155 [4] NCCL INFO recvOpId=0x7fb68ebbc6c0 matches expected opId=0x7fb68ebbc6c0
n232-194-226:234134:234197 [2] NCCL INFO transport/p2p.cc:204 Cuda Alloc Size 2097152 pointer 0x7fc63e600000
n232-194-226:234134:234197 [2] NCCL INFO Allocated shareable buffer 0x7fc63e600000 size 2097152 ipcDesc 0x7fc63800b070
n232-194-226:234134:234197 [2] NCCL INFO proxyProgressAsync opId=0x7fc642bbc880 op.type=3 op.reqBuff=0x7fc63800b040 op.respSize=80 done
n232-194-226:234134:234156 [2] NCCL INFO ncclPollProxyResponse Received new opId=0x7fc642bbc880
n232-194-226:234134:234156 [2] NCCL INFO recvOpId=0x7fc642bbc880 matches expected opId=0x7fc642bbc880
n232-194-226:234134:234197 [2] NCCL INFO Received and initiated operation=Setup res=0
n232-194-226:234134:234156 [2] NCCL INFO Channel 03/0 : 2[2] -> 4[4] via P2P/IPC
n232-194-226:234134:234197 [2] NCCL INFO New proxy send connection 2 from local rank 0, transport 2
n232-194-226:234134:234197 [2] NCCL INFO proxyProgressAsync opId=0x7f8aeabbc6c0 op.type=1 op.reqBuff=0x7fc63800bf80 op.respSize=16 done
n232-194-226:234132:234153 [0] NCCL INFO ncclPollProxyResponse Received new opId=0x7f8aeabbc6c0
n232-194-226:234132:234153 [0] NCCL INFO recvOpId=0x7f8aeabbc6c0 matches expected opId=0x7f8aeabbc6c0
n232-194-226:234134:234197 [2] NCCL INFO Received and initiated operation=Init res=0
n232-194-226:234132:234153 [0] NCCL INFO Connection to proxy localRank 2 -> connection 0x7fc6380031f0
n232-194-226:234134:234197 [2] NCCL INFO New proxy send connection 3 from local rank 2, transport 0
n232-194-226:234134:234197 [2] NCCL INFO proxyProgressAsync opId=0x7fc642bbc880 op.type=1 op.reqBuff=0x7fc63800c000 op.respSize=16 done
n232-194-226:234134:234156 [2] NCCL INFO ncclPollProxyResponse Received new opId=0x7fc642bbc880
n232-194-226:234134:234156 [2] NCCL INFO recvOpId=0x7fc642bbc880 matches expected opId=0x7fc642bbc880
n232-194-226:234134:234156 [2] NCCL INFO Connection to proxy localRank 2 -> connection 0x7fc638003240
n232-194-226:234134:234197 [2] NCCL INFO Received and initiated operation=Init res=0
n232-194-226:234134:234197 [2] NCCL INFO proxyProgressAsync opId=0x7f8aeabbc6c0 op.type=3 op.reqBuff=0x7fc63800c080 op.respSize=0 done
n232-194-226:234132:234153 [0] NCCL INFO ncclPollProxyResponse Received new opId=0x7f8aeabbc6c0
n232-194-226:234134:234197 [2] NCCL INFO Received and initiated operation=Setup res=0
n232-194-226:234132:234153 [0] NCCL INFO recvOpId=0x7f8aeabbc6c0 matches expected opId=0x7f8aeabbc6c0
n232-194-226:234132:234153 [0] NCCL INFO Channel 03/0 : 0[0] -> 7[2] [send] via NET/IB/1(2)/GDRDMA
n232-194-226:234132:234153 [0] NCCL INFO GPU Direct RDMA Enabled for GPU f000 / HCA 1 (distance 3 <= 4), read 1
n232-194-226:234134:234197 [2] NCCL INFO transport/p2p.cc:204 Cuda Alloc Size 2097152 pointer 0x7fc63e800000
n232-194-226:234134:234197 [2] NCCL INFO Allocated shareable buffer 0x7fc63e800000 size 2097152 ipcDesc 0x7fc6380113c0
n232-194-226:234134:234197 [2] NCCL INFO proxyProgressAsync opId=0x7fc642bbc880 op.type=3 op.reqBuff=0x7fc638011390 op.respSize=80 done
n232-194-226:234134:234156 [2] NCCL INFO ncclPollProxyResponse Received new opId=0x7fc642bbc880
n232-194-226:234134:234197 [2] NCCL INFO Received and initiated operation=Setup res=0
n232-194-226:234134:234156 [2] NCCL INFO recvOpId=0x7fc642bbc880 matches expected opId=0x7fc642bbc880
n232-194-226:234134:234197 [2] NCCL INFO New proxy send connection 4 from local rank 0, transport 2
n232-194-226:234134:234197 [2] NCCL INFO proxyProgressAsync opId=0x7f8aeabbc6c0 op.type=1 op.reqBuff=0x7fc638011390 op.respSize=16 done
n232-194-226:234134:234156 [2] NCCL INFO Channel 06/0 : 2[2] -> 4[4] via P2P/IPC
n232-194-226:234132:234153 [0] NCCL INFO ncclPollProxyResponse Received new opId=0x7f8aeabbc6c0
n232-194-226:234132:234153 [0] NCCL INFO recvOpId=0x7f8aeabbc6c0 matches expected opId=0x7f8aeabbc6c0
n232-194-226:234132:234153 [0] NCCL INFO Connection to proxy localRank 2 -> connection 0x7fc638003290
n232-194-226:234134:234197 [2] NCCL INFO Received and initiated operation=Init res=0
n232-194-226:234134:234197 [2] NCCL INFO New proxy send connection 5 from local rank 2, transport 0
n232-194-226:234134:234197 [2] NCCL INFO proxyProgressAsync opId=0x7fc642bbc880 op.type=1 op.reqBuff=0x7fc638012140 op.respSize=16 done
n232-194-226:234134:234156 [2] NCCL INFO ncclPollProxyResponse Received new opId=0x7fc642bbc880
n232-194-226:234134:234197 [2] NCCL INFO Received and initiated operation=Init res=0
n232-194-226:234134:234156 [2] NCCL INFO recvOpId=0x7fc642bbc880 matches expected opId=0x7fc642bbc880
n232-194-226:234134:234156 [2] NCCL INFO Connection to proxy localRank 2 -> connection 0x7fc6380032e0
n232-194-226:234134:234197 [2] NCCL INFO proxyProgressAsync opId=0x7f8aeabbc6c0 op.type=3 op.reqBuff=0x7fc6380121a0 op.respSize=0 done
n232-194-226:234132:234153 [0] NCCL INFO ncclPollProxyResponse Received new opId=0x7f8aeabbc6c0
n232-194-226:234134:234197 [2] NCCL INFO Received and initiated operation=Setup res=0
n232-194-226:234132:234153 [0] NCCL INFO recvOpId=0x7f8aeabbc6c0 matches expected opId=0x7f8aeabbc6c0
n232-194-226:234132:234153 [0] NCCL INFO Channel 06/0 : 0[0] -> 7[2] [send] via NET/IB/1(2)/GDRDMA
n232-194-226:234132:234153 [0] NCCL INFO GPU Direct RDMA Enabled for GPU f000 / HCA 1 (distance 3 <= 4), read 1
n232-194-226:234134:234197 [2] NCCL INFO transport/p2p.cc:204 Cuda Alloc Size 2097152 pointer 0x7fc63ea00000
n232-194-226:234134:234197 [2] NCCL INFO Allocated shareable buffer 0x7fc63ea00000 size 2097152 ipcDesc 0x7fc6380174c0
n232-194-226:234134:234197 [2] NCCL INFO proxyProgressAsync opId=0x7fc642bbc880 op.type=3 op.reqBuff=0x7fc638011390 op.respSize=80 done
n232-194-226:234134:234156 [2] NCCL INFO ncclPollProxyResponse Received new opId=0x7fc642bbc880
n232-194-226:234134:234197 [2] NCCL INFO Received and initiated operation=Setup res=0
n232-194-226:234134:234156 [2] NCCL INFO recvOpId=0x7fc642bbc880 matches expected opId=0x7fc642bbc880
n232-194-226:234134:234197 [2] NCCL INFO New proxy send connection 6 from local rank 0, transport 2
n232-194-226:234134:234197 [2] NCCL INFO proxyProgressAsync opId=0x7f8aeabbc6c0 op.type=1 op.reqBuff=0x7fc638011390 op.respSize=16 done
n232-194-226:234134:234156 [2] NCCL INFO Channel 09/0 : 2[2] -> 4[4] via P2P/IPC
n232-194-226:234132:234153 [0] NCCL INFO ncclPollProxyResponse Received new opId=0x7f8aeabbc6c0
n232-194-226:234132:234153 [0] NCCL INFO recvOpId=0x7f8aeabbc6c0 matches expected opId=0x7f8aeabbc6c0
n232-194-226:234132:234153 [0] NCCL INFO Connection to proxy localRank 2 -> connection 0x7fc638003330
n232-194-226:234134:234197 [2] NCCL INFO Received and initiated operation=Init res=0
n232-194-226:234134:234197 [2] NCCL INFO New proxy send connection 7 from local rank 2, transport 0
n232-194-226:234134:234197 [2] NCCL INFO proxyProgressAsync opId=0x7fc642bbc880 op.type=1 op.reqBuff=0x7fc638018220 op.respSize=16 done
n232-194-226:234134:234156 [2] NCCL INFO ncclPollProxyResponse Received new opId=0x7fc642bbc880
n232-194-226:234134:234156 [2] NCCL INFO recvOpId=0x7fc642bbc880 matches expected opId=0x7fc642bbc880
n232-194-226:234134:234156 [2] NCCL INFO Connection to proxy localRank 2 -> connection 0x7fc638003380
n232-194-226:234134:234197 [2] NCCL INFO Received and initiated operation=Init res=0
n232-194-226:234134:234197 [2] NCCL INFO proxyProgressAsync opId=0x7f8aeabbc6c0 op.type=3 op.reqBuff=0x7fc638018240 op.respSize=0 done
n232-194-226:234132:234153 [0] NCCL INFO ncclPollProxyResponse Received new opId=0x7f8aeabbc6c0
n232-194-226:234134:234197 [2] NCCL INFO Received and initiated operation=Setup res=0
n232-194-226:234132:234153 [0] NCCL INFO recvOpId=0x7f8aeabbc6c0 matches expected opId=0x7f8aeabbc6c0
n232-194-226:234132:234153 [0] NCCL INFO Channel 09/0 : 0[0] -> 7[2] [send] via NET/IB/1(2)/GDRDMA
n232-194-226:234132:234153 [0] NCCL INFO GPU Direct RDMA Enabled for GPU f000 / HCA 2 (distance 3 <= 4), read 1
n232-194-226:234134:234197 [2] NCCL INFO transport/p2p.cc:204 Cuda Alloc Size 2097152 pointer 0x7fc63ec00000
n232-194-226:234134:234197 [2] NCCL INFO Allocated shareable buffer 0x7fc63ec00000 size 2097152 ipcDesc 0x7fc63801d560
n232-194-226:234134:234197 [2] NCCL INFO proxyProgressAsync opId=0x7fc642bbc880 op.type=3 op.reqBuff=0x7fc638011390 op.respSize=80 done
n232-194-226:234134:234156 [2] NCCL INFO ncclPollProxyResponse Received new opId=0x7fc642bbc880
n232-194-226:234134:234197 [2] NCCL INFO Received and initiated operation=Setup res=0
n232-194-226:234134:234156 [2] NCCL INFO recvOpId=0x7fc642bbc880 matches expected opId=0x7fc642bbc880
n232-194-226:234136:234155 [4] NCCL INFO Channel 01/0 : 4[4] -> 2[2] via P2P/IPC
n232-194-226:234134:234156 [2] NCCL INFO GPU Direct RDMA Enabled for GPU 48000 / HCA 1 (distance 3 <= 4), read 0
n232-194-226:234136:234194 [4] NCCL INFO New proxy send connection 8 from local rank 4, transport 0
n232-194-226:234136:234194 [4] NCCL INFO proxyProgressAsync opId=0x7fb68ebbc6c0 op.type=1 op.reqBuff=0x7fb68000c410 op.respSize=16 done
n232-194-226:234134:234197 [2] NCCL INFO New proxy recv connection 8 from local rank 2, transport 2
n232-194-226:234134:234197 [2] NCCL INFO proxyProgressAsync opId=0x7fc642bbc880 op.type=1 op.reqBuff=0x7fc638011390 op.respSize=16 done
n232-194-226:234136:234155 [4] NCCL INFO ncclPollProxyResponse Received new opId=0x7fb68ebbc6c0
n232-194-226:234134:234156 [2] NCCL INFO ncclPollProxyResponse Received new opId=0x7fc642bbc880
n232-194-226:234136:234155 [4] NCCL INFO recvOpId=0x7fb68ebbc6c0 matches expected opId=0x7fb68ebbc6c0
n232-194-226:234134:234197 [2] NCCL INFO Received and initiated operation=Init res=0
n232-194-226:234136:234194 [4] NCCL INFO Received and initiated operation=Init res=0
n232-194-226:234134:234156 [2] NCCL INFO recvOpId=0x7fc642bbc880 matches expected opId=0x7fc642bbc880
n232-194-226:234136:234155 [4] NCCL INFO Connection to proxy localRank 4 -> connection 0x7fb6800033d0
n232-194-226:234134:234156 [2] NCCL INFO Connection to proxy localRank 2 -> connection 0x7fc6380033d0
n232-194-226:234134:234197 [2] NCCL INFO proxyProgressAsync opId=0x7fc642bbc880 op.type=3 op.reqBuff=0x7fc63801e2e0 op.respSize=128 done
n232-194-226:234134:234156 [2] NCCL INFO ncclPollProxyResponse Received new opId=0x7fc642bbc880
n232-194-226:234134:234156 [2] NCCL INFO recvOpId=0x7fc642bbc880 matches expected opId=0x7fc642bbc880
n232-194-226:234134:234197 [2] NCCL INFO Received and initiated operation=Setup res=0
n232-194-226:234134:234156 [2] NCCL INFO Channel 00/0 : 5[0] -> 2[2] [receive] via NET/IB/1/GDRDMA
n232-194-226:234134:234156 [2] NCCL INFO GPU Direct RDMA Enabled for GPU 48000 / HCA 1 (distance 3 <= 4), read 0
n232-194-226:234134:234197 [2] NCCL INFO New proxy recv connection 9 from local rank 2, transport 2
n232-194-226:234134:234197 [2] NCCL INFO proxyProgressAsync opId=0x7fc642bbc880 op.type=1 op.reqBuff=0x7fc63801e2c0 op.respSize=16 done
n232-194-226:234134:234156 [2] NCCL INFO ncclPollProxyResponse Received new opId=0x7fc642bbc880
n232-194-226:234134:234156 [2] NCCL INFO recvOpId=0x7fc642bbc880 matches expected opId=0x7fc642bbc880
n232-194-226:234134:234197 [2] NCCL INFO Received and initiated operation=Init res=0
n232-194-226:234134:234156 [2] NCCL INFO Connection to proxy localRank 2 -> connection 0x7fc638003420
n232-194-226:234136:234194 [4] NCCL INFO transport/p2p.cc:204 Cuda Alloc Size 2097152 pointer 0x7fb67fe00000
n232-194-226:234136:234194 [4] NCCL INFO Allocated shareable buffer 0x7fb67fe00000 size 2097152 ipcDesc 0x7fb68000c440
n232-194-226:234136:234194 [4] NCCL INFO proxyProgressAsync opId=0x7fb68ebbc6c0 op.type=3 op.reqBuff=0x7fb68000c4d0 op.respSize=80 done
n232-194-226:234136:234155 [4] NCCL INFO ncclPollProxyResponse Received new opId=0x7fb68ebbc6c0
n232-194-226:234136:234155 [4] NCCL INFO recvOpId=0x7fb68ebbc6c0 matches expected opId=0x7fb68ebbc6c0
n232-194-226:234136:234194 [4] NCCL INFO Received and initiated operation=Setup res=0
n232-194-226:234136:234155 [4] NCCL INFO Channel 04/0 : 4[4] -> 2[2] via P2P/IPC
n232-194-226:234134:234197 [2] NCCL INFO proxyProgressAsync opId=0x7fc642bbc880 op.type=3 op.reqBuff=0x7fc638023720 op.respSize=128 done
n232-194-226:234134:234156 [2] NCCL INFO ncclPollProxyResponse Received new opId=0x7fc642bbc880
n232-194-226:234134:234156 [2] NCCL INFO recvOpId=0x7fc642bbc880 matches expected opId=0x7fc642bbc880
n232-194-226:234136:234194 [4] NCCL INFO New proxy send connection 9 from local rank 4, transport 0
n232-194-226:234136:234194 [4] NCCL INFO proxyProgressAsync opId=0x7fb68ebbc6c0 op.type=1 op.reqBuff=0x7fb68000c4d0 op.respSize=16 done
n232-194-226:234134:234156 [2] NCCL INFO Channel 03/0 : 5[0] -> 2[2] [receive] via NET/IB/1/GDRDMA
n232-194-226:234134:234156 [2] NCCL INFO GPU Direct RDMA Enabled for GPU 48000 / HCA 1 (distance 3 <= 4), read 0
n232-194-226:234136:234155 [4] NCCL INFO ncclPollProxyResponse Received new opId=0x7fb68ebbc6c0
n232-194-226:234136:234194 [4] NCCL INFO Received and initiated operation=Init res=0
n232-194-226:234134:234197 [2] NCCL INFO Received and initiated operation=Setup res=0
n232-194-226:234136:234155 [4] NCCL INFO recvOpId=0x7fb68ebbc6c0 matches expected opId=0x7fb68ebbc6c0
n232-194-226:234136:234155 [4] NCCL INFO Connection to proxy localRank 4 -> connection 0x7fb680003420
n232-194-226:234134:234197 [2] NCCL INFO New proxy recv connection 10 from local rank 2, transport 2
n232-194-226:234134:234197 [2] NCCL INFO proxyProgressAsync opId=0x7fc642bbc880 op.type=1 op.reqBuff=0x7fc638011390 op.respSize=16 done
n232-194-226:234134:234156 [2] NCCL INFO ncclPollProxyResponse Received new opId=0x7fc642bbc880
n232-194-226:234134:234197 [2] NCCL INFO Received and initiated operation=Init res=0
n232-194-226:234134:234156 [2] NCCL INFO recvOpId=0x7fc642bbc880 matches expected opId=0x7fc642bbc880
n232-194-226:234134:234156 [2] NCCL INFO Connection to proxy localRank 2 -> connection 0x7fc638003470
n232-194-226:234134:234197 [2] NCCL INFO proxyProgressAsync opId=0x7fc642bbc880 op.type=3 op.reqBuff=0x7fc638028b60 op.respSize=128 done
n232-194-226:234134:234156 [2] NCCL INFO ncclPollProxyResponse Received new opId=0x7fc642bbc880
n232-194-226:234134:234197 [2] NCCL INFO Received and initiated operation=Setup res=0
n232-194-226:234134:234156 [2] NCCL INFO recvOpId=0x7fc642bbc880 matches expected opId=0x7fc642bbc880
n232-194-226:234134:234156 [2] NCCL INFO Channel 06/0 : 5[0] -> 2[2] [receive] via NET/IB/1/GDRDMA
n232-194-226:234134:234156 [2] NCCL INFO GPU Direct RDMA Enabled for GPU 48000 / HCA 1 (distance 3 <= 4), read 0
n232-194-226:234136:234194 [4] NCCL INFO transport/p2p.cc:204 Cuda Alloc Size 2097152 pointer 0x7fb687e00000
n232-194-226:234134:234197 [2] NCCL INFO New proxy recv connection 11 from local rank 2, transport 2
n232-194-226:234134:234197 [2] NCCL INFO proxyProgressAsync opId=0x7fc642bbc880 op.type=1 op.reqBuff=0x7fc63801e2c0 op.respSize=16 done
n232-194-226:234134:234156 [2] NCCL INFO ncclPollProxyResponse Received new opId=0x7fc642bbc880
n232-194-226:234136:234194 [4] NCCL INFO Allocated shareable buffer 0x7fb687e00000 size 2097152 ipcDesc 0x7fb68000c440
n232-194-226:234136:234194 [4] NCCL INFO proxyProgressAsync opId=0x7fb68ebbc6c0 op.type=3 op.reqBuff=0x7fb68000c510 op.respSize=80 done
n232-194-226:234134:234197 [2] NCCL INFO Received and initiated operation=Init res=0
n232-194-226:234134:234156 [2] NCCL INFO recvOpId=0x7fc642bbc880 matches expected opId=0x7fc642bbc880
n232-194-226:234136:234155 [4] NCCL INFO ncclPollProxyResponse Received new opId=0x7fb68ebbc6c0
n232-194-226:234134:234156 [2] NCCL INFO Connection to proxy localRank 2 -> connection 0x7fc6380034c0
n232-194-226:234136:234194 [4] NCCL INFO Received and initiated operation=Setup res=0
n232-194-226:234136:234155 [4] NCCL INFO recvOpId=0x7fb68ebbc6c0 matches expected opId=0x7fb68ebbc6c0
n232-194-226:234136:234155 [4] NCCL INFO Channel 07/0 : 4[4] -> 2[2] via P2P/IPC
n232-194-226:234135:234195 [3] NCCL INFO New proxy recv connection 4 from local rank 3, transport 2
n232-194-226:234136:234194 [4] NCCL INFO New proxy send connection 10 from local rank 4, transport 0
n232-194-226:234136:234194 [4] NCCL INFO proxyProgressAsync opId=0x7fb68ebbc6c0 op.type=1 op.reqBuff=0x7fb68000c510 op.respSize=16 done
n232-194-226:234135:234195 [3] NCCL INFO proxyProgressAsync opId=0x7fc5f6bbc880 op.type=1 op.reqBuff=0x7fc5ec008520 op.respSize=16 done
n232-194-226:234136:234155 [4] NCCL INFO ncclPollProxyResponse Received new opId=0x7fb68ebbc6c0
n232-194-226:234134:234197 [2] NCCL INFO proxyProgressAsync opId=0x7fc642bbc880 op.type=3 op.reqBuff=0x7fc63802dfa0 op.respSize=128 done
n232-194-226:234136:234155 [4] NCCL INFO recvOpId=0x7fb68ebbc6c0 matches expected opId=0x7fb68ebbc6c0
n232-194-226:234136:234194 [4] NCCL INFO Received and initiated operation=Init res=0
n232-194-226:234134:234156 [2] NCCL INFO ncclPollProxyResponse Received new opId=0x7fc642bbc880
n232-194-226:234135:234157 [3] NCCL INFO ncclPollProxyResponse Received new opId=0x7fc5f6bbc880
n232-194-226:234136:234155 [4] NCCL INFO Connection to proxy localRank 4 -> connection 0x7fb680003470
n232-194-226:234134:234197 [2] NCCL INFO Received and initiated operation=Setup res=0
n232-194-226:234135:234157 [3] NCCL INFO recvOpId=0x7fc5f6bbc880 matches expected opId=0x7fc5f6bbc880
n232-194-226:234135:234195 [3] NCCL INFO Received and initiated operation=Init res=0
n232-194-226:234134:234156 [2] NCCL INFO recvOpId=0x7fc642bbc880 matches expected opId=0x7fc642bbc880
n232-194-226:234134:234156 [2] NCCL INFO Channel 09/0 : 5[0] -> 2[2] [receive] via NET/IB/1/GDRDMA
n232-194-226:234135:234157 [3] NCCL INFO Connection to proxy localRank 3 -> connection 0x7fc5ec003290
n232-194-226:234135:234195 [3] NCCL INFO New proxy send connection 5 from local rank 0, transport 2
n232-194-226:234135:234195 [3] NCCL INFO proxyProgressAsync opId=0x7f8aeabbc6c0 op.type=1 op.reqBuff=0x7fc5ec0092f0 op.respSize=16 done
n232-194-226:234132:234153 [0] NCCL INFO ncclPollProxyResponse Received new opId=0x7f8aeabbc6c0
n232-194-226:234132:234153 [0] NCCL INFO recvOpId=0x7f8aeabbc6c0 matches expected opId=0x7f8aeabbc6c0
n232-194-226:234135:234195 [3] NCCL INFO Received and initiated operation=Init res=0
n232-194-226:234132:234153 [0] NCCL INFO Connection to proxy localRank 3 -> connection 0x7fc5ec0032e0
n232-194-226:234135:234195 [3] NCCL INFO proxyProgressAsync opId=0x7fc5f6bbc880 op.type=3 op.reqBuff=0x7fc5ec009660 op.respSize=128 done
n232-194-226:234135:234157 [3] NCCL INFO ncclPollProxyResponse Received new opId=0x7fc5f6bbc880
n232-194-226:234135:234195 [3] NCCL INFO Received and initiated operation=Setup res=0
n232-194-226:234135:234157 [3] NCCL INFO recvOpId=0x7fc5f6bbc880 matches expected opId=0x7fc5f6bbc880
n232-194-226:234135:234157 [3] NCCL INFO Channel 01/0 : 5[0] -> 3[3] [receive] via NET/IB/2/GDRDMA
n232-194-226:234135:234157 [3] NCCL INFO GPU Direct RDMA Enabled for GPU 5a000 / HCA 2 (distance 3 <= 4), read 0
n232-194-226:234135:234195 [3] NCCL INFO proxyProgressAsync opId=0x7f8aeabbc6c0 op.type=3 op.reqBuff=0x7fc5ec00eae0 op.respSize=0 done
n232-194-226:234132:234153 [0] NCCL INFO ncclPollProxyResponse Received new opId=0x7f8aeabbc6c0
n232-194-226:234135:234195 [3] NCCL INFO Received and initiated operation=Setup res=0
n232-194-226:234132:234153 [0] NCCL INFO recvOpId=0x7f8aeabbc6c0 matches expected opId=0x7f8aeabbc6c0
n232-194-226:234132:234153 [0] NCCL INFO Channel 01/0 : 0[0] -> 8[3] [send] via NET/IB/2(3)/GDRDMA
n232-194-226:234132:234153 [0] NCCL INFO GPU Direct RDMA Enabled for GPU f000 / HCA 2 (distance 3 <= 4), read 1
n232-194-226:234136:234194 [4] NCCL INFO transport/p2p.cc:204 Cuda Alloc Size 2097152 pointer 0x7fb689a00000
n232-194-226:234135:234195 [3] NCCL INFO New proxy recv connection 6 from local rank 3, transport 2
n232-194-226:234136:234194 [4] NCCL INFO Allocated shareable buffer 0x7fb689a00000 size 2097152 ipcDesc 0x7fb68000c440
n232-194-226:234135:234195 [3] NCCL INFO proxyProgressAsync opId=0x7fc5f6bbc880 op.type=1 op.reqBuff=0x7fc5ec009600 op.respSize=16 done
n232-194-226:234136:234194 [4] NCCL INFO proxyProgressAsync opId=0x7fb68ebbc6c0 op.type=3 op.reqBuff=0x7fb68000dd10 op.respSize=80 done
n232-194-226:234135:234157 [3] NCCL INFO ncclPollProxyResponse Received new opId=0x7fc5f6bbc880
n232-194-226:234136:234155 [4] NCCL INFO ncclPollProxyResponse Received new opId=0x7fb68ebbc6c0
n232-194-226:234136:234194 [4] NCCL INFO Received and initiated operation=Setup res=0
n232-194-226:234135:234157 [3] NCCL INFO recvOpId=0x7fc5f6bbc880 matches expected opId=0x7fc5f6bbc880
n232-194-226:234135:234157 [3] NCCL INFO Connection to proxy localRank 3 -> connection 0x7fc5ec003330
n232-194-226:234135:234195 [3] NCCL INFO Received and initiated operation=Init res=0
n232-194-226:234136:234155 [4] NCCL INFO recvOpId=0x7fb68ebbc6c0 matches expected opId=0x7fb68ebbc6c0
n232-194-226:234136:234155 [4] NCCL INFO Channel 10/0 : 4[4] -> 2[2] via P2P/IPC
n232-194-226:234134:234197 [2] NCCL INFO New proxy recv connection 12 from local rank 2, transport 0
n232-194-226:234134:234197 [2] NCCL INFO proxyProgressAsync opId=0x7fc642bbc880 op.type=1 op.reqBuff=0x7fc638011390 op.respSize=16 done
n232-194-226:234135:234195 [3] NCCL INFO New proxy send connection 7 from local rank 0, transport 2
n232-194-226:234135:234195 [3] NCCL INFO proxyProgressAsync opId=0x7f8aeabbc6c0 op.type=1 op.reqBuff=0x7fc5ec0092f0 op.respSize=16 done
n232-194-226:234134:234156 [2] NCCL INFO ncclPollProxyResponse Received new opId=0x7fc642bbc880
n232-194-226:234132:234153 [0] NCCL INFO ncclPollProxyResponse Received new opId=0x7f8aeabbc6c0
n232-194-226:234134:234197 [2] NCCL INFO Received and initiated operation=Init res=0
n232-194-226:234132:234153 [0] NCCL INFO recvOpId=0x7f8aeabbc6c0 matches expected opId=0x7f8aeabbc6c0
n232-194-226:234134:234156 [2] NCCL INFO recvOpId=0x7fc642bbc880 matches expected opId=0x7fc642bbc880
n232-194-226:234132:234153 [0] NCCL INFO Connection to proxy localRank 3 -> connection 0x7fc5ec003380
n232-194-226:234135:234195 [3] NCCL INFO Received and initiated operation=Init res=0
n232-194-226:234134:234156 [2] NCCL INFO Connection to proxy localRank 2 -> connection 0x7fc638003510
n232-194-226:234136:234194 [4] NCCL INFO New proxy send connection 11 from local rank 4, transport 0
n232-194-226:234136:234194 [4] NCCL INFO proxyProgressAsync opId=0x7fb68ebbc6c0 op.type=1 op.reqBuff=0x7fb68000dd10 op.respSize=16 done
n232-194-226:234136:234155 [4] NCCL INFO ncclPollProxyResponse Received new opId=0x7fb68ebbc6c0
n232-194-226:234136:234155 [4] NCCL INFO recvOpId=0x7fb68ebbc6c0 matches expected opId=0x7fb68ebbc6c0
n232-194-226:234136:234194 [4] NCCL INFO Received and initiated operation=Init res=0
n232-194-226:234136:234155 [4] NCCL INFO Connection to proxy localRank 4 -> connection 0x7fb6800034c0
n232-194-226:234135:234195 [3] NCCL INFO proxyProgressAsync opId=0x7fc5f6bbc880 op.type=3 op.reqBuff=0x7fc5ec013df0 op.respSize=128 done
n232-194-226:234135:234157 [3] NCCL INFO ncclPollProxyResponse Received new opId=0x7fc5f6bbc880
n232-194-226:234135:234157 [3] NCCL INFO recvOpId=0x7fc5f6bbc880 matches expected opId=0x7fc5f6bbc880
n232-194-226:234135:234195 [3] NCCL INFO Received and initiated operation=Setup res=0
n232-194-226:234135:234157 [3] NCCL INFO Channel 04/0 : 5[0] -> 3[3] [receive] via NET/IB/2/GDRDMA
n232-194-226:234135:234157 [3] NCCL INFO GPU Direct RDMA Enabled for GPU 5a000 / HCA 2 (distance 3 <= 4), read 0
n232-194-226:234135:234195 [3] NCCL INFO proxyProgressAsync opId=0x7f8aeabbc6c0 op.type=3 op.reqBuff=0x7fc5ec019230 op.respSize=0 done
n232-194-226:234132:234153 [0] NCCL INFO ncclPollProxyResponse Received new opId=0x7f8aeabbc6c0
n232-194-226:234135:234195 [3] NCCL INFO Received and initiated operation=Setup res=0
n232-194-226:234132:234153 [0] NCCL INFO recvOpId=0x7f8aeabbc6c0 matches expected opId=0x7f8aeabbc6c0
n232-194-226:234132:234153 [0] NCCL INFO Channel 04/0 : 0[0] -> 8[3] [send] via NET/IB/2(3)/GDRDMA
n232-194-226:234132:234153 [0] NCCL INFO GPU Direct RDMA Enabled for GPU f000 / HCA 2 (distance 3 <= 4), read 1
n232-194-226:234135:234195 [3] NCCL INFO New proxy recv connection 8 from local rank 3, transport 2
n232-194-226:234135:234195 [3] NCCL INFO proxyProgressAsync opId=0x7fc5f6bbc880 op.type=1 op.reqBuff=0x7fc5ec009600 op.respSize=16 done
n232-194-226:234135:234157 [3] NCCL INFO ncclPollProxyResponse Received new opId=0x7fc5f6bbc880
n232-194-226:234135:234157 [3] NCCL INFO recvOpId=0x7fc5f6bbc880 matches expected opId=0x7fc5f6bbc880
n232-194-226:234135:234195 [3] NCCL INFO Received and initiated operation=Init res=0
n232-194-226:234135:234157 [3] NCCL INFO Connection to proxy localRank 3 -> connection 0x7fc5ec0033d0
n232-194-226:234135:234195 [3] NCCL INFO New proxy send connection 9 from local rank 0, transport 2
n232-194-226:234135:234195 [3] NCCL INFO proxyProgressAsync opId=0x7f8aeabbc6c0 op.type=1 op.reqBuff=0x7fc5ec0092f0 op.respSize=16 done
n232-194-226:234132:234153 [0] NCCL INFO ncclPollProxyResponse Received new opId=0x7f8aeabbc6c0
n232-194-226:234135:234195 [3] NCCL INFO Received and initiated operation=Init res=0
n232-194-226:234132:234153 [0] NCCL INFO recvOpId=0x7f8aeabbc6c0 matches expected opId=0x7f8aeabbc6c0
n232-194-226:234132:234153 [0] NCCL INFO Connection to proxy localRank 3 -> connection 0x7fc5ec003420
n232-194-226:234135:234195 [3] NCCL INFO proxyProgressAsync opId=0x7fc5f6bbc880 op.type=3 op.reqBuff=0x7fc5ec01e540 op.respSize=128 done
n232-194-226:234135:234157 [3] NCCL INFO ncclPollProxyResponse Received new opId=0x7fc5f6bbc880
n232-194-226:234135:234195 [3] NCCL INFO Received and initiated operation=Setup res=0
n232-194-226:234135:234157 [3] NCCL INFO recvOpId=0x7fc5f6bbc880 matches expected opId=0x7fc5f6bbc880
n232-194-226:234135:234157 [3] NCCL INFO Channel 07/0 : 5[0] -> 3[3] [receive] via NET/IB/2/GDRDMA
n232-194-226:234135:234157 [3] NCCL INFO GPU Direct RDMA Enabled for GPU 5a000 / HCA 2 (distance 3 <= 4), read 0
n232-194-226:234135:234195 [3] NCCL INFO proxyProgressAsync opId=0x7f8aeabbc6c0 op.type=3 op.reqBuff=0x7fc5ec023980 op.respSize=0 done
n232-194-226:234132:234153 [0] NCCL INFO ncclPollProxyResponse Received new opId=0x7f8aeabbc6c0
n232-194-226:234135:234195 [3] NCCL INFO Received and initiated operation=Setup res=0
n232-194-226:234132:234153 [0] NCCL INFO recvOpId=0x7f8aeabbc6c0 matches expected opId=0x7f8aeabbc6c0
n232-194-226:234132:234153 [0] NCCL INFO Channel 07/0 : 0[0] -> 8[3] [send] via NET/IB/2(3)/GDRDMA
n232-194-226:234132:234153 [0] NCCL INFO GPU Direct RDMA Enabled for GPU f000 / HCA 2 (distance 3 <= 4), read 1
n232-194-226:234135:234195 [3] NCCL INFO New proxy recv connection 10 from local rank 3, transport 2
n232-194-226:234135:234195 [3] NCCL INFO proxyProgressAsync opId=0x7fc5f6bbc880 op.type=1 op.reqBuff=0x7fc5ec009600 op.respSize=16 done
n232-194-226:234135:234157 [3] NCCL INFO ncclPollProxyResponse Received new opId=0x7fc5f6bbc880
n232-194-226:234135:234157 [3] NCCL INFO recvOpId=0x7fc5f6bbc880 matches expected opId=0x7fc5f6bbc880
n232-194-226:234135:234157 [3] NCCL INFO Connection to proxy localRank 3 -> connection 0x7fc5ec003470
n232-194-226:234135:234195 [3] NCCL INFO Received and initiated operation=Init res=0
n232-194-226:234135:234195 [3] NCCL INFO New proxy send connection 11 from local rank 0, transport 2
n232-194-226:234135:234195 [3] NCCL INFO proxyProgressAsync opId=0x7f8aeabbc6c0 op.type=1 op.reqBuff=0x7fc5ec0092f0 op.respSize=16 done
n232-194-226:234132:234153 [0] NCCL INFO ncclPollProxyResponse Received new opId=0x7f8aeabbc6c0
n232-194-226:234132:234153 [0] NCCL INFO recvOpId=0x7f8aeabbc6c0 matches expected opId=0x7f8aeabbc6c0
n232-194-226:234132:234153 [0] NCCL INFO Connection to proxy localRank 3 -> connection 0x7fc5ec0034c0
n232-194-226:234135:234195 [3] NCCL INFO Received and initiated operation=Init res=0
n232-194-226:234135:234195 [3] NCCL INFO proxyProgressAsync opId=0x7fc5f6bbc880 op.type=3 op.reqBuff=0x7fc5ec028c90 op.respSize=128 done
n232-194-226:234136:234194 [4] NCCL INFO transport/p2p.cc:204 Cuda Alloc Size 2097152 pointer 0x7fb689c00000
n232-194-226:234136:234194 [4] NCCL INFO Allocated shareable buffer 0x7fb689c00000 size 2097152 ipcDesc 0x7fb68000c440
n232-194-226:234135:234157 [3] NCCL INFO ncclPollProxyResponse Received new opId=0x7fc5f6bbc880
n232-194-226:234136:234194 [4] NCCL INFO proxyProgressAsync opId=0x7fb68ebbc6c0 op.type=3 op.reqBuff=0x7fb68000dd50 op.respSize=80 done
n232-194-226:234135:234195 [3] NCCL INFO Received and initiated operation=Setup res=0
n232-194-226:234134:234197 [2] NCCL INFO transport/p2p.cc:204 Cuda Alloc Size 10485760 pointer 0x7fc63ee00000
n232-194-226:234135:234157 [3] NCCL INFO recvOpId=0x7fc5f6bbc880 matches expected opId=0x7fc5f6bbc880
n232-194-226:234136:234155 [4] NCCL INFO ncclPollProxyResponse Received new opId=0x7fb68ebbc6c0
n232-194-226:234135:234157 [3] NCCL INFO Channel 10/0 : 5[0] -> 3[3] [receive] via NET/IB/2/GDRDMA
n232-194-226:234136:234194 [4] NCCL INFO Received and initiated operation=Setup res=0
n232-194-226:234134:234197 [2] NCCL INFO Allocated shareable buffer 0x7fc63ee00000 size 10485760 ipcDesc 0x7fc6380333f0
n232-194-226:234136:234155 [4] NCCL INFO recvOpId=0x7fb68ebbc6c0 matches expected opId=0x7fb68ebbc6c0
n232-194-226:234134:234197 [2] NCCL INFO proxyProgressAsync opId=0x7fc642bbc880 op.type=3 op.reqBuff=0x7fc63801e2c0 op.respSize=80 done
n232-194-226:234135:234157 [3] NCCL INFO Channel 00/0 : 3[3] -> 1[1] via P2P/IPC
n232-194-226:234135:234195 [3] NCCL INFO proxyProgressAsync opId=0x7f8aeabbc6c0 op.type=3 op.reqBuff=0x7fc5ec02e0d0 op.respSize=0 done
n232-194-226:234134:234156 [2] NCCL INFO ncclPollProxyResponse Received new opId=0x7fc642bbc880
n232-194-226:234132:234153 [0] NCCL INFO ncclPollProxyResponse Received new opId=0x7f8aeabbc6c0
n232-194-226:234134:234197 [2] NCCL INFO Received and initiated operation=Setup res=0
n232-194-226:234135:234195 [3] NCCL INFO Received and initiated operation=Setup res=0
n232-194-226:234134:234156 [2] NCCL INFO recvOpId=0x7fc642bbc880 matches expected opId=0x7fc642bbc880
n232-194-226:234132:234153 [0] NCCL INFO recvOpId=0x7f8aeabbc6c0 matches expected opId=0x7f8aeabbc6c0
n232-194-226:234132:234153 [0] NCCL INFO Channel 10/0 : 0[0] -> 8[3] [send] via NET/IB/2(3)/GDRDMA
n232-194-226:234135:234195 [3] NCCL INFO New proxy send connection 12 from local rank 3, transport 0
n232-194-226:234135:234195 [3] NCCL INFO proxyProgressAsync opId=0x7fc5f6bbc880 op.type=1 op.reqBuff=0x7fc5ec009600 op.respSize=16 done
n232-194-226:234135:234157 [3] NCCL INFO ncclPollProxyResponse Received new opId=0x7fc5f6bbc880
n232-194-226:234134:234197 [2] NCCL INFO New proxy recv connection 13 from local rank 2, transport 0
n232-194-226:234135:234157 [3] NCCL INFO recvOpId=0x7fc5f6bbc880 matches expected opId=0x7fc5f6bbc880
n232-194-226:234135:234157 [3] NCCL INFO Connection to proxy localRank 3 -> connection 0x7fc5ec003510
n232-194-226:234135:234195 [3] NCCL INFO Received and initiated operation=Init res=0
n232-194-226:234134:234197 [2] NCCL INFO proxyProgressAsync opId=0x7fc642bbc880 op.type=1 op.reqBuff=0x7fc63801e2c0 op.respSize=16 done
n232-194-226:234134:234156 [2] NCCL INFO ncclPollProxyResponse Received new opId=0x7fc642bbc880
n232-194-226:234134:234156 [2] NCCL INFO recvOpId=0x7fc642bbc880 matches expected opId=0x7fc642bbc880
n232-194-226:234134:234197 [2] NCCL INFO Received and initiated operation=Init res=0
n232-194-226:234134:234156 [2] NCCL INFO Connection to proxy localRank 2 -> connection 0x7fc638003560
n232-194-226:234132:234196 [0] NCCL INFO Mem Realloc old size 0, new size 8 pointer 0x7f8b04002f10
n232-194-226:234132:234196 [0] NCCL INFO New proxy recv connection 0 from local rank 0, transport 0
n232-194-226:234132:234196 [0] NCCL INFO proxyProgressAsync opId=0x7f8aeabbc6c0 op.type=1 op.reqBuff=0x7f8b04002ed0 op.respSize=16 done
n232-194-226:234132:234153 [0] NCCL INFO ncclPollProxyResponse Received new opId=0x7f8aeabbc6c0
n232-194-226:234132:234153 [0] NCCL INFO recvOpId=0x7f8aeabbc6c0 matches expected opId=0x7f8aeabbc6c0
n232-194-226:234132:234153 [0] NCCL INFO Connection to proxy localRank 0 -> connection 0x7f8b04003150
n232-194-226:234132:234196 [0] NCCL INFO Received and initiated operation=Init res=0
n232-194-226:234134:234197 [2] NCCL INFO transport/p2p.cc:204 Cuda Alloc Size 10485760 pointer 0x7fc636000000
n232-194-226:234134:234197 [2] NCCL INFO Allocated shareable buffer 0x7fc636000000 size 10485760 ipcDesc 0x7fc638034160
n232-194-226:234134:234197 [2] NCCL INFO proxyProgressAsync opId=0x7fc642bbc880 op.type=3 op.reqBuff=0x7fc63801e2c0 op.respSize=80 done
n232-194-226:234134:234156 [2] NCCL INFO ncclPollProxyResponse Received new opId=0x7fc642bbc880
n232-194-226:234135:234195 [3] NCCL INFO transport/p2p.cc:204 Cuda Alloc Size 2097152 pointer 0x7fc5f2e00000
n232-194-226:234134:234197 [2] NCCL INFO Received and initiated operation=Setup res=0
n232-194-226:234135:234195 [3] NCCL INFO Allocated shareable buffer 0x7fc5f2e00000 size 2097152 ipcDesc 0x7fc5ec0333f0
n232-194-226:234134:234156 [2] NCCL INFO recvOpId=0x7fc642bbc880 matches expected opId=0x7fc642bbc880
n232-194-226:234135:234195 [3] NCCL INFO proxyProgressAsync opId=0x7fc5f6bbc880 op.type=3 op.reqBuff=0x7fc5ec0092f0 op.respSize=80 done
n232-194-226:234135:234157 [3] NCCL INFO ncclPollProxyResponse Received new opId=0x7fc5f6bbc880
n232-194-226:234135:234195 [3] NCCL INFO Received and initiated operation=Setup res=0
n232-194-226:234135:234157 [3] NCCL INFO recvOpId=0x7fc5f6bbc880 matches expected opId=0x7fc5f6bbc880
n232-194-226:234135:234157 [3] NCCL INFO Channel 03/0 : 3[3] -> 1[1] via P2P/IPC
n232-194-226:234134:234197 [2] NCCL INFO New proxy recv connection 14 from local rank 2, transport 0
n232-194-226:234135:234195 [3] NCCL INFO New proxy send connection 13 from local rank 3, transport 0
n232-194-226:234134:234197 [2] NCCL INFO proxyProgressAsync opId=0x7fc642bbc880 op.type=1 op.reqBuff=0x7fc63801e2c0 op.respSize=16 done
n232-194-226:234135:234195 [3] NCCL INFO proxyProgressAsync opId=0x7fc5f6bbc880 op.type=1 op.reqBuff=0x7fc5ec0092f0 op.respSize=16 done
n232-194-226:234134:234156 [2] NCCL INFO ncclPollProxyResponse Received new opId=0x7fc642bbc880
n232-194-226:234135:234157 [3] NCCL INFO ncclPollProxyResponse Received new opId=0x7fc5f6bbc880
n232-194-226:234134:234197 [2] NCCL INFO Received and initiated operation=Init res=0
n232-194-226:234135:234157 [3] NCCL INFO recvOpId=0x7fc5f6bbc880 matches expected opId=0x7fc5f6bbc880
n232-194-226:234135:234157 [3] NCCL INFO Connection to proxy localRank 3 -> connection 0x7fc5ec003560
n232-194-226:234135:234195 [3] NCCL INFO Received and initiated operation=Init res=0
n232-194-226:234134:234156 [2] NCCL INFO recvOpId=0x7fc642bbc880 matches expected opId=0x7fc642bbc880
n232-194-226:234134:234156 [2] NCCL INFO Connection to proxy localRank 2 -> connection 0x7fc6380035b0
n232-194-226:234135:234195 [3] NCCL INFO transport/p2p.cc:204 Cuda Alloc Size 2097152 pointer 0x7fc5f3000000
n232-194-226:234135:234195 [3] NCCL INFO Allocated shareable buffer 0x7fc5f3000000 size 2097152 ipcDesc 0x7fc5ec034160
n232-194-226:234135:234195 [3] NCCL INFO proxyProgressAsync opId=0x7fc5f6bbc880 op.type=3 op.reqBuff=0x7fc5ec0092f0 op.respSize=80 done
n232-194-226:234135:234157 [3] NCCL INFO ncclPollProxyResponse Received new opId=0x7fc5f6bbc880
n232-194-226:234135:234157 [3] NCCL INFO recvOpId=0x7fc5f6bbc880 matches expected opId=0x7fc5f6bbc880
n232-194-226:234135:234195 [3] NCCL INFO Received and initiated operation=Setup res=0
n232-194-226:234135:234157 [3] NCCL INFO Channel 06/0 : 3[3] -> 1[1] via P2P/IPC
n232-194-226:234135:234195 [3] NCCL INFO New proxy send connection 14 from local rank 3, transport 0
n232-194-226:234135:234195 [3] NCCL INFO proxyProgressAsync opId=0x7fc5f6bbc880 op.type=1 op.reqBuff=0x7fc5ec0092f0 op.respSize=16 done
n232-194-226:234134:234197 [2] NCCL INFO transport/p2p.cc:204 Cuda Alloc Size 10485760 pointer 0x7fc636a00000
n232-194-226:234135:234157 [3] NCCL INFO ncclPollProxyResponse Received new opId=0x7fc5f6bbc880
n232-194-226:234134:234197 [2] NCCL INFO Allocated shareable buffer 0x7fc636a00000 size 10485760 ipcDesc 0x7fc638035340
n232-194-226:234135:234195 [3] NCCL INFO Received and initiated operation=Init res=0
n232-194-226:234134:234197 [2] NCCL INFO proxyProgressAsync opId=0x7fc642bbc880 op.type=3 op.reqBuff=0x7fc63801e2c0 op.respSize=80 done
n232-194-226:234135:234157 [3] NCCL INFO recvOpId=0x7fc5f6bbc880 matches expected opId=0x7fc5f6bbc880
n232-194-226:234135:234157 [3] NCCL INFO Connection to proxy localRank 3 -> connection 0x7fc5ec0035b0
n232-194-226:234134:234156 [2] NCCL INFO ncclPollProxyResponse Received new opId=0x7fc642bbc880
n232-194-226:234134:234197 [2] NCCL INFO Received and initiated operation=Setup res=0
n232-194-226:234134:234156 [2] NCCL INFO recvOpId=0x7fc642bbc880 matches expected opId=0x7fc642bbc880
n232-194-226:234134:234197 [2] NCCL INFO New proxy recv connection 15 from local rank 2, transport 0
n232-194-226:234134:234197 [2] NCCL INFO proxyProgressAsync opId=0x7fc642bbc880 op.type=1 op.reqBuff=0x7fc63801e2c0 op.respSize=16 done
n232-194-226:234134:234156 [2] NCCL INFO ncclPollProxyResponse Received new opId=0x7fc642bbc880
n232-194-226:234134:234197 [2] NCCL INFO Received and initiated operation=Init res=0
n232-194-226:234134:234156 [2] NCCL INFO recvOpId=0x7fc642bbc880 matches expected opId=0x7fc642bbc880
n232-194-226:234134:234156 [2] NCCL INFO Connection to proxy localRank 2 -> connection 0x7fc638003600
n232-194-226:234132:234196 [0] NCCL INFO transport/p2p.cc:204 Cuda Alloc Size 10485760 pointer 0x7f8ae4600000
n232-194-226:234132:234196 [0] NCCL INFO Allocated shareable buffer 0x7f8ae4600000 size 10485760 ipcDesc 0x7f8b040059d0
n232-194-226:234132:234196 [0] NCCL INFO proxyProgressAsync opId=0x7f8aeabbc6c0 op.type=3 op.reqBuff=0x7f8b040059a0 op.respSize=80 done
n232-194-226:234132:234153 [0] NCCL INFO ncclPollProxyResponse Received new opId=0x7f8aeabbc6c0
n232-194-226:234132:234153 [0] NCCL INFO recvOpId=0x7f8aeabbc6c0 matches expected opId=0x7f8aeabbc6c0
n232-194-226:234132:234196 [0] NCCL INFO Received and initiated operation=Setup res=0
n232-194-226:234135:234195 [3] NCCL INFO transport/p2p.cc:204 Cuda Alloc Size 2097152 pointer 0x7fc5f3200000
n232-194-226:234132:234196 [0] NCCL INFO New proxy recv connection 1 from local rank 0, transport 0
n232-194-226:234132:234196 [0] NCCL INFO proxyProgressAsync opId=0x7f8aeabbc6c0 op.type=1 op.reqBuff=0x7f8b040068e0 op.respSize=16 done
n232-194-226:234135:234195 [3] NCCL INFO Allocated shareable buffer 0x7fc5f3200000 size 2097152 ipcDesc 0x7fc5ec034f10
n232-194-226:234135:234195 [3] NCCL INFO proxyProgressAsync opId=0x7fc5f6bbc880 op.type=3 op.reqBuff=0x7fc5ec034ee0 op.respSize=80 done
n232-194-226:234132:234153 [0] NCCL INFO ncclPollProxyResponse Received new opId=0x7f8aeabbc6c0
n232-194-226:234135:234157 [3] NCCL INFO ncclPollProxyResponse Received new opId=0x7fc5f6bbc880
n232-194-226:234132:234153 [0] NCCL INFO recvOpId=0x7f8aeabbc6c0 matches expected opId=0x7f8aeabbc6c0
n232-194-226:234132:234196 [0] NCCL INFO Received and initiated operation=Init res=0
n232-194-226:234135:234195 [3] NCCL INFO Received and initiated operation=Setup res=0
n232-194-226:234132:234153 [0] NCCL INFO Connection to proxy localRank 0 -> connection 0x7f8b040031a0
n232-194-226:234135:234157 [3] NCCL INFO recvOpId=0x7fc5f6bbc880 matches expected opId=0x7fc5f6bbc880
n232-194-226:234135:234157 [3] NCCL INFO Channel 09/0 : 3[3] -> 1[1] via P2P/IPC
n232-194-226:234135:234195 [3] NCCL INFO New proxy send connection 15 from local rank 3, transport 0
n232-194-226:234135:234195 [3] NCCL INFO proxyProgressAsync opId=0x7fc5f6bbc880 op.type=1 op.reqBuff=0x7fc5ec034ee0 op.respSize=16 done
n232-194-226:234135:234157 [3] NCCL INFO ncclPollProxyResponse Received new opId=0x7fc5f6bbc880
n232-194-226:234135:234195 [3] NCCL INFO Received and initiated operation=Init res=0
n232-194-226:234135:234157 [3] NCCL INFO recvOpId=0x7fc5f6bbc880 matches expected opId=0x7fc5f6bbc880
n232-194-226:234135:234157 [3] NCCL INFO Connection to proxy localRank 3 -> connection 0x7fc5ec003600
n232-194-226:234134:234197 [2] NCCL INFO transport/p2p.cc:204 Cuda Alloc Size 10485760 pointer 0x7fc637400000
n232-194-226:234134:234197 [2] NCCL INFO Allocated shareable buffer 0x7fc637400000 size 10485760 ipcDesc 0x7fc6380360d0
n232-194-226:234134:234197 [2] NCCL INFO proxyProgressAsync opId=0x7fc642bbc880 op.type=3 op.reqBuff=0x7fc63801e2c0 op.respSize=80 done
n232-194-226:234134:234156 [2] NCCL INFO ncclPollProxyResponse Received new opId=0x7fc642bbc880
n232-194-226:234134:234156 [2] NCCL INFO recvOpId=0x7fc642bbc880 matches expected opId=0x7fc642bbc880
n232-194-226:234134:234197 [2] NCCL INFO Received and initiated operation=Setup res=0
n232-194-226:234136:234155 [4] NCCL INFO GPU Direct RDMA Enabled for GPU 87000 / HCA 3 (distance 3 <= 4), read 0
n232-194-226:234132:234196 [0] NCCL INFO transport/p2p.cc:204 Cuda Alloc Size 10485760 pointer 0x7f8ae5000000
n232-194-226:234132:234196 [0] NCCL INFO Allocated shareable buffer 0x7f8ae5000000 size 10485760 ipcDesc 0x7f8b04006990
n232-194-226:234134:234197 [2] NCCL INFO New proxy recv connection 16 from local rank 2, transport 0
n232-194-226:234135:234195 [3] NCCL INFO transport/p2p.cc:204 Cuda Alloc Size 2097152 pointer 0x7fc5f3400000
n232-194-226:234132:234196 [0] NCCL INFO proxyProgressAsync opId=0x7f8aeabbc6c0 op.type=3 op.reqBuff=0x7f8b04006960 op.respSize=80 done
n232-194-226:234134:234197 [2] NCCL INFO proxyProgressAsync opId=0x7fc642bbc880 op.type=1 op.reqBuff=0x7fc63801e2c0 op.respSize=16 done
n232-194-226:234135:234195 [3] NCCL INFO Allocated shareable buffer 0x7fc5f3400000 size 2097152 ipcDesc 0x7fc5ec035c80
n232-194-226:234135:234195 [3] NCCL INFO proxyProgressAsync opId=0x7fc5f6bbc880 op.type=3 op.reqBuff=0x7fc5ec035c50 op.respSize=80 done
n232-194-226:234132:234153 [0] NCCL INFO ncclPollProxyResponse Received new opId=0x7f8aeabbc6c0
n232-194-226:234134:234156 [2] NCCL INFO ncclPollProxyResponse Received new opId=0x7fc642bbc880
n232-194-226:234136:234194 [4] NCCL INFO Allocated 4194660 bytes of shared memory in /dev/shm/nccl-nVQj3e
n232-194-226:234134:234197 [2] NCCL INFO Received and initiated operation=Init res=0
n232-194-226:234132:234153 [0] NCCL INFO recvOpId=0x7f8aeabbc6c0 matches expected opId=0x7f8aeabbc6c0
n232-194-226:234135:234157 [3] NCCL INFO ncclPollProxyResponse Received new opId=0x7fc5f6bbc880
n232-194-226:234132:234196 [0] NCCL INFO Received and initiated operation=Setup res=0
n232-194-226:234134:234156 [2] NCCL INFO recvOpId=0x7fc642bbc880 matches expected opId=0x7fc642bbc880
n232-194-226:234135:234195 [3] NCCL INFO Received and initiated operation=Setup res=0
n232-194-226:234134:234156 [2] NCCL INFO Connection to proxy localRank 2 -> connection 0x7fc638003650
n232-194-226:234135:234157 [3] NCCL INFO recvOpId=0x7fc5f6bbc880 matches expected opId=0x7fc5f6bbc880
n232-194-226:234132:234196 [0] NCCL INFO New proxy recv connection 2 from local rank 0, transport 0
n232-194-226:234132:234196 [0] NCCL INFO proxyProgressAsync opId=0x7f8aeabbc6c0 op.type=1 op.reqBuff=0x7f8b04007710 op.respSize=16 done
n232-194-226:234132:234153 [0] NCCL INFO ncclPollProxyResponse Received new opId=0x7f8aeabbc6c0
n232-194-226:234132:234153 [0] NCCL INFO recvOpId=0x7f8aeabbc6c0 matches expected opId=0x7f8aeabbc6c0
n232-194-226:234132:234196 [0] NCCL INFO Received and initiated operation=Init res=0
n232-194-226:234132:234153 [0] NCCL INFO Connection to proxy localRank 0 -> connection 0x7f8b040031f0
n232-194-226:234134:234197 [2] NCCL INFO transport/p2p.cc:204 Cuda Alloc Size 10485760 pointer 0x7fc62e000000
n232-194-226:234134:234197 [2] NCCL INFO Allocated shareable buffer 0x7fc62e000000 size 10485760 ipcDesc 0x7fc6380360d0
