Starting PyTorch NCCL Send/Recv performance tests...
# nccl-tests compatible output
# Hostname: n232-194-226
# Timestamp: 2025-08-18 15:12:36
# Test mode: multi_node
# World size: 2
# Iterations: 20
# Warmup iterations: 5
# NCCL version: PyTorch NCCL backend
# Multi-node configuration: 2 processes across nodes
#
#       size         count      type   redop    root     time   algbw   busbw #wrong
#        (B)    (elements)                               (us)  (GB/s)  (GB/s)       
Testing 21 sizes from 2K to 2G
[W ProcessGroupNCCL.cpp:1856] Warning: 0NCCL_AVOID_RECORD_STREAMS=1 has no effect for point-to-point collectives. (function operator())
n232-194-226:162784:162784 [0] NCCL INFO NCCL_SOCKET_IFNAME set by environment to eth0
n232-194-226:162784:162784 [0] NCCL INFO NCCL_SOCKET_IFNAME set to eth0
n232-194-226:162784:162784 [0] NCCL INFO Bootstrap : Using eth0:10.232.194.226<0>
n232-194-226:162784:162784 [0] NCCL INFO NET/Plugin : Plugin load (libnccl-net.so) returned 2 : libnccl-net.so: cannot open shared object file: No such file or directory
n232-194-226:162784:162784 [0] NCCL INFO NET/Plugin : No plugin found, using internal implementation
n232-194-226:162784:162784 [0] NCCL INFO cudaDriverVersion 12020
NCCL version 2.18.6+cuda12.1
n232-194-226:162784:162784 [0] NCCL INFO init.cc:1584 Cuda Host Alloc Size 4 pointer 0x7fdbe7600000
n232-194-226:162784:162852 [0] NCCL INFO NCCL_IB_DISABLE set by environment to 0.
n232-194-226:162784:162852 [0] NCCL INFO NCCL_SOCKET_IFNAME set by environment to eth0
n232-194-226:162784:162852 [0] NCCL INFO NCCL_IB_HCA set to mlx5_2,mlx5_3,mlx5_4,mlx5_5,mlx5_6,mlx5_7,mlx5_8
n232-194-226:162784:162852 [0] NCCL INFO NET/IB : Using [0]mlx5_2:1/IB [1]mlx5_3:1/IB [2]mlx5_4:1/IB [3]mlx5_5:1/IB [4]mlx5_6:1/IB [5]mlx5_7:1/IB [6]mlx5_8:1/IB [RO]; OOB eth0:10.232.194.226<0>
n232-194-226:162784:162852 [0] NCCL INFO Using network IB
n232-194-226:162784:162852 [0] NCCL INFO comm 0x55ff00ec9600 rank 0 nranks 2 cudaDev 0 nvmlDev 0 busId f000 commId 0x4e3b55a32411301e - Init START
n232-194-226:162784:162852 [0] NCCL INFO NET/IB : GPU Direct RDMA Enabled for HCA 0 'mlx5_2'
n232-194-226:162784:162852 [0] NCCL INFO NET/IB : GPU Direct RDMA Enabled for HCA 1 'mlx5_3'
n232-194-226:162784:162852 [0] NCCL INFO NET/IB : GPU Direct RDMA Enabled for HCA 2 'mlx5_4'
n232-194-226:162784:162852 [0] NCCL INFO NET/IB : GPU Direct RDMA Enabled for HCA 3 'mlx5_5'
n232-194-226:162784:162852 [0] NCCL INFO NET/IB : GPU Direct RDMA Enabled for HCA 4 'mlx5_6'
n232-194-226:162784:162852 [0] NCCL INFO NET/IB : GPU Direct RDMA Enabled for HCA 5 'mlx5_7'
n232-194-226:162784:162852 [0] NCCL INFO NET/IB : GPU Direct RDMA Enabled for HCA 6 'mlx5_8'
n232-194-226:162784:162852 [0] NCCL INFO GPU Direct RDMA Disabled for GPU f000 / HCA 0 (distance 6 > 4)
n232-194-226:162784:162852 [0] NCCL INFO GPU Direct RDMA Disabled for GPU f000 / HCA 1 (distance 6 > 4)
n232-194-226:162784:162852 [0] NCCL INFO GPU Direct RDMA Disabled for GPU f000 / HCA 2 (distance 6 > 4)
n232-194-226:162784:162852 [0] NCCL INFO GPU Direct RDMA Disabled for GPU f000 / HCA 3 (distance 7 > 4)
n232-194-226:162784:162852 [0] NCCL INFO GPU Direct RDMA Disabled for GPU f000 / HCA 4 (distance 7 > 4)
n232-194-226:162784:162852 [0] NCCL INFO GPU Direct RDMA Disabled for GPU f000 / HCA 5 (distance 7 > 4)
n232-194-226:162784:162852 [0] NCCL INFO GPU Direct RDMA Disabled for GPU f000 / HCA 6 (distance 7 > 4)
n232-194-226:162784:162852 [0] NCCL INFO GPU Direct RDMA Disabled for GPU f000 / HCA 0 (distance 6 > 4)
n232-194-226:162784:162852 [0] NCCL INFO GPU Direct RDMA Disabled for GPU f000 / HCA 1 (distance 6 > 4)
n232-194-226:162784:162852 [0] NCCL INFO GPU Direct RDMA Disabled for GPU f000 / HCA 2 (distance 6 > 4)
n232-194-226:162784:162852 [0] NCCL INFO GPU Direct RDMA Disabled for GPU f000 / HCA 3 (distance 7 > 4)
n232-194-226:162784:162852 [0] NCCL INFO GPU Direct RDMA Disabled for GPU f000 / HCA 4 (distance 7 > 4)
n232-194-226:162784:162852 [0] NCCL INFO GPU Direct RDMA Disabled for GPU f000 / HCA 5 (distance 7 > 4)
n232-194-226:162784:162852 [0] NCCL INFO GPU Direct RDMA Disabled for GPU f000 / HCA 6 (distance 7 > 4)
n232-194-226:162784:162852 [0] NCCL INFO === System : maxBw 48.0 totalBw 160.0 ===
n232-194-226:162784:162852 [0] NCCL INFO CPU/0 (1/1/2)
n232-194-226:162784:162852 [0] NCCL INFO + PCI[48.0] - PCI/C000 (1000c0301000100b)
n232-194-226:162784:162852 [0] NCCL INFO               + PCI[48.0] - GPU/F000 (0)
n232-194-226:162784:162852 [0] NCCL INFO                             + NVL[160.0] - NVS/0
n232-194-226:162784:162852 [0] NCCL INFO + PCI[48.0] - PCI/32000 (1000c0301000100b)
n232-194-226:162784:162852 [0] NCCL INFO               + PCI[48.0] - NIC/35000
n232-194-226:162784:162852 [0] NCCL INFO                             + NET[50.0] - NET/0 (b662d10003ae6d94/1/50.000000)
n232-194-226:162784:162852 [0] NCCL INFO + PCI[48.0] - PCI/45000 (1000c0301000100b)
n232-194-226:162784:162852 [0] NCCL INFO               + PCI[48.0] - NIC/47000
n232-194-226:162784:162852 [0] NCCL INFO                             + NET[50.0] - NET/1 (d663d10003ae6d94/1/50.000000)
n232-194-226:162784:162852 [0] NCCL INFO + PCI[48.0] - PCI/58000 (1000c0301000100b)
n232-194-226:162784:162852 [0] NCCL INFO               + PCI[48.0] - NIC/5B000
n232-194-226:162784:162852 [0] NCCL INFO                             + NET[50.0] - NET/2 (e661d10003ae6d94/1/50.000000)
n232-194-226:162784:162852 [0] NCCL INFO + SYS[10.0] - CPU/1
n232-194-226:162784:162852 [0] NCCL INFO CPU/1 (1/1/2)
n232-194-226:162784:162852 [0] NCCL INFO + PCI[48.0] - PCI/84000 (1000c0301000100b)
n232-194-226:162784:162852 [0] NCCL INFO               + PCI[48.0] - NIC/86000
n232-194-226:162784:162852 [0] NCCL INFO                             + NET[50.0] - NET/3 (b0cad60003ae6d94/1/50.000000)
n232-194-226:162784:162852 [0] NCCL INFO + PCI[48.0] - PCI/AC000 (1000c0301000100b)
n232-194-226:162784:162852 [0] NCCL INFO               + PCI[48.0] - NIC/AF000
n232-194-226:162784:162852 [0] NCCL INFO                             + NET[50.0] - NET/4 (c0c9d60003ae6d94/1/50.000000)
n232-194-226:162784:162852 [0] NCCL INFO + PCI[48.0] - PCI/C0000 (1000c0301000100b)
n232-194-226:162784:162852 [0] NCCL INFO               + PCI[48.0] - NIC/C3000
n232-194-226:162784:162852 [0] NCCL INFO                             + NET[50.0] - NET/5 (50c9d60003ae6d94/1/50.000000)
n232-194-226:162784:162852 [0] NCCL INFO + PCI[48.0] - PCI/D4000 (1000c0301000100b)
n232-194-226:162784:162852 [0] NCCL INFO               + PCI[48.0] - NIC/D6000
n232-194-226:162784:162852 [0] NCCL INFO                             + NET[50.0] - NET/6 (58cad60003ae6d94/1/50.000000)
n232-194-226:162784:162852 [0] NCCL INFO + SYS[10.0] - CPU/0
n232-194-226:162784:162852 [0] NCCL INFO ==========================================
n232-194-226:162784:162852 [0] NCCL INFO GPU/F000 :GPU/F000 (0/5000.000000/LOC) NVS/0 (1/160.000000/NVL) CPU/0 (2/48.000000/PHB) CPU/1 (3/10.000000/SYS) NET/0 (5/48.000000/PHB) NET/1 (5/48.000000/PHB) NET/2 (5/48.000000/PHB) NET/3 (6/10.000000/SYS) NET/4 (6/10.000000/SYS) NET/5 (6/10.000000/SYS) NET/6 (6/10.000000/SYS) 
n232-194-226:162784:162852 [0] NCCL INFO NET/0 :GPU/F000 (5/48.000000/PHB) CPU/0 (3/48.000000/PHB) CPU/1 (4/10.000000/SYS) NET/0 (0/5000.000000/LOC) NET/1 (6/48.000000/PHB) NET/2 (6/48.000000/PHB) NET/3 (7/10.000000/SYS) NET/4 (7/10.000000/SYS) NET/5 (7/10.000000/SYS) NET/6 (7/10.000000/SYS) 
n232-194-226:162784:162852 [0] NCCL INFO NET/1 :GPU/F000 (5/48.000000/PHB) CPU/0 (3/48.000000/PHB) CPU/1 (4/10.000000/SYS) NET/0 (6/48.000000/PHB) NET/1 (0/5000.000000/LOC) NET/2 (6/48.000000/PHB) NET/3 (7/10.000000/SYS) NET/4 (7/10.000000/SYS) NET/5 (7/10.000000/SYS) NET/6 (7/10.000000/SYS) 
n232-194-226:162784:162852 [0] NCCL INFO NET/2 :GPU/F000 (5/48.000000/PHB) CPU/0 (3/48.000000/PHB) CPU/1 (4/10.000000/SYS) NET/0 (6/48.000000/PHB) NET/1 (6/48.000000/PHB) NET/2 (0/5000.000000/LOC) NET/3 (7/10.000000/SYS) NET/4 (7/10.000000/SYS) NET/5 (7/10.000000/SYS) NET/6 (7/10.000000/SYS) 
n232-194-226:162784:162852 [0] NCCL INFO NET/3 :GPU/F000 (6/10.000000/SYS) CPU/0 (4/10.000000/SYS) CPU/1 (3/48.000000/PHB) NET/0 (7/10.000000/SYS) NET/1 (7/10.000000/SYS) NET/2 (7/10.000000/SYS) NET/3 (0/5000.000000/LOC) NET/4 (6/48.000000/PHB) NET/5 (6/48.000000/PHB) NET/6 (6/48.000000/PHB) 
n232-194-226:162784:162852 [0] NCCL INFO NET/4 :GPU/F000 (6/10.000000/SYS) CPU/0 (4/10.000000/SYS) CPU/1 (3/48.000000/PHB) NET/0 (7/10.000000/SYS) NET/1 (7/10.000000/SYS) NET/2 (7/10.000000/SYS) NET/3 (6/48.000000/PHB) NET/4 (0/5000.000000/LOC) NET/5 (6/48.000000/PHB) NET/6 (6/48.000000/PHB) 
n232-194-226:162784:162852 [0] NCCL INFO NET/5 :GPU/F000 (6/10.000000/SYS) CPU/0 (4/10.000000/SYS) CPU/1 (3/48.000000/PHB) NET/0 (7/10.000000/SYS) NET/1 (7/10.000000/SYS) NET/2 (7/10.000000/SYS) NET/3 (6/48.000000/PHB) NET/4 (6/48.000000/PHB) NET/5 (0/5000.000000/LOC) NET/6 (6/48.000000/PHB) 
n232-194-226:162784:162852 [0] NCCL INFO NET/6 :GPU/F000 (6/10.000000/SYS) CPU/0 (4/10.000000/SYS) CPU/1 (3/48.000000/PHB) NET/0 (7/10.000000/SYS) NET/1 (7/10.000000/SYS) NET/2 (7/10.000000/SYS) NET/3 (6/48.000000/PHB) NET/4 (6/48.000000/PHB) NET/5 (6/48.000000/PHB) NET/6 (0/5000.000000/LOC) 
n232-194-226:162784:162852 [0] NCCL INFO Setting affinity for GPU 0 to ffff,ffffffff,00000000,0000ffff,ffffffff
n232-194-226:162784:162852 [0] NCCL INFO Pattern 4, crossNic 0, nChannels 2, bw 20.000000/20.000000, type LOC/PHB, sameChannels 1
n232-194-226:162784:162852 [0] NCCL INFO  0 : NET/0 GPU/0 NET/0
n232-194-226:162784:162852 [0] NCCL INFO  1 : NET/0 GPU/0 NET/0
n232-194-226:162784:162852 [0] NCCL INFO Pattern 3, crossNic 0, nChannels 2, bw 40.000000/20.000000, type LOC/PHB, sameChannels 1
n232-194-226:162784:162852 [0] NCCL INFO  0 : NET/0 GPU/0 NET/0
n232-194-226:162784:162852 [0] NCCL INFO  1 : NET/0 GPU/0 NET/0
n232-194-226:162784:162852 [0] NCCL INFO Tree 0 : -1 -> 0 -> 1/-1/-1
n232-194-226:162784:162852 [0] NCCL INFO Tree 2 : 1 -> 0 -> -1/-1/-1
n232-194-226:162784:162852 [0] NCCL INFO Tree 1 : -1 -> 0 -> 1/-1/-1
n232-194-226:162784:162852 [0] NCCL INFO Tree 3 : 1 -> 0 -> -1/-1/-1
n232-194-226:162784:162852 [0] NCCL INFO Channel 00/04 :    0   1
n232-194-226:162784:162852 [0] NCCL INFO Channel 01/04 :    0   1
n232-194-226:162784:162852 [0] NCCL INFO Channel 02/04 :    0   1
n232-194-226:162784:162852 [0] NCCL INFO Channel 03/04 :    0   1
n232-194-226:162784:162852 [0] NCCL INFO Ring 00 : 1 -> 0 -> 1
n232-194-226:162784:162852 [0] NCCL INFO Ring 01 : 1 -> 0 -> 1
n232-194-226:162784:162852 [0] NCCL INFO Ring 02 : 1 -> 0 -> 1
n232-194-226:162784:162852 [0] NCCL INFO Ring 03 : 1 -> 0 -> 1
n232-194-226:162784:162852 [0] NCCL INFO Trees [0] 1/-1/-1->0->-1 [1] 1/-1/-1->0->-1 [2] -1/-1/-1->0->1 [3] -1/-1/-1->0->1
n232-194-226:162784:162852 [0] NCCL INFO P2P Chunksize set to 131072
n232-194-226:162784:162852 [0] NCCL INFO misc/utils.cc:235 memory stack hunk malloc(65536)
n232-194-226:162784:162852 [0] NCCL INFO channel.cc:40 Cuda Alloc Size 768 pointer 0x7fdbf1000000
n232-194-226:162784:162852 [0] NCCL INFO channel.cc:43 Cuda Alloc Size 32 pointer 0x7fdbf1000400
n232-194-226:162784:162852 [0] NCCL INFO channel.cc:54 Cuda Alloc Size 8 pointer 0x7fdbf1000600
n232-194-226:162784:162852 [0] NCCL INFO channel.cc:40 Cuda Alloc Size 768 pointer 0x7fdbf1000800
n232-194-226:162784:162852 [0] NCCL INFO channel.cc:43 Cuda Alloc Size 32 pointer 0x7fdbf1000c00
n232-194-226:162784:162852 [0] NCCL INFO channel.cc:54 Cuda Alloc Size 8 pointer 0x7fdbf1000e00
n232-194-226:162784:162852 [0] NCCL INFO channel.cc:40 Cuda Alloc Size 768 pointer 0x7fdbf1001000
n232-194-226:162784:162852 [0] NCCL INFO channel.cc:43 Cuda Alloc Size 32 pointer 0x7fdbf1001400
n232-194-226:162784:162852 [0] NCCL INFO channel.cc:54 Cuda Alloc Size 8 pointer 0x7fdbf1001600
n232-194-226:162784:162852 [0] NCCL INFO channel.cc:40 Cuda Alloc Size 768 pointer 0x7fdbf1001800
n232-194-226:162784:162852 [0] NCCL INFO channel.cc:43 Cuda Alloc Size 32 pointer 0x7fdbf1001c00
n232-194-226:162784:162852 [0] NCCL INFO channel.cc:54 Cuda Alloc Size 8 pointer 0x7fdbf1001e00
n232-194-226:162784:162852 [0] NCCL INFO GPU Direct RDMA Disabled for GPU f000 / HCA 0 (distance 6 > 4)
n232-194-226:162784:162860 [0] NCCL INFO Mem Realloc old size 0, new size 8 pointer 0x7fdbc0000bf0
n232-194-226:162784:162860 [0] NCCL INFO Allocated 4194660 bytes of shared memory in /dev/shm/nccl-Q1csMz
n232-194-226:162784:162860 [0] NCCL INFO New proxy recv connection 0 from local rank 0, transport 2
n232-194-226:162784:162860 [0] NCCL INFO proxyProgressAsync opId=0x7fdbb2bba2d0 op.type=1 op.reqBuff=0x7fdbc0000bb0 op.respSize=16 done
n232-194-226:162784:162852 [0] NCCL INFO ncclPollProxyResponse Received new opId=0x7fdbb2bba2d0
n232-194-226:162784:162852 [0] NCCL INFO recvOpId=0x7fdbb2bba2d0 matches expected opId=0x7fdbb2bba2d0
n232-194-226:162784:162860 [0] NCCL INFO Received and initiated operation=Init res=0
n232-194-226:162784:162852 [0] NCCL INFO Connection to proxy localRank 0 -> connection 0x7fdbc0003160
n232-194-226:162784:162860 [0] NCCL INFO proxyProgressAsync opId=0x7fdbb2bba2d0 op.type=3 op.reqBuff=0x7fdbc0005c80 op.respSize=128 done
n232-194-226:162784:162852 [0] NCCL INFO ncclPollProxyResponse Received new opId=0x7fdbb2bba2d0
n232-194-226:162784:162852 [0] NCCL INFO recvOpId=0x7fdbb2bba2d0 matches expected opId=0x7fdbb2bba2d0
n232-194-226:162784:162860 [0] NCCL INFO Received and initiated operation=Setup res=0
n232-194-226:162784:162852 [0] NCCL INFO Channel 00/0 : 1[1] -> 0[0] [receive] via NET/IB/0
n232-194-226:162784:162852 [0] NCCL INFO GPU Direct RDMA Disabled for GPU f000 / HCA 0 (distance 6 > 4)
n232-194-226:162784:162860 [0] NCCL INFO New proxy recv connection 1 from local rank 0, transport 2
n232-194-226:162784:162860 [0] NCCL INFO proxyProgressAsync opId=0x7fdbb2bba2d0 op.type=1 op.reqBuff=0x7fdbc000b100 op.respSize=16 done
n232-194-226:162784:162852 [0] NCCL INFO ncclPollProxyResponse Received new opId=0x7fdbb2bba2d0
n232-194-226:162784:162852 [0] NCCL INFO recvOpId=0x7fdbb2bba2d0 matches expected opId=0x7fdbb2bba2d0
n232-194-226:162784:162860 [0] NCCL INFO Received and initiated operation=Init res=0
n232-194-226:162784:162852 [0] NCCL INFO Connection to proxy localRank 0 -> connection 0x7fdbc00031b0
n232-194-226:162784:162860 [0] NCCL INFO proxyProgressAsync opId=0x7fdbb2bba2d0 op.type=3 op.reqBuff=0x7fdbc000b180 op.respSize=128 done
n232-194-226:162784:162852 [0] NCCL INFO ncclPollProxyResponse Received new opId=0x7fdbb2bba2d0
n232-194-226:162784:162852 [0] NCCL INFO recvOpId=0x7fdbb2bba2d0 matches expected opId=0x7fdbb2bba2d0
n232-194-226:162784:162860 [0] NCCL INFO Received and initiated operation=Setup res=0
n232-194-226:162784:162852 [0] NCCL INFO Channel 01/0 : 1[1] -> 0[0] [receive] via NET/IB/0
n232-194-226:162784:162852 [0] NCCL INFO GPU Direct RDMA Disabled for GPU f000 / HCA 0 (distance 6 > 4)
n232-194-226:162784:162860 [0] NCCL INFO New proxy recv connection 2 from local rank 0, transport 2
n232-194-226:162784:162860 [0] NCCL INFO proxyProgressAsync opId=0x7fdbb2bba2d0 op.type=1 op.reqBuff=0x7fdbc0010600 op.respSize=16 done
n232-194-226:162784:162852 [0] NCCL INFO ncclPollProxyResponse Received new opId=0x7fdbb2bba2d0
n232-194-226:162784:162852 [0] NCCL INFO recvOpId=0x7fdbb2bba2d0 matches expected opId=0x7fdbb2bba2d0
n232-194-226:162784:162852 [0] NCCL INFO Connection to proxy localRank 0 -> connection 0x7fdbc0003200
n232-194-226:162784:162860 [0] NCCL INFO Received and initiated operation=Init res=0
n232-194-226:162784:162860 [0] NCCL INFO proxyProgressAsync opId=0x7fdbb2bba2d0 op.type=3 op.reqBuff=0x7fdbc0010680 op.respSize=128 done
n232-194-226:162784:162852 [0] NCCL INFO ncclPollProxyResponse Received new opId=0x7fdbb2bba2d0
n232-194-226:162784:162852 [0] NCCL INFO recvOpId=0x7fdbb2bba2d0 matches expected opId=0x7fdbb2bba2d0
n232-194-226:162784:162852 [0] NCCL INFO Channel 02/0 : 1[1] -> 0[0] [receive] via NET/IB/0
n232-194-226:162784:162860 [0] NCCL INFO Received and initiated operation=Setup res=0
n232-194-226:162784:162852 [0] NCCL INFO GPU Direct RDMA Disabled for GPU f000 / HCA 0 (distance 6 > 4)
n232-194-226:162784:162860 [0] NCCL INFO New proxy recv connection 3 from local rank 0, transport 2
n232-194-226:162784:162860 [0] NCCL INFO proxyProgressAsync opId=0x7fdbb2bba2d0 op.type=1 op.reqBuff=0x7fdbc0015b00 op.respSize=16 done
n232-194-226:162784:162852 [0] NCCL INFO ncclPollProxyResponse Received new opId=0x7fdbb2bba2d0
n232-194-226:162784:162852 [0] NCCL INFO recvOpId=0x7fdbb2bba2d0 matches expected opId=0x7fdbb2bba2d0
n232-194-226:162784:162852 [0] NCCL INFO Connection to proxy localRank 0 -> connection 0x7fdbc0003250
n232-194-226:162784:162860 [0] NCCL INFO Received and initiated operation=Init res=0
n232-194-226:162784:162860 [0] NCCL INFO proxyProgressAsync opId=0x7fdbb2bba2d0 op.type=3 op.reqBuff=0x7fdbc0015b80 op.respSize=128 done
n232-194-226:162784:162852 [0] NCCL INFO ncclPollProxyResponse Received new opId=0x7fdbb2bba2d0
n232-194-226:162784:162852 [0] NCCL INFO recvOpId=0x7fdbb2bba2d0 matches expected opId=0x7fdbb2bba2d0
n232-194-226:162784:162852 [0] NCCL INFO Channel 03/0 : 1[1] -> 0[0] [receive] via NET/IB/0
n232-194-226:162784:162860 [0] NCCL INFO Received and initiated operation=Setup res=0
n232-194-226:162784:162852 [0] NCCL INFO GPU Direct RDMA Disabled for GPU f000 / HCA 0 (distance 6 > 4)
n232-194-226:162784:162860 [0] NCCL INFO New proxy send connection 4 from local rank 0, transport 2
n232-194-226:162784:162860 [0] NCCL INFO proxyProgressAsync opId=0x7fdbb2bba2d0 op.type=1 op.reqBuff=0x7fdbc0015b20 op.respSize=16 done
n232-194-226:162784:162852 [0] NCCL INFO ncclPollProxyResponse Received new opId=0x7fdbb2bba2d0
n232-194-226:162784:162852 [0] NCCL INFO recvOpId=0x7fdbb2bba2d0 matches expected opId=0x7fdbb2bba2d0
n232-194-226:162784:162860 [0] NCCL INFO Received and initiated operation=Init res=0
n232-194-226:162784:162852 [0] NCCL INFO Connection to proxy localRank 0 -> connection 0x7fdbc00032a0
n232-194-226:162784:162860 [0] NCCL INFO proxyProgressAsync opId=0x7fdbb2bba2d0 op.type=3 op.reqBuff=0x7fdbc001afe0 op.respSize=0 done
n232-194-226:162784:162852 [0] NCCL INFO ncclPollProxyResponse Received new opId=0x7fdbb2bba2d0
n232-194-226:162784:162860 [0] NCCL INFO Received and initiated operation=Setup res=0
n232-194-226:162784:162852 [0] NCCL INFO recvOpId=0x7fdbb2bba2d0 matches expected opId=0x7fdbb2bba2d0
n232-194-226:162784:162852 [0] NCCL INFO Channel 00/0 : 0[0] -> 1[1] [send] via NET/IB/0
n232-194-226:162784:162852 [0] NCCL INFO GPU Direct RDMA Disabled for GPU f000 / HCA 0 (distance 6 > 4)
n232-194-226:162784:162860 [0] NCCL INFO New proxy send connection 5 from local rank 0, transport 2
n232-194-226:162784:162860 [0] NCCL INFO proxyProgressAsync opId=0x7fdbb2bba2d0 op.type=1 op.reqBuff=0x7fdbc001afc0 op.respSize=16 done
n232-194-226:162784:162852 [0] NCCL INFO ncclPollProxyResponse Received new opId=0x7fdbb2bba2d0
n232-194-226:162784:162852 [0] NCCL INFO recvOpId=0x7fdbb2bba2d0 matches expected opId=0x7fdbb2bba2d0
n232-194-226:162784:162860 [0] NCCL INFO Received and initiated operation=Init res=0
n232-194-226:162784:162852 [0] NCCL INFO Connection to proxy localRank 0 -> connection 0x7fdbc00032f0
n232-194-226:162784:162860 [0] NCCL INFO proxyProgressAsync opId=0x7fdbb2bba2d0 op.type=3 op.reqBuff=0x7fdbc00202f0 op.respSize=0 done
n232-194-226:162784:162852 [0] NCCL INFO ncclPollProxyResponse Received new opId=0x7fdbb2bba2d0
n232-194-226:162784:162860 [0] NCCL INFO Received and initiated operation=Setup res=0
n232-194-226:162784:162852 [0] NCCL INFO recvOpId=0x7fdbb2bba2d0 matches expected opId=0x7fdbb2bba2d0
n232-194-226:162784:162852 [0] NCCL INFO Channel 01/0 : 0[0] -> 1[1] [send] via NET/IB/0
n232-194-226:162784:162852 [0] NCCL INFO GPU Direct RDMA Disabled for GPU f000 / HCA 0 (distance 6 > 4)
n232-194-226:162784:162860 [0] NCCL INFO New proxy send connection 6 from local rank 0, transport 2
n232-194-226:162784:162860 [0] NCCL INFO proxyProgressAsync opId=0x7fdbb2bba2d0 op.type=1 op.reqBuff=0x7fdbc0015b20 op.respSize=16 done
n232-194-226:162784:162852 [0] NCCL INFO ncclPollProxyResponse Received new opId=0x7fdbb2bba2d0
n232-194-226:162784:162852 [0] NCCL INFO recvOpId=0x7fdbb2bba2d0 matches expected opId=0x7fdbb2bba2d0
n232-194-226:162784:162860 [0] NCCL INFO Received and initiated operation=Init res=0
n232-194-226:162784:162852 [0] NCCL INFO Connection to proxy localRank 0 -> connection 0x7fdbc0003340
n232-194-226:162784:162860 [0] NCCL INFO proxyProgressAsync opId=0x7fdbb2bba2d0 op.type=3 op.reqBuff=0x7fdbc0025600 op.respSize=0 done
n232-194-226:162784:162852 [0] NCCL INFO ncclPollProxyResponse Received new opId=0x7fdbb2bba2d0
n232-194-226:162784:162860 [0] NCCL INFO Received and initiated operation=Setup res=0
n232-194-226:162784:162852 [0] NCCL INFO recvOpId=0x7fdbb2bba2d0 matches expected opId=0x7fdbb2bba2d0
n232-194-226:162784:162852 [0] NCCL INFO Channel 02/0 : 0[0] -> 1[1] [send] via NET/IB/0
n232-194-226:162784:162852 [0] NCCL INFO GPU Direct RDMA Disabled for GPU f000 / HCA 0 (distance 6 > 4)
n232-194-226:162784:162860 [0] NCCL INFO New proxy send connection 7 from local rank 0, transport 2
n232-194-226:162784:162860 [0] NCCL INFO proxyProgressAsync opId=0x7fdbb2bba2d0 op.type=1 op.reqBuff=0x7fdbc001afc0 op.respSize=16 done
n232-194-226:162784:162852 [0] NCCL INFO ncclPollProxyResponse Received new opId=0x7fdbb2bba2d0
n232-194-226:162784:162860 [0] NCCL INFO Received and initiated operation=Init res=0
n232-194-226:162784:162852 [0] NCCL INFO recvOpId=0x7fdbb2bba2d0 matches expected opId=0x7fdbb2bba2d0
n232-194-226:162784:162852 [0] NCCL INFO Connection to proxy localRank 0 -> connection 0x7fdbc0003390
n232-194-226:162784:162860 [0] NCCL INFO proxyProgressAsync opId=0x7fdbb2bba2d0 op.type=3 op.reqBuff=0x7fdbc002a910 op.respSize=0 done
n232-194-226:162784:162852 [0] NCCL INFO ncclPollProxyResponse Received new opId=0x7fdbb2bba2d0
n232-194-226:162784:162860 [0] NCCL INFO Received and initiated operation=Setup res=0
n232-194-226:162784:162852 [0] NCCL INFO recvOpId=0x7fdbb2bba2d0 matches expected opId=0x7fdbb2bba2d0
n232-194-226:162784:162852 [0] NCCL INFO Channel 03/0 : 0[0] -> 1[1] [send] via NET/IB/0
n232-194-226:162784:162852 [0] NCCL INFO sendConnect ncclProxyCallAsync opId=0x7fdbb327de18
n232-194-226:162784:162852 [0] NCCL INFO recvConnect ncclProxyCallAsync opId=0x7fdbb327df38 &recv->proxyConn=0x7fdbb327df40 connectInfo=0x7fdbb3293630
n232-194-226:162784:162860 [0] NCCL INFO transport/net_ib.cc:627 Ib Alloc Size 27160 pointer 0x7fdbc0035000
n232-194-226:162784:162852 [0] NCCL INFO sendConnect ncclProxyCallAsync opId=0x7fdbb328faa8
n232-194-226:162784:162852 [0] NCCL INFO recvConnect ncclProxyCallAsync opId=0x7fdbb328fbc8 &recv->proxyConn=0x7fdbb328fbd0 connectInfo=0x7fdbb32936b0
n232-194-226:162784:162852 [0] NCCL INFO sendConnect ncclProxyCallAsync opId=0x7fdbb3290f08
n232-194-226:162784:162852 [0] NCCL INFO recvConnect ncclProxyCallAsync opId=0x7fdbb3291028 &recv->proxyConn=0x7fdbb3291030 connectInfo=0x7fdbb3293730
n232-194-226:162784:162852 [0] NCCL INFO sendConnect ncclProxyCallAsync opId=0x7fdbb3292368
n232-194-226:162784:162852 [0] NCCL INFO recvConnect ncclProxyCallAsync opId=0x7fdbb3292488 &recv->proxyConn=0x7fdbb3292490 connectInfo=0x7fdbb32937b0
n232-194-226:162784:162860 [0] NCCL INFO NET/IB: Dev 0 Port 1 qpn 57943 mtu 5 LID 42
n232-194-226:162784:162860 [0] NCCL INFO transport/net_ib.cc:679 Ib Alloc Size 552 pointer 0x7fdbc0057000
n232-194-226:162784:162860 [0] NCCL INFO Received and initiated operation=Connect res=0
n232-194-226:162784:162860 [0] NCCL INFO transport/net_ib.cc:739 Ib Alloc Size 22280 pointer 0x7fdbc005e000
n232-194-226:162784:162860 [0] NCCL INFO transport/net_ib.cc:752 Ib Alloc Size 552 pointer 0x7fdbc0065000
n232-194-226:162784:162860 [0] NCCL INFO transport/net_ib.cc:830 Ib Alloc Size 552 pointer 0x7fdbc0082000
n232-194-226:162784:162860 [0] NCCL INFO Received and initiated operation=Connect res=0
n232-194-226:162784:162860 [0] NCCL INFO transport/net_ib.cc:627 Ib Alloc Size 27160 pointer 0x7fdbc0089000
n232-194-226:162784:162860 [0] NCCL INFO NET/IB: Dev 0 Port 1 qpn 57949 mtu 5 LID 42
n232-194-226:162784:162860 [0] NCCL INFO transport/net_ib.cc:679 Ib Alloc Size 552 pointer 0x7fdbc00a0000
n232-194-226:162784:162860 [0] NCCL INFO Received and initiated operation=Connect res=0
n232-194-226:162784:162860 [0] NCCL INFO transport/net_ib.cc:739 Ib Alloc Size 22280 pointer 0x7fdbc00a7000
n232-194-226:162784:162860 [0] NCCL INFO transport/net_ib.cc:752 Ib Alloc Size 552 pointer 0x7fdbc00ae000
n232-194-226:162784:162860 [0] NCCL INFO transport/net_ib.cc:830 Ib Alloc Size 552 pointer 0x7fdbc00cb000
n232-194-226:162784:162860 [0] NCCL INFO Received and initiated operation=Connect res=0
n232-194-226:162784:162860 [0] NCCL INFO transport/net.cc:643 Cuda Host Alloc Size 9641984 pointer 0x7fdbf1200000
n232-194-226:162784:162860 [0] NCCL INFO Mem Realloc old size 0, new size 768 pointer 0x7fdbc00c0920
n232-194-226:162784:162860 [0] NCCL INFO proxyProgressAsync opId=0x7fdbb327de18 op.type=4 op.reqBuff=0x7fdbc002fc20 op.respSize=21040 done
n232-194-226:162784:162852 [0] NCCL INFO ncclPollProxyResponse Received new opId=0x7fdbb327de18
n232-194-226:162784:162852 [0] NCCL INFO Queuing opId=0x7fdbb327de18 respBuff=0x7fdbb32e7990 respSize=21040
n232-194-226:162784:162852 [0] NCCL INFO ncclPollProxyResponse Dequeued cached opId=0x7fdbb327de18
n232-194-226:162784:162852 [0] NCCL INFO sendConnect ncclPollProxyResponse opId=0x7fdbb327de18
n232-194-226:162784:162860 [0] NCCL INFO transport/net.cc:778 Cuda Host Alloc Size 9641984 pointer 0x7fdbf1c00000
n232-194-226:162784:162860 [0] NCCL INFO proxyProgressAsync opId=0x7fdbb327df38 op.type=4 op.reqBuff=0x7fdbc0015b20 op.respSize=21040 done
n232-194-226:162784:162852 [0] NCCL INFO ncclPollProxyResponse Received new opId=0x7fdbb327df38
n232-194-226:162784:162852 [0] NCCL INFO Queuing opId=0x7fdbb327df38 respBuff=0x7fdbb329a7a0 respSize=21040
n232-194-226:162784:162852 [0] NCCL INFO ncclPollProxyResponse Dequeued cached opId=0x7fdbb327df38
n232-194-226:162784:162852 [0] NCCL INFO recvConnect ncclPollProxyResponse opId=0x7fdbb327df38
n232-194-226:162784:162860 [0] NCCL INFO transport/net.cc:643 Cuda Host Alloc Size 9641984 pointer 0x7fdbf2600000
n232-194-226:162784:162860 [0] NCCL INFO proxyProgressAsync opId=0x7fdbb328faa8 op.type=4 op.reqBuff=0x7fdbc0044e20 op.respSize=21040 done
n232-194-226:162784:162852 [0] NCCL INFO ncclPollProxyResponse Received new opId=0x7fdbb328faa8
n232-194-226:162784:162852 [0] NCCL INFO Queuing opId=0x7fdbb328faa8 respBuff=0x7fdbb329a7a0 respSize=21040
n232-194-226:162784:162852 [0] NCCL INFO ncclPollProxyResponse Dequeued cached opId=0x7fdbb328faa8
n232-194-226:162784:162852 [0] NCCL INFO sendConnect ncclPollProxyResponse opId=0x7fdbb328faa8
n232-194-226:162784:162860 [0] NCCL INFO transport/net.cc:778 Cuda Host Alloc Size 9641984 pointer 0x7fdbf3000000
n232-194-226:162784:162860 [0] NCCL INFO proxyProgressAsync opId=0x7fdbb328fbc8 op.type=4 op.reqBuff=0x7fdbc001afc0 op.respSize=21040 done
n232-194-226:162784:162852 [0] NCCL INFO ncclPollProxyResponse Received new opId=0x7fdbb328fbc8
n232-194-226:162784:162852 [0] NCCL INFO Queuing opId=0x7fdbb328fbc8 respBuff=0x7fdbb32a4c20 respSize=21040
n232-194-226:162784:162852 [0] NCCL INFO ncclPollProxyResponse Dequeued cached opId=0x7fdbb328fbc8
n232-194-226:162784:162852 [0] NCCL INFO recvConnect ncclPollProxyResponse opId=0x7fdbb328fbc8
n232-194-226:162784:162860 [0] NCCL INFO transport/net_ib.cc:627 Ib Alloc Size 27160 pointer 0x7fdbc00cd000
n232-194-226:162784:162860 [0] NCCL INFO NET/IB: Dev 0 Port 1 qpn 57962 mtu 5 LID 42
n232-194-226:162784:162860 [0] NCCL INFO transport/net_ib.cc:679 Ib Alloc Size 552 pointer 0x7fdbc0059000
n232-194-226:162784:162860 [0] NCCL INFO Received and initiated operation=Connect res=0
n232-194-226:162784:162860 [0] NCCL INFO transport/net_ib.cc:739 Ib Alloc Size 22280 pointer 0x7fdbc00df000
n232-194-226:162784:162860 [0] NCCL INFO transport/net_ib.cc:752 Ib Alloc Size 552 pointer 0x7fdbc005b000
n232-194-226:162784:162860 [0] NCCL INFO transport/net_ib.cc:830 Ib Alloc Size 552 pointer 0x7fdbc00ff000
n232-194-226:162784:162860 [0] NCCL INFO Received and initiated operation=Connect res=0
n232-194-226:162784:162860 [0] NCCL INFO transport/net_ib.cc:627 Ib Alloc Size 27160 pointer 0x7fdbc0106000
n232-194-226:162784:162860 [0] NCCL INFO NET/IB: Dev 0 Port 1 qpn 57972 mtu 5 LID 42
n232-194-226:162784:162860 [0] NCCL INFO transport/net_ib.cc:679 Ib Alloc Size 552 pointer 0x7fdbc011d000
n232-194-226:162784:162860 [0] NCCL INFO Received and initiated operation=Connect res=0
n232-194-226:162784:162860 [0] NCCL INFO transport/net.cc:643 Cuda Host Alloc Size 9641984 pointer 0x7fdbf3a00000
n232-194-226:162784:162860 [0] NCCL INFO proxyProgressAsync opId=0x7fdbb3290f08 op.type=4 op.reqBuff=0x7fdbc0077f30 op.respSize=21040 done
n232-194-226:162784:162852 [0] NCCL INFO ncclPollProxyResponse Received new opId=0x7fdbb3290f08
n232-194-226:162784:162852 [0] NCCL INFO Queuing opId=0x7fdbb3290f08 respBuff=0x7fdbb329a7a0 respSize=21040
n232-194-226:162784:162852 [0] NCCL INFO ncclPollProxyResponse Dequeued cached opId=0x7fdbb3290f08
n232-194-226:162784:162852 [0] NCCL INFO sendConnect ncclPollProxyResponse opId=0x7fdbb3290f08
n232-194-226:162784:162860 [0] NCCL INFO transport/net.cc:778 Cuda Host Alloc Size 9641984 pointer 0x7fdbf4400000
n232-194-226:162784:162860 [0] NCCL INFO proxyProgressAsync opId=0x7fdbb3291028 op.type=4 op.reqBuff=0x7fdbc001afc0 op.respSize=21040 done
n232-194-226:162784:162852 [0] NCCL INFO ncclPollProxyResponse Received new opId=0x7fdbb3291028
n232-194-226:162784:162852 [0] NCCL INFO recvOpId=0x7fdbb3291028 matches expected opId=0x7fdbb3291028
n232-194-226:162784:162852 [0] NCCL INFO recvConnect ncclPollProxyResponse opId=0x7fdbb3291028
n232-194-226:162784:162860 [0] NCCL INFO transport/net.cc:643 Cuda Host Alloc Size 9641984 pointer 0x7fdbf4e00000
n232-194-226:162784:162860 [0] NCCL INFO proxyProgressAsync opId=0x7fdbb3292368 op.type=4 op.reqBuff=0x7fdbc00e5ee0 op.respSize=21040 done
n232-194-226:162784:162852 [0] NCCL INFO ncclPollProxyResponse Received new opId=0x7fdbb3292368
n232-194-226:162784:162852 [0] NCCL INFO Queuing opId=0x7fdbb3292368 respBuff=0x7fdbb32af0a0 respSize=21040
n232-194-226:162784:162852 [0] NCCL INFO ncclPollProxyResponse Dequeued cached opId=0x7fdbb3292368
n232-194-226:162784:162852 [0] NCCL INFO sendConnect ncclPollProxyResponse opId=0x7fdbb3292368
n232-194-226:162784:162860 [0] NCCL INFO transport/net_ib.cc:739 Ib Alloc Size 22280 pointer 0x7fdbc011f000
n232-194-226:162784:162860 [0] NCCL INFO transport/net_ib.cc:752 Ib Alloc Size 552 pointer 0x7fdbc0059000
n232-194-226:162784:162860 [0] NCCL INFO transport/net_ib.cc:830 Ib Alloc Size 552 pointer 0x7fdbc0059000
n232-194-226:162784:162860 [0] NCCL INFO Received and initiated operation=Connect res=0
n232-194-226:162784:162860 [0] NCCL INFO transport/net.cc:778 Cuda Host Alloc Size 9641984 pointer 0x7fdbf5800000
n232-194-226:162784:162860 [0] NCCL INFO proxyProgressAsync opId=0x7fdbb3292488 op.type=4 op.reqBuff=0x7fdbc00e5f20 op.respSize=21040 done
n232-194-226:162784:162852 [0] NCCL INFO ncclPollProxyResponse Received new opId=0x7fdbb3292488
n232-194-226:162784:162852 [0] NCCL INFO recvOpId=0x7fdbb3292488 matches expected opId=0x7fdbb3292488
n232-194-226:162784:162852 [0] NCCL INFO recvConnect ncclPollProxyResponse opId=0x7fdbb3292488
n232-194-226:162784:162852 [0] NCCL INFO Connected all rings
n232-194-226:162784:162852 [0] NCCL INFO Connected all trees
n232-194-226:162784:162852 [0] NCCL INFO   Algorithm   |                            Tree                  |                            Ring                  |                   CollNetDirect                  |
n232-194-226:162784:162852 [0] NCCL INFO   Protocol    |             LL |          LL128 |         Simple |             LL |          LL128 |         Simple |             LL |          LL128 |         Simple |
n232-194-226:162784:162852 [0] NCCL INFO  Max NThreads |            512 |            640 |            512 |            512 |            640 |            512 |              0 |              0 |            640 |
n232-194-226:162784:162852 [0] NCCL INFO     Broadcast |     0.0/   0.0 |     0.0/   0.0 |     0.0/   0.0 |     9.3/  10.0 |    18.0/   0.0 |    22.4/  40.0 |     0.0/   0.0 |     0.0/   0.0 |     0.0/   0.0 |
n232-194-226:162784:162852 [0] NCCL INFO        Reduce |     0.0/   0.0 |     0.0/   0.0 |     0.0/   0.0 |     9.3/  10.0 |    18.0/   0.0 |    22.4/  40.0 |     0.0/   0.0 |     0.0/   0.0 |     0.0/   0.0 |
n232-194-226:162784:162852 [0] NCCL INFO     AllGather |     0.0/   0.0 |     0.0/   0.0 |     0.0/   0.0 |     9.3/  20.0 |    18.0/   0.0 |    22.4/  80.0 |     0.0/   0.0 |     0.0/   0.0 |     0.0/   0.0 |
n232-194-226:162784:162852 [0] NCCL INFO ReduceScatter |     0.0/   0.0 |     0.0/   0.0 |     0.0/   0.0 |     9.3/  20.0 |    18.0/   0.0 |    22.4/  80.0 |     0.0/   0.0 |     0.0/   0.0 |     0.0/   0.0 |
n232-194-226:162784:162852 [0] NCCL INFO     AllReduce |    16.8/   8.2 |    31.0/   0.0 |    28.0/  31.3 |    15.4/  10.0 |    25.0/   0.0 |    53.0/  40.0 |     6.8/   0.0 |    14.0/   0.0 |    10.7/   0.0 |
n232-194-226:162784:162852 [0] NCCL INFO   Algorithm   |                    CollNetChain                  |                            NVLS                  |                        NVLSTree                  |
n232-194-226:162784:162852 [0] NCCL INFO   Protocol    |             LL |          LL128 |         Simple |             LL |          LL128 |         Simple |             LL |          LL128 |         Simple |
n232-194-226:162784:162852 [0] NCCL INFO  Max NThreads |              0 |              0 |            640 |              0 |              0 |            640 |              0 |              0 |            640 |
n232-194-226:162784:162852 [0] NCCL INFO     Broadcast |     0.0/   0.0 |     0.0/   0.0 |     0.0/   0.0 |     0.0/   0.0 |     0.0/   0.0 |     0.0/   0.0 |     0.0/   0.0 |     0.0/   0.0 |     0.0/   0.0 |
n232-194-226:162784:162852 [0] NCCL INFO        Reduce |     0.0/   0.0 |     0.0/   0.0 |     0.0/   0.0 |     0.0/   0.0 |     0.0/   0.0 |     0.0/   0.0 |     0.0/   0.0 |     0.0/   0.0 |     0.0/   0.0 |
n232-194-226:162784:162852 [0] NCCL INFO     AllGather |     0.0/   0.0 |     0.0/   0.0 |     0.0/   0.0 |     0.0/   0.0 |     0.0/   0.0 |     0.0/   0.0 |     0.0/   0.0 |     0.0/   0.0 |     0.0/   0.0 |
n232-194-226:162784:162852 [0] NCCL INFO ReduceScatter |     0.0/   0.0 |     0.0/   0.0 |     0.0/   0.0 |     0.0/   0.0 |     0.0/   0.0 |     0.0/   0.0 |     0.0/   0.0 |     0.0/   0.0 |     0.0/   0.0 |
n232-194-226:162784:162852 [0] NCCL INFO     AllReduce |     6.8/   0.0 |    14.0/   0.0 |    14.0/   0.0 |     0.0/   0.0 |     0.0/   0.0 |    41.0/   0.0 |     0.0/   0.0 |     0.0/   0.0 |    61.0/   0.0 |
n232-194-226:162784:162852 [0] NCCL INFO threadThresholds 8/8/64 | 16/8/64 | 512 | 512
n232-194-226:162784:162852 [0] NCCL INFO 4 coll channels, 0 nvls channels, 4 p2p channels, 2 p2p channels per peer
n232-194-226:162784:162860 [0] NCCL INFO New proxy send connection 8 from local rank 0, transport 2
n232-194-226:162784:162860 [0] NCCL INFO proxyProgressAsync opId=0x7fdbb2bb77a0 op.type=1 op.reqBuff=0x7fdbc00e5f20 op.respSize=16 done
n232-194-226:162784:162852 [0] NCCL INFO ncclPollProxyResponse Received new opId=0x7fdbb2bb77a0
n232-194-226:162784:162852 [0] NCCL INFO recvOpId=0x7fdbb2bb77a0 matches expected opId=0x7fdbb2bb77a0
n232-194-226:162784:162852 [0] NCCL INFO Connection to proxy localRank 0 -> connection 0x7fdbc00033e0
n232-194-226:162784:162860 [0] NCCL INFO Received and initiated operation=Init res=0
n232-194-226:162784:162860 [0] NCCL INFO transport/net.cc:446 Cuda Alloc Size 8388608 pointer 0x7fdbf6200000
n232-194-226:162784:162860 [0] NCCL INFO proxyProgressAsync opId=0x7fdbb2bb77a0 op.type=2 op.reqBuff=0x7fdbc0125fb0 op.respSize=0 done
n232-194-226:162784:162852 [0] NCCL INFO ncclPollProxyResponse Received new opId=0x7fdbb2bb77a0
n232-194-226:162784:162860 [0] NCCL INFO Received and initiated operation=SharedInit res=0
n232-194-226:162784:162852 [0] NCCL INFO recvOpId=0x7fdbb2bb77a0 matches expected opId=0x7fdbb2bb77a0
n232-194-226:162784:162852 [0] NCCL INFO init.cc:387 Cuda Alloc Size 7728 pointer 0x7fdbf1002000
n232-194-226:162784:162852 [0] NCCL INFO init.cc:412 Cuda Host Alloc Size 33554432 pointer 0x7fdbf6a00000
n232-194-226:162784:162852 [0] NCCL INFO init.cc:418 Cuda Host Alloc Size 128 pointer 0x7fdbe7600200
n232-194-226:162784:162852 [0] NCCL INFO comm 0x55ff00ec9600 rank 0 nranks 2 cudaDev 0 nvmlDev 0 busId f000 commId 0x4e3b55a32411301e - Init COMPLETE
n232-194-226:162784:162784 [0] NCCL INFO Send: opCount 0 sendbuff (nil) recvbuff 0x7fdc01e00000 count 512 datatype 7 op 0 root 1 comm 0x55ff00ec9600 [nranks=2] stream 0x55ff008cf4b0
n232-194-226:162784:162784 [0] NCCL INFO misc/utils.cc:235 memory stack hunk malloc(65536)
n232-194-226:162784:162862 [0] NCCL INFO GPU Direct RDMA Disabled for GPU f000 / HCA 2 (distance 6 > 4)
n232-194-226:162784:162860 [0] NCCL INFO New proxy send connection 9 from local rank 0, transport 2
n232-194-226:162784:162860 [0] NCCL INFO proxyProgressAsync opId=0x7fdbb2bba250 op.type=1 op.reqBuff=0x7fdbc00059b0 op.respSize=16 done
n232-194-226:162784:162862 [0] NCCL INFO ncclPollProxyResponse Received new opId=0x7fdbb2bba250
n232-194-226:162784:162860 [0] NCCL INFO Received and initiated operation=Init res=0
n232-194-226:162784:162862 [0] NCCL INFO recvOpId=0x7fdbb2bba250 matches expected opId=0x7fdbb2bba250
n232-194-226:162784:162862 [0] NCCL INFO Connection to proxy localRank 0 -> connection 0x7fdbc0003430
n232-194-226:162784:162860 [0] NCCL INFO proxyProgressAsync opId=0x7fdbb2bba250 op.type=3 op.reqBuff=0x7fdbc002a910 op.respSize=0 done
n232-194-226:162784:162862 [0] NCCL INFO ncclPollProxyResponse Received new opId=0x7fdbb2bba250
n232-194-226:162784:162860 [0] NCCL INFO Received and initiated operation=Setup res=0
n232-194-226:162784:162862 [0] NCCL INFO recvOpId=0x7fdbb2bba250 matches expected opId=0x7fdbb2bba250
n232-194-226:162784:162862 [0] NCCL INFO Channel 02/1 : 0[0] -> 1[1] [send] via NET/IB/2/Shared
n232-194-226:162784:162862 [0] NCCL INFO GPU Direct RDMA Disabled for GPU f000 / HCA 0 (distance 6 > 4)
n232-194-226:162784:162860 [0] NCCL INFO New proxy send connection 10 from local rank 0, transport 2
n232-194-226:162784:162860 [0] NCCL INFO proxyProgressAsync opId=0x7fdbb2a62000 op.type=1 op.reqBuff=0x7fdbc00059b0 op.respSize=16 done
n232-194-226:162784:162862 [0] NCCL INFO ncclPollProxyResponse Received new opId=0x7fdbb2a62000
n232-194-226:162784:162860 [0] NCCL INFO Received and initiated operation=Init res=0
n232-194-226:162784:162862 [0] NCCL INFO recvOpId=0x7fdbb2a62000 matches expected opId=0x7fdbb2a62000
n232-194-226:162784:162862 [0] NCCL INFO Connection to proxy localRank 0 -> connection 0x7fdbc0003480
n232-194-226:162784:162860 [0] NCCL INFO proxyProgressAsync opId=0x7fdbb2a62000 op.type=3 op.reqBuff=0x7fdbc005dfd0 op.respSize=0 done
n232-194-226:162784:162862 [0] NCCL INFO ncclPollProxyResponse Received new opId=0x7fdbb2a62000
n232-194-226:162784:162860 [0] NCCL INFO Received and initiated operation=Setup res=0
n232-194-226:162784:162862 [0] NCCL INFO recvOpId=0x7fdbb2a62000 matches expected opId=0x7fdbb2a62000
n232-194-226:162784:162862 [0] NCCL INFO Channel 03/1 : 0[0] -> 1[1] [send] via NET/IB/0/Shared
n232-194-226:162784:162862 [0] NCCL INFO sendConnect ncclProxyCallAsync opId=0x7fdbb3290f98
n232-194-226:162784:162862 [0] NCCL INFO sendConnect ncclProxyCallAsync opId=0x7fdbb32923f8
n232-194-226:162784:162860 [0] NCCL INFO transport/net_ib.cc:627 Ib Alloc Size 27160 pointer 0x7fdbc0144000
n232-194-226:162784:162860 [0] NCCL INFO NET/IB: Dev 2 Port 1 qpn 19059 mtu 5 LID 29
n232-194-226:162784:162860 [0] NCCL INFO transport/net_ib.cc:679 Ib Alloc Size 552 pointer 0x7fdbc015e000
n232-194-226:162784:162860 [0] NCCL INFO Received and initiated operation=Connect res=0
n232-194-226:162784:162860 [0] NCCL INFO transport/net_ib.cc:627 Ib Alloc Size 27160 pointer 0x7fdbc0165000
n232-194-226:162784:162860 [0] NCCL INFO NET/IB: Dev 0 Port 1 qpn 57979 mtu 5 LID 42
n232-194-226:162784:162860 [0] NCCL INFO transport/net_ib.cc:679 Ib Alloc Size 552 pointer 0x7fdbc017c000
n232-194-226:162784:162860 [0] NCCL INFO Received and initiated operation=Connect res=0
n232-194-226:162784:162860 [0] NCCL INFO transport/net.cc:450 Cuda Host Alloc Size 8388608 pointer 0x7fdbf8a00000
n232-194-226:162784:162860 [0] NCCL INFO transport/net.cc:643 Cuda Host Alloc Size 8192 pointer 0x7fdbe7600400
n232-194-226:162784:162860 [0] NCCL INFO Mem Realloc old size 0, new size 768 pointer 0x7fdbc01712d0
n232-194-226:162784:162860 [0] NCCL INFO proxyProgressAsync opId=0x7fdbb3290f98 op.type=4 op.reqBuff=0x7fdbc011df40 op.respSize=21040 done
n232-194-226:162784:162862 [0] NCCL INFO ncclPollProxyResponse Received new opId=0x7fdbb3290f98
n232-194-226:162784:162862 [0] NCCL INFO recvOpId=0x7fdbb3290f98 matches expected opId=0x7fdbb3290f98
n232-194-226:162784:162862 [0] NCCL INFO sendConnect ncclPollProxyResponse opId=0x7fdbb3290f98
n232-194-226:162784:162860 [0] NCCL INFO transport/net.cc:643 Cuda Host Alloc Size 8192 pointer 0x7fdbe7602400
n232-194-226:162784:162860 [0] NCCL INFO proxyProgressAsync opId=0x7fdbb32923f8 op.type=4 op.reqBuff=0x7fdbc0112f40 op.respSize=21040 done
n232-194-226:162784:162862 [0] NCCL INFO ncclPollProxyResponse Received new opId=0x7fdbb32923f8
n232-194-226:162784:162862 [0] NCCL INFO recvOpId=0x7fdbb32923f8 matches expected opId=0x7fdbb32923f8
n232-194-226:162784:162862 [0] NCCL INFO sendConnect ncclPollProxyResponse opId=0x7fdbb32923f8
[W ProcessGroupNCCL.cpp:1856] Warning: 0NCCL_AVOID_RECORD_STREAMS=1 has no effect for point-to-point collectives. (function operator())
n232-194-226:162784:162784 [0] NCCL INFO Recv: opCount 1 sendbuff (nil) recvbuff 0x7fdc01e00800 count 512 datatype 7 op 0 root 1 comm 0x55ff00ec9600 [nranks=2] stream 0x55ff008cf4b0
n232-194-226:162784:162863 [0] NCCL INFO GPU Direct RDMA Disabled for GPU f000 / HCA 2 (distance 6 > 4)
n232-194-226:162784:162860 [0] NCCL INFO New proxy recv connection 11 from local rank 0, transport 2
n232-194-226:162784:162860 [0] NCCL INFO proxyProgressAsync opId=0x7fdbb3293460 op.type=1 op.reqBuff=0x7fdbc016cfe0 op.respSize=16 done
n232-194-226:162784:162863 [0] NCCL INFO ncclPollProxyResponse Received new opId=0x7fdbb3293460
n232-194-226:162784:162863 [0] NCCL INFO recvOpId=0x7fdbb3293460 matches expected opId=0x7fdbb3293460
n232-194-226:162784:162860 [0] NCCL INFO Received and initiated operation=Init res=0
n232-194-226:162784:162863 [0] NCCL INFO Connection to proxy localRank 0 -> connection 0x7fdbc00034d0
n232-194-226:162784:162860 [0] NCCL INFO proxyProgressAsync opId=0x7fdbb3293460 op.type=3 op.reqBuff=0x7fdbc00aefe0 op.respSize=128 done
n232-194-226:162784:162863 [0] NCCL INFO ncclPollProxyResponse Received new opId=0x7fdbb3293460
n232-194-226:162784:162860 [0] NCCL INFO Received and initiated operation=Setup res=0
n232-194-226:162784:162863 [0] NCCL INFO recvOpId=0x7fdbb3293460 matches expected opId=0x7fdbb3293460
n232-194-226:162784:162863 [0] NCCL INFO Channel 02/1 : 1[1] -> 0[0] [receive] via NET/IB/2/Shared
n232-194-226:162784:162863 [0] NCCL INFO GPU Direct RDMA Disabled for GPU f000 / HCA 0 (distance 6 > 4)
n232-194-226:162784:162860 [0] NCCL INFO New proxy recv connection 12 from local rank 0, transport 2
n232-194-226:162784:162860 [0] NCCL INFO proxyProgressAsync opId=0x7fdbb3293460 op.type=1 op.reqBuff=0x7fdbc016cfe0 op.respSize=16 done
n232-194-226:162784:162863 [0] NCCL INFO ncclPollProxyResponse Received new opId=0x7fdbb3293460
n232-194-226:162784:162860 [0] NCCL INFO Received and initiated operation=Init res=0
n232-194-226:162784:162863 [0] NCCL INFO recvOpId=0x7fdbb3293460 matches expected opId=0x7fdbb3293460
n232-194-226:162784:162863 [0] NCCL INFO Connection to proxy localRank 0 -> connection 0x7fdbc0003520
n232-194-226:162784:162860 [0] NCCL INFO proxyProgressAsync opId=0x7fdbb3293460 op.type=3 op.reqBuff=0x7fdbc00defd0 op.respSize=128 done
n232-194-226:162784:162863 [0] NCCL INFO ncclPollProxyResponse Received new opId=0x7fdbb3293460
n232-194-226:162784:162860 [0] NCCL INFO Received and initiated operation=Setup res=0
n232-194-226:162784:162863 [0] NCCL INFO recvOpId=0x7fdbb3293460 matches expected opId=0x7fdbb3293460
n232-194-226:162784:162863 [0] NCCL INFO Channel 03/1 : 1[1] -> 0[0] [receive] via NET/IB/0/Shared
n232-194-226:162784:162863 [0] NCCL INFO recvConnect ncclProxyCallAsync opId=0x7fdbb32910b8 &recv->proxyConn=0x7fdbb32910c0 connectInfo=0x7fdbb32c39a0
n232-194-226:162784:162863 [0] NCCL INFO recvConnect ncclProxyCallAsync opId=0x7fdbb3292518 &recv->proxyConn=0x7fdbb3292520 connectInfo=0x7fdbb32c3a20
n232-194-226:162784:162860 [0] NCCL INFO transport/net_ib.cc:739 Ib Alloc Size 22280 pointer 0x7fdbc0183000
n232-194-226:162784:162860 [0] NCCL INFO Received and initiated operation=Connect res=0
n232-194-226:162784:162860 [0] NCCL INFO transport/net_ib.cc:739 Ib Alloc Size 22280 pointer 0x7fdbc018f000
n232-194-226:162784:162860 [0] NCCL INFO Received and initiated operation=Connect res=0
n232-194-226:162784:162860 [0] NCCL INFO transport/net_ib.cc:752 Ib Alloc Size 552 pointer 0x7fdbc0196000
n232-194-226:162784:162860 [0] NCCL INFO transport/net_ib.cc:830 Ib Alloc Size 552 pointer 0x7fdbc01b1000
n232-194-226:162784:162860 [0] NCCL INFO transport/net_ib.cc:752 Ib Alloc Size 552 pointer 0x7fdbc01b3000
n232-194-226:162784:162860 [0] NCCL INFO transport/net_ib.cc:830 Ib Alloc Size 552 pointer 0x7fdbc01ce000
n232-194-226:162784:162860 [0] NCCL INFO transport/net.cc:450 Cuda Host Alloc Size 8388608 pointer 0x7fdba7600000
n232-194-226:162784:162860 [0] NCCL INFO transport/net.cc:778 Cuda Host Alloc Size 8192 pointer 0x7fdbe7604400
n232-194-226:162784:162860 [0] NCCL INFO proxyProgressAsync opId=0x7fdbb32910b8 op.type=4 op.reqBuff=0x7fdbc016cfe0 op.respSize=21040 done
n232-194-226:162784:162863 [0] NCCL INFO ncclPollProxyResponse Received new opId=0x7fdbb32910b8
n232-194-226:162784:162863 [0] NCCL INFO recvOpId=0x7fdbb32910b8 matches expected opId=0x7fdbb32910b8
n232-194-226:162784:162863 [0] NCCL INFO recvConnect ncclPollProxyResponse opId=0x7fdbb32910b8
n232-194-226:162784:162860 [0] NCCL INFO transport/net.cc:778 Cuda Host Alloc Size 8192 pointer 0x7fdbe7606400
n232-194-226:162784:162860 [0] NCCL INFO proxyProgressAsync opId=0x7fdbb3292518 op.type=4 op.reqBuff=0x7fdbc0082fe0 op.respSize=21040 done
n232-194-226:162784:162863 [0] NCCL INFO ncclPollProxyResponse Received new opId=0x7fdbb3292518
n232-194-226:162784:162863 [0] NCCL INFO recvOpId=0x7fdbb3292518 matches expected opId=0x7fdbb3292518
n232-194-226:162784:162863 [0] NCCL INFO recvConnect ncclPollProxyResponse opId=0x7fdbb3292518
n232-194-226:162784:162784 [0] NCCL INFO init.cc:1584 Cuda Host Alloc Size 4 pointer 0x7fdbe7608400
n232-194-226:162784:162865 [0] NCCL INFO Using network IB
n232-194-226:162784:162865 [0] NCCL INFO comm 0x55ff010dd560 rank 0 nranks 2 cudaDev 0 nvmlDev 0 busId f000 commId 0x42e3da9661d050cf - Init START
n232-194-226:162784:162865 [0] NCCL INFO NET/IB : GPU Direct RDMA Enabled for HCA 0 'mlx5_2'
n232-194-226:162784:162865 [0] NCCL INFO NET/IB : GPU Direct RDMA Enabled for HCA 1 'mlx5_3'
n232-194-226:162784:162865 [0] NCCL INFO NET/IB : GPU Direct RDMA Enabled for HCA 2 'mlx5_4'
n232-194-226:162784:162865 [0] NCCL INFO NET/IB : GPU Direct RDMA Enabled for HCA 3 'mlx5_5'
n232-194-226:162784:162865 [0] NCCL INFO NET/IB : GPU Direct RDMA Enabled for HCA 4 'mlx5_6'
n232-194-226:162784:162865 [0] NCCL INFO NET/IB : GPU Direct RDMA Enabled for HCA 5 'mlx5_7'
n232-194-226:162784:162865 [0] NCCL INFO NET/IB : GPU Direct RDMA Enabled for HCA 6 'mlx5_8'
n232-194-226:162784:162865 [0] NCCL INFO GPU Direct RDMA Disabled for GPU f000 / HCA 0 (distance 6 > 4)
n232-194-226:162784:162865 [0] NCCL INFO GPU Direct RDMA Disabled for GPU f000 / HCA 1 (distance 6 > 4)
n232-194-226:162784:162865 [0] NCCL INFO GPU Direct RDMA Disabled for GPU f000 / HCA 2 (distance 6 > 4)
n232-194-226:162784:162865 [0] NCCL INFO GPU Direct RDMA Disabled for GPU f000 / HCA 3 (distance 7 > 4)
n232-194-226:162784:162865 [0] NCCL INFO GPU Direct RDMA Disabled for GPU f000 / HCA 4 (distance 7 > 4)
n232-194-226:162784:162865 [0] NCCL INFO GPU Direct RDMA Disabled for GPU f000 / HCA 5 (distance 7 > 4)
n232-194-226:162784:162865 [0] NCCL INFO GPU Direct RDMA Disabled for GPU f000 / HCA 6 (distance 7 > 4)
n232-194-226:162784:162865 [0] NCCL INFO GPU Direct RDMA Disabled for GPU f000 / HCA 0 (distance 6 > 4)
n232-194-226:162784:162865 [0] NCCL INFO GPU Direct RDMA Disabled for GPU f000 / HCA 1 (distance 6 > 4)
n232-194-226:162784:162865 [0] NCCL INFO GPU Direct RDMA Disabled for GPU f000 / HCA 2 (distance 6 > 4)
n232-194-226:162784:162865 [0] NCCL INFO GPU Direct RDMA Disabled for GPU f000 / HCA 3 (distance 7 > 4)
n232-194-226:162784:162865 [0] NCCL INFO GPU Direct RDMA Disabled for GPU f000 / HCA 4 (distance 7 > 4)
n232-194-226:162784:162865 [0] NCCL INFO GPU Direct RDMA Disabled for GPU f000 / HCA 5 (distance 7 > 4)
n232-194-226:162784:162865 [0] NCCL INFO GPU Direct RDMA Disabled for GPU f000 / HCA 6 (distance 7 > 4)
n232-194-226:162784:162865 [0] NCCL INFO === System : maxBw 48.0 totalBw 160.0 ===
n232-194-226:162784:162865 [0] NCCL INFO CPU/0 (1/1/2)
n232-194-226:162784:162865 [0] NCCL INFO + PCI[48.0] - PCI/C000 (1000c0301000100b)
n232-194-226:162784:162865 [0] NCCL INFO               + PCI[48.0] - GPU/F000 (0)
n232-194-226:162784:162865 [0] NCCL INFO                             + NVL[160.0] - NVS/0
n232-194-226:162784:162865 [0] NCCL INFO + PCI[48.0] - PCI/32000 (1000c0301000100b)
n232-194-226:162784:162865 [0] NCCL INFO               + PCI[48.0] - NIC/35000
n232-194-226:162784:162865 [0] NCCL INFO                             + NET[50.0] - NET/0 (b662d10003ae6d94/1/50.000000)
n232-194-226:162784:162865 [0] NCCL INFO + PCI[48.0] - PCI/45000 (1000c0301000100b)
