n232-194-226:162966:163000 [1] NCCL INFO channel.cc:54 Cuda Alloc Size 8 pointer 0x7f1915011e00
n232-194-226:162965:163001 [0] NCCL INFO Mem Realloc old size 0, new size 8 pointer 0x7f54d301ec20
n232-194-226:162965:163001 [0] NCCL INFO New proxy recv connection 0 from local rank 0, transport 0
n232-194-226:162965:163001 [0] NCCL INFO proxyProgressAsync opId=0x7f5484427390 op.type=1 op.reqBuff=0x7f54d2bba250 op.respSize=16 done
n232-194-226:162965:162999 [0] NCCL INFO ncclPollProxyResponse Received new opId=0x7f5484427390
n232-194-226:162965:163001 [0] NCCL INFO Received and initiated operation=Init res=0
n232-194-226:162965:162999 [0] NCCL INFO recvOpId=0x7f5484427390 matches expected opId=0x7f5484427390
n232-194-226:162965:162999 [0] NCCL INFO Connection to proxy localRank 0 -> connection 0x7f54d30666b0
n232-194-226:162966:163002 [1] NCCL INFO Mem Realloc old size 0, new size 8 pointer 0x7f1884002f10
n232-194-226:162966:163002 [1] NCCL INFO New proxy recv connection 0 from local rank 1, transport 0
n232-194-226:162966:163002 [1] NCCL INFO proxyProgressAsync opId=0x7f18dabb77a0 op.type=1 op.reqBuff=0x7f1884002ed0 op.respSize=16 done
n232-194-226:162966:163000 [1] NCCL INFO ncclPollProxyResponse Received new opId=0x7f18dabb77a0
n232-194-226:162966:163000 [1] NCCL INFO recvOpId=0x7f18dabb77a0 matches expected opId=0x7f18dabb77a0
n232-194-226:162966:163000 [1] NCCL INFO Connection to proxy localRank 1 -> connection 0x7f1884003150
n232-194-226:162966:163002 [1] NCCL INFO Received and initiated operation=Init res=0
n232-194-226:162965:163001 [0] NCCL INFO transport/p2p.cc:204 Cuda Alloc Size 10485760 pointer 0x7f54f1800000
n232-194-226:162965:163001 [0] NCCL INFO Allocated shareable buffer 0x7f54f1800000 size 10485760 ipcDesc 0x7f54d301ff50
n232-194-226:162965:163001 [0] NCCL INFO proxyProgressAsync opId=0x7f5484427390 op.type=3 op.reqBuff=0x7f54e4004480 op.respSize=80 done
n232-194-226:162965:162999 [0] NCCL INFO ncclPollProxyResponse Received new opId=0x7f5484427390
n232-194-226:162965:162999 [0] NCCL INFO recvOpId=0x7f5484427390 matches expected opId=0x7f5484427390
n232-194-226:162965:163001 [0] NCCL INFO Received and initiated operation=Setup res=0
n232-194-226:162966:163002 [1] NCCL INFO transport/p2p.cc:204 Cuda Alloc Size 10485760 pointer 0x7f18f6000000
n232-194-226:162966:163002 [1] NCCL INFO Allocated shareable buffer 0x7f18f6000000 size 10485760 ipcDesc 0x7f18840059d0
n232-194-226:162965:163001 [0] NCCL INFO New proxy recv connection 1 from local rank 0, transport 0
n232-194-226:162965:163001 [0] NCCL INFO proxyProgressAsync opId=0x7f5484427390 op.type=1 op.reqBuff=0x7f54e4004480 op.respSize=16 done
n232-194-226:162966:163002 [1] NCCL INFO proxyProgressAsync opId=0x7f18dabb77a0 op.type=3 op.reqBuff=0x7f18840059a0 op.respSize=80 done
n232-194-226:162965:162999 [0] NCCL INFO ncclPollProxyResponse Received new opId=0x7f5484427390
n232-194-226:162966:163000 [1] NCCL INFO ncclPollProxyResponse Received new opId=0x7f18dabb77a0
n232-194-226:162965:162999 [0] NCCL INFO recvOpId=0x7f5484427390 matches expected opId=0x7f5484427390
n232-194-226:162965:163001 [0] NCCL INFO Received and initiated operation=Init res=0
n232-194-226:162965:162999 [0] NCCL INFO Connection to proxy localRank 0 -> connection 0x7f54d3066700
n232-194-226:162966:163000 [1] NCCL INFO recvOpId=0x7f18dabb77a0 matches expected opId=0x7f18dabb77a0
n232-194-226:162966:163002 [1] NCCL INFO Received and initiated operation=Setup res=0
n232-194-226:162966:163002 [1] NCCL INFO New proxy recv connection 1 from local rank 1, transport 0
n232-194-226:162966:163002 [1] NCCL INFO proxyProgressAsync opId=0x7f18dabb77a0 op.type=1 op.reqBuff=0x7f18840094c0 op.respSize=16 done
n232-194-226:162966:163000 [1] NCCL INFO ncclPollProxyResponse Received new opId=0x7f18dabb77a0
n232-194-226:162966:163000 [1] NCCL INFO recvOpId=0x7f18dabb77a0 matches expected opId=0x7f18dabb77a0
n232-194-226:162966:163002 [1] NCCL INFO Received and initiated operation=Init res=0
n232-194-226:162966:163000 [1] NCCL INFO Connection to proxy localRank 1 -> connection 0x7f18840031a0
n232-194-226:162965:163001 [0] NCCL INFO transport/p2p.cc:204 Cuda Alloc Size 10485760 pointer 0x7f54f2200000
n232-194-226:162965:163001 [0] NCCL INFO Allocated shareable buffer 0x7f54f2200000 size 10485760 ipcDesc 0x7f54d306ab90
n232-194-226:162965:163001 [0] NCCL INFO proxyProgressAsync opId=0x7f5484427390 op.type=3 op.reqBuff=0x7f54d2bba250 op.respSize=80 done
n232-194-226:162965:162999 [0] NCCL INFO ncclPollProxyResponse Received new opId=0x7f5484427390
n232-194-226:162965:162999 [0] NCCL INFO recvOpId=0x7f5484427390 matches expected opId=0x7f5484427390
n232-194-226:162965:163001 [0] NCCL INFO Received and initiated operation=Setup res=0
n232-194-226:162965:163001 [0] NCCL INFO New proxy recv connection 2 from local rank 0, transport 0
n232-194-226:162965:163001 [0] NCCL INFO proxyProgressAsync opId=0x7f5484427390 op.type=1 op.reqBuff=0x7f54d2bba250 op.respSize=16 done
n232-194-226:162965:162999 [0] NCCL INFO ncclPollProxyResponse Received new opId=0x7f5484427390
n232-194-226:162966:163002 [1] NCCL INFO transport/p2p.cc:204 Cuda Alloc Size 10485760 pointer 0x7f18f6a00000
n232-194-226:162965:162999 [0] NCCL INFO recvOpId=0x7f5484427390 matches expected opId=0x7f5484427390
n232-194-226:162965:163001 [0] NCCL INFO Received and initiated operation=Init res=0
n232-194-226:162965:162999 [0] NCCL INFO Connection to proxy localRank 0 -> connection 0x7f54d3066750
n232-194-226:162966:163002 [1] NCCL INFO Allocated shareable buffer 0x7f18f6a00000 size 10485760 ipcDesc 0x7f1884009570
n232-194-226:162966:163002 [1] NCCL INFO proxyProgressAsync opId=0x7f18dabb77a0 op.type=3 op.reqBuff=0x7f1884009540 op.respSize=80 done
n232-194-226:162966:163000 [1] NCCL INFO ncclPollProxyResponse Received new opId=0x7f18dabb77a0
n232-194-226:162966:163000 [1] NCCL INFO recvOpId=0x7f18dabb77a0 matches expected opId=0x7f18dabb77a0
n232-194-226:162966:163002 [1] NCCL INFO Received and initiated operation=Setup res=0
n232-194-226:162966:163002 [1] NCCL INFO New proxy recv connection 2 from local rank 1, transport 0
n232-194-226:162966:163002 [1] NCCL INFO proxyProgressAsync opId=0x7f18dabb77a0 op.type=1 op.reqBuff=0x7f188400a290 op.respSize=16 done
n232-194-226:162966:163000 [1] NCCL INFO ncclPollProxyResponse Received new opId=0x7f18dabb77a0
n232-194-226:162966:163000 [1] NCCL INFO recvOpId=0x7f18dabb77a0 matches expected opId=0x7f18dabb77a0
n232-194-226:162966:163000 [1] NCCL INFO Connection to proxy localRank 1 -> connection 0x7f18840031f0
n232-194-226:162966:163002 [1] NCCL INFO Received and initiated operation=Init res=0
n232-194-226:162965:163001 [0] NCCL INFO transport/p2p.cc:204 Cuda Alloc Size 10485760 pointer 0x7f54f2c00000
n232-194-226:162965:163001 [0] NCCL INFO Allocated shareable buffer 0x7f54f2c00000 size 10485760 ipcDesc 0x7f54d306b900
n232-194-226:162965:163001 [0] NCCL INFO proxyProgressAsync opId=0x7f5484427390 op.type=3 op.reqBuff=0x7f54d306b890 op.respSize=80 done
n232-194-226:162965:162999 [0] NCCL INFO ncclPollProxyResponse Received new opId=0x7f5484427390
n232-194-226:162965:163001 [0] NCCL INFO Received and initiated operation=Setup res=0
n232-194-226:162965:162999 [0] NCCL INFO recvOpId=0x7f5484427390 matches expected opId=0x7f5484427390
n232-194-226:162965:163001 [0] NCCL INFO New proxy recv connection 3 from local rank 0, transport 0
n232-194-226:162965:163001 [0] NCCL INFO proxyProgressAsync opId=0x7f5484427390 op.type=1 op.reqBuff=0x7f54d306b890 op.respSize=16 done
n232-194-226:162965:162999 [0] NCCL INFO ncclPollProxyResponse Received new opId=0x7f5484427390
n232-194-226:162966:163002 [1] NCCL INFO transport/p2p.cc:204 Cuda Alloc Size 10485760 pointer 0x7f18f7400000
n232-194-226:162965:162999 [0] NCCL INFO recvOpId=0x7f5484427390 matches expected opId=0x7f5484427390
n232-194-226:162965:163001 [0] NCCL INFO Received and initiated operation=Init res=0
n232-194-226:162965:162999 [0] NCCL INFO Connection to proxy localRank 0 -> connection 0x7f54d30667a0
n232-194-226:162966:163002 [1] NCCL INFO Allocated shareable buffer 0x7f18f7400000 size 10485760 ipcDesc 0x7f188400a320
n232-194-226:162966:163002 [1] NCCL INFO proxyProgressAsync opId=0x7f18dabb77a0 op.type=3 op.reqBuff=0x7f188400a2b0 op.respSize=80 done
n232-194-226:162966:163000 [1] NCCL INFO ncclPollProxyResponse Received new opId=0x7f18dabb77a0
n232-194-226:162966:163000 [1] NCCL INFO recvOpId=0x7f18dabb77a0 matches expected opId=0x7f18dabb77a0
n232-194-226:162966:163002 [1] NCCL INFO Received and initiated operation=Setup res=0
n232-194-226:162966:163002 [1] NCCL INFO New proxy recv connection 3 from local rank 1, transport 0
n232-194-226:162966:163002 [1] NCCL INFO proxyProgressAsync opId=0x7f18dabb77a0 op.type=1 op.reqBuff=0x7f188400a2b0 op.respSize=16 done
n232-194-226:162966:163000 [1] NCCL INFO ncclPollProxyResponse Received new opId=0x7f18dabb77a0
n232-194-226:162966:163002 [1] NCCL INFO Received and initiated operation=Init res=0
n232-194-226:162966:163000 [1] NCCL INFO recvOpId=0x7f18dabb77a0 matches expected opId=0x7f18dabb77a0
n232-194-226:162966:163000 [1] NCCL INFO Connection to proxy localRank 1 -> connection 0x7f1884003240
n232-194-226:162965:163001 [0] NCCL INFO transport/p2p.cc:204 Cuda Alloc Size 10485760 pointer 0x7f54f3600000
n232-194-226:162965:163001 [0] NCCL INFO Allocated shareable buffer 0x7f54f3600000 size 10485760 ipcDesc 0x7f54d306c670
n232-194-226:162965:163001 [0] NCCL INFO proxyProgressAsync opId=0x7f5484427390 op.type=3 op.reqBuff=0x7f54d306c600 op.respSize=80 done
n232-194-226:162965:162999 [0] NCCL INFO ncclPollProxyResponse Received new opId=0x7f5484427390
n232-194-226:162965:162999 [0] NCCL INFO recvOpId=0x7f5484427390 matches expected opId=0x7f5484427390
n232-194-226:162965:163001 [0] NCCL INFO Received and initiated operation=Setup res=0
n232-194-226:162965:163001 [0] NCCL INFO New proxy recv connection 4 from local rank 0, transport 0
n232-194-226:162965:163001 [0] NCCL INFO proxyProgressAsync opId=0x7f5484427390 op.type=1 op.reqBuff=0x7f54d306c600 op.respSize=16 done
n232-194-226:162965:162999 [0] NCCL INFO ncclPollProxyResponse Received new opId=0x7f5484427390
n232-194-226:162966:163002 [1] NCCL INFO transport/p2p.cc:204 Cuda Alloc Size 10485760 pointer 0x7f18f7e00000
n232-194-226:162965:163001 [0] NCCL INFO Received and initiated operation=Init res=0
n232-194-226:162966:163002 [1] NCCL INFO Allocated shareable buffer 0x7f18f7e00000 size 10485760 ipcDesc 0x7f188400b0b0
n232-194-226:162966:163002 [1] NCCL INFO proxyProgressAsync opId=0x7f18dabb77a0 op.type=3 op.reqBuff=0x7f188400b040 op.respSize=80 done
n232-194-226:162965:162999 [0] NCCL INFO recvOpId=0x7f5484427390 matches expected opId=0x7f5484427390
n232-194-226:162965:162999 [0] NCCL INFO Connection to proxy localRank 0 -> connection 0x7f54d30667f0
n232-194-226:162966:163000 [1] NCCL INFO ncclPollProxyResponse Received new opId=0x7f18dabb77a0
n232-194-226:162966:163000 [1] NCCL INFO recvOpId=0x7f18dabb77a0 matches expected opId=0x7f18dabb77a0
n232-194-226:162966:163002 [1] NCCL INFO Received and initiated operation=Setup res=0
n232-194-226:162966:163002 [1] NCCL INFO New proxy recv connection 4 from local rank 1, transport 0
n232-194-226:162966:163002 [1] NCCL INFO proxyProgressAsync opId=0x7f18dabb77a0 op.type=1 op.reqBuff=0x7f188400b040 op.respSize=16 done
n232-194-226:162966:163000 [1] NCCL INFO ncclPollProxyResponse Received new opId=0x7f18dabb77a0
n232-194-226:162966:163000 [1] NCCL INFO recvOpId=0x7f18dabb77a0 matches expected opId=0x7f18dabb77a0
n232-194-226:162966:163002 [1] NCCL INFO Received and initiated operation=Init res=0
n232-194-226:162966:163000 [1] NCCL INFO Connection to proxy localRank 1 -> connection 0x7f1884003290
n232-194-226:162965:163001 [0] NCCL INFO transport/p2p.cc:204 Cuda Alloc Size 10485760 pointer 0x7f54f4000000
n232-194-226:162965:163001 [0] NCCL INFO Allocated shareable buffer 0x7f54f4000000 size 10485760 ipcDesc 0x7f54d306d3e0
n232-194-226:162965:163001 [0] NCCL INFO proxyProgressAsync opId=0x7f5484427390 op.type=3 op.reqBuff=0x7f54d306d370 op.respSize=80 done
n232-194-226:162965:162999 [0] NCCL INFO ncclPollProxyResponse Received new opId=0x7f5484427390
n232-194-226:162965:162999 [0] NCCL INFO recvOpId=0x7f5484427390 matches expected opId=0x7f5484427390
n232-194-226:162965:163001 [0] NCCL INFO Received and initiated operation=Setup res=0
n232-194-226:162965:163001 [0] NCCL INFO New proxy recv connection 5 from local rank 0, transport 0
n232-194-226:162965:163001 [0] NCCL INFO proxyProgressAsync opId=0x7f5484427390 op.type=1 op.reqBuff=0x7f54d306d370 op.respSize=16 done
n232-194-226:162965:162999 [0] NCCL INFO ncclPollProxyResponse Received new opId=0x7f5484427390
n232-194-226:162965:162999 [0] NCCL INFO recvOpId=0x7f5484427390 matches expected opId=0x7f5484427390
n232-194-226:162965:163001 [0] NCCL INFO Received and initiated operation=Init res=0
n232-194-226:162966:163002 [1] NCCL INFO transport/p2p.cc:204 Cuda Alloc Size 10485760 pointer 0x7f18f8800000
n232-194-226:162966:163002 [1] NCCL INFO Allocated shareable buffer 0x7f18f8800000 size 10485760 ipcDesc 0x7f188400be20
n232-194-226:162965:162999 [0] NCCL INFO Connection to proxy localRank 0 -> connection 0x7f54d3066840
n232-194-226:162966:163002 [1] NCCL INFO proxyProgressAsync opId=0x7f18dabb77a0 op.type=3 op.reqBuff=0x7f188400bdb0 op.respSize=80 done
n232-194-226:162966:163000 [1] NCCL INFO ncclPollProxyResponse Received new opId=0x7f18dabb77a0
n232-194-226:162966:163000 [1] NCCL INFO recvOpId=0x7f18dabb77a0 matches expected opId=0x7f18dabb77a0
n232-194-226:162966:163002 [1] NCCL INFO Received and initiated operation=Setup res=0
n232-194-226:162966:163002 [1] NCCL INFO New proxy recv connection 5 from local rank 1, transport 0
n232-194-226:162966:163002 [1] NCCL INFO proxyProgressAsync opId=0x7f18dabb77a0 op.type=1 op.reqBuff=0x7f188400bdb0 op.respSize=16 done
n232-194-226:162966:163000 [1] NCCL INFO ncclPollProxyResponse Received new opId=0x7f18dabb77a0
n232-194-226:162966:163002 [1] NCCL INFO Received and initiated operation=Init res=0
n232-194-226:162966:163000 [1] NCCL INFO recvOpId=0x7f18dabb77a0 matches expected opId=0x7f18dabb77a0
n232-194-226:162966:163000 [1] NCCL INFO Connection to proxy localRank 1 -> connection 0x7f18840032e0
n232-194-226:162965:163001 [0] NCCL INFO transport/p2p.cc:204 Cuda Alloc Size 10485760 pointer 0x7f54f4a00000
n232-194-226:162965:163001 [0] NCCL INFO Allocated shareable buffer 0x7f54f4a00000 size 10485760 ipcDesc 0x7f54d306e150
n232-194-226:162965:163001 [0] NCCL INFO proxyProgressAsync opId=0x7f5484427390 op.type=3 op.reqBuff=0x7f54d306e0e0 op.respSize=80 done
n232-194-226:162965:162999 [0] NCCL INFO ncclPollProxyResponse Received new opId=0x7f5484427390
n232-194-226:162965:163001 [0] NCCL INFO Received and initiated operation=Setup res=0
n232-194-226:162965:162999 [0] NCCL INFO recvOpId=0x7f5484427390 matches expected opId=0x7f5484427390
n232-194-226:162965:163001 [0] NCCL INFO New proxy recv connection 6 from local rank 0, transport 0
n232-194-226:162965:163001 [0] NCCL INFO proxyProgressAsync opId=0x7f5484427390 op.type=1 op.reqBuff=0x7f54d306e0e0 op.respSize=16 done
n232-194-226:162965:162999 [0] NCCL INFO ncclPollProxyResponse Received new opId=0x7f5484427390
n232-194-226:162966:163002 [1] NCCL INFO transport/p2p.cc:204 Cuda Alloc Size 10485760 pointer 0x7f18f9200000
n232-194-226:162965:162999 [0] NCCL INFO recvOpId=0x7f5484427390 matches expected opId=0x7f5484427390
n232-194-226:162965:163001 [0] NCCL INFO Received and initiated operation=Init res=0
n232-194-226:162965:162999 [0] NCCL INFO Connection to proxy localRank 0 -> connection 0x7f54d3066890
n232-194-226:162966:163002 [1] NCCL INFO Allocated shareable buffer 0x7f18f9200000 size 10485760 ipcDesc 0x7f188400cb90
n232-194-226:162966:163002 [1] NCCL INFO proxyProgressAsync opId=0x7f18dabb77a0 op.type=3 op.reqBuff=0x7f188400cb20 op.respSize=80 done
n232-194-226:162966:163000 [1] NCCL INFO ncclPollProxyResponse Received new opId=0x7f18dabb77a0
n232-194-226:162966:163000 [1] NCCL INFO recvOpId=0x7f18dabb77a0 matches expected opId=0x7f18dabb77a0
n232-194-226:162966:163002 [1] NCCL INFO Received and initiated operation=Setup res=0
n232-194-226:162966:163002 [1] NCCL INFO New proxy recv connection 6 from local rank 1, transport 0
n232-194-226:162966:163002 [1] NCCL INFO proxyProgressAsync opId=0x7f18dabb77a0 op.type=1 op.reqBuff=0x7f188400cb20 op.respSize=16 done
n232-194-226:162966:163000 [1] NCCL INFO ncclPollProxyResponse Received new opId=0x7f18dabb77a0
n232-194-226:162966:163002 [1] NCCL INFO Received and initiated operation=Init res=0
n232-194-226:162966:163000 [1] NCCL INFO recvOpId=0x7f18dabb77a0 matches expected opId=0x7f18dabb77a0
n232-194-226:162966:163000 [1] NCCL INFO Connection to proxy localRank 1 -> connection 0x7f1884003330
n232-194-226:162965:163001 [0] NCCL INFO transport/p2p.cc:204 Cuda Alloc Size 10485760 pointer 0x7f54f5400000
n232-194-226:162965:163001 [0] NCCL INFO Allocated shareable buffer 0x7f54f5400000 size 10485760 ipcDesc 0x7f54d306eec0
n232-194-226:162965:163001 [0] NCCL INFO proxyProgressAsync opId=0x7f5484427390 op.type=3 op.reqBuff=0x7f54d306ee50 op.respSize=80 done
n232-194-226:162965:162999 [0] NCCL INFO ncclPollProxyResponse Received new opId=0x7f5484427390
n232-194-226:162965:162999 [0] NCCL INFO recvOpId=0x7f5484427390 matches expected opId=0x7f5484427390
n232-194-226:162965:163001 [0] NCCL INFO Received and initiated operation=Setup res=0
n232-194-226:162965:163001 [0] NCCL INFO New proxy recv connection 7 from local rank 0, transport 0
n232-194-226:162965:163001 [0] NCCL INFO proxyProgressAsync opId=0x7f5484427390 op.type=1 op.reqBuff=0x7f54d306ee50 op.respSize=16 done
n232-194-226:162966:163002 [1] NCCL INFO transport/p2p.cc:204 Cuda Alloc Size 10485760 pointer 0x7f18f9c00000
n232-194-226:162965:162999 [0] NCCL INFO ncclPollProxyResponse Received new opId=0x7f5484427390
n232-194-226:162966:163002 [1] NCCL INFO Allocated shareable buffer 0x7f18f9c00000 size 10485760 ipcDesc 0x7f188400d900
n232-194-226:162966:163002 [1] NCCL INFO proxyProgressAsync opId=0x7f18dabb77a0 op.type=3 op.reqBuff=0x7f188400d890 op.respSize=80 done
n232-194-226:162965:162999 [0] NCCL INFO recvOpId=0x7f5484427390 matches expected opId=0x7f5484427390
n232-194-226:162965:162999 [0] NCCL INFO Connection to proxy localRank 0 -> connection 0x7f54d30668e0
n232-194-226:162965:163001 [0] NCCL INFO Received and initiated operation=Init res=0
n232-194-226:162966:163000 [1] NCCL INFO ncclPollProxyResponse Received new opId=0x7f18dabb77a0
n232-194-226:162966:163000 [1] NCCL INFO recvOpId=0x7f18dabb77a0 matches expected opId=0x7f18dabb77a0
n232-194-226:162966:163002 [1] NCCL INFO Received and initiated operation=Setup res=0
n232-194-226:162966:163002 [1] NCCL INFO New proxy recv connection 7 from local rank 1, transport 0
n232-194-226:162966:163002 [1] NCCL INFO proxyProgressAsync opId=0x7f18dabb77a0 op.type=1 op.reqBuff=0x7f188400d890 op.respSize=16 done
n232-194-226:162966:163000 [1] NCCL INFO ncclPollProxyResponse Received new opId=0x7f18dabb77a0
n232-194-226:162966:163002 [1] NCCL INFO Received and initiated operation=Init res=0
n232-194-226:162966:163000 [1] NCCL INFO recvOpId=0x7f18dabb77a0 matches expected opId=0x7f18dabb77a0
n232-194-226:162966:163000 [1] NCCL INFO Connection to proxy localRank 1 -> connection 0x7f1884003380
n232-194-226:162965:163001 [0] NCCL INFO transport/p2p.cc:204 Cuda Alloc Size 10485760 pointer 0x7f54f5e00000
n232-194-226:162965:163001 [0] NCCL INFO Allocated shareable buffer 0x7f54f5e00000 size 10485760 ipcDesc 0x7f54d306fbf0
n232-194-226:162965:163001 [0] NCCL INFO proxyProgressAsync opId=0x7f5484427390 op.type=3 op.reqBuff=0x7f54d306fbc0 op.respSize=80 done
n232-194-226:162965:162999 [0] NCCL INFO ncclPollProxyResponse Received new opId=0x7f5484427390
n232-194-226:162965:163001 [0] NCCL INFO Received and initiated operation=Setup res=0
n232-194-226:162965:162999 [0] NCCL INFO recvOpId=0x7f5484427390 matches expected opId=0x7f5484427390
n232-194-226:162965:163001 [0] NCCL INFO New proxy recv connection 8 from local rank 0, transport 0
n232-194-226:162965:163001 [0] NCCL INFO proxyProgressAsync opId=0x7f5484427390 op.type=1 op.reqBuff=0x7f54d306fbc0 op.respSize=16 done
n232-194-226:162965:162999 [0] NCCL INFO ncclPollProxyResponse Received new opId=0x7f5484427390
n232-194-226:162966:163002 [1] NCCL INFO transport/p2p.cc:204 Cuda Alloc Size 10485760 pointer 0x7f18fa600000
n232-194-226:162965:162999 [0] NCCL INFO recvOpId=0x7f5484427390 matches expected opId=0x7f5484427390
n232-194-226:162965:163001 [0] NCCL INFO Received and initiated operation=Init res=0
n232-194-226:162966:163002 [1] NCCL INFO Allocated shareable buffer 0x7f18fa600000 size 10485760 ipcDesc 0x7f188400e630
n232-194-226:162966:163002 [1] NCCL INFO proxyProgressAsync opId=0x7f18dabb77a0 op.type=3 op.reqBuff=0x7f188400e600 op.respSize=80 done
n232-194-226:162965:162999 [0] NCCL INFO Connection to proxy localRank 0 -> connection 0x7f54d3066930
n232-194-226:162966:163000 [1] NCCL INFO ncclPollProxyResponse Received new opId=0x7f18dabb77a0
n232-194-226:162966:163000 [1] NCCL INFO recvOpId=0x7f18dabb77a0 matches expected opId=0x7f18dabb77a0
n232-194-226:162966:163002 [1] NCCL INFO Received and initiated operation=Setup res=0
n232-194-226:162966:163002 [1] NCCL INFO New proxy recv connection 8 from local rank 1, transport 0
n232-194-226:162966:163002 [1] NCCL INFO proxyProgressAsync opId=0x7f18dabb77a0 op.type=1 op.reqBuff=0x7f188400e600 op.respSize=16 done
n232-194-226:162966:163000 [1] NCCL INFO ncclPollProxyResponse Received new opId=0x7f18dabb77a0
n232-194-226:162966:163002 [1] NCCL INFO Received and initiated operation=Init res=0
n232-194-226:162966:163000 [1] NCCL INFO recvOpId=0x7f18dabb77a0 matches expected opId=0x7f18dabb77a0
n232-194-226:162966:163000 [1] NCCL INFO Connection to proxy localRank 1 -> connection 0x7f18840033d0
n232-194-226:162965:163001 [0] NCCL INFO transport/p2p.cc:204 Cuda Alloc Size 10485760 pointer 0x7f54f6800000
n232-194-226:162965:163001 [0] NCCL INFO Allocated shareable buffer 0x7f54f6800000 size 10485760 ipcDesc 0x7f54d301f020
n232-194-226:162965:163001 [0] NCCL INFO proxyProgressAsync opId=0x7f5484427390 op.type=3 op.reqBuff=0x7f54d306fbc0 op.respSize=80 done
n232-194-226:162965:162999 [0] NCCL INFO ncclPollProxyResponse Received new opId=0x7f5484427390
n232-194-226:162965:163001 [0] NCCL INFO Received and initiated operation=Setup res=0
n232-194-226:162965:162999 [0] NCCL INFO recvOpId=0x7f5484427390 matches expected opId=0x7f5484427390
n232-194-226:162965:163001 [0] NCCL INFO New proxy recv connection 9 from local rank 0, transport 0
n232-194-226:162965:163001 [0] NCCL INFO proxyProgressAsync opId=0x7f5484427390 op.type=1 op.reqBuff=0x7f54d306fbc0 op.respSize=16 done
n232-194-226:162965:162999 [0] NCCL INFO ncclPollProxyResponse Received new opId=0x7f5484427390
n232-194-226:162966:163002 [1] NCCL INFO transport/p2p.cc:204 Cuda Alloc Size 10485760 pointer 0x7f18fb000000
n232-194-226:162965:162999 [0] NCCL INFO recvOpId=0x7f5484427390 matches expected opId=0x7f5484427390
n232-194-226:162966:163002 [1] NCCL INFO Allocated shareable buffer 0x7f18fb000000 size 10485760 ipcDesc 0x7f188400e630
n232-194-226:162965:163001 [0] NCCL INFO Received and initiated operation=Init res=0
n232-194-226:162966:163002 [1] NCCL INFO proxyProgressAsync opId=0x7f18dabb77a0 op.type=3 op.reqBuff=0x7f188400e6c0 op.respSize=80 done
n232-194-226:162966:163000 [1] NCCL INFO ncclPollProxyResponse Received new opId=0x7f18dabb77a0
n232-194-226:162965:162999 [0] NCCL INFO Connection to proxy localRank 0 -> connection 0x7f54d3066980
n232-194-226:162966:163000 [1] NCCL INFO recvOpId=0x7f18dabb77a0 matches expected opId=0x7f18dabb77a0
n232-194-226:162966:163002 [1] NCCL INFO Received and initiated operation=Setup res=0
n232-194-226:162966:163002 [1] NCCL INFO New proxy recv connection 9 from local rank 1, transport 0
n232-194-226:162966:163002 [1] NCCL INFO proxyProgressAsync opId=0x7f18dabb77a0 op.type=1 op.reqBuff=0x7f188400e6c0 op.respSize=16 done
n232-194-226:162966:163000 [1] NCCL INFO ncclPollProxyResponse Received new opId=0x7f18dabb77a0
n232-194-226:162966:163000 [1] NCCL INFO recvOpId=0x7f18dabb77a0 matches expected opId=0x7f18dabb77a0
n232-194-226:162966:163002 [1] NCCL INFO Received and initiated operation=Init res=0
n232-194-226:162966:163000 [1] NCCL INFO Connection to proxy localRank 1 -> connection 0x7f1884003420
n232-194-226:162965:163001 [0] NCCL INFO transport/p2p.cc:204 Cuda Alloc Size 10485760 pointer 0x7f54f7200000
n232-194-226:162965:163001 [0] NCCL INFO Allocated shareable buffer 0x7f54f7200000 size 10485760 ipcDesc 0x7f54d30713a0
n232-194-226:162965:163001 [0] NCCL INFO proxyProgressAsync opId=0x7f5484427390 op.type=3 op.reqBuff=0x7f54d306fc80 op.respSize=80 done
n232-194-226:162965:162999 [0] NCCL INFO ncclPollProxyResponse Received new opId=0x7f5484427390
n232-194-226:162965:163001 [0] NCCL INFO Received and initiated operation=Setup res=0
n232-194-226:162965:162999 [0] NCCL INFO recvOpId=0x7f5484427390 matches expected opId=0x7f5484427390
n232-194-226:162965:163001 [0] NCCL INFO New proxy recv connection 10 from local rank 0, transport 0
n232-194-226:162965:163001 [0] NCCL INFO proxyProgressAsync opId=0x7f5484427390 op.type=1 op.reqBuff=0x7f54d306fc80 op.respSize=16 done
n232-194-226:162965:162999 [0] NCCL INFO ncclPollProxyResponse Received new opId=0x7f5484427390
n232-194-226:162966:163002 [1] NCCL INFO transport/p2p.cc:204 Cuda Alloc Size 10485760 pointer 0x7f18fba00000
n232-194-226:162965:162999 [0] NCCL INFO recvOpId=0x7f5484427390 matches expected opId=0x7f5484427390
n232-194-226:162965:163001 [0] NCCL INFO Received and initiated operation=Init res=0
n232-194-226:162966:163002 [1] NCCL INFO Allocated shareable buffer 0x7f18fba00000 size 10485760 ipcDesc 0x7f188400e630
n232-194-226:162966:163002 [1] NCCL INFO proxyProgressAsync opId=0x7f18dabb77a0 op.type=3 op.reqBuff=0x7f188400e700 op.respSize=80 done
n232-194-226:162965:162999 [0] NCCL INFO Connection to proxy localRank 0 -> connection 0x7f54d30669d0
n232-194-226:162966:163000 [1] NCCL INFO ncclPollProxyResponse Received new opId=0x7f18dabb77a0
n232-194-226:162966:163000 [1] NCCL INFO recvOpId=0x7f18dabb77a0 matches expected opId=0x7f18dabb77a0
n232-194-226:162966:163002 [1] NCCL INFO Received and initiated operation=Setup res=0
n232-194-226:162966:163002 [1] NCCL INFO New proxy recv connection 10 from local rank 1, transport 0
n232-194-226:162966:163002 [1] NCCL INFO proxyProgressAsync opId=0x7f18dabb77a0 op.type=1 op.reqBuff=0x7f188400e700 op.respSize=16 done
n232-194-226:162966:163000 [1] NCCL INFO ncclPollProxyResponse Received new opId=0x7f18dabb77a0
n232-194-226:162966:163000 [1] NCCL INFO recvOpId=0x7f18dabb77a0 matches expected opId=0x7f18dabb77a0
n232-194-226:162966:163000 [1] NCCL INFO Connection to proxy localRank 1 -> connection 0x7f1884003470
n232-194-226:162966:163002 [1] NCCL INFO Received and initiated operation=Init res=0
n232-194-226:162965:163001 [0] NCCL INFO transport/p2p.cc:204 Cuda Alloc Size 10485760 pointer 0x7f54f7c00000
n232-194-226:162965:163001 [0] NCCL INFO Allocated shareable buffer 0x7f54f7c00000 size 10485760 ipcDesc 0x7f54d30713a0
n232-194-226:162965:163001 [0] NCCL INFO proxyProgressAsync opId=0x7f5484427390 op.type=3 op.reqBuff=0x7f54d3071430 op.respSize=80 done
n232-194-226:162965:162999 [0] NCCL INFO ncclPollProxyResponse Received new opId=0x7f5484427390
n232-194-226:162965:163001 [0] NCCL INFO Received and initiated operation=Setup res=0
n232-194-226:162965:162999 [0] NCCL INFO recvOpId=0x7f5484427390 matches expected opId=0x7f5484427390
n232-194-226:162965:163001 [0] NCCL INFO New proxy recv connection 11 from local rank 0, transport 0
n232-194-226:162965:163001 [0] NCCL INFO proxyProgressAsync opId=0x7f5484427390 op.type=1 op.reqBuff=0x7f54d3071430 op.respSize=16 done
n232-194-226:162965:162999 [0] NCCL INFO ncclPollProxyResponse Received new opId=0x7f5484427390
n232-194-226:162966:163002 [1] NCCL INFO transport/p2p.cc:204 Cuda Alloc Size 10485760 pointer 0x7f18fc400000
n232-194-226:162965:162999 [0] NCCL INFO recvOpId=0x7f5484427390 matches expected opId=0x7f5484427390
n232-194-226:162965:163001 [0] NCCL INFO Received and initiated operation=Init res=0
n232-194-226:162966:163002 [1] NCCL INFO Allocated shareable buffer 0x7f18fc400000 size 10485760 ipcDesc 0x7f188400e630
n232-194-226:162966:163002 [1] NCCL INFO proxyProgressAsync opId=0x7f18dabb77a0 op.type=3 op.reqBuff=0x7f188400fee0 op.respSize=80 done
n232-194-226:162965:162999 [0] NCCL INFO Connection to proxy localRank 0 -> connection 0x7f54d3066a20
n232-194-226:162966:163000 [1] NCCL INFO ncclPollProxyResponse Received new opId=0x7f18dabb77a0
n232-194-226:162966:163002 [1] NCCL INFO Received and initiated operation=Setup res=0
n232-194-226:162966:163000 [1] NCCL INFO recvOpId=0x7f18dabb77a0 matches expected opId=0x7f18dabb77a0
n232-194-226:162966:163002 [1] NCCL INFO New proxy recv connection 11 from local rank 1, transport 0
n232-194-226:162966:163002 [1] NCCL INFO proxyProgressAsync opId=0x7f18dabb77a0 op.type=1 op.reqBuff=0x7f188400fee0 op.respSize=16 done
n232-194-226:162966:163000 [1] NCCL INFO ncclPollProxyResponse Received new opId=0x7f18dabb77a0
n232-194-226:162966:163002 [1] NCCL INFO Received and initiated operation=Init res=0
n232-194-226:162966:163000 [1] NCCL INFO recvOpId=0x7f18dabb77a0 matches expected opId=0x7f18dabb77a0
n232-194-226:162966:163000 [1] NCCL INFO Connection to proxy localRank 1 -> connection 0x7f18840034c0
n232-194-226:162965:163001 [0] NCCL INFO transport/p2p.cc:204 Cuda Alloc Size 10485760 pointer 0x7f54f8600000
n232-194-226:162965:163001 [0] NCCL INFO Allocated shareable buffer 0x7f54f8600000 size 10485760 ipcDesc 0x7f54d30713a0
n232-194-226:162965:163001 [0] NCCL INFO proxyProgressAsync opId=0x7f5484427390 op.type=3 op.reqBuff=0x7f54d3072010 op.respSize=80 done
n232-194-226:162965:162999 [0] NCCL INFO ncclPollProxyResponse Received new opId=0x7f5484427390
n232-194-226:162965:163001 [0] NCCL INFO Received and initiated operation=Setup res=0
n232-194-226:162965:162999 [0] NCCL INFO recvOpId=0x7f5484427390 matches expected opId=0x7f5484427390
n232-194-226:162965:163001 [0] NCCL INFO New proxy recv connection 12 from local rank 0, transport 0
n232-194-226:162965:163001 [0] NCCL INFO proxyProgressAsync opId=0x7f5484427390 op.type=1 op.reqBuff=0x7f54d3072010 op.respSize=16 done
n232-194-226:162965:162999 [0] NCCL INFO ncclPollProxyResponse Received new opId=0x7f5484427390
n232-194-226:162966:163002 [1] NCCL INFO transport/p2p.cc:204 Cuda Alloc Size 10485760 pointer 0x7f18fce00000
n232-194-226:162965:162999 [0] NCCL INFO recvOpId=0x7f5484427390 matches expected opId=0x7f5484427390
n232-194-226:162965:163001 [0] NCCL INFO Received and initiated operation=Init res=0
n232-194-226:162966:163002 [1] NCCL INFO Allocated shareable buffer 0x7f18fce00000 size 10485760 ipcDesc 0x7f188400e630
n232-194-226:162965:162999 [0] NCCL INFO Connection to proxy localRank 0 -> connection 0x7f54d3066a70
n232-194-226:162966:163002 [1] NCCL INFO proxyProgressAsync opId=0x7f18dabb77a0 op.type=3 op.reqBuff=0x7f188400ff20 op.respSize=80 done
n232-194-226:162966:163000 [1] NCCL INFO ncclPollProxyResponse Received new opId=0x7f18dabb77a0
n232-194-226:162966:163002 [1] NCCL INFO Received and initiated operation=Setup res=0
n232-194-226:162966:163000 [1] NCCL INFO recvOpId=0x7f18dabb77a0 matches expected opId=0x7f18dabb77a0
n232-194-226:162966:163002 [1] NCCL INFO New proxy recv connection 12 from local rank 1, transport 0
n232-194-226:162966:163002 [1] NCCL INFO proxyProgressAsync opId=0x7f18dabb77a0 op.type=1 op.reqBuff=0x7f188400ff20 op.respSize=16 done
n232-194-226:162966:163000 [1] NCCL INFO ncclPollProxyResponse Received new opId=0x7f18dabb77a0
n232-194-226:162966:163002 [1] NCCL INFO Received and initiated operation=Init res=0
n232-194-226:162966:163000 [1] NCCL INFO recvOpId=0x7f18dabb77a0 matches expected opId=0x7f18dabb77a0
n232-194-226:162966:163000 [1] NCCL INFO Connection to proxy localRank 1 -> connection 0x7f1884003510
n232-194-226:162965:163001 [0] NCCL INFO transport/p2p.cc:204 Cuda Alloc Size 10485760 pointer 0x7f54f9000000
n232-194-226:162965:163001 [0] NCCL INFO Allocated shareable buffer 0x7f54f9000000 size 10485760 ipcDesc 0x7f54d30713a0
n232-194-226:162965:163001 [0] NCCL INFO proxyProgressAsync opId=0x7f5484427390 op.type=3 op.reqBuff=0x7f54d3072bf0 op.respSize=80 done
n232-194-226:162965:162999 [0] NCCL INFO ncclPollProxyResponse Received new opId=0x7f5484427390
n232-194-226:162965:162999 [0] NCCL INFO recvOpId=0x7f5484427390 matches expected opId=0x7f5484427390
n232-194-226:162965:163001 [0] NCCL INFO Received and initiated operation=Setup res=0
n232-194-226:162965:163001 [0] NCCL INFO New proxy recv connection 13 from local rank 0, transport 0
n232-194-226:162965:163001 [0] NCCL INFO proxyProgressAsync opId=0x7f5484427390 op.type=1 op.reqBuff=0x7f54d3072bf0 op.respSize=16 done
n232-194-226:162966:163002 [1] NCCL INFO transport/p2p.cc:204 Cuda Alloc Size 10485760 pointer 0x7f18fd800000
n232-194-226:162965:162999 [0] NCCL INFO ncclPollProxyResponse Received new opId=0x7f5484427390
n232-194-226:162966:163002 [1] NCCL INFO Allocated shareable buffer 0x7f18fd800000 size 10485760 ipcDesc 0x7f188400e630
n232-194-226:162966:163002 [1] NCCL INFO proxyProgressAsync opId=0x7f18dabb77a0 op.type=3 op.reqBuff=0x7f18840116a0 op.respSize=80 done
n232-194-226:162965:162999 [0] NCCL INFO recvOpId=0x7f5484427390 matches expected opId=0x7f5484427390
n232-194-226:162965:163001 [0] NCCL INFO Received and initiated operation=Init res=0
n232-194-226:162965:162999 [0] NCCL INFO Connection to proxy localRank 0 -> connection 0x7f54d3066ac0
n232-194-226:162966:163000 [1] NCCL INFO ncclPollProxyResponse Received new opId=0x7f18dabb77a0
n232-194-226:162966:163000 [1] NCCL INFO recvOpId=0x7f18dabb77a0 matches expected opId=0x7f18dabb77a0
n232-194-226:162966:163002 [1] NCCL INFO Received and initiated operation=Setup res=0
n232-194-226:162966:163002 [1] NCCL INFO New proxy recv connection 13 from local rank 1, transport 0
n232-194-226:162966:163002 [1] NCCL INFO proxyProgressAsync opId=0x7f18dabb77a0 op.type=1 op.reqBuff=0x7f18840116a0 op.respSize=16 done
n232-194-226:162966:163000 [1] NCCL INFO ncclPollProxyResponse Received new opId=0x7f18dabb77a0
n232-194-226:162966:163000 [1] NCCL INFO recvOpId=0x7f18dabb77a0 matches expected opId=0x7f18dabb77a0
n232-194-226:162966:163000 [1] NCCL INFO Connection to proxy localRank 1 -> connection 0x7f1884003560
n232-194-226:162966:163002 [1] NCCL INFO Received and initiated operation=Init res=0
n232-194-226:162965:163001 [0] NCCL INFO transport/p2p.cc:204 Cuda Alloc Size 10485760 pointer 0x7f54f9a00000
n232-194-226:162965:163001 [0] NCCL INFO Allocated shareable buffer 0x7f54f9a00000 size 10485760 ipcDesc 0x7f54d30713a0
n232-194-226:162965:163001 [0] NCCL INFO proxyProgressAsync opId=0x7f5484427390 op.type=3 op.reqBuff=0x7f54d30737d0 op.respSize=80 done
n232-194-226:162965:162999 [0] NCCL INFO ncclPollProxyResponse Received new opId=0x7f5484427390
n232-194-226:162965:162999 [0] NCCL INFO recvOpId=0x7f5484427390 matches expected opId=0x7f5484427390
n232-194-226:162965:163001 [0] NCCL INFO Received and initiated operation=Setup res=0
n232-194-226:162965:163001 [0] NCCL INFO New proxy recv connection 14 from local rank 0, transport 0
n232-194-226:162965:163001 [0] NCCL INFO proxyProgressAsync opId=0x7f5484427390 op.type=1 op.reqBuff=0x7f54d30737d0 op.respSize=16 done
n232-194-226:162966:163002 [1] NCCL INFO transport/p2p.cc:204 Cuda Alloc Size 10485760 pointer 0x7f18fe200000
n232-194-226:162965:162999 [0] NCCL INFO ncclPollProxyResponse Received new opId=0x7f5484427390
n232-194-226:162966:163002 [1] NCCL INFO Allocated shareable buffer 0x7f18fe200000 size 10485760 ipcDesc 0x7f188400e630
n232-194-226:162966:163002 [1] NCCL INFO proxyProgressAsync opId=0x7f18dabb77a0 op.type=3 op.reqBuff=0x7f18840116e0 op.respSize=80 done
n232-194-226:162965:162999 [0] NCCL INFO recvOpId=0x7f5484427390 matches expected opId=0x7f5484427390
n232-194-226:162965:163001 [0] NCCL INFO Received and initiated operation=Init res=0
n232-194-226:162965:162999 [0] NCCL INFO Connection to proxy localRank 0 -> connection 0x7f54d3066b10
n232-194-226:162966:163000 [1] NCCL INFO ncclPollProxyResponse Received new opId=0x7f18dabb77a0
n232-194-226:162966:163000 [1] NCCL INFO recvOpId=0x7f18dabb77a0 matches expected opId=0x7f18dabb77a0
n232-194-226:162966:163002 [1] NCCL INFO Received and initiated operation=Setup res=0
n232-194-226:162966:163002 [1] NCCL INFO New proxy recv connection 14 from local rank 1, transport 0
n232-194-226:162966:163002 [1] NCCL INFO proxyProgressAsync opId=0x7f18dabb77a0 op.type=1 op.reqBuff=0x7f18840116e0 op.respSize=16 done
n232-194-226:162966:163000 [1] NCCL INFO ncclPollProxyResponse Received new opId=0x7f18dabb77a0
n232-194-226:162966:163000 [1] NCCL INFO recvOpId=0x7f18dabb77a0 matches expected opId=0x7f18dabb77a0
n232-194-226:162966:163002 [1] NCCL INFO Received and initiated operation=Init res=0
n232-194-226:162966:163000 [1] NCCL INFO Connection to proxy localRank 1 -> connection 0x7f18840035b0
n232-194-226:162965:163001 [0] NCCL INFO transport/p2p.cc:204 Cuda Alloc Size 10485760 pointer 0x7f54fa400000
n232-194-226:162965:163001 [0] NCCL INFO Allocated shareable buffer 0x7f54fa400000 size 10485760 ipcDesc 0x7f54d30713a0
n232-194-226:162965:163001 [0] NCCL INFO proxyProgressAsync opId=0x7f5484427390 op.type=3 op.reqBuff=0x7f54d30743b0 op.respSize=80 done
n232-194-226:162965:162999 [0] NCCL INFO ncclPollProxyResponse Received new opId=0x7f5484427390
n232-194-226:162965:162999 [0] NCCL INFO recvOpId=0x7f5484427390 matches expected opId=0x7f5484427390
n232-194-226:162965:163001 [0] NCCL INFO Received and initiated operation=Setup res=0
n232-194-226:162965:163001 [0] NCCL INFO New proxy recv connection 15 from local rank 0, transport 0
n232-194-226:162965:163001 [0] NCCL INFO proxyProgressAsync opId=0x7f5484427390 op.type=1 op.reqBuff=0x7f54d30743b0 op.respSize=16 done
n232-194-226:162966:163002 [1] NCCL INFO transport/p2p.cc:204 Cuda Alloc Size 10485760 pointer 0x7f18fec00000
n232-194-226:162965:162999 [0] NCCL INFO ncclPollProxyResponse Received new opId=0x7f5484427390
n232-194-226:162966:163002 [1] NCCL INFO Allocated shareable buffer 0x7f18fec00000 size 10485760 ipcDesc 0x7f188400e630
n232-194-226:162966:163002 [1] NCCL INFO proxyProgressAsync opId=0x7f18dabb77a0 op.type=3 op.reqBuff=0x7f1884012e60 op.respSize=80 done
n232-194-226:162965:162999 [0] NCCL INFO recvOpId=0x7f5484427390 matches expected opId=0x7f5484427390
n232-194-226:162965:163001 [0] NCCL INFO Received and initiated operation=Init res=0
n232-194-226:162965:162999 [0] NCCL INFO Connection to proxy localRank 0 -> connection 0x7f54d3066b60
n232-194-226:162966:163000 [1] NCCL INFO ncclPollProxyResponse Received new opId=0x7f18dabb77a0
n232-194-226:162966:163000 [1] NCCL INFO recvOpId=0x7f18dabb77a0 matches expected opId=0x7f18dabb77a0
n232-194-226:162966:163002 [1] NCCL INFO Received and initiated operation=Setup res=0
n232-194-226:162966:163002 [1] NCCL INFO New proxy recv connection 15 from local rank 1, transport 0
n232-194-226:162966:163002 [1] NCCL INFO proxyProgressAsync opId=0x7f18dabb77a0 op.type=1 op.reqBuff=0x7f1884012e60 op.respSize=16 done
n232-194-226:162966:163000 [1] NCCL INFO ncclPollProxyResponse Received new opId=0x7f18dabb77a0
n232-194-226:162966:163000 [1] NCCL INFO recvOpId=0x7f18dabb77a0 matches expected opId=0x7f18dabb77a0
n232-194-226:162966:163002 [1] NCCL INFO Received and initiated operation=Init res=0
n232-194-226:162966:163000 [1] NCCL INFO Connection to proxy localRank 1 -> connection 0x7f1884003600
n232-194-226:162965:163001 [0] NCCL INFO transport/p2p.cc:204 Cuda Alloc Size 10485760 pointer 0x7f54fae00000
n232-194-226:162965:163001 [0] NCCL INFO Allocated shareable buffer 0x7f54fae00000 size 10485760 ipcDesc 0x7f54d30713a0
n232-194-226:162965:163001 [0] NCCL INFO proxyProgressAsync opId=0x7f5484427390 op.type=3 op.reqBuff=0x7f54d3074f90 op.respSize=80 done
n232-194-226:162965:162999 [0] NCCL INFO ncclPollProxyResponse Received new opId=0x7f5484427390
n232-194-226:162965:163001 [0] NCCL INFO Received and initiated operation=Setup res=0
n232-194-226:162965:162999 [0] NCCL INFO recvOpId=0x7f5484427390 matches expected opId=0x7f5484427390
n232-194-226:162965:162999 [0] NCCL INFO Channel 00/0 : 0[0] -> 1[1] via P2P/IPC
n232-194-226:162965:163001 [0] NCCL INFO New proxy send connection 16 from local rank 0, transport 0
n232-194-226:162965:163001 [0] NCCL INFO proxyProgressAsync opId=0x7f5484427390 op.type=1 op.reqBuff=0x7f54d3074f90 op.respSize=16 done
n232-194-226:162965:162999 [0] NCCL INFO ncclPollProxyResponse Received new opId=0x7f5484427390
n232-194-226:162966:163002 [1] NCCL INFO transport/p2p.cc:204 Cuda Alloc Size 10485760 pointer 0x7f18ff600000
n232-194-226:162966:163002 [1] NCCL INFO Allocated shareable buffer 0x7f18ff600000 size 10485760 ipcDesc 0x7f188400e630
n232-194-226:162965:162999 [0] NCCL INFO recvOpId=0x7f5484427390 matches expected opId=0x7f5484427390
n232-194-226:162966:163002 [1] NCCL INFO proxyProgressAsync opId=0x7f18dabb77a0 op.type=3 op.reqBuff=0x7f1884012ea0 op.respSize=80 done
n232-194-226:162965:163001 [0] NCCL INFO Received and initiated operation=Init res=0
n232-194-226:162965:162999 [0] NCCL INFO Connection to proxy localRank 0 -> connection 0x7f54d3066bb0
n232-194-226:162966:163000 [1] NCCL INFO ncclPollProxyResponse Received new opId=0x7f18dabb77a0
n232-194-226:162966:163000 [1] NCCL INFO recvOpId=0x7f18dabb77a0 matches expected opId=0x7f18dabb77a0
n232-194-226:162966:163002 [1] NCCL INFO Received and initiated operation=Setup res=0
n232-194-226:162966:163000 [1] NCCL INFO Channel 00/0 : 1[1] -> 0[0] via P2P/IPC
n232-194-226:162966:163002 [1] NCCL INFO New proxy send connection 16 from local rank 1, transport 0
n232-194-226:162966:163002 [1] NCCL INFO proxyProgressAsync opId=0x7f18dabb77a0 op.type=1 op.reqBuff=0x7f1884012ea0 op.respSize=16 done
n232-194-226:162966:163000 [1] NCCL INFO ncclPollProxyResponse Received new opId=0x7f18dabb77a0
n232-194-226:162966:163000 [1] NCCL INFO recvOpId=0x7f18dabb77a0 matches expected opId=0x7f18dabb77a0
n232-194-226:162966:163000 [1] NCCL INFO Connection to proxy localRank 1 -> connection 0x7f1884003650
n232-194-226:162966:163002 [1] NCCL INFO Received and initiated operation=Init res=0
n232-194-226:162965:163001 [0] NCCL INFO transport/p2p.cc:204 Cuda Alloc Size 2097152 pointer 0x7f54fb800000
n232-194-226:162965:163001 [0] NCCL INFO Allocated shareable buffer 0x7f54fb800000 size 2097152 ipcDesc 0x7f54d30713a0
n232-194-226:162965:163001 [0] NCCL INFO proxyProgressAsync opId=0x7f5484427390 op.type=3 op.reqBuff=0x7f54d3075b70 op.respSize=80 done
n232-194-226:162965:162999 [0] NCCL INFO ncclPollProxyResponse Received new opId=0x7f5484427390
n232-194-226:162965:162999 [0] NCCL INFO recvOpId=0x7f5484427390 matches expected opId=0x7f5484427390
n232-194-226:162965:163001 [0] NCCL INFO Received and initiated operation=Setup res=0
n232-194-226:162965:162999 [0] NCCL INFO Channel 01/0 : 0[0] -> 1[1] via P2P/IPC
n232-194-226:162965:163001 [0] NCCL INFO New proxy send connection 17 from local rank 0, transport 0
n232-194-226:162966:163002 [1] NCCL INFO transport/p2p.cc:204 Cuda Alloc Size 2097152 pointer 0x7f18d7800000
n232-194-226:162965:163001 [0] NCCL INFO proxyProgressAsync opId=0x7f5484427390 op.type=1 op.reqBuff=0x7f54d3075b70 op.respSize=16 done
n232-194-226:162966:163002 [1] NCCL INFO Allocated shareable buffer 0x7f18d7800000 size 2097152 ipcDesc 0x7f188400e630
n232-194-226:162966:163002 [1] NCCL INFO proxyProgressAsync opId=0x7f18dabb77a0 op.type=3 op.reqBuff=0x7f1884014620 op.respSize=80 done
n232-194-226:162965:162999 [0] NCCL INFO ncclPollProxyResponse Received new opId=0x7f5484427390
n232-194-226:162966:163000 [1] NCCL INFO ncclPollProxyResponse Received new opId=0x7f18dabb77a0
n232-194-226:162965:163001 [0] NCCL INFO Received and initiated operation=Init res=0
n232-194-226:162965:162999 [0] NCCL INFO recvOpId=0x7f5484427390 matches expected opId=0x7f5484427390
n232-194-226:162966:163002 [1] NCCL INFO Received and initiated operation=Setup res=0
n232-194-226:162965:162999 [0] NCCL INFO Connection to proxy localRank 0 -> connection 0x7f54d3066c00
n232-194-226:162966:163000 [1] NCCL INFO recvOpId=0x7f18dabb77a0 matches expected opId=0x7f18dabb77a0
n232-194-226:162966:163000 [1] NCCL INFO Channel 01/0 : 1[1] -> 0[0] via P2P/IPC
n232-194-226:162966:163002 [1] NCCL INFO New proxy send connection 17 from local rank 1, transport 0
n232-194-226:162966:163002 [1] NCCL INFO proxyProgressAsync opId=0x7f18dabb77a0 op.type=1 op.reqBuff=0x7f1884014620 op.respSize=16 done
n232-194-226:162966:163000 [1] NCCL INFO ncclPollProxyResponse Received new opId=0x7f18dabb77a0
n232-194-226:162966:163000 [1] NCCL INFO recvOpId=0x7f18dabb77a0 matches expected opId=0x7f18dabb77a0
n232-194-226:162966:163000 [1] NCCL INFO Connection to proxy localRank 1 -> connection 0x7f18840036a0
n232-194-226:162966:163002 [1] NCCL INFO Received and initiated operation=Init res=0
n232-194-226:162965:163001 [0] NCCL INFO transport/p2p.cc:204 Cuda Alloc Size 2097152 pointer 0x7f54fba00000
n232-194-226:162965:163001 [0] NCCL INFO Allocated shareable buffer 0x7f54fba00000 size 2097152 ipcDesc 0x7f54d30713a0
n232-194-226:162965:163001 [0] NCCL INFO proxyProgressAsync opId=0x7f5484427390 op.type=3 op.reqBuff=0x7f54d3076750 op.respSize=80 done
n232-194-226:162965:162999 [0] NCCL INFO ncclPollProxyResponse Received new opId=0x7f5484427390
n232-194-226:162965:162999 [0] NCCL INFO recvOpId=0x7f5484427390 matches expected opId=0x7f5484427390
n232-194-226:162965:163001 [0] NCCL INFO Received and initiated operation=Setup res=0
n232-194-226:162965:162999 [0] NCCL INFO Channel 02/0 : 0[0] -> 1[1] via P2P/IPC
n232-194-226:162965:163001 [0] NCCL INFO New proxy send connection 18 from local rank 0, transport 0
n232-194-226:162965:163001 [0] NCCL INFO proxyProgressAsync opId=0x7f5484427390 op.type=1 op.reqBuff=0x7f54d3076750 op.respSize=16 done
n232-194-226:162966:163002 [1] NCCL INFO transport/p2p.cc:204 Cuda Alloc Size 2097152 pointer 0x7f18d7a00000
n232-194-226:162965:162999 [0] NCCL INFO ncclPollProxyResponse Received new opId=0x7f5484427390
n232-194-226:162966:163002 [1] NCCL INFO Allocated shareable buffer 0x7f18d7a00000 size 2097152 ipcDesc 0x7f188400e630
n232-194-226:162966:163002 [1] NCCL INFO proxyProgressAsync opId=0x7f18dabb77a0 op.type=3 op.reqBuff=0x7f1884014660 op.respSize=80 done
n232-194-226:162965:162999 [0] NCCL INFO recvOpId=0x7f5484427390 matches expected opId=0x7f5484427390
n232-194-226:162965:163001 [0] NCCL INFO Received and initiated operation=Init res=0
n232-194-226:162965:162999 [0] NCCL INFO Connection to proxy localRank 0 -> connection 0x7f54d3066c50
n232-194-226:162966:163000 [1] NCCL INFO ncclPollProxyResponse Received new opId=0x7f18dabb77a0
n232-194-226:162966:163002 [1] NCCL INFO Received and initiated operation=Setup res=0
n232-194-226:162966:163000 [1] NCCL INFO recvOpId=0x7f18dabb77a0 matches expected opId=0x7f18dabb77a0
n232-194-226:162966:163000 [1] NCCL INFO Channel 02/0 : 1[1] -> 0[0] via P2P/IPC
n232-194-226:162966:163002 [1] NCCL INFO New proxy send connection 18 from local rank 1, transport 0
n232-194-226:162966:163002 [1] NCCL INFO proxyProgressAsync opId=0x7f18dabb77a0 op.type=1 op.reqBuff=0x7f1884014660 op.respSize=16 done
n232-194-226:162966:163000 [1] NCCL INFO ncclPollProxyResponse Received new opId=0x7f18dabb77a0
n232-194-226:162966:163000 [1] NCCL INFO recvOpId=0x7f18dabb77a0 matches expected opId=0x7f18dabb77a0
n232-194-226:162966:163000 [1] NCCL INFO Connection to proxy localRank 1 -> connection 0x7f18840036f0
n232-194-226:162966:163002 [1] NCCL INFO Received and initiated operation=Init res=0
n232-194-226:162965:163001 [0] NCCL INFO transport/p2p.cc:204 Cuda Alloc Size 2097152 pointer 0x7f54fbc00000
n232-194-226:162965:163001 [0] NCCL INFO Allocated shareable buffer 0x7f54fbc00000 size 2097152 ipcDesc 0x7f54d30713a0
n232-194-226:162965:163001 [0] NCCL INFO proxyProgressAsync opId=0x7f5484427390 op.type=3 op.reqBuff=0x7f54d3077330 op.respSize=80 done
n232-194-226:162965:162999 [0] NCCL INFO ncclPollProxyResponse Received new opId=0x7f5484427390
n232-194-226:162965:162999 [0] NCCL INFO recvOpId=0x7f5484427390 matches expected opId=0x7f5484427390
n232-194-226:162965:163001 [0] NCCL INFO Received and initiated operation=Setup res=0
n232-194-226:162965:162999 [0] NCCL INFO Channel 03/0 : 0[0] -> 1[1] via P2P/IPC
n232-194-226:162965:163001 [0] NCCL INFO New proxy send connection 19 from local rank 0, transport 0
n232-194-226:162965:163001 [0] NCCL INFO proxyProgressAsync opId=0x7f5484427390 op.type=1 op.reqBuff=0x7f54d3077330 op.respSize=16 done
n232-194-226:162965:162999 [0] NCCL INFO ncclPollProxyResponse Received new opId=0x7f5484427390
n232-194-226:162965:163001 [0] NCCL INFO Received and initiated operation=Init res=0
n232-194-226:162965:162999 [0] NCCL INFO recvOpId=0x7f5484427390 matches expected opId=0x7f5484427390
n232-194-226:162965:162999 [0] NCCL INFO Connection to proxy localRank 0 -> connection 0x7f54d3066ca0
n232-194-226:162966:163002 [1] NCCL INFO transport/p2p.cc:204 Cuda Alloc Size 2097152 pointer 0x7f18d7c00000
n232-194-226:162966:163002 [1] NCCL INFO Allocated shareable buffer 0x7f18d7c00000 size 2097152 ipcDesc 0x7f188400e630
n232-194-226:162966:163002 [1] NCCL INFO proxyProgressAsync opId=0x7f18dabb77a0 op.type=3 op.reqBuff=0x7f1884015de0 op.respSize=80 done
n232-194-226:162966:163000 [1] NCCL INFO ncclPollProxyResponse Received new opId=0x7f18dabb77a0
n232-194-226:162966:163000 [1] NCCL INFO recvOpId=0x7f18dabb77a0 matches expected opId=0x7f18dabb77a0
n232-194-226:162966:163002 [1] NCCL INFO Received and initiated operation=Setup res=0
n232-194-226:162966:163000 [1] NCCL INFO Channel 03/0 : 1[1] -> 0[0] via P2P/IPC
n232-194-226:162966:163002 [1] NCCL INFO New proxy send connection 19 from local rank 1, transport 0
