n232-194-226:162966:163002 [1] NCCL INFO proxyProgressAsync opId=0x7f18dabb77a0 op.type=1 op.reqBuff=0x7f1884015de0 op.respSize=16 done
n232-194-226:162966:163000 [1] NCCL INFO ncclPollProxyResponse Received new opId=0x7f18dabb77a0
n232-194-226:162966:163000 [1] NCCL INFO recvOpId=0x7f18dabb77a0 matches expected opId=0x7f18dabb77a0
n232-194-226:162966:163002 [1] NCCL INFO Received and initiated operation=Init res=0
n232-194-226:162966:163000 [1] NCCL INFO Connection to proxy localRank 1 -> connection 0x7f1884003740
n232-194-226:162965:163001 [0] NCCL INFO transport/p2p.cc:204 Cuda Alloc Size 2097152 pointer 0x7f54fbe00000
n232-194-226:162965:163001 [0] NCCL INFO Allocated shareable buffer 0x7f54fbe00000 size 2097152 ipcDesc 0x7f54d30713a0
n232-194-226:162965:163001 [0] NCCL INFO proxyProgressAsync opId=0x7f5484427390 op.type=3 op.reqBuff=0x7f54d3077f10 op.respSize=80 done
n232-194-226:162965:162999 [0] NCCL INFO ncclPollProxyResponse Received new opId=0x7f5484427390
n232-194-226:162965:162999 [0] NCCL INFO recvOpId=0x7f5484427390 matches expected opId=0x7f5484427390
n232-194-226:162965:163001 [0] NCCL INFO Received and initiated operation=Setup res=0
n232-194-226:162965:162999 [0] NCCL INFO Channel 04/0 : 0[0] -> 1[1] via P2P/IPC
n232-194-226:162965:163001 [0] NCCL INFO New proxy send connection 20 from local rank 0, transport 0
n232-194-226:162965:163001 [0] NCCL INFO proxyProgressAsync opId=0x7f5484427390 op.type=1 op.reqBuff=0x7f54d3077f10 op.respSize=16 done
n232-194-226:162965:162999 [0] NCCL INFO ncclPollProxyResponse Received new opId=0x7f5484427390
n232-194-226:162965:163001 [0] NCCL INFO Received and initiated operation=Init res=0
n232-194-226:162965:162999 [0] NCCL INFO recvOpId=0x7f5484427390 matches expected opId=0x7f5484427390
n232-194-226:162965:162999 [0] NCCL INFO Connection to proxy localRank 0 -> connection 0x7f54d3066cf0
n232-194-226:162966:163002 [1] NCCL INFO transport/p2p.cc:204 Cuda Alloc Size 2097152 pointer 0x7f18d7e00000
n232-194-226:162966:163002 [1] NCCL INFO Allocated shareable buffer 0x7f18d7e00000 size 2097152 ipcDesc 0x7f188400e630
n232-194-226:162966:163002 [1] NCCL INFO proxyProgressAsync opId=0x7f18dabb77a0 op.type=3 op.reqBuff=0x7f1884015e20 op.respSize=80 done
n232-194-226:162966:163000 [1] NCCL INFO ncclPollProxyResponse Received new opId=0x7f18dabb77a0
n232-194-226:162966:163000 [1] NCCL INFO recvOpId=0x7f18dabb77a0 matches expected opId=0x7f18dabb77a0
n232-194-226:162966:163002 [1] NCCL INFO Received and initiated operation=Setup res=0
n232-194-226:162966:163000 [1] NCCL INFO Channel 04/0 : 1[1] -> 0[0] via P2P/IPC
n232-194-226:162966:163002 [1] NCCL INFO New proxy send connection 20 from local rank 1, transport 0
n232-194-226:162966:163002 [1] NCCL INFO proxyProgressAsync opId=0x7f18dabb77a0 op.type=1 op.reqBuff=0x7f1884015e20 op.respSize=16 done
n232-194-226:162966:163000 [1] NCCL INFO ncclPollProxyResponse Received new opId=0x7f18dabb77a0
n232-194-226:162966:163002 [1] NCCL INFO Received and initiated operation=Init res=0
n232-194-226:162966:163000 [1] NCCL INFO recvOpId=0x7f18dabb77a0 matches expected opId=0x7f18dabb77a0
n232-194-226:162966:163000 [1] NCCL INFO Connection to proxy localRank 1 -> connection 0x7f1884003790
n232-194-226:162965:163001 [0] NCCL INFO transport/p2p.cc:204 Cuda Alloc Size 2097152 pointer 0x7f54fc000000
n232-194-226:162965:163001 [0] NCCL INFO Allocated shareable buffer 0x7f54fc000000 size 2097152 ipcDesc 0x7f54d30713a0
n232-194-226:162965:163001 [0] NCCL INFO proxyProgressAsync opId=0x7f5484427390 op.type=3 op.reqBuff=0x7f54d3078af0 op.respSize=80 done
n232-194-226:162965:162999 [0] NCCL INFO ncclPollProxyResponse Received new opId=0x7f5484427390
n232-194-226:162965:162999 [0] NCCL INFO recvOpId=0x7f5484427390 matches expected opId=0x7f5484427390
n232-194-226:162965:163001 [0] NCCL INFO Received and initiated operation=Setup res=0
n232-194-226:162965:162999 [0] NCCL INFO Channel 05/0 : 0[0] -> 1[1] via P2P/IPC
n232-194-226:162965:163001 [0] NCCL INFO New proxy send connection 21 from local rank 0, transport 0
n232-194-226:162965:163001 [0] NCCL INFO proxyProgressAsync opId=0x7f5484427390 op.type=1 op.reqBuff=0x7f54d3078af0 op.respSize=16 done
n232-194-226:162965:162999 [0] NCCL INFO ncclPollProxyResponse Received new opId=0x7f5484427390
n232-194-226:162965:162999 [0] NCCL INFO recvOpId=0x7f5484427390 matches expected opId=0x7f5484427390
n232-194-226:162965:163001 [0] NCCL INFO Received and initiated operation=Init res=0
n232-194-226:162965:162999 [0] NCCL INFO Connection to proxy localRank 0 -> connection 0x7f54d3066d40
n232-194-226:162966:163002 [1] NCCL INFO transport/p2p.cc:204 Cuda Alloc Size 2097152 pointer 0x7f1900000000
n232-194-226:162966:163002 [1] NCCL INFO Allocated shareable buffer 0x7f1900000000 size 2097152 ipcDesc 0x7f188400e630
n232-194-226:162966:163002 [1] NCCL INFO proxyProgressAsync opId=0x7f18dabb77a0 op.type=3 op.reqBuff=0x7f18840175a0 op.respSize=80 done
n232-194-226:162966:163000 [1] NCCL INFO ncclPollProxyResponse Received new opId=0x7f18dabb77a0
n232-194-226:162966:163000 [1] NCCL INFO recvOpId=0x7f18dabb77a0 matches expected opId=0x7f18dabb77a0
n232-194-226:162966:163002 [1] NCCL INFO Received and initiated operation=Setup res=0
n232-194-226:162966:163000 [1] NCCL INFO Channel 05/0 : 1[1] -> 0[0] via P2P/IPC
n232-194-226:162966:163002 [1] NCCL INFO New proxy send connection 21 from local rank 1, transport 0
n232-194-226:162966:163002 [1] NCCL INFO proxyProgressAsync opId=0x7f18dabb77a0 op.type=1 op.reqBuff=0x7f18840175a0 op.respSize=16 done
n232-194-226:162966:163000 [1] NCCL INFO ncclPollProxyResponse Received new opId=0x7f18dabb77a0
n232-194-226:162966:163002 [1] NCCL INFO Received and initiated operation=Init res=0
n232-194-226:162966:163000 [1] NCCL INFO recvOpId=0x7f18dabb77a0 matches expected opId=0x7f18dabb77a0
n232-194-226:162966:163000 [1] NCCL INFO Connection to proxy localRank 1 -> connection 0x7f18840037e0
n232-194-226:162965:163001 [0] NCCL INFO transport/p2p.cc:204 Cuda Alloc Size 2097152 pointer 0x7f54fc200000
n232-194-226:162965:163001 [0] NCCL INFO Allocated shareable buffer 0x7f54fc200000 size 2097152 ipcDesc 0x7f54d30713a0
n232-194-226:162965:163001 [0] NCCL INFO proxyProgressAsync opId=0x7f5484427390 op.type=3 op.reqBuff=0x7f54d30796d0 op.respSize=80 done
n232-194-226:162965:162999 [0] NCCL INFO ncclPollProxyResponse Received new opId=0x7f5484427390
n232-194-226:162965:163001 [0] NCCL INFO Received and initiated operation=Setup res=0
n232-194-226:162965:162999 [0] NCCL INFO recvOpId=0x7f5484427390 matches expected opId=0x7f5484427390
n232-194-226:162965:162999 [0] NCCL INFO Channel 06/0 : 0[0] -> 1[1] via P2P/IPC
n232-194-226:162966:163002 [1] NCCL INFO transport/p2p.cc:204 Cuda Alloc Size 2097152 pointer 0x7f1900200000
n232-194-226:162965:163001 [0] NCCL INFO New proxy send connection 22 from local rank 0, transport 0
n232-194-226:162965:163001 [0] NCCL INFO proxyProgressAsync opId=0x7f5484427390 op.type=1 op.reqBuff=0x7f54d30796d0 op.respSize=16 done
n232-194-226:162966:163002 [1] NCCL INFO Allocated shareable buffer 0x7f1900200000 size 2097152 ipcDesc 0x7f188400e630
n232-194-226:162966:163002 [1] NCCL INFO proxyProgressAsync opId=0x7f18dabb77a0 op.type=3 op.reqBuff=0x7f18840175e0 op.respSize=80 done
n232-194-226:162965:162999 [0] NCCL INFO ncclPollProxyResponse Received new opId=0x7f5484427390
n232-194-226:162966:163000 [1] NCCL INFO ncclPollProxyResponse Received new opId=0x7f18dabb77a0
n232-194-226:162965:162999 [0] NCCL INFO recvOpId=0x7f5484427390 matches expected opId=0x7f5484427390
n232-194-226:162965:163001 [0] NCCL INFO Received and initiated operation=Init res=0
n232-194-226:162965:162999 [0] NCCL INFO Connection to proxy localRank 0 -> connection 0x7f54d3066d90
n232-194-226:162966:163000 [1] NCCL INFO recvOpId=0x7f18dabb77a0 matches expected opId=0x7f18dabb77a0
n232-194-226:162966:163002 [1] NCCL INFO Received and initiated operation=Setup res=0
n232-194-226:162966:163000 [1] NCCL INFO Channel 06/0 : 1[1] -> 0[0] via P2P/IPC
n232-194-226:162966:163002 [1] NCCL INFO New proxy send connection 22 from local rank 1, transport 0
n232-194-226:162966:163002 [1] NCCL INFO proxyProgressAsync opId=0x7f18dabb77a0 op.type=1 op.reqBuff=0x7f18840175e0 op.respSize=16 done
n232-194-226:162966:163000 [1] NCCL INFO ncclPollProxyResponse Received new opId=0x7f18dabb77a0
n232-194-226:162966:163000 [1] NCCL INFO recvOpId=0x7f18dabb77a0 matches expected opId=0x7f18dabb77a0
n232-194-226:162966:163000 [1] NCCL INFO Connection to proxy localRank 1 -> connection 0x7f1884003830
n232-194-226:162966:163002 [1] NCCL INFO Received and initiated operation=Init res=0
n232-194-226:162965:163001 [0] NCCL INFO transport/p2p.cc:204 Cuda Alloc Size 2097152 pointer 0x7f54fc400000
n232-194-226:162965:163001 [0] NCCL INFO Allocated shareable buffer 0x7f54fc400000 size 2097152 ipcDesc 0x7f54d30713a0
n232-194-226:162965:163001 [0] NCCL INFO proxyProgressAsync opId=0x7f5484427390 op.type=3 op.reqBuff=0x7f54d307a2b0 op.respSize=80 done
n232-194-226:162965:162999 [0] NCCL INFO ncclPollProxyResponse Received new opId=0x7f5484427390
n232-194-226:162965:162999 [0] NCCL INFO recvOpId=0x7f5484427390 matches expected opId=0x7f5484427390
n232-194-226:162965:163001 [0] NCCL INFO Received and initiated operation=Setup res=0
n232-194-226:162965:162999 [0] NCCL INFO Channel 07/0 : 0[0] -> 1[1] via P2P/IPC
n232-194-226:162965:163001 [0] NCCL INFO New proxy send connection 23 from local rank 0, transport 0
n232-194-226:162965:163001 [0] NCCL INFO proxyProgressAsync opId=0x7f5484427390 op.type=1 op.reqBuff=0x7f54d307a2b0 op.respSize=16 done
n232-194-226:162966:163002 [1] NCCL INFO transport/p2p.cc:204 Cuda Alloc Size 2097152 pointer 0x7f1900400000
n232-194-226:162965:162999 [0] NCCL INFO ncclPollProxyResponse Received new opId=0x7f5484427390
n232-194-226:162966:163002 [1] NCCL INFO Allocated shareable buffer 0x7f1900400000 size 2097152 ipcDesc 0x7f188400e630
n232-194-226:162966:163002 [1] NCCL INFO proxyProgressAsync opId=0x7f18dabb77a0 op.type=3 op.reqBuff=0x7f1884018cc0 op.respSize=80 done
n232-194-226:162965:162999 [0] NCCL INFO recvOpId=0x7f5484427390 matches expected opId=0x7f5484427390
n232-194-226:162965:163001 [0] NCCL INFO Received and initiated operation=Init res=0
n232-194-226:162966:163000 [1] NCCL INFO ncclPollProxyResponse Received new opId=0x7f18dabb77a0
n232-194-226:162965:162999 [0] NCCL INFO Connection to proxy localRank 0 -> connection 0x7f54d3066de0
n232-194-226:162966:163000 [1] NCCL INFO recvOpId=0x7f18dabb77a0 matches expected opId=0x7f18dabb77a0
n232-194-226:162966:163002 [1] NCCL INFO Received and initiated operation=Setup res=0
n232-194-226:162966:163000 [1] NCCL INFO Channel 07/0 : 1[1] -> 0[0] via P2P/IPC
n232-194-226:162966:163002 [1] NCCL INFO New proxy send connection 23 from local rank 1, transport 0
n232-194-226:162966:163002 [1] NCCL INFO proxyProgressAsync opId=0x7f18dabb77a0 op.type=1 op.reqBuff=0x7f1884018cc0 op.respSize=16 done
n232-194-226:162966:163000 [1] NCCL INFO ncclPollProxyResponse Received new opId=0x7f18dabb77a0
n232-194-226:162966:163000 [1] NCCL INFO recvOpId=0x7f18dabb77a0 matches expected opId=0x7f18dabb77a0
n232-194-226:162966:163000 [1] NCCL INFO Connection to proxy localRank 1 -> connection 0x7f1884003880
n232-194-226:162966:163002 [1] NCCL INFO Received and initiated operation=Init res=0
n232-194-226:162965:163001 [0] NCCL INFO transport/p2p.cc:204 Cuda Alloc Size 2097152 pointer 0x7f54fc600000
n232-194-226:162965:163001 [0] NCCL INFO Allocated shareable buffer 0x7f54fc600000 size 2097152 ipcDesc 0x7f54d30713a0
n232-194-226:162965:163001 [0] NCCL INFO proxyProgressAsync opId=0x7f5484427390 op.type=3 op.reqBuff=0x7f54d307ae90 op.respSize=80 done
n232-194-226:162965:162999 [0] NCCL INFO ncclPollProxyResponse Received new opId=0x7f5484427390
n232-194-226:162965:162999 [0] NCCL INFO recvOpId=0x7f5484427390 matches expected opId=0x7f5484427390
n232-194-226:162965:163001 [0] NCCL INFO Received and initiated operation=Setup res=0
n232-194-226:162965:162999 [0] NCCL INFO Channel 08/0 : 0[0] -> 1[1] via P2P/IPC
n232-194-226:162965:163001 [0] NCCL INFO New proxy send connection 24 from local rank 0, transport 0
n232-194-226:162965:163001 [0] NCCL INFO proxyProgressAsync opId=0x7f5484427390 op.type=1 op.reqBuff=0x7f54d307ae90 op.respSize=16 done
n232-194-226:162965:162999 [0] NCCL INFO ncclPollProxyResponse Received new opId=0x7f5484427390
n232-194-226:162966:163002 [1] NCCL INFO transport/p2p.cc:204 Cuda Alloc Size 2097152 pointer 0x7f1900600000
n232-194-226:162965:163001 [0] NCCL INFO Received and initiated operation=Init res=0
n232-194-226:162966:163002 [1] NCCL INFO Allocated shareable buffer 0x7f1900600000 size 2097152 ipcDesc 0x7f188400e630
n232-194-226:162966:163002 [1] NCCL INFO proxyProgressAsync opId=0x7f18dabb77a0 op.type=3 op.reqBuff=0x7f1884018d00 op.respSize=80 done
n232-194-226:162965:162999 [0] NCCL INFO recvOpId=0x7f5484427390 matches expected opId=0x7f5484427390
n232-194-226:162965:162999 [0] NCCL INFO Connection to proxy localRank 0 -> connection 0x7f54d3066e30
n232-194-226:162966:163000 [1] NCCL INFO ncclPollProxyResponse Received new opId=0x7f18dabb77a0
n232-194-226:162966:163002 [1] NCCL INFO Received and initiated operation=Setup res=0
n232-194-226:162966:163000 [1] NCCL INFO recvOpId=0x7f18dabb77a0 matches expected opId=0x7f18dabb77a0
n232-194-226:162966:163000 [1] NCCL INFO Channel 08/0 : 1[1] -> 0[0] via P2P/IPC
n232-194-226:162966:163002 [1] NCCL INFO New proxy send connection 24 from local rank 1, transport 0
n232-194-226:162966:163002 [1] NCCL INFO proxyProgressAsync opId=0x7f18dabb77a0 op.type=1 op.reqBuff=0x7f1884018d00 op.respSize=16 done
n232-194-226:162966:163000 [1] NCCL INFO ncclPollProxyResponse Received new opId=0x7f18dabb77a0
n232-194-226:162966:163000 [1] NCCL INFO recvOpId=0x7f18dabb77a0 matches expected opId=0x7f18dabb77a0
n232-194-226:162966:163002 [1] NCCL INFO Received and initiated operation=Init res=0
n232-194-226:162966:163000 [1] NCCL INFO Connection to proxy localRank 1 -> connection 0x7f18840038d0
n232-194-226:162965:163001 [0] NCCL INFO transport/p2p.cc:204 Cuda Alloc Size 2097152 pointer 0x7f54fc800000
n232-194-226:162965:163001 [0] NCCL INFO Allocated shareable buffer 0x7f54fc800000 size 2097152 ipcDesc 0x7f54d30713a0
n232-194-226:162965:163001 [0] NCCL INFO proxyProgressAsync opId=0x7f5484427390 op.type=3 op.reqBuff=0x7f54d307ba70 op.respSize=80 done
n232-194-226:162965:162999 [0] NCCL INFO ncclPollProxyResponse Received new opId=0x7f5484427390
n232-194-226:162965:163001 [0] NCCL INFO Received and initiated operation=Setup res=0
n232-194-226:162965:162999 [0] NCCL INFO recvOpId=0x7f5484427390 matches expected opId=0x7f5484427390
n232-194-226:162965:162999 [0] NCCL INFO Channel 09/0 : 0[0] -> 1[1] via P2P/IPC
n232-194-226:162965:163001 [0] NCCL INFO New proxy send connection 25 from local rank 0, transport 0
n232-194-226:162965:163001 [0] NCCL INFO proxyProgressAsync opId=0x7f5484427390 op.type=1 op.reqBuff=0x7f54d307ba70 op.respSize=16 done
n232-194-226:162966:163002 [1] NCCL INFO transport/p2p.cc:204 Cuda Alloc Size 2097152 pointer 0x7f1900800000
n232-194-226:162965:162999 [0] NCCL INFO ncclPollProxyResponse Received new opId=0x7f5484427390
n232-194-226:162966:163002 [1] NCCL INFO Allocated shareable buffer 0x7f1900800000 size 2097152 ipcDesc 0x7f188400e630
n232-194-226:162966:163002 [1] NCCL INFO proxyProgressAsync opId=0x7f18dabb77a0 op.type=3 op.reqBuff=0x7f188401a480 op.respSize=80 done
n232-194-226:162965:162999 [0] NCCL INFO recvOpId=0x7f5484427390 matches expected opId=0x7f5484427390
n232-194-226:162965:162999 [0] NCCL INFO Connection to proxy localRank 0 -> connection 0x7f54d3066e80
n232-194-226:162965:163001 [0] NCCL INFO Received and initiated operation=Init res=0
n232-194-226:162966:163000 [1] NCCL INFO ncclPollProxyResponse Received new opId=0x7f18dabb77a0
n232-194-226:162966:163002 [1] NCCL INFO Received and initiated operation=Setup res=0
n232-194-226:162966:163000 [1] NCCL INFO recvOpId=0x7f18dabb77a0 matches expected opId=0x7f18dabb77a0
n232-194-226:162966:163000 [1] NCCL INFO Channel 09/0 : 1[1] -> 0[0] via P2P/IPC
n232-194-226:162966:163002 [1] NCCL INFO New proxy send connection 25 from local rank 1, transport 0
n232-194-226:162966:163002 [1] NCCL INFO proxyProgressAsync opId=0x7f18dabb77a0 op.type=1 op.reqBuff=0x7f188401a480 op.respSize=16 done
n232-194-226:162966:163000 [1] NCCL INFO ncclPollProxyResponse Received new opId=0x7f18dabb77a0
n232-194-226:162966:163000 [1] NCCL INFO recvOpId=0x7f18dabb77a0 matches expected opId=0x7f18dabb77a0
n232-194-226:162966:163000 [1] NCCL INFO Connection to proxy localRank 1 -> connection 0x7f1884003920
n232-194-226:162966:163002 [1] NCCL INFO Received and initiated operation=Init res=0
n232-194-226:162965:163001 [0] NCCL INFO transport/p2p.cc:204 Cuda Alloc Size 2097152 pointer 0x7f54fca00000
n232-194-226:162965:163001 [0] NCCL INFO Allocated shareable buffer 0x7f54fca00000 size 2097152 ipcDesc 0x7f54d30713a0
n232-194-226:162965:163001 [0] NCCL INFO proxyProgressAsync opId=0x7f5484427390 op.type=3 op.reqBuff=0x7f54d307c650 op.respSize=80 done
n232-194-226:162965:162999 [0] NCCL INFO ncclPollProxyResponse Received new opId=0x7f5484427390
n232-194-226:162965:162999 [0] NCCL INFO recvOpId=0x7f5484427390 matches expected opId=0x7f5484427390
n232-194-226:162965:163001 [0] NCCL INFO Received and initiated operation=Setup res=0
n232-194-226:162965:162999 [0] NCCL INFO Channel 10/0 : 0[0] -> 1[1] via P2P/IPC
n232-194-226:162966:163002 [1] NCCL INFO transport/p2p.cc:204 Cuda Alloc Size 2097152 pointer 0x7f1900a00000
n232-194-226:162965:163001 [0] NCCL INFO New proxy send connection 26 from local rank 0, transport 0
n232-194-226:162965:163001 [0] NCCL INFO proxyProgressAsync opId=0x7f5484427390 op.type=1 op.reqBuff=0x7f54d307c650 op.respSize=16 done
n232-194-226:162966:163002 [1] NCCL INFO Allocated shareable buffer 0x7f1900a00000 size 2097152 ipcDesc 0x7f188400e630
n232-194-226:162966:163002 [1] NCCL INFO proxyProgressAsync opId=0x7f18dabb77a0 op.type=3 op.reqBuff=0x7f188401a4c0 op.respSize=80 done
n232-194-226:162965:162999 [0] NCCL INFO ncclPollProxyResponse Received new opId=0x7f5484427390
n232-194-226:162966:163000 [1] NCCL INFO ncclPollProxyResponse Received new opId=0x7f18dabb77a0
n232-194-226:162965:162999 [0] NCCL INFO recvOpId=0x7f5484427390 matches expected opId=0x7f5484427390
n232-194-226:162965:163001 [0] NCCL INFO Received and initiated operation=Init res=0
n232-194-226:162966:163000 [1] NCCL INFO recvOpId=0x7f18dabb77a0 matches expected opId=0x7f18dabb77a0
n232-194-226:162966:163002 [1] NCCL INFO Received and initiated operation=Setup res=0
n232-194-226:162966:163000 [1] NCCL INFO Channel 10/0 : 1[1] -> 0[0] via P2P/IPC
n232-194-226:162965:162999 [0] NCCL INFO Connection to proxy localRank 0 -> connection 0x7f54d3066ed0
n232-194-226:162966:163002 [1] NCCL INFO New proxy send connection 26 from local rank 1, transport 0
n232-194-226:162966:163002 [1] NCCL INFO proxyProgressAsync opId=0x7f18dabb77a0 op.type=1 op.reqBuff=0x7f188401a4c0 op.respSize=16 done
n232-194-226:162966:163000 [1] NCCL INFO ncclPollProxyResponse Received new opId=0x7f18dabb77a0
n232-194-226:162966:163000 [1] NCCL INFO recvOpId=0x7f18dabb77a0 matches expected opId=0x7f18dabb77a0
n232-194-226:162966:163000 [1] NCCL INFO Connection to proxy localRank 1 -> connection 0x7f1884003970
n232-194-226:162966:163002 [1] NCCL INFO Received and initiated operation=Init res=0
n232-194-226:162965:163001 [0] NCCL INFO transport/p2p.cc:204 Cuda Alloc Size 2097152 pointer 0x7f54fcc00000
n232-194-226:162965:163001 [0] NCCL INFO Allocated shareable buffer 0x7f54fcc00000 size 2097152 ipcDesc 0x7f54d30713a0
n232-194-226:162965:163001 [0] NCCL INFO proxyProgressAsync opId=0x7f5484427390 op.type=3 op.reqBuff=0x7f54d307d230 op.respSize=80 done
n232-194-226:162965:162999 [0] NCCL INFO ncclPollProxyResponse Received new opId=0x7f5484427390
n232-194-226:162965:163001 [0] NCCL INFO Received and initiated operation=Setup res=0
n232-194-226:162965:162999 [0] NCCL INFO recvOpId=0x7f5484427390 matches expected opId=0x7f5484427390
n232-194-226:162965:162999 [0] NCCL INFO Channel 11/0 : 0[0] -> 1[1] via P2P/IPC
n232-194-226:162965:163001 [0] NCCL INFO New proxy send connection 27 from local rank 0, transport 0
n232-194-226:162965:163001 [0] NCCL INFO proxyProgressAsync opId=0x7f5484427390 op.type=1 op.reqBuff=0x7f54d307d230 op.respSize=16 done
n232-194-226:162966:163002 [1] NCCL INFO transport/p2p.cc:204 Cuda Alloc Size 2097152 pointer 0x7f1900c00000
n232-194-226:162965:162999 [0] NCCL INFO ncclPollProxyResponse Received new opId=0x7f5484427390
n232-194-226:162966:163002 [1] NCCL INFO Allocated shareable buffer 0x7f1900c00000 size 2097152 ipcDesc 0x7f188400e630
n232-194-226:162966:163002 [1] NCCL INFO proxyProgressAsync opId=0x7f18dabb77a0 op.type=3 op.reqBuff=0x7f188401bc40 op.respSize=80 done
n232-194-226:162965:162999 [0] NCCL INFO recvOpId=0x7f5484427390 matches expected opId=0x7f5484427390
n232-194-226:162965:162999 [0] NCCL INFO Connection to proxy localRank 0 -> connection 0x7f54d3066f20
n232-194-226:162966:163000 [1] NCCL INFO ncclPollProxyResponse Received new opId=0x7f18dabb77a0
n232-194-226:162965:163001 [0] NCCL INFO Received and initiated operation=Init res=0
n232-194-226:162966:163002 [1] NCCL INFO Received and initiated operation=Setup res=0
n232-194-226:162966:163000 [1] NCCL INFO recvOpId=0x7f18dabb77a0 matches expected opId=0x7f18dabb77a0
n232-194-226:162966:163000 [1] NCCL INFO Channel 11/0 : 1[1] -> 0[0] via P2P/IPC
n232-194-226:162966:163002 [1] NCCL INFO New proxy send connection 27 from local rank 1, transport 0
n232-194-226:162966:163002 [1] NCCL INFO proxyProgressAsync opId=0x7f18dabb77a0 op.type=1 op.reqBuff=0x7f188401bc40 op.respSize=16 done
n232-194-226:162966:163000 [1] NCCL INFO ncclPollProxyResponse Received new opId=0x7f18dabb77a0
n232-194-226:162966:163000 [1] NCCL INFO recvOpId=0x7f18dabb77a0 matches expected opId=0x7f18dabb77a0
n232-194-226:162966:163000 [1] NCCL INFO Connection to proxy localRank 1 -> connection 0x7f18840039c0
n232-194-226:162966:163002 [1] NCCL INFO Received and initiated operation=Init res=0
n232-194-226:162965:163001 [0] NCCL INFO transport/p2p.cc:204 Cuda Alloc Size 2097152 pointer 0x7f54fce00000
n232-194-226:162965:163001 [0] NCCL INFO Allocated shareable buffer 0x7f54fce00000 size 2097152 ipcDesc 0x7f54d30713a0
n232-194-226:162965:163001 [0] NCCL INFO proxyProgressAsync opId=0x7f5484427390 op.type=3 op.reqBuff=0x7f54d307de10 op.respSize=80 done
n232-194-226:162965:162999 [0] NCCL INFO ncclPollProxyResponse Received new opId=0x7f5484427390
n232-194-226:162965:162999 [0] NCCL INFO recvOpId=0x7f5484427390 matches expected opId=0x7f5484427390
n232-194-226:162965:163001 [0] NCCL INFO Received and initiated operation=Setup res=0
n232-194-226:162965:162999 [0] NCCL INFO Channel 12/0 : 0[0] -> 1[1] via P2P/IPC
n232-194-226:162966:163002 [1] NCCL INFO transport/p2p.cc:204 Cuda Alloc Size 2097152 pointer 0x7f1900e00000
n232-194-226:162965:163001 [0] NCCL INFO New proxy send connection 28 from local rank 0, transport 0
n232-194-226:162965:163001 [0] NCCL INFO proxyProgressAsync opId=0x7f5484427390 op.type=1 op.reqBuff=0x7f54d307de10 op.respSize=16 done
n232-194-226:162966:163002 [1] NCCL INFO Allocated shareable buffer 0x7f1900e00000 size 2097152 ipcDesc 0x7f188400e630
n232-194-226:162966:163002 [1] NCCL INFO proxyProgressAsync opId=0x7f18dabb77a0 op.type=3 op.reqBuff=0x7f188401bc80 op.respSize=80 done
n232-194-226:162965:162999 [0] NCCL INFO ncclPollProxyResponse Received new opId=0x7f5484427390
n232-194-226:162966:163000 [1] NCCL INFO ncclPollProxyResponse Received new opId=0x7f18dabb77a0
n232-194-226:162965:163001 [0] NCCL INFO Received and initiated operation=Init res=0
n232-194-226:162966:163000 [1] NCCL INFO recvOpId=0x7f18dabb77a0 matches expected opId=0x7f18dabb77a0
n232-194-226:162966:163002 [1] NCCL INFO Received and initiated operation=Setup res=0
n232-194-226:162965:162999 [0] NCCL INFO recvOpId=0x7f5484427390 matches expected opId=0x7f5484427390
n232-194-226:162965:162999 [0] NCCL INFO Connection to proxy localRank 0 -> connection 0x7f54d3066f70
n232-194-226:162966:163000 [1] NCCL INFO Channel 12/0 : 1[1] -> 0[0] via P2P/IPC
n232-194-226:162966:163002 [1] NCCL INFO New proxy send connection 28 from local rank 1, transport 0
n232-194-226:162966:163002 [1] NCCL INFO proxyProgressAsync opId=0x7f18dabb77a0 op.type=1 op.reqBuff=0x7f188401bc80 op.respSize=16 done
n232-194-226:162966:163000 [1] NCCL INFO ncclPollProxyResponse Received new opId=0x7f18dabb77a0
n232-194-226:162966:163002 [1] NCCL INFO Received and initiated operation=Init res=0
n232-194-226:162966:163000 [1] NCCL INFO recvOpId=0x7f18dabb77a0 matches expected opId=0x7f18dabb77a0
n232-194-226:162966:163000 [1] NCCL INFO Connection to proxy localRank 1 -> connection 0x7f1884003a10
n232-194-226:162965:163001 [0] NCCL INFO transport/p2p.cc:204 Cuda Alloc Size 2097152 pointer 0x7f54fd000000
n232-194-226:162965:163001 [0] NCCL INFO Allocated shareable buffer 0x7f54fd000000 size 2097152 ipcDesc 0x7f54d30713a0
n232-194-226:162965:163001 [0] NCCL INFO proxyProgressAsync opId=0x7f5484427390 op.type=3 op.reqBuff=0x7f54d307e9f0 op.respSize=80 done
n232-194-226:162965:162999 [0] NCCL INFO ncclPollProxyResponse Received new opId=0x7f5484427390
n232-194-226:162965:162999 [0] NCCL INFO recvOpId=0x7f5484427390 matches expected opId=0x7f5484427390
n232-194-226:162965:163001 [0] NCCL INFO Received and initiated operation=Setup res=0
n232-194-226:162965:162999 [0] NCCL INFO Channel 13/0 : 0[0] -> 1[1] via P2P/IPC
n232-194-226:162966:163002 [1] NCCL INFO transport/p2p.cc:204 Cuda Alloc Size 2097152 pointer 0x7f1901000000
n232-194-226:162965:163001 [0] NCCL INFO New proxy send connection 29 from local rank 0, transport 0
n232-194-226:162965:163001 [0] NCCL INFO proxyProgressAsync opId=0x7f5484427390 op.type=1 op.reqBuff=0x7f54d307e9f0 op.respSize=16 done
n232-194-226:162966:163002 [1] NCCL INFO Allocated shareable buffer 0x7f1901000000 size 2097152 ipcDesc 0x7f188400e630
n232-194-226:162966:163002 [1] NCCL INFO proxyProgressAsync opId=0x7f18dabb77a0 op.type=3 op.reqBuff=0x7f188401d400 op.respSize=80 done
n232-194-226:162965:162999 [0] NCCL INFO ncclPollProxyResponse Received new opId=0x7f5484427390
n232-194-226:162965:163001 [0] NCCL INFO Received and initiated operation=Init res=0
n232-194-226:162966:163000 [1] NCCL INFO ncclPollProxyResponse Received new opId=0x7f18dabb77a0
n232-194-226:162965:162999 [0] NCCL INFO recvOpId=0x7f5484427390 matches expected opId=0x7f5484427390
n232-194-226:162965:162999 [0] NCCL INFO Connection to proxy localRank 0 -> connection 0x7f54d3066fc0
n232-194-226:162966:163002 [1] NCCL INFO Received and initiated operation=Setup res=0
n232-194-226:162966:163000 [1] NCCL INFO recvOpId=0x7f18dabb77a0 matches expected opId=0x7f18dabb77a0
n232-194-226:162966:163000 [1] NCCL INFO Channel 13/0 : 1[1] -> 0[0] via P2P/IPC
n232-194-226:162966:163002 [1] NCCL INFO New proxy send connection 29 from local rank 1, transport 0
n232-194-226:162966:163002 [1] NCCL INFO proxyProgressAsync opId=0x7f18dabb77a0 op.type=1 op.reqBuff=0x7f188401d400 op.respSize=16 done
n232-194-226:162966:163000 [1] NCCL INFO ncclPollProxyResponse Received new opId=0x7f18dabb77a0
n232-194-226:162966:163000 [1] NCCL INFO recvOpId=0x7f18dabb77a0 matches expected opId=0x7f18dabb77a0
n232-194-226:162966:163002 [1] NCCL INFO Received and initiated operation=Init res=0
n232-194-226:162966:163000 [1] NCCL INFO Connection to proxy localRank 1 -> connection 0x7f1884003a60
n232-194-226:162965:163001 [0] NCCL INFO transport/p2p.cc:204 Cuda Alloc Size 2097152 pointer 0x7f54fd200000
n232-194-226:162965:163001 [0] NCCL INFO Allocated shareable buffer 0x7f54fd200000 size 2097152 ipcDesc 0x7f54d30713a0
n232-194-226:162965:163001 [0] NCCL INFO proxyProgressAsync opId=0x7f5484427390 op.type=3 op.reqBuff=0x7f54d307f5d0 op.respSize=80 done
n232-194-226:162965:162999 [0] NCCL INFO ncclPollProxyResponse Received new opId=0x7f5484427390
n232-194-226:162965:162999 [0] NCCL INFO recvOpId=0x7f5484427390 matches expected opId=0x7f5484427390
n232-194-226:162965:163001 [0] NCCL INFO Received and initiated operation=Setup res=0
n232-194-226:162965:162999 [0] NCCL INFO Channel 14/0 : 0[0] -> 1[1] via P2P/IPC
n232-194-226:162965:163001 [0] NCCL INFO New proxy send connection 30 from local rank 0, transport 0
n232-194-226:162965:163001 [0] NCCL INFO proxyProgressAsync opId=0x7f5484427390 op.type=1 op.reqBuff=0x7f54d307f5d0 op.respSize=16 done
n232-194-226:162966:163002 [1] NCCL INFO transport/p2p.cc:204 Cuda Alloc Size 2097152 pointer 0x7f1901200000
n232-194-226:162965:162999 [0] NCCL INFO ncclPollProxyResponse Received new opId=0x7f5484427390
n232-194-226:162966:163002 [1] NCCL INFO Allocated shareable buffer 0x7f1901200000 size 2097152 ipcDesc 0x7f188400e630
n232-194-226:162966:163002 [1] NCCL INFO proxyProgressAsync opId=0x7f18dabb77a0 op.type=3 op.reqBuff=0x7f188401d440 op.respSize=80 done
n232-194-226:162965:162999 [0] NCCL INFO recvOpId=0x7f5484427390 matches expected opId=0x7f5484427390
n232-194-226:162965:162999 [0] NCCL INFO Connection to proxy localRank 0 -> connection 0x7f54d3067010
n232-194-226:162966:163000 [1] NCCL INFO ncclPollProxyResponse Received new opId=0x7f18dabb77a0
n232-194-226:162965:163001 [0] NCCL INFO Received and initiated operation=Init res=0
n232-194-226:162966:163002 [1] NCCL INFO Received and initiated operation=Setup res=0
n232-194-226:162966:163000 [1] NCCL INFO recvOpId=0x7f18dabb77a0 matches expected opId=0x7f18dabb77a0
n232-194-226:162966:163000 [1] NCCL INFO Channel 14/0 : 1[1] -> 0[0] via P2P/IPC
n232-194-226:162966:163002 [1] NCCL INFO New proxy send connection 30 from local rank 1, transport 0
n232-194-226:162966:163002 [1] NCCL INFO proxyProgressAsync opId=0x7f18dabb77a0 op.type=1 op.reqBuff=0x7f188401d440 op.respSize=16 done
n232-194-226:162966:163000 [1] NCCL INFO ncclPollProxyResponse Received new opId=0x7f18dabb77a0
n232-194-226:162966:163000 [1] NCCL INFO recvOpId=0x7f18dabb77a0 matches expected opId=0x7f18dabb77a0
n232-194-226:162966:163000 [1] NCCL INFO Connection to proxy localRank 1 -> connection 0x7f1884003ab0
n232-194-226:162966:163002 [1] NCCL INFO Received and initiated operation=Init res=0
n232-194-226:162965:163001 [0] NCCL INFO transport/p2p.cc:204 Cuda Alloc Size 2097152 pointer 0x7f54fd400000
n232-194-226:162965:163001 [0] NCCL INFO Allocated shareable buffer 0x7f54fd400000 size 2097152 ipcDesc 0x7f54d30713a0
n232-194-226:162965:163001 [0] NCCL INFO proxyProgressAsync opId=0x7f5484427390 op.type=3 op.reqBuff=0x7f54d30801b0 op.respSize=80 done
n232-194-226:162965:162999 [0] NCCL INFO ncclPollProxyResponse Received new opId=0x7f5484427390
n232-194-226:162965:162999 [0] NCCL INFO recvOpId=0x7f5484427390 matches expected opId=0x7f5484427390
n232-194-226:162965:163001 [0] NCCL INFO Received and initiated operation=Setup res=0
n232-194-226:162965:162999 [0] NCCL INFO Channel 15/0 : 0[0] -> 1[1] via P2P/IPC
n232-194-226:162965:163001 [0] NCCL INFO New proxy send connection 31 from local rank 0, transport 0
n232-194-226:162965:163001 [0] NCCL INFO proxyProgressAsync opId=0x7f5484427390 op.type=1 op.reqBuff=0x7f54d30801b0 op.respSize=16 done
n232-194-226:162965:162999 [0] NCCL INFO ncclPollProxyResponse Received new opId=0x7f5484427390
n232-194-226:162966:163002 [1] NCCL INFO transport/p2p.cc:204 Cuda Alloc Size 2097152 pointer 0x7f1901400000
n232-194-226:162966:163002 [1] NCCL INFO Allocated shareable buffer 0x7f1901400000 size 2097152 ipcDesc 0x7f188400e630
n232-194-226:162965:162999 [0] NCCL INFO recvOpId=0x7f5484427390 matches expected opId=0x7f5484427390
n232-194-226:162966:163002 [1] NCCL INFO proxyProgressAsync opId=0x7f18dabb77a0 op.type=3 op.reqBuff=0x7f188401ebc0 op.respSize=80 done
n232-194-226:162965:163001 [0] NCCL INFO Received and initiated operation=Init res=0
n232-194-226:162965:162999 [0] NCCL INFO Connection to proxy localRank 0 -> connection 0x7f54d3067060
n232-194-226:162966:163000 [1] NCCL INFO ncclPollProxyResponse Received new opId=0x7f18dabb77a0
n232-194-226:162966:163000 [1] NCCL INFO recvOpId=0x7f18dabb77a0 matches expected opId=0x7f18dabb77a0
n232-194-226:162966:163002 [1] NCCL INFO Received and initiated operation=Setup res=0
n232-194-226:162966:163000 [1] NCCL INFO Channel 15/0 : 1[1] -> 0[0] via P2P/IPC
n232-194-226:162966:163002 [1] NCCL INFO New proxy send connection 31 from local rank 1, transport 0
n232-194-226:162966:163002 [1] NCCL INFO proxyProgressAsync opId=0x7f18dabb77a0 op.type=1 op.reqBuff=0x7f188401ebc0 op.respSize=16 done
n232-194-226:162966:163000 [1] NCCL INFO ncclPollProxyResponse Received new opId=0x7f18dabb77a0
n232-194-226:162966:163000 [1] NCCL INFO recvOpId=0x7f18dabb77a0 matches expected opId=0x7f18dabb77a0
n232-194-226:162966:163000 [1] NCCL INFO Connection to proxy localRank 1 -> connection 0x7f1884003b00
n232-194-226:162966:163002 [1] NCCL INFO Received and initiated operation=Init res=0
n232-194-226:162965:163001 [0] NCCL INFO transport/p2p.cc:204 Cuda Alloc Size 2097152 pointer 0x7f54fd600000
n232-194-226:162965:163001 [0] NCCL INFO Allocated shareable buffer 0x7f54fd600000 size 2097152 ipcDesc 0x7f54d30713a0
n232-194-226:162965:163001 [0] NCCL INFO proxyProgressAsync opId=0x7f5484427390 op.type=3 op.reqBuff=0x7f54d3080d90 op.respSize=80 done
n232-194-226:162965:162999 [0] NCCL INFO ncclPollProxyResponse Received new opId=0x7f5484427390
n232-194-226:162965:162999 [0] NCCL INFO recvOpId=0x7f5484427390 matches expected opId=0x7f5484427390
n232-194-226:162965:163001 [0] NCCL INFO Received and initiated operation=Setup res=0
n232-194-226:162966:163002 [1] NCCL INFO transport/p2p.cc:204 Cuda Alloc Size 2097152 pointer 0x7f1901600000
n232-194-226:162966:163002 [1] NCCL INFO Allocated shareable buffer 0x7f1901600000 size 2097152 ipcDesc 0x7f188400e630
n232-194-226:162966:163002 [1] NCCL INFO proxyProgressAsync opId=0x7f18dabb77a0 op.type=3 op.reqBuff=0x7f188401ec00 op.respSize=80 done
n232-194-226:162966:163000 [1] NCCL INFO ncclPollProxyResponse Received new opId=0x7f18dabb77a0
n232-194-226:162966:163000 [1] NCCL INFO recvOpId=0x7f18dabb77a0 matches expected opId=0x7f18dabb77a0
n232-194-226:162966:163002 [1] NCCL INFO Received and initiated operation=Setup res=0
n232-194-226:162965:162999 [0] NCCL INFO Imported shareable buffer device 0 size 10485760 ptr 0x7f54fd800000
n232-194-226:162966:163000 [1] NCCL INFO Imported shareable buffer device 1 size 10485760 ptr 0x7f1901800000
n232-194-226:162965:162999 [0] NCCL INFO Imported shareable buffer device 0 size 2097152 ptr 0x7f54fe200000
n232-194-226:162966:163000 [1] NCCL INFO Imported shareable buffer device 1 size 2097152 ptr 0x7f1902200000
n232-194-226:162965:162999 [0] NCCL INFO Imported shareable buffer device 0 size 10485760 ptr 0x7f54fe400000
n232-194-226:162966:163000 [1] NCCL INFO Imported shareable buffer device 1 size 10485760 ptr 0x7f1902400000
n232-194-226:162965:162999 [0] NCCL INFO Imported shareable buffer device 0 size 2097152 ptr 0x7f54fee00000
n232-194-226:162966:163000 [1] NCCL INFO Imported shareable buffer device 1 size 2097152 ptr 0x7f1902e00000
n232-194-226:162965:162999 [0] NCCL INFO Imported shareable buffer device 0 size 10485760 ptr 0x7f54ff000000
n232-194-226:162966:163000 [1] NCCL INFO Imported shareable buffer device 1 size 10485760 ptr 0x7f1903000000
n232-194-226:162965:162999 [0] NCCL INFO Imported shareable buffer device 0 size 2097152 ptr 0x7f54ffa00000
n232-194-226:162966:163000 [1] NCCL INFO Imported shareable buffer device 1 size 2097152 ptr 0x7f1903a00000
n232-194-226:162965:162999 [0] NCCL INFO Imported shareable buffer device 0 size 10485760 ptr 0x7f54ffc00000
n232-194-226:162966:163000 [1] NCCL INFO Imported shareable buffer device 1 size 10485760 ptr 0x7f1903c00000
n232-194-226:162965:162999 [0] NCCL INFO Imported shareable buffer device 0 size 2097152 ptr 0x7f5500600000
n232-194-226:162966:163000 [1] NCCL INFO Imported shareable buffer device 1 size 2097152 ptr 0x7f1904600000
n232-194-226:162965:162999 [0] NCCL INFO Imported shareable buffer device 0 size 10485760 ptr 0x7f5500800000
n232-194-226:162966:163000 [1] NCCL INFO Imported shareable buffer device 1 size 10485760 ptr 0x7f1904800000
n232-194-226:162965:162999 [0] NCCL INFO Imported shareable buffer device 0 size 2097152 ptr 0x7f5501200000
n232-194-226:162966:163000 [1] NCCL INFO Imported shareable buffer device 1 size 2097152 ptr 0x7f1905200000
n232-194-226:162965:162999 [0] NCCL INFO Imported shareable buffer device 0 size 10485760 ptr 0x7f5501400000
n232-194-226:162966:163000 [1] NCCL INFO Imported shareable buffer device 1 size 10485760 ptr 0x7f1905400000
n232-194-226:162965:162999 [0] NCCL INFO Imported shareable buffer device 0 size 2097152 ptr 0x7f5501e00000
n232-194-226:162966:163000 [1] NCCL INFO Imported shareable buffer device 1 size 2097152 ptr 0x7f1905e00000
n232-194-226:162965:162999 [0] NCCL INFO Imported shareable buffer device 0 size 10485760 ptr 0x7f5502000000
n232-194-226:162966:163000 [1] NCCL INFO Imported shareable buffer device 1 size 10485760 ptr 0x7f1906000000
n232-194-226:162965:162999 [0] NCCL INFO Imported shareable buffer device 0 size 2097152 ptr 0x7f5502a00000
n232-194-226:162966:163000 [1] NCCL INFO Imported shareable buffer device 1 size 2097152 ptr 0x7f1906a00000
n232-194-226:162965:162999 [0] NCCL INFO Imported shareable buffer device 0 size 10485760 ptr 0x7f5502c00000
n232-194-226:162966:163000 [1] NCCL INFO Imported shareable buffer device 1 size 10485760 ptr 0x7f1906c00000
n232-194-226:162965:162999 [0] NCCL INFO Imported shareable buffer device 0 size 2097152 ptr 0x7f5503600000
n232-194-226:162966:163000 [1] NCCL INFO Imported shareable buffer device 1 size 2097152 ptr 0x7f1907600000
n232-194-226:162965:162999 [0] NCCL INFO Imported shareable buffer device 0 size 10485760 ptr 0x7f5503800000
n232-194-226:162966:163000 [1] NCCL INFO Imported shareable buffer device 1 size 10485760 ptr 0x7f1907800000
n232-194-226:162965:162999 [0] NCCL INFO Imported shareable buffer device 0 size 2097152 ptr 0x7f5504200000
n232-194-226:162966:163000 [1] NCCL INFO Imported shareable buffer device 1 size 2097152 ptr 0x7f1908200000
n232-194-226:162965:162999 [0] NCCL INFO Imported shareable buffer device 0 size 10485760 ptr 0x7f5504400000
n232-194-226:162966:163000 [1] NCCL INFO Imported shareable buffer device 1 size 10485760 ptr 0x7f1908400000
n232-194-226:162965:162999 [0] NCCL INFO Imported shareable buffer device 0 size 2097152 ptr 0x7f5504e00000
n232-194-226:162966:163000 [1] NCCL INFO Imported shareable buffer device 1 size 2097152 ptr 0x7f1908e00000
n232-194-226:162965:162999 [0] NCCL INFO Imported shareable buffer device 0 size 10485760 ptr 0x7f5505000000
n232-194-226:162966:163000 [1] NCCL INFO Imported shareable buffer device 1 size 10485760 ptr 0x7f1909000000
n232-194-226:162965:162999 [0] NCCL INFO Imported shareable buffer device 0 size 2097152 ptr 0x7f5505a00000
n232-194-226:162966:163000 [1] NCCL INFO Imported shareable buffer device 1 size 2097152 ptr 0x7f1909a00000
n232-194-226:162965:162999 [0] NCCL INFO Imported shareable buffer device 0 size 10485760 ptr 0x7f5505c00000
n232-194-226:162966:163000 [1] NCCL INFO Imported shareable buffer device 1 size 10485760 ptr 0x7f1909c00000
n232-194-226:162965:162999 [0] NCCL INFO Imported shareable buffer device 0 size 2097152 ptr 0x7f5506600000
n232-194-226:162966:163000 [1] NCCL INFO Imported shareable buffer device 1 size 2097152 ptr 0x7f190a600000
n232-194-226:162965:162999 [0] NCCL INFO Imported shareable buffer device 0 size 10485760 ptr 0x7f5506800000
n232-194-226:162966:163000 [1] NCCL INFO Imported shareable buffer device 1 size 10485760 ptr 0x7f190a800000
n232-194-226:162965:162999 [0] NCCL INFO Imported shareable buffer device 0 size 2097152 ptr 0x7f5507200000
n232-194-226:162966:163000 [1] NCCL INFO Imported shareable buffer device 1 size 2097152 ptr 0x7f190b200000
n232-194-226:162965:162999 [0] NCCL INFO Imported shareable buffer device 0 size 10485760 ptr 0x7f5482000000
n232-194-226:162966:163000 [1] NCCL INFO Imported shareable buffer device 1 size 10485760 ptr 0x7f1882000000
n232-194-226:162965:162999 [0] NCCL INFO Imported shareable buffer device 0 size 2097152 ptr 0x7f5482a00000
n232-194-226:162966:163000 [1] NCCL INFO Imported shareable buffer device 1 size 2097152 ptr 0x7f1882a00000
n232-194-226:162965:162999 [0] NCCL INFO Imported shareable buffer device 0 size 10485760 ptr 0x7f5482c00000
n232-194-226:162966:163000 [1] NCCL INFO Imported shareable buffer device 1 size 10485760 ptr 0x7f1882c00000
n232-194-226:162965:162999 [0] NCCL INFO Imported shareable buffer device 0 size 2097152 ptr 0x7f5483600000
n232-194-226:162966:163000 [1] NCCL INFO Imported shareable buffer device 1 size 2097152 ptr 0x7f1883600000
n232-194-226:162965:162999 [0] NCCL INFO Imported shareable buffer device 0 size 10485760 ptr 0x7f5480000000
n232-194-226:162966:163000 [1] NCCL INFO Imported shareable buffer device 1 size 10485760 ptr 0x7f1880000000
n232-194-226:162965:162999 [0] NCCL INFO Imported shareable buffer device 0 size 2097152 ptr 0x7f5480a00000
n232-194-226:162965:162999 [0] NCCL INFO Connected all rings
n232-194-226:162965:162999 [0] NCCL INFO Connected all trees
n232-194-226:162965:162999 [0] NCCL INFO   Algorithm   |                            Tree                  |                            Ring                  |                   CollNetDirect                  |
n232-194-226:162965:162999 [0] NCCL INFO   Protocol    |             LL |          LL128 |         Simple |             LL |          LL128 |         Simple |             LL |          LL128 |         Simple |
n232-194-226:162965:162999 [0] NCCL INFO  Max NThreads |            512 |            640 |            512 |            512 |            640 |            512 |              0 |              0 |            640 |
n232-194-226:162965:162999 [0] NCCL INFO     Broadcast |     0.0/   0.0 |     0.0/   0.0 |     0.0/   0.0 |     7.2/  53.3 |    15.9/ 147.2 |    11.8/ 160.0 |     0.0/   0.0 |     0.0/   0.0 |     0.0/   0.0 |
n232-194-226:162965:162999 [0] NCCL INFO        Reduce |     0.0/   0.0 |     0.0/   0.0 |     0.0/   0.0 |     7.2/  40.0 |    15.9/ 147.2 |    11.8/ 160.0 |     0.0/   0.0 |     0.0/   0.0 |     0.0/   0.0 |
n232-194-226:162965:162999 [0] NCCL INFO     AllGather |     0.0/   0.0 |     0.0/   0.0 |     0.0/   0.0 |     7.2/ 106.7 |    15.9/ 294.4 |    11.8/ 320.0 |     0.0/   0.0 |     0.0/   0.0 |     0.0/   0.0 |
n232-194-226:162965:162999 [0] NCCL INFO ReduceScatter |     0.0/   0.0 |     0.0/   0.0 |     0.0/   0.0 |     7.2/ 106.7 |    15.9/ 294.4 |    11.8/ 320.0 |     0.0/   0.0 |     0.0/   0.0 |     0.0/   0.0 |
n232-194-226:162965:162999 [0] NCCL INFO     AllReduce |     8.0/  38.7 |    16.5/ 114.5 |     8.0/ 147.2 |     7.8/  40.0 |    17.8/ 147.2 |    15.2/ 160.0 |     7.8/   0.0 |    15.0/   0.0 |    27.7/   0.0 |
n232-194-226:162965:162999 [0] NCCL INFO   Algorithm   |                    CollNetChain                  |                            NVLS                  |                        NVLSTree                  |
n232-194-226:162965:162999 [0] NCCL INFO   Protocol    |             LL |          LL128 |         Simple |             LL |          LL128 |         Simple |             LL |          LL128 |         Simple |
n232-194-226:162965:162999 [0] NCCL INFO  Max NThreads |              0 |              0 |            640 |              0 |              0 |            640 |              0 |              0 |            640 |
n232-194-226:162965:162999 [0] NCCL INFO     Broadcast |     0.0/   0.0 |     0.0/   0.0 |     0.0/   0.0 |     0.0/   0.0 |     0.0/   0.0 |     0.0/   0.0 |     0.0/   0.0 |     0.0/   0.0 |     0.0/   0.0 |
n232-194-226:162965:162999 [0] NCCL INFO        Reduce |     0.0/   0.0 |     0.0/   0.0 |     0.0/   0.0 |     0.0/   0.0 |     0.0/   0.0 |     0.0/   0.0 |     0.0/   0.0 |     0.0/   0.0 |     0.0/   0.0 |
n232-194-226:162965:162999 [0] NCCL INFO     AllGather |     0.0/   0.0 |     0.0/   0.0 |     0.0/   0.0 |     0.0/   0.0 |     0.0/   0.0 |     0.0/   0.0 |     0.0/   0.0 |     0.0/   0.0 |     0.0/   0.0 |
n232-194-226:162965:162999 [0] NCCL INFO ReduceScatter |     0.0/   0.0 |     0.0/   0.0 |     0.0/   0.0 |     0.0/   0.0 |     0.0/   0.0 |     0.0/   0.0 |     0.0/   0.0 |     0.0/   0.0 |     0.0/   0.0 |
n232-194-226:162965:162999 [0] NCCL INFO     AllReduce |     6.8/   0.0 |    14.0/   0.0 |    30.0/   0.0 |     0.0/   0.0 |     0.0/   0.0 |    23.0/   0.0 |     0.0/   0.0 |     0.0/   0.0 |    23.0/   0.0 |
n232-194-226:162965:162999 [0] NCCL INFO threadThresholds 8/8/64 | 16/8/64 | 512 | 512
n232-194-226:162965:162999 [0] NCCL INFO 16 coll channels, 0 nvls channels, 16 p2p channels, 16 p2p channels per peer
n232-194-226:162965:163001 [0] NCCL INFO Allocated 4194660 bytes of shared memory in /dev/shm/nccl-WX28L8
n232-194-226:162966:163000 [1] NCCL INFO Imported shareable buffer device 1 size 2097152 ptr 0x7f1880a00000
n232-194-226:162966:163000 [1] NCCL INFO Connected all rings
n232-194-226:162966:163000 [1] NCCL INFO Connected all trees
n232-194-226:162966:163000 [1] NCCL INFO threadThresholds 8/8/64 | 16/8/64 | 512 | 512
n232-194-226:162966:163000 [1] NCCL INFO 16 coll channels, 0 nvls channels, 16 p2p channels, 16 p2p channels per peer
n232-194-226:162966:163002 [1] NCCL INFO Allocated 4194660 bytes of shared memory in /dev/shm/nccl-mIcBTr
n232-194-226:162965:163001 [0] NCCL INFO New proxy send connection 32 from local rank 0, transport 2
n232-194-226:162965:163001 [0] NCCL INFO proxyProgressAsync opId=0x7f5484427480 op.type=1 op.reqBuff=0x7f54d3080d90 op.respSize=16 done
n232-194-226:162965:162999 [0] NCCL INFO ncclPollProxyResponse Received new opId=0x7f5484427480
n232-194-226:162965:163001 [0] NCCL INFO Received and initiated operation=Init res=0
n232-194-226:162965:162999 [0] NCCL INFO recvOpId=0x7f5484427480 matches expected opId=0x7f5484427480
n232-194-226:162965:162999 [0] NCCL INFO Connection to proxy localRank 0 -> connection 0x7f54d30670b0
n232-194-226:162966:163002 [1] NCCL INFO New proxy send connection 32 from local rank 1, transport 2
n232-194-226:162966:163002 [1] NCCL INFO proxyProgressAsync opId=0x7f18dabb8bc0 op.type=1 op.reqBuff=0x7f188401ec00 op.respSize=16 done
n232-194-226:162966:163000 [1] NCCL INFO ncclPollProxyResponse Received new opId=0x7f18dabb8bc0
n232-194-226:162966:163002 [1] NCCL INFO Received and initiated operation=Init res=0
n232-194-226:162966:163000 [1] NCCL INFO recvOpId=0x7f18dabb8bc0 matches expected opId=0x7f18dabb8bc0
n232-194-226:162966:163000 [1] NCCL INFO Connection to proxy localRank 1 -> connection 0x7f1884003b50
n232-194-226:162965:163001 [0] NCCL INFO transport/net.cc:446 Cuda Alloc Size 134217728 pointer 0x7f5470000000
n232-194-226:162965:163001 [0] NCCL INFO proxyProgressAsync opId=0x7f5484427480 op.type=2 op.reqBuff=0x7f54d3081970 op.respSize=0 done
n232-194-226:162965:162999 [0] NCCL INFO ncclPollProxyResponse Received new opId=0x7f5484427480
n232-194-226:162965:163001 [0] NCCL INFO Received and initiated operation=SharedInit res=0
n232-194-226:162965:162999 [0] NCCL INFO recvOpId=0x7f5484427480 matches expected opId=0x7f5484427480
n232-194-226:162965:162999 [0] NCCL INFO init.cc:387 Cuda Alloc Size 7728 pointer 0x7f5511012000
n232-194-226:162966:163002 [1] NCCL INFO transport/net.cc:446 Cuda Alloc Size 134217728 pointer 0x7f1870000000
n232-194-226:162966:163002 [1] NCCL INFO proxyProgressAsync opId=0x7f18dabb8bc0 op.type=2 op.reqBuff=0x7f1884020380 op.respSize=0 done
n232-194-226:162966:163000 [1] NCCL INFO ncclPollProxyResponse Received new opId=0x7f18dabb8bc0
n232-194-226:162966:163002 [1] NCCL INFO Received and initiated operation=SharedInit res=0
n232-194-226:162966:163000 [1] NCCL INFO recvOpId=0x7f18dabb8bc0 matches expected opId=0x7f18dabb8bc0
n232-194-226:162966:163000 [1] NCCL INFO init.cc:387 Cuda Alloc Size 7728 pointer 0x7f1915012000
n232-194-226:162965:162999 [0] NCCL INFO init.cc:412 Cuda Host Alloc Size 33554432 pointer 0x7f547e000000
n232-194-226:162965:162999 [0] NCCL INFO init.cc:418 Cuda Host Alloc Size 128 pointer 0x7f5507600600
n232-194-226:162966:163000 [1] NCCL INFO init.cc:412 Cuda Host Alloc Size 33554432 pointer 0x7f187e000000
n232-194-226:162966:163000 [1] NCCL INFO init.cc:418 Cuda Host Alloc Size 128 pointer 0x7f190b600600
n232-194-226:162965:162999 [0] NCCL INFO comm 0x55dc8fbe2890 rank 0 nranks 2 cudaDev 0 nvmlDev 0 busId f000 commId 0x6d40172a8b54e0d0 - Init COMPLETE
n232-194-226:162966:163000 [1] NCCL INFO comm 0x556fd4ad18d0 rank 1 nranks 2 cudaDev 1 nvmlDev 1 busId 34000 commId 0x6d40172a8b54e0d0 - Init COMPLETE
n232-194-226:162965:162965 [0] NCCL INFO AllReduce: opCount 0 sendbuff 0x7f5521e01200 recvbuff 0x7f5521e01200 count 1 datatype 1 op 0 root 0 comm 0x55dc8fbe2890 [nranks=2] stream 0x55dc8f9de690
n232-194-226:162966:162966 [1] NCCL INFO AllReduce: opCount 0 sendbuff 0x7f1925e01200 recvbuff 0x7f1925e01200 count 1 datatype 1 op 0 root 0 comm 0x556fd4ad18d0 [nranks=2] stream 0x556fd48cd6c0
n232-194-226:162966:162966 [1] NCCL INFO misc/utils.cc:235 memory stack hunk malloc(65536)
n232-194-226:162965:162965 [0] NCCL INFO misc/utils.cc:235 memory stack hunk malloc(65536)
n232-194-226:162966:162966 [1] NCCL INFO Recv: opCount 2 sendbuff (nil) recvbuff 0x7f1925e00800 count 512 datatype 7 op 0 root 0 comm 0x556fd48bcee0 [nranks=2] stream 0x556fd48c0c70
n232-194-226:162965:162965 [0] NCCL INFO Send: opCount 2 sendbuff (nil) recvbuff 0x7f5521e00000 count 512 datatype 7 op 0 root 1 comm 0x55dc8f9cdf40 [nranks=2] stream 0x55dc8f3d52b0
n232-194-226:162965:162965 [0] NCCL INFO Recv: opCount 3 sendbuff (nil) recvbuff 0x7f5521e00800 count 512 datatype 7 op 0 root 1 comm 0x55dc8f9cdf40 [nranks=2] stream 0x55dc8f3d52b0
n232-194-226:162966:162966 [1] NCCL INFO Send: opCount 3 sendbuff (nil) recvbuff 0x7f1925e00000 count 512 datatype 7 op 0 root 0 comm 0x556fd48bcee0 [nranks=2] stream 0x556fd48c0c70
