n232-194-226:162966:162974 [1] NCCL INFO recvOpId=0x7f18dabba2d0 matches expected opId=0x7f18dabba2d0
n232-194-226:162966:162974 [1] NCCL INFO Channel 10/0 : 1[1] -> 0[0] via P2P/IPC
n232-194-226:162966:162990 [1] NCCL INFO New proxy send connection 26 from local rank 1, transport 0
n232-194-226:162966:162990 [1] NCCL INFO proxyProgressAsync opId=0x7f18dabba2d0 op.type=1 op.reqBuff=0x7f18d0017920 op.respSize=16 done
n232-194-226:162966:162974 [1] NCCL INFO ncclPollProxyResponse Received new opId=0x7f18dabba2d0
n232-194-226:162966:162974 [1] NCCL INFO recvOpId=0x7f18dabba2d0 matches expected opId=0x7f18dabba2d0
n232-194-226:162966:162990 [1] NCCL INFO Received and initiated operation=Init res=0
n232-194-226:162966:162974 [1] NCCL INFO Connection to proxy localRank 1 -> connection 0x7f18d0003970
n232-194-226:162965:162991 [0] NCCL INFO transport/p2p.cc:204 Cuda Alloc Size 2097152 pointer 0x7f551c600000
n232-194-226:162965:162991 [0] NCCL INFO Allocated shareable buffer 0x7f551c600000 size 2097152 ipcDesc 0x7f54e000ba00
n232-194-226:162965:162991 [0] NCCL INFO proxyProgressAsync opId=0x7f54d2bba2d0 op.type=3 op.reqBuff=0x7f54e00190b0 op.respSize=80 done
n232-194-226:162965:162975 [0] NCCL INFO ncclPollProxyResponse Received new opId=0x7f54d2bba2d0
n232-194-226:162965:162991 [0] NCCL INFO Received and initiated operation=Setup res=0
n232-194-226:162965:162975 [0] NCCL INFO recvOpId=0x7f54d2bba2d0 matches expected opId=0x7f54d2bba2d0
n232-194-226:162965:162975 [0] NCCL INFO Channel 11/0 : 0[0] -> 1[1] via P2P/IPC
n232-194-226:162965:162991 [0] NCCL INFO New proxy send connection 27 from local rank 0, transport 0
n232-194-226:162965:162991 [0] NCCL INFO proxyProgressAsync opId=0x7f54d2bba2d0 op.type=1 op.reqBuff=0x7f54e00190b0 op.respSize=16 done
n232-194-226:162965:162975 [0] NCCL INFO ncclPollProxyResponse Received new opId=0x7f54d2bba2d0
n232-194-226:162965:162991 [0] NCCL INFO Received and initiated operation=Init res=0
n232-194-226:162965:162975 [0] NCCL INFO recvOpId=0x7f54d2bba2d0 matches expected opId=0x7f54d2bba2d0
n232-194-226:162965:162975 [0] NCCL INFO Connection to proxy localRank 0 -> connection 0x7f54e00039d0
n232-194-226:162966:162990 [1] NCCL INFO transport/p2p.cc:204 Cuda Alloc Size 2097152 pointer 0x7f1920600000
n232-194-226:162966:162990 [1] NCCL INFO Allocated shareable buffer 0x7f1920600000 size 2097152 ipcDesc 0x7f18d000b9f0
n232-194-226:162966:162990 [1] NCCL INFO proxyProgressAsync opId=0x7f18dabba2d0 op.type=3 op.reqBuff=0x7f18d00190a0 op.respSize=80 done
n232-194-226:162966:162974 [1] NCCL INFO ncclPollProxyResponse Received new opId=0x7f18dabba2d0
n232-194-226:162966:162974 [1] NCCL INFO recvOpId=0x7f18dabba2d0 matches expected opId=0x7f18dabba2d0
n232-194-226:162966:162990 [1] NCCL INFO Received and initiated operation=Setup res=0
n232-194-226:162966:162974 [1] NCCL INFO Channel 11/0 : 1[1] -> 0[0] via P2P/IPC
n232-194-226:162966:162990 [1] NCCL INFO New proxy send connection 27 from local rank 1, transport 0
n232-194-226:162966:162990 [1] NCCL INFO proxyProgressAsync opId=0x7f18dabba2d0 op.type=1 op.reqBuff=0x7f18d00190a0 op.respSize=16 done
n232-194-226:162966:162974 [1] NCCL INFO ncclPollProxyResponse Received new opId=0x7f18dabba2d0
n232-194-226:162966:162974 [1] NCCL INFO recvOpId=0x7f18dabba2d0 matches expected opId=0x7f18dabba2d0
n232-194-226:162966:162974 [1] NCCL INFO Connection to proxy localRank 1 -> connection 0x7f18d00039c0
n232-194-226:162966:162990 [1] NCCL INFO Received and initiated operation=Init res=0
n232-194-226:162965:162991 [0] NCCL INFO transport/p2p.cc:204 Cuda Alloc Size 2097152 pointer 0x7f551c800000
n232-194-226:162965:162991 [0] NCCL INFO Allocated shareable buffer 0x7f551c800000 size 2097152 ipcDesc 0x7f54e000ba00
n232-194-226:162965:162991 [0] NCCL INFO proxyProgressAsync opId=0x7f54d2bba2d0 op.type=3 op.reqBuff=0x7f54e00190f0 op.respSize=80 done
n232-194-226:162965:162975 [0] NCCL INFO ncclPollProxyResponse Received new opId=0x7f54d2bba2d0
n232-194-226:162965:162991 [0] NCCL INFO Received and initiated operation=Setup res=0
n232-194-226:162965:162975 [0] NCCL INFO recvOpId=0x7f54d2bba2d0 matches expected opId=0x7f54d2bba2d0
n232-194-226:162965:162975 [0] NCCL INFO Channel 12/0 : 0[0] -> 1[1] via P2P/IPC
n232-194-226:162965:162991 [0] NCCL INFO New proxy send connection 28 from local rank 0, transport 0
n232-194-226:162965:162991 [0] NCCL INFO proxyProgressAsync opId=0x7f54d2bba2d0 op.type=1 op.reqBuff=0x7f54e00190f0 op.respSize=16 done
n232-194-226:162965:162975 [0] NCCL INFO ncclPollProxyResponse Received new opId=0x7f54d2bba2d0
n232-194-226:162965:162975 [0] NCCL INFO recvOpId=0x7f54d2bba2d0 matches expected opId=0x7f54d2bba2d0
n232-194-226:162965:162975 [0] NCCL INFO Connection to proxy localRank 0 -> connection 0x7f54e0003a20
n232-194-226:162965:162991 [0] NCCL INFO Received and initiated operation=Init res=0
n232-194-226:162966:162990 [1] NCCL INFO transport/p2p.cc:204 Cuda Alloc Size 2097152 pointer 0x7f1920800000
n232-194-226:162966:162990 [1] NCCL INFO Allocated shareable buffer 0x7f1920800000 size 2097152 ipcDesc 0x7f18d000b9f0
n232-194-226:162966:162990 [1] NCCL INFO proxyProgressAsync opId=0x7f18dabba2d0 op.type=3 op.reqBuff=0x7f18d00190e0 op.respSize=80 done
n232-194-226:162966:162974 [1] NCCL INFO ncclPollProxyResponse Received new opId=0x7f18dabba2d0
n232-194-226:162966:162974 [1] NCCL INFO recvOpId=0x7f18dabba2d0 matches expected opId=0x7f18dabba2d0
n232-194-226:162966:162990 [1] NCCL INFO Received and initiated operation=Setup res=0
n232-194-226:162966:162974 [1] NCCL INFO Channel 12/0 : 1[1] -> 0[0] via P2P/IPC
n232-194-226:162966:162990 [1] NCCL INFO New proxy send connection 28 from local rank 1, transport 0
n232-194-226:162966:162990 [1] NCCL INFO proxyProgressAsync opId=0x7f18dabba2d0 op.type=1 op.reqBuff=0x7f18d00190e0 op.respSize=16 done
n232-194-226:162966:162974 [1] NCCL INFO ncclPollProxyResponse Received new opId=0x7f18dabba2d0
n232-194-226:162966:162974 [1] NCCL INFO recvOpId=0x7f18dabba2d0 matches expected opId=0x7f18dabba2d0
n232-194-226:162966:162974 [1] NCCL INFO Connection to proxy localRank 1 -> connection 0x7f18d0003a10
n232-194-226:162966:162990 [1] NCCL INFO Received and initiated operation=Init res=0
n232-194-226:162965:162991 [0] NCCL INFO transport/p2p.cc:204 Cuda Alloc Size 2097152 pointer 0x7f551ca00000
n232-194-226:162965:162991 [0] NCCL INFO Allocated shareable buffer 0x7f551ca00000 size 2097152 ipcDesc 0x7f54e000ba00
n232-194-226:162965:162991 [0] NCCL INFO proxyProgressAsync opId=0x7f54d2bba2d0 op.type=3 op.reqBuff=0x7f54e001a870 op.respSize=80 done
n232-194-226:162965:162975 [0] NCCL INFO ncclPollProxyResponse Received new opId=0x7f54d2bba2d0
n232-194-226:162965:162975 [0] NCCL INFO recvOpId=0x7f54d2bba2d0 matches expected opId=0x7f54d2bba2d0
n232-194-226:162965:162991 [0] NCCL INFO Received and initiated operation=Setup res=0
n232-194-226:162965:162975 [0] NCCL INFO Channel 13/0 : 0[0] -> 1[1] via P2P/IPC
n232-194-226:162965:162991 [0] NCCL INFO New proxy send connection 29 from local rank 0, transport 0
n232-194-226:162965:162991 [0] NCCL INFO proxyProgressAsync opId=0x7f54d2bba2d0 op.type=1 op.reqBuff=0x7f54e001a870 op.respSize=16 done
n232-194-226:162965:162975 [0] NCCL INFO ncclPollProxyResponse Received new opId=0x7f54d2bba2d0
n232-194-226:162965:162975 [0] NCCL INFO recvOpId=0x7f54d2bba2d0 matches expected opId=0x7f54d2bba2d0
n232-194-226:162965:162991 [0] NCCL INFO Received and initiated operation=Init res=0
n232-194-226:162965:162975 [0] NCCL INFO Connection to proxy localRank 0 -> connection 0x7f54e0003a70
n232-194-226:162966:162990 [1] NCCL INFO transport/p2p.cc:204 Cuda Alloc Size 2097152 pointer 0x7f1920a00000
n232-194-226:162966:162990 [1] NCCL INFO Allocated shareable buffer 0x7f1920a00000 size 2097152 ipcDesc 0x7f18d000b9f0
n232-194-226:162966:162990 [1] NCCL INFO proxyProgressAsync opId=0x7f18dabba2d0 op.type=3 op.reqBuff=0x7f18d001a860 op.respSize=80 done
n232-194-226:162966:162974 [1] NCCL INFO ncclPollProxyResponse Received new opId=0x7f18dabba2d0
n232-194-226:162966:162974 [1] NCCL INFO recvOpId=0x7f18dabba2d0 matches expected opId=0x7f18dabba2d0
n232-194-226:162966:162990 [1] NCCL INFO Received and initiated operation=Setup res=0
n232-194-226:162966:162974 [1] NCCL INFO Channel 13/0 : 1[1] -> 0[0] via P2P/IPC
n232-194-226:162966:162990 [1] NCCL INFO New proxy send connection 29 from local rank 1, transport 0
n232-194-226:162966:162990 [1] NCCL INFO proxyProgressAsync opId=0x7f18dabba2d0 op.type=1 op.reqBuff=0x7f18d001a860 op.respSize=16 done
n232-194-226:162966:162974 [1] NCCL INFO ncclPollProxyResponse Received new opId=0x7f18dabba2d0
n232-194-226:162966:162974 [1] NCCL INFO recvOpId=0x7f18dabba2d0 matches expected opId=0x7f18dabba2d0
n232-194-226:162966:162990 [1] NCCL INFO Received and initiated operation=Init res=0
n232-194-226:162966:162974 [1] NCCL INFO Connection to proxy localRank 1 -> connection 0x7f18d0003a60
n232-194-226:162965:162991 [0] NCCL INFO transport/p2p.cc:204 Cuda Alloc Size 2097152 pointer 0x7f551cc00000
n232-194-226:162965:162991 [0] NCCL INFO Allocated shareable buffer 0x7f551cc00000 size 2097152 ipcDesc 0x7f54e000ba00
n232-194-226:162965:162991 [0] NCCL INFO proxyProgressAsync opId=0x7f54d2bba2d0 op.type=3 op.reqBuff=0x7f54e001a8b0 op.respSize=80 done
n232-194-226:162965:162975 [0] NCCL INFO ncclPollProxyResponse Received new opId=0x7f54d2bba2d0
n232-194-226:162965:162975 [0] NCCL INFO recvOpId=0x7f54d2bba2d0 matches expected opId=0x7f54d2bba2d0
n232-194-226:162965:162991 [0] NCCL INFO Received and initiated operation=Setup res=0
n232-194-226:162965:162975 [0] NCCL INFO Channel 14/0 : 0[0] -> 1[1] via P2P/IPC
n232-194-226:162965:162991 [0] NCCL INFO New proxy send connection 30 from local rank 0, transport 0
n232-194-226:162965:162991 [0] NCCL INFO proxyProgressAsync opId=0x7f54d2bba2d0 op.type=1 op.reqBuff=0x7f54e001a8b0 op.respSize=16 done
n232-194-226:162965:162975 [0] NCCL INFO ncclPollProxyResponse Received new opId=0x7f54d2bba2d0
n232-194-226:162965:162991 [0] NCCL INFO Received and initiated operation=Init res=0
n232-194-226:162965:162975 [0] NCCL INFO recvOpId=0x7f54d2bba2d0 matches expected opId=0x7f54d2bba2d0
n232-194-226:162965:162975 [0] NCCL INFO Connection to proxy localRank 0 -> connection 0x7f54e0003ac0
n232-194-226:162966:162990 [1] NCCL INFO transport/p2p.cc:204 Cuda Alloc Size 2097152 pointer 0x7f1920c00000
n232-194-226:162966:162990 [1] NCCL INFO Allocated shareable buffer 0x7f1920c00000 size 2097152 ipcDesc 0x7f18d000b9f0
n232-194-226:162966:162990 [1] NCCL INFO proxyProgressAsync opId=0x7f18dabba2d0 op.type=3 op.reqBuff=0x7f18d001a8a0 op.respSize=80 done
n232-194-226:162966:162974 [1] NCCL INFO ncclPollProxyResponse Received new opId=0x7f18dabba2d0
n232-194-226:162966:162990 [1] NCCL INFO Received and initiated operation=Setup res=0
n232-194-226:162966:162974 [1] NCCL INFO recvOpId=0x7f18dabba2d0 matches expected opId=0x7f18dabba2d0
n232-194-226:162966:162974 [1] NCCL INFO Channel 14/0 : 1[1] -> 0[0] via P2P/IPC
n232-194-226:162966:162990 [1] NCCL INFO New proxy send connection 30 from local rank 1, transport 0
n232-194-226:162966:162990 [1] NCCL INFO proxyProgressAsync opId=0x7f18dabba2d0 op.type=1 op.reqBuff=0x7f18d001a8a0 op.respSize=16 done
n232-194-226:162966:162974 [1] NCCL INFO ncclPollProxyResponse Received new opId=0x7f18dabba2d0
n232-194-226:162966:162990 [1] NCCL INFO Received and initiated operation=Init res=0
n232-194-226:162966:162974 [1] NCCL INFO recvOpId=0x7f18dabba2d0 matches expected opId=0x7f18dabba2d0
n232-194-226:162966:162974 [1] NCCL INFO Connection to proxy localRank 1 -> connection 0x7f18d0003ab0
n232-194-226:162965:162991 [0] NCCL INFO transport/p2p.cc:204 Cuda Alloc Size 2097152 pointer 0x7f551ce00000
n232-194-226:162965:162991 [0] NCCL INFO Allocated shareable buffer 0x7f551ce00000 size 2097152 ipcDesc 0x7f54e000ba00
n232-194-226:162965:162991 [0] NCCL INFO proxyProgressAsync opId=0x7f54d2bba2d0 op.type=3 op.reqBuff=0x7f54e001c030 op.respSize=80 done
n232-194-226:162965:162975 [0] NCCL INFO ncclPollProxyResponse Received new opId=0x7f54d2bba2d0
n232-194-226:162965:162975 [0] NCCL INFO recvOpId=0x7f54d2bba2d0 matches expected opId=0x7f54d2bba2d0
n232-194-226:162965:162991 [0] NCCL INFO Received and initiated operation=Setup res=0
n232-194-226:162965:162975 [0] NCCL INFO Channel 15/0 : 0[0] -> 1[1] via P2P/IPC
n232-194-226:162965:162991 [0] NCCL INFO New proxy send connection 31 from local rank 0, transport 0
n232-194-226:162965:162991 [0] NCCL INFO proxyProgressAsync opId=0x7f54d2bba2d0 op.type=1 op.reqBuff=0x7f54e001c030 op.respSize=16 done
n232-194-226:162965:162975 [0] NCCL INFO ncclPollProxyResponse Received new opId=0x7f54d2bba2d0
n232-194-226:162965:162991 [0] NCCL INFO Received and initiated operation=Init res=0
n232-194-226:162965:162975 [0] NCCL INFO recvOpId=0x7f54d2bba2d0 matches expected opId=0x7f54d2bba2d0
n232-194-226:162965:162975 [0] NCCL INFO Connection to proxy localRank 0 -> connection 0x7f54e0003b10
n232-194-226:162966:162990 [1] NCCL INFO transport/p2p.cc:204 Cuda Alloc Size 2097152 pointer 0x7f1920e00000
n232-194-226:162966:162990 [1] NCCL INFO Allocated shareable buffer 0x7f1920e00000 size 2097152 ipcDesc 0x7f18d000b9f0
n232-194-226:162966:162990 [1] NCCL INFO proxyProgressAsync opId=0x7f18dabba2d0 op.type=3 op.reqBuff=0x7f18d001c020 op.respSize=80 done
n232-194-226:162966:162974 [1] NCCL INFO ncclPollProxyResponse Received new opId=0x7f18dabba2d0
n232-194-226:162966:162974 [1] NCCL INFO recvOpId=0x7f18dabba2d0 matches expected opId=0x7f18dabba2d0
n232-194-226:162966:162990 [1] NCCL INFO Received and initiated operation=Setup res=0
n232-194-226:162966:162974 [1] NCCL INFO Channel 15/0 : 1[1] -> 0[0] via P2P/IPC
n232-194-226:162966:162990 [1] NCCL INFO New proxy send connection 31 from local rank 1, transport 0
n232-194-226:162966:162990 [1] NCCL INFO proxyProgressAsync opId=0x7f18dabba2d0 op.type=1 op.reqBuff=0x7f18d001c020 op.respSize=16 done
n232-194-226:162966:162974 [1] NCCL INFO ncclPollProxyResponse Received new opId=0x7f18dabba2d0
n232-194-226:162966:162990 [1] NCCL INFO Received and initiated operation=Init res=0
n232-194-226:162966:162974 [1] NCCL INFO recvOpId=0x7f18dabba2d0 matches expected opId=0x7f18dabba2d0
n232-194-226:162966:162974 [1] NCCL INFO Connection to proxy localRank 1 -> connection 0x7f18d0003b00
n232-194-226:162965:162991 [0] NCCL INFO transport/p2p.cc:204 Cuda Alloc Size 2097152 pointer 0x7f551d000000
n232-194-226:162965:162991 [0] NCCL INFO Allocated shareable buffer 0x7f551d000000 size 2097152 ipcDesc 0x7f54e000ba00
n232-194-226:162965:162991 [0] NCCL INFO proxyProgressAsync opId=0x7f54d2bba2d0 op.type=3 op.reqBuff=0x7f54e001c070 op.respSize=80 done
n232-194-226:162965:162975 [0] NCCL INFO ncclPollProxyResponse Received new opId=0x7f54d2bba2d0
n232-194-226:162965:162975 [0] NCCL INFO recvOpId=0x7f54d2bba2d0 matches expected opId=0x7f54d2bba2d0
n232-194-226:162965:162991 [0] NCCL INFO Received and initiated operation=Setup res=0
n232-194-226:162966:162990 [1] NCCL INFO transport/p2p.cc:204 Cuda Alloc Size 2097152 pointer 0x7f1921000000
n232-194-226:162966:162990 [1] NCCL INFO Allocated shareable buffer 0x7f1921000000 size 2097152 ipcDesc 0x7f18d000b9f0
n232-194-226:162966:162990 [1] NCCL INFO proxyProgressAsync opId=0x7f18dabba2d0 op.type=3 op.reqBuff=0x7f18d001c060 op.respSize=80 done
n232-194-226:162966:162974 [1] NCCL INFO ncclPollProxyResponse Received new opId=0x7f18dabba2d0
n232-194-226:162966:162974 [1] NCCL INFO recvOpId=0x7f18dabba2d0 matches expected opId=0x7f18dabba2d0
n232-194-226:162966:162990 [1] NCCL INFO Received and initiated operation=Setup res=0
n232-194-226:162965:162975 [0] NCCL INFO Imported shareable buffer device 0 size 10485760 ptr 0x7f551d200000
n232-194-226:162966:162974 [1] NCCL INFO Imported shareable buffer device 1 size 10485760 ptr 0x7f1921200000
n232-194-226:162965:162975 [0] NCCL INFO Imported shareable buffer device 0 size 2097152 ptr 0x7f551dc00000
n232-194-226:162966:162974 [1] NCCL INFO Imported shareable buffer device 1 size 2097152 ptr 0x7f1921c00000
n232-194-226:162965:162975 [0] NCCL INFO Imported shareable buffer device 0 size 10485760 ptr 0x7f551de00000
n232-194-226:162966:162974 [1] NCCL INFO Imported shareable buffer device 1 size 10485760 ptr 0x7f1921e00000
n232-194-226:162965:162975 [0] NCCL INFO Imported shareable buffer device 0 size 2097152 ptr 0x7f551e800000
n232-194-226:162966:162974 [1] NCCL INFO Imported shareable buffer device 1 size 2097152 ptr 0x7f1922800000
n232-194-226:162965:162975 [0] NCCL INFO Imported shareable buffer device 0 size 10485760 ptr 0x7f551ea00000
n232-194-226:162966:162974 [1] NCCL INFO Imported shareable buffer device 1 size 10485760 ptr 0x7f1922a00000
n232-194-226:162965:162975 [0] NCCL INFO Imported shareable buffer device 0 size 2097152 ptr 0x7f551f400000
n232-194-226:162966:162974 [1] NCCL INFO Imported shareable buffer device 1 size 2097152 ptr 0x7f1923400000
n232-194-226:162965:162975 [0] NCCL INFO Imported shareable buffer device 0 size 10485760 ptr 0x7f551f600000
n232-194-226:162966:162974 [1] NCCL INFO Imported shareable buffer device 1 size 10485760 ptr 0x7f1923600000
n232-194-226:162965:162975 [0] NCCL INFO Imported shareable buffer device 0 size 2097152 ptr 0x7f5520000000
n232-194-226:162966:162974 [1] NCCL INFO Imported shareable buffer device 1 size 2097152 ptr 0x7f1924000000
n232-194-226:162965:162975 [0] NCCL INFO Imported shareable buffer device 0 size 10485760 ptr 0x7f5520200000
n232-194-226:162966:162974 [1] NCCL INFO Imported shareable buffer device 1 size 10485760 ptr 0x7f1924200000
n232-194-226:162965:162975 [0] NCCL INFO Imported shareable buffer device 0 size 2097152 ptr 0x7f5520c00000
n232-194-226:162966:162974 [1] NCCL INFO Imported shareable buffer device 1 size 2097152 ptr 0x7f1924c00000
n232-194-226:162965:162975 [0] NCCL INFO Imported shareable buffer device 0 size 10485760 ptr 0x7f5520e00000
n232-194-226:162966:162974 [1] NCCL INFO Imported shareable buffer device 1 size 10485760 ptr 0x7f1924e00000
n232-194-226:162965:162975 [0] NCCL INFO Imported shareable buffer device 0 size 2097152 ptr 0x7f5521800000
n232-194-226:162966:162974 [1] NCCL INFO Imported shareable buffer device 1 size 2097152 ptr 0x7f1925800000
n232-194-226:162965:162975 [0] NCCL INFO Imported shareable buffer device 0 size 10485760 ptr 0x7f5526a00000
n232-194-226:162966:162974 [1] NCCL INFO Imported shareable buffer device 1 size 10485760 ptr 0x7f192aa00000
n232-194-226:162965:162975 [0] NCCL INFO Imported shareable buffer device 0 size 2097152 ptr 0x7f5521a00000
n232-194-226:162966:162974 [1] NCCL INFO Imported shareable buffer device 1 size 2097152 ptr 0x7f1925a00000
n232-194-226:162965:162975 [0] NCCL INFO Imported shareable buffer device 0 size 10485760 ptr 0x7f5527400000
n232-194-226:162966:162974 [1] NCCL INFO Imported shareable buffer device 1 size 10485760 ptr 0x7f192b400000
n232-194-226:162965:162975 [0] NCCL INFO Imported shareable buffer device 0 size 2097152 ptr 0x7f5521c00000
n232-194-226:162966:162974 [1] NCCL INFO Imported shareable buffer device 1 size 2097152 ptr 0x7f1925c00000
n232-194-226:162965:162975 [0] NCCL INFO Imported shareable buffer device 0 size 10485760 ptr 0x7f54ce000000
n232-194-226:162966:162974 [1] NCCL INFO Imported shareable buffer device 1 size 10485760 ptr 0x7f18d6000000
n232-194-226:162965:162975 [0] NCCL INFO Imported shareable buffer device 0 size 2097152 ptr 0x7f54cea00000
n232-194-226:162966:162974 [1] NCCL INFO Imported shareable buffer device 1 size 2097152 ptr 0x7f18d6a00000
n232-194-226:162965:162975 [0] NCCL INFO Imported shareable buffer device 0 size 10485760 ptr 0x7f54cec00000
n232-194-226:162966:162974 [1] NCCL INFO Imported shareable buffer device 1 size 10485760 ptr 0x7f18d6c00000
n232-194-226:162965:162975 [0] NCCL INFO Imported shareable buffer device 0 size 2097152 ptr 0x7f54cf600000
n232-194-226:162966:162974 [1] NCCL INFO Imported shareable buffer device 1 size 2097152 ptr 0x7f18d7600000
n232-194-226:162965:162975 [0] NCCL INFO Imported shareable buffer device 0 size 10485760 ptr 0x7f54cc000000
n232-194-226:162966:162974 [1] NCCL INFO Imported shareable buffer device 1 size 10485760 ptr 0x7f18ce000000
n232-194-226:162965:162975 [0] NCCL INFO Imported shareable buffer device 0 size 2097152 ptr 0x7f54cca00000
n232-194-226:162966:162974 [1] NCCL INFO Imported shareable buffer device 1 size 2097152 ptr 0x7f18cea00000
n232-194-226:162965:162975 [0] NCCL INFO Imported shareable buffer device 0 size 10485760 ptr 0x7f54ccc00000
n232-194-226:162966:162974 [1] NCCL INFO Imported shareable buffer device 1 size 10485760 ptr 0x7f18cec00000
n232-194-226:162965:162975 [0] NCCL INFO Imported shareable buffer device 0 size 2097152 ptr 0x7f54cd600000
n232-194-226:162966:162974 [1] NCCL INFO Imported shareable buffer device 1 size 2097152 ptr 0x7f18cf600000
n232-194-226:162965:162975 [0] NCCL INFO Imported shareable buffer device 0 size 10485760 ptr 0x7f54ca000000
n232-194-226:162966:162974 [1] NCCL INFO Imported shareable buffer device 1 size 10485760 ptr 0x7f18cc000000
n232-194-226:162965:162975 [0] NCCL INFO Imported shareable buffer device 0 size 2097152 ptr 0x7f54caa00000
n232-194-226:162966:162974 [1] NCCL INFO Imported shareable buffer device 1 size 2097152 ptr 0x7f18cca00000
n232-194-226:162965:162975 [0] NCCL INFO Imported shareable buffer device 0 size 10485760 ptr 0x7f54cac00000
n232-194-226:162966:162974 [1] NCCL INFO Imported shareable buffer device 1 size 10485760 ptr 0x7f18ccc00000
n232-194-226:162965:162975 [0] NCCL INFO Imported shareable buffer device 0 size 2097152 ptr 0x7f54cb600000
n232-194-226:162966:162974 [1] NCCL INFO Imported shareable buffer device 1 size 2097152 ptr 0x7f18cd600000
n232-194-226:162965:162975 [0] NCCL INFO Imported shareable buffer device 0 size 10485760 ptr 0x7f54c8000000
n232-194-226:162966:162974 [1] NCCL INFO Imported shareable buffer device 1 size 10485760 ptr 0x7f18ca000000
n232-194-226:162965:162975 [0] NCCL INFO Imported shareable buffer device 0 size 2097152 ptr 0x7f54c8a00000
n232-194-226:162966:162974 [1] NCCL INFO Imported shareable buffer device 1 size 2097152 ptr 0x7f18caa00000
n232-194-226:162965:162975 [0] NCCL INFO Imported shareable buffer device 0 size 10485760 ptr 0x7f54c8c00000
n232-194-226:162966:162974 [1] NCCL INFO Imported shareable buffer device 1 size 10485760 ptr 0x7f18cac00000
n232-194-226:162965:162975 [0] NCCL INFO Imported shareable buffer device 0 size 2097152 ptr 0x7f54c9600000
n232-194-226:162965:162975 [0] NCCL INFO Connected all rings
n232-194-226:162965:162975 [0] NCCL INFO Connected all trees
n232-194-226:162965:162975 [0] NCCL INFO   Algorithm   |                            Tree                  |                            Ring                  |                   CollNetDirect                  |
n232-194-226:162965:162975 [0] NCCL INFO   Protocol    |             LL |          LL128 |         Simple |             LL |          LL128 |         Simple |             LL |          LL128 |         Simple |
n232-194-226:162965:162975 [0] NCCL INFO  Max NThreads |            512 |            640 |            512 |            512 |            640 |            512 |              0 |              0 |            640 |
n232-194-226:162965:162975 [0] NCCL INFO     Broadcast |     0.0/   0.0 |     0.0/   0.0 |     0.0/   0.0 |     7.2/  53.3 |    15.9/ 147.2 |    11.8/ 160.0 |     0.0/   0.0 |     0.0/   0.0 |     0.0/   0.0 |
n232-194-226:162965:162975 [0] NCCL INFO        Reduce |     0.0/   0.0 |     0.0/   0.0 |     0.0/   0.0 |     7.2/  40.0 |    15.9/ 147.2 |    11.8/ 160.0 |     0.0/   0.0 |     0.0/   0.0 |     0.0/   0.0 |
n232-194-226:162965:162975 [0] NCCL INFO     AllGather |     0.0/   0.0 |     0.0/   0.0 |     0.0/   0.0 |     7.2/ 106.7 |    15.9/ 294.4 |    11.8/ 320.0 |     0.0/   0.0 |     0.0/   0.0 |     0.0/   0.0 |
n232-194-226:162965:162975 [0] NCCL INFO ReduceScatter |     0.0/   0.0 |     0.0/   0.0 |     0.0/   0.0 |     7.2/ 106.7 |    15.9/ 294.4 |    11.8/ 320.0 |     0.0/   0.0 |     0.0/   0.0 |     0.0/   0.0 |
n232-194-226:162965:162975 [0] NCCL INFO     AllReduce |     8.0/  38.7 |    16.5/ 114.5 |     8.0/ 147.2 |     7.8/  40.0 |    17.8/ 147.2 |    15.2/ 160.0 |     7.8/   0.0 |    15.0/   0.0 |    27.7/   0.0 |
n232-194-226:162965:162975 [0] NCCL INFO   Algorithm   |                    CollNetChain                  |                            NVLS                  |                        NVLSTree                  |
n232-194-226:162965:162975 [0] NCCL INFO   Protocol    |             LL |          LL128 |         Simple |             LL |          LL128 |         Simple |             LL |          LL128 |         Simple |
n232-194-226:162965:162975 [0] NCCL INFO  Max NThreads |              0 |              0 |            640 |              0 |              0 |            640 |              0 |              0 |            640 |
n232-194-226:162965:162975 [0] NCCL INFO     Broadcast |     0.0/   0.0 |     0.0/   0.0 |     0.0/   0.0 |     0.0/   0.0 |     0.0/   0.0 |     0.0/   0.0 |     0.0/   0.0 |     0.0/   0.0 |     0.0/   0.0 |
n232-194-226:162965:162975 [0] NCCL INFO        Reduce |     0.0/   0.0 |     0.0/   0.0 |     0.0/   0.0 |     0.0/   0.0 |     0.0/   0.0 |     0.0/   0.0 |     0.0/   0.0 |     0.0/   0.0 |     0.0/   0.0 |
n232-194-226:162965:162975 [0] NCCL INFO     AllGather |     0.0/   0.0 |     0.0/   0.0 |     0.0/   0.0 |     0.0/   0.0 |     0.0/   0.0 |     0.0/   0.0 |     0.0/   0.0 |     0.0/   0.0 |     0.0/   0.0 |
n232-194-226:162965:162975 [0] NCCL INFO ReduceScatter |     0.0/   0.0 |     0.0/   0.0 |     0.0/   0.0 |     0.0/   0.0 |     0.0/   0.0 |     0.0/   0.0 |     0.0/   0.0 |     0.0/   0.0 |     0.0/   0.0 |
n232-194-226:162965:162975 [0] NCCL INFO     AllReduce |     6.8/   0.0 |    14.0/   0.0 |    30.0/   0.0 |     0.0/   0.0 |     0.0/   0.0 |    23.0/   0.0 |     0.0/   0.0 |     0.0/   0.0 |    23.0/   0.0 |
n232-194-226:162965:162975 [0] NCCL INFO threadThresholds 8/8/64 | 16/8/64 | 512 | 512
n232-194-226:162965:162975 [0] NCCL INFO 16 coll channels, 0 nvls channels, 16 p2p channels, 16 p2p channels per peer
n232-194-226:162965:162991 [0] NCCL INFO Allocated 4194660 bytes of shared memory in /dev/shm/nccl-6DzBWT
n232-194-226:162966:162974 [1] NCCL INFO Imported shareable buffer device 1 size 2097152 ptr 0x7f18cb600000
n232-194-226:162966:162974 [1] NCCL INFO Connected all rings
n232-194-226:162966:162974 [1] NCCL INFO Connected all trees
n232-194-226:162966:162974 [1] NCCL INFO threadThresholds 8/8/64 | 16/8/64 | 512 | 512
n232-194-226:162966:162974 [1] NCCL INFO 16 coll channels, 0 nvls channels, 16 p2p channels, 16 p2p channels per peer
n232-194-226:162966:162990 [1] NCCL INFO Allocated 4194660 bytes of shared memory in /dev/shm/nccl-HI8hwc
n232-194-226:162965:162991 [0] NCCL INFO New proxy send connection 32 from local rank 0, transport 2
n232-194-226:162965:162991 [0] NCCL INFO proxyProgressAsync opId=0x7f54d2bb77a0 op.type=1 op.reqBuff=0x7f54e001c070 op.respSize=16 done
n232-194-226:162965:162975 [0] NCCL INFO ncclPollProxyResponse Received new opId=0x7f54d2bb77a0
n232-194-226:162965:162991 [0] NCCL INFO Received and initiated operation=Init res=0
n232-194-226:162965:162975 [0] NCCL INFO recvOpId=0x7f54d2bb77a0 matches expected opId=0x7f54d2bb77a0
n232-194-226:162965:162975 [0] NCCL INFO Connection to proxy localRank 0 -> connection 0x7f54e0003b60
n232-194-226:162965:162991 [0] NCCL INFO transport/net.cc:446 Cuda Alloc Size 134217728 pointer 0x7f54b8000000
n232-194-226:162965:162991 [0] NCCL INFO proxyProgressAsync opId=0x7f54d2bb77a0 op.type=2 op.reqBuff=0x7f54e001d7f0 op.respSize=0 done
n232-194-226:162965:162975 [0] NCCL INFO ncclPollProxyResponse Received new opId=0x7f54d2bb77a0
n232-194-226:162965:162991 [0] NCCL INFO Received and initiated operation=SharedInit res=0
n232-194-226:162965:162975 [0] NCCL INFO recvOpId=0x7f54d2bb77a0 matches expected opId=0x7f54d2bb77a0
n232-194-226:162965:162975 [0] NCCL INFO init.cc:387 Cuda Alloc Size 7728 pointer 0x7f5511008000
n232-194-226:162966:162990 [1] NCCL INFO New proxy send connection 32 from local rank 1, transport 2
n232-194-226:162966:162990 [1] NCCL INFO proxyProgressAsync opId=0x7f18dabb77a0 op.type=1 op.reqBuff=0x7f18d001c060 op.respSize=16 done
n232-194-226:162966:162974 [1] NCCL INFO ncclPollProxyResponse Received new opId=0x7f18dabb77a0
n232-194-226:162966:162990 [1] NCCL INFO Received and initiated operation=Init res=0
n232-194-226:162966:162974 [1] NCCL INFO recvOpId=0x7f18dabb77a0 matches expected opId=0x7f18dabb77a0
n232-194-226:162966:162974 [1] NCCL INFO Connection to proxy localRank 1 -> connection 0x7f18d0003b50
n232-194-226:162966:162990 [1] NCCL INFO transport/net.cc:446 Cuda Alloc Size 134217728 pointer 0x7f18bc000000
n232-194-226:162966:162990 [1] NCCL INFO proxyProgressAsync opId=0x7f18dabb77a0 op.type=2 op.reqBuff=0x7f18d001d7e0 op.respSize=0 done
n232-194-226:162966:162974 [1] NCCL INFO ncclPollProxyResponse Received new opId=0x7f18dabb77a0
n232-194-226:162966:162990 [1] NCCL INFO Received and initiated operation=SharedInit res=0
n232-194-226:162966:162974 [1] NCCL INFO recvOpId=0x7f18dabb77a0 matches expected opId=0x7f18dabb77a0
n232-194-226:162966:162974 [1] NCCL INFO init.cc:387 Cuda Alloc Size 7728 pointer 0x7f1915008000
n232-194-226:162965:162975 [0] NCCL INFO init.cc:412 Cuda Host Alloc Size 33554432 pointer 0x7f54c6000000
n232-194-226:162965:162975 [0] NCCL INFO init.cc:418 Cuda Host Alloc Size 128 pointer 0x7f5507600200
n232-194-226:162966:162974 [1] NCCL INFO init.cc:412 Cuda Host Alloc Size 33554432 pointer 0x7f18ba000000
n232-194-226:162966:162974 [1] NCCL INFO init.cc:418 Cuda Host Alloc Size 128 pointer 0x7f190b600200
n232-194-226:162965:162975 [0] NCCL INFO comm 0x55dc8f9cdf40 rank 0 nranks 2 cudaDev 0 nvmlDev 0 busId f000 commId 0x14ee6991124b76fc - Init COMPLETE
n232-194-226:162966:162974 [1] NCCL INFO comm 0x556fd48bcee0 rank 1 nranks 2 cudaDev 1 nvmlDev 1 busId 34000 commId 0x14ee6991124b76fc - Init COMPLETE
n232-194-226:162965:162965 [0] NCCL INFO Send: opCount 0 sendbuff (nil) recvbuff 0x7f5521e00000 count 512 datatype 7 op 0 root 1 comm 0x55dc8f9cdf40 [nranks=2] stream 0x55dc8f3d52b0
n232-194-226:162966:162966 [1] NCCL INFO Recv: opCount 0 sendbuff (nil) recvbuff 0x7f1925e00800 count 512 datatype 7 op 0 root 0 comm 0x556fd48bcee0 [nranks=2] stream 0x556fd48c0c70
n232-194-226:162966:162966 [1] NCCL INFO misc/utils.cc:235 memory stack hunk malloc(65536)
n232-194-226:162965:162965 [0] NCCL INFO misc/utils.cc:235 memory stack hunk malloc(65536)
n232-194-226:162965:162995 [0] NCCL INFO Channel 00/1 : 0[0] -> 1[1] via P2P/IPC
n232-194-226:162965:162991 [0] NCCL INFO New proxy send connection 33 from local rank 0, transport 0
n232-194-226:162965:162991 [0] NCCL INFO proxyProgressAsync opId=0x7f54d2a62000 op.type=1 op.reqBuff=0x7f54e0007660 op.respSize=16 done
n232-194-226:162965:162995 [0] NCCL INFO ncclPollProxyResponse Received new opId=0x7f54d2a62000
n232-194-226:162965:162991 [0] NCCL INFO Received and initiated operation=Init res=0
n232-194-226:162965:162995 [0] NCCL INFO recvOpId=0x7f54d2a62000 matches expected opId=0x7f54d2a62000
n232-194-226:162965:162995 [0] NCCL INFO Connection to proxy localRank 0 -> connection 0x7f54e0003bb0
n232-194-226:162966:162990 [1] NCCL INFO New proxy recv connection 33 from local rank 1, transport 0
n232-194-226:162966:162990 [1] NCCL INFO proxyProgressAsync opId=0x7f18daa62000 op.type=1 op.reqBuff=0x7f18d0007650 op.respSize=16 done
n232-194-226:162966:162990 [1] NCCL INFO Received and initiated operation=Init res=0
n232-194-226:162966:162994 [1] NCCL INFO ncclPollProxyResponse Received new opId=0x7f18daa62000
n232-194-226:162966:162994 [1] NCCL INFO recvOpId=0x7f18daa62000 matches expected opId=0x7f18daa62000
n232-194-226:162966:162994 [1] NCCL INFO Connection to proxy localRank 1 -> connection 0x7f18d0003ba0
n232-194-226:162965:162991 [0] NCCL INFO transport/p2p.cc:204 Cuda Alloc Size 2097152 pointer 0x7f54c9800000
n232-194-226:162965:162991 [0] NCCL INFO Allocated shareable buffer 0x7f54c9800000 size 2097152 ipcDesc 0x7f54e001cc10
n232-194-226:162965:162991 [0] NCCL INFO proxyProgressAsync opId=0x7f54d2a62000 op.type=3 op.reqBuff=0x7f54e001d7f0 op.respSize=80 done
n232-194-226:162965:162995 [0] NCCL INFO ncclPollProxyResponse Received new opId=0x7f54d2a62000
n232-194-226:162965:162995 [0] NCCL INFO recvOpId=0x7f54d2a62000 matches expected opId=0x7f54d2a62000
n232-194-226:162965:162991 [0] NCCL INFO Received and initiated operation=Setup res=0
n232-194-226:162965:162995 [0] NCCL INFO Channel 01/1 : 0[0] -> 1[1] via P2P/IPC
n232-194-226:162965:162991 [0] NCCL INFO New proxy send connection 34 from local rank 0, transport 0
n232-194-226:162965:162991 [0] NCCL INFO proxyProgressAsync opId=0x7f54d2a62000 op.type=1 op.reqBuff=0x7f54e001d7f0 op.respSize=16 done
n232-194-226:162965:162995 [0] NCCL INFO ncclPollProxyResponse Received new opId=0x7f54d2a62000
n232-194-226:162965:162991 [0] NCCL INFO Received and initiated operation=Init res=0
n232-194-226:162965:162995 [0] NCCL INFO recvOpId=0x7f54d2a62000 matches expected opId=0x7f54d2a62000
n232-194-226:162965:162995 [0] NCCL INFO Connection to proxy localRank 0 -> connection 0x7f54e0003c00
n232-194-226:162966:162990 [1] NCCL INFO transport/p2p.cc:204 Cuda Alloc Size 10485760 pointer 0x7f18b8000000
n232-194-226:162966:162990 [1] NCCL INFO Allocated shareable buffer 0x7f18b8000000 size 10485760 ipcDesc 0x7f18d001cc00
n232-194-226:162966:162990 [1] NCCL INFO proxyProgressAsync opId=0x7f18daa62000 op.type=3 op.reqBuff=0x7f18d001d7e0 op.respSize=80 done
n232-194-226:162966:162994 [1] NCCL INFO ncclPollProxyResponse Received new opId=0x7f18daa62000
n232-194-226:162966:162994 [1] NCCL INFO recvOpId=0x7f18daa62000 matches expected opId=0x7f18daa62000
n232-194-226:162966:162990 [1] NCCL INFO Received and initiated operation=Setup res=0
n232-194-226:162966:162990 [1] NCCL INFO New proxy recv connection 34 from local rank 1, transport 0
n232-194-226:162966:162990 [1] NCCL INFO proxyProgressAsync opId=0x7f18daa62000 op.type=1 op.reqBuff=0x7f18d001d7e0 op.respSize=16 done
n232-194-226:162966:162994 [1] NCCL INFO ncclPollProxyResponse Received new opId=0x7f18daa62000
n232-194-226:162966:162990 [1] NCCL INFO Received and initiated operation=Init res=0
n232-194-226:162966:162994 [1] NCCL INFO recvOpId=0x7f18daa62000 matches expected opId=0x7f18daa62000
n232-194-226:162966:162994 [1] NCCL INFO Connection to proxy localRank 1 -> connection 0x7f18d0003bf0
n232-194-226:162965:162991 [0] NCCL INFO transport/p2p.cc:204 Cuda Alloc Size 2097152 pointer 0x7f54c9a00000
n232-194-226:162965:162991 [0] NCCL INFO Allocated shareable buffer 0x7f54c9a00000 size 2097152 ipcDesc 0x7f54e001cc10
n232-194-226:162965:162991 [0] NCCL INFO proxyProgressAsync opId=0x7f54d2a62000 op.type=3 op.reqBuff=0x7f54e001f8f0 op.respSize=80 done
n232-194-226:162965:162995 [0] NCCL INFO ncclPollProxyResponse Received new opId=0x7f54d2a62000
n232-194-226:162965:162995 [0] NCCL INFO recvOpId=0x7f54d2a62000 matches expected opId=0x7f54d2a62000
n232-194-226:162965:162991 [0] NCCL INFO Received and initiated operation=Setup res=0
n232-194-226:162965:162995 [0] NCCL INFO Channel 02/1 : 0[0] -> 1[1] via P2P/IPC
n232-194-226:162965:162991 [0] NCCL INFO New proxy send connection 35 from local rank 0, transport 0
n232-194-226:162965:162991 [0] NCCL INFO proxyProgressAsync opId=0x7f54d2a62000 op.type=1 op.reqBuff=0x7f54e001f8f0 op.respSize=16 done
n232-194-226:162965:162995 [0] NCCL INFO ncclPollProxyResponse Received new opId=0x7f54d2a62000
n232-194-226:162965:162991 [0] NCCL INFO Received and initiated operation=Init res=0
n232-194-226:162965:162995 [0] NCCL INFO recvOpId=0x7f54d2a62000 matches expected opId=0x7f54d2a62000
n232-194-226:162965:162995 [0] NCCL INFO Connection to proxy localRank 0 -> connection 0x7f54e0003c50
n232-194-226:162966:162990 [1] NCCL INFO transport/p2p.cc:204 Cuda Alloc Size 10485760 pointer 0x7f18b8a00000
n232-194-226:162966:162990 [1] NCCL INFO Allocated shareable buffer 0x7f18b8a00000 size 10485760 ipcDesc 0x7f18d001cc00
n232-194-226:162966:162990 [1] NCCL INFO proxyProgressAsync opId=0x7f18daa62000 op.type=3 op.reqBuff=0x7f18d001f8e0 op.respSize=80 done
n232-194-226:162966:162994 [1] NCCL INFO ncclPollProxyResponse Received new opId=0x7f18daa62000
n232-194-226:162966:162994 [1] NCCL INFO recvOpId=0x7f18daa62000 matches expected opId=0x7f18daa62000
n232-194-226:162966:162990 [1] NCCL INFO Received and initiated operation=Setup res=0
n232-194-226:162966:162990 [1] NCCL INFO New proxy recv connection 35 from local rank 1, transport 0
n232-194-226:162966:162990 [1] NCCL INFO proxyProgressAsync opId=0x7f18daa62000 op.type=1 op.reqBuff=0x7f18d001f8e0 op.respSize=16 done
n232-194-226:162966:162994 [1] NCCL INFO ncclPollProxyResponse Received new opId=0x7f18daa62000
n232-194-226:162966:162994 [1] NCCL INFO recvOpId=0x7f18daa62000 matches expected opId=0x7f18daa62000
n232-194-226:162966:162990 [1] NCCL INFO Received and initiated operation=Init res=0
n232-194-226:162966:162994 [1] NCCL INFO Connection to proxy localRank 1 -> connection 0x7f18d0003c40
n232-194-226:162965:162991 [0] NCCL INFO transport/p2p.cc:204 Cuda Alloc Size 2097152 pointer 0x7f54c9c00000
n232-194-226:162965:162991 [0] NCCL INFO Allocated shareable buffer 0x7f54c9c00000 size 2097152 ipcDesc 0x7f54e001cc10
n232-194-226:162965:162991 [0] NCCL INFO proxyProgressAsync opId=0x7f54d2a62000 op.type=3 op.reqBuff=0x7f54e001f930 op.respSize=80 done
n232-194-226:162965:162995 [0] NCCL INFO ncclPollProxyResponse Received new opId=0x7f54d2a62000
n232-194-226:162965:162995 [0] NCCL INFO recvOpId=0x7f54d2a62000 matches expected opId=0x7f54d2a62000
n232-194-226:162965:162991 [0] NCCL INFO Received and initiated operation=Setup res=0
n232-194-226:162965:162995 [0] NCCL INFO Channel 03/1 : 0[0] -> 1[1] via P2P/IPC
n232-194-226:162965:162991 [0] NCCL INFO New proxy send connection 36 from local rank 0, transport 0
n232-194-226:162965:162991 [0] NCCL INFO proxyProgressAsync opId=0x7f54d2a62000 op.type=1 op.reqBuff=0x7f54e001f930 op.respSize=16 done
n232-194-226:162965:162995 [0] NCCL INFO ncclPollProxyResponse Received new opId=0x7f54d2a62000
n232-194-226:162965:162991 [0] NCCL INFO Received and initiated operation=Init res=0
n232-194-226:162965:162995 [0] NCCL INFO recvOpId=0x7f54d2a62000 matches expected opId=0x7f54d2a62000
n232-194-226:162965:162995 [0] NCCL INFO Connection to proxy localRank 0 -> connection 0x7f54e0003ca0
n232-194-226:162966:162990 [1] NCCL INFO transport/p2p.cc:204 Cuda Alloc Size 10485760 pointer 0x7f18b9400000
n232-194-226:162966:162990 [1] NCCL INFO Allocated shareable buffer 0x7f18b9400000 size 10485760 ipcDesc 0x7f18d001cc00
n232-194-226:162966:162990 [1] NCCL INFO proxyProgressAsync opId=0x7f18daa62000 op.type=3 op.reqBuff=0x7f18d001f920 op.respSize=80 done
n232-194-226:162966:162994 [1] NCCL INFO ncclPollProxyResponse Received new opId=0x7f18daa62000
n232-194-226:162966:162990 [1] NCCL INFO Received and initiated operation=Setup res=0
n232-194-226:162966:162994 [1] NCCL INFO recvOpId=0x7f18daa62000 matches expected opId=0x7f18daa62000
n232-194-226:162965:162991 [0] NCCL INFO transport/p2p.cc:204 Cuda Alloc Size 2097152 pointer 0x7f54c9e00000
n232-194-226:162965:162991 [0] NCCL INFO Allocated shareable buffer 0x7f54c9e00000 size 2097152 ipcDesc 0x7f54e001cc10
n232-194-226:162965:162991 [0] NCCL INFO proxyProgressAsync opId=0x7f54d2a62000 op.type=3 op.reqBuff=0x7f54e00210b0 op.respSize=80 done
n232-194-226:162965:162995 [0] NCCL INFO ncclPollProxyResponse Received new opId=0x7f54d2a62000
n232-194-226:162965:162991 [0] NCCL INFO Received and initiated operation=Setup res=0
n232-194-226:162966:162990 [1] NCCL INFO New proxy recv connection 36 from local rank 1, transport 0
n232-194-226:162966:162990 [1] NCCL INFO proxyProgressAsync opId=0x7f18daa62000 op.type=1 op.reqBuff=0x7f18d001f920 op.respSize=16 done
n232-194-226:162965:162995 [0] NCCL INFO recvOpId=0x7f54d2a62000 matches expected opId=0x7f54d2a62000
n232-194-226:162966:162994 [1] NCCL INFO ncclPollProxyResponse Received new opId=0x7f18daa62000
n232-194-226:162965:162995 [0] NCCL INFO Channel 04/1 : 0[0] -> 1[1] via P2P/IPC
n232-194-226:162966:162994 [1] NCCL INFO recvOpId=0x7f18daa62000 matches expected opId=0x7f18daa62000
n232-194-226:162966:162990 [1] NCCL INFO Received and initiated operation=Init res=0
n232-194-226:162965:162991 [0] NCCL INFO New proxy send connection 37 from local rank 0, transport 0
n232-194-226:162965:162991 [0] NCCL INFO proxyProgressAsync opId=0x7f54d2a62000 op.type=1 op.reqBuff=0x7f54e00210b0 op.respSize=16 done
n232-194-226:162965:162995 [0] NCCL INFO ncclPollProxyResponse Received new opId=0x7f54d2a62000
n232-194-226:162965:162991 [0] NCCL INFO Received and initiated operation=Init res=0
n232-194-226:162966:162994 [1] NCCL INFO Connection to proxy localRank 1 -> connection 0x7f18d0003c90
n232-194-226:162965:162995 [0] NCCL INFO recvOpId=0x7f54d2a62000 matches expected opId=0x7f54d2a62000
n232-194-226:162965:162995 [0] NCCL INFO Connection to proxy localRank 0 -> connection 0x7f54e0003cf0
n232-194-226:162965:162991 [0] NCCL INFO transport/p2p.cc:204 Cuda Alloc Size 2097152 pointer 0x7f54cb800000
n232-194-226:162965:162991 [0] NCCL INFO Allocated shareable buffer 0x7f54cb800000 size 2097152 ipcDesc 0x7f54e001cc10
n232-194-226:162965:162991 [0] NCCL INFO proxyProgressAsync opId=0x7f54d2a62000 op.type=3 op.reqBuff=0x7f54e00210f0 op.respSize=80 done
n232-194-226:162965:162995 [0] NCCL INFO ncclPollProxyResponse Received new opId=0x7f54d2a62000
n232-194-226:162965:162995 [0] NCCL INFO recvOpId=0x7f54d2a62000 matches expected opId=0x7f54d2a62000
n232-194-226:162965:162991 [0] NCCL INFO Received and initiated operation=Setup res=0
n232-194-226:162966:162990 [1] NCCL INFO transport/p2p.cc:204 Cuda Alloc Size 10485760 pointer 0x7f18b6000000
n232-194-226:162965:162995 [0] NCCL INFO Channel 05/1 : 0[0] -> 1[1] via P2P/IPC
n232-194-226:162966:162990 [1] NCCL INFO Allocated shareable buffer 0x7f18b6000000 size 10485760 ipcDesc 0x7f18d001cc00
n232-194-226:162966:162990 [1] NCCL INFO proxyProgressAsync opId=0x7f18daa62000 op.type=3 op.reqBuff=0x7f18d0021450 op.respSize=80 done
n232-194-226:162966:162994 [1] NCCL INFO ncclPollProxyResponse Received new opId=0x7f18daa62000
n232-194-226:162966:162990 [1] NCCL INFO Received and initiated operation=Setup res=0
n232-194-226:162966:162994 [1] NCCL INFO recvOpId=0x7f18daa62000 matches expected opId=0x7f18daa62000
n232-194-226:162965:162991 [0] NCCL INFO New proxy send connection 38 from local rank 0, transport 0
n232-194-226:162965:162991 [0] NCCL INFO proxyProgressAsync opId=0x7f54d2a62000 op.type=1 op.reqBuff=0x7f54e00210f0 op.respSize=16 done
n232-194-226:162965:162995 [0] NCCL INFO ncclPollProxyResponse Received new opId=0x7f54d2a62000
n232-194-226:162965:162991 [0] NCCL INFO Received and initiated operation=Init res=0
n232-194-226:162965:162995 [0] NCCL INFO recvOpId=0x7f54d2a62000 matches expected opId=0x7f54d2a62000
n232-194-226:162965:162995 [0] NCCL INFO Connection to proxy localRank 0 -> connection 0x7f54e0003d40
n232-194-226:162966:162990 [1] NCCL INFO New proxy recv connection 37 from local rank 1, transport 0
n232-194-226:162966:162990 [1] NCCL INFO proxyProgressAsync opId=0x7f18daa62000 op.type=1 op.reqBuff=0x7f18d0021450 op.respSize=16 done
n232-194-226:162966:162994 [1] NCCL INFO ncclPollProxyResponse Received new opId=0x7f18daa62000
n232-194-226:162966:162994 [1] NCCL INFO recvOpId=0x7f18daa62000 matches expected opId=0x7f18daa62000
n232-194-226:162966:162990 [1] NCCL INFO Received and initiated operation=Init res=0
n232-194-226:162966:162994 [1] NCCL INFO Connection to proxy localRank 1 -> connection 0x7f18d0003ce0
n232-194-226:162965:162991 [0] NCCL INFO transport/p2p.cc:204 Cuda Alloc Size 2097152 pointer 0x7f54cba00000
n232-194-226:162965:162991 [0] NCCL INFO Allocated shareable buffer 0x7f54cba00000 size 2097152 ipcDesc 0x7f54e001cc10
n232-194-226:162965:162991 [0] NCCL INFO proxyProgressAsync opId=0x7f54d2a62000 op.type=3 op.reqBuff=0x7f54e00225f0 op.respSize=80 done
n232-194-226:162965:162995 [0] NCCL INFO ncclPollProxyResponse Received new opId=0x7f54d2a62000
n232-194-226:162965:162995 [0] NCCL INFO recvOpId=0x7f54d2a62000 matches expected opId=0x7f54d2a62000
n232-194-226:162965:162991 [0] NCCL INFO Received and initiated operation=Setup res=0
n232-194-226:162965:162995 [0] NCCL INFO Channel 06/1 : 0[0] -> 1[1] via P2P/IPC
n232-194-226:162966:162990 [1] NCCL INFO transport/p2p.cc:204 Cuda Alloc Size 10485760 pointer 0x7f18b6a00000
n232-194-226:162966:162990 [1] NCCL INFO Allocated shareable buffer 0x7f18b6a00000 size 10485760 ipcDesc 0x7f18d001cc00
n232-194-226:162966:162990 [1] NCCL INFO proxyProgressAsync opId=0x7f18daa62000 op.type=3 op.reqBuff=0x7f18d0021490 op.respSize=80 done
n232-194-226:162965:162991 [0] NCCL INFO New proxy send connection 39 from local rank 0, transport 0
n232-194-226:162965:162991 [0] NCCL INFO proxyProgressAsync opId=0x7f54d2a62000 op.type=1 op.reqBuff=0x7f54e00225f0 op.respSize=16 done
n232-194-226:162966:162994 [1] NCCL INFO ncclPollProxyResponse Received new opId=0x7f18daa62000
n232-194-226:162965:162995 [0] NCCL INFO ncclPollProxyResponse Received new opId=0x7f54d2a62000
n232-194-226:162966:162990 [1] NCCL INFO Received and initiated operation=Setup res=0
n232-194-226:162965:162991 [0] NCCL INFO Received and initiated operation=Init res=0
n232-194-226:162966:162994 [1] NCCL INFO recvOpId=0x7f18daa62000 matches expected opId=0x7f18daa62000
n232-194-226:162965:162995 [0] NCCL INFO recvOpId=0x7f54d2a62000 matches expected opId=0x7f54d2a62000
n232-194-226:162965:162995 [0] NCCL INFO Connection to proxy localRank 0 -> connection 0x7f54e0003d90
n232-194-226:162966:162990 [1] NCCL INFO New proxy recv connection 38 from local rank 1, transport 0
n232-194-226:162966:162990 [1] NCCL INFO proxyProgressAsync opId=0x7f18daa62000 op.type=1 op.reqBuff=0x7f18d0021490 op.respSize=16 done
n232-194-226:162966:162994 [1] NCCL INFO ncclPollProxyResponse Received new opId=0x7f18daa62000
n232-194-226:162966:162994 [1] NCCL INFO recvOpId=0x7f18daa62000 matches expected opId=0x7f18daa62000
n232-194-226:162966:162994 [1] NCCL INFO Connection to proxy localRank 1 -> connection 0x7f18d0003d30
n232-194-226:162966:162990 [1] NCCL INFO Received and initiated operation=Init res=0
n232-194-226:162965:162991 [0] NCCL INFO transport/p2p.cc:204 Cuda Alloc Size 2097152 pointer 0x7f54cbc00000
n232-194-226:162965:162991 [0] NCCL INFO Allocated shareable buffer 0x7f54cbc00000 size 2097152 ipcDesc 0x7f54e001cc10
n232-194-226:162965:162991 [0] NCCL INFO proxyProgressAsync opId=0x7f54d2a62000 op.type=3 op.reqBuff=0x7f54e0022630 op.respSize=80 done
n232-194-226:162965:162995 [0] NCCL INFO ncclPollProxyResponse Received new opId=0x7f54d2a62000
n232-194-226:162965:162995 [0] NCCL INFO recvOpId=0x7f54d2a62000 matches expected opId=0x7f54d2a62000
n232-194-226:162965:162991 [0] NCCL INFO Received and initiated operation=Setup res=0
n232-194-226:162965:162995 [0] NCCL INFO Channel 07/1 : 0[0] -> 1[1] via P2P/IPC
n232-194-226:162965:162991 [0] NCCL INFO New proxy send connection 40 from local rank 0, transport 0
n232-194-226:162965:162991 [0] NCCL INFO proxyProgressAsync opId=0x7f54d2a62000 op.type=1 op.reqBuff=0x7f54e0022630 op.respSize=16 done
n232-194-226:162966:162990 [1] NCCL INFO transport/p2p.cc:204 Cuda Alloc Size 10485760 pointer 0x7f18b7400000
n232-194-226:162965:162995 [0] NCCL INFO ncclPollProxyResponse Received new opId=0x7f54d2a62000
n232-194-226:162966:162990 [1] NCCL INFO Allocated shareable buffer 0x7f18b7400000 size 10485760 ipcDesc 0x7f18d001cc00
n232-194-226:162966:162990 [1] NCCL INFO proxyProgressAsync opId=0x7f18daa62000 op.type=3 op.reqBuff=0x7f18d0022fd0 op.respSize=80 done
n232-194-226:162965:162995 [0] NCCL INFO recvOpId=0x7f54d2a62000 matches expected opId=0x7f54d2a62000
n232-194-226:162965:162991 [0] NCCL INFO Received and initiated operation=Init res=0
n232-194-226:162965:162995 [0] NCCL INFO Connection to proxy localRank 0 -> connection 0x7f54e0003de0
n232-194-226:162966:162994 [1] NCCL INFO ncclPollProxyResponse Received new opId=0x7f18daa62000
n232-194-226:162966:162994 [1] NCCL INFO recvOpId=0x7f18daa62000 matches expected opId=0x7f18daa62000
n232-194-226:162966:162990 [1] NCCL INFO Received and initiated operation=Setup res=0
n232-194-226:162966:162990 [1] NCCL INFO New proxy recv connection 39 from local rank 1, transport 0
n232-194-226:162966:162990 [1] NCCL INFO proxyProgressAsync opId=0x7f18daa62000 op.type=1 op.reqBuff=0x7f18d0022fd0 op.respSize=16 done
n232-194-226:162966:162994 [1] NCCL INFO ncclPollProxyResponse Received new opId=0x7f18daa62000
n232-194-226:162966:162990 [1] NCCL INFO Received and initiated operation=Init res=0
n232-194-226:162966:162994 [1] NCCL INFO recvOpId=0x7f18daa62000 matches expected opId=0x7f18daa62000
n232-194-226:162966:162994 [1] NCCL INFO Connection to proxy localRank 1 -> connection 0x7f18d0003d80
n232-194-226:162965:162991 [0] NCCL INFO transport/p2p.cc:204 Cuda Alloc Size 2097152 pointer 0x7f54cbe00000
n232-194-226:162965:162991 [0] NCCL INFO Allocated shareable buffer 0x7f54cbe00000 size 2097152 ipcDesc 0x7f54e001cc10
n232-194-226:162965:162991 [0] NCCL INFO proxyProgressAsync opId=0x7f54d2a62000 op.type=3 op.reqBuff=0x7f54e0023db0 op.respSize=80 done
n232-194-226:162965:162995 [0] NCCL INFO ncclPollProxyResponse Received new opId=0x7f54d2a62000
n232-194-226:162965:162995 [0] NCCL INFO recvOpId=0x7f54d2a62000 matches expected opId=0x7f54d2a62000
n232-194-226:162965:162991 [0] NCCL INFO Received and initiated operation=Setup res=0
n232-194-226:162965:162995 [0] NCCL INFO Channel 08/1 : 0[0] -> 1[1] via P2P/IPC
n232-194-226:162965:162991 [0] NCCL INFO New proxy send connection 41 from local rank 0, transport 0
n232-194-226:162966:162990 [1] NCCL INFO transport/p2p.cc:204 Cuda Alloc Size 10485760 pointer 0x7f18b4000000
