n232-194-226:162966:162997 [1] NCCL INFO ncclPollProxyResponse Received new opId=0x7f18dabba250
n232-194-226:162966:162997 [1] NCCL INFO recvOpId=0x7f18dabba250 matches expected opId=0x7f18dabba250
n232-194-226:162966:162990 [1] NCCL INFO Received and initiated operation=Init res=0
n232-194-226:162966:162997 [1] NCCL INFO Connection to proxy localRank 1 -> connection 0x7f18d0004320
n232-194-226:162965:162991 [0] NCCL INFO transport/p2p.cc:204 Cuda Alloc Size 10485760 pointer 0x7f54ebc00000
n232-194-226:162965:162991 [0] NCCL INFO Allocated shareable buffer 0x7f54ebc00000 size 10485760 ipcDesc 0x7f54e001cc10
n232-194-226:162965:162991 [0] NCCL INFO proxyProgressAsync opId=0x7f54d2a8c000 op.type=3 op.reqBuff=0x7f54e0030e70 op.respSize=80 done
n232-194-226:162965:162996 [0] NCCL INFO ncclPollProxyResponse Received new opId=0x7f54d2a8c000
n232-194-226:162965:162991 [0] NCCL INFO Received and initiated operation=Setup res=0
n232-194-226:162965:162996 [0] NCCL INFO recvOpId=0x7f54d2a8c000 matches expected opId=0x7f54d2a8c000
n232-194-226:162965:162991 [0] NCCL INFO New proxy recv connection 59 from local rank 0, transport 0
n232-194-226:162965:162991 [0] NCCL INFO proxyProgressAsync opId=0x7f54d2a8c000 op.type=1 op.reqBuff=0x7f54e0030e70 op.respSize=16 done
n232-194-226:162965:162996 [0] NCCL INFO ncclPollProxyResponse Received new opId=0x7f54d2a8c000
n232-194-226:162966:162990 [1] NCCL INFO transport/p2p.cc:204 Cuda Alloc Size 2097152 pointer 0x7f18cbe00000
n232-194-226:162965:162991 [0] NCCL INFO Received and initiated operation=Init res=0
n232-194-226:162966:162990 [1] NCCL INFO Allocated shareable buffer 0x7f18cbe00000 size 2097152 ipcDesc 0x7f18d001cc00
n232-194-226:162966:162990 [1] NCCL INFO proxyProgressAsync opId=0x7f18dabba250 op.type=3 op.reqBuff=0x7f18d0031340 op.respSize=80 done
n232-194-226:162965:162996 [0] NCCL INFO recvOpId=0x7f54d2a8c000 matches expected opId=0x7f54d2a8c000
n232-194-226:162965:162996 [0] NCCL INFO Connection to proxy localRank 0 -> connection 0x7f54e00043d0
n232-194-226:162966:162997 [1] NCCL INFO ncclPollProxyResponse Received new opId=0x7f18dabba250
n232-194-226:162966:162990 [1] NCCL INFO Received and initiated operation=Setup res=0
n232-194-226:162966:162997 [1] NCCL INFO recvOpId=0x7f18dabba250 matches expected opId=0x7f18dabba250
n232-194-226:162966:162997 [1] NCCL INFO Channel 09/1 : 1[1] -> 0[0] via P2P/IPC
n232-194-226:162966:162990 [1] NCCL INFO New proxy send connection 58 from local rank 1, transport 0
n232-194-226:162966:162990 [1] NCCL INFO proxyProgressAsync opId=0x7f18dabba250 op.type=1 op.reqBuff=0x7f18d0031340 op.respSize=16 done
n232-194-226:162966:162997 [1] NCCL INFO ncclPollProxyResponse Received new opId=0x7f18dabba250
n232-194-226:162966:162997 [1] NCCL INFO recvOpId=0x7f18dabba250 matches expected opId=0x7f18dabba250
n232-194-226:162966:162990 [1] NCCL INFO Received and initiated operation=Init res=0
n232-194-226:162966:162997 [1] NCCL INFO Connection to proxy localRank 1 -> connection 0x7f18d0004370
n232-194-226:162965:162991 [0] NCCL INFO transport/p2p.cc:204 Cuda Alloc Size 10485760 pointer 0x7f54ec600000
n232-194-226:162965:162991 [0] NCCL INFO Allocated shareable buffer 0x7f54ec600000 size 10485760 ipcDesc 0x7f54e001cc10
n232-194-226:162965:162991 [0] NCCL INFO proxyProgressAsync opId=0x7f54d2a8c000 op.type=3 op.reqBuff=0x7f54e0030eb0 op.respSize=80 done
n232-194-226:162965:162996 [0] NCCL INFO ncclPollProxyResponse Received new opId=0x7f54d2a8c000
n232-194-226:162965:162991 [0] NCCL INFO Received and initiated operation=Setup res=0
n232-194-226:162965:162996 [0] NCCL INFO recvOpId=0x7f54d2a8c000 matches expected opId=0x7f54d2a8c000
n232-194-226:162965:162991 [0] NCCL INFO New proxy recv connection 60 from local rank 0, transport 0
n232-194-226:162965:162991 [0] NCCL INFO proxyProgressAsync opId=0x7f54d2a8c000 op.type=1 op.reqBuff=0x7f54e0030eb0 op.respSize=16 done
n232-194-226:162965:162996 [0] NCCL INFO ncclPollProxyResponse Received new opId=0x7f54d2a8c000
n232-194-226:162966:162990 [1] NCCL INFO transport/p2p.cc:204 Cuda Alloc Size 2097152 pointer 0x7f18cd800000
n232-194-226:162965:162991 [0] NCCL INFO Received and initiated operation=Init res=0
n232-194-226:162966:162990 [1] NCCL INFO Allocated shareable buffer 0x7f18cd800000 size 2097152 ipcDesc 0x7f18d001cc00
n232-194-226:162965:162996 [0] NCCL INFO recvOpId=0x7f54d2a8c000 matches expected opId=0x7f54d2a8c000
n232-194-226:162966:162990 [1] NCCL INFO proxyProgressAsync opId=0x7f18dabba250 op.type=3 op.reqBuff=0x7f18d0032ac0 op.respSize=80 done
n232-194-226:162965:162996 [0] NCCL INFO Connection to proxy localRank 0 -> connection 0x7f54e0004420
n232-194-226:162966:162997 [1] NCCL INFO ncclPollProxyResponse Received new opId=0x7f18dabba250
n232-194-226:162966:162997 [1] NCCL INFO recvOpId=0x7f18dabba250 matches expected opId=0x7f18dabba250
n232-194-226:162966:162990 [1] NCCL INFO Received and initiated operation=Setup res=0
n232-194-226:162966:162997 [1] NCCL INFO Channel 10/1 : 1[1] -> 0[0] via P2P/IPC
n232-194-226:162966:162990 [1] NCCL INFO New proxy send connection 59 from local rank 1, transport 0
n232-194-226:162966:162990 [1] NCCL INFO proxyProgressAsync opId=0x7f18dabba250 op.type=1 op.reqBuff=0x7f18d0032ac0 op.respSize=16 done
n232-194-226:162966:162997 [1] NCCL INFO ncclPollProxyResponse Received new opId=0x7f18dabba250
n232-194-226:162966:162990 [1] NCCL INFO Received and initiated operation=Init res=0
n232-194-226:162966:162997 [1] NCCL INFO recvOpId=0x7f18dabba250 matches expected opId=0x7f18dabba250
n232-194-226:162966:162997 [1] NCCL INFO Connection to proxy localRank 1 -> connection 0x7f18d00043c0
n232-194-226:162965:162991 [0] NCCL INFO transport/p2p.cc:204 Cuda Alloc Size 10485760 pointer 0x7f54ed000000
n232-194-226:162965:162991 [0] NCCL INFO Allocated shareable buffer 0x7f54ed000000 size 10485760 ipcDesc 0x7f54e001cc10
n232-194-226:162965:162991 [0] NCCL INFO proxyProgressAsync opId=0x7f54d2a8c000 op.type=3 op.reqBuff=0x7f54e0032630 op.respSize=80 done
n232-194-226:162965:162996 [0] NCCL INFO ncclPollProxyResponse Received new opId=0x7f54d2a8c000
n232-194-226:162965:162991 [0] NCCL INFO Received and initiated operation=Setup res=0
n232-194-226:162965:162996 [0] NCCL INFO recvOpId=0x7f54d2a8c000 matches expected opId=0x7f54d2a8c000
n232-194-226:162965:162991 [0] NCCL INFO New proxy recv connection 61 from local rank 0, transport 0
n232-194-226:162965:162991 [0] NCCL INFO proxyProgressAsync opId=0x7f54d2a8c000 op.type=1 op.reqBuff=0x7f54e0032630 op.respSize=16 done
n232-194-226:162965:162996 [0] NCCL INFO ncclPollProxyResponse Received new opId=0x7f54d2a8c000
n232-194-226:162966:162990 [1] NCCL INFO transport/p2p.cc:204 Cuda Alloc Size 2097152 pointer 0x7f18cda00000
n232-194-226:162966:162990 [1] NCCL INFO Allocated shareable buffer 0x7f18cda00000 size 2097152 ipcDesc 0x7f18d001cc00
n232-194-226:162965:162996 [0] NCCL INFO recvOpId=0x7f54d2a8c000 matches expected opId=0x7f54d2a8c000
n232-194-226:162966:162990 [1] NCCL INFO proxyProgressAsync opId=0x7f18dabba250 op.type=3 op.reqBuff=0x7f18d0032b00 op.respSize=80 done
n232-194-226:162965:162991 [0] NCCL INFO Received and initiated operation=Init res=0
n232-194-226:162966:162997 [1] NCCL INFO ncclPollProxyResponse Received new opId=0x7f18dabba250
n232-194-226:162966:162997 [1] NCCL INFO recvOpId=0x7f18dabba250 matches expected opId=0x7f18dabba250
n232-194-226:162966:162990 [1] NCCL INFO Received and initiated operation=Setup res=0
n232-194-226:162965:162996 [0] NCCL INFO Connection to proxy localRank 0 -> connection 0x7f54e0004470
n232-194-226:162966:162997 [1] NCCL INFO Channel 11/1 : 1[1] -> 0[0] via P2P/IPC
n232-194-226:162966:162990 [1] NCCL INFO New proxy send connection 60 from local rank 1, transport 0
n232-194-226:162966:162990 [1] NCCL INFO proxyProgressAsync opId=0x7f18dabba250 op.type=1 op.reqBuff=0x7f18d0032b00 op.respSize=16 done
n232-194-226:162966:162997 [1] NCCL INFO ncclPollProxyResponse Received new opId=0x7f18dabba250
n232-194-226:162966:162997 [1] NCCL INFO recvOpId=0x7f18dabba250 matches expected opId=0x7f18dabba250
n232-194-226:162966:162990 [1] NCCL INFO Received and initiated operation=Init res=0
n232-194-226:162966:162997 [1] NCCL INFO Connection to proxy localRank 1 -> connection 0x7f18d0004410
n232-194-226:162965:162991 [0] NCCL INFO transport/p2p.cc:204 Cuda Alloc Size 10485760 pointer 0x7f54eda00000
n232-194-226:162965:162991 [0] NCCL INFO Allocated shareable buffer 0x7f54eda00000 size 10485760 ipcDesc 0x7f54e001cc10
n232-194-226:162965:162991 [0] NCCL INFO proxyProgressAsync opId=0x7f54d2a8c000 op.type=3 op.reqBuff=0x7f54e0032670 op.respSize=80 done
n232-194-226:162965:162996 [0] NCCL INFO ncclPollProxyResponse Received new opId=0x7f54d2a8c000
n232-194-226:162965:162991 [0] NCCL INFO Received and initiated operation=Setup res=0
n232-194-226:162965:162996 [0] NCCL INFO recvOpId=0x7f54d2a8c000 matches expected opId=0x7f54d2a8c000
n232-194-226:162965:162991 [0] NCCL INFO New proxy recv connection 62 from local rank 0, transport 0
n232-194-226:162965:162991 [0] NCCL INFO proxyProgressAsync opId=0x7f54d2a8c000 op.type=1 op.reqBuff=0x7f54e0032670 op.respSize=16 done
n232-194-226:162965:162996 [0] NCCL INFO ncclPollProxyResponse Received new opId=0x7f54d2a8c000
n232-194-226:162966:162990 [1] NCCL INFO transport/p2p.cc:204 Cuda Alloc Size 2097152 pointer 0x7f18cdc00000
n232-194-226:162966:162990 [1] NCCL INFO Allocated shareable buffer 0x7f18cdc00000 size 2097152 ipcDesc 0x7f18d001cc00
n232-194-226:162965:162996 [0] NCCL INFO recvOpId=0x7f54d2a8c000 matches expected opId=0x7f54d2a8c000
n232-194-226:162966:162990 [1] NCCL INFO proxyProgressAsync opId=0x7f18dabba250 op.type=3 op.reqBuff=0x7f18d0034000 op.respSize=80 done
n232-194-226:162965:162996 [0] NCCL INFO Connection to proxy localRank 0 -> connection 0x7f54e00044c0
n232-194-226:162965:162991 [0] NCCL INFO Received and initiated operation=Init res=0
n232-194-226:162966:162997 [1] NCCL INFO ncclPollProxyResponse Received new opId=0x7f18dabba250
n232-194-226:162966:162997 [1] NCCL INFO recvOpId=0x7f18dabba250 matches expected opId=0x7f18dabba250
n232-194-226:162966:162990 [1] NCCL INFO Received and initiated operation=Setup res=0
n232-194-226:162966:162997 [1] NCCL INFO Channel 12/1 : 1[1] -> 0[0] via P2P/IPC
n232-194-226:162966:162990 [1] NCCL INFO New proxy send connection 61 from local rank 1, transport 0
n232-194-226:162966:162990 [1] NCCL INFO proxyProgressAsync opId=0x7f18dabba250 op.type=1 op.reqBuff=0x7f18d0034000 op.respSize=16 done
n232-194-226:162966:162997 [1] NCCL INFO ncclPollProxyResponse Received new opId=0x7f18dabba250
n232-194-226:162966:162997 [1] NCCL INFO recvOpId=0x7f18dabba250 matches expected opId=0x7f18dabba250
n232-194-226:162966:162990 [1] NCCL INFO Received and initiated operation=Init res=0
n232-194-226:162966:162997 [1] NCCL INFO Connection to proxy localRank 1 -> connection 0x7f18d0004460
n232-194-226:162965:162991 [0] NCCL INFO transport/p2p.cc:204 Cuda Alloc Size 10485760 pointer 0x7f54ee400000
n232-194-226:162965:162991 [0] NCCL INFO Allocated shareable buffer 0x7f54ee400000 size 10485760 ipcDesc 0x7f54e001cc10
n232-194-226:162965:162991 [0] NCCL INFO proxyProgressAsync opId=0x7f54d2a8c000 op.type=3 op.reqBuff=0x7f54e0033df0 op.respSize=80 done
n232-194-226:162965:162996 [0] NCCL INFO ncclPollProxyResponse Received new opId=0x7f54d2a8c000
n232-194-226:162965:162991 [0] NCCL INFO Received and initiated operation=Setup res=0
n232-194-226:162965:162996 [0] NCCL INFO recvOpId=0x7f54d2a8c000 matches expected opId=0x7f54d2a8c000
n232-194-226:162965:162991 [0] NCCL INFO New proxy recv connection 63 from local rank 0, transport 0
n232-194-226:162965:162991 [0] NCCL INFO proxyProgressAsync opId=0x7f54d2a8c000 op.type=1 op.reqBuff=0x7f54e0033df0 op.respSize=16 done
n232-194-226:162966:162990 [1] NCCL INFO transport/p2p.cc:204 Cuda Alloc Size 2097152 pointer 0x7f18cde00000
n232-194-226:162965:162996 [0] NCCL INFO ncclPollProxyResponse Received new opId=0x7f54d2a8c000
n232-194-226:162966:162990 [1] NCCL INFO Allocated shareable buffer 0x7f18cde00000 size 2097152 ipcDesc 0x7f18d001cc00
n232-194-226:162966:162990 [1] NCCL INFO proxyProgressAsync opId=0x7f18dabba250 op.type=3 op.reqBuff=0x7f18d0034040 op.respSize=80 done
n232-194-226:162965:162991 [0] NCCL INFO Received and initiated operation=Init res=0
n232-194-226:162965:162996 [0] NCCL INFO recvOpId=0x7f54d2a8c000 matches expected opId=0x7f54d2a8c000
n232-194-226:162965:162996 [0] NCCL INFO Connection to proxy localRank 0 -> connection 0x7f54e0004510
n232-194-226:162966:162997 [1] NCCL INFO ncclPollProxyResponse Received new opId=0x7f18dabba250
n232-194-226:162966:162990 [1] NCCL INFO Received and initiated operation=Setup res=0
n232-194-226:162966:162997 [1] NCCL INFO recvOpId=0x7f18dabba250 matches expected opId=0x7f18dabba250
n232-194-226:162966:162997 [1] NCCL INFO Channel 13/1 : 1[1] -> 0[0] via P2P/IPC
n232-194-226:162966:162990 [1] NCCL INFO New proxy send connection 62 from local rank 1, transport 0
n232-194-226:162966:162990 [1] NCCL INFO proxyProgressAsync opId=0x7f18dabba250 op.type=1 op.reqBuff=0x7f18d0034040 op.respSize=16 done
n232-194-226:162966:162997 [1] NCCL INFO ncclPollProxyResponse Received new opId=0x7f18dabba250
n232-194-226:162966:162997 [1] NCCL INFO recvOpId=0x7f18dabba250 matches expected opId=0x7f18dabba250
n232-194-226:162966:162997 [1] NCCL INFO Connection to proxy localRank 1 -> connection 0x7f18d00044b0
n232-194-226:162966:162990 [1] NCCL INFO Received and initiated operation=Init res=0
n232-194-226:162965:162991 [0] NCCL INFO transport/p2p.cc:204 Cuda Alloc Size 10485760 pointer 0x7f54eee00000
n232-194-226:162965:162991 [0] NCCL INFO Allocated shareable buffer 0x7f54eee00000 size 10485760 ipcDesc 0x7f54e001cc10
n232-194-226:162965:162991 [0] NCCL INFO proxyProgressAsync opId=0x7f54d2a8c000 op.type=3 op.reqBuff=0x7f54e0033e30 op.respSize=80 done
n232-194-226:162965:162996 [0] NCCL INFO ncclPollProxyResponse Received new opId=0x7f54d2a8c000
n232-194-226:162965:162996 [0] NCCL INFO recvOpId=0x7f54d2a8c000 matches expected opId=0x7f54d2a8c000
n232-194-226:162965:162991 [0] NCCL INFO Received and initiated operation=Setup res=0
n232-194-226:162965:162991 [0] NCCL INFO New proxy recv connection 64 from local rank 0, transport 0
n232-194-226:162965:162991 [0] NCCL INFO proxyProgressAsync opId=0x7f54d2a8c000 op.type=1 op.reqBuff=0x7f54e0033e30 op.respSize=16 done
n232-194-226:162966:162990 [1] NCCL INFO transport/p2p.cc:204 Cuda Alloc Size 2097152 pointer 0x7f18cf800000
n232-194-226:162965:162996 [0] NCCL INFO ncclPollProxyResponse Received new opId=0x7f54d2a8c000
n232-194-226:162966:162990 [1] NCCL INFO Allocated shareable buffer 0x7f18cf800000 size 2097152 ipcDesc 0x7f18d001cc00
n232-194-226:162966:162990 [1] NCCL INFO proxyProgressAsync opId=0x7f18dabba250 op.type=3 op.reqBuff=0x7f18d00357c0 op.respSize=80 done
n232-194-226:162965:162991 [0] NCCL INFO Received and initiated operation=Init res=0
n232-194-226:162965:162996 [0] NCCL INFO recvOpId=0x7f54d2a8c000 matches expected opId=0x7f54d2a8c000
n232-194-226:162966:162997 [1] NCCL INFO ncclPollProxyResponse Received new opId=0x7f18dabba250
n232-194-226:162965:162996 [0] NCCL INFO Connection to proxy localRank 0 -> connection 0x7f54e0004560
n232-194-226:162966:162997 [1] NCCL INFO recvOpId=0x7f18dabba250 matches expected opId=0x7f18dabba250
n232-194-226:162966:162990 [1] NCCL INFO Received and initiated operation=Setup res=0
n232-194-226:162966:162997 [1] NCCL INFO Channel 14/1 : 1[1] -> 0[0] via P2P/IPC
n232-194-226:162966:162990 [1] NCCL INFO New proxy send connection 63 from local rank 1, transport 0
n232-194-226:162966:162990 [1] NCCL INFO proxyProgressAsync opId=0x7f18dabba250 op.type=1 op.reqBuff=0x7f18d00357c0 op.respSize=16 done
n232-194-226:162966:162997 [1] NCCL INFO ncclPollProxyResponse Received new opId=0x7f18dabba250
n232-194-226:162966:162997 [1] NCCL INFO recvOpId=0x7f18dabba250 matches expected opId=0x7f18dabba250
n232-194-226:162966:162997 [1] NCCL INFO Connection to proxy localRank 1 -> connection 0x7f18d0004500
n232-194-226:162966:162990 [1] NCCL INFO Received and initiated operation=Init res=0
n232-194-226:162965:162991 [0] NCCL INFO transport/p2p.cc:204 Cuda Alloc Size 10485760 pointer 0x7f54ef800000
n232-194-226:162965:162991 [0] NCCL INFO Allocated shareable buffer 0x7f54ef800000 size 10485760 ipcDesc 0x7f54e001cc10
n232-194-226:162965:162991 [0] NCCL INFO proxyProgressAsync opId=0x7f54d2a8c000 op.type=3 op.reqBuff=0x7f54e00355b0 op.respSize=80 done
n232-194-226:162965:162996 [0] NCCL INFO ncclPollProxyResponse Received new opId=0x7f54d2a8c000
n232-194-226:162965:162996 [0] NCCL INFO recvOpId=0x7f54d2a8c000 matches expected opId=0x7f54d2a8c000
n232-194-226:162965:162991 [0] NCCL INFO Received and initiated operation=Setup res=0
n232-194-226:162966:162990 [1] NCCL INFO transport/p2p.cc:204 Cuda Alloc Size 2097152 pointer 0x7f18cfa00000
n232-194-226:162966:162990 [1] NCCL INFO Allocated shareable buffer 0x7f18cfa00000 size 2097152 ipcDesc 0x7f18d001cc00
n232-194-226:162966:162990 [1] NCCL INFO proxyProgressAsync opId=0x7f18dabba250 op.type=3 op.reqBuff=0x7f18d0035800 op.respSize=80 done
n232-194-226:162966:162997 [1] NCCL INFO ncclPollProxyResponse Received new opId=0x7f18dabba250
n232-194-226:162966:162997 [1] NCCL INFO recvOpId=0x7f18dabba250 matches expected opId=0x7f18dabba250
n232-194-226:162966:162990 [1] NCCL INFO Received and initiated operation=Setup res=0
n232-194-226:162966:162997 [1] NCCL INFO Channel 15/1 : 1[1] -> 0[0] via P2P/IPC
n232-194-226:162966:162990 [1] NCCL INFO New proxy send connection 64 from local rank 1, transport 0
n232-194-226:162966:162990 [1] NCCL INFO proxyProgressAsync opId=0x7f18dabba250 op.type=1 op.reqBuff=0x7f18d0035800 op.respSize=16 done
n232-194-226:162966:162997 [1] NCCL INFO ncclPollProxyResponse Received new opId=0x7f18dabba250
n232-194-226:162966:162997 [1] NCCL INFO recvOpId=0x7f18dabba250 matches expected opId=0x7f18dabba250
n232-194-226:162966:162990 [1] NCCL INFO Received and initiated operation=Init res=0
n232-194-226:162966:162997 [1] NCCL INFO Connection to proxy localRank 1 -> connection 0x7f18d0004550
n232-194-226:162966:162990 [1] NCCL INFO transport/p2p.cc:204 Cuda Alloc Size 2097152 pointer 0x7f18cfc00000
n232-194-226:162966:162990 [1] NCCL INFO Allocated shareable buffer 0x7f18cfc00000 size 2097152 ipcDesc 0x7f18d001cc00
n232-194-226:162966:162990 [1] NCCL INFO proxyProgressAsync opId=0x7f18dabba250 op.type=3 op.reqBuff=0x7f18d0036d00 op.respSize=80 done
n232-194-226:162966:162997 [1] NCCL INFO ncclPollProxyResponse Received new opId=0x7f18dabba250
n232-194-226:162966:162990 [1] NCCL INFO Received and initiated operation=Setup res=0
n232-194-226:162966:162997 [1] NCCL INFO recvOpId=0x7f18dabba250 matches expected opId=0x7f18dabba250
n232-194-226:162965:162996 [0] NCCL INFO Imported shareable buffer device 0 size 2097152 ptr 0x7f54ade00000
n232-194-226:162966:162997 [1] NCCL INFO Imported shareable buffer device 1 size 10485760 ptr 0x7f18ec000000
n232-194-226:162965:162996 [0] NCCL INFO Imported shareable buffer device 0 size 2097152 ptr 0x7f54afe00000
n232-194-226:162966:162997 [1] NCCL INFO Imported shareable buffer device 1 size 10485760 ptr 0x7f18eca00000
n232-194-226:162965:162996 [0] NCCL INFO Imported shareable buffer device 0 size 2097152 ptr 0x7f54b1e00000
n232-194-226:162966:162997 [1] NCCL INFO Imported shareable buffer device 1 size 10485760 ptr 0x7f18ed400000
n232-194-226:162965:162996 [0] NCCL INFO Imported shareable buffer device 0 size 2097152 ptr 0x7f54b3e00000
n232-194-226:162966:162997 [1] NCCL INFO Imported shareable buffer device 1 size 10485760 ptr 0x7f18ede00000
n232-194-226:162965:162996 [0] NCCL INFO Imported shareable buffer device 0 size 2097152 ptr 0x7f54b5e00000
n232-194-226:162966:162997 [1] NCCL INFO Imported shareable buffer device 1 size 10485760 ptr 0x7f18ee800000
n232-194-226:162965:162996 [0] NCCL INFO Imported shareable buffer device 0 size 2097152 ptr 0x7f54b7e00000
n232-194-226:162966:162997 [1] NCCL INFO Imported shareable buffer device 1 size 10485760 ptr 0x7f18ef200000
n232-194-226:162965:162996 [0] NCCL INFO Imported shareable buffer device 0 size 2097152 ptr 0x7f54f0200000
n232-194-226:162966:162997 [1] NCCL INFO Imported shareable buffer device 1 size 10485760 ptr 0x7f18efc00000
n232-194-226:162965:162996 [0] NCCL INFO Imported shareable buffer device 0 size 2097152 ptr 0x7f54f0400000
n232-194-226:162966:162997 [1] NCCL INFO Imported shareable buffer device 1 size 10485760 ptr 0x7f18f0600000
n232-194-226:162965:162996 [0] NCCL INFO Imported shareable buffer device 0 size 2097152 ptr 0x7f54f0600000
n232-194-226:162966:162997 [1] NCCL INFO Imported shareable buffer device 1 size 10485760 ptr 0x7f18f1000000
n232-194-226:162965:162996 [0] NCCL INFO Imported shareable buffer device 0 size 2097152 ptr 0x7f54f0800000
n232-194-226:162966:162997 [1] NCCL INFO Imported shareable buffer device 1 size 10485760 ptr 0x7f18f1a00000
n232-194-226:162965:162996 [0] NCCL INFO Imported shareable buffer device 0 size 2097152 ptr 0x7f54f0a00000
n232-194-226:162966:162997 [1] NCCL INFO Imported shareable buffer device 1 size 10485760 ptr 0x7f18f2400000
n232-194-226:162965:162996 [0] NCCL INFO Imported shareable buffer device 0 size 2097152 ptr 0x7f54f0c00000
n232-194-226:162966:162997 [1] NCCL INFO Imported shareable buffer device 1 size 10485760 ptr 0x7f18f2e00000
n232-194-226:162965:162996 [0] NCCL INFO Imported shareable buffer device 0 size 2097152 ptr 0x7f54f0e00000
n232-194-226:162966:162997 [1] NCCL INFO Imported shareable buffer device 1 size 10485760 ptr 0x7f18f3800000
n232-194-226:162965:162996 [0] NCCL INFO Imported shareable buffer device 0 size 2097152 ptr 0x7f54f1000000
n232-194-226:162966:162997 [1] NCCL INFO Imported shareable buffer device 1 size 10485760 ptr 0x7f18f4200000
n232-194-226:162965:162996 [0] NCCL INFO Imported shareable buffer device 0 size 2097152 ptr 0x7f54f1200000
n232-194-226:162966:162997 [1] NCCL INFO Imported shareable buffer device 1 size 10485760 ptr 0x7f18f4c00000
n232-194-226:162965:162996 [0] NCCL INFO Imported shareable buffer device 0 size 2097152 ptr 0x7f54f1400000
n232-194-226:162966:162997 [1] NCCL INFO Imported shareable buffer device 1 size 10485760 ptr 0x7f18f5600000
n232-194-226:162965:162965 [0] NCCL INFO init.cc:1584 Cuda Host Alloc Size 4 pointer 0x7f5507600400
n232-194-226:162966:162966 [1] NCCL INFO init.cc:1584 Cuda Host Alloc Size 4 pointer 0x7f190b600400
n232-194-226:162965:162999 [0] NCCL INFO Using network IB
n232-194-226:162966:163000 [1] NCCL INFO Using network IB
n232-194-226:162966:163000 [1] NCCL INFO comm 0x556fd4ad18d0 rank 1 nranks 2 cudaDev 1 nvmlDev 1 busId 34000 commId 0x6d40172a8b54e0d0 - Init START
n232-194-226:162965:162999 [0] NCCL INFO comm 0x55dc8fbe2890 rank 0 nranks 2 cudaDev 0 nvmlDev 0 busId f000 commId 0x6d40172a8b54e0d0 - Init START
n232-194-226:162966:163000 [1] NCCL INFO NET/IB : GPU Direct RDMA Enabled for HCA 0 'mlx5_2'
n232-194-226:162966:163000 [1] NCCL INFO NET/IB : GPU Direct RDMA Enabled for HCA 1 'mlx5_3'
n232-194-226:162966:163000 [1] NCCL INFO NET/IB : GPU Direct RDMA Enabled for HCA 2 'mlx5_4'
n232-194-226:162965:162999 [0] NCCL INFO NET/IB : GPU Direct RDMA Enabled for HCA 0 'mlx5_2'
n232-194-226:162966:163000 [1] NCCL INFO NET/IB : GPU Direct RDMA Enabled for HCA 3 'mlx5_5'
n232-194-226:162965:162999 [0] NCCL INFO NET/IB : GPU Direct RDMA Enabled for HCA 1 'mlx5_3'
n232-194-226:162966:163000 [1] NCCL INFO NET/IB : GPU Direct RDMA Enabled for HCA 4 'mlx5_6'
n232-194-226:162965:162999 [0] NCCL INFO NET/IB : GPU Direct RDMA Enabled for HCA 2 'mlx5_4'
n232-194-226:162966:163000 [1] NCCL INFO NET/IB : GPU Direct RDMA Enabled for HCA 5 'mlx5_7'
n232-194-226:162965:162999 [0] NCCL INFO NET/IB : GPU Direct RDMA Enabled for HCA 3 'mlx5_5'
n232-194-226:162966:163000 [1] NCCL INFO NET/IB : GPU Direct RDMA Enabled for HCA 6 'mlx5_8'
n232-194-226:162965:162999 [0] NCCL INFO NET/IB : GPU Direct RDMA Enabled for HCA 4 'mlx5_6'
n232-194-226:162965:162999 [0] NCCL INFO NET/IB : GPU Direct RDMA Enabled for HCA 5 'mlx5_7'
n232-194-226:162965:162999 [0] NCCL INFO NET/IB : GPU Direct RDMA Enabled for HCA 6 'mlx5_8'
n232-194-226:162966:163000 [1] NCCL INFO GPU Direct RDMA Disabled for GPU f000 / HCA 0 (distance 6 > 4)
n232-194-226:162966:163000 [1] NCCL INFO GPU Direct RDMA Enabled for GPU 34000 / HCA 0 (distance 3 <= 4), read 0
n232-194-226:162966:163000 [1] NCCL INFO GPU Direct RDMA Disabled for GPU f000 / HCA 1 (distance 6 > 4)
n232-194-226:162966:163000 [1] NCCL INFO GPU Direct RDMA Disabled for GPU 34000 / HCA 1 (distance 6 > 4)
n232-194-226:162966:163000 [1] NCCL INFO GPU Direct RDMA Disabled for GPU f000 / HCA 2 (distance 6 > 4)
n232-194-226:162966:163000 [1] NCCL INFO GPU Direct RDMA Disabled for GPU 34000 / HCA 2 (distance 6 > 4)
n232-194-226:162966:163000 [1] NCCL INFO GPU Direct RDMA Disabled for GPU f000 / HCA 3 (distance 7 > 4)
n232-194-226:162966:163000 [1] NCCL INFO GPU Direct RDMA Disabled for GPU 34000 / HCA 3 (distance 7 > 4)
n232-194-226:162966:163000 [1] NCCL INFO GPU Direct RDMA Disabled for GPU f000 / HCA 4 (distance 7 > 4)
n232-194-226:162966:163000 [1] NCCL INFO GPU Direct RDMA Disabled for GPU 34000 / HCA 4 (distance 7 > 4)
n232-194-226:162966:163000 [1] NCCL INFO GPU Direct RDMA Disabled for GPU f000 / HCA 5 (distance 7 > 4)
n232-194-226:162966:163000 [1] NCCL INFO GPU Direct RDMA Disabled for GPU 34000 / HCA 5 (distance 7 > 4)
n232-194-226:162966:163000 [1] NCCL INFO GPU Direct RDMA Disabled for GPU f000 / HCA 6 (distance 7 > 4)
n232-194-226:162966:163000 [1] NCCL INFO GPU Direct RDMA Disabled for GPU 34000 / HCA 6 (distance 7 > 4)
n232-194-226:162966:163000 [1] NCCL INFO === System : maxBw 160.0 totalBw 160.0 ===
n232-194-226:162966:163000 [1] NCCL INFO CPU/0 (1/1/2)
n232-194-226:162966:163000 [1] NCCL INFO + PCI[48.0] - PCI/C000 (1000c0301000100b)
n232-194-226:162966:163000 [1] NCCL INFO               + PCI[48.0] - GPU/F000 (0)
n232-194-226:162966:163000 [1] NCCL INFO                             + NVL[160.0] - NVS/0
n232-194-226:162966:163000 [1] NCCL INFO + PCI[48.0] - PCI/32000 (1000c0301000100b)
n232-194-226:162966:163000 [1] NCCL INFO               + PCI[48.0] - GPU/34000 (1)
n232-194-226:162966:163000 [1] NCCL INFO                             + NVL[160.0] - NVS/0
n232-194-226:162966:163000 [1] NCCL INFO               + PCI[48.0] - NIC/35000
n232-194-226:162966:163000 [1] NCCL INFO + PCI[48.0] - PCI/45000 (1000c0301000100b)
n232-194-226:162966:163000 [1] NCCL INFO               + PCI[48.0] - NIC/47000
n232-194-226:162966:163000 [1] NCCL INFO + PCI[48.0] - PCI/58000 (1000c0301000100b)
n232-194-226:162966:163000 [1] NCCL INFO               + PCI[48.0] - NIC/5B000
n232-194-226:162966:163000 [1] NCCL INFO + SYS[10.0] - CPU/1
n232-194-226:162966:163000 [1] NCCL INFO CPU/1 (1/1/2)
n232-194-226:162966:163000 [1] NCCL INFO + PCI[48.0] - PCI/84000 (1000c0301000100b)
n232-194-226:162966:163000 [1] NCCL INFO               + PCI[48.0] - NIC/86000
n232-194-226:162966:163000 [1] NCCL INFO + PCI[48.0] - PCI/AC000 (1000c0301000100b)
n232-194-226:162966:163000 [1] NCCL INFO               + PCI[48.0] - NIC/AF000
n232-194-226:162966:163000 [1] NCCL INFO + PCI[48.0] - PCI/C0000 (1000c0301000100b)
n232-194-226:162966:163000 [1] NCCL INFO               + PCI[48.0] - NIC/C3000
n232-194-226:162966:163000 [1] NCCL INFO + PCI[48.0] - PCI/D4000 (1000c0301000100b)
n232-194-226:162966:163000 [1] NCCL INFO               + PCI[48.0] - NIC/D6000
n232-194-226:162966:163000 [1] NCCL INFO + SYS[10.0] - CPU/0
n232-194-226:162966:163000 [1] NCCL INFO ==========================================
n232-194-226:162966:163000 [1] NCCL INFO GPU/F000 :GPU/F000 (0/5000.000000/LOC) GPU/34000 (2/160.000000/NVL) NVS/0 (1/160.000000/NVL) CPU/0 (2/48.000000/PHB) CPU/1 (3/10.000000/SYS) 
n232-194-226:162966:163000 [1] NCCL INFO GPU/34000 :GPU/F000 (2/160.000000/NVL) GPU/34000 (0/5000.000000/LOC) NVS/0 (1/160.000000/NVL) CPU/0 (2/48.000000/PHB) CPU/1 (3/10.000000/SYS) 
n232-194-226:162966:163000 [1] NCCL INFO Setting affinity for GPU 1 to ffff,ffffffff,00000000,0000ffff,ffffffff
n232-194-226:162965:162999 [0] NCCL INFO GPU Direct RDMA Disabled for GPU f000 / HCA 0 (distance 6 > 4)
n232-194-226:162965:162999 [0] NCCL INFO GPU Direct RDMA Enabled for GPU 34000 / HCA 0 (distance 3 <= 4), read 0
n232-194-226:162965:162999 [0] NCCL INFO GPU Direct RDMA Disabled for GPU f000 / HCA 1 (distance 6 > 4)
n232-194-226:162965:162999 [0] NCCL INFO GPU Direct RDMA Disabled for GPU 34000 / HCA 1 (distance 6 > 4)
n232-194-226:162965:162999 [0] NCCL INFO GPU Direct RDMA Disabled for GPU f000 / HCA 2 (distance 6 > 4)
n232-194-226:162965:162999 [0] NCCL INFO GPU Direct RDMA Disabled for GPU 34000 / HCA 2 (distance 6 > 4)
n232-194-226:162965:162999 [0] NCCL INFO GPU Direct RDMA Disabled for GPU f000 / HCA 3 (distance 7 > 4)
n232-194-226:162965:162999 [0] NCCL INFO GPU Direct RDMA Disabled for GPU 34000 / HCA 3 (distance 7 > 4)
n232-194-226:162965:162999 [0] NCCL INFO GPU Direct RDMA Disabled for GPU f000 / HCA 4 (distance 7 > 4)
n232-194-226:162965:162999 [0] NCCL INFO GPU Direct RDMA Disabled for GPU 34000 / HCA 4 (distance 7 > 4)
n232-194-226:162965:162999 [0] NCCL INFO GPU Direct RDMA Disabled for GPU f000 / HCA 5 (distance 7 > 4)
n232-194-226:162965:162999 [0] NCCL INFO GPU Direct RDMA Disabled for GPU 34000 / HCA 5 (distance 7 > 4)
n232-194-226:162965:162999 [0] NCCL INFO GPU Direct RDMA Disabled for GPU f000 / HCA 6 (distance 7 > 4)
n232-194-226:162965:162999 [0] NCCL INFO GPU Direct RDMA Disabled for GPU 34000 / HCA 6 (distance 7 > 4)
n232-194-226:162966:163000 [1] NCCL INFO Pattern 4, crossNic 0, nChannels 8, bw 20.000000/20.000000, type NVL/PIX, sameChannels 1
n232-194-226:162966:163000 [1] NCCL INFO  0 : GPU/0 GPU/1
n232-194-226:162966:163000 [1] NCCL INFO  1 : GPU/0 GPU/1
n232-194-226:162966:163000 [1] NCCL INFO  2 : GPU/0 GPU/1
n232-194-226:162966:163000 [1] NCCL INFO  3 : GPU/0 GPU/1
n232-194-226:162966:163000 [1] NCCL INFO  4 : GPU/0 GPU/1
n232-194-226:162966:163000 [1] NCCL INFO  5 : GPU/0 GPU/1
n232-194-226:162966:163000 [1] NCCL INFO  6 : GPU/0 GPU/1
n232-194-226:162966:163000 [1] NCCL INFO  7 : GPU/0 GPU/1
n232-194-226:162966:163000 [1] NCCL INFO Pattern 1, crossNic 0, nChannels 8, bw 40.000000/40.000000, type NVL/PIX, sameChannels 0
n232-194-226:162966:163000 [1] NCCL INFO  0 : GPU/0 GPU/1
n232-194-226:162965:162999 [0] NCCL INFO === System : maxBw 160.0 totalBw 160.0 ===
n232-194-226:162966:163000 [1] NCCL INFO  1 : GPU/0 GPU/1
n232-194-226:162966:163000 [1] NCCL INFO  2 : GPU/0 GPU/1
n232-194-226:162965:162999 [0] NCCL INFO CPU/0 (1/1/2)
n232-194-226:162966:163000 [1] NCCL INFO  3 : GPU/0 GPU/1
n232-194-226:162966:163000 [1] NCCL INFO  4 : GPU/1 GPU/0
n232-194-226:162965:162999 [0] NCCL INFO + PCI[48.0] - PCI/C000 (1000c0301000100b)
n232-194-226:162966:163000 [1] NCCL INFO  5 : GPU/1 GPU/0
n232-194-226:162965:162999 [0] NCCL INFO               + PCI[48.0] - GPU/F000 (0)
n232-194-226:162966:163000 [1] NCCL INFO  6 : GPU/1 GPU/0
n232-194-226:162966:163000 [1] NCCL INFO  7 : GPU/1 GPU/0
n232-194-226:162965:162999 [0] NCCL INFO                             + NVL[160.0] - NVS/0
n232-194-226:162965:162999 [0] NCCL INFO + PCI[48.0] - PCI/32000 (1000c0301000100b)
n232-194-226:162965:162999 [0] NCCL INFO               + PCI[48.0] - GPU/34000 (1)
n232-194-226:162965:162999 [0] NCCL INFO                             + NVL[160.0] - NVS/0
n232-194-226:162965:162999 [0] NCCL INFO               + PCI[48.0] - NIC/35000
n232-194-226:162965:162999 [0] NCCL INFO + PCI[48.0] - PCI/45000 (1000c0301000100b)
n232-194-226:162965:162999 [0] NCCL INFO               + PCI[48.0] - NIC/47000
n232-194-226:162965:162999 [0] NCCL INFO + PCI[48.0] - PCI/58000 (1000c0301000100b)
n232-194-226:162965:162999 [0] NCCL INFO               + PCI[48.0] - NIC/5B000
n232-194-226:162965:162999 [0] NCCL INFO + SYS[10.0] - CPU/1
n232-194-226:162965:162999 [0] NCCL INFO CPU/1 (1/1/2)
n232-194-226:162965:162999 [0] NCCL INFO + PCI[48.0] - PCI/84000 (1000c0301000100b)
n232-194-226:162965:162999 [0] NCCL INFO               + PCI[48.0] - NIC/86000
n232-194-226:162965:162999 [0] NCCL INFO + PCI[48.0] - PCI/AC000 (1000c0301000100b)
n232-194-226:162965:162999 [0] NCCL INFO               + PCI[48.0] - NIC/AF000
n232-194-226:162965:162999 [0] NCCL INFO + PCI[48.0] - PCI/C0000 (1000c0301000100b)
n232-194-226:162965:162999 [0] NCCL INFO               + PCI[48.0] - NIC/C3000
n232-194-226:162965:162999 [0] NCCL INFO + PCI[48.0] - PCI/D4000 (1000c0301000100b)
n232-194-226:162965:162999 [0] NCCL INFO               + PCI[48.0] - NIC/D6000
n232-194-226:162965:162999 [0] NCCL INFO + SYS[10.0] - CPU/0
n232-194-226:162965:162999 [0] NCCL INFO ==========================================
n232-194-226:162965:162999 [0] NCCL INFO GPU/F000 :GPU/F000 (0/5000.000000/LOC) GPU/34000 (2/160.000000/NVL) NVS/0 (1/160.000000/NVL) CPU/0 (2/48.000000/PHB) CPU/1 (3/10.000000/SYS) 
n232-194-226:162965:162999 [0] NCCL INFO GPU/34000 :GPU/F000 (2/160.000000/NVL) GPU/34000 (0/5000.000000/LOC) NVS/0 (1/160.000000/NVL) CPU/0 (2/48.000000/PHB) CPU/1 (3/10.000000/SYS) 
n232-194-226:162965:162999 [0] NCCL INFO Setting affinity for GPU 0 to ffff,ffffffff,00000000,0000ffff,ffffffff
n232-194-226:162965:162999 [0] NCCL INFO Pattern 4, crossNic 0, nChannels 8, bw 20.000000/20.000000, type NVL/PIX, sameChannels 1
n232-194-226:162965:162999 [0] NCCL INFO  0 : GPU/0 GPU/1
n232-194-226:162965:162999 [0] NCCL INFO  1 : GPU/0 GPU/1
n232-194-226:162965:162999 [0] NCCL INFO  2 : GPU/0 GPU/1
n232-194-226:162965:162999 [0] NCCL INFO  3 : GPU/0 GPU/1
n232-194-226:162965:162999 [0] NCCL INFO  4 : GPU/0 GPU/1
n232-194-226:162965:162999 [0] NCCL INFO  5 : GPU/0 GPU/1
n232-194-226:162965:162999 [0] NCCL INFO  6 : GPU/0 GPU/1
n232-194-226:162965:162999 [0] NCCL INFO  7 : GPU/0 GPU/1
n232-194-226:162965:162999 [0] NCCL INFO Pattern 1, crossNic 0, nChannels 8, bw 40.000000/40.000000, type NVL/PIX, sameChannels 0
n232-194-226:162965:162999 [0] NCCL INFO  0 : GPU/0 GPU/1
n232-194-226:162965:162999 [0] NCCL INFO  1 : GPU/0 GPU/1
n232-194-226:162965:162999 [0] NCCL INFO  2 : GPU/0 GPU/1
n232-194-226:162965:162999 [0] NCCL INFO  3 : GPU/0 GPU/1
n232-194-226:162965:162999 [0] NCCL INFO  4 : GPU/1 GPU/0
n232-194-226:162965:162999 [0] NCCL INFO  5 : GPU/1 GPU/0
n232-194-226:162965:162999 [0] NCCL INFO  6 : GPU/1 GPU/0
n232-194-226:162965:162999 [0] NCCL INFO  7 : GPU/1 GPU/0
n232-194-226:162966:163000 [1] NCCL INFO Tree 0 : 0 -> 1 -> -1/-1/-1
n232-194-226:162966:163000 [1] NCCL INFO Tree 8 : 0 -> 1 -> -1/-1/-1
n232-194-226:162965:162999 [0] NCCL INFO Tree 0 : -1 -> 0 -> 1/-1/-1
n232-194-226:162966:163000 [1] NCCL INFO Tree 1 : 0 -> 1 -> -1/-1/-1
n232-194-226:162965:162999 [0] NCCL INFO Tree 8 : -1 -> 0 -> 1/-1/-1
n232-194-226:162966:163000 [1] NCCL INFO Tree 9 : 0 -> 1 -> -1/-1/-1
n232-194-226:162965:162999 [0] NCCL INFO Tree 1 : -1 -> 0 -> 1/-1/-1
n232-194-226:162966:163000 [1] NCCL INFO Tree 2 : 0 -> 1 -> -1/-1/-1
n232-194-226:162965:162999 [0] NCCL INFO Tree 9 : -1 -> 0 -> 1/-1/-1
n232-194-226:162966:163000 [1] NCCL INFO Tree 10 : 0 -> 1 -> -1/-1/-1
n232-194-226:162965:162999 [0] NCCL INFO Tree 2 : -1 -> 0 -> 1/-1/-1
n232-194-226:162966:163000 [1] NCCL INFO Tree 3 : 0 -> 1 -> -1/-1/-1
n232-194-226:162965:162999 [0] NCCL INFO Tree 10 : -1 -> 0 -> 1/-1/-1
n232-194-226:162966:163000 [1] NCCL INFO Tree 11 : 0 -> 1 -> -1/-1/-1
n232-194-226:162965:162999 [0] NCCL INFO Tree 3 : -1 -> 0 -> 1/-1/-1
n232-194-226:162966:163000 [1] NCCL INFO Tree 4 : -1 -> 1 -> 0/-1/-1
n232-194-226:162965:162999 [0] NCCL INFO Tree 11 : -1 -> 0 -> 1/-1/-1
n232-194-226:162966:163000 [1] NCCL INFO Tree 12 : -1 -> 1 -> 0/-1/-1
n232-194-226:162965:162999 [0] NCCL INFO Tree 4 : 1 -> 0 -> -1/-1/-1
n232-194-226:162966:163000 [1] NCCL INFO Tree 5 : -1 -> 1 -> 0/-1/-1
n232-194-226:162965:162999 [0] NCCL INFO Tree 12 : 1 -> 0 -> -1/-1/-1
n232-194-226:162966:163000 [1] NCCL INFO Tree 13 : -1 -> 1 -> 0/-1/-1
n232-194-226:162965:162999 [0] NCCL INFO Tree 5 : 1 -> 0 -> -1/-1/-1
n232-194-226:162966:163000 [1] NCCL INFO Tree 6 : -1 -> 1 -> 0/-1/-1
n232-194-226:162965:162999 [0] NCCL INFO Tree 13 : 1 -> 0 -> -1/-1/-1
n232-194-226:162966:163000 [1] NCCL INFO Tree 14 : -1 -> 1 -> 0/-1/-1
n232-194-226:162965:162999 [0] NCCL INFO Tree 6 : 1 -> 0 -> -1/-1/-1
n232-194-226:162966:163000 [1] NCCL INFO Tree 7 : -1 -> 1 -> 0/-1/-1
n232-194-226:162965:162999 [0] NCCL INFO Tree 14 : 1 -> 0 -> -1/-1/-1
n232-194-226:162966:163000 [1] NCCL INFO Tree 15 : -1 -> 1 -> 0/-1/-1
n232-194-226:162965:162999 [0] NCCL INFO Tree 7 : 1 -> 0 -> -1/-1/-1
n232-194-226:162965:162999 [0] NCCL INFO Tree 15 : 1 -> 0 -> -1/-1/-1
n232-194-226:162965:162999 [0] NCCL INFO Channel 00/16 :    0   1
n232-194-226:162965:162999 [0] NCCL INFO Channel 01/16 :    0   1
n232-194-226:162966:163000 [1] NCCL INFO Ring 00 : 0 -> 1 -> 0
n232-194-226:162965:162999 [0] NCCL INFO Channel 02/16 :    0   1
n232-194-226:162966:163000 [1] NCCL INFO Ring 01 : 0 -> 1 -> 0
n232-194-226:162965:162999 [0] NCCL INFO Channel 03/16 :    0   1
n232-194-226:162965:162999 [0] NCCL INFO Channel 04/16 :    0   1
n232-194-226:162966:163000 [1] NCCL INFO Ring 02 : 0 -> 1 -> 0
n232-194-226:162965:162999 [0] NCCL INFO Channel 05/16 :    0   1
n232-194-226:162966:163000 [1] NCCL INFO Ring 03 : 0 -> 1 -> 0
n232-194-226:162965:162999 [0] NCCL INFO Channel 06/16 :    0   1
n232-194-226:162966:163000 [1] NCCL INFO Ring 04 : 0 -> 1 -> 0
n232-194-226:162965:162999 [0] NCCL INFO Channel 07/16 :    0   1
n232-194-226:162966:163000 [1] NCCL INFO Ring 05 : 0 -> 1 -> 0
n232-194-226:162965:162999 [0] NCCL INFO Channel 08/16 :    0   1
n232-194-226:162966:163000 [1] NCCL INFO Ring 06 : 0 -> 1 -> 0
n232-194-226:162965:162999 [0] NCCL INFO Channel 09/16 :    0   1
n232-194-226:162966:163000 [1] NCCL INFO Ring 07 : 0 -> 1 -> 0
n232-194-226:162965:162999 [0] NCCL INFO Channel 10/16 :    0   1
n232-194-226:162966:163000 [1] NCCL INFO Ring 08 : 0 -> 1 -> 0
n232-194-226:162965:162999 [0] NCCL INFO Channel 11/16 :    0   1
n232-194-226:162966:163000 [1] NCCL INFO Ring 09 : 0 -> 1 -> 0
n232-194-226:162965:162999 [0] NCCL INFO Channel 12/16 :    0   1
n232-194-226:162965:162999 [0] NCCL INFO Channel 13/16 :    0   1
n232-194-226:162966:163000 [1] NCCL INFO Ring 10 : 0 -> 1 -> 0
n232-194-226:162965:162999 [0] NCCL INFO Channel 14/16 :    0   1
n232-194-226:162966:163000 [1] NCCL INFO Ring 11 : 0 -> 1 -> 0
n232-194-226:162965:162999 [0] NCCL INFO Channel 15/16 :    0   1
n232-194-226:162966:163000 [1] NCCL INFO Ring 12 : 0 -> 1 -> 0
n232-194-226:162966:163000 [1] NCCL INFO Ring 13 : 0 -> 1 -> 0
n232-194-226:162965:162999 [0] NCCL INFO Ring 00 : 1 -> 0 -> 1
n232-194-226:162966:163000 [1] NCCL INFO Ring 14 : 0 -> 1 -> 0
n232-194-226:162965:162999 [0] NCCL INFO Ring 01 : 1 -> 0 -> 1
n232-194-226:162966:163000 [1] NCCL INFO Ring 15 : 0 -> 1 -> 0
n232-194-226:162965:162999 [0] NCCL INFO Ring 02 : 1 -> 0 -> 1
n232-194-226:162966:163000 [1] NCCL INFO Trees [0] -1/-1/-1->1->0 [1] -1/-1/-1->1->0 [2] -1/-1/-1->1->0 [3] -1/-1/-1->1->0 [4] 0/-1/-1->1->-1 [5] 0/-1/-1->1->-1 [6] 0/-1/-1->1->-1 [7] 0/-1/-1->1->-1 [8] -1/-1/-1->1->0 [9] -1/-1/-1->1->0 [10] -1/-1/-1->1->0 [11] -1/-1/-1->1->0 [12] 0/-1/-1->1->-1 [13] 0/-1/-1->1->-1 [14] 0/-1/-1->1->-1 [15] 0/-1/-1->1->-1
n232-194-226:162965:162999 [0] NCCL INFO Ring 03 : 1 -> 0 -> 1
n232-194-226:162966:163000 [1] NCCL INFO P2P Chunksize set to 524288
n232-194-226:162965:162999 [0] NCCL INFO Ring 04 : 1 -> 0 -> 1
n232-194-226:162965:162999 [0] NCCL INFO Ring 05 : 1 -> 0 -> 1
n232-194-226:162965:162999 [0] NCCL INFO Ring 06 : 1 -> 0 -> 1
n232-194-226:162965:162999 [0] NCCL INFO Ring 07 : 1 -> 0 -> 1
n232-194-226:162965:162999 [0] NCCL INFO Ring 08 : 1 -> 0 -> 1
n232-194-226:162965:162999 [0] NCCL INFO Ring 09 : 1 -> 0 -> 1
n232-194-226:162965:162999 [0] NCCL INFO Ring 10 : 1 -> 0 -> 1
n232-194-226:162965:162999 [0] NCCL INFO Ring 11 : 1 -> 0 -> 1
n232-194-226:162965:162999 [0] NCCL INFO Ring 12 : 1 -> 0 -> 1
n232-194-226:162965:162999 [0] NCCL INFO Ring 13 : 1 -> 0 -> 1
n232-194-226:162965:162999 [0] NCCL INFO Ring 14 : 1 -> 0 -> 1
n232-194-226:162965:162999 [0] NCCL INFO Ring 15 : 1 -> 0 -> 1
n232-194-226:162965:162999 [0] NCCL INFO Trees [0] 1/-1/-1->0->-1 [1] 1/-1/-1->0->-1 [2] 1/-1/-1->0->-1 [3] 1/-1/-1->0->-1 [4] -1/-1/-1->0->1 [5] -1/-1/-1->0->1 [6] -1/-1/-1->0->1 [7] -1/-1/-1->0->1 [8] 1/-1/-1->0->-1 [9] 1/-1/-1->0->-1 [10] 1/-1/-1->0->-1 [11] 1/-1/-1->0->-1 [12] -1/-1/-1->0->1 [13] -1/-1/-1->0->1 [14] -1/-1/-1->0->1 [15] -1/-1/-1->0->1
n232-194-226:162965:162999 [0] NCCL INFO P2P Chunksize set to 524288
n232-194-226:162965:162999 [0] NCCL INFO misc/utils.cc:235 memory stack hunk malloc(65536)
n232-194-226:162966:163000 [1] NCCL INFO misc/utils.cc:235 memory stack hunk malloc(65536)
n232-194-226:162965:162999 [0] NCCL INFO channel.cc:40 Cuda Alloc Size 768 pointer 0x7f551100a000
n232-194-226:162966:163000 [1] NCCL INFO channel.cc:40 Cuda Alloc Size 768 pointer 0x7f191500a000
n232-194-226:162966:163000 [1] NCCL INFO channel.cc:43 Cuda Alloc Size 40 pointer 0x7f191500a400
n232-194-226:162965:162999 [0] NCCL INFO channel.cc:43 Cuda Alloc Size 40 pointer 0x7f551100a400
n232-194-226:162965:162999 [0] NCCL INFO channel.cc:54 Cuda Alloc Size 8 pointer 0x7f551100a600
n232-194-226:162966:163000 [1] NCCL INFO channel.cc:54 Cuda Alloc Size 8 pointer 0x7f191500a600
n232-194-226:162965:162999 [0] NCCL INFO channel.cc:40 Cuda Alloc Size 768 pointer 0x7f551100a800
n232-194-226:162966:163000 [1] NCCL INFO channel.cc:40 Cuda Alloc Size 768 pointer 0x7f191500a800
n232-194-226:162966:163000 [1] NCCL INFO channel.cc:43 Cuda Alloc Size 40 pointer 0x7f191500ac00
n232-194-226:162965:162999 [0] NCCL INFO channel.cc:43 Cuda Alloc Size 40 pointer 0x7f551100ac00
n232-194-226:162965:162999 [0] NCCL INFO channel.cc:54 Cuda Alloc Size 8 pointer 0x7f551100ae00
n232-194-226:162966:163000 [1] NCCL INFO channel.cc:54 Cuda Alloc Size 8 pointer 0x7f191500ae00
n232-194-226:162965:162999 [0] NCCL INFO channel.cc:40 Cuda Alloc Size 768 pointer 0x7f551100b000
n232-194-226:162966:163000 [1] NCCL INFO channel.cc:40 Cuda Alloc Size 768 pointer 0x7f191500b000
n232-194-226:162966:163000 [1] NCCL INFO channel.cc:43 Cuda Alloc Size 40 pointer 0x7f191500b400
n232-194-226:162965:162999 [0] NCCL INFO channel.cc:43 Cuda Alloc Size 40 pointer 0x7f551100b400
n232-194-226:162966:163000 [1] NCCL INFO channel.cc:54 Cuda Alloc Size 8 pointer 0x7f191500b600
n232-194-226:162965:162999 [0] NCCL INFO channel.cc:54 Cuda Alloc Size 8 pointer 0x7f551100b600
n232-194-226:162966:163000 [1] NCCL INFO channel.cc:40 Cuda Alloc Size 768 pointer 0x7f191500b800
n232-194-226:162965:162999 [0] NCCL INFO channel.cc:40 Cuda Alloc Size 768 pointer 0x7f551100b800
n232-194-226:162965:162999 [0] NCCL INFO channel.cc:43 Cuda Alloc Size 40 pointer 0x7f551100bc00
n232-194-226:162966:163000 [1] NCCL INFO channel.cc:43 Cuda Alloc Size 40 pointer 0x7f191500bc00
n232-194-226:162965:162999 [0] NCCL INFO channel.cc:54 Cuda Alloc Size 8 pointer 0x7f551100be00
n232-194-226:162966:163000 [1] NCCL INFO channel.cc:54 Cuda Alloc Size 8 pointer 0x7f191500be00
n232-194-226:162966:163000 [1] NCCL INFO channel.cc:40 Cuda Alloc Size 768 pointer 0x7f191500c000
n232-194-226:162965:162999 [0] NCCL INFO channel.cc:40 Cuda Alloc Size 768 pointer 0x7f551100c000
n232-194-226:162965:162999 [0] NCCL INFO channel.cc:43 Cuda Alloc Size 40 pointer 0x7f551100c400
n232-194-226:162966:163000 [1] NCCL INFO channel.cc:43 Cuda Alloc Size 40 pointer 0x7f191500c400
n232-194-226:162965:162999 [0] NCCL INFO channel.cc:54 Cuda Alloc Size 8 pointer 0x7f551100c600
n232-194-226:162966:163000 [1] NCCL INFO channel.cc:54 Cuda Alloc Size 8 pointer 0x7f191500c600
n232-194-226:162965:162999 [0] NCCL INFO channel.cc:40 Cuda Alloc Size 768 pointer 0x7f551100c800
n232-194-226:162966:163000 [1] NCCL INFO channel.cc:40 Cuda Alloc Size 768 pointer 0x7f191500c800
n232-194-226:162965:162999 [0] NCCL INFO channel.cc:43 Cuda Alloc Size 40 pointer 0x7f551100cc00
n232-194-226:162965:162999 [0] NCCL INFO channel.cc:54 Cuda Alloc Size 8 pointer 0x7f551100ce00
n232-194-226:162966:163000 [1] NCCL INFO channel.cc:43 Cuda Alloc Size 40 pointer 0x7f191500cc00
n232-194-226:162965:162999 [0] NCCL INFO channel.cc:40 Cuda Alloc Size 768 pointer 0x7f551100d000
n232-194-226:162965:162999 [0] NCCL INFO channel.cc:43 Cuda Alloc Size 40 pointer 0x7f551100d400
n232-194-226:162966:163000 [1] NCCL INFO channel.cc:54 Cuda Alloc Size 8 pointer 0x7f191500ce00
n232-194-226:162965:162999 [0] NCCL INFO channel.cc:54 Cuda Alloc Size 8 pointer 0x7f551100d600
n232-194-226:162966:163000 [1] NCCL INFO channel.cc:40 Cuda Alloc Size 768 pointer 0x7f191500d000
n232-194-226:162966:163000 [1] NCCL INFO channel.cc:43 Cuda Alloc Size 40 pointer 0x7f191500d400
n232-194-226:162965:162999 [0] NCCL INFO channel.cc:40 Cuda Alloc Size 768 pointer 0x7f551100d800
n232-194-226:162965:162999 [0] NCCL INFO channel.cc:43 Cuda Alloc Size 40 pointer 0x7f551100dc00
n232-194-226:162966:163000 [1] NCCL INFO channel.cc:54 Cuda Alloc Size 8 pointer 0x7f191500d600
n232-194-226:162965:162999 [0] NCCL INFO channel.cc:54 Cuda Alloc Size 8 pointer 0x7f551100de00
n232-194-226:162965:162999 [0] NCCL INFO channel.cc:40 Cuda Alloc Size 768 pointer 0x7f551100e000
n232-194-226:162966:163000 [1] NCCL INFO channel.cc:40 Cuda Alloc Size 768 pointer 0x7f191500d800
n232-194-226:162965:162999 [0] NCCL INFO channel.cc:43 Cuda Alloc Size 40 pointer 0x7f551100e400
n232-194-226:162966:163000 [1] NCCL INFO channel.cc:43 Cuda Alloc Size 40 pointer 0x7f191500dc00
n232-194-226:162965:162999 [0] NCCL INFO channel.cc:54 Cuda Alloc Size 8 pointer 0x7f551100e600
n232-194-226:162966:163000 [1] NCCL INFO channel.cc:54 Cuda Alloc Size 8 pointer 0x7f191500de00
n232-194-226:162965:162999 [0] NCCL INFO channel.cc:40 Cuda Alloc Size 768 pointer 0x7f551100e800
n232-194-226:162966:163000 [1] NCCL INFO channel.cc:40 Cuda Alloc Size 768 pointer 0x7f191500e000
n232-194-226:162965:162999 [0] NCCL INFO channel.cc:43 Cuda Alloc Size 40 pointer 0x7f551100ec00
n232-194-226:162966:163000 [1] NCCL INFO channel.cc:43 Cuda Alloc Size 40 pointer 0x7f191500e400
n232-194-226:162965:162999 [0] NCCL INFO channel.cc:54 Cuda Alloc Size 8 pointer 0x7f551100ee00
n232-194-226:162966:163000 [1] NCCL INFO channel.cc:54 Cuda Alloc Size 8 pointer 0x7f191500e600
n232-194-226:162965:162999 [0] NCCL INFO channel.cc:40 Cuda Alloc Size 768 pointer 0x7f551100f000
n232-194-226:162966:163000 [1] NCCL INFO channel.cc:40 Cuda Alloc Size 768 pointer 0x7f191500e800
n232-194-226:162965:162999 [0] NCCL INFO channel.cc:43 Cuda Alloc Size 40 pointer 0x7f551100f400
n232-194-226:162966:163000 [1] NCCL INFO channel.cc:43 Cuda Alloc Size 40 pointer 0x7f191500ec00
n232-194-226:162965:162999 [0] NCCL INFO channel.cc:54 Cuda Alloc Size 8 pointer 0x7f551100f600
n232-194-226:162966:163000 [1] NCCL INFO channel.cc:54 Cuda Alloc Size 8 pointer 0x7f191500ee00
n232-194-226:162965:162999 [0] NCCL INFO channel.cc:40 Cuda Alloc Size 768 pointer 0x7f551100f800
n232-194-226:162966:163000 [1] NCCL INFO channel.cc:40 Cuda Alloc Size 768 pointer 0x7f191500f000
n232-194-226:162965:162999 [0] NCCL INFO channel.cc:43 Cuda Alloc Size 40 pointer 0x7f551100fc00
n232-194-226:162966:163000 [1] NCCL INFO channel.cc:43 Cuda Alloc Size 40 pointer 0x7f191500f400
n232-194-226:162965:162999 [0] NCCL INFO channel.cc:54 Cuda Alloc Size 8 pointer 0x7f551100fe00
n232-194-226:162966:163000 [1] NCCL INFO channel.cc:54 Cuda Alloc Size 8 pointer 0x7f191500f600
n232-194-226:162966:163000 [1] NCCL INFO channel.cc:40 Cuda Alloc Size 768 pointer 0x7f191500f800
n232-194-226:162965:162999 [0] NCCL INFO channel.cc:40 Cuda Alloc Size 768 pointer 0x7f5511010000
n232-194-226:162966:163000 [1] NCCL INFO channel.cc:43 Cuda Alloc Size 40 pointer 0x7f191500fc00
n232-194-226:162965:162999 [0] NCCL INFO channel.cc:43 Cuda Alloc Size 40 pointer 0x7f5511010400
n232-194-226:162966:163000 [1] NCCL INFO channel.cc:54 Cuda Alloc Size 8 pointer 0x7f191500fe00
n232-194-226:162965:162999 [0] NCCL INFO channel.cc:54 Cuda Alloc Size 8 pointer 0x7f5511010600
n232-194-226:162966:163000 [1] NCCL INFO channel.cc:40 Cuda Alloc Size 768 pointer 0x7f1915010000
n232-194-226:162965:162999 [0] NCCL INFO channel.cc:40 Cuda Alloc Size 768 pointer 0x7f5511010800
n232-194-226:162965:162999 [0] NCCL INFO channel.cc:43 Cuda Alloc Size 40 pointer 0x7f5511010c00
n232-194-226:162966:163000 [1] NCCL INFO channel.cc:43 Cuda Alloc Size 40 pointer 0x7f1915010400
n232-194-226:162965:162999 [0] NCCL INFO channel.cc:54 Cuda Alloc Size 8 pointer 0x7f5511010e00
n232-194-226:162966:163000 [1] NCCL INFO channel.cc:54 Cuda Alloc Size 8 pointer 0x7f1915010600
n232-194-226:162965:162999 [0] NCCL INFO channel.cc:40 Cuda Alloc Size 768 pointer 0x7f5511011000
n232-194-226:162966:163000 [1] NCCL INFO channel.cc:40 Cuda Alloc Size 768 pointer 0x7f1915010800
n232-194-226:162966:163000 [1] NCCL INFO channel.cc:43 Cuda Alloc Size 40 pointer 0x7f1915010c00
n232-194-226:162965:162999 [0] NCCL INFO channel.cc:43 Cuda Alloc Size 40 pointer 0x7f5511011400
n232-194-226:162965:162999 [0] NCCL INFO channel.cc:54 Cuda Alloc Size 8 pointer 0x7f5511011600
n232-194-226:162966:163000 [1] NCCL INFO channel.cc:54 Cuda Alloc Size 8 pointer 0x7f1915010e00
n232-194-226:162965:162999 [0] NCCL INFO channel.cc:40 Cuda Alloc Size 768 pointer 0x7f5511011800
n232-194-226:162966:163000 [1] NCCL INFO channel.cc:40 Cuda Alloc Size 768 pointer 0x7f1915011000
n232-194-226:162965:162999 [0] NCCL INFO channel.cc:43 Cuda Alloc Size 40 pointer 0x7f5511011c00
n232-194-226:162966:163000 [1] NCCL INFO channel.cc:43 Cuda Alloc Size 40 pointer 0x7f1915011400
n232-194-226:162965:162999 [0] NCCL INFO channel.cc:54 Cuda Alloc Size 8 pointer 0x7f5511011e00
n232-194-226:162966:163000 [1] NCCL INFO channel.cc:54 Cuda Alloc Size 8 pointer 0x7f1915011600
n232-194-226:162966:163000 [1] NCCL INFO channel.cc:40 Cuda Alloc Size 768 pointer 0x7f1915011800
n232-194-226:162966:163000 [1] NCCL INFO channel.cc:43 Cuda Alloc Size 40 pointer 0x7f1915011c00
