proj186:3272158:3272304 [7] NCCL INFO transport/p2p.cc:204 Cuda Alloc Size 6291456 pointer 0x7fb8da600000
proj186:3272156:3272287 [5] NCCL INFO recvOpId=0x7fa662533180 matches expected opId=0x7fa662533180
proj186:3272158:3272304 [7] NCCL INFO Allocated shareable buffer 0x7fb8da600000 size 6291456 ipcDesc 0x7fb8e0017d90
proj186:3272156:3272287 [5] NCCL INFO Connection to proxy localRank 5 -> connection 0x7fa6580036a0
proj186:3272151:3272302 [0] NCCL INFO transport/p2p.cc:204 Cuda Alloc Size 6291456 pointer 0x7f0145800000
proj186:3272157:3272301 [6] NCCL INFO Allocated shareable buffer 0x7fafc2c00000 size 6291456 ipcDesc 0x7fafc8017d90
proj186:3272158:3272304 [7] NCCL INFO proxyProgressAsync opId=0x7fb8e9fed260 op.type=3 op.reqBuff=0x7fb8e001b3f0 op.respSize=80 done
proj186:3272157:3272301 [6] NCCL INFO proxyProgressAsync opId=0x7fafd1fed320 op.type=3 op.reqBuff=0x7fafc801c090 op.respSize=80 done
proj186:3272158:3272284 [7] NCCL INFO ncclPollProxyResponse Received new opId=0x7fb8e9fed260
proj186:3272155:3272305 [4] NCCL INFO transport/p2p.cc:204 Cuda Alloc Size 6291456 pointer 0x7fc445800000
proj186:3272158:3272284 [7] NCCL INFO recvOpId=0x7fb8e9fed260 matches expected opId=0x7fb8e9fed260
proj186:3272151:3272302 [0] NCCL INFO Allocated shareable buffer 0x7f0145800000 size 6291456 ipcDesc 0x7f0160017cf0
proj186:3272157:3272286 [6] NCCL INFO ncclPollProxyResponse Received new opId=0x7fafd1fed320
proj186:3272151:3272302 [0] NCCL INFO proxyProgressAsync opId=0x7f014dfed320 op.type=3 op.reqBuff=0x7f016001d930 op.respSize=80 done
proj186:3272158:3272304 [7] NCCL INFO Received and initiated operation=Setup res=0
proj186:3272157:3272286 [6] NCCL INFO recvOpId=0x7fafd1fed320 matches expected opId=0x7fafd1fed320
proj186:3272151:3272280 [0] NCCL INFO ncclPollProxyResponse Received new opId=0x7f014dfed320
proj186:3272157:3272301 [6] NCCL INFO Received and initiated operation=Setup res=0
proj186:3272155:3272305 [4] NCCL INFO Allocated shareable buffer 0x7fc445800000 size 6291456 ipcDesc 0x7fc448017d90
proj186:3272155:3272305 [4] NCCL INFO proxyProgressAsync opId=0x7fc451fed260 op.type=3 op.reqBuff=0x7fc448019700 op.respSize=80 done
proj186:3272158:3272304 [7] NCCL INFO New proxy recv connection 12 from local rank 7, transport 0
proj186:3272158:3272304 [7] NCCL INFO proxyProgressAsync opId=0x7fb8e9fed260 op.type=1 op.reqBuff=0x7fb8e001b3f0 op.respSize=16 done
proj186:3272151:3272280 [0] NCCL INFO recvOpId=0x7f014dfed320 matches expected opId=0x7f014dfed320
proj186:3272158:3272284 [7] NCCL INFO ncclPollProxyResponse Received new opId=0x7fb8e9fed260
proj186:3272151:3272302 [0] NCCL INFO Received and initiated operation=Setup res=0
proj186:3272158:3272284 [7] NCCL INFO recvOpId=0x7fb8e9fed260 matches expected opId=0x7fb8e9fed260
proj186:3272158:3272284 [7] NCCL INFO Connection to proxy localRank 7 -> connection 0x7fb8e0003510
proj186:3272158:3272304 [7] NCCL INFO Received and initiated operation=Init res=0
proj186:3272157:3272301 [6] NCCL INFO New proxy recv connection 13 from local rank 6, transport 0
proj186:3272157:3272301 [6] NCCL INFO proxyProgressAsync opId=0x7fafd1fed320 op.type=1 op.reqBuff=0x7fafc801c090 op.respSize=16 done
proj186:3272155:3272283 [4] NCCL INFO ncclPollProxyResponse Received new opId=0x7fc451fed260
proj186:3272157:3272286 [6] NCCL INFO ncclPollProxyResponse Received new opId=0x7fafd1fed320
proj186:3272151:3272302 [0] NCCL INFO New proxy recv connection 15 from local rank 0, transport 0
proj186:3272155:3272283 [4] NCCL INFO recvOpId=0x7fc451fed260 matches expected opId=0x7fc451fed260
proj186:3272151:3272302 [0] NCCL INFO proxyProgressAsync opId=0x7f014dfed320 op.type=1 op.reqBuff=0x7f016001d930 op.respSize=16 done
proj186:3272157:3272286 [6] NCCL INFO recvOpId=0x7fafd1fed320 matches expected opId=0x7fafd1fed320
proj186:3272157:3272286 [6] NCCL INFO Connection to proxy localRank 6 -> connection 0x7fafc8003560
proj186:3272157:3272301 [6] NCCL INFO Received and initiated operation=Init res=0
proj186:3272155:3272305 [4] NCCL INFO Received and initiated operation=Setup res=0
proj186:3272151:3272280 [0] NCCL INFO ncclPollProxyResponse Received new opId=0x7f014dfed320
proj186:3272151:3272280 [0] NCCL INFO recvOpId=0x7f014dfed320 matches expected opId=0x7f014dfed320
proj186:3272151:3272280 [0] NCCL INFO Connection to proxy localRank 0 -> connection 0x7f0160003600
proj186:3272151:3272302 [0] NCCL INFO Received and initiated operation=Init res=0
proj186:3272155:3272305 [4] NCCL INFO New proxy recv connection 10 from local rank 4, transport 0
proj186:3272155:3272305 [4] NCCL INFO proxyProgressAsync opId=0x7fc451fed260 op.type=1 op.reqBuff=0x7fc448019700 op.respSize=16 done
proj186:3272155:3272283 [4] NCCL INFO ncclPollProxyResponse Received new opId=0x7fc451fed260
proj186:3272155:3272283 [4] NCCL INFO recvOpId=0x7fc451fed260 matches expected opId=0x7fc451fed260
proj186:3272155:3272283 [4] NCCL INFO Connection to proxy localRank 4 -> connection 0x7fc448003470
proj186:3272155:3272305 [4] NCCL INFO Received and initiated operation=Init res=0
proj186:3272152:3272303 [1] NCCL INFO transport/p2p.cc:204 Cuda Alloc Size 6291456 pointer 0x7f6055800000
proj186:3272154:3272306 [3] NCCL INFO transport/p2p.cc:204 Cuda Alloc Size 6291456 pointer 0x7f83ba600000
proj186:3272153:3272307 [2] NCCL INFO transport/p2p.cc:204 Cuda Alloc Size 6291456 pointer 0x7fea6ec00000
proj186:3272152:3272303 [1] NCCL INFO Allocated shareable buffer 0x7f6055800000 size 6291456 ipcDesc 0x7f6058017d90
proj186:3272152:3272303 [1] NCCL INFO proxyProgressAsync opId=0x7f6061fed260 op.type=3 op.reqBuff=0x7f6058019700 op.respSize=80 done
proj186:3272153:3272307 [2] NCCL INFO Allocated shareable buffer 0x7fea6ec00000 size 6291456 ipcDesc 0x7fea74017d90
proj186:3272153:3272307 [2] NCCL INFO proxyProgressAsync opId=0x7fea7dfeca10 op.type=3 op.reqBuff=0x7fea7401c090 op.respSize=80 done
proj186:3272156:3272300 [5] NCCL INFO transport/p2p.cc:204 Cuda Alloc Size 6291456 pointer 0x7fa650c00000
proj186:3272153:3272282 [2] NCCL INFO ncclPollProxyResponse Received new opId=0x7fea7dfeca10
proj186:3272152:3272285 [1] NCCL INFO ncclPollProxyResponse Received new opId=0x7f6061fed260
proj186:3272153:3272307 [2] NCCL INFO Received and initiated operation=Setup res=0
proj186:3272154:3272306 [3] NCCL INFO Allocated shareable buffer 0x7f83ba600000 size 6291456 ipcDesc 0x7f83c0017d90
proj186:3272153:3272282 [2] NCCL INFO recvOpId=0x7fea7dfeca10 matches expected opId=0x7fea7dfeca10
proj186:3272154:3272306 [3] NCCL INFO proxyProgressAsync opId=0x7f83c9fed260 op.type=3 op.reqBuff=0x7f83c001b3f0 op.respSize=80 done
proj186:3272152:3272285 [1] NCCL INFO recvOpId=0x7f6061fed260 matches expected opId=0x7f6061fed260
proj186:3272156:3272300 [5] NCCL INFO Allocated shareable buffer 0x7fa650c00000 size 6291456 ipcDesc 0x7fa658017d90
proj186:3272152:3272303 [1] NCCL INFO Received and initiated operation=Setup res=0
proj186:3272156:3272300 [5] NCCL INFO proxyProgressAsync opId=0x7fa662533180 op.type=3 op.reqBuff=0x7fa658020360 op.respSize=80 done
proj186:3272154:3272281 [3] NCCL INFO ncclPollProxyResponse Received new opId=0x7f83c9fed260
proj186:3272153:3272307 [2] NCCL INFO New proxy recv connection 13 from local rank 2, transport 0
proj186:3272153:3272307 [2] NCCL INFO proxyProgressAsync opId=0x7fea7dfeca10 op.type=1 op.reqBuff=0x7fea7401c090 op.respSize=16 done
proj186:3272152:3272303 [1] NCCL INFO New proxy recv connection 10 from local rank 1, transport 0
proj186:3272152:3272303 [1] NCCL INFO proxyProgressAsync opId=0x7f6061fed260 op.type=1 op.reqBuff=0x7f6058019700 op.respSize=16 done
proj186:3272156:3272287 [5] NCCL INFO ncclPollProxyResponse Received new opId=0x7fa662533180
proj186:3272153:3272282 [2] NCCL INFO ncclPollProxyResponse Received new opId=0x7fea7dfeca10
proj186:3272153:3272307 [2] NCCL INFO Received and initiated operation=Init res=0
proj186:3272152:3272285 [1] NCCL INFO ncclPollProxyResponse Received new opId=0x7f6061fed260
proj186:3272153:3272282 [2] NCCL INFO recvOpId=0x7fea7dfeca10 matches expected opId=0x7fea7dfeca10
proj186:3272153:3272282 [2] NCCL INFO Connection to proxy localRank 2 -> connection 0x7fea74003560
proj186:3272152:3272285 [1] NCCL INFO recvOpId=0x7f6061fed260 matches expected opId=0x7f6061fed260
proj186:3272152:3272285 [1] NCCL INFO Connection to proxy localRank 1 -> connection 0x7f6058003470
proj186:3272156:3272287 [5] NCCL INFO recvOpId=0x7fa662533180 matches expected opId=0x7fa662533180
proj186:3272154:3272281 [3] NCCL INFO recvOpId=0x7f83c9fed260 matches expected opId=0x7f83c9fed260
proj186:3272152:3272303 [1] NCCL INFO Received and initiated operation=Init res=0
proj186:3272154:3272306 [3] NCCL INFO Received and initiated operation=Setup res=0
proj186:3272156:3272300 [5] NCCL INFO Received and initiated operation=Setup res=0
proj186:3272156:3272287 [5] NCCL INFO Channel 02/0 : 5[5] -> 6[6] via P2P/IPC/read
proj186:3272156:3272300 [5] NCCL INFO New proxy send connection 18 from local rank 5, transport 0
proj186:3272156:3272300 [5] NCCL INFO proxyProgressAsync opId=0x7fa662533180 op.type=1 op.reqBuff=0x7fa658017dc0 op.respSize=16 done
proj186:3272154:3272306 [3] NCCL INFO New proxy recv connection 12 from local rank 3, transport 0
proj186:3272154:3272306 [3] NCCL INFO proxyProgressAsync opId=0x7f83c9fed260 op.type=1 op.reqBuff=0x7f83c001b3f0 op.respSize=16 done
proj186:3272156:3272287 [5] NCCL INFO ncclPollProxyResponse Received new opId=0x7fa662533180
proj186:3272154:3272281 [3] NCCL INFO ncclPollProxyResponse Received new opId=0x7f83c9fed260
proj186:3272156:3272287 [5] NCCL INFO recvOpId=0x7fa662533180 matches expected opId=0x7fa662533180
proj186:3272156:3272287 [5] NCCL INFO Connection to proxy localRank 5 -> connection 0x7fa6580036f0
proj186:3272156:3272300 [5] NCCL INFO Received and initiated operation=Init res=0
proj186:3272154:3272281 [3] NCCL INFO recvOpId=0x7f83c9fed260 matches expected opId=0x7f83c9fed260
proj186:3272158:3272304 [7] NCCL INFO transport/p2p.cc:204 Cuda Alloc Size 6291456 pointer 0x7fb8dac00000
proj186:3272158:3272304 [7] NCCL INFO Allocated shareable buffer 0x7fb8dac00000 size 6291456 ipcDesc 0x7fb8e0017d90
proj186:3272158:3272304 [7] NCCL INFO proxyProgressAsync opId=0x7fb8e9fed260 op.type=3 op.reqBuff=0x7fb8e001c090 op.respSize=80 done
proj186:3272157:3272301 [6] NCCL INFO transport/p2p.cc:204 Cuda Alloc Size 6291456 pointer 0x7fafc3200000
proj186:3272158:3272284 [7] NCCL INFO ncclPollProxyResponse Received new opId=0x7fb8e9fed260
proj186:3272155:3272305 [4] NCCL INFO transport/p2p.cc:204 Cuda Alloc Size 6291456 pointer 0x7fc442000000
proj186:3272158:3272284 [7] NCCL INFO recvOpId=0x7fb8e9fed260 matches expected opId=0x7fb8e9fed260
proj186:3272158:3272304 [7] NCCL INFO Received and initiated operation=Setup res=0
proj186:3272157:3272301 [6] NCCL INFO Allocated shareable buffer 0x7fafc3200000 size 6291456 ipcDesc 0x7fafc8017d90
proj186:3272157:3272301 [6] NCCL INFO proxyProgressAsync opId=0x7fafd1fed320 op.type=3 op.reqBuff=0x7fafc801cd30 op.respSize=80 done
proj186:3272151:3272302 [0] NCCL INFO transport/p2p.cc:204 Cuda Alloc Size 6291456 pointer 0x7f0142000000
proj186:3272154:3272281 [3] NCCL INFO Connection to proxy localRank 3 -> connection 0x7f83c0003510
proj186:3272155:3272305 [4] NCCL INFO Allocated shareable buffer 0x7fc442000000 size 6291456 ipcDesc 0x7fc448017d90
proj186:3272158:3272304 [7] NCCL INFO New proxy recv connection 13 from local rank 7, transport 0
proj186:3272153:3272307 [2] NCCL INFO transport/p2p.cc:204 Cuda Alloc Size 6291456 pointer 0x7fea6f200000
proj186:3272157:3272286 [6] NCCL INFO ncclPollProxyResponse Received new opId=0x7fafd1fed320
proj186:3272155:3272305 [4] NCCL INFO proxyProgressAsync opId=0x7fc451fed260 op.type=3 op.reqBuff=0x7fc44801a3a0 op.respSize=80 done
proj186:3272158:3272304 [7] NCCL INFO proxyProgressAsync opId=0x7fb8e9fed260 op.type=1 op.reqBuff=0x7fb8e001c090 op.respSize=16 done
proj186:3272154:3272306 [3] NCCL INFO Received and initiated operation=Init res=0
proj186:3272158:3272284 [7] NCCL INFO ncclPollProxyResponse Received new opId=0x7fb8e9fed260
proj186:3272153:3272307 [2] NCCL INFO Allocated shareable buffer 0x7fea6f200000 size 6291456 ipcDesc 0x7fea74017d90
proj186:3272153:3272307 [2] NCCL INFO proxyProgressAsync opId=0x7fea7dfeca10 op.type=3 op.reqBuff=0x7fea7401cd30 op.respSize=80 done
proj186:3272157:3272286 [6] NCCL INFO recvOpId=0x7fafd1fed320 matches expected opId=0x7fafd1fed320
proj186:3272151:3272302 [0] NCCL INFO Allocated shareable buffer 0x7f0142000000 size 6291456 ipcDesc 0x7f0160017cf0
proj186:3272158:3272284 [7] NCCL INFO recvOpId=0x7fb8e9fed260 matches expected opId=0x7fb8e9fed260
proj186:3272158:3272304 [7] NCCL INFO Received and initiated operation=Init res=0
proj186:3272158:3272284 [7] NCCL INFO Connection to proxy localRank 7 -> connection 0x7fb8e0003560
proj186:3272157:3272301 [6] NCCL INFO Received and initiated operation=Setup res=0
proj186:3272151:3272302 [0] NCCL INFO proxyProgressAsync opId=0x7f014dfed320 op.type=3 op.reqBuff=0x7f016001e5d0 op.respSize=80 done
proj186:3272153:3272282 [2] NCCL INFO ncclPollProxyResponse Received new opId=0x7fea7dfeca10
proj186:3272153:3272307 [2] NCCL INFO Received and initiated operation=Setup res=0
proj186:3272155:3272283 [4] NCCL INFO ncclPollProxyResponse Received new opId=0x7fc451fed260
proj186:3272153:3272282 [2] NCCL INFO recvOpId=0x7fea7dfeca10 matches expected opId=0x7fea7dfeca10
proj186:3272151:3272280 [0] NCCL INFO ncclPollProxyResponse Received new opId=0x7f014dfed320
proj186:3272155:3272283 [4] NCCL INFO recvOpId=0x7fc451fed260 matches expected opId=0x7fc451fed260
proj186:3272157:3272301 [6] NCCL INFO New proxy recv connection 14 from local rank 6, transport 0
proj186:3272157:3272301 [6] NCCL INFO proxyProgressAsync opId=0x7fafd1fed320 op.type=1 op.reqBuff=0x7fafc801cd30 op.respSize=16 done
proj186:3272155:3272305 [4] NCCL INFO Received and initiated operation=Setup res=0
proj186:3272157:3272286 [6] NCCL INFO ncclPollProxyResponse Received new opId=0x7fafd1fed320
proj186:3272151:3272280 [0] NCCL INFO recvOpId=0x7f014dfed320 matches expected opId=0x7f014dfed320
proj186:3272153:3272307 [2] NCCL INFO New proxy recv connection 14 from local rank 2, transport 0
proj186:3272151:3272280 [0] NCCL INFO Channel 00/0 : 0[0] -> 1[1] via P2P/IPC/read
proj186:3272153:3272307 [2] NCCL INFO proxyProgressAsync opId=0x7fea7dfeca10 op.type=1 op.reqBuff=0x7fea7401cd30 op.respSize=16 done
proj186:3272151:3272302 [0] NCCL INFO Received and initiated operation=Setup res=0
proj186:3272157:3272286 [6] NCCL INFO recvOpId=0x7fafd1fed320 matches expected opId=0x7fafd1fed320
proj186:3272153:3272282 [2] NCCL INFO ncclPollProxyResponse Received new opId=0x7fea7dfeca10
proj186:3272157:3272286 [6] NCCL INFO Connection to proxy localRank 6 -> connection 0x7fafc80035b0
proj186:3272157:3272301 [6] NCCL INFO Received and initiated operation=Init res=0
proj186:3272153:3272307 [2] NCCL INFO Received and initiated operation=Init res=0
proj186:3272153:3272282 [2] NCCL INFO recvOpId=0x7fea7dfeca10 matches expected opId=0x7fea7dfeca10
proj186:3272153:3272282 [2] NCCL INFO Connection to proxy localRank 2 -> connection 0x7fea740035b0
proj186:3272155:3272305 [4] NCCL INFO New proxy recv connection 11 from local rank 4, transport 0
proj186:3272155:3272305 [4] NCCL INFO proxyProgressAsync opId=0x7fc451fed260 op.type=1 op.reqBuff=0x7fc44801a3a0 op.respSize=16 done
proj186:3272155:3272283 [4] NCCL INFO ncclPollProxyResponse Received new opId=0x7fc451fed260
proj186:3272152:3272303 [1] NCCL INFO transport/p2p.cc:204 Cuda Alloc Size 6291456 pointer 0x7f6052000000
proj186:3272156:3272300 [5] NCCL INFO transport/p2p.cc:204 Cuda Alloc Size 6291456 pointer 0x7fa651200000
proj186:3272152:3272303 [1] NCCL INFO Allocated shareable buffer 0x7f6052000000 size 6291456 ipcDesc 0x7f6058017d90
proj186:3272151:3272302 [0] NCCL INFO New proxy send connection 16 from local rank 0, transport 0
proj186:3272152:3272303 [1] NCCL INFO proxyProgressAsync opId=0x7f6061fed260 op.type=3 op.reqBuff=0x7f605801a3a0 op.respSize=80 done
proj186:3272151:3272302 [0] NCCL INFO proxyProgressAsync opId=0x7f014dfed320 op.type=1 op.reqBuff=0x7f016001e5d0 op.respSize=16 done
proj186:3272156:3272300 [5] NCCL INFO Allocated shareable buffer 0x7fa651200000 size 6291456 ipcDesc 0x7fa658020fd0
proj186:3272156:3272300 [5] NCCL INFO proxyProgressAsync opId=0x7fa662533180 op.type=3 op.reqBuff=0x7fa658020360 op.respSize=80 done
proj186:3272155:3272283 [4] NCCL INFO recvOpId=0x7fc451fed260 matches expected opId=0x7fc451fed260
proj186:3272152:3272285 [1] NCCL INFO ncclPollProxyResponse Received new opId=0x7f6061fed260
proj186:3272151:3272280 [0] NCCL INFO ncclPollProxyResponse Received new opId=0x7f014dfed320
proj186:3272158:3272304 [7] NCCL INFO transport/p2p.cc:204 Cuda Alloc Size 6291456 pointer 0x7fb8db200000
proj186:3272152:3272285 [1] NCCL INFO recvOpId=0x7f6061fed260 matches expected opId=0x7f6061fed260
proj186:3272151:3272280 [0] NCCL INFO recvOpId=0x7f014dfed320 matches expected opId=0x7f014dfed320
proj186:3272151:3272280 [0] NCCL INFO Connection to proxy localRank 0 -> connection 0x7f0160003650
proj186:3272156:3272287 [5] NCCL INFO ncclPollProxyResponse Received new opId=0x7fa662533180
proj186:3272154:3272306 [3] NCCL INFO transport/p2p.cc:204 Cuda Alloc Size 6291456 pointer 0x7f83bac00000
proj186:3272158:3272304 [7] NCCL INFO Allocated shareable buffer 0x7fb8db200000 size 6291456 ipcDesc 0x7fb8e0017d90
proj186:3272152:3272303 [1] NCCL INFO Received and initiated operation=Setup res=0
proj186:3272155:3272305 [4] NCCL INFO Received and initiated operation=Init res=0
proj186:3272151:3272302 [0] NCCL INFO Received and initiated operation=Init res=0
proj186:3272158:3272304 [7] NCCL INFO proxyProgressAsync opId=0x7fb8e9fed260 op.type=3 op.reqBuff=0x7fb8e001cd30 op.respSize=80 done
proj186:3272153:3272307 [2] NCCL INFO transport/p2p.cc:204 Cuda Alloc Size 6291456 pointer 0x7fea6f800000
proj186:3272155:3272283 [4] NCCL INFO Connection to proxy localRank 4 -> connection 0x7fc4480034c0
proj186:3272156:3272287 [5] NCCL INFO recvOpId=0x7fa662533180 matches expected opId=0x7fa662533180
proj186:3272158:3272284 [7] NCCL INFO ncclPollProxyResponse Received new opId=0x7fb8e9fed260
proj186:3272153:3272307 [2] NCCL INFO Allocated shareable buffer 0x7fea6f800000 size 6291456 ipcDesc 0x7fea74017d90
proj186:3272153:3272307 [2] NCCL INFO proxyProgressAsync opId=0x7fea7dfeca10 op.type=3 op.reqBuff=0x7fea7401d9d0 op.respSize=80 done
proj186:3272157:3272301 [6] NCCL INFO transport/p2p.cc:204 Cuda Alloc Size 6291456 pointer 0x7fafc3800000
proj186:3272156:3272287 [5] NCCL INFO Channel 03/0 : 5[5] -> 6[6] via P2P/IPC/read
proj186:3272158:3272284 [7] NCCL INFO recvOpId=0x7fb8e9fed260 matches expected opId=0x7fb8e9fed260
proj186:3272158:3272304 [7] NCCL INFO Received and initiated operation=Setup res=0
proj186:3272153:3272282 [2] NCCL INFO ncclPollProxyResponse Received new opId=0x7fea7dfeca10
proj186:3272152:3272303 [1] NCCL INFO New proxy recv connection 11 from local rank 1, transport 0
proj186:3272154:3272306 [3] NCCL INFO Allocated shareable buffer 0x7f83bac00000 size 6291456 ipcDesc 0x7f83c0017d90
proj186:3272152:3272303 [1] NCCL INFO proxyProgressAsync opId=0x7f6061fed260 op.type=1 op.reqBuff=0x7f605801a3a0 op.respSize=16 done
proj186:3272153:3272307 [2] NCCL INFO Received and initiated operation=Setup res=0
proj186:3272156:3272300 [5] NCCL INFO Received and initiated operation=Setup res=0
proj186:3272154:3272306 [3] NCCL INFO proxyProgressAsync opId=0x7f83c9fed260 op.type=3 op.reqBuff=0x7f83c001c090 op.respSize=80 done
proj186:3272153:3272282 [2] NCCL INFO recvOpId=0x7fea7dfeca10 matches expected opId=0x7fea7dfeca10
proj186:3272152:3272285 [1] NCCL INFO ncclPollProxyResponse Received new opId=0x7f6061fed260
proj186:3272157:3272301 [6] NCCL INFO Allocated shareable buffer 0x7fafc3800000 size 6291456 ipcDesc 0x7fafc8017d90
proj186:3272157:3272301 [6] NCCL INFO proxyProgressAsync opId=0x7fafd1fed320 op.type=3 op.reqBuff=0x7fafc801d9d0 op.respSize=80 done
proj186:3272158:3272304 [7] NCCL INFO New proxy recv connection 14 from local rank 7, transport 0
proj186:3272158:3272304 [7] NCCL INFO proxyProgressAsync opId=0x7fb8e9fed260 op.type=1 op.reqBuff=0x7fb8e001cd30 op.respSize=16 done
proj186:3272152:3272285 [1] NCCL INFO recvOpId=0x7f6061fed260 matches expected opId=0x7f6061fed260
proj186:3272152:3272285 [1] NCCL INFO Connection to proxy localRank 1 -> connection 0x7f60580034c0
proj186:3272152:3272303 [1] NCCL INFO Received and initiated operation=Init res=0
proj186:3272158:3272284 [7] NCCL INFO ncclPollProxyResponse Received new opId=0x7fb8e9fed260
proj186:3272154:3272281 [3] NCCL INFO ncclPollProxyResponse Received new opId=0x7f83c9fed260
proj186:3272158:3272284 [7] NCCL INFO recvOpId=0x7fb8e9fed260 matches expected opId=0x7fb8e9fed260
proj186:3272158:3272284 [7] NCCL INFO Connection to proxy localRank 7 -> connection 0x7fb8e00035b0
proj186:3272156:3272300 [5] NCCL INFO New proxy send connection 19 from local rank 5, transport 0
proj186:3272158:3272304 [7] NCCL INFO Received and initiated operation=Init res=0
proj186:3272156:3272300 [5] NCCL INFO proxyProgressAsync opId=0x7fa662533180 op.type=1 op.reqBuff=0x7fa658020360 op.respSize=16 done
proj186:3272157:3272286 [6] NCCL INFO ncclPollProxyResponse Received new opId=0x7fafd1fed320
proj186:3272153:3272307 [2] NCCL INFO New proxy recv connection 15 from local rank 2, transport 0
proj186:3272153:3272307 [2] NCCL INFO proxyProgressAsync opId=0x7fea7dfeca10 op.type=1 op.reqBuff=0x7fea7401d9d0 op.respSize=16 done
proj186:3272156:3272287 [5] NCCL INFO ncclPollProxyResponse Received new opId=0x7fa662533180
proj186:3272153:3272282 [2] NCCL INFO ncclPollProxyResponse Received new opId=0x7fea7dfeca10
proj186:3272153:3272307 [2] NCCL INFO Received and initiated operation=Init res=0
proj186:3272154:3272281 [3] NCCL INFO recvOpId=0x7f83c9fed260 matches expected opId=0x7f83c9fed260
proj186:3272153:3272282 [2] NCCL INFO recvOpId=0x7fea7dfeca10 matches expected opId=0x7fea7dfeca10
proj186:3272157:3272286 [6] NCCL INFO recvOpId=0x7fafd1fed320 matches expected opId=0x7fafd1fed320
proj186:3272153:3272282 [2] NCCL INFO Connection to proxy localRank 2 -> connection 0x7fea74003600
proj186:3272154:3272306 [3] NCCL INFO Received and initiated operation=Setup res=0
proj186:3272156:3272287 [5] NCCL INFO recvOpId=0x7fa662533180 matches expected opId=0x7fa662533180
proj186:3272156:3272287 [5] NCCL INFO Connection to proxy localRank 5 -> connection 0x7fa658003740
proj186:3272157:3272301 [6] NCCL INFO Received and initiated operation=Setup res=0
proj186:3272156:3272300 [5] NCCL INFO Received and initiated operation=Init res=0
proj186:3272157:3272301 [6] NCCL INFO New proxy recv connection 15 from local rank 6, transport 0
proj186:3272157:3272301 [6] NCCL INFO proxyProgressAsync opId=0x7fafd1fed320 op.type=1 op.reqBuff=0x7fafc801d9d0 op.respSize=16 done
proj186:3272157:3272286 [6] NCCL INFO ncclPollProxyResponse Received new opId=0x7fafd1fed320
proj186:3272154:3272306 [3] NCCL INFO New proxy recv connection 13 from local rank 3, transport 0
proj186:3272154:3272306 [3] NCCL INFO proxyProgressAsync opId=0x7f83c9fed260 op.type=1 op.reqBuff=0x7f83c001c090 op.respSize=16 done
proj186:3272154:3272281 [3] NCCL INFO ncclPollProxyResponse Received new opId=0x7f83c9fed260
proj186:3272157:3272286 [6] NCCL INFO recvOpId=0x7fafd1fed320 matches expected opId=0x7fafd1fed320
proj186:3272157:3272286 [6] NCCL INFO Connection to proxy localRank 6 -> connection 0x7fafc8003600
proj186:3272157:3272301 [6] NCCL INFO Received and initiated operation=Init res=0
proj186:3272154:3272281 [3] NCCL INFO recvOpId=0x7f83c9fed260 matches expected opId=0x7f83c9fed260
proj186:3272154:3272281 [3] NCCL INFO Connection to proxy localRank 3 -> connection 0x7f83c0003560
proj186:3272154:3272306 [3] NCCL INFO Received and initiated operation=Init res=0
proj186:3272151:3272302 [0] NCCL INFO transport/p2p.cc:204 Cuda Alloc Size 6291456 pointer 0x7f0142600000
proj186:3272152:3272303 [1] NCCL INFO transport/p2p.cc:204 Cuda Alloc Size 6291456 pointer 0x7f6052600000
proj186:3272158:3272304 [7] NCCL INFO transport/p2p.cc:204 Cuda Alloc Size 6291456 pointer 0x7fb8db800000
proj186:3272153:3272307 [2] NCCL INFO transport/p2p.cc:204 Cuda Alloc Size 6291456 pointer 0x7fea6c000000
proj186:3272151:3272302 [0] NCCL INFO Allocated shareable buffer 0x7f0142600000 size 6291456 ipcDesc 0x7f0160017cf0
proj186:3272151:3272302 [0] NCCL INFO proxyProgressAsync opId=0x7f014dfed320 op.type=3 op.reqBuff=0x7f016001f620 op.respSize=80 done
proj186:3272151:3272280 [0] NCCL INFO ncclPollProxyResponse Received new opId=0x7f014dfed320
proj186:3272151:3272280 [0] NCCL INFO recvOpId=0x7f014dfed320 matches expected opId=0x7f014dfed320
proj186:3272151:3272302 [0] NCCL INFO Received and initiated operation=Setup res=0
proj186:3272151:3272280 [0] NCCL INFO Channel 01/0 : 0[0] -> 1[1] via P2P/IPC/read
proj186:3272152:3272303 [1] NCCL INFO Allocated shareable buffer 0x7f6052600000 size 6291456 ipcDesc 0x7f6058017d90
proj186:3272158:3272304 [7] NCCL INFO Allocated shareable buffer 0x7fb8db800000 size 6291456 ipcDesc 0x7fb8e0017d90
proj186:3272152:3272303 [1] NCCL INFO proxyProgressAsync opId=0x7f6061fed260 op.type=3 op.reqBuff=0x7f605801b3f0 op.respSize=80 done
proj186:3272158:3272304 [7] NCCL INFO proxyProgressAsync opId=0x7fb8e9fed260 op.type=3 op.reqBuff=0x7fb8e001d9d0 op.respSize=80 done
proj186:3272151:3272302 [0] NCCL INFO New proxy send connection 17 from local rank 0, transport 0
proj186:3272151:3272302 [0] NCCL INFO proxyProgressAsync opId=0x7f014dfed320 op.type=1 op.reqBuff=0x7f016001f620 op.respSize=16 done
proj186:3272158:3272284 [7] NCCL INFO ncclPollProxyResponse Received new opId=0x7fb8e9fed260
proj186:3272151:3272280 [0] NCCL INFO ncclPollProxyResponse Received new opId=0x7f014dfed320
proj186:3272152:3272285 [1] NCCL INFO ncclPollProxyResponse Received new opId=0x7f6061fed260
proj186:3272158:3272284 [7] NCCL INFO recvOpId=0x7fb8e9fed260 matches expected opId=0x7fb8e9fed260
proj186:3272158:3272304 [7] NCCL INFO Received and initiated operation=Setup res=0
proj186:3272151:3272280 [0] NCCL INFO recvOpId=0x7f014dfed320 matches expected opId=0x7f014dfed320
proj186:3272151:3272280 [0] NCCL INFO Connection to proxy localRank 0 -> connection 0x7f01600036a0
proj186:3272152:3272285 [1] NCCL INFO recvOpId=0x7f6061fed260 matches expected opId=0x7f6061fed260
proj186:3272152:3272303 [1] NCCL INFO Received and initiated operation=Setup res=0
proj186:3272151:3272302 [0] NCCL INFO Received and initiated operation=Init res=0
proj186:3272155:3272305 [4] NCCL INFO transport/p2p.cc:204 Cuda Alloc Size 6291456 pointer 0x7fc442600000
proj186:3272158:3272304 [7] NCCL INFO New proxy recv connection 15 from local rank 7, transport 0
proj186:3272158:3272304 [7] NCCL INFO proxyProgressAsync opId=0x7fb8e9fed260 op.type=1 op.reqBuff=0x7fb8e001d9d0 op.respSize=16 done
proj186:3272153:3272307 [2] NCCL INFO Allocated shareable buffer 0x7fea6c000000 size 6291456 ipcDesc 0x7fea74017d90
proj186:3272153:3272307 [2] NCCL INFO proxyProgressAsync opId=0x7fea7dfeca10 op.type=3 op.reqBuff=0x7fea7401e670 op.respSize=80 done
proj186:3272158:3272284 [7] NCCL INFO ncclPollProxyResponse Received new opId=0x7fb8e9fed260
proj186:3272153:3272282 [2] NCCL INFO ncclPollProxyResponse Received new opId=0x7fea7dfeca10
proj186:3272158:3272284 [7] NCCL INFO recvOpId=0x7fb8e9fed260 matches expected opId=0x7fb8e9fed260
proj186:3272153:3272307 [2] NCCL INFO Received and initiated operation=Setup res=0
proj186:3272158:3272284 [7] NCCL INFO Connection to proxy localRank 7 -> connection 0x7fb8e0003600
proj186:3272153:3272282 [2] NCCL INFO recvOpId=0x7fea7dfeca10 matches expected opId=0x7fea7dfeca10
proj186:3272156:3272300 [5] NCCL INFO transport/p2p.cc:204 Cuda Alloc Size 6291456 pointer 0x7fa651800000
proj186:3272158:3272304 [7] NCCL INFO Received and initiated operation=Init res=0
proj186:3272152:3272303 [1] NCCL INFO New proxy recv connection 12 from local rank 1, transport 0
proj186:3272152:3272303 [1] NCCL INFO proxyProgressAsync opId=0x7f6061fed260 op.type=1 op.reqBuff=0x7f605801b3f0 op.respSize=16 done
proj186:3272153:3272282 [2] NCCL INFO Channel 00/0 : 2[2] -> 3[3] via P2P/IPC/read
proj186:3272152:3272285 [1] NCCL INFO ncclPollProxyResponse Received new opId=0x7f6061fed260
proj186:3272152:3272285 [1] NCCL INFO recvOpId=0x7f6061fed260 matches expected opId=0x7f6061fed260
proj186:3272152:3272285 [1] NCCL INFO Connection to proxy localRank 1 -> connection 0x7f6058003510
proj186:3272152:3272303 [1] NCCL INFO Received and initiated operation=Init res=0
proj186:3272155:3272305 [4] NCCL INFO Allocated shareable buffer 0x7fc442600000 size 6291456 ipcDesc 0x7fc448017d90
proj186:3272155:3272305 [4] NCCL INFO proxyProgressAsync opId=0x7fc451fed260 op.type=3 op.reqBuff=0x7fc44801b3f0 op.respSize=80 done
proj186:3272153:3272307 [2] NCCL INFO New proxy send connection 16 from local rank 2, transport 0
proj186:3272156:3272300 [5] NCCL INFO Allocated shareable buffer 0x7fa651800000 size 6291456 ipcDesc 0x7fa658020fd0
proj186:3272153:3272307 [2] NCCL INFO proxyProgressAsync opId=0x7fea7dfeca10 op.type=1 op.reqBuff=0x7fea7401e670 op.respSize=16 done
proj186:3272156:3272300 [5] NCCL INFO proxyProgressAsync opId=0x7fa662533180 op.type=3 op.reqBuff=0x7fa658021ca0 op.respSize=80 done
proj186:3272153:3272282 [2] NCCL INFO ncclPollProxyResponse Received new opId=0x7fea7dfeca10
proj186:3272153:3272307 [2] NCCL INFO Received and initiated operation=Init res=0
proj186:3272154:3272306 [3] NCCL INFO transport/p2p.cc:204 Cuda Alloc Size 6291456 pointer 0x7f83bb200000
proj186:3272153:3272282 [2] NCCL INFO recvOpId=0x7fea7dfeca10 matches expected opId=0x7fea7dfeca10
proj186:3272153:3272282 [2] NCCL INFO Connection to proxy localRank 2 -> connection 0x7fea74003650
proj186:3272155:3272283 [4] NCCL INFO ncclPollProxyResponse Received new opId=0x7fc451fed260
proj186:3272156:3272287 [5] NCCL INFO ncclPollProxyResponse Received new opId=0x7fa662533180
proj186:3272155:3272283 [4] NCCL INFO recvOpId=0x7fc451fed260 matches expected opId=0x7fc451fed260
proj186:3272155:3272305 [4] NCCL INFO Received and initiated operation=Setup res=0
proj186:3272156:3272287 [5] NCCL INFO recvOpId=0x7fa662533180 matches expected opId=0x7fa662533180
proj186:3272156:3272300 [5] NCCL INFO Received and initiated operation=Setup res=0
proj186:3272156:3272287 [5] NCCL INFO Channel 04/0 : 5[5] -> 6[6] via P2P/IPC/read
proj186:3272157:3272301 [6] NCCL INFO transport/p2p.cc:204 Cuda Alloc Size 6291456 pointer 0x7fafc0000000
proj186:3272156:3272300 [5] NCCL INFO New proxy send connection 20 from local rank 5, transport 0
proj186:3272156:3272300 [5] NCCL INFO proxyProgressAsync opId=0x7fa662533180 op.type=1 op.reqBuff=0x7fa658021ca0 op.respSize=16 done
proj186:3272155:3272305 [4] NCCL INFO New proxy recv connection 12 from local rank 4, transport 0
proj186:3272154:3272306 [3] NCCL INFO Allocated shareable buffer 0x7f83bb200000 size 6291456 ipcDesc 0x7f83c0017d90
proj186:3272155:3272305 [4] NCCL INFO proxyProgressAsync opId=0x7fc451fed260 op.type=1 op.reqBuff=0x7fc44801b3f0 op.respSize=16 done
proj186:3272154:3272306 [3] NCCL INFO proxyProgressAsync opId=0x7f83c9fed260 op.type=3 op.reqBuff=0x7f83c001cd30 op.respSize=80 done
proj186:3272156:3272287 [5] NCCL INFO ncclPollProxyResponse Received new opId=0x7fa662533180
proj186:3272155:3272283 [4] NCCL INFO ncclPollProxyResponse Received new opId=0x7fc451fed260
proj186:3272156:3272287 [5] NCCL INFO recvOpId=0x7fa662533180 matches expected opId=0x7fa662533180
proj186:3272155:3272283 [4] NCCL INFO recvOpId=0x7fc451fed260 matches expected opId=0x7fc451fed260
proj186:3272156:3272287 [5] NCCL INFO Connection to proxy localRank 5 -> connection 0x7fa658003790
proj186:3272155:3272283 [4] NCCL INFO Connection to proxy localRank 4 -> connection 0x7fc448003510
proj186:3272154:3272281 [3] NCCL INFO ncclPollProxyResponse Received new opId=0x7f83c9fed260
proj186:3272155:3272305 [4] NCCL INFO Received and initiated operation=Init res=0
proj186:3272156:3272300 [5] NCCL INFO Received and initiated operation=Init res=0
proj186:3272154:3272281 [3] NCCL INFO recvOpId=0x7f83c9fed260 matches expected opId=0x7f83c9fed260
proj186:3272154:3272306 [3] NCCL INFO Received and initiated operation=Setup res=0
proj186:3272154:3272306 [3] NCCL INFO New proxy recv connection 14 from local rank 3, transport 0
proj186:3272154:3272306 [3] NCCL INFO proxyProgressAsync opId=0x7f83c9fed260 op.type=1 op.reqBuff=0x7f83c001cd30 op.respSize=16 done
proj186:3272154:3272281 [3] NCCL INFO ncclPollProxyResponse Received new opId=0x7f83c9fed260
proj186:3272157:3272301 [6] NCCL INFO Allocated shareable buffer 0x7fafc0000000 size 6291456 ipcDesc 0x7fafc8017d90
proj186:3272157:3272301 [6] NCCL INFO proxyProgressAsync opId=0x7fafd1fed320 op.type=3 op.reqBuff=0x7fafc801e670 op.respSize=80 done
proj186:3272154:3272281 [3] NCCL INFO recvOpId=0x7f83c9fed260 matches expected opId=0x7f83c9fed260
proj186:3272154:3272281 [3] NCCL INFO Connection to proxy localRank 3 -> connection 0x7f83c00035b0
proj186:3272154:3272306 [3] NCCL INFO Received and initiated operation=Init res=0
proj186:3272157:3272286 [6] NCCL INFO ncclPollProxyResponse Received new opId=0x7fafd1fed320
proj186:3272157:3272286 [6] NCCL INFO recvOpId=0x7fafd1fed320 matches expected opId=0x7fafd1fed320
proj186:3272157:3272301 [6] NCCL INFO Received and initiated operation=Setup res=0
proj186:3272157:3272286 [6] NCCL INFO Channel 00/0 : 6[6] -> 7[7] via P2P/IPC/read
proj186:3272157:3272301 [6] NCCL INFO New proxy send connection 16 from local rank 6, transport 0
proj186:3272157:3272301 [6] NCCL INFO proxyProgressAsync opId=0x7fafd1fed320 op.type=1 op.reqBuff=0x7fafc801e670 op.respSize=16 done
proj186:3272157:3272286 [6] NCCL INFO ncclPollProxyResponse Received new opId=0x7fafd1fed320
proj186:3272157:3272286 [6] NCCL INFO recvOpId=0x7fafd1fed320 matches expected opId=0x7fafd1fed320
proj186:3272157:3272286 [6] NCCL INFO Connection to proxy localRank 6 -> connection 0x7fafc8003650
proj186:3272157:3272301 [6] NCCL INFO Received and initiated operation=Init res=0
proj186:3272151:3272302 [0] NCCL INFO transport/p2p.cc:204 Cuda Alloc Size 6291456 pointer 0x7f0142c00000
proj186:3272158:3272304 [7] NCCL INFO transport/p2p.cc:204 Cuda Alloc Size 6291456 pointer 0x7fb8d8000000
proj186:3272153:3272307 [2] NCCL INFO transport/p2p.cc:204 Cuda Alloc Size 6291456 pointer 0x7fea6c600000
proj186:3272152:3272303 [1] NCCL INFO transport/p2p.cc:204 Cuda Alloc Size 6291456 pointer 0x7f6052c00000
proj186:3272151:3272302 [0] NCCL INFO Allocated shareable buffer 0x7f0142c00000 size 6291456 ipcDesc 0x7f0160017cf0
proj186:3272151:3272302 [0] NCCL INFO proxyProgressAsync opId=0x7f014dfed320 op.type=3 op.reqBuff=0x7f01600202c0 op.respSize=80 done
proj186:3272151:3272280 [0] NCCL INFO ncclPollProxyResponse Received new opId=0x7f014dfed320
proj186:3272151:3272280 [0] NCCL INFO recvOpId=0x7f014dfed320 matches expected opId=0x7f014dfed320
proj186:3272151:3272280 [0] NCCL INFO Channel 02/0 : 0[0] -> 1[1] via P2P/IPC/read
proj186:3272151:3272302 [0] NCCL INFO Received and initiated operation=Setup res=0
proj186:3272158:3272304 [7] NCCL INFO Allocated shareable buffer 0x7fb8d8000000 size 6291456 ipcDesc 0x7fb8e0017d90
proj186:3272158:3272304 [7] NCCL INFO proxyProgressAsync opId=0x7fb8e9fed260 op.type=3 op.reqBuff=0x7fb8e001e670 op.respSize=80 done
proj186:3272158:3272284 [7] NCCL INFO ncclPollProxyResponse Received new opId=0x7fb8e9fed260
proj186:3272158:3272284 [7] NCCL INFO recvOpId=0x7fb8e9fed260 matches expected opId=0x7fb8e9fed260
proj186:3272158:3272304 [7] NCCL INFO Received and initiated operation=Setup res=0
proj186:3272151:3272302 [0] NCCL INFO New proxy send connection 18 from local rank 0, transport 0
proj186:3272158:3272284 [7] NCCL INFO Channel 00/0 : 7[7] -> 0[0] via P2P/IPC/read
proj186:3272151:3272302 [0] NCCL INFO proxyProgressAsync opId=0x7f014dfed320 op.type=1 op.reqBuff=0x7f01600202c0 op.respSize=16 done
proj186:3272151:3272280 [0] NCCL INFO ncclPollProxyResponse Received new opId=0x7f014dfed320
proj186:3272158:3272304 [7] NCCL INFO New proxy send connection 16 from local rank 7, transport 0
proj186:3272158:3272304 [7] NCCL INFO proxyProgressAsync opId=0x7fb8e9fed260 op.type=1 op.reqBuff=0x7fb8e001e670 op.respSize=16 done
proj186:3272151:3272280 [0] NCCL INFO recvOpId=0x7f014dfed320 matches expected opId=0x7f014dfed320
proj186:3272151:3272280 [0] NCCL INFO Connection to proxy localRank 0 -> connection 0x7f01600036f0
proj186:3272158:3272284 [7] NCCL INFO ncclPollProxyResponse Received new opId=0x7fb8e9fed260
proj186:3272151:3272302 [0] NCCL INFO Received and initiated operation=Init res=0
proj186:3272158:3272284 [7] NCCL INFO recvOpId=0x7fb8e9fed260 matches expected opId=0x7fb8e9fed260
proj186:3272158:3272284 [7] NCCL INFO Connection to proxy localRank 7 -> connection 0x7fb8e0003650
proj186:3272153:3272307 [2] NCCL INFO Allocated shareable buffer 0x7fea6c600000 size 6291456 ipcDesc 0x7fea74017d90
proj186:3272158:3272304 [7] NCCL INFO Received and initiated operation=Init res=0
proj186:3272153:3272307 [2] NCCL INFO proxyProgressAsync opId=0x7fea7dfeca10 op.type=3 op.reqBuff=0x7fea7401f6c0 op.respSize=80 done
proj186:3272153:3272282 [2] NCCL INFO ncclPollProxyResponse Received new opId=0x7fea7dfeca10
proj186:3272152:3272303 [1] NCCL INFO Allocated shareable buffer 0x7f6052c00000 size 6291456 ipcDesc 0x7f6058017d90
proj186:3272152:3272303 [1] NCCL INFO proxyProgressAsync opId=0x7f6061fed260 op.type=3 op.reqBuff=0x7f605801c090 op.respSize=80 done
proj186:3272153:3272307 [2] NCCL INFO Received and initiated operation=Setup res=0
proj186:3272153:3272282 [2] NCCL INFO recvOpId=0x7fea7dfeca10 matches expected opId=0x7fea7dfeca10
proj186:3272153:3272282 [2] NCCL INFO Channel 01/0 : 2[2] -> 3[3] via P2P/IPC/read
proj186:3272152:3272285 [1] NCCL INFO ncclPollProxyResponse Received new opId=0x7f6061fed260
proj186:3272152:3272285 [1] NCCL INFO recvOpId=0x7f6061fed260 matches expected opId=0x7f6061fed260
proj186:3272152:3272303 [1] NCCL INFO Received and initiated operation=Setup res=0
proj186:3272153:3272307 [2] NCCL INFO New proxy send connection 17 from local rank 2, transport 0
proj186:3272153:3272307 [2] NCCL INFO proxyProgressAsync opId=0x7fea7dfeca10 op.type=1 op.reqBuff=0x7fea7401f6c0 op.respSize=16 done
proj186:3272153:3272282 [2] NCCL INFO ncclPollProxyResponse Received new opId=0x7fea7dfeca10
proj186:3272153:3272307 [2] NCCL INFO Received and initiated operation=Init res=0
proj186:3272153:3272282 [2] NCCL INFO recvOpId=0x7fea7dfeca10 matches expected opId=0x7fea7dfeca10
proj186:3272153:3272282 [2] NCCL INFO Connection to proxy localRank 2 -> connection 0x7fea740036a0
proj186:3272152:3272303 [1] NCCL INFO New proxy recv connection 13 from local rank 1, transport 0
proj186:3272152:3272303 [1] NCCL INFO proxyProgressAsync opId=0x7f6061fed260 op.type=1 op.reqBuff=0x7f605801c090 op.respSize=16 done
proj186:3272152:3272285 [1] NCCL INFO ncclPollProxyResponse Received new opId=0x7f6061fed260
proj186:3272152:3272285 [1] NCCL INFO recvOpId=0x7f6061fed260 matches expected opId=0x7f6061fed260
proj186:3272152:3272285 [1] NCCL INFO Connection to proxy localRank 1 -> connection 0x7f6058003560
proj186:3272152:3272303 [1] NCCL INFO Received and initiated operation=Init res=0
proj186:3272155:3272305 [4] NCCL INFO transport/p2p.cc:204 Cuda Alloc Size 6291456 pointer 0x7fc442c00000
proj186:3272156:3272300 [5] NCCL INFO transport/p2p.cc:204 Cuda Alloc Size 6291456 pointer 0x7fa64e000000
proj186:3272154:3272306 [3] NCCL INFO transport/p2p.cc:204 Cuda Alloc Size 6291456 pointer 0x7f83bb800000
proj186:3272155:3272305 [4] NCCL INFO Allocated shareable buffer 0x7fc442c00000 size 6291456 ipcDesc 0x7fc448017d90
proj186:3272155:3272305 [4] NCCL INFO proxyProgressAsync opId=0x7fc451fed260 op.type=3 op.reqBuff=0x7fc44801c090 op.respSize=80 done
proj186:3272155:3272283 [4] NCCL INFO ncclPollProxyResponse Received new opId=0x7fc451fed260
proj186:3272155:3272283 [4] NCCL INFO recvOpId=0x7fc451fed260 matches expected opId=0x7fc451fed260
proj186:3272155:3272305 [4] NCCL INFO Received and initiated operation=Setup res=0
proj186:3272157:3272301 [6] NCCL INFO transport/p2p.cc:204 Cuda Alloc Size 6291456 pointer 0x7fafc0600000
proj186:3272156:3272300 [5] NCCL INFO Allocated shareable buffer 0x7fa64e000000 size 6291456 ipcDesc 0x7fa658020fd0
proj186:3272155:3272305 [4] NCCL INFO New proxy recv connection 13 from local rank 4, transport 0
proj186:3272156:3272300 [5] NCCL INFO proxyProgressAsync opId=0x7fa662533180 op.type=3 op.reqBuff=0x7fa658022940 op.respSize=80 done
proj186:3272155:3272305 [4] NCCL INFO proxyProgressAsync opId=0x7fc451fed260 op.type=1 op.reqBuff=0x7fc44801c090 op.respSize=16 done
proj186:3272154:3272306 [3] NCCL INFO Allocated shareable buffer 0x7f83bb800000 size 6291456 ipcDesc 0x7f83c0017d90
proj186:3272155:3272283 [4] NCCL INFO ncclPollProxyResponse Received new opId=0x7fc451fed260
proj186:3272154:3272306 [3] NCCL INFO proxyProgressAsync opId=0x7f83c9fed260 op.type=3 op.reqBuff=0x7f83c001d9d0 op.respSize=80 done
proj186:3272156:3272287 [5] NCCL INFO ncclPollProxyResponse Received new opId=0x7fa662533180
proj186:3272155:3272283 [4] NCCL INFO recvOpId=0x7fc451fed260 matches expected opId=0x7fc451fed260
proj186:3272155:3272283 [4] NCCL INFO Connection to proxy localRank 4 -> connection 0x7fc448003560
proj186:3272155:3272305 [4] NCCL INFO Received and initiated operation=Init res=0
proj186:3272154:3272281 [3] NCCL INFO ncclPollProxyResponse Received new opId=0x7f83c9fed260
proj186:3272156:3272287 [5] NCCL INFO recvOpId=0x7fa662533180 matches expected opId=0x7fa662533180
proj186:3272156:3272287 [5] NCCL INFO Channel 05/0 : 5[5] -> 6[6] via P2P/IPC/read
proj186:3272156:3272300 [5] NCCL INFO Received and initiated operation=Setup res=0
proj186:3272154:3272281 [3] NCCL INFO recvOpId=0x7f83c9fed260 matches expected opId=0x7f83c9fed260
proj186:3272154:3272306 [3] NCCL INFO Received and initiated operation=Setup res=0
proj186:3272156:3272300 [5] NCCL INFO New proxy send connection 21 from local rank 5, transport 0
proj186:3272156:3272300 [5] NCCL INFO proxyProgressAsync opId=0x7fa662533180 op.type=1 op.reqBuff=0x7fa658022940 op.respSize=16 done
proj186:3272156:3272287 [5] NCCL INFO ncclPollProxyResponse Received new opId=0x7fa662533180
proj186:3272154:3272306 [3] NCCL INFO New proxy recv connection 15 from local rank 3, transport 0
proj186:3272154:3272306 [3] NCCL INFO proxyProgressAsync opId=0x7f83c9fed260 op.type=1 op.reqBuff=0x7f83c001d9d0 op.respSize=16 done
proj186:3272156:3272287 [5] NCCL INFO recvOpId=0x7fa662533180 matches expected opId=0x7fa662533180
proj186:3272156:3272287 [5] NCCL INFO Connection to proxy localRank 5 -> connection 0x7fa6580037e0
proj186:3272156:3272300 [5] NCCL INFO Received and initiated operation=Init res=0
proj186:3272157:3272301 [6] NCCL INFO Allocated shareable buffer 0x7fafc0600000 size 6291456 ipcDesc 0x7fafc8017d90
proj186:3272154:3272281 [3] NCCL INFO ncclPollProxyResponse Received new opId=0x7f83c9fed260
proj186:3272157:3272301 [6] NCCL INFO proxyProgressAsync opId=0x7fafd1fed320 op.type=3 op.reqBuff=0x7fafc801f6c0 op.respSize=80 done
proj186:3272154:3272281 [3] NCCL INFO recvOpId=0x7f83c9fed260 matches expected opId=0x7f83c9fed260
proj186:3272154:3272281 [3] NCCL INFO Connection to proxy localRank 3 -> connection 0x7f83c0003600
proj186:3272157:3272286 [6] NCCL INFO ncclPollProxyResponse Received new opId=0x7fafd1fed320
proj186:3272154:3272306 [3] NCCL INFO Received and initiated operation=Init res=0
proj186:3272157:3272286 [6] NCCL INFO recvOpId=0x7fafd1fed320 matches expected opId=0x7fafd1fed320
proj186:3272157:3272286 [6] NCCL INFO Channel 01/0 : 6[6] -> 7[7] via P2P/IPC/read
proj186:3272157:3272301 [6] NCCL INFO Received and initiated operation=Setup res=0
proj186:3272157:3272301 [6] NCCL INFO New proxy send connection 17 from local rank 6, transport 0
proj186:3272157:3272301 [6] NCCL INFO proxyProgressAsync opId=0x7fafd1fed320 op.type=1 op.reqBuff=0x7fafc801f6c0 op.respSize=16 done
proj186:3272157:3272286 [6] NCCL INFO ncclPollProxyResponse Received new opId=0x7fafd1fed320
proj186:3272157:3272286 [6] NCCL INFO recvOpId=0x7fafd1fed320 matches expected opId=0x7fafd1fed320
proj186:3272157:3272286 [6] NCCL INFO Connection to proxy localRank 6 -> connection 0x7fafc80036a0
proj186:3272157:3272301 [6] NCCL INFO Received and initiated operation=Init res=0
proj186:3272158:3272304 [7] NCCL INFO transport/p2p.cc:204 Cuda Alloc Size 6291456 pointer 0x7fb8d8600000
proj186:3272153:3272307 [2] NCCL INFO transport/p2p.cc:204 Cuda Alloc Size 6291456 pointer 0x7fea6cc00000
proj186:3272151:3272302 [0] NCCL INFO transport/p2p.cc:204 Cuda Alloc Size 6291456 pointer 0x7f0143200000
proj186:3272158:3272304 [7] NCCL INFO Allocated shareable buffer 0x7fb8d8600000 size 6291456 ipcDesc 0x7fb8e0017d90
proj186:3272158:3272304 [7] NCCL INFO proxyProgressAsync opId=0x7fb8e9fed260 op.type=3 op.reqBuff=0x7fb8e001f6c0 op.respSize=80 done
proj186:3272153:3272307 [2] NCCL INFO Allocated shareable buffer 0x7fea6cc00000 size 6291456 ipcDesc 0x7fea74017d90
proj186:3272153:3272307 [2] NCCL INFO proxyProgressAsync opId=0x7fea7dfeca10 op.type=3 op.reqBuff=0x7fea74020360 op.respSize=80 done
proj186:3272158:3272284 [7] NCCL INFO ncclPollProxyResponse Received new opId=0x7fb8e9fed260
proj186:3272153:3272282 [2] NCCL INFO ncclPollProxyResponse Received new opId=0x7fea7dfeca10
proj186:3272153:3272307 [2] NCCL INFO Received and initiated operation=Setup res=0
proj186:3272158:3272284 [7] NCCL INFO recvOpId=0x7fb8e9fed260 matches expected opId=0x7fb8e9fed260
proj186:3272158:3272304 [7] NCCL INFO Received and initiated operation=Setup res=0
proj186:3272153:3272282 [2] NCCL INFO recvOpId=0x7fea7dfeca10 matches expected opId=0x7fea7dfeca10
proj186:3272158:3272284 [7] NCCL INFO Channel 01/0 : 7[7] -> 0[0] via P2P/IPC/read
proj186:3272153:3272282 [2] NCCL INFO Channel 02/0 : 2[2] -> 3[3] via P2P/IPC/read
proj186:3272158:3272304 [7] NCCL INFO New proxy send connection 17 from local rank 7, transport 0
proj186:3272158:3272304 [7] NCCL INFO proxyProgressAsync opId=0x7fb8e9fed260 op.type=1 op.reqBuff=0x7fb8e001f6c0 op.respSize=16 done
proj186:3272158:3272284 [7] NCCL INFO ncclPollProxyResponse Received new opId=0x7fb8e9fed260
proj186:3272152:3272303 [1] NCCL INFO transport/p2p.cc:204 Cuda Alloc Size 6291456 pointer 0x7f6053200000
proj186:3272158:3272284 [7] NCCL INFO recvOpId=0x7fb8e9fed260 matches expected opId=0x7fb8e9fed260
proj186:3272158:3272284 [7] NCCL INFO Connection to proxy localRank 7 -> connection 0x7fb8e00036a0
proj186:3272153:3272307 [2] NCCL INFO New proxy send connection 18 from local rank 2, transport 0
proj186:3272158:3272304 [7] NCCL INFO Received and initiated operation=Init res=0
proj186:3272153:3272307 [2] NCCL INFO proxyProgressAsync opId=0x7fea7dfeca10 op.type=1 op.reqBuff=0x7fea74017dc0 op.respSize=16 done
proj186:3272153:3272282 [2] NCCL INFO ncclPollProxyResponse Received new opId=0x7fea7dfeca10
proj186:3272153:3272307 [2] NCCL INFO Received and initiated operation=Init res=0
proj186:3272153:3272282 [2] NCCL INFO recvOpId=0x7fea7dfeca10 matches expected opId=0x7fea7dfeca10
proj186:3272153:3272282 [2] NCCL INFO Connection to proxy localRank 2 -> connection 0x7fea740036f0
proj186:3272151:3272302 [0] NCCL INFO Allocated shareable buffer 0x7f0143200000 size 6291456 ipcDesc 0x7f0160017cf0
proj186:3272151:3272302 [0] NCCL INFO proxyProgressAsync opId=0x7f014dfed320 op.type=3 op.reqBuff=0x7f0160020f60 op.respSize=80 done
proj186:3272151:3272280 [0] NCCL INFO ncclPollProxyResponse Received new opId=0x7f014dfed320
proj186:3272151:3272280 [0] NCCL INFO recvOpId=0x7f014dfed320 matches expected opId=0x7f014dfed320
proj186:3272151:3272280 [0] NCCL INFO Channel 03/0 : 0[0] -> 1[1] via P2P/IPC/read
proj186:3272151:3272302 [0] NCCL INFO Received and initiated operation=Setup res=0
proj186:3272151:3272302 [0] NCCL INFO New proxy send connection 19 from local rank 0, transport 0
proj186:3272151:3272302 [0] NCCL INFO proxyProgressAsync opId=0x7f014dfed320 op.type=1 op.reqBuff=0x7f0160020f60 op.respSize=16 done
proj186:3272151:3272280 [0] NCCL INFO ncclPollProxyResponse Received new opId=0x7f014dfed320
proj186:3272152:3272303 [1] NCCL INFO Allocated shareable buffer 0x7f6053200000 size 6291456 ipcDesc 0x7f6058017d90
proj186:3272152:3272303 [1] NCCL INFO proxyProgressAsync opId=0x7f6061fed260 op.type=3 op.reqBuff=0x7f605801cd30 op.respSize=80 done
proj186:3272151:3272280 [0] NCCL INFO recvOpId=0x7f014dfed320 matches expected opId=0x7f014dfed320
proj186:3272151:3272280 [0] NCCL INFO Connection to proxy localRank 0 -> connection 0x7f0160003740
proj186:3272151:3272302 [0] NCCL INFO Received and initiated operation=Init res=0
proj186:3272152:3272285 [1] NCCL INFO ncclPollProxyResponse Received new opId=0x7f6061fed260
proj186:3272152:3272285 [1] NCCL INFO recvOpId=0x7f6061fed260 matches expected opId=0x7f6061fed260
proj186:3272152:3272303 [1] NCCL INFO Received and initiated operation=Setup res=0
proj186:3272152:3272303 [1] NCCL INFO New proxy recv connection 14 from local rank 1, transport 0
proj186:3272152:3272303 [1] NCCL INFO proxyProgressAsync opId=0x7f6061fed260 op.type=1 op.reqBuff=0x7f605801cd30 op.respSize=16 done
proj186:3272152:3272285 [1] NCCL INFO ncclPollProxyResponse Received new opId=0x7f6061fed260
proj186:3272152:3272285 [1] NCCL INFO recvOpId=0x7f6061fed260 matches expected opId=0x7f6061fed260
proj186:3272152:3272285 [1] NCCL INFO Connection to proxy localRank 1 -> connection 0x7f60580035b0
proj186:3272152:3272303 [1] NCCL INFO Received and initiated operation=Init res=0
proj186:3272155:3272305 [4] NCCL INFO transport/p2p.cc:204 Cuda Alloc Size 6291456 pointer 0x7fc443200000
proj186:3272156:3272300 [5] NCCL INFO transport/p2p.cc:204 Cuda Alloc Size 6291456 pointer 0x7fa64e600000
proj186:3272155:3272305 [4] NCCL INFO Allocated shareable buffer 0x7fc443200000 size 6291456 ipcDesc 0x7fc448017d90
proj186:3272155:3272305 [4] NCCL INFO proxyProgressAsync opId=0x7fc451fed260 op.type=3 op.reqBuff=0x7fc44801cd30 op.respSize=80 done
