proj186:3272157:3272286 [6] NCCL INFO channel.cc:43 Cuda Alloc Size 136 pointer 0x7fafcfc01c00
proj186:3272157:3272286 [6] NCCL INFO channel.cc:54 Cuda Alloc Size 32 pointer 0x7fafcfc01e00
proj186:3272157:3272286 [6] NCCL INFO channel.cc:40 Cuda Alloc Size 3072 pointer 0x7fafcfc02000
proj186:3272157:3272286 [6] NCCL INFO channel.cc:43 Cuda Alloc Size 136 pointer 0x7fafcfc02c00
proj186:3272157:3272286 [6] NCCL INFO channel.cc:54 Cuda Alloc Size 32 pointer 0x7fafcfc02e00
proj186:3272157:3272286 [6] NCCL INFO channel.cc:40 Cuda Alloc Size 3072 pointer 0x7fafcfc03000
proj186:3272157:3272286 [6] NCCL INFO channel.cc:43 Cuda Alloc Size 136 pointer 0x7fafcfc03c00
proj186:3272157:3272286 [6] NCCL INFO channel.cc:54 Cuda Alloc Size 32 pointer 0x7fafcfc03e00
proj186:3272157:3272286 [6] NCCL INFO channel.cc:40 Cuda Alloc Size 3072 pointer 0x7fafcfc04000
proj186:3272157:3272286 [6] NCCL INFO channel.cc:43 Cuda Alloc Size 136 pointer 0x7fafcfc04c00
proj186:3272157:3272286 [6] NCCL INFO channel.cc:54 Cuda Alloc Size 32 pointer 0x7fafcfc04e00
proj186:3272151:3272280 [0] NCCL INFO channel.cc:40 Cuda Alloc Size 3072 pointer 0x7f014bc00000
proj186:3272156:3272300 [5] NCCL INFO Allocated shareable buffer 0x7fa657200000 size 6291456 ipcDesc 0x7fa6580143e0
proj186:3272156:3272300 [5] NCCL INFO proxyProgressAsync opId=0x7fa662533180 op.type=3 op.reqBuff=0x7fa658014370 op.respSize=80 done
proj186:3272157:3272286 [6] NCCL INFO channel.cc:40 Cuda Alloc Size 3072 pointer 0x7fafcfc05000
proj186:3272151:3272280 [0] NCCL INFO channel.cc:43 Cuda Alloc Size 136 pointer 0x7f014bc00c00
proj186:3272157:3272286 [6] NCCL INFO channel.cc:43 Cuda Alloc Size 136 pointer 0x7fafcfc05c00
proj186:3272156:3272287 [5] NCCL INFO ncclPollProxyResponse Received new opId=0x7fa662533180
proj186:3272156:3272300 [5] NCCL INFO Received and initiated operation=Setup res=0
proj186:3272156:3272287 [5] NCCL INFO recvOpId=0x7fa662533180 matches expected opId=0x7fa662533180
proj186:3272157:3272286 [6] NCCL INFO channel.cc:54 Cuda Alloc Size 32 pointer 0x7fafcfc05e00
proj186:3272152:3272285 [1] NCCL INFO channel.cc:40 Cuda Alloc Size 3072 pointer 0x7f605fc00000
proj186:3272157:3272286 [6] NCCL INFO channel.cc:40 Cuda Alloc Size 3072 pointer 0x7fafcfc06000
proj186:3272157:3272286 [6] NCCL INFO channel.cc:43 Cuda Alloc Size 136 pointer 0x7fafcfc06c00
proj186:3272151:3272280 [0] NCCL INFO channel.cc:54 Cuda Alloc Size 32 pointer 0x7f014bc00e00
proj186:3272156:3272300 [5] NCCL INFO New proxy recv connection 4 from local rank 5, transport 0
proj186:3272156:3272300 [5] NCCL INFO proxyProgressAsync opId=0x7fa662533180 op.type=1 op.reqBuff=0x7fa658014370 op.respSize=16 done
proj186:3272156:3272287 [5] NCCL INFO ncclPollProxyResponse Received new opId=0x7fa662533180
proj186:3272155:3272283 [4] NCCL INFO channel.cc:40 Cuda Alloc Size 3072 pointer 0x7fc44fc00000
proj186:3272151:3272280 [0] NCCL INFO channel.cc:40 Cuda Alloc Size 3072 pointer 0x7f014bc01000
proj186:3272157:3272286 [6] NCCL INFO channel.cc:54 Cuda Alloc Size 32 pointer 0x7fafcfc06e00
proj186:3272156:3272300 [5] NCCL INFO Received and initiated operation=Init res=0
proj186:3272151:3272280 [0] NCCL INFO channel.cc:43 Cuda Alloc Size 136 pointer 0x7f014bc01c00
proj186:3272156:3272287 [5] NCCL INFO recvOpId=0x7fa662533180 matches expected opId=0x7fa662533180
proj186:3272152:3272285 [1] NCCL INFO channel.cc:43 Cuda Alloc Size 136 pointer 0x7f605fc00c00
proj186:3272156:3272287 [5] NCCL INFO Connection to proxy localRank 5 -> connection 0x7fa658003290
proj186:3272157:3272286 [6] NCCL INFO channel.cc:40 Cuda Alloc Size 3072 pointer 0x7fafcfc07000
proj186:3272157:3272286 [6] NCCL INFO channel.cc:43 Cuda Alloc Size 136 pointer 0x7fafcfc07c00
proj186:3272151:3272280 [0] NCCL INFO channel.cc:54 Cuda Alloc Size 32 pointer 0x7f014bc01e00
proj186:3272155:3272283 [4] NCCL INFO channel.cc:43 Cuda Alloc Size 136 pointer 0x7fc44fc00c00
proj186:3272151:3272280 [0] NCCL INFO channel.cc:40 Cuda Alloc Size 3072 pointer 0x7f014bc02000
proj186:3272158:3272284 [7] NCCL INFO channel.cc:40 Cuda Alloc Size 3072 pointer 0x7fb8e7c00000
proj186:3272157:3272286 [6] NCCL INFO channel.cc:54 Cuda Alloc Size 32 pointer 0x7fafcfc07e00
proj186:3272151:3272280 [0] NCCL INFO channel.cc:43 Cuda Alloc Size 136 pointer 0x7f014bc02c00
proj186:3272157:3272286 [6] NCCL INFO channel.cc:40 Cuda Alloc Size 3072 pointer 0x7fafcfc08000
proj186:3272154:3272281 [3] NCCL INFO channel.cc:40 Cuda Alloc Size 3072 pointer 0x7f83c7c00000
proj186:3272157:3272286 [6] NCCL INFO channel.cc:43 Cuda Alloc Size 136 pointer 0x7fafcfc08c00
proj186:3272151:3272280 [0] NCCL INFO channel.cc:54 Cuda Alloc Size 32 pointer 0x7f014bc02e00
proj186:3272151:3272280 [0] NCCL INFO channel.cc:40 Cuda Alloc Size 3072 pointer 0x7f014bc03000
proj186:3272153:3272282 [2] NCCL INFO channel.cc:40 Cuda Alloc Size 3072 pointer 0x7fea7bc00000
proj186:3272155:3272283 [4] NCCL INFO channel.cc:54 Cuda Alloc Size 32 pointer 0x7fc44fc00e00
proj186:3272151:3272280 [0] NCCL INFO channel.cc:43 Cuda Alloc Size 136 pointer 0x7f014bc03c00
proj186:3272157:3272286 [6] NCCL INFO channel.cc:54 Cuda Alloc Size 32 pointer 0x7fafcfc08e00
proj186:3272158:3272284 [7] NCCL INFO channel.cc:43 Cuda Alloc Size 136 pointer 0x7fb8e7c00c00
proj186:3272154:3272281 [3] NCCL INFO channel.cc:43 Cuda Alloc Size 136 pointer 0x7f83c7c00c00
proj186:3272157:3272286 [6] NCCL INFO channel.cc:40 Cuda Alloc Size 3072 pointer 0x7fafcfc09000
proj186:3272155:3272283 [4] NCCL INFO channel.cc:40 Cuda Alloc Size 3072 pointer 0x7fc44fc01000
proj186:3272151:3272280 [0] NCCL INFO channel.cc:54 Cuda Alloc Size 32 pointer 0x7f014bc03e00
proj186:3272157:3272286 [6] NCCL INFO channel.cc:43 Cuda Alloc Size 136 pointer 0x7fafcfc09c00
proj186:3272155:3272283 [4] NCCL INFO channel.cc:43 Cuda Alloc Size 136 pointer 0x7fc44fc01c00
proj186:3272151:3272280 [0] NCCL INFO channel.cc:40 Cuda Alloc Size 3072 pointer 0x7f014bc04000
proj186:3272152:3272285 [1] NCCL INFO channel.cc:54 Cuda Alloc Size 32 pointer 0x7f605fc00e00
proj186:3272153:3272282 [2] NCCL INFO channel.cc:43 Cuda Alloc Size 136 pointer 0x7fea7bc00c00
proj186:3272151:3272280 [0] NCCL INFO channel.cc:43 Cuda Alloc Size 136 pointer 0x7f014bc04c00
proj186:3272157:3272286 [6] NCCL INFO channel.cc:54 Cuda Alloc Size 32 pointer 0x7fafcfc09e00
proj186:3272155:3272283 [4] NCCL INFO channel.cc:54 Cuda Alloc Size 32 pointer 0x7fc44fc01e00
proj186:3272157:3272286 [6] NCCL INFO channel.cc:40 Cuda Alloc Size 3072 pointer 0x7fafcfc0a000
proj186:3272151:3272280 [0] NCCL INFO channel.cc:54 Cuda Alloc Size 32 pointer 0x7f014bc04e00
proj186:3272152:3272285 [1] NCCL INFO channel.cc:40 Cuda Alloc Size 3072 pointer 0x7f605fc01000
proj186:3272155:3272283 [4] NCCL INFO channel.cc:40 Cuda Alloc Size 3072 pointer 0x7fc44fc02000
proj186:3272157:3272286 [6] NCCL INFO channel.cc:43 Cuda Alloc Size 136 pointer 0x7fafcfc0ac00
proj186:3272152:3272285 [1] NCCL INFO channel.cc:43 Cuda Alloc Size 136 pointer 0x7f605fc01c00
proj186:3272155:3272283 [4] NCCL INFO channel.cc:43 Cuda Alloc Size 136 pointer 0x7fc44fc02c00
proj186:3272151:3272280 [0] NCCL INFO channel.cc:40 Cuda Alloc Size 3072 pointer 0x7f014bc05000
proj186:3272151:3272280 [0] NCCL INFO channel.cc:43 Cuda Alloc Size 136 pointer 0x7f014bc05c00
proj186:3272157:3272286 [6] NCCL INFO channel.cc:54 Cuda Alloc Size 32 pointer 0x7fafcfc0ae00
proj186:3272152:3272285 [1] NCCL INFO channel.cc:54 Cuda Alloc Size 32 pointer 0x7f605fc01e00
proj186:3272155:3272283 [4] NCCL INFO channel.cc:54 Cuda Alloc Size 32 pointer 0x7fc44fc02e00
proj186:3272151:3272280 [0] NCCL INFO channel.cc:54 Cuda Alloc Size 32 pointer 0x7f014bc05e00
proj186:3272152:3272285 [1] NCCL INFO channel.cc:40 Cuda Alloc Size 3072 pointer 0x7f605fc02000
proj186:3272155:3272283 [4] NCCL INFO channel.cc:40 Cuda Alloc Size 3072 pointer 0x7fc44fc03000
proj186:3272157:3272286 [6] NCCL INFO channel.cc:40 Cuda Alloc Size 3072 pointer 0x7fafcfc0b000
proj186:3272158:3272284 [7] NCCL INFO channel.cc:54 Cuda Alloc Size 32 pointer 0x7fb8e7c00e00
proj186:3272152:3272285 [1] NCCL INFO channel.cc:43 Cuda Alloc Size 136 pointer 0x7f605fc02c00
proj186:3272151:3272280 [0] NCCL INFO channel.cc:40 Cuda Alloc Size 3072 pointer 0x7f014bc06000
proj186:3272155:3272283 [4] NCCL INFO channel.cc:43 Cuda Alloc Size 136 pointer 0x7fc44fc03c00
proj186:3272157:3272286 [6] NCCL INFO channel.cc:43 Cuda Alloc Size 136 pointer 0x7fafcfc0bc00
proj186:3272151:3272280 [0] NCCL INFO channel.cc:43 Cuda Alloc Size 136 pointer 0x7f014bc06c00
proj186:3272158:3272284 [7] NCCL INFO channel.cc:40 Cuda Alloc Size 3072 pointer 0x7fb8e7c01000
proj186:3272158:3272284 [7] NCCL INFO channel.cc:43 Cuda Alloc Size 136 pointer 0x7fb8e7c01c00
proj186:3272157:3272286 [6] NCCL INFO channel.cc:54 Cuda Alloc Size 32 pointer 0x7fafcfc0be00
proj186:3272151:3272280 [0] NCCL INFO channel.cc:54 Cuda Alloc Size 32 pointer 0x7f014bc06e00
proj186:3272154:3272281 [3] NCCL INFO channel.cc:54 Cuda Alloc Size 32 pointer 0x7f83c7c00e00
proj186:3272152:3272285 [1] NCCL INFO channel.cc:54 Cuda Alloc Size 32 pointer 0x7f605fc02e00
proj186:3272155:3272283 [4] NCCL INFO channel.cc:54 Cuda Alloc Size 32 pointer 0x7fc44fc03e00
proj186:3272151:3272280 [0] NCCL INFO channel.cc:40 Cuda Alloc Size 3072 pointer 0x7f014bc07000
proj186:3272157:3272286 [6] NCCL INFO channel.cc:40 Cuda Alloc Size 3072 pointer 0x7fafcfc0c000
proj186:3272151:3272280 [0] NCCL INFO channel.cc:43 Cuda Alloc Size 136 pointer 0x7f014bc07c00
proj186:3272155:3272283 [4] NCCL INFO channel.cc:40 Cuda Alloc Size 3072 pointer 0x7fc44fc04000
proj186:3272152:3272285 [1] NCCL INFO channel.cc:40 Cuda Alloc Size 3072 pointer 0x7f605fc03000
proj186:3272157:3272286 [6] NCCL INFO channel.cc:43 Cuda Alloc Size 136 pointer 0x7fafcfc0cc00
proj186:3272158:3272284 [7] NCCL INFO channel.cc:54 Cuda Alloc Size 32 pointer 0x7fb8e7c01e00
proj186:3272153:3272282 [2] NCCL INFO channel.cc:54 Cuda Alloc Size 32 pointer 0x7fea7bc00e00
proj186:3272155:3272283 [4] NCCL INFO channel.cc:43 Cuda Alloc Size 136 pointer 0x7fc44fc04c00
proj186:3272154:3272281 [3] NCCL INFO channel.cc:40 Cuda Alloc Size 3072 pointer 0x7f83c7c01000
proj186:3272152:3272285 [1] NCCL INFO channel.cc:43 Cuda Alloc Size 136 pointer 0x7f605fc03c00
proj186:3272154:3272281 [3] NCCL INFO channel.cc:43 Cuda Alloc Size 136 pointer 0x7f83c7c01c00
proj186:3272158:3272284 [7] NCCL INFO channel.cc:40 Cuda Alloc Size 3072 pointer 0x7fb8e7c02000
proj186:3272151:3272280 [0] NCCL INFO channel.cc:54 Cuda Alloc Size 32 pointer 0x7f014bc07e00
proj186:3272158:3272284 [7] NCCL INFO channel.cc:43 Cuda Alloc Size 136 pointer 0x7fb8e7c02c00
proj186:3272156:3272300 [5] NCCL INFO transport/p2p.cc:204 Cuda Alloc Size 6291456 pointer 0x7fa657800000
proj186:3272157:3272286 [6] NCCL INFO channel.cc:54 Cuda Alloc Size 32 pointer 0x7fafcfc0ce00
proj186:3272156:3272300 [5] NCCL INFO Allocated shareable buffer 0x7fa657800000 size 6291456 ipcDesc 0x7fa658015170
proj186:3272155:3272283 [4] NCCL INFO channel.cc:54 Cuda Alloc Size 32 pointer 0x7fc44fc04e00
proj186:3272153:3272282 [2] NCCL INFO channel.cc:40 Cuda Alloc Size 3072 pointer 0x7fea7bc01000
proj186:3272156:3272300 [5] NCCL INFO proxyProgressAsync opId=0x7fa662533180 op.type=3 op.reqBuff=0x7fa658015100 op.respSize=80 done
proj186:3272152:3272285 [1] NCCL INFO channel.cc:54 Cuda Alloc Size 32 pointer 0x7f605fc03e00
proj186:3272151:3272280 [0] NCCL INFO channel.cc:40 Cuda Alloc Size 3072 pointer 0x7f014bc08000
proj186:3272153:3272282 [2] NCCL INFO channel.cc:43 Cuda Alloc Size 136 pointer 0x7fea7bc01c00
proj186:3272157:3272286 [6] NCCL INFO channel.cc:40 Cuda Alloc Size 3072 pointer 0x7fafcfc0d000
proj186:3272151:3272280 [0] NCCL INFO channel.cc:43 Cuda Alloc Size 136 pointer 0x7f014bc08c00
proj186:3272156:3272287 [5] NCCL INFO ncclPollProxyResponse Received new opId=0x7fa662533180
proj186:3272155:3272283 [4] NCCL INFO channel.cc:40 Cuda Alloc Size 3072 pointer 0x7fc44fc05000
proj186:3272157:3272286 [6] NCCL INFO channel.cc:43 Cuda Alloc Size 136 pointer 0x7fafcfc0dc00
proj186:3272158:3272284 [7] NCCL INFO channel.cc:54 Cuda Alloc Size 32 pointer 0x7fb8e7c02e00
proj186:3272152:3272285 [1] NCCL INFO channel.cc:40 Cuda Alloc Size 3072 pointer 0x7f605fc04000
proj186:3272155:3272283 [4] NCCL INFO channel.cc:43 Cuda Alloc Size 136 pointer 0x7fc44fc05c00
proj186:3272156:3272287 [5] NCCL INFO recvOpId=0x7fa662533180 matches expected opId=0x7fa662533180
proj186:3272154:3272281 [3] NCCL INFO channel.cc:54 Cuda Alloc Size 32 pointer 0x7f83c7c01e00
proj186:3272156:3272300 [5] NCCL INFO Received and initiated operation=Setup res=0
proj186:3272152:3272285 [1] NCCL INFO channel.cc:43 Cuda Alloc Size 136 pointer 0x7f605fc04c00
proj186:3272151:3272280 [0] NCCL INFO channel.cc:54 Cuda Alloc Size 32 pointer 0x7f014bc08e00
proj186:3272158:3272284 [7] NCCL INFO channel.cc:40 Cuda Alloc Size 3072 pointer 0x7fb8e7c03000
proj186:3272158:3272284 [7] NCCL INFO channel.cc:43 Cuda Alloc Size 136 pointer 0x7fb8e7c03c00
proj186:3272154:3272281 [3] NCCL INFO channel.cc:40 Cuda Alloc Size 3072 pointer 0x7f83c7c02000
proj186:3272157:3272286 [6] NCCL INFO channel.cc:54 Cuda Alloc Size 32 pointer 0x7fafcfc0de00
proj186:3272151:3272280 [0] NCCL INFO channel.cc:40 Cuda Alloc Size 3072 pointer 0x7f014bc09000
proj186:3272153:3272282 [2] NCCL INFO channel.cc:54 Cuda Alloc Size 32 pointer 0x7fea7bc01e00
proj186:3272155:3272283 [4] NCCL INFO channel.cc:54 Cuda Alloc Size 32 pointer 0x7fc44fc05e00
proj186:3272154:3272281 [3] NCCL INFO channel.cc:43 Cuda Alloc Size 136 pointer 0x7f83c7c02c00
proj186:3272156:3272300 [5] NCCL INFO New proxy recv connection 5 from local rank 5, transport 0
proj186:3272151:3272280 [0] NCCL INFO channel.cc:43 Cuda Alloc Size 136 pointer 0x7f014bc09c00
proj186:3272156:3272300 [5] NCCL INFO proxyProgressAsync opId=0x7fa662533180 op.type=1 op.reqBuff=0x7fa658015100 op.respSize=16 done
proj186:3272152:3272285 [1] NCCL INFO channel.cc:54 Cuda Alloc Size 32 pointer 0x7f605fc04e00
proj186:3272157:3272286 [6] NCCL INFO channel.cc:40 Cuda Alloc Size 3072 pointer 0x7fafcfc0e000
proj186:3272156:3272287 [5] NCCL INFO ncclPollProxyResponse Received new opId=0x7fa662533180
proj186:3272157:3272286 [6] NCCL INFO channel.cc:43 Cuda Alloc Size 136 pointer 0x7fafcfc0ec00
proj186:3272155:3272283 [4] NCCL INFO channel.cc:40 Cuda Alloc Size 3072 pointer 0x7fc44fc06000
proj186:3272153:3272282 [2] NCCL INFO channel.cc:40 Cuda Alloc Size 3072 pointer 0x7fea7bc02000
proj186:3272158:3272284 [7] NCCL INFO channel.cc:54 Cuda Alloc Size 32 pointer 0x7fb8e7c03e00
proj186:3272156:3272287 [5] NCCL INFO recvOpId=0x7fa662533180 matches expected opId=0x7fa662533180
proj186:3272156:3272300 [5] NCCL INFO Received and initiated operation=Init res=0
proj186:3272156:3272287 [5] NCCL INFO Connection to proxy localRank 5 -> connection 0x7fa6580032e0
proj186:3272155:3272283 [4] NCCL INFO channel.cc:43 Cuda Alloc Size 136 pointer 0x7fc44fc06c00
proj186:3272152:3272285 [1] NCCL INFO channel.cc:40 Cuda Alloc Size 3072 pointer 0x7f605fc05000
proj186:3272153:3272282 [2] NCCL INFO channel.cc:43 Cuda Alloc Size 136 pointer 0x7fea7bc02c00
proj186:3272151:3272280 [0] NCCL INFO channel.cc:54 Cuda Alloc Size 32 pointer 0x7f014bc09e00
proj186:3272152:3272285 [1] NCCL INFO channel.cc:43 Cuda Alloc Size 136 pointer 0x7f605fc05c00
proj186:3272158:3272284 [7] NCCL INFO channel.cc:40 Cuda Alloc Size 3072 pointer 0x7fb8e7c04000
proj186:3272154:3272281 [3] NCCL INFO channel.cc:54 Cuda Alloc Size 32 pointer 0x7f83c7c02e00
proj186:3272157:3272286 [6] NCCL INFO channel.cc:54 Cuda Alloc Size 32 pointer 0x7fafcfc0ee00
proj186:3272158:3272284 [7] NCCL INFO channel.cc:43 Cuda Alloc Size 136 pointer 0x7fb8e7c04c00
proj186:3272151:3272280 [0] NCCL INFO channel.cc:40 Cuda Alloc Size 3072 pointer 0x7f014bc0a000
proj186:3272151:3272280 [0] NCCL INFO channel.cc:43 Cuda Alloc Size 136 pointer 0x7f014bc0ac00
proj186:3272155:3272283 [4] NCCL INFO channel.cc:54 Cuda Alloc Size 32 pointer 0x7fc44fc06e00
proj186:3272157:3272286 [6] NCCL INFO channel.cc:40 Cuda Alloc Size 3072 pointer 0x7fafcfc0f000
proj186:3272152:3272285 [1] NCCL INFO channel.cc:54 Cuda Alloc Size 32 pointer 0x7f605fc05e00
proj186:3272154:3272281 [3] NCCL INFO channel.cc:40 Cuda Alloc Size 3072 pointer 0x7f83c7c03000
proj186:3272153:3272282 [2] NCCL INFO channel.cc:54 Cuda Alloc Size 32 pointer 0x7fea7bc02e00
proj186:3272157:3272286 [6] NCCL INFO channel.cc:43 Cuda Alloc Size 136 pointer 0x7fafcfc0fc00
proj186:3272155:3272283 [4] NCCL INFO channel.cc:40 Cuda Alloc Size 3072 pointer 0x7fc44fc07000
proj186:3272158:3272284 [7] NCCL INFO channel.cc:54 Cuda Alloc Size 32 pointer 0x7fb8e7c04e00
proj186:3272151:3272280 [0] NCCL INFO channel.cc:54 Cuda Alloc Size 32 pointer 0x7f014bc0ae00
proj186:3272154:3272281 [3] NCCL INFO channel.cc:43 Cuda Alloc Size 136 pointer 0x7f83c7c03c00
proj186:3272155:3272283 [4] NCCL INFO channel.cc:43 Cuda Alloc Size 136 pointer 0x7fc44fc07c00
proj186:3272152:3272285 [1] NCCL INFO channel.cc:40 Cuda Alloc Size 3072 pointer 0x7f605fc06000
proj186:3272152:3272285 [1] NCCL INFO channel.cc:43 Cuda Alloc Size 136 pointer 0x7f605fc06c00
proj186:3272158:3272284 [7] NCCL INFO channel.cc:40 Cuda Alloc Size 3072 pointer 0x7fb8e7c05000
proj186:3272151:3272280 [0] NCCL INFO channel.cc:40 Cuda Alloc Size 3072 pointer 0x7f014bc0b000
proj186:3272153:3272282 [2] NCCL INFO channel.cc:40 Cuda Alloc Size 3072 pointer 0x7fea7bc03000
proj186:3272158:3272284 [7] NCCL INFO channel.cc:43 Cuda Alloc Size 136 pointer 0x7fb8e7c05c00
proj186:3272151:3272280 [0] NCCL INFO channel.cc:43 Cuda Alloc Size 136 pointer 0x7f014bc0bc00
proj186:3272157:3272286 [6] NCCL INFO channel.cc:54 Cuda Alloc Size 32 pointer 0x7fafcfc0fe00
proj186:3272153:3272282 [2] NCCL INFO channel.cc:43 Cuda Alloc Size 136 pointer 0x7fea7bc03c00
proj186:3272155:3272283 [4] NCCL INFO channel.cc:54 Cuda Alloc Size 32 pointer 0x7fc44fc07e00
proj186:3272154:3272281 [3] NCCL INFO channel.cc:54 Cuda Alloc Size 32 pointer 0x7f83c7c03e00
proj186:3272152:3272285 [1] NCCL INFO channel.cc:54 Cuda Alloc Size 32 pointer 0x7f605fc06e00
proj186:3272151:3272280 [0] NCCL INFO channel.cc:54 Cuda Alloc Size 32 pointer 0x7f014bc0be00
proj186:3272158:3272284 [7] NCCL INFO channel.cc:54 Cuda Alloc Size 32 pointer 0x7fb8e7c05e00
proj186:3272155:3272283 [4] NCCL INFO channel.cc:40 Cuda Alloc Size 3072 pointer 0x7fc44fc08000
proj186:3272155:3272283 [4] NCCL INFO channel.cc:43 Cuda Alloc Size 136 pointer 0x7fc44fc08c00
proj186:3272152:3272285 [1] NCCL INFO channel.cc:40 Cuda Alloc Size 3072 pointer 0x7f605fc07000
proj186:3272151:3272280 [0] NCCL INFO channel.cc:40 Cuda Alloc Size 3072 pointer 0x7f014bc0c000
proj186:3272154:3272281 [3] NCCL INFO channel.cc:40 Cuda Alloc Size 3072 pointer 0x7f83c7c04000
proj186:3272153:3272282 [2] NCCL INFO channel.cc:54 Cuda Alloc Size 32 pointer 0x7fea7bc03e00
proj186:3272152:3272285 [1] NCCL INFO channel.cc:43 Cuda Alloc Size 136 pointer 0x7f605fc07c00
proj186:3272151:3272280 [0] NCCL INFO channel.cc:43 Cuda Alloc Size 136 pointer 0x7f014bc0cc00
proj186:3272158:3272284 [7] NCCL INFO channel.cc:40 Cuda Alloc Size 3072 pointer 0x7fb8e7c06000
proj186:3272154:3272281 [3] NCCL INFO channel.cc:43 Cuda Alloc Size 136 pointer 0x7f83c7c04c00
proj186:3272158:3272284 [7] NCCL INFO channel.cc:43 Cuda Alloc Size 136 pointer 0x7fb8e7c06c00
proj186:3272155:3272283 [4] NCCL INFO channel.cc:54 Cuda Alloc Size 32 pointer 0x7fc44fc08e00
proj186:3272153:3272282 [2] NCCL INFO channel.cc:40 Cuda Alloc Size 3072 pointer 0x7fea7bc04000
proj186:3272151:3272280 [0] NCCL INFO channel.cc:54 Cuda Alloc Size 32 pointer 0x7f014bc0ce00
proj186:3272153:3272282 [2] NCCL INFO channel.cc:43 Cuda Alloc Size 136 pointer 0x7fea7bc04c00
proj186:3272152:3272285 [1] NCCL INFO channel.cc:54 Cuda Alloc Size 32 pointer 0x7f605fc07e00
proj186:3272155:3272283 [4] NCCL INFO channel.cc:40 Cuda Alloc Size 3072 pointer 0x7fc44fc09000
proj186:3272155:3272283 [4] NCCL INFO channel.cc:43 Cuda Alloc Size 136 pointer 0x7fc44fc09c00
proj186:3272151:3272280 [0] NCCL INFO channel.cc:40 Cuda Alloc Size 3072 pointer 0x7f014bc0d000
proj186:3272158:3272284 [7] NCCL INFO channel.cc:54 Cuda Alloc Size 32 pointer 0x7fb8e7c06e00
proj186:3272154:3272281 [3] NCCL INFO channel.cc:54 Cuda Alloc Size 32 pointer 0x7f83c7c04e00
proj186:3272151:3272280 [0] NCCL INFO channel.cc:43 Cuda Alloc Size 136 pointer 0x7f014bc0dc00
proj186:3272152:3272285 [1] NCCL INFO channel.cc:40 Cuda Alloc Size 3072 pointer 0x7f605fc08000
proj186:3272158:3272284 [7] NCCL INFO channel.cc:40 Cuda Alloc Size 3072 pointer 0x7fb8e7c07000
proj186:3272152:3272285 [1] NCCL INFO channel.cc:43 Cuda Alloc Size 136 pointer 0x7f605fc08c00
proj186:3272158:3272284 [7] NCCL INFO channel.cc:43 Cuda Alloc Size 136 pointer 0x7fb8e7c07c00
proj186:3272155:3272283 [4] NCCL INFO channel.cc:54 Cuda Alloc Size 32 pointer 0x7fc44fc09e00
proj186:3272153:3272282 [2] NCCL INFO channel.cc:54 Cuda Alloc Size 32 pointer 0x7fea7bc04e00
proj186:3272154:3272281 [3] NCCL INFO channel.cc:40 Cuda Alloc Size 3072 pointer 0x7f83c7c05000
proj186:3272151:3272280 [0] NCCL INFO channel.cc:54 Cuda Alloc Size 32 pointer 0x7f014bc0de00
proj186:3272154:3272281 [3] NCCL INFO channel.cc:43 Cuda Alloc Size 136 pointer 0x7f83c7c05c00
proj186:3272155:3272283 [4] NCCL INFO channel.cc:40 Cuda Alloc Size 3072 pointer 0x7fc44fc0a000
proj186:3272151:3272280 [0] NCCL INFO channel.cc:40 Cuda Alloc Size 3072 pointer 0x7f014bc0e000
proj186:3272153:3272282 [2] NCCL INFO channel.cc:40 Cuda Alloc Size 3072 pointer 0x7fea7bc05000
proj186:3272155:3272283 [4] NCCL INFO channel.cc:43 Cuda Alloc Size 136 pointer 0x7fc44fc0ac00
proj186:3272158:3272284 [7] NCCL INFO channel.cc:54 Cuda Alloc Size 32 pointer 0x7fb8e7c07e00
proj186:3272151:3272280 [0] NCCL INFO channel.cc:43 Cuda Alloc Size 136 pointer 0x7f014bc0ec00
proj186:3272152:3272285 [1] NCCL INFO channel.cc:54 Cuda Alloc Size 32 pointer 0x7f605fc08e00
proj186:3272153:3272282 [2] NCCL INFO channel.cc:43 Cuda Alloc Size 136 pointer 0x7fea7bc05c00
proj186:3272158:3272284 [7] NCCL INFO channel.cc:40 Cuda Alloc Size 3072 pointer 0x7fb8e7c08000
proj186:3272152:3272285 [1] NCCL INFO channel.cc:40 Cuda Alloc Size 3072 pointer 0x7f605fc09000
proj186:3272154:3272281 [3] NCCL INFO channel.cc:54 Cuda Alloc Size 32 pointer 0x7f83c7c05e00
proj186:3272151:3272280 [0] NCCL INFO channel.cc:54 Cuda Alloc Size 32 pointer 0x7f014bc0ee00
proj186:3272158:3272284 [7] NCCL INFO channel.cc:43 Cuda Alloc Size 136 pointer 0x7fb8e7c08c00
proj186:3272152:3272285 [1] NCCL INFO channel.cc:43 Cuda Alloc Size 136 pointer 0x7f605fc09c00
proj186:3272155:3272283 [4] NCCL INFO channel.cc:54 Cuda Alloc Size 32 pointer 0x7fc44fc0ae00
proj186:3272153:3272282 [2] NCCL INFO channel.cc:54 Cuda Alloc Size 32 pointer 0x7fea7bc05e00
proj186:3272151:3272280 [0] NCCL INFO channel.cc:40 Cuda Alloc Size 3072 pointer 0x7f014bc0f000
proj186:3272154:3272281 [3] NCCL INFO channel.cc:40 Cuda Alloc Size 3072 pointer 0x7f83c7c06000
proj186:3272155:3272283 [4] NCCL INFO channel.cc:40 Cuda Alloc Size 3072 pointer 0x7fc44fc0b000
proj186:3272157:3272301 [6] NCCL INFO Mem Realloc old size 0, new size 8 pointer 0x7fafc8002f10
proj186:3272151:3272280 [0] NCCL INFO channel.cc:43 Cuda Alloc Size 136 pointer 0x7f014bc0fc00
proj186:3272158:3272284 [7] NCCL INFO channel.cc:54 Cuda Alloc Size 32 pointer 0x7fb8e7c08e00
proj186:3272154:3272281 [3] NCCL INFO channel.cc:43 Cuda Alloc Size 136 pointer 0x7f83c7c06c00
proj186:3272155:3272283 [4] NCCL INFO channel.cc:43 Cuda Alloc Size 136 pointer 0x7fc44fc0bc00
proj186:3272152:3272285 [1] NCCL INFO channel.cc:54 Cuda Alloc Size 32 pointer 0x7f605fc09e00
proj186:3272156:3272300 [5] NCCL INFO transport/p2p.cc:204 Cuda Alloc Size 6291456 pointer 0x7fa654000000
proj186:3272157:3272301 [6] NCCL INFO New proxy recv connection 0 from local rank 6, transport 0
proj186:3272157:3272301 [6] NCCL INFO proxyProgressAsync opId=0x7fafd1fed320 op.type=1 op.reqBuff=0x7fafc8002ed0 op.respSize=16 done
proj186:3272153:3272282 [2] NCCL INFO channel.cc:40 Cuda Alloc Size 3072 pointer 0x7fea7bc06000
proj186:3272156:3272300 [5] NCCL INFO Allocated shareable buffer 0x7fa654000000 size 6291456 ipcDesc 0x7fa658015f00
proj186:3272156:3272300 [5] NCCL INFO proxyProgressAsync opId=0x7fa662533180 op.type=3 op.reqBuff=0x7fa658015e90 op.respSize=80 done
proj186:3272158:3272284 [7] NCCL INFO channel.cc:40 Cuda Alloc Size 3072 pointer 0x7fb8e7c09000
proj186:3272153:3272282 [2] NCCL INFO channel.cc:43 Cuda Alloc Size 136 pointer 0x7fea7bc06c00
proj186:3272151:3272280 [0] NCCL INFO channel.cc:54 Cuda Alloc Size 32 pointer 0x7f014bc0fe00
proj186:3272153:3272282 [2] NCCL INFO channel.cc:54 Cuda Alloc Size 32 pointer 0x7fea7bc06e00
proj186:3272153:3272282 [2] NCCL INFO channel.cc:40 Cuda Alloc Size 3072 pointer 0x7fea7bc07000
proj186:3272153:3272282 [2] NCCL INFO channel.cc:43 Cuda Alloc Size 136 pointer 0x7fea7bc07c00
proj186:3272153:3272282 [2] NCCL INFO channel.cc:54 Cuda Alloc Size 32 pointer 0x7fea7bc07e00
proj186:3272153:3272282 [2] NCCL INFO channel.cc:40 Cuda Alloc Size 3072 pointer 0x7fea7bc08000
proj186:3272153:3272282 [2] NCCL INFO channel.cc:43 Cuda Alloc Size 136 pointer 0x7fea7bc08c00
proj186:3272153:3272282 [2] NCCL INFO channel.cc:54 Cuda Alloc Size 32 pointer 0x7fea7bc08e00
proj186:3272153:3272282 [2] NCCL INFO channel.cc:40 Cuda Alloc Size 3072 pointer 0x7fea7bc09000
proj186:3272151:3272302 [0] NCCL INFO Mem Realloc old size 0, new size 8 pointer 0x7f0160002f10
proj186:3272153:3272282 [2] NCCL INFO channel.cc:43 Cuda Alloc Size 136 pointer 0x7fea7bc09c00
proj186:3272151:3272302 [0] NCCL INFO New proxy recv connection 0 from local rank 0, transport 0
proj186:3272151:3272302 [0] NCCL INFO proxyProgressAsync opId=0x7f014dfed320 op.type=1 op.reqBuff=0x7f0160002ed0 op.respSize=16 done
proj186:3272153:3272282 [2] NCCL INFO channel.cc:54 Cuda Alloc Size 32 pointer 0x7fea7bc09e00
proj186:3272151:3272280 [0] NCCL INFO ncclPollProxyResponse Received new opId=0x7f014dfed320
proj186:3272151:3272280 [0] NCCL INFO recvOpId=0x7f014dfed320 matches expected opId=0x7f014dfed320
proj186:3272151:3272302 [0] NCCL INFO Received and initiated operation=Init res=0
proj186:3272151:3272280 [0] NCCL INFO Connection to proxy localRank 0 -> connection 0x7f0160003150
proj186:3272153:3272282 [2] NCCL INFO channel.cc:40 Cuda Alloc Size 3072 pointer 0x7fea7bc0a000
proj186:3272153:3272282 [2] NCCL INFO channel.cc:43 Cuda Alloc Size 136 pointer 0x7fea7bc0ac00
proj186:3272153:3272282 [2] NCCL INFO channel.cc:54 Cuda Alloc Size 32 pointer 0x7fea7bc0ae00
proj186:3272153:3272282 [2] NCCL INFO channel.cc:40 Cuda Alloc Size 3072 pointer 0x7fea7bc0b000
proj186:3272153:3272282 [2] NCCL INFO channel.cc:43 Cuda Alloc Size 136 pointer 0x7fea7bc0bc00
proj186:3272153:3272282 [2] NCCL INFO channel.cc:54 Cuda Alloc Size 32 pointer 0x7fea7bc0be00
proj186:3272153:3272282 [2] NCCL INFO channel.cc:40 Cuda Alloc Size 3072 pointer 0x7fea7bc0c000
proj186:3272158:3272284 [7] NCCL INFO channel.cc:43 Cuda Alloc Size 136 pointer 0x7fb8e7c09c00
proj186:3272153:3272282 [2] NCCL INFO channel.cc:43 Cuda Alloc Size 136 pointer 0x7fea7bc0cc00
proj186:3272152:3272285 [1] NCCL INFO channel.cc:40 Cuda Alloc Size 3072 pointer 0x7f605fc0a000
proj186:3272153:3272282 [2] NCCL INFO channel.cc:54 Cuda Alloc Size 32 pointer 0x7fea7bc0ce00
proj186:3272153:3272282 [2] NCCL INFO channel.cc:40 Cuda Alloc Size 3072 pointer 0x7fea7bc0d000
proj186:3272153:3272282 [2] NCCL INFO channel.cc:43 Cuda Alloc Size 136 pointer 0x7fea7bc0dc00
proj186:3272152:3272285 [1] NCCL INFO channel.cc:43 Cuda Alloc Size 136 pointer 0x7f605fc0ac00
proj186:3272153:3272282 [2] NCCL INFO channel.cc:54 Cuda Alloc Size 32 pointer 0x7fea7bc0de00
proj186:3272153:3272282 [2] NCCL INFO channel.cc:40 Cuda Alloc Size 3072 pointer 0x7fea7bc0e000
proj186:3272158:3272284 [7] NCCL INFO channel.cc:54 Cuda Alloc Size 32 pointer 0x7fb8e7c09e00
proj186:3272153:3272282 [2] NCCL INFO channel.cc:43 Cuda Alloc Size 136 pointer 0x7fea7bc0ec00
proj186:3272153:3272282 [2] NCCL INFO channel.cc:54 Cuda Alloc Size 32 pointer 0x7fea7bc0ee00
proj186:3272158:3272284 [7] NCCL INFO channel.cc:40 Cuda Alloc Size 3072 pointer 0x7fb8e7c0a000
proj186:3272158:3272284 [7] NCCL INFO channel.cc:43 Cuda Alloc Size 136 pointer 0x7fb8e7c0ac00
proj186:3272153:3272282 [2] NCCL INFO channel.cc:40 Cuda Alloc Size 3072 pointer 0x7fea7bc0f000
proj186:3272153:3272282 [2] NCCL INFO channel.cc:43 Cuda Alloc Size 136 pointer 0x7fea7bc0fc00
proj186:3272158:3272284 [7] NCCL INFO channel.cc:54 Cuda Alloc Size 32 pointer 0x7fb8e7c0ae00
proj186:3272152:3272285 [1] NCCL INFO channel.cc:54 Cuda Alloc Size 32 pointer 0x7f605fc0ae00
proj186:3272158:3272284 [7] NCCL INFO channel.cc:40 Cuda Alloc Size 3072 pointer 0x7fb8e7c0b000
proj186:3272153:3272282 [2] NCCL INFO channel.cc:54 Cuda Alloc Size 32 pointer 0x7fea7bc0fe00
proj186:3272158:3272284 [7] NCCL INFO channel.cc:43 Cuda Alloc Size 136 pointer 0x7fb8e7c0bc00
proj186:3272158:3272284 [7] NCCL INFO channel.cc:54 Cuda Alloc Size 32 pointer 0x7fb8e7c0be00
proj186:3272152:3272285 [1] NCCL INFO channel.cc:40 Cuda Alloc Size 3072 pointer 0x7f605fc0b000
proj186:3272158:3272284 [7] NCCL INFO channel.cc:40 Cuda Alloc Size 3072 pointer 0x7fb8e7c0c000
proj186:3272158:3272284 [7] NCCL INFO channel.cc:43 Cuda Alloc Size 136 pointer 0x7fb8e7c0cc00
proj186:3272152:3272285 [1] NCCL INFO channel.cc:43 Cuda Alloc Size 136 pointer 0x7f605fc0bc00
proj186:3272158:3272284 [7] NCCL INFO channel.cc:54 Cuda Alloc Size 32 pointer 0x7fb8e7c0ce00
proj186:3272158:3272284 [7] NCCL INFO channel.cc:40 Cuda Alloc Size 3072 pointer 0x7fb8e7c0d000
proj186:3272158:3272284 [7] NCCL INFO channel.cc:43 Cuda Alloc Size 136 pointer 0x7fb8e7c0dc00
proj186:3272158:3272284 [7] NCCL INFO channel.cc:54 Cuda Alloc Size 32 pointer 0x7fb8e7c0de00
proj186:3272153:3272307 [2] NCCL INFO Mem Realloc old size 0, new size 8 pointer 0x7fea74002f10
proj186:3272152:3272285 [1] NCCL INFO channel.cc:54 Cuda Alloc Size 32 pointer 0x7f605fc0be00
proj186:3272153:3272307 [2] NCCL INFO New proxy recv connection 0 from local rank 2, transport 0
proj186:3272153:3272307 [2] NCCL INFO proxyProgressAsync opId=0x7fea7dfeca10 op.type=1 op.reqBuff=0x7fea74002ed0 op.respSize=16 done
proj186:3272158:3272284 [7] NCCL INFO channel.cc:40 Cuda Alloc Size 3072 pointer 0x7fb8e7c0e000
proj186:3272158:3272284 [7] NCCL INFO channel.cc:43 Cuda Alloc Size 136 pointer 0x7fb8e7c0ec00
proj186:3272153:3272282 [2] NCCL INFO ncclPollProxyResponse Received new opId=0x7fea7dfeca10
proj186:3272153:3272282 [2] NCCL INFO recvOpId=0x7fea7dfeca10 matches expected opId=0x7fea7dfeca10
proj186:3272153:3272307 [2] NCCL INFO Received and initiated operation=Init res=0
proj186:3272153:3272282 [2] NCCL INFO Connection to proxy localRank 2 -> connection 0x7fea74003150
proj186:3272158:3272284 [7] NCCL INFO channel.cc:54 Cuda Alloc Size 32 pointer 0x7fb8e7c0ee00
proj186:3272152:3272285 [1] NCCL INFO channel.cc:40 Cuda Alloc Size 3072 pointer 0x7f605fc0c000
proj186:3272151:3272302 [0] NCCL INFO transport/p2p.cc:204 Cuda Alloc Size 6291456 pointer 0x7f0148000000
proj186:3272158:3272284 [7] NCCL INFO channel.cc:40 Cuda Alloc Size 3072 pointer 0x7fb8e7c0f000
proj186:3272156:3272287 [5] NCCL INFO ncclPollProxyResponse Received new opId=0x7fa662533180
proj186:3272156:3272287 [5] NCCL INFO recvOpId=0x7fa662533180 matches expected opId=0x7fa662533180
proj186:3272155:3272283 [4] NCCL INFO channel.cc:54 Cuda Alloc Size 32 pointer 0x7fc44fc0be00
proj186:3272156:3272300 [5] NCCL INFO Received and initiated operation=Setup res=0
proj186:3272155:3272283 [4] NCCL INFO channel.cc:40 Cuda Alloc Size 3072 pointer 0x7fc44fc0c000
proj186:3272156:3272300 [5] NCCL INFO New proxy recv connection 6 from local rank 5, transport 0
proj186:3272155:3272283 [4] NCCL INFO channel.cc:43 Cuda Alloc Size 136 pointer 0x7fc44fc0cc00
proj186:3272156:3272300 [5] NCCL INFO proxyProgressAsync opId=0x7fa662533180 op.type=1 op.reqBuff=0x7fa658015e90 op.respSize=16 done
proj186:3272156:3272287 [5] NCCL INFO ncclPollProxyResponse Received new opId=0x7fa662533180
proj186:3272156:3272287 [5] NCCL INFO recvOpId=0x7fa662533180 matches expected opId=0x7fa662533180
proj186:3272156:3272287 [5] NCCL INFO Connection to proxy localRank 5 -> connection 0x7fa658003330
proj186:3272156:3272300 [5] NCCL INFO Received and initiated operation=Init res=0
proj186:3272155:3272283 [4] NCCL INFO channel.cc:54 Cuda Alloc Size 32 pointer 0x7fc44fc0ce00
proj186:3272155:3272283 [4] NCCL INFO channel.cc:40 Cuda Alloc Size 3072 pointer 0x7fc44fc0d000
proj186:3272155:3272283 [4] NCCL INFO channel.cc:43 Cuda Alloc Size 136 pointer 0x7fc44fc0dc00
proj186:3272155:3272283 [4] NCCL INFO channel.cc:54 Cuda Alloc Size 32 pointer 0x7fc44fc0de00
proj186:3272155:3272283 [4] NCCL INFO channel.cc:40 Cuda Alloc Size 3072 pointer 0x7fc44fc0e000
proj186:3272155:3272283 [4] NCCL INFO channel.cc:43 Cuda Alloc Size 136 pointer 0x7fc44fc0ec00
proj186:3272155:3272283 [4] NCCL INFO channel.cc:54 Cuda Alloc Size 32 pointer 0x7fc44fc0ee00
proj186:3272155:3272283 [4] NCCL INFO channel.cc:40 Cuda Alloc Size 3072 pointer 0x7fc44fc0f000
proj186:3272155:3272283 [4] NCCL INFO channel.cc:43 Cuda Alloc Size 136 pointer 0x7fc44fc0fc00
proj186:3272157:3272286 [6] NCCL INFO ncclPollProxyResponse Received new opId=0x7fafd1fed320
proj186:3272155:3272283 [4] NCCL INFO channel.cc:54 Cuda Alloc Size 32 pointer 0x7fc44fc0fe00
proj186:3272154:3272281 [3] NCCL INFO channel.cc:54 Cuda Alloc Size 32 pointer 0x7f83c7c06e00
proj186:3272157:3272286 [6] NCCL INFO recvOpId=0x7fafd1fed320 matches expected opId=0x7fafd1fed320
proj186:3272154:3272281 [3] NCCL INFO channel.cc:40 Cuda Alloc Size 3072 pointer 0x7f83c7c07000
proj186:3272157:3272286 [6] NCCL INFO Connection to proxy localRank 6 -> connection 0x7fafc8003150
proj186:3272154:3272281 [3] NCCL INFO channel.cc:43 Cuda Alloc Size 136 pointer 0x7f83c7c07c00
proj186:3272157:3272301 [6] NCCL INFO Received and initiated operation=Init res=0
proj186:3272154:3272281 [3] NCCL INFO channel.cc:54 Cuda Alloc Size 32 pointer 0x7f83c7c07e00
proj186:3272154:3272281 [3] NCCL INFO channel.cc:40 Cuda Alloc Size 3072 pointer 0x7f83c7c08000
proj186:3272154:3272281 [3] NCCL INFO channel.cc:43 Cuda Alloc Size 136 pointer 0x7f83c7c08c00
proj186:3272156:3272300 [5] NCCL INFO transport/p2p.cc:204 Cuda Alloc Size 6291456 pointer 0x7fa654600000
proj186:3272156:3272300 [5] NCCL INFO Allocated shareable buffer 0x7fa654600000 size 6291456 ipcDesc 0x7fa658017040
proj186:3272156:3272300 [5] NCCL INFO proxyProgressAsync opId=0x7fa662533180 op.type=3 op.reqBuff=0x7fa658016fd0 op.respSize=80 done
proj186:3272154:3272281 [3] NCCL INFO channel.cc:54 Cuda Alloc Size 32 pointer 0x7f83c7c08e00
proj186:3272156:3272287 [5] NCCL INFO ncclPollProxyResponse Received new opId=0x7fa662533180
proj186:3272154:3272281 [3] NCCL INFO channel.cc:40 Cuda Alloc Size 3072 pointer 0x7f83c7c09000
proj186:3272156:3272287 [5] NCCL INFO recvOpId=0x7fa662533180 matches expected opId=0x7fa662533180
proj186:3272156:3272300 [5] NCCL INFO Received and initiated operation=Setup res=0
proj186:3272155:3272305 [4] NCCL INFO Mem Realloc old size 0, new size 8 pointer 0x7fc448002f10
proj186:3272154:3272281 [3] NCCL INFO channel.cc:43 Cuda Alloc Size 136 pointer 0x7f83c7c09c00
proj186:3272155:3272305 [4] NCCL INFO New proxy recv connection 0 from local rank 4, transport 0
proj186:3272155:3272305 [4] NCCL INFO proxyProgressAsync opId=0x7fc451fed260 op.type=1 op.reqBuff=0x7fc448002ed0 op.respSize=16 done
proj186:3272156:3272300 [5] NCCL INFO New proxy recv connection 7 from local rank 5, transport 0
proj186:3272156:3272300 [5] NCCL INFO proxyProgressAsync opId=0x7fa662533180 op.type=1 op.reqBuff=0x7fa658016fd0 op.respSize=16 done
proj186:3272156:3272287 [5] NCCL INFO ncclPollProxyResponse Received new opId=0x7fa662533180
proj186:3272154:3272281 [3] NCCL INFO channel.cc:54 Cuda Alloc Size 32 pointer 0x7f83c7c09e00
proj186:3272155:3272283 [4] NCCL INFO ncclPollProxyResponse Received new opId=0x7fc451fed260
proj186:3272156:3272287 [5] NCCL INFO recvOpId=0x7fa662533180 matches expected opId=0x7fa662533180
proj186:3272156:3272287 [5] NCCL INFO Connection to proxy localRank 5 -> connection 0x7fa658003380
proj186:3272156:3272300 [5] NCCL INFO Received and initiated operation=Init res=0
proj186:3272155:3272283 [4] NCCL INFO recvOpId=0x7fc451fed260 matches expected opId=0x7fc451fed260
proj186:3272155:3272283 [4] NCCL INFO Connection to proxy localRank 4 -> connection 0x7fc448003150
proj186:3272154:3272281 [3] NCCL INFO channel.cc:40 Cuda Alloc Size 3072 pointer 0x7f83c7c0a000
proj186:3272155:3272305 [4] NCCL INFO Received and initiated operation=Init res=0
proj186:3272154:3272281 [3] NCCL INFO channel.cc:43 Cuda Alloc Size 136 pointer 0x7f83c7c0ac00
proj186:3272154:3272281 [3] NCCL INFO channel.cc:54 Cuda Alloc Size 32 pointer 0x7f83c7c0ae00
proj186:3272154:3272281 [3] NCCL INFO channel.cc:40 Cuda Alloc Size 3072 pointer 0x7f83c7c0b000
proj186:3272154:3272281 [3] NCCL INFO channel.cc:43 Cuda Alloc Size 136 pointer 0x7f83c7c0bc00
proj186:3272154:3272281 [3] NCCL INFO channel.cc:54 Cuda Alloc Size 32 pointer 0x7f83c7c0be00
proj186:3272154:3272281 [3] NCCL INFO channel.cc:40 Cuda Alloc Size 3072 pointer 0x7f83c7c0c000
proj186:3272154:3272281 [3] NCCL INFO channel.cc:43 Cuda Alloc Size 136 pointer 0x7f83c7c0cc00
proj186:3272154:3272281 [3] NCCL INFO channel.cc:54 Cuda Alloc Size 32 pointer 0x7f83c7c0ce00
proj186:3272151:3272302 [0] NCCL INFO Allocated shareable buffer 0x7f0148000000 size 6291456 ipcDesc 0x7f01600059d0
proj186:3272151:3272302 [0] NCCL INFO proxyProgressAsync opId=0x7f014dfed320 op.type=3 op.reqBuff=0x7f01600059a0 op.respSize=80 done
proj186:3272152:3272285 [1] NCCL INFO channel.cc:43 Cuda Alloc Size 136 pointer 0x7f605fc0cc00
proj186:3272151:3272280 [0] NCCL INFO ncclPollProxyResponse Received new opId=0x7f014dfed320
proj186:3272151:3272302 [0] NCCL INFO Received and initiated operation=Setup res=0
proj186:3272151:3272280 [0] NCCL INFO recvOpId=0x7f014dfed320 matches expected opId=0x7f014dfed320
proj186:3272151:3272302 [0] NCCL INFO New proxy recv connection 1 from local rank 0, transport 0
proj186:3272151:3272302 [0] NCCL INFO proxyProgressAsync opId=0x7f014dfed320 op.type=1 op.reqBuff=0x7f0160012710 op.respSize=16 done
proj186:3272151:3272280 [0] NCCL INFO ncclPollProxyResponse Received new opId=0x7f014dfed320
proj186:3272151:3272280 [0] NCCL INFO recvOpId=0x7f014dfed320 matches expected opId=0x7f014dfed320
proj186:3272151:3272280 [0] NCCL INFO Connection to proxy localRank 0 -> connection 0x7f01600031a0
proj186:3272151:3272302 [0] NCCL INFO Received and initiated operation=Init res=0
proj186:3272152:3272285 [1] NCCL INFO channel.cc:54 Cuda Alloc Size 32 pointer 0x7f605fc0ce00
proj186:3272152:3272285 [1] NCCL INFO channel.cc:40 Cuda Alloc Size 3072 pointer 0x7f605fc0d000
proj186:3272152:3272285 [1] NCCL INFO channel.cc:43 Cuda Alloc Size 136 pointer 0x7f605fc0dc00
proj186:3272152:3272285 [1] NCCL INFO channel.cc:54 Cuda Alloc Size 32 pointer 0x7f605fc0de00
proj186:3272151:3272302 [0] NCCL INFO transport/p2p.cc:204 Cuda Alloc Size 6291456 pointer 0x7f0148600000
proj186:3272158:3272284 [7] NCCL INFO channel.cc:43 Cuda Alloc Size 136 pointer 0x7fb8e7c0fc00
proj186:3272151:3272302 [0] NCCL INFO Allocated shareable buffer 0x7f0148600000 size 6291456 ipcDesc 0x7f01600127c0
proj186:3272151:3272302 [0] NCCL INFO proxyProgressAsync opId=0x7f014dfed320 op.type=3 op.reqBuff=0x7f0160012790 op.respSize=80 done
proj186:3272153:3272307 [2] NCCL INFO transport/p2p.cc:204 Cuda Alloc Size 6291456 pointer 0x7fea72000000
proj186:3272151:3272280 [0] NCCL INFO ncclPollProxyResponse Received new opId=0x7f014dfed320
proj186:3272151:3272280 [0] NCCL INFO recvOpId=0x7f014dfed320 matches expected opId=0x7f014dfed320
proj186:3272151:3272302 [0] NCCL INFO Received and initiated operation=Setup res=0
proj186:3272152:3272285 [1] NCCL INFO channel.cc:40 Cuda Alloc Size 3072 pointer 0x7f605fc0e000
proj186:3272153:3272307 [2] NCCL INFO Allocated shareable buffer 0x7fea72000000 size 6291456 ipcDesc 0x7fea740059d0
proj186:3272153:3272307 [2] NCCL INFO proxyProgressAsync opId=0x7fea7dfeca10 op.type=3 op.reqBuff=0x7fea740059a0 op.respSize=80 done
proj186:3272151:3272302 [0] NCCL INFO New proxy recv connection 2 from local rank 0, transport 0
proj186:3272151:3272302 [0] NCCL INFO proxyProgressAsync opId=0x7f014dfed320 op.type=1 op.reqBuff=0x7f0160013500 op.respSize=16 done
proj186:3272151:3272280 [0] NCCL INFO ncclPollProxyResponse Received new opId=0x7f014dfed320
proj186:3272152:3272285 [1] NCCL INFO channel.cc:43 Cuda Alloc Size 136 pointer 0x7f605fc0ec00
proj186:3272153:3272282 [2] NCCL INFO ncclPollProxyResponse Received new opId=0x7fea7dfeca10
proj186:3272151:3272280 [0] NCCL INFO recvOpId=0x7f014dfed320 matches expected opId=0x7f014dfed320
proj186:3272151:3272302 [0] NCCL INFO Received and initiated operation=Init res=0
proj186:3272153:3272282 [2] NCCL INFO recvOpId=0x7fea7dfeca10 matches expected opId=0x7fea7dfeca10
proj186:3272153:3272307 [2] NCCL INFO Received and initiated operation=Setup res=0
proj186:3272151:3272280 [0] NCCL INFO Connection to proxy localRank 0 -> connection 0x7f01600031f0
proj186:3272158:3272284 [7] NCCL INFO channel.cc:54 Cuda Alloc Size 32 pointer 0x7fb8e7c0fe00
proj186:3272153:3272307 [2] NCCL INFO New proxy recv connection 1 from local rank 2, transport 0
proj186:3272153:3272307 [2] NCCL INFO proxyProgressAsync opId=0x7fea7dfeca10 op.type=1 op.reqBuff=0x7fea740127b0 op.respSize=16 done
proj186:3272153:3272282 [2] NCCL INFO ncclPollProxyResponse Received new opId=0x7fea7dfeca10
proj186:3272153:3272282 [2] NCCL INFO recvOpId=0x7fea7dfeca10 matches expected opId=0x7fea7dfeca10
proj186:3272153:3272282 [2] NCCL INFO Connection to proxy localRank 2 -> connection 0x7fea740031a0
proj186:3272153:3272307 [2] NCCL INFO Received and initiated operation=Init res=0
proj186:3272152:3272285 [1] NCCL INFO channel.cc:54 Cuda Alloc Size 32 pointer 0x7f605fc0ee00
proj186:3272152:3272285 [1] NCCL INFO channel.cc:40 Cuda Alloc Size 3072 pointer 0x7f605fc0f000
proj186:3272152:3272285 [1] NCCL INFO channel.cc:43 Cuda Alloc Size 136 pointer 0x7f605fc0fc00
proj186:3272158:3272304 [7] NCCL INFO Mem Realloc old size 0, new size 8 pointer 0x7fb8e0002f10
proj186:3272158:3272304 [7] NCCL INFO New proxy recv connection 0 from local rank 7, transport 0
proj186:3272158:3272304 [7] NCCL INFO proxyProgressAsync opId=0x7fb8e9fed260 op.type=1 op.reqBuff=0x7fb8e0002ed0 op.respSize=16 done
proj186:3272158:3272284 [7] NCCL INFO ncclPollProxyResponse Received new opId=0x7fb8e9fed260
proj186:3272158:3272284 [7] NCCL INFO recvOpId=0x7fb8e9fed260 matches expected opId=0x7fb8e9fed260
proj186:3272158:3272284 [7] NCCL INFO Connection to proxy localRank 7 -> connection 0x7fb8e0003150
proj186:3272158:3272304 [7] NCCL INFO Received and initiated operation=Init res=0
proj186:3272151:3272302 [0] NCCL INFO transport/p2p.cc:204 Cuda Alloc Size 6291456 pointer 0x7f0148c00000
proj186:3272152:3272285 [1] NCCL INFO channel.cc:54 Cuda Alloc Size 32 pointer 0x7f605fc0fe00
proj186:3272151:3272302 [0] NCCL INFO Allocated shareable buffer 0x7f0148c00000 size 6291456 ipcDesc 0x7f0160013590
proj186:3272151:3272302 [0] NCCL INFO proxyProgressAsync opId=0x7f014dfed320 op.type=3 op.reqBuff=0x7f0160013520 op.respSize=80 done
proj186:3272151:3272280 [0] NCCL INFO ncclPollProxyResponse Received new opId=0x7f014dfed320
proj186:3272151:3272280 [0] NCCL INFO recvOpId=0x7f014dfed320 matches expected opId=0x7f014dfed320
proj186:3272154:3272281 [3] NCCL INFO channel.cc:40 Cuda Alloc Size 3072 pointer 0x7f83c7c0d000
proj186:3272156:3272300 [5] NCCL INFO transport/p2p.cc:204 Cuda Alloc Size 6291456 pointer 0x7fa654c00000
proj186:3272154:3272281 [3] NCCL INFO channel.cc:43 Cuda Alloc Size 136 pointer 0x7f83c7c0dc00
proj186:3272156:3272300 [5] NCCL INFO Allocated shareable buffer 0x7fa654c00000 size 6291456 ipcDesc 0x7fa658017d90
proj186:3272156:3272300 [5] NCCL INFO proxyProgressAsync opId=0x7fa662533180 op.type=3 op.reqBuff=0x7fa658017d60 op.respSize=80 done
proj186:3272154:3272281 [3] NCCL INFO channel.cc:54 Cuda Alloc Size 32 pointer 0x7f83c7c0de00
proj186:3272156:3272287 [5] NCCL INFO ncclPollProxyResponse Received new opId=0x7fa662533180
proj186:3272154:3272281 [3] NCCL INFO channel.cc:40 Cuda Alloc Size 3072 pointer 0x7f83c7c0e000
proj186:3272156:3272287 [5] NCCL INFO recvOpId=0x7fa662533180 matches expected opId=0x7fa662533180
proj186:3272154:3272281 [3] NCCL INFO channel.cc:43 Cuda Alloc Size 136 pointer 0x7f83c7c0ec00
proj186:3272156:3272300 [5] NCCL INFO Received and initiated operation=Setup res=0
proj186:3272156:3272300 [5] NCCL INFO New proxy recv connection 8 from local rank 5, transport 0
proj186:3272156:3272300 [5] NCCL INFO proxyProgressAsync opId=0x7fa662533180 op.type=1 op.reqBuff=0x7fa658017d60 op.respSize=16 done
proj186:3272154:3272281 [3] NCCL INFO channel.cc:54 Cuda Alloc Size 32 pointer 0x7f83c7c0ee00
proj186:3272156:3272287 [5] NCCL INFO ncclPollProxyResponse Received new opId=0x7fa662533180
proj186:3272156:3272287 [5] NCCL INFO recvOpId=0x7fa662533180 matches expected opId=0x7fa662533180
proj186:3272156:3272287 [5] NCCL INFO Connection to proxy localRank 5 -> connection 0x7fa6580033d0
proj186:3272156:3272300 [5] NCCL INFO Received and initiated operation=Init res=0
proj186:3272154:3272281 [3] NCCL INFO channel.cc:40 Cuda Alloc Size 3072 pointer 0x7f83c7c0f000
proj186:3272154:3272281 [3] NCCL INFO channel.cc:43 Cuda Alloc Size 136 pointer 0x7f83c7c0fc00
proj186:3272154:3272281 [3] NCCL INFO channel.cc:54 Cuda Alloc Size 32 pointer 0x7f83c7c0fe00
proj186:3272157:3272301 [6] NCCL INFO transport/p2p.cc:204 Cuda Alloc Size 6291456 pointer 0x7fafc6000000
proj186:3272155:3272305 [4] NCCL INFO transport/p2p.cc:204 Cuda Alloc Size 6291456 pointer 0x7fc446000000
proj186:3272151:3272302 [0] NCCL INFO Received and initiated operation=Setup res=0
proj186:3272151:3272302 [0] NCCL INFO New proxy recv connection 3 from local rank 0, transport 0
proj186:3272157:3272301 [6] NCCL INFO Allocated shareable buffer 0x7fafc6000000 size 6291456 ipcDesc 0x7fafc80059d0
proj186:3272151:3272302 [0] NCCL INFO proxyProgressAsync opId=0x7f014dfed320 op.type=1 op.reqBuff=0x7f0160013520 op.respSize=16 done
proj186:3272157:3272301 [6] NCCL INFO proxyProgressAsync opId=0x7fafd1fed320 op.type=3 op.reqBuff=0x7fafc80059a0 op.respSize=80 done
proj186:3272155:3272305 [4] NCCL INFO Allocated shareable buffer 0x7fc446000000 size 6291456 ipcDesc 0x7fc4480059d0
proj186:3272154:3272306 [3] NCCL INFO Mem Realloc old size 0, new size 8 pointer 0x7f83c0002f10
proj186:3272151:3272280 [0] NCCL INFO ncclPollProxyResponse Received new opId=0x7f014dfed320
proj186:3272155:3272305 [4] NCCL INFO proxyProgressAsync opId=0x7fc451fed260 op.type=3 op.reqBuff=0x7fc4480059a0 op.respSize=80 done
proj186:3272154:3272306 [3] NCCL INFO New proxy recv connection 0 from local rank 3, transport 0
proj186:3272154:3272306 [3] NCCL INFO proxyProgressAsync opId=0x7f83c9fed260 op.type=1 op.reqBuff=0x7f83c0002ed0 op.respSize=16 done
proj186:3272151:3272280 [0] NCCL INFO recvOpId=0x7f014dfed320 matches expected opId=0x7f014dfed320
proj186:3272151:3272280 [0] NCCL INFO Connection to proxy localRank 0 -> connection 0x7f0160003240
proj186:3272151:3272302 [0] NCCL INFO Received and initiated operation=Init res=0
proj186:3272157:3272286 [6] NCCL INFO ncclPollProxyResponse Received new opId=0x7fafd1fed320
proj186:3272155:3272283 [4] NCCL INFO ncclPollProxyResponse Received new opId=0x7fc451fed260
proj186:3272154:3272281 [3] NCCL INFO ncclPollProxyResponse Received new opId=0x7f83c9fed260
proj186:3272155:3272283 [4] NCCL INFO recvOpId=0x7fc451fed260 matches expected opId=0x7fc451fed260
proj186:3272157:3272286 [6] NCCL INFO recvOpId=0x7fafd1fed320 matches expected opId=0x7fafd1fed320
proj186:3272155:3272305 [4] NCCL INFO Received and initiated operation=Setup res=0
proj186:3272157:3272301 [6] NCCL INFO Received and initiated operation=Setup res=0
proj186:3272154:3272281 [3] NCCL INFO recvOpId=0x7f83c9fed260 matches expected opId=0x7f83c9fed260
proj186:3272154:3272306 [3] NCCL INFO Received and initiated operation=Init res=0
proj186:3272154:3272281 [3] NCCL INFO Connection to proxy localRank 3 -> connection 0x7f83c0003150
proj186:3272155:3272305 [4] NCCL INFO New proxy recv connection 1 from local rank 4, transport 0
proj186:3272155:3272305 [4] NCCL INFO proxyProgressAsync opId=0x7fc451fed260 op.type=1 op.reqBuff=0x7fc4480127b0 op.respSize=16 done
proj186:3272155:3272283 [4] NCCL INFO ncclPollProxyResponse Received new opId=0x7fc451fed260
proj186:3272157:3272301 [6] NCCL INFO New proxy recv connection 1 from local rank 6, transport 0
proj186:3272157:3272301 [6] NCCL INFO proxyProgressAsync opId=0x7fafd1fed320 op.type=1 op.reqBuff=0x7fafc80127b0 op.respSize=16 done
proj186:3272155:3272283 [4] NCCL INFO recvOpId=0x7fc451fed260 matches expected opId=0x7fc451fed260
proj186:3272155:3272283 [4] NCCL INFO Connection to proxy localRank 4 -> connection 0x7fc4480031a0
proj186:3272155:3272305 [4] NCCL INFO Received and initiated operation=Init res=0
proj186:3272157:3272286 [6] NCCL INFO ncclPollProxyResponse Received new opId=0x7fafd1fed320
proj186:3272157:3272286 [6] NCCL INFO recvOpId=0x7fafd1fed320 matches expected opId=0x7fafd1fed320
proj186:3272157:3272286 [6] NCCL INFO Connection to proxy localRank 6 -> connection 0x7fafc80031a0
proj186:3272157:3272301 [6] NCCL INFO Received and initiated operation=Init res=0
proj186:3272156:3272300 [5] NCCL INFO transport/p2p.cc:204 Cuda Alloc Size 6291456 pointer 0x7fa655200000
proj186:3272156:3272300 [5] NCCL INFO Allocated shareable buffer 0x7fa655200000 size 6291456 ipcDesc 0x7fa658017d90
proj186:3272156:3272300 [5] NCCL INFO proxyProgressAsync opId=0x7fa662533180 op.type=3 op.reqBuff=0x7fa658018a60 op.respSize=80 done
proj186:3272156:3272287 [5] NCCL INFO ncclPollProxyResponse Received new opId=0x7fa662533180
proj186:3272153:3272307 [2] NCCL INFO transport/p2p.cc:204 Cuda Alloc Size 6291456 pointer 0x7fea72600000
proj186:3272152:3272303 [1] NCCL INFO Mem Realloc old size 0, new size 8 pointer 0x7f6058002f10
proj186:3272153:3272307 [2] NCCL INFO Allocated shareable buffer 0x7fea72600000 size 6291456 ipcDesc 0x7fea74012860
