proj186:3272155:3272283 [4] NCCL INFO ncclPollProxyResponse Received new opId=0x7fc451fed260
proj186:3272154:3272306 [3] NCCL INFO transport/p2p.cc:204 Cuda Alloc Size 6291456 pointer 0x7f83b8000000
proj186:3272155:3272283 [4] NCCL INFO recvOpId=0x7fc451fed260 matches expected opId=0x7fc451fed260
proj186:3272155:3272305 [4] NCCL INFO Received and initiated operation=Setup res=0
proj186:3272157:3272301 [6] NCCL INFO transport/p2p.cc:204 Cuda Alloc Size 6291456 pointer 0x7fafc0c00000
proj186:3272155:3272305 [4] NCCL INFO New proxy recv connection 14 from local rank 4, transport 0
proj186:3272155:3272305 [4] NCCL INFO proxyProgressAsync opId=0x7fc451fed260 op.type=1 op.reqBuff=0x7fc44801cd30 op.respSize=16 done
proj186:3272156:3272300 [5] NCCL INFO Allocated shareable buffer 0x7fa64e600000 size 6291456 ipcDesc 0x7fa658020fd0
proj186:3272156:3272300 [5] NCCL INFO proxyProgressAsync opId=0x7fa662533180 op.type=3 op.reqBuff=0x7fa658023990 op.respSize=80 done
proj186:3272155:3272283 [4] NCCL INFO ncclPollProxyResponse Received new opId=0x7fc451fed260
proj186:3272156:3272287 [5] NCCL INFO ncclPollProxyResponse Received new opId=0x7fa662533180
proj186:3272155:3272283 [4] NCCL INFO recvOpId=0x7fc451fed260 matches expected opId=0x7fc451fed260
proj186:3272155:3272283 [4] NCCL INFO Connection to proxy localRank 4 -> connection 0x7fc4480035b0
proj186:3272155:3272305 [4] NCCL INFO Received and initiated operation=Init res=0
proj186:3272156:3272287 [5] NCCL INFO recvOpId=0x7fa662533180 matches expected opId=0x7fa662533180
proj186:3272156:3272287 [5] NCCL INFO Channel 06/0 : 5[5] -> 6[6] via P2P/IPC/read
proj186:3272156:3272300 [5] NCCL INFO Received and initiated operation=Setup res=0
proj186:3272156:3272300 [5] NCCL INFO New proxy send connection 22 from local rank 5, transport 0
proj186:3272156:3272300 [5] NCCL INFO proxyProgressAsync opId=0x7fa662533180 op.type=1 op.reqBuff=0x7fa658023990 op.respSize=16 done
proj186:3272156:3272287 [5] NCCL INFO ncclPollProxyResponse Received new opId=0x7fa662533180
proj186:3272154:3272306 [3] NCCL INFO Allocated shareable buffer 0x7f83b8000000 size 6291456 ipcDesc 0x7f83c0017d90
proj186:3272154:3272306 [3] NCCL INFO proxyProgressAsync opId=0x7f83c9fed260 op.type=3 op.reqBuff=0x7f83c001e670 op.respSize=80 done
proj186:3272157:3272301 [6] NCCL INFO Allocated shareable buffer 0x7fafc0c00000 size 6291456 ipcDesc 0x7fafc8017d90
proj186:3272156:3272287 [5] NCCL INFO recvOpId=0x7fa662533180 matches expected opId=0x7fa662533180
proj186:3272156:3272287 [5] NCCL INFO Connection to proxy localRank 5 -> connection 0x7fa658003830
proj186:3272157:3272301 [6] NCCL INFO proxyProgressAsync opId=0x7fafd1fed320 op.type=3 op.reqBuff=0x7fafc8020360 op.respSize=80 done
proj186:3272156:3272300 [5] NCCL INFO Received and initiated operation=Init res=0
proj186:3272154:3272281 [3] NCCL INFO ncclPollProxyResponse Received new opId=0x7f83c9fed260
proj186:3272157:3272286 [6] NCCL INFO ncclPollProxyResponse Received new opId=0x7fafd1fed320
proj186:3272158:3272304 [7] NCCL INFO transport/p2p.cc:204 Cuda Alloc Size 6291456 pointer 0x7fb8d8c00000
proj186:3272157:3272286 [6] NCCL INFO recvOpId=0x7fafd1fed320 matches expected opId=0x7fafd1fed320
proj186:3272154:3272281 [3] NCCL INFO recvOpId=0x7f83c9fed260 matches expected opId=0x7f83c9fed260
proj186:3272157:3272301 [6] NCCL INFO Received and initiated operation=Setup res=0
proj186:3272154:3272306 [3] NCCL INFO Received and initiated operation=Setup res=0
proj186:3272157:3272286 [6] NCCL INFO Channel 02/0 : 6[6] -> 7[7] via P2P/IPC/read
proj186:3272154:3272281 [3] NCCL INFO Channel 00/0 : 3[3] -> 4[4] via P2P/IPC/read
proj186:3272157:3272301 [6] NCCL INFO New proxy send connection 18 from local rank 6, transport 0
proj186:3272154:3272306 [3] NCCL INFO New proxy send connection 16 from local rank 3, transport 0
proj186:3272157:3272301 [6] NCCL INFO proxyProgressAsync opId=0x7fafd1fed320 op.type=1 op.reqBuff=0x7fafc8017dc0 op.respSize=16 done
proj186:3272153:3272307 [2] NCCL INFO transport/p2p.cc:204 Cuda Alloc Size 6291456 pointer 0x7fea6d200000
proj186:3272154:3272306 [3] NCCL INFO proxyProgressAsync opId=0x7f83c9fed260 op.type=1 op.reqBuff=0x7f83c001e670 op.respSize=16 done
proj186:3272157:3272286 [6] NCCL INFO ncclPollProxyResponse Received new opId=0x7fafd1fed320
proj186:3272154:3272281 [3] NCCL INFO ncclPollProxyResponse Received new opId=0x7f83c9fed260
proj186:3272157:3272286 [6] NCCL INFO recvOpId=0x7fafd1fed320 matches expected opId=0x7fafd1fed320
proj186:3272157:3272286 [6] NCCL INFO Connection to proxy localRank 6 -> connection 0x7fafc80036f0
proj186:3272157:3272301 [6] NCCL INFO Received and initiated operation=Init res=0
proj186:3272154:3272281 [3] NCCL INFO recvOpId=0x7f83c9fed260 matches expected opId=0x7f83c9fed260
proj186:3272154:3272281 [3] NCCL INFO Connection to proxy localRank 3 -> connection 0x7f83c0003650
proj186:3272154:3272306 [3] NCCL INFO Received and initiated operation=Init res=0
proj186:3272158:3272304 [7] NCCL INFO Allocated shareable buffer 0x7fb8d8c00000 size 6291456 ipcDesc 0x7fb8e0017d90
proj186:3272158:3272304 [7] NCCL INFO proxyProgressAsync opId=0x7fb8e9fed260 op.type=3 op.reqBuff=0x7fb8e0020360 op.respSize=80 done
proj186:3272158:3272284 [7] NCCL INFO ncclPollProxyResponse Received new opId=0x7fb8e9fed260
proj186:3272158:3272284 [7] NCCL INFO recvOpId=0x7fb8e9fed260 matches expected opId=0x7fb8e9fed260
proj186:3272158:3272304 [7] NCCL INFO Received and initiated operation=Setup res=0
proj186:3272158:3272284 [7] NCCL INFO Channel 02/0 : 7[7] -> 0[0] via P2P/IPC/read
proj186:3272158:3272304 [7] NCCL INFO New proxy send connection 18 from local rank 7, transport 0
proj186:3272158:3272304 [7] NCCL INFO proxyProgressAsync opId=0x7fb8e9fed260 op.type=1 op.reqBuff=0x7fb8e0017dc0 op.respSize=16 done
proj186:3272158:3272284 [7] NCCL INFO ncclPollProxyResponse Received new opId=0x7fb8e9fed260
proj186:3272158:3272284 [7] NCCL INFO recvOpId=0x7fb8e9fed260 matches expected opId=0x7fb8e9fed260
proj186:3272158:3272284 [7] NCCL INFO Connection to proxy localRank 7 -> connection 0x7fb8e00036f0
proj186:3272158:3272304 [7] NCCL INFO Received and initiated operation=Init res=0
proj186:3272153:3272307 [2] NCCL INFO Allocated shareable buffer 0x7fea6d200000 size 6291456 ipcDesc 0x7fea74020fd0
proj186:3272153:3272307 [2] NCCL INFO proxyProgressAsync opId=0x7fea7dfeca10 op.type=3 op.reqBuff=0x7fea74020360 op.respSize=80 done
proj186:3272151:3272302 [0] NCCL INFO transport/p2p.cc:204 Cuda Alloc Size 6291456 pointer 0x7f0143800000
proj186:3272153:3272282 [2] NCCL INFO ncclPollProxyResponse Received new opId=0x7fea7dfeca10
proj186:3272153:3272307 [2] NCCL INFO Received and initiated operation=Setup res=0
proj186:3272153:3272282 [2] NCCL INFO recvOpId=0x7fea7dfeca10 matches expected opId=0x7fea7dfeca10
proj186:3272153:3272282 [2] NCCL INFO Channel 03/0 : 2[2] -> 3[3] via P2P/IPC/read
proj186:3272153:3272307 [2] NCCL INFO New proxy send connection 19 from local rank 2, transport 0
proj186:3272153:3272307 [2] NCCL INFO proxyProgressAsync opId=0x7fea7dfeca10 op.type=1 op.reqBuff=0x7fea74020360 op.respSize=16 done
proj186:3272153:3272282 [2] NCCL INFO ncclPollProxyResponse Received new opId=0x7fea7dfeca10
proj186:3272153:3272307 [2] NCCL INFO Received and initiated operation=Init res=0
proj186:3272153:3272282 [2] NCCL INFO recvOpId=0x7fea7dfeca10 matches expected opId=0x7fea7dfeca10
proj186:3272153:3272282 [2] NCCL INFO Connection to proxy localRank 2 -> connection 0x7fea74003740
proj186:3272152:3272303 [1] NCCL INFO transport/p2p.cc:204 Cuda Alloc Size 6291456 pointer 0x7f6053800000
proj186:3272151:3272302 [0] NCCL INFO Allocated shareable buffer 0x7f0143800000 size 6291456 ipcDesc 0x7f0160017cf0
proj186:3272151:3272302 [0] NCCL INFO proxyProgressAsync opId=0x7f014dfed320 op.type=3 op.reqBuff=0x7f0160021c00 op.respSize=80 done
proj186:3272151:3272280 [0] NCCL INFO ncclPollProxyResponse Received new opId=0x7f014dfed320
proj186:3272151:3272280 [0] NCCL INFO recvOpId=0x7f014dfed320 matches expected opId=0x7f014dfed320
proj186:3272151:3272280 [0] NCCL INFO Channel 04/0 : 0[0] -> 1[1] via P2P/IPC/read
proj186:3272151:3272302 [0] NCCL INFO Received and initiated operation=Setup res=0
proj186:3272152:3272303 [1] NCCL INFO Allocated shareable buffer 0x7f6053800000 size 6291456 ipcDesc 0x7f6058017d90
proj186:3272152:3272303 [1] NCCL INFO proxyProgressAsync opId=0x7f6061fed260 op.type=3 op.reqBuff=0x7f605801d9d0 op.respSize=80 done
proj186:3272151:3272302 [0] NCCL INFO New proxy send connection 20 from local rank 0, transport 0
proj186:3272152:3272285 [1] NCCL INFO ncclPollProxyResponse Received new opId=0x7f6061fed260
proj186:3272151:3272302 [0] NCCL INFO proxyProgressAsync opId=0x7f014dfed320 op.type=1 op.reqBuff=0x7f0160021c00 op.respSize=16 done
proj186:3272151:3272280 [0] NCCL INFO ncclPollProxyResponse Received new opId=0x7f014dfed320
proj186:3272152:3272285 [1] NCCL INFO recvOpId=0x7f6061fed260 matches expected opId=0x7f6061fed260
proj186:3272152:3272303 [1] NCCL INFO Received and initiated operation=Setup res=0
proj186:3272151:3272280 [0] NCCL INFO recvOpId=0x7f014dfed320 matches expected opId=0x7f014dfed320
proj186:3272151:3272280 [0] NCCL INFO Connection to proxy localRank 0 -> connection 0x7f0160003790
proj186:3272151:3272302 [0] NCCL INFO Received and initiated operation=Init res=0
proj186:3272152:3272303 [1] NCCL INFO New proxy recv connection 15 from local rank 1, transport 0
proj186:3272152:3272303 [1] NCCL INFO proxyProgressAsync opId=0x7f6061fed260 op.type=1 op.reqBuff=0x7f605801d9d0 op.respSize=16 done
proj186:3272152:3272285 [1] NCCL INFO ncclPollProxyResponse Received new opId=0x7f6061fed260
proj186:3272152:3272285 [1] NCCL INFO recvOpId=0x7f6061fed260 matches expected opId=0x7f6061fed260
proj186:3272152:3272285 [1] NCCL INFO Connection to proxy localRank 1 -> connection 0x7f6058003600
proj186:3272152:3272303 [1] NCCL INFO Received and initiated operation=Init res=0
proj186:3272155:3272305 [4] NCCL INFO transport/p2p.cc:204 Cuda Alloc Size 6291456 pointer 0x7fc443800000
proj186:3272155:3272305 [4] NCCL INFO Allocated shareable buffer 0x7fc443800000 size 6291456 ipcDesc 0x7fc448017d90
proj186:3272155:3272305 [4] NCCL INFO proxyProgressAsync opId=0x7fc451fed260 op.type=3 op.reqBuff=0x7fc44801d9d0 op.respSize=80 done
proj186:3272155:3272283 [4] NCCL INFO ncclPollProxyResponse Received new opId=0x7fc451fed260
proj186:3272156:3272300 [5] NCCL INFO transport/p2p.cc:204 Cuda Alloc Size 6291456 pointer 0x7fa64ec00000
proj186:3272155:3272283 [4] NCCL INFO recvOpId=0x7fc451fed260 matches expected opId=0x7fc451fed260
proj186:3272155:3272305 [4] NCCL INFO Received and initiated operation=Setup res=0
proj186:3272155:3272305 [4] NCCL INFO New proxy recv connection 15 from local rank 4, transport 0
proj186:3272155:3272305 [4] NCCL INFO proxyProgressAsync opId=0x7fc451fed260 op.type=1 op.reqBuff=0x7fc44801d9d0 op.respSize=16 done
proj186:3272155:3272283 [4] NCCL INFO ncclPollProxyResponse Received new opId=0x7fc451fed260
proj186:3272155:3272283 [4] NCCL INFO recvOpId=0x7fc451fed260 matches expected opId=0x7fc451fed260
proj186:3272155:3272283 [4] NCCL INFO Connection to proxy localRank 4 -> connection 0x7fc448003600
proj186:3272155:3272305 [4] NCCL INFO Received and initiated operation=Init res=0
proj186:3272157:3272301 [6] NCCL INFO transport/p2p.cc:204 Cuda Alloc Size 6291456 pointer 0x7fafc1200000
proj186:3272158:3272304 [7] NCCL INFO transport/p2p.cc:204 Cuda Alloc Size 6291456 pointer 0x7fb8d9200000
proj186:3272154:3272306 [3] NCCL INFO transport/p2p.cc:204 Cuda Alloc Size 6291456 pointer 0x7f83b8600000
proj186:3272156:3272300 [5] NCCL INFO Allocated shareable buffer 0x7fa64ec00000 size 6291456 ipcDesc 0x7fa658020fd0
proj186:3272156:3272300 [5] NCCL INFO proxyProgressAsync opId=0x7fa662533180 op.type=3 op.reqBuff=0x7fa658024630 op.respSize=80 done
proj186:3272158:3272304 [7] NCCL INFO Allocated shareable buffer 0x7fb8d9200000 size 6291456 ipcDesc 0x7fb8e0020fd0
proj186:3272157:3272301 [6] NCCL INFO Allocated shareable buffer 0x7fafc1200000 size 6291456 ipcDesc 0x7fafc8020fd0
proj186:3272158:3272304 [7] NCCL INFO proxyProgressAsync opId=0x7fb8e9fed260 op.type=3 op.reqBuff=0x7fb8e0020360 op.respSize=80 done
proj186:3272157:3272301 [6] NCCL INFO proxyProgressAsync opId=0x7fafd1fed320 op.type=3 op.reqBuff=0x7fafc8020360 op.respSize=80 done
proj186:3272158:3272284 [7] NCCL INFO ncclPollProxyResponse Received new opId=0x7fb8e9fed260
proj186:3272154:3272306 [3] NCCL INFO Allocated shareable buffer 0x7f83b8600000 size 6291456 ipcDesc 0x7f83c0017d90
proj186:3272153:3272307 [2] NCCL INFO transport/p2p.cc:204 Cuda Alloc Size 6291456 pointer 0x7fea6d800000
proj186:3272154:3272306 [3] NCCL INFO proxyProgressAsync opId=0x7f83c9fed260 op.type=3 op.reqBuff=0x7f83c001f6c0 op.respSize=80 done
proj186:3272158:3272284 [7] NCCL INFO recvOpId=0x7fb8e9fed260 matches expected opId=0x7fb8e9fed260
proj186:3272156:3272287 [5] NCCL INFO ncclPollProxyResponse Received new opId=0x7fa662533180
proj186:3272158:3272304 [7] NCCL INFO Received and initiated operation=Setup res=0
proj186:3272158:3272284 [7] NCCL INFO Channel 03/0 : 7[7] -> 0[0] via P2P/IPC/read
proj186:3272157:3272286 [6] NCCL INFO ncclPollProxyResponse Received new opId=0x7fafd1fed320
proj186:3272154:3272281 [3] NCCL INFO ncclPollProxyResponse Received new opId=0x7f83c9fed260
proj186:3272157:3272286 [6] NCCL INFO recvOpId=0x7fafd1fed320 matches expected opId=0x7fafd1fed320
proj186:3272156:3272287 [5] NCCL INFO recvOpId=0x7fa662533180 matches expected opId=0x7fa662533180
proj186:3272158:3272304 [7] NCCL INFO New proxy send connection 19 from local rank 7, transport 0
proj186:3272158:3272304 [7] NCCL INFO proxyProgressAsync opId=0x7fb8e9fed260 op.type=1 op.reqBuff=0x7fb8e0020360 op.respSize=16 done
proj186:3272156:3272287 [5] NCCL INFO Channel 07/0 : 5[5] -> 6[6] via P2P/IPC/read
proj186:3272158:3272284 [7] NCCL INFO ncclPollProxyResponse Received new opId=0x7fb8e9fed260
proj186:3272157:3272286 [6] NCCL INFO Channel 03/0 : 6[6] -> 7[7] via P2P/IPC/read
proj186:3272157:3272301 [6] NCCL INFO Received and initiated operation=Setup res=0
proj186:3272156:3272300 [5] NCCL INFO Received and initiated operation=Setup res=0
proj186:3272158:3272284 [7] NCCL INFO recvOpId=0x7fb8e9fed260 matches expected opId=0x7fb8e9fed260
proj186:3272158:3272284 [7] NCCL INFO Connection to proxy localRank 7 -> connection 0x7fb8e0003740
proj186:3272154:3272281 [3] NCCL INFO recvOpId=0x7f83c9fed260 matches expected opId=0x7f83c9fed260
proj186:3272158:3272304 [7] NCCL INFO Received and initiated operation=Init res=0
proj186:3272154:3272306 [3] NCCL INFO Received and initiated operation=Setup res=0
proj186:3272154:3272281 [3] NCCL INFO Channel 01/0 : 3[3] -> 4[4] via P2P/IPC/read
proj186:3272156:3272300 [5] NCCL INFO New proxy send connection 23 from local rank 5, transport 0
proj186:3272157:3272301 [6] NCCL INFO New proxy send connection 19 from local rank 6, transport 0
proj186:3272157:3272301 [6] NCCL INFO proxyProgressAsync opId=0x7fafd1fed320 op.type=1 op.reqBuff=0x7fafc8020360 op.respSize=16 done
proj186:3272156:3272300 [5] NCCL INFO proxyProgressAsync opId=0x7fa662533180 op.type=1 op.reqBuff=0x7fa658024630 op.respSize=16 done
proj186:3272157:3272286 [6] NCCL INFO ncclPollProxyResponse Received new opId=0x7fafd1fed320
proj186:3272156:3272287 [5] NCCL INFO ncclPollProxyResponse Received new opId=0x7fa662533180
proj186:3272156:3272287 [5] NCCL INFO recvOpId=0x7fa662533180 matches expected opId=0x7fa662533180
proj186:3272157:3272286 [6] NCCL INFO recvOpId=0x7fafd1fed320 matches expected opId=0x7fafd1fed320
proj186:3272156:3272287 [5] NCCL INFO Connection to proxy localRank 5 -> connection 0x7fa658003880
proj186:3272157:3272286 [6] NCCL INFO Connection to proxy localRank 6 -> connection 0x7fafc8003740
proj186:3272154:3272306 [3] NCCL INFO New proxy send connection 17 from local rank 3, transport 0
proj186:3272157:3272301 [6] NCCL INFO Received and initiated operation=Init res=0
proj186:3272156:3272300 [5] NCCL INFO Received and initiated operation=Init res=0
proj186:3272154:3272306 [3] NCCL INFO proxyProgressAsync opId=0x7f83c9fed260 op.type=1 op.reqBuff=0x7f83c001f6c0 op.respSize=16 done
proj186:3272154:3272281 [3] NCCL INFO ncclPollProxyResponse Received new opId=0x7f83c9fed260
proj186:3272154:3272281 [3] NCCL INFO recvOpId=0x7f83c9fed260 matches expected opId=0x7f83c9fed260
proj186:3272154:3272281 [3] NCCL INFO Connection to proxy localRank 3 -> connection 0x7f83c00036a0
proj186:3272154:3272306 [3] NCCL INFO Received and initiated operation=Init res=0
proj186:3272153:3272307 [2] NCCL INFO Allocated shareable buffer 0x7fea6d800000 size 6291456 ipcDesc 0x7fea74020fd0
proj186:3272153:3272307 [2] NCCL INFO proxyProgressAsync opId=0x7fea7dfeca10 op.type=3 op.reqBuff=0x7fea74021ca0 op.respSize=80 done
proj186:3272153:3272282 [2] NCCL INFO ncclPollProxyResponse Received new opId=0x7fea7dfeca10
proj186:3272153:3272307 [2] NCCL INFO Received and initiated operation=Setup res=0
proj186:3272153:3272282 [2] NCCL INFO recvOpId=0x7fea7dfeca10 matches expected opId=0x7fea7dfeca10
proj186:3272153:3272282 [2] NCCL INFO Channel 04/0 : 2[2] -> 3[3] via P2P/IPC/read
proj186:3272153:3272307 [2] NCCL INFO New proxy send connection 20 from local rank 2, transport 0
proj186:3272153:3272307 [2] NCCL INFO proxyProgressAsync opId=0x7fea7dfeca10 op.type=1 op.reqBuff=0x7fea74021ca0 op.respSize=16 done
proj186:3272153:3272282 [2] NCCL INFO ncclPollProxyResponse Received new opId=0x7fea7dfeca10
proj186:3272153:3272307 [2] NCCL INFO Received and initiated operation=Init res=0
proj186:3272153:3272282 [2] NCCL INFO recvOpId=0x7fea7dfeca10 matches expected opId=0x7fea7dfeca10
proj186:3272153:3272282 [2] NCCL INFO Connection to proxy localRank 2 -> connection 0x7fea74003790
proj186:3272151:3272302 [0] NCCL INFO transport/p2p.cc:204 Cuda Alloc Size 6291456 pointer 0x7f0140000000
proj186:3272152:3272303 [1] NCCL INFO transport/p2p.cc:204 Cuda Alloc Size 6291456 pointer 0x7f6050000000
proj186:3272151:3272302 [0] NCCL INFO Allocated shareable buffer 0x7f0140000000 size 6291456 ipcDesc 0x7f0160017cf0
proj186:3272151:3272302 [0] NCCL INFO proxyProgressAsync opId=0x7f014dfed320 op.type=3 op.reqBuff=0x7f01600228a0 op.respSize=80 done
proj186:3272151:3272280 [0] NCCL INFO ncclPollProxyResponse Received new opId=0x7f014dfed320
proj186:3272151:3272280 [0] NCCL INFO recvOpId=0x7f014dfed320 matches expected opId=0x7f014dfed320
proj186:3272151:3272280 [0] NCCL INFO Channel 05/0 : 0[0] -> 1[1] via P2P/IPC/read
proj186:3272151:3272302 [0] NCCL INFO Received and initiated operation=Setup res=0
proj186:3272151:3272302 [0] NCCL INFO New proxy send connection 21 from local rank 0, transport 0
proj186:3272151:3272302 [0] NCCL INFO proxyProgressAsync opId=0x7f014dfed320 op.type=1 op.reqBuff=0x7f01600228a0 op.respSize=16 done
proj186:3272151:3272280 [0] NCCL INFO ncclPollProxyResponse Received new opId=0x7f014dfed320
proj186:3272152:3272303 [1] NCCL INFO Allocated shareable buffer 0x7f6050000000 size 6291456 ipcDesc 0x7f6058017d90
proj186:3272152:3272303 [1] NCCL INFO proxyProgressAsync opId=0x7f6061fed260 op.type=3 op.reqBuff=0x7f605801e670 op.respSize=80 done
proj186:3272151:3272280 [0] NCCL INFO recvOpId=0x7f014dfed320 matches expected opId=0x7f014dfed320
proj186:3272151:3272280 [0] NCCL INFO Connection to proxy localRank 0 -> connection 0x7f01600037e0
proj186:3272151:3272302 [0] NCCL INFO Received and initiated operation=Init res=0
proj186:3272152:3272285 [1] NCCL INFO ncclPollProxyResponse Received new opId=0x7f6061fed260
proj186:3272152:3272285 [1] NCCL INFO recvOpId=0x7f6061fed260 matches expected opId=0x7f6061fed260
proj186:3272152:3272285 [1] NCCL INFO Channel 00/0 : 1[1] -> 2[2] via P2P/IPC/read
proj186:3272152:3272303 [1] NCCL INFO Received and initiated operation=Setup res=0
proj186:3272152:3272303 [1] NCCL INFO New proxy send connection 16 from local rank 1, transport 0
proj186:3272152:3272303 [1] NCCL INFO proxyProgressAsync opId=0x7f6061fed260 op.type=1 op.reqBuff=0x7f605801e670 op.respSize=16 done
proj186:3272152:3272285 [1] NCCL INFO ncclPollProxyResponse Received new opId=0x7f6061fed260
proj186:3272152:3272285 [1] NCCL INFO recvOpId=0x7f6061fed260 matches expected opId=0x7f6061fed260
proj186:3272152:3272285 [1] NCCL INFO Connection to proxy localRank 1 -> connection 0x7f6058003650
proj186:3272152:3272303 [1] NCCL INFO Received and initiated operation=Init res=0
proj186:3272155:3272305 [4] NCCL INFO transport/p2p.cc:204 Cuda Alloc Size 6291456 pointer 0x7fc440000000
proj186:3272158:3272304 [7] NCCL INFO transport/p2p.cc:204 Cuda Alloc Size 6291456 pointer 0x7fb8d9800000
proj186:3272155:3272305 [4] NCCL INFO Allocated shareable buffer 0x7fc440000000 size 6291456 ipcDesc 0x7fc448017d90
proj186:3272155:3272305 [4] NCCL INFO proxyProgressAsync opId=0x7fc451fed260 op.type=3 op.reqBuff=0x7fc44801e670 op.respSize=80 done
proj186:3272155:3272283 [4] NCCL INFO ncclPollProxyResponse Received new opId=0x7fc451fed260
proj186:3272155:3272283 [4] NCCL INFO recvOpId=0x7fc451fed260 matches expected opId=0x7fc451fed260
proj186:3272155:3272305 [4] NCCL INFO Received and initiated operation=Setup res=0
proj186:3272156:3272300 [5] NCCL INFO transport/p2p.cc:204 Cuda Alloc Size 6291456 pointer 0x7fa64f200000
proj186:3272155:3272283 [4] NCCL INFO Channel 00/0 : 4[4] -> 5[5] via P2P/IPC/read
proj186:3272157:3272301 [6] NCCL INFO transport/p2p.cc:204 Cuda Alloc Size 6291456 pointer 0x7fafc1800000
proj186:3272155:3272305 [4] NCCL INFO New proxy send connection 16 from local rank 4, transport 0
proj186:3272155:3272305 [4] NCCL INFO proxyProgressAsync opId=0x7fc451fed260 op.type=1 op.reqBuff=0x7fc44801e670 op.respSize=16 done
proj186:3272155:3272283 [4] NCCL INFO ncclPollProxyResponse Received new opId=0x7fc451fed260
proj186:3272158:3272304 [7] NCCL INFO Allocated shareable buffer 0x7fb8d9800000 size 6291456 ipcDesc 0x7fb8e0020fd0
proj186:3272158:3272304 [7] NCCL INFO proxyProgressAsync opId=0x7fb8e9fed260 op.type=3 op.reqBuff=0x7fb8e0021ca0 op.respSize=80 done
proj186:3272155:3272283 [4] NCCL INFO recvOpId=0x7fc451fed260 matches expected opId=0x7fc451fed260
proj186:3272155:3272283 [4] NCCL INFO Connection to proxy localRank 4 -> connection 0x7fc448003650
proj186:3272158:3272284 [7] NCCL INFO ncclPollProxyResponse Received new opId=0x7fb8e9fed260
proj186:3272155:3272305 [4] NCCL INFO Received and initiated operation=Init res=0
proj186:3272158:3272284 [7] NCCL INFO recvOpId=0x7fb8e9fed260 matches expected opId=0x7fb8e9fed260
proj186:3272158:3272304 [7] NCCL INFO Received and initiated operation=Setup res=0
proj186:3272158:3272284 [7] NCCL INFO Channel 04/0 : 7[7] -> 0[0] via P2P/IPC/read
proj186:3272158:3272304 [7] NCCL INFO New proxy send connection 20 from local rank 7, transport 0
proj186:3272158:3272304 [7] NCCL INFO proxyProgressAsync opId=0x7fb8e9fed260 op.type=1 op.reqBuff=0x7fb8e0021ca0 op.respSize=16 done
proj186:3272158:3272284 [7] NCCL INFO ncclPollProxyResponse Received new opId=0x7fb8e9fed260
proj186:3272158:3272284 [7] NCCL INFO recvOpId=0x7fb8e9fed260 matches expected opId=0x7fb8e9fed260
proj186:3272158:3272284 [7] NCCL INFO Connection to proxy localRank 7 -> connection 0x7fb8e0003790
proj186:3272158:3272304 [7] NCCL INFO Received and initiated operation=Init res=0
proj186:3272154:3272306 [3] NCCL INFO transport/p2p.cc:204 Cuda Alloc Size 6291456 pointer 0x7f83b8c00000
proj186:3272153:3272307 [2] NCCL INFO transport/p2p.cc:204 Cuda Alloc Size 6291456 pointer 0x7fea6a000000
proj186:3272156:3272300 [5] NCCL INFO Allocated shareable buffer 0x7fa64f200000 size 6291456 ipcDesc 0x7fa658020fd0
proj186:3272156:3272300 [5] NCCL INFO proxyProgressAsync opId=0x7fa662533180 op.type=3 op.reqBuff=0x7fa6580252d0 op.respSize=80 done
proj186:3272156:3272287 [5] NCCL INFO ncclPollProxyResponse Received new opId=0x7fa662533180
proj186:3272156:3272287 [5] NCCL INFO recvOpId=0x7fa662533180 matches expected opId=0x7fa662533180
proj186:3272156:3272300 [5] NCCL INFO Received and initiated operation=Setup res=0
proj186:3272156:3272287 [5] NCCL INFO Channel 08/0 : 5[5] -> 6[6] via P2P/IPC/read
proj186:3272157:3272301 [6] NCCL INFO Allocated shareable buffer 0x7fafc1800000 size 6291456 ipcDesc 0x7fafc8020fd0
proj186:3272157:3272301 [6] NCCL INFO proxyProgressAsync opId=0x7fafd1fed320 op.type=3 op.reqBuff=0x7fafc8021ca0 op.respSize=80 done
proj186:3272157:3272286 [6] NCCL INFO ncclPollProxyResponse Received new opId=0x7fafd1fed320
proj186:3272156:3272300 [5] NCCL INFO New proxy send connection 24 from local rank 5, transport 0
proj186:3272156:3272300 [5] NCCL INFO proxyProgressAsync opId=0x7fa662533180 op.type=1 op.reqBuff=0x7fa6580252d0 op.respSize=16 done
proj186:3272156:3272287 [5] NCCL INFO ncclPollProxyResponse Received new opId=0x7fa662533180
proj186:3272157:3272286 [6] NCCL INFO recvOpId=0x7fafd1fed320 matches expected opId=0x7fafd1fed320
proj186:3272157:3272286 [6] NCCL INFO Channel 04/0 : 6[6] -> 7[7] via P2P/IPC/read
proj186:3272157:3272301 [6] NCCL INFO Received and initiated operation=Setup res=0
proj186:3272156:3272287 [5] NCCL INFO recvOpId=0x7fa662533180 matches expected opId=0x7fa662533180
proj186:3272156:3272287 [5] NCCL INFO Connection to proxy localRank 5 -> connection 0x7fa6580038d0
proj186:3272156:3272300 [5] NCCL INFO Received and initiated operation=Init res=0
proj186:3272153:3272307 [2] NCCL INFO Allocated shareable buffer 0x7fea6a000000 size 6291456 ipcDesc 0x7fea74020fd0
proj186:3272153:3272307 [2] NCCL INFO proxyProgressAsync opId=0x7fea7dfeca10 op.type=3 op.reqBuff=0x7fea74022940 op.respSize=80 done
proj186:3272154:3272306 [3] NCCL INFO Allocated shareable buffer 0x7f83b8c00000 size 6291456 ipcDesc 0x7f83c0017d90
proj186:3272154:3272306 [3] NCCL INFO proxyProgressAsync opId=0x7f83c9fed260 op.type=3 op.reqBuff=0x7f83c0020360 op.respSize=80 done
proj186:3272153:3272282 [2] NCCL INFO ncclPollProxyResponse Received new opId=0x7fea7dfeca10
proj186:3272153:3272307 [2] NCCL INFO Received and initiated operation=Setup res=0
proj186:3272157:3272301 [6] NCCL INFO New proxy send connection 20 from local rank 6, transport 0
proj186:3272153:3272282 [2] NCCL INFO recvOpId=0x7fea7dfeca10 matches expected opId=0x7fea7dfeca10
proj186:3272157:3272301 [6] NCCL INFO proxyProgressAsync opId=0x7fafd1fed320 op.type=1 op.reqBuff=0x7fafc8021ca0 op.respSize=16 done
proj186:3272153:3272282 [2] NCCL INFO Channel 05/0 : 2[2] -> 3[3] via P2P/IPC/read
proj186:3272154:3272281 [3] NCCL INFO ncclPollProxyResponse Received new opId=0x7f83c9fed260
proj186:3272157:3272286 [6] NCCL INFO ncclPollProxyResponse Received new opId=0x7fafd1fed320
proj186:3272157:3272286 [6] NCCL INFO recvOpId=0x7fafd1fed320 matches expected opId=0x7fafd1fed320
proj186:3272154:3272281 [3] NCCL INFO recvOpId=0x7f83c9fed260 matches expected opId=0x7f83c9fed260
proj186:3272157:3272286 [6] NCCL INFO Connection to proxy localRank 6 -> connection 0x7fafc8003790
proj186:3272157:3272301 [6] NCCL INFO Received and initiated operation=Init res=0
proj186:3272154:3272306 [3] NCCL INFO Received and initiated operation=Setup res=0
proj186:3272153:3272307 [2] NCCL INFO New proxy send connection 21 from local rank 2, transport 0
proj186:3272153:3272307 [2] NCCL INFO proxyProgressAsync opId=0x7fea7dfeca10 op.type=1 op.reqBuff=0x7fea74022940 op.respSize=16 done
proj186:3272154:3272281 [3] NCCL INFO Channel 02/0 : 3[3] -> 4[4] via P2P/IPC/read
proj186:3272153:3272282 [2] NCCL INFO ncclPollProxyResponse Received new opId=0x7fea7dfeca10
proj186:3272153:3272307 [2] NCCL INFO Received and initiated operation=Init res=0
proj186:3272153:3272282 [2] NCCL INFO recvOpId=0x7fea7dfeca10 matches expected opId=0x7fea7dfeca10
proj186:3272153:3272282 [2] NCCL INFO Connection to proxy localRank 2 -> connection 0x7fea740037e0
proj186:3272152:3272303 [1] NCCL INFO transport/p2p.cc:204 Cuda Alloc Size 6291456 pointer 0x7f6050600000
proj186:3272154:3272306 [3] NCCL INFO New proxy send connection 18 from local rank 3, transport 0
proj186:3272154:3272306 [3] NCCL INFO proxyProgressAsync opId=0x7f83c9fed260 op.type=1 op.reqBuff=0x7f83c0017dc0 op.respSize=16 done
proj186:3272154:3272281 [3] NCCL INFO ncclPollProxyResponse Received new opId=0x7f83c9fed260
proj186:3272154:3272281 [3] NCCL INFO recvOpId=0x7f83c9fed260 matches expected opId=0x7f83c9fed260
proj186:3272154:3272281 [3] NCCL INFO Connection to proxy localRank 3 -> connection 0x7f83c00036f0
proj186:3272154:3272306 [3] NCCL INFO Received and initiated operation=Init res=0
proj186:3272151:3272302 [0] NCCL INFO transport/p2p.cc:204 Cuda Alloc Size 6291456 pointer 0x7f0140600000
proj186:3272152:3272303 [1] NCCL INFO Allocated shareable buffer 0x7f6050600000 size 6291456 ipcDesc 0x7f6058017d90
proj186:3272152:3272303 [1] NCCL INFO proxyProgressAsync opId=0x7f6061fed260 op.type=3 op.reqBuff=0x7f605801f6c0 op.respSize=80 done
proj186:3272152:3272285 [1] NCCL INFO ncclPollProxyResponse Received new opId=0x7f6061fed260
proj186:3272152:3272285 [1] NCCL INFO recvOpId=0x7f6061fed260 matches expected opId=0x7f6061fed260
proj186:3272152:3272285 [1] NCCL INFO Channel 01/0 : 1[1] -> 2[2] via P2P/IPC/read
proj186:3272152:3272303 [1] NCCL INFO Received and initiated operation=Setup res=0
proj186:3272152:3272303 [1] NCCL INFO New proxy send connection 17 from local rank 1, transport 0
proj186:3272152:3272303 [1] NCCL INFO proxyProgressAsync opId=0x7f6061fed260 op.type=1 op.reqBuff=0x7f605801f6c0 op.respSize=16 done
proj186:3272152:3272285 [1] NCCL INFO ncclPollProxyResponse Received new opId=0x7f6061fed260
proj186:3272152:3272285 [1] NCCL INFO recvOpId=0x7f6061fed260 matches expected opId=0x7f6061fed260
proj186:3272152:3272285 [1] NCCL INFO Connection to proxy localRank 1 -> connection 0x7f60580036a0
proj186:3272152:3272303 [1] NCCL INFO Received and initiated operation=Init res=0
proj186:3272151:3272302 [0] NCCL INFO Allocated shareable buffer 0x7f0140600000 size 6291456 ipcDesc 0x7f0160017cf0
proj186:3272151:3272302 [0] NCCL INFO proxyProgressAsync opId=0x7f014dfed320 op.type=3 op.reqBuff=0x7f01600238f0 op.respSize=80 done
proj186:3272151:3272280 [0] NCCL INFO ncclPollProxyResponse Received new opId=0x7f014dfed320
proj186:3272151:3272280 [0] NCCL INFO recvOpId=0x7f014dfed320 matches expected opId=0x7f014dfed320
proj186:3272151:3272302 [0] NCCL INFO Received and initiated operation=Setup res=0
proj186:3272151:3272280 [0] NCCL INFO Channel 06/0 : 0[0] -> 1[1] via P2P/IPC/read
proj186:3272151:3272302 [0] NCCL INFO New proxy send connection 22 from local rank 0, transport 0
proj186:3272151:3272302 [0] NCCL INFO proxyProgressAsync opId=0x7f014dfed320 op.type=1 op.reqBuff=0x7f01600238f0 op.respSize=16 done
proj186:3272151:3272280 [0] NCCL INFO ncclPollProxyResponse Received new opId=0x7f014dfed320
proj186:3272151:3272280 [0] NCCL INFO recvOpId=0x7f014dfed320 matches expected opId=0x7f014dfed320
proj186:3272151:3272280 [0] NCCL INFO Connection to proxy localRank 0 -> connection 0x7f0160003830
proj186:3272151:3272302 [0] NCCL INFO Received and initiated operation=Init res=0
proj186:3272155:3272305 [4] NCCL INFO transport/p2p.cc:204 Cuda Alloc Size 6291456 pointer 0x7fc440600000
proj186:3272158:3272304 [7] NCCL INFO transport/p2p.cc:204 Cuda Alloc Size 6291456 pointer 0x7fb8d6000000
proj186:3272155:3272305 [4] NCCL INFO Allocated shareable buffer 0x7fc440600000 size 6291456 ipcDesc 0x7fc448017d90
proj186:3272155:3272305 [4] NCCL INFO proxyProgressAsync opId=0x7fc451fed260 op.type=3 op.reqBuff=0x7fc44801f6c0 op.respSize=80 done
proj186:3272155:3272283 [4] NCCL INFO ncclPollProxyResponse Received new opId=0x7fc451fed260
proj186:3272155:3272283 [4] NCCL INFO recvOpId=0x7fc451fed260 matches expected opId=0x7fc451fed260
proj186:3272155:3272305 [4] NCCL INFO Received and initiated operation=Setup res=0
proj186:3272155:3272283 [4] NCCL INFO Channel 01/0 : 4[4] -> 5[5] via P2P/IPC/read
proj186:3272155:3272305 [4] NCCL INFO New proxy send connection 17 from local rank 4, transport 0
proj186:3272155:3272305 [4] NCCL INFO proxyProgressAsync opId=0x7fc451fed260 op.type=1 op.reqBuff=0x7fc44801f6c0 op.respSize=16 done
proj186:3272155:3272283 [4] NCCL INFO ncclPollProxyResponse Received new opId=0x7fc451fed260
proj186:3272155:3272283 [4] NCCL INFO recvOpId=0x7fc451fed260 matches expected opId=0x7fc451fed260
proj186:3272158:3272304 [7] NCCL INFO Allocated shareable buffer 0x7fb8d6000000 size 6291456 ipcDesc 0x7fb8e0020fd0
proj186:3272155:3272283 [4] NCCL INFO Connection to proxy localRank 4 -> connection 0x7fc4480036a0
proj186:3272158:3272304 [7] NCCL INFO proxyProgressAsync opId=0x7fb8e9fed260 op.type=3 op.reqBuff=0x7fb8e0022940 op.respSize=80 done
proj186:3272156:3272300 [5] NCCL INFO transport/p2p.cc:204 Cuda Alloc Size 6291456 pointer 0x7fa64f800000
proj186:3272155:3272305 [4] NCCL INFO Received and initiated operation=Init res=0
proj186:3272158:3272284 [7] NCCL INFO ncclPollProxyResponse Received new opId=0x7fb8e9fed260
proj186:3272158:3272284 [7] NCCL INFO recvOpId=0x7fb8e9fed260 matches expected opId=0x7fb8e9fed260
proj186:3272158:3272304 [7] NCCL INFO Received and initiated operation=Setup res=0
proj186:3272158:3272284 [7] NCCL INFO Channel 05/0 : 7[7] -> 0[0] via P2P/IPC/read
proj186:3272153:3272307 [2] NCCL INFO transport/p2p.cc:204 Cuda Alloc Size 6291456 pointer 0x7fea6a600000
proj186:3272158:3272304 [7] NCCL INFO New proxy send connection 21 from local rank 7, transport 0
proj186:3272158:3272304 [7] NCCL INFO proxyProgressAsync opId=0x7fb8e9fed260 op.type=1 op.reqBuff=0x7fb8e0022940 op.respSize=16 done
proj186:3272158:3272284 [7] NCCL INFO ncclPollProxyResponse Received new opId=0x7fb8e9fed260
proj186:3272158:3272284 [7] NCCL INFO recvOpId=0x7fb8e9fed260 matches expected opId=0x7fb8e9fed260
proj186:3272158:3272284 [7] NCCL INFO Connection to proxy localRank 7 -> connection 0x7fb8e00037e0
proj186:3272158:3272304 [7] NCCL INFO Received and initiated operation=Init res=0
proj186:3272157:3272301 [6] NCCL INFO transport/p2p.cc:204 Cuda Alloc Size 6291456 pointer 0x7fafbe000000
proj186:3272156:3272300 [5] NCCL INFO Allocated shareable buffer 0x7fa64f800000 size 6291456 ipcDesc 0x7fa658020fd0
proj186:3272153:3272307 [2] NCCL INFO Allocated shareable buffer 0x7fea6a600000 size 6291456 ipcDesc 0x7fea74020fd0
proj186:3272153:3272307 [2] NCCL INFO proxyProgressAsync opId=0x7fea7dfeca10 op.type=3 op.reqBuff=0x7fea74023990 op.respSize=80 done
proj186:3272156:3272300 [5] NCCL INFO proxyProgressAsync opId=0x7fa662533180 op.type=3 op.reqBuff=0x7fa658025f70 op.respSize=80 done
proj186:3272153:3272282 [2] NCCL INFO ncclPollProxyResponse Received new opId=0x7fea7dfeca10
proj186:3272153:3272307 [2] NCCL INFO Received and initiated operation=Setup res=0
proj186:3272153:3272282 [2] NCCL INFO recvOpId=0x7fea7dfeca10 matches expected opId=0x7fea7dfeca10
proj186:3272156:3272287 [5] NCCL INFO ncclPollProxyResponse Received new opId=0x7fa662533180
proj186:3272153:3272282 [2] NCCL INFO Channel 06/0 : 2[2] -> 3[3] via P2P/IPC/read
proj186:3272156:3272287 [5] NCCL INFO recvOpId=0x7fa662533180 matches expected opId=0x7fa662533180
proj186:3272156:3272300 [5] NCCL INFO Received and initiated operation=Setup res=0
proj186:3272156:3272287 [5] NCCL INFO Channel 09/0 : 5[5] -> 6[6] via P2P/IPC/read
proj186:3272153:3272307 [2] NCCL INFO New proxy send connection 22 from local rank 2, transport 0
proj186:3272153:3272307 [2] NCCL INFO proxyProgressAsync opId=0x7fea7dfeca10 op.type=1 op.reqBuff=0x7fea74023990 op.respSize=16 done
proj186:3272153:3272282 [2] NCCL INFO ncclPollProxyResponse Received new opId=0x7fea7dfeca10
proj186:3272153:3272307 [2] NCCL INFO Received and initiated operation=Init res=0
proj186:3272154:3272306 [3] NCCL INFO transport/p2p.cc:204 Cuda Alloc Size 6291456 pointer 0x7f83b9200000
proj186:3272153:3272282 [2] NCCL INFO recvOpId=0x7fea7dfeca10 matches expected opId=0x7fea7dfeca10
proj186:3272153:3272282 [2] NCCL INFO Connection to proxy localRank 2 -> connection 0x7fea74003830
proj186:3272156:3272300 [5] NCCL INFO New proxy send connection 25 from local rank 5, transport 0
proj186:3272156:3272300 [5] NCCL INFO proxyProgressAsync opId=0x7fa662533180 op.type=1 op.reqBuff=0x7fa658025f70 op.respSize=16 done
proj186:3272156:3272287 [5] NCCL INFO ncclPollProxyResponse Received new opId=0x7fa662533180
proj186:3272156:3272287 [5] NCCL INFO recvOpId=0x7fa662533180 matches expected opId=0x7fa662533180
proj186:3272156:3272287 [5] NCCL INFO Connection to proxy localRank 5 -> connection 0x7fa658003920
proj186:3272156:3272300 [5] NCCL INFO Received and initiated operation=Init res=0
proj186:3272157:3272301 [6] NCCL INFO Allocated shareable buffer 0x7fafbe000000 size 6291456 ipcDesc 0x7fafc8020fd0
proj186:3272157:3272301 [6] NCCL INFO proxyProgressAsync opId=0x7fafd1fed320 op.type=3 op.reqBuff=0x7fafc8022940 op.respSize=80 done
proj186:3272157:3272286 [6] NCCL INFO ncclPollProxyResponse Received new opId=0x7fafd1fed320
proj186:3272157:3272286 [6] NCCL INFO recvOpId=0x7fafd1fed320 matches expected opId=0x7fafd1fed320
proj186:3272152:3272303 [1] NCCL INFO transport/p2p.cc:204 Cuda Alloc Size 6291456 pointer 0x7f6050c00000
proj186:3272157:3272301 [6] NCCL INFO Received and initiated operation=Setup res=0
proj186:3272157:3272286 [6] NCCL INFO Channel 05/0 : 6[6] -> 7[7] via P2P/IPC/read
proj186:3272154:3272306 [3] NCCL INFO Allocated shareable buffer 0x7f83b9200000 size 6291456 ipcDesc 0x7f83c0020fd0
proj186:3272154:3272306 [3] NCCL INFO proxyProgressAsync opId=0x7f83c9fed260 op.type=3 op.reqBuff=0x7f83c0020360 op.respSize=80 done
proj186:3272154:3272281 [3] NCCL INFO ncclPollProxyResponse Received new opId=0x7f83c9fed260
proj186:3272157:3272301 [6] NCCL INFO New proxy send connection 21 from local rank 6, transport 0
proj186:3272157:3272301 [6] NCCL INFO proxyProgressAsync opId=0x7fafd1fed320 op.type=1 op.reqBuff=0x7fafc8022940 op.respSize=16 done
proj186:3272154:3272281 [3] NCCL INFO recvOpId=0x7f83c9fed260 matches expected opId=0x7f83c9fed260
proj186:3272157:3272286 [6] NCCL INFO ncclPollProxyResponse Received new opId=0x7fafd1fed320
proj186:3272154:3272306 [3] NCCL INFO Received and initiated operation=Setup res=0
proj186:3272154:3272281 [3] NCCL INFO Channel 03/0 : 3[3] -> 4[4] via P2P/IPC/read
proj186:3272157:3272286 [6] NCCL INFO recvOpId=0x7fafd1fed320 matches expected opId=0x7fafd1fed320
proj186:3272157:3272286 [6] NCCL INFO Connection to proxy localRank 6 -> connection 0x7fafc80037e0
proj186:3272157:3272301 [6] NCCL INFO Received and initiated operation=Init res=0
proj186:3272154:3272306 [3] NCCL INFO New proxy send connection 19 from local rank 3, transport 0
proj186:3272154:3272306 [3] NCCL INFO proxyProgressAsync opId=0x7f83c9fed260 op.type=1 op.reqBuff=0x7f83c0020360 op.respSize=16 done
proj186:3272154:3272281 [3] NCCL INFO ncclPollProxyResponse Received new opId=0x7f83c9fed260
proj186:3272151:3272302 [0] NCCL INFO transport/p2p.cc:204 Cuda Alloc Size 6291456 pointer 0x7f0140c00000
proj186:3272154:3272281 [3] NCCL INFO recvOpId=0x7f83c9fed260 matches expected opId=0x7f83c9fed260
proj186:3272154:3272281 [3] NCCL INFO Connection to proxy localRank 3 -> connection 0x7f83c0003740
proj186:3272154:3272306 [3] NCCL INFO Received and initiated operation=Init res=0
proj186:3272152:3272303 [1] NCCL INFO Allocated shareable buffer 0x7f6050c00000 size 6291456 ipcDesc 0x7f6058017d90
proj186:3272152:3272303 [1] NCCL INFO proxyProgressAsync opId=0x7f6061fed260 op.type=3 op.reqBuff=0x7f6058020360 op.respSize=80 done
proj186:3272152:3272285 [1] NCCL INFO ncclPollProxyResponse Received new opId=0x7f6061fed260
proj186:3272152:3272285 [1] NCCL INFO recvOpId=0x7f6061fed260 matches expected opId=0x7f6061fed260
proj186:3272152:3272285 [1] NCCL INFO Channel 02/0 : 1[1] -> 2[2] via P2P/IPC/read
proj186:3272152:3272303 [1] NCCL INFO Received and initiated operation=Setup res=0
proj186:3272152:3272303 [1] NCCL INFO New proxy send connection 18 from local rank 1, transport 0
proj186:3272152:3272303 [1] NCCL INFO proxyProgressAsync opId=0x7f6061fed260 op.type=1 op.reqBuff=0x7f6058017dc0 op.respSize=16 done
proj186:3272152:3272285 [1] NCCL INFO ncclPollProxyResponse Received new opId=0x7f6061fed260
proj186:3272152:3272285 [1] NCCL INFO recvOpId=0x7f6061fed260 matches expected opId=0x7f6061fed260
proj186:3272152:3272285 [1] NCCL INFO Connection to proxy localRank 1 -> connection 0x7f60580036f0
proj186:3272152:3272303 [1] NCCL INFO Received and initiated operation=Init res=0
proj186:3272151:3272302 [0] NCCL INFO Allocated shareable buffer 0x7f0140c00000 size 6291456 ipcDesc 0x7f0160017cf0
proj186:3272151:3272302 [0] NCCL INFO proxyProgressAsync opId=0x7f014dfed320 op.type=3 op.reqBuff=0x7f0160024590 op.respSize=80 done
proj186:3272151:3272280 [0] NCCL INFO ncclPollProxyResponse Received new opId=0x7f014dfed320
proj186:3272151:3272280 [0] NCCL INFO recvOpId=0x7f014dfed320 matches expected opId=0x7f014dfed320
proj186:3272151:3272280 [0] NCCL INFO Channel 07/0 : 0[0] -> 1[1] via P2P/IPC/read
proj186:3272151:3272302 [0] NCCL INFO Received and initiated operation=Setup res=0
proj186:3272151:3272302 [0] NCCL INFO New proxy send connection 23 from local rank 0, transport 0
proj186:3272151:3272302 [0] NCCL INFO proxyProgressAsync opId=0x7f014dfed320 op.type=1 op.reqBuff=0x7f0160024590 op.respSize=16 done
proj186:3272151:3272280 [0] NCCL INFO ncclPollProxyResponse Received new opId=0x7f014dfed320
proj186:3272151:3272280 [0] NCCL INFO recvOpId=0x7f014dfed320 matches expected opId=0x7f014dfed320
proj186:3272151:3272280 [0] NCCL INFO Connection to proxy localRank 0 -> connection 0x7f0160003880
proj186:3272151:3272302 [0] NCCL INFO Received and initiated operation=Init res=0
proj186:3272155:3272305 [4] NCCL INFO transport/p2p.cc:204 Cuda Alloc Size 6291456 pointer 0x7fc440c00000
proj186:3272158:3272304 [7] NCCL INFO transport/p2p.cc:204 Cuda Alloc Size 6291456 pointer 0x7fb8d6600000
proj186:3272155:3272305 [4] NCCL INFO Allocated shareable buffer 0x7fc440c00000 size 6291456 ipcDesc 0x7fc448017d90
proj186:3272155:3272305 [4] NCCL INFO proxyProgressAsync opId=0x7fc451fed260 op.type=3 op.reqBuff=0x7fc448020360 op.respSize=80 done
proj186:3272158:3272304 [7] NCCL INFO Allocated shareable buffer 0x7fb8d6600000 size 6291456 ipcDesc 0x7fb8e0020fd0
proj186:3272158:3272304 [7] NCCL INFO proxyProgressAsync opId=0x7fb8e9fed260 op.type=3 op.reqBuff=0x7fb8e0023990 op.respSize=80 done
proj186:3272155:3272283 [4] NCCL INFO ncclPollProxyResponse Received new opId=0x7fc451fed260
proj186:3272158:3272284 [7] NCCL INFO ncclPollProxyResponse Received new opId=0x7fb8e9fed260
proj186:3272158:3272284 [7] NCCL INFO recvOpId=0x7fb8e9fed260 matches expected opId=0x7fb8e9fed260
proj186:3272155:3272283 [4] NCCL INFO recvOpId=0x7fc451fed260 matches expected opId=0x7fc451fed260
proj186:3272158:3272304 [7] NCCL INFO Received and initiated operation=Setup res=0
proj186:3272158:3272284 [7] NCCL INFO Channel 06/0 : 7[7] -> 0[0] via P2P/IPC/read
proj186:3272155:3272283 [4] NCCL INFO Channel 02/0 : 4[4] -> 5[5] via P2P/IPC/read
proj186:3272155:3272305 [4] NCCL INFO Received and initiated operation=Setup res=0
proj186:3272153:3272307 [2] NCCL INFO transport/p2p.cc:204 Cuda Alloc Size 6291456 pointer 0x7fea6ac00000
proj186:3272158:3272304 [7] NCCL INFO New proxy send connection 22 from local rank 7, transport 0
proj186:3272158:3272304 [7] NCCL INFO proxyProgressAsync opId=0x7fb8e9fed260 op.type=1 op.reqBuff=0x7fb8e0023990 op.respSize=16 done
proj186:3272158:3272284 [7] NCCL INFO ncclPollProxyResponse Received new opId=0x7fb8e9fed260
proj186:3272158:3272284 [7] NCCL INFO recvOpId=0x7fb8e9fed260 matches expected opId=0x7fb8e9fed260
proj186:3272158:3272284 [7] NCCL INFO Connection to proxy localRank 7 -> connection 0x7fb8e0003830
proj186:3272155:3272305 [4] NCCL INFO New proxy send connection 18 from local rank 4, transport 0
proj186:3272158:3272304 [7] NCCL INFO Received and initiated operation=Init res=0
proj186:3272155:3272305 [4] NCCL INFO proxyProgressAsync opId=0x7fc451fed260 op.type=1 op.reqBuff=0x7fc448017dc0 op.respSize=16 done
proj186:3272155:3272283 [4] NCCL INFO ncclPollProxyResponse Received new opId=0x7fc451fed260
proj186:3272155:3272283 [4] NCCL INFO recvOpId=0x7fc451fed260 matches expected opId=0x7fc451fed260
proj186:3272155:3272283 [4] NCCL INFO Connection to proxy localRank 4 -> connection 0x7fc4480036f0
proj186:3272155:3272305 [4] NCCL INFO Received and initiated operation=Init res=0
proj186:3272156:3272300 [5] NCCL INFO transport/p2p.cc:204 Cuda Alloc Size 6291456 pointer 0x7fa64c000000
proj186:3272153:3272307 [2] NCCL INFO Allocated shareable buffer 0x7fea6ac00000 size 6291456 ipcDesc 0x7fea74020fd0
proj186:3272153:3272307 [2] NCCL INFO proxyProgressAsync opId=0x7fea7dfeca10 op.type=3 op.reqBuff=0x7fea74024630 op.respSize=80 done
proj186:3272153:3272282 [2] NCCL INFO ncclPollProxyResponse Received new opId=0x7fea7dfeca10
proj186:3272153:3272307 [2] NCCL INFO Received and initiated operation=Setup res=0
proj186:3272153:3272282 [2] NCCL INFO recvOpId=0x7fea7dfeca10 matches expected opId=0x7fea7dfeca10
proj186:3272153:3272282 [2] NCCL INFO Channel 07/0 : 2[2] -> 3[3] via P2P/IPC/read
proj186:3272153:3272307 [2] NCCL INFO New proxy send connection 23 from local rank 2, transport 0
proj186:3272153:3272307 [2] NCCL INFO proxyProgressAsync opId=0x7fea7dfeca10 op.type=1 op.reqBuff=0x7fea74024630 op.respSize=16 done
proj186:3272153:3272282 [2] NCCL INFO ncclPollProxyResponse Received new opId=0x7fea7dfeca10
proj186:3272153:3272307 [2] NCCL INFO Received and initiated operation=Init res=0
proj186:3272153:3272282 [2] NCCL INFO recvOpId=0x7fea7dfeca10 matches expected opId=0x7fea7dfeca10
proj186:3272153:3272282 [2] NCCL INFO Connection to proxy localRank 2 -> connection 0x7fea74003880
proj186:3272156:3272300 [5] NCCL INFO Allocated shareable buffer 0x7fa64c000000 size 6291456 ipcDesc 0x7fa658020fd0
proj186:3272156:3272300 [5] NCCL INFO proxyProgressAsync opId=0x7fa662533180 op.type=3 op.reqBuff=0x7fa658026c10 op.respSize=80 done
proj186:3272157:3272301 [6] NCCL INFO transport/p2p.cc:204 Cuda Alloc Size 6291456 pointer 0x7fafbe600000
proj186:3272156:3272287 [5] NCCL INFO ncclPollProxyResponse Received new opId=0x7fa662533180
proj186:3272156:3272287 [5] NCCL INFO recvOpId=0x7fa662533180 matches expected opId=0x7fa662533180
proj186:3272156:3272287 [5] NCCL INFO Channel 10/0 : 5[5] -> 6[6] via P2P/IPC/read
proj186:3272156:3272300 [5] NCCL INFO Received and initiated operation=Setup res=0
proj186:3272156:3272300 [5] NCCL INFO New proxy send connection 26 from local rank 5, transport 0
proj186:3272156:3272300 [5] NCCL INFO proxyProgressAsync opId=0x7fa662533180 op.type=1 op.reqBuff=0x7fa658026c10 op.respSize=16 done
proj186:3272156:3272287 [5] NCCL INFO ncclPollProxyResponse Received new opId=0x7fa662533180
proj186:3272156:3272287 [5] NCCL INFO recvOpId=0x7fa662533180 matches expected opId=0x7fa662533180
proj186:3272156:3272287 [5] NCCL INFO Connection to proxy localRank 5 -> connection 0x7fa658003970
proj186:3272156:3272300 [5] NCCL INFO Received and initiated operation=Init res=0
proj186:3272154:3272306 [3] NCCL INFO transport/p2p.cc:204 Cuda Alloc Size 6291456 pointer 0x7f83b9800000
proj186:3272152:3272303 [1] NCCL INFO transport/p2p.cc:204 Cuda Alloc Size 6291456 pointer 0x7f6051200000
proj186:3272157:3272301 [6] NCCL INFO Allocated shareable buffer 0x7fafbe600000 size 6291456 ipcDesc 0x7fafc8020fd0
proj186:3272157:3272301 [6] NCCL INFO proxyProgressAsync opId=0x7fafd1fed320 op.type=3 op.reqBuff=0x7fafc8023990 op.respSize=80 done
proj186:3272157:3272286 [6] NCCL INFO ncclPollProxyResponse Received new opId=0x7fafd1fed320
proj186:3272157:3272286 [6] NCCL INFO recvOpId=0x7fafd1fed320 matches expected opId=0x7fafd1fed320
proj186:3272157:3272286 [6] NCCL INFO Channel 06/0 : 6[6] -> 7[7] via P2P/IPC/read
proj186:3272157:3272301 [6] NCCL INFO Received and initiated operation=Setup res=0
proj186:3272157:3272301 [6] NCCL INFO New proxy send connection 22 from local rank 6, transport 0
proj186:3272157:3272301 [6] NCCL INFO proxyProgressAsync opId=0x7fafd1fed320 op.type=1 op.reqBuff=0x7fafc8023990 op.respSize=16 done
proj186:3272157:3272286 [6] NCCL INFO ncclPollProxyResponse Received new opId=0x7fafd1fed320
proj186:3272151:3272302 [0] NCCL INFO transport/p2p.cc:204 Cuda Alloc Size 6291456 pointer 0x7f0141200000
proj186:3272154:3272306 [3] NCCL INFO Allocated shareable buffer 0x7f83b9800000 size 6291456 ipcDesc 0x7f83c0020fd0
proj186:3272154:3272306 [3] NCCL INFO proxyProgressAsync opId=0x7f83c9fed260 op.type=3 op.reqBuff=0x7f83c0021ca0 op.respSize=80 done
proj186:3272157:3272286 [6] NCCL INFO recvOpId=0x7fafd1fed320 matches expected opId=0x7fafd1fed320
proj186:3272157:3272286 [6] NCCL INFO Connection to proxy localRank 6 -> connection 0x7fafc8003830
proj186:3272157:3272301 [6] NCCL INFO Received and initiated operation=Init res=0
proj186:3272154:3272281 [3] NCCL INFO ncclPollProxyResponse Received new opId=0x7f83c9fed260
proj186:3272154:3272281 [3] NCCL INFO recvOpId=0x7f83c9fed260 matches expected opId=0x7f83c9fed260
proj186:3272154:3272281 [3] NCCL INFO Channel 04/0 : 3[3] -> 4[4] via P2P/IPC/read
proj186:3272154:3272306 [3] NCCL INFO Received and initiated operation=Setup res=0
proj186:3272152:3272303 [1] NCCL INFO Allocated shareable buffer 0x7f6051200000 size 6291456 ipcDesc 0x7f6058020fd0
proj186:3272152:3272303 [1] NCCL INFO proxyProgressAsync opId=0x7f6061fed260 op.type=3 op.reqBuff=0x7f6058020360 op.respSize=80 done
proj186:3272152:3272285 [1] NCCL INFO ncclPollProxyResponse Received new opId=0x7f6061fed260
proj186:3272154:3272306 [3] NCCL INFO New proxy send connection 20 from local rank 3, transport 0
proj186:3272154:3272306 [3] NCCL INFO proxyProgressAsync opId=0x7f83c9fed260 op.type=1 op.reqBuff=0x7f83c0021ca0 op.respSize=16 done
proj186:3272152:3272285 [1] NCCL INFO recvOpId=0x7f6061fed260 matches expected opId=0x7f6061fed260
proj186:3272152:3272285 [1] NCCL INFO Channel 03/0 : 1[1] -> 2[2] via P2P/IPC/read
proj186:3272152:3272303 [1] NCCL INFO Received and initiated operation=Setup res=0
proj186:3272154:3272281 [3] NCCL INFO ncclPollProxyResponse Received new opId=0x7f83c9fed260
proj186:3272154:3272281 [3] NCCL INFO recvOpId=0x7f83c9fed260 matches expected opId=0x7f83c9fed260
