proj186:3271910:3271949 [2] NCCL INFO recvOpId=0x7efb72278460 matches expected opId=0x7efb72278460
proj186:3271910:3271984 [2] NCCL INFO Received and initiated operation=Setup res=0
proj186:3271910:3271949 [2] NCCL INFO Channel 01/0 : 2[2] -> 1[1] via P2P/IPC/read
proj186:3271908:3271948 [0] NCCL INFO ncclPollProxyResponse Received new opId=0x7f31ce278b40
proj186:3271910:3271984 [2] NCCL INFO New proxy send connection 49 from local rank 2, transport 0
proj186:3271910:3271984 [2] NCCL INFO proxyProgressAsync opId=0x7efb72278460 op.type=1 op.reqBuff=0x7efb6802cce0 op.respSize=16 done
proj186:3271910:3271949 [2] NCCL INFO ncclPollProxyResponse Received new opId=0x7efb72278460
proj186:3271908:3271948 [0] NCCL INFO recvOpId=0x7f31ce278b40 matches expected opId=0x7f31ce278b40
proj186:3271908:3271986 [0] NCCL INFO Received and initiated operation=Setup res=0
proj186:3271910:3271984 [2] NCCL INFO Received and initiated operation=Init res=0
proj186:3271910:3271949 [2] NCCL INFO recvOpId=0x7efb72278460 matches expected opId=0x7efb72278460
proj186:3271910:3271949 [2] NCCL INFO Connection to proxy localRank 2 -> connection 0x7efb680040a0
proj186:3271908:3271986 [0] NCCL INFO New proxy recv connection 46 from local rank 0, transport 0
proj186:3271908:3271986 [0] NCCL INFO proxyProgressAsync opId=0x7f31ce278b40 op.type=1 op.reqBuff=0x7f31dc02a800 op.respSize=16 done
proj186:3271908:3271948 [0] NCCL INFO ncclPollProxyResponse Received new opId=0x7f31ce278b40
proj186:3271908:3271948 [0] NCCL INFO recvOpId=0x7f31ce278b40 matches expected opId=0x7f31ce278b40
proj186:3271908:3271948 [0] NCCL INFO Connection to proxy localRank 0 -> connection 0x7f31dc004040
proj186:3271908:3271986 [0] NCCL INFO Received and initiated operation=Init res=0
proj186:3271909:3271985 [1] NCCL INFO transport/p2p.cc:204 Cuda Alloc Size 6291456 pointer 0x7f9c24c00000
proj186:3271909:3271985 [1] NCCL INFO Allocated shareable buffer 0x7f9c24c00000 size 6291456 ipcDesc 0x7f9c44023ff0
proj186:3271909:3271985 [1] NCCL INFO proxyProgressAsync opId=0x7f9c4e278b40 op.type=3 op.reqBuff=0x7f9c4402a880 op.respSize=80 done
proj186:3271909:3271951 [1] NCCL INFO ncclPollProxyResponse Received new opId=0x7f9c4e278b40
proj186:3271909:3271951 [1] NCCL INFO recvOpId=0x7f9c4e278b40 matches expected opId=0x7f9c4e278b40
proj186:3271909:3271985 [1] NCCL INFO Received and initiated operation=Setup res=0
proj186:3271909:3271985 [1] NCCL INFO New proxy recv connection 46 from local rank 1, transport 0
proj186:3271909:3271985 [1] NCCL INFO proxyProgressAsync opId=0x7f9c4e278b40 op.type=1 op.reqBuff=0x7f9c4402a880 op.respSize=16 done
proj186:3271909:3271951 [1] NCCL INFO ncclPollProxyResponse Received new opId=0x7f9c4e278b40
proj186:3271909:3271951 [1] NCCL INFO recvOpId=0x7f9c4e278b40 matches expected opId=0x7f9c4e278b40
proj186:3271909:3271951 [1] NCCL INFO Connection to proxy localRank 1 -> connection 0x7f9c44003fb0
proj186:3271909:3271985 [1] NCCL INFO Received and initiated operation=Init res=0
proj186:3271911:3271983 [3] NCCL INFO transport/p2p.cc:204 Cuda Alloc Size 6291456 pointer 0x7ff1a4c00000
proj186:3271911:3271983 [3] NCCL INFO Allocated shareable buffer 0x7ff1a4c00000 size 6291456 ipcDesc 0x7ff1c4023ff0
proj186:3271911:3271983 [3] NCCL INFO proxyProgressAsync opId=0x7ff1ce278b40 op.type=3 op.reqBuff=0x7ff1c402a880 op.respSize=80 done
proj186:3271911:3271950 [3] NCCL INFO ncclPollProxyResponse Received new opId=0x7ff1ce278b40
proj186:3271911:3271950 [3] NCCL INFO recvOpId=0x7ff1ce278b40 matches expected opId=0x7ff1ce278b40
proj186:3271911:3271983 [3] NCCL INFO Received and initiated operation=Setup res=0
proj186:3271911:3271950 [3] NCCL INFO Channel 14/0 : 3[3] -> 2[2] via P2P/IPC/read
proj186:3271910:3271984 [2] NCCL INFO transport/p2p.cc:204 Cuda Alloc Size 6291456 pointer 0x7efb46600000
proj186:3271911:3271983 [3] NCCL INFO New proxy send connection 46 from local rank 3, transport 0
proj186:3271911:3271983 [3] NCCL INFO proxyProgressAsync opId=0x7ff1ce278b40 op.type=1 op.reqBuff=0x7ff1c402a880 op.respSize=16 done
proj186:3271911:3271950 [3] NCCL INFO ncclPollProxyResponse Received new opId=0x7ff1ce278b40
proj186:3271911:3271950 [3] NCCL INFO recvOpId=0x7ff1ce278b40 matches expected opId=0x7ff1ce278b40
proj186:3271911:3271950 [3] NCCL INFO Connection to proxy localRank 3 -> connection 0x7ff1c4003fb0
proj186:3271911:3271983 [3] NCCL INFO Received and initiated operation=Init res=0
proj186:3271910:3271984 [2] NCCL INFO Allocated shareable buffer 0x7efb46600000 size 6291456 ipcDesc 0x7efb68023ff0
proj186:3271910:3271984 [2] NCCL INFO proxyProgressAsync opId=0x7efb72278460 op.type=3 op.reqBuff=0x7efb6802dcb0 op.respSize=80 done
proj186:3271910:3271949 [2] NCCL INFO ncclPollProxyResponse Received new opId=0x7efb72278460
proj186:3271910:3271984 [2] NCCL INFO Received and initiated operation=Setup res=0
proj186:3271910:3271949 [2] NCCL INFO recvOpId=0x7efb72278460 matches expected opId=0x7efb72278460
proj186:3271910:3271949 [2] NCCL INFO Channel 02/0 : 2[2] -> 1[1] via P2P/IPC/read
proj186:3271909:3271985 [1] NCCL INFO transport/p2p.cc:204 Cuda Alloc Size 6291456 pointer 0x7f9c25200000
proj186:3271908:3271986 [0] NCCL INFO transport/p2p.cc:204 Cuda Alloc Size 6291456 pointer 0x7f31ab200000
proj186:3271910:3271984 [2] NCCL INFO New proxy send connection 50 from local rank 2, transport 0
proj186:3271910:3271984 [2] NCCL INFO proxyProgressAsync opId=0x7efb72278460 op.type=1 op.reqBuff=0x7efb6802dcb0 op.respSize=16 done
proj186:3271909:3271985 [1] NCCL INFO Allocated shareable buffer 0x7f9c25200000 size 6291456 ipcDesc 0x7f9c44023ff0
proj186:3271910:3271949 [2] NCCL INFO ncclPollProxyResponse Received new opId=0x7efb72278460
proj186:3271909:3271985 [1] NCCL INFO proxyProgressAsync opId=0x7f9c4e278b40 op.type=3 op.reqBuff=0x7f9c4402b4a0 op.respSize=80 done
proj186:3271908:3271986 [0] NCCL INFO Allocated shareable buffer 0x7f31ab200000 size 6291456 ipcDesc 0x7f31dc00bd80
proj186:3271908:3271986 [0] NCCL INFO proxyProgressAsync opId=0x7f31ce278b40 op.type=3 op.reqBuff=0x7f31dc02b420 op.respSize=80 done
proj186:3271910:3271949 [2] NCCL INFO recvOpId=0x7efb72278460 matches expected opId=0x7efb72278460
proj186:3271909:3271951 [1] NCCL INFO ncclPollProxyResponse Received new opId=0x7f9c4e278b40
proj186:3271910:3271984 [2] NCCL INFO Received and initiated operation=Init res=0
proj186:3271909:3271951 [1] NCCL INFO recvOpId=0x7f9c4e278b40 matches expected opId=0x7f9c4e278b40
proj186:3271910:3271949 [2] NCCL INFO Connection to proxy localRank 2 -> connection 0x7efb680040f0
proj186:3271909:3271985 [1] NCCL INFO Received and initiated operation=Setup res=0
proj186:3271908:3271948 [0] NCCL INFO ncclPollProxyResponse Received new opId=0x7f31ce278b40
proj186:3271908:3271948 [0] NCCL INFO recvOpId=0x7f31ce278b40 matches expected opId=0x7f31ce278b40
proj186:3271908:3271986 [0] NCCL INFO Received and initiated operation=Setup res=0
proj186:3271909:3271985 [1] NCCL INFO New proxy recv connection 47 from local rank 1, transport 0
proj186:3271909:3271985 [1] NCCL INFO proxyProgressAsync opId=0x7f9c4e278b40 op.type=1 op.reqBuff=0x7f9c4402b4a0 op.respSize=16 done
proj186:3271909:3271951 [1] NCCL INFO ncclPollProxyResponse Received new opId=0x7f9c4e278b40
proj186:3271909:3271951 [1] NCCL INFO recvOpId=0x7f9c4e278b40 matches expected opId=0x7f9c4e278b40
proj186:3271908:3271986 [0] NCCL INFO New proxy recv connection 47 from local rank 0, transport 0
proj186:3271909:3271951 [1] NCCL INFO Connection to proxy localRank 1 -> connection 0x7f9c44004000
proj186:3271909:3271985 [1] NCCL INFO Received and initiated operation=Init res=0
proj186:3271908:3271986 [0] NCCL INFO proxyProgressAsync opId=0x7f31ce278b40 op.type=1 op.reqBuff=0x7f31dc02b420 op.respSize=16 done
proj186:3271908:3271948 [0] NCCL INFO ncclPollProxyResponse Received new opId=0x7f31ce278b40
proj186:3271908:3271948 [0] NCCL INFO recvOpId=0x7f31ce278b40 matches expected opId=0x7f31ce278b40
proj186:3271908:3271948 [0] NCCL INFO Connection to proxy localRank 0 -> connection 0x7f31dc004090
proj186:3271908:3271986 [0] NCCL INFO Received and initiated operation=Init res=0
proj186:3271911:3271983 [3] NCCL INFO transport/p2p.cc:204 Cuda Alloc Size 6291456 pointer 0x7ff1a5200000
proj186:3271911:3271983 [3] NCCL INFO Allocated shareable buffer 0x7ff1a5200000 size 6291456 ipcDesc 0x7ff1c4023ff0
proj186:3271911:3271983 [3] NCCL INFO proxyProgressAsync opId=0x7ff1ce278b40 op.type=3 op.reqBuff=0x7ff1c402b4a0 op.respSize=80 done
proj186:3271911:3271950 [3] NCCL INFO ncclPollProxyResponse Received new opId=0x7ff1ce278b40
proj186:3271911:3271950 [3] NCCL INFO recvOpId=0x7ff1ce278b40 matches expected opId=0x7ff1ce278b40
proj186:3271911:3271983 [3] NCCL INFO Received and initiated operation=Setup res=0
proj186:3271911:3271950 [3] NCCL INFO Channel 15/0 : 3[3] -> 2[2] via P2P/IPC/read
proj186:3271911:3271983 [3] NCCL INFO New proxy send connection 47 from local rank 3, transport 0
proj186:3271911:3271983 [3] NCCL INFO proxyProgressAsync opId=0x7ff1ce278b40 op.type=1 op.reqBuff=0x7ff1c402b4a0 op.respSize=16 done
proj186:3271911:3271950 [3] NCCL INFO ncclPollProxyResponse Received new opId=0x7ff1ce278b40
proj186:3271911:3271950 [3] NCCL INFO recvOpId=0x7ff1ce278b40 matches expected opId=0x7ff1ce278b40
proj186:3271911:3271950 [3] NCCL INFO Connection to proxy localRank 3 -> connection 0x7ff1c4004000
proj186:3271911:3271983 [3] NCCL INFO Received and initiated operation=Init res=0
proj186:3271910:3271984 [2] NCCL INFO transport/p2p.cc:204 Cuda Alloc Size 6291456 pointer 0x7efb46c00000
proj186:3271910:3271984 [2] NCCL INFO Allocated shareable buffer 0x7efb46c00000 size 6291456 ipcDesc 0x7efb68023ff0
proj186:3271910:3271984 [2] NCCL INFO proxyProgressAsync opId=0x7efb72278460 op.type=3 op.reqBuff=0x7efb6802e8d0 op.respSize=80 done
proj186:3271910:3271949 [2] NCCL INFO ncclPollProxyResponse Received new opId=0x7efb72278460
proj186:3271910:3271949 [2] NCCL INFO recvOpId=0x7efb72278460 matches expected opId=0x7efb72278460
proj186:3271910:3271984 [2] NCCL INFO Received and initiated operation=Setup res=0
proj186:3271910:3271949 [2] NCCL INFO Channel 03/0 : 2[2] -> 1[1] via P2P/IPC/read
proj186:3271910:3271984 [2] NCCL INFO New proxy send connection 51 from local rank 2, transport 0
proj186:3271910:3271984 [2] NCCL INFO proxyProgressAsync opId=0x7efb72278460 op.type=1 op.reqBuff=0x7efb6802e8d0 op.respSize=16 done
proj186:3271910:3271949 [2] NCCL INFO ncclPollProxyResponse Received new opId=0x7efb72278460
proj186:3271910:3271949 [2] NCCL INFO recvOpId=0x7efb72278460 matches expected opId=0x7efb72278460
proj186:3271910:3271949 [2] NCCL INFO Connection to proxy localRank 2 -> connection 0x7efb68004140
proj186:3271910:3271984 [2] NCCL INFO Received and initiated operation=Init res=0
proj186:3271909:3271985 [1] NCCL INFO transport/p2p.cc:204 Cuda Alloc Size 6291456 pointer 0x7f9c25800000
proj186:3271908:3271986 [0] NCCL INFO transport/p2p.cc:204 Cuda Alloc Size 6291456 pointer 0x7f31ab800000
proj186:3271908:3271986 [0] NCCL INFO Allocated shareable buffer 0x7f31ab800000 size 6291456 ipcDesc 0x7f31dc00bd80
proj186:3271908:3271986 [0] NCCL INFO proxyProgressAsync opId=0x7f31ce278b40 op.type=3 op.reqBuff=0x7f31dc02c040 op.respSize=80 done
proj186:3271909:3271985 [1] NCCL INFO Allocated shareable buffer 0x7f9c25800000 size 6291456 ipcDesc 0x7f9c44023ff0
proj186:3271909:3271985 [1] NCCL INFO proxyProgressAsync opId=0x7f9c4e278b40 op.type=3 op.reqBuff=0x7f9c4402c0c0 op.respSize=80 done
proj186:3271908:3271948 [0] NCCL INFO ncclPollProxyResponse Received new opId=0x7f31ce278b40
proj186:3271909:3271951 [1] NCCL INFO ncclPollProxyResponse Received new opId=0x7f9c4e278b40
proj186:3271908:3271948 [0] NCCL INFO recvOpId=0x7f31ce278b40 matches expected opId=0x7f31ce278b40
proj186:3271909:3271951 [1] NCCL INFO recvOpId=0x7f9c4e278b40 matches expected opId=0x7f9c4e278b40
proj186:3271908:3271986 [0] NCCL INFO Received and initiated operation=Setup res=0
proj186:3271909:3271951 [1] NCCL INFO Channel 00/0 : 1[1] -> 0[0] via P2P/IPC/read
proj186:3271909:3271985 [1] NCCL INFO Received and initiated operation=Setup res=0
proj186:3271909:3271985 [1] NCCL INFO New proxy send connection 48 from local rank 1, transport 0
proj186:3271909:3271985 [1] NCCL INFO proxyProgressAsync opId=0x7f9c4e278b40 op.type=1 op.reqBuff=0x7f9c4402c0c0 op.respSize=16 done
proj186:3271909:3271951 [1] NCCL INFO ncclPollProxyResponse Received new opId=0x7f9c4e278b40
proj186:3271909:3271951 [1] NCCL INFO recvOpId=0x7f9c4e278b40 matches expected opId=0x7f9c4e278b40
proj186:3271909:3271951 [1] NCCL INFO Connection to proxy localRank 1 -> connection 0x7f9c44004050
proj186:3271909:3271985 [1] NCCL INFO Received and initiated operation=Init res=0
proj186:3271911:3271983 [3] NCCL INFO transport/p2p.cc:204 Cuda Alloc Size 6291456 pointer 0x7ff1a5800000
proj186:3271911:3271983 [3] NCCL INFO Allocated shareable buffer 0x7ff1a5800000 size 6291456 ipcDesc 0x7ff1c4023ff0
proj186:3271911:3271983 [3] NCCL INFO proxyProgressAsync opId=0x7ff1ce278b40 op.type=3 op.reqBuff=0x7ff1c402c0c0 op.respSize=80 done
proj186:3271911:3271950 [3] NCCL INFO ncclPollProxyResponse Received new opId=0x7ff1ce278b40
proj186:3271910:3271984 [2] NCCL INFO transport/p2p.cc:204 Cuda Alloc Size 6291456 pointer 0x7efb47200000
proj186:3271911:3271950 [3] NCCL INFO recvOpId=0x7ff1ce278b40 matches expected opId=0x7ff1ce278b40
proj186:3271911:3271983 [3] NCCL INFO Received and initiated operation=Setup res=0
proj186:3271910:3271984 [2] NCCL INFO Allocated shareable buffer 0x7efb47200000 size 6291456 ipcDesc 0x7efb68023ff0
proj186:3271910:3271984 [2] NCCL INFO proxyProgressAsync opId=0x7efb72278460 op.type=3 op.reqBuff=0x7efb6802f4f0 op.respSize=80 done
proj186:3271910:3271949 [2] NCCL INFO ncclPollProxyResponse Received new opId=0x7efb72278460
proj186:3271910:3271949 [2] NCCL INFO recvOpId=0x7efb72278460 matches expected opId=0x7efb72278460
proj186:3271910:3271949 [2] NCCL INFO Channel 04/0 : 2[2] -> 1[1] via P2P/IPC/read
proj186:3271910:3271984 [2] NCCL INFO Received and initiated operation=Setup res=0
proj186:3271910:3271984 [2] NCCL INFO New proxy send connection 52 from local rank 2, transport 0
proj186:3271910:3271984 [2] NCCL INFO proxyProgressAsync opId=0x7efb72278460 op.type=1 op.reqBuff=0x7efb6802f4f0 op.respSize=16 done
proj186:3271910:3271949 [2] NCCL INFO ncclPollProxyResponse Received new opId=0x7efb72278460
proj186:3271910:3271949 [2] NCCL INFO recvOpId=0x7efb72278460 matches expected opId=0x7efb72278460
proj186:3271910:3271949 [2] NCCL INFO Connection to proxy localRank 2 -> connection 0x7efb68004190
proj186:3271910:3271984 [2] NCCL INFO Received and initiated operation=Init res=0
proj186:3271909:3271985 [1] NCCL INFO transport/p2p.cc:204 Cuda Alloc Size 6291456 pointer 0x7f9c22000000
proj186:3271909:3271985 [1] NCCL INFO Allocated shareable buffer 0x7f9c22000000 size 6291456 ipcDesc 0x7f9c44023ff0
proj186:3271909:3271985 [1] NCCL INFO proxyProgressAsync opId=0x7f9c4e278b40 op.type=3 op.reqBuff=0x7f9c4402cce0 op.respSize=80 done
proj186:3271909:3271951 [1] NCCL INFO ncclPollProxyResponse Received new opId=0x7f9c4e278b40
proj186:3271909:3271951 [1] NCCL INFO recvOpId=0x7f9c4e278b40 matches expected opId=0x7f9c4e278b40
proj186:3271909:3271985 [1] NCCL INFO Received and initiated operation=Setup res=0
proj186:3271909:3271951 [1] NCCL INFO Channel 01/0 : 1[1] -> 0[0] via P2P/IPC/read
proj186:3271909:3271985 [1] NCCL INFO New proxy send connection 49 from local rank 1, transport 0
proj186:3271909:3271985 [1] NCCL INFO proxyProgressAsync opId=0x7f9c4e278b40 op.type=1 op.reqBuff=0x7f9c4402cce0 op.respSize=16 done
proj186:3271909:3271951 [1] NCCL INFO ncclPollProxyResponse Received new opId=0x7f9c4e278b40
proj186:3271909:3271951 [1] NCCL INFO recvOpId=0x7f9c4e278b40 matches expected opId=0x7f9c4e278b40
proj186:3271909:3271951 [1] NCCL INFO Connection to proxy localRank 1 -> connection 0x7f9c440040a0
proj186:3271909:3271985 [1] NCCL INFO Received and initiated operation=Init res=0
proj186:3271909:3271985 [1] NCCL INFO transport/p2p.cc:204 Cuda Alloc Size 6291456 pointer 0x7f9c22600000
proj186:3271909:3271985 [1] NCCL INFO Allocated shareable buffer 0x7f9c22600000 size 6291456 ipcDesc 0x7f9c44023ff0
proj186:3271909:3271985 [1] NCCL INFO proxyProgressAsync opId=0x7f9c4e278b40 op.type=3 op.reqBuff=0x7f9c4402dcb0 op.respSize=80 done
proj186:3271909:3271951 [1] NCCL INFO ncclPollProxyResponse Received new opId=0x7f9c4e278b40
proj186:3271909:3271985 [1] NCCL INFO Received and initiated operation=Setup res=0
proj186:3271909:3271951 [1] NCCL INFO recvOpId=0x7f9c4e278b40 matches expected opId=0x7f9c4e278b40
proj186:3271909:3271951 [1] NCCL INFO Channel 02/0 : 1[1] -> 0[0] via P2P/IPC/read
proj186:3271910:3271984 [2] NCCL INFO transport/p2p.cc:204 Cuda Alloc Size 6291456 pointer 0x7efb47800000
proj186:3271909:3271985 [1] NCCL INFO New proxy send connection 50 from local rank 1, transport 0
proj186:3271910:3271984 [2] NCCL INFO Allocated shareable buffer 0x7efb47800000 size 6291456 ipcDesc 0x7efb68023ff0
proj186:3271909:3271985 [1] NCCL INFO proxyProgressAsync opId=0x7f9c4e278b40 op.type=1 op.reqBuff=0x7f9c4402dcb0 op.respSize=16 done
proj186:3271909:3271951 [1] NCCL INFO ncclPollProxyResponse Received new opId=0x7f9c4e278b40
proj186:3271910:3271984 [2] NCCL INFO proxyProgressAsync opId=0x7efb72278460 op.type=3 op.reqBuff=0x7efb68030110 op.respSize=80 done
proj186:3271910:3271949 [2] NCCL INFO ncclPollProxyResponse Received new opId=0x7efb72278460
proj186:3271910:3271949 [2] NCCL INFO recvOpId=0x7efb72278460 matches expected opId=0x7efb72278460
proj186:3271910:3271949 [2] NCCL INFO Channel 05/0 : 2[2] -> 1[1] via P2P/IPC/read
proj186:3271910:3271984 [2] NCCL INFO Received and initiated operation=Setup res=0
proj186:3271909:3271951 [1] NCCL INFO recvOpId=0x7f9c4e278b40 matches expected opId=0x7f9c4e278b40
proj186:3271910:3271984 [2] NCCL INFO New proxy send connection 53 from local rank 2, transport 0
proj186:3271909:3271951 [1] NCCL INFO Connection to proxy localRank 1 -> connection 0x7f9c440040f0
proj186:3271910:3271984 [2] NCCL INFO proxyProgressAsync opId=0x7efb72278460 op.type=1 op.reqBuff=0x7efb68030110 op.respSize=16 done
proj186:3271910:3271949 [2] NCCL INFO ncclPollProxyResponse Received new opId=0x7efb72278460
proj186:3271910:3271984 [2] NCCL INFO Received and initiated operation=Init res=0
proj186:3271910:3271949 [2] NCCL INFO recvOpId=0x7efb72278460 matches expected opId=0x7efb72278460
proj186:3271910:3271949 [2] NCCL INFO Connection to proxy localRank 2 -> connection 0x7efb680041e0
proj186:3271909:3271985 [1] NCCL INFO Received and initiated operation=Init res=0
proj186:3271910:3271984 [2] NCCL INFO transport/p2p.cc:204 Cuda Alloc Size 6291456 pointer 0x7efb44000000
proj186:3271910:3271984 [2] NCCL INFO Allocated shareable buffer 0x7efb44000000 size 6291456 ipcDesc 0x7efb68023ff0
proj186:3271910:3271984 [2] NCCL INFO proxyProgressAsync opId=0x7efb72278460 op.type=3 op.reqBuff=0x7efb68030d30 op.respSize=80 done
proj186:3271910:3271949 [2] NCCL INFO ncclPollProxyResponse Received new opId=0x7efb72278460
proj186:3271909:3271985 [1] NCCL INFO transport/p2p.cc:204 Cuda Alloc Size 6291456 pointer 0x7f9c22c00000
proj186:3271910:3271949 [2] NCCL INFO recvOpId=0x7efb72278460 matches expected opId=0x7efb72278460
proj186:3271909:3271985 [1] NCCL INFO Allocated shareable buffer 0x7f9c22c00000 size 6291456 ipcDesc 0x7f9c44023ff0
proj186:3271909:3271985 [1] NCCL INFO proxyProgressAsync opId=0x7f9c4e278b40 op.type=3 op.reqBuff=0x7f9c4402e8d0 op.respSize=80 done
proj186:3271910:3271949 [2] NCCL INFO Channel 06/0 : 2[2] -> 1[1] via P2P/IPC/read
proj186:3271910:3271984 [2] NCCL INFO Received and initiated operation=Setup res=0
proj186:3271909:3271951 [1] NCCL INFO ncclPollProxyResponse Received new opId=0x7f9c4e278b40
proj186:3271909:3271985 [1] NCCL INFO Received and initiated operation=Setup res=0
proj186:3271910:3271984 [2] NCCL INFO New proxy send connection 54 from local rank 2, transport 0
proj186:3271910:3271984 [2] NCCL INFO proxyProgressAsync opId=0x7efb72278460 op.type=1 op.reqBuff=0x7efb68030d30 op.respSize=16 done
proj186:3271909:3271951 [1] NCCL INFO recvOpId=0x7f9c4e278b40 matches expected opId=0x7f9c4e278b40
proj186:3271910:3271949 [2] NCCL INFO ncclPollProxyResponse Received new opId=0x7efb72278460
proj186:3271909:3271951 [1] NCCL INFO Channel 03/0 : 1[1] -> 0[0] via P2P/IPC/read
proj186:3271910:3271949 [2] NCCL INFO recvOpId=0x7efb72278460 matches expected opId=0x7efb72278460
proj186:3271910:3271984 [2] NCCL INFO Received and initiated operation=Init res=0
proj186:3271910:3271949 [2] NCCL INFO Connection to proxy localRank 2 -> connection 0x7efb68004230
proj186:3271909:3271985 [1] NCCL INFO New proxy send connection 51 from local rank 1, transport 0
proj186:3271909:3271985 [1] NCCL INFO proxyProgressAsync opId=0x7f9c4e278b40 op.type=1 op.reqBuff=0x7f9c4402e8d0 op.respSize=16 done
proj186:3271909:3271951 [1] NCCL INFO ncclPollProxyResponse Received new opId=0x7f9c4e278b40
proj186:3271909:3271951 [1] NCCL INFO recvOpId=0x7f9c4e278b40 matches expected opId=0x7f9c4e278b40
proj186:3271909:3271951 [1] NCCL INFO Connection to proxy localRank 1 -> connection 0x7f9c44004140
proj186:3271909:3271985 [1] NCCL INFO Received and initiated operation=Init res=0
proj186:3271910:3271984 [2] NCCL INFO transport/p2p.cc:204 Cuda Alloc Size 6291456 pointer 0x7efb44600000
proj186:3271910:3271984 [2] NCCL INFO Allocated shareable buffer 0x7efb44600000 size 6291456 ipcDesc 0x7efb68023ff0
proj186:3271910:3271984 [2] NCCL INFO proxyProgressAsync opId=0x7efb72278460 op.type=3 op.reqBuff=0x7efb68031d00 op.respSize=80 done
proj186:3271910:3271949 [2] NCCL INFO ncclPollProxyResponse Received new opId=0x7efb72278460
proj186:3271910:3271949 [2] NCCL INFO recvOpId=0x7efb72278460 matches expected opId=0x7efb72278460
proj186:3271910:3271984 [2] NCCL INFO Received and initiated operation=Setup res=0
proj186:3271910:3271949 [2] NCCL INFO Channel 07/0 : 2[2] -> 1[1] via P2P/IPC/read
proj186:3271910:3271984 [2] NCCL INFO New proxy send connection 55 from local rank 2, transport 0
proj186:3271910:3271984 [2] NCCL INFO proxyProgressAsync opId=0x7efb72278460 op.type=1 op.reqBuff=0x7efb68031d00 op.respSize=16 done
proj186:3271909:3271985 [1] NCCL INFO transport/p2p.cc:204 Cuda Alloc Size 6291456 pointer 0x7f9c23200000
proj186:3271910:3271949 [2] NCCL INFO ncclPollProxyResponse Received new opId=0x7efb72278460
proj186:3271909:3271985 [1] NCCL INFO Allocated shareable buffer 0x7f9c23200000 size 6291456 ipcDesc 0x7f9c44023ff0
proj186:3271909:3271985 [1] NCCL INFO proxyProgressAsync opId=0x7f9c4e278b40 op.type=3 op.reqBuff=0x7f9c4402f4f0 op.respSize=80 done
proj186:3271910:3271949 [2] NCCL INFO recvOpId=0x7efb72278460 matches expected opId=0x7efb72278460
proj186:3271910:3271949 [2] NCCL INFO Connection to proxy localRank 2 -> connection 0x7efb68004280
proj186:3271910:3271984 [2] NCCL INFO Received and initiated operation=Init res=0
proj186:3271909:3271951 [1] NCCL INFO ncclPollProxyResponse Received new opId=0x7f9c4e278b40
proj186:3271909:3271951 [1] NCCL INFO recvOpId=0x7f9c4e278b40 matches expected opId=0x7f9c4e278b40
proj186:3271909:3271985 [1] NCCL INFO Received and initiated operation=Setup res=0
proj186:3271909:3271951 [1] NCCL INFO Channel 04/0 : 1[1] -> 0[0] via P2P/IPC/read
proj186:3271909:3271985 [1] NCCL INFO New proxy send connection 52 from local rank 1, transport 0
proj186:3271909:3271985 [1] NCCL INFO proxyProgressAsync opId=0x7f9c4e278b40 op.type=1 op.reqBuff=0x7f9c4402f4f0 op.respSize=16 done
proj186:3271909:3271951 [1] NCCL INFO ncclPollProxyResponse Received new opId=0x7f9c4e278b40
proj186:3271909:3271985 [1] NCCL INFO Received and initiated operation=Init res=0
proj186:3271909:3271951 [1] NCCL INFO recvOpId=0x7f9c4e278b40 matches expected opId=0x7f9c4e278b40
proj186:3271909:3271951 [1] NCCL INFO Connection to proxy localRank 1 -> connection 0x7f9c44004190
proj186:3271910:3271984 [2] NCCL INFO transport/p2p.cc:204 Cuda Alloc Size 6291456 pointer 0x7efb44c00000
proj186:3271910:3271984 [2] NCCL INFO Allocated shareable buffer 0x7efb44c00000 size 6291456 ipcDesc 0x7efb68023ff0
proj186:3271910:3271984 [2] NCCL INFO proxyProgressAsync opId=0x7efb72278460 op.type=3 op.reqBuff=0x7efb68032920 op.respSize=80 done
proj186:3271910:3271949 [2] NCCL INFO ncclPollProxyResponse Received new opId=0x7efb72278460
proj186:3271910:3271949 [2] NCCL INFO recvOpId=0x7efb72278460 matches expected opId=0x7efb72278460
proj186:3271910:3271984 [2] NCCL INFO Received and initiated operation=Setup res=0
proj186:3271910:3271949 [2] NCCL INFO Channel 08/0 : 2[2] -> 1[1] via P2P/IPC/read
proj186:3271910:3271984 [2] NCCL INFO New proxy send connection 56 from local rank 2, transport 0
proj186:3271910:3271984 [2] NCCL INFO proxyProgressAsync opId=0x7efb72278460 op.type=1 op.reqBuff=0x7efb68032920 op.respSize=16 done
proj186:3271910:3271949 [2] NCCL INFO ncclPollProxyResponse Received new opId=0x7efb72278460
proj186:3271910:3271949 [2] NCCL INFO recvOpId=0x7efb72278460 matches expected opId=0x7efb72278460
proj186:3271910:3271949 [2] NCCL INFO Connection to proxy localRank 2 -> connection 0x7efb680042d0
proj186:3271909:3271985 [1] NCCL INFO transport/p2p.cc:204 Cuda Alloc Size 6291456 pointer 0x7f9c23800000
proj186:3271910:3271984 [2] NCCL INFO Received and initiated operation=Init res=0
proj186:3271909:3271985 [1] NCCL INFO Allocated shareable buffer 0x7f9c23800000 size 6291456 ipcDesc 0x7f9c44023ff0
proj186:3271909:3271985 [1] NCCL INFO proxyProgressAsync opId=0x7f9c4e278b40 op.type=3 op.reqBuff=0x7f9c44030110 op.respSize=80 done
proj186:3271909:3271951 [1] NCCL INFO ncclPollProxyResponse Received new opId=0x7f9c4e278b40
proj186:3271909:3271951 [1] NCCL INFO recvOpId=0x7f9c4e278b40 matches expected opId=0x7f9c4e278b40
proj186:3271909:3271985 [1] NCCL INFO Received and initiated operation=Setup res=0
proj186:3271909:3271951 [1] NCCL INFO Channel 05/0 : 1[1] -> 0[0] via P2P/IPC/read
proj186:3271909:3271985 [1] NCCL INFO New proxy send connection 53 from local rank 1, transport 0
proj186:3271909:3271985 [1] NCCL INFO proxyProgressAsync opId=0x7f9c4e278b40 op.type=1 op.reqBuff=0x7f9c44030110 op.respSize=16 done
proj186:3271909:3271951 [1] NCCL INFO ncclPollProxyResponse Received new opId=0x7f9c4e278b40
proj186:3271909:3271951 [1] NCCL INFO recvOpId=0x7f9c4e278b40 matches expected opId=0x7f9c4e278b40
proj186:3271909:3271951 [1] NCCL INFO Connection to proxy localRank 1 -> connection 0x7f9c440041e0
proj186:3271909:3271985 [1] NCCL INFO Received and initiated operation=Init res=0
proj186:3271910:3271984 [2] NCCL INFO transport/p2p.cc:204 Cuda Alloc Size 6291456 pointer 0x7efb45200000
proj186:3271910:3271984 [2] NCCL INFO Allocated shareable buffer 0x7efb45200000 size 6291456 ipcDesc 0x7efb68023ff0
proj186:3271910:3271984 [2] NCCL INFO proxyProgressAsync opId=0x7efb72278460 op.type=3 op.reqBuff=0x7efb68033540 op.respSize=80 done
proj186:3271910:3271949 [2] NCCL INFO ncclPollProxyResponse Received new opId=0x7efb72278460
proj186:3271910:3271949 [2] NCCL INFO recvOpId=0x7efb72278460 matches expected opId=0x7efb72278460
proj186:3271910:3271984 [2] NCCL INFO Received and initiated operation=Setup res=0
proj186:3271910:3271949 [2] NCCL INFO Channel 09/0 : 2[2] -> 1[1] via P2P/IPC/read
proj186:3271910:3271984 [2] NCCL INFO New proxy send connection 57 from local rank 2, transport 0
proj186:3271910:3271984 [2] NCCL INFO proxyProgressAsync opId=0x7efb72278460 op.type=1 op.reqBuff=0x7efb68033540 op.respSize=16 done
proj186:3271910:3271949 [2] NCCL INFO ncclPollProxyResponse Received new opId=0x7efb72278460
proj186:3271910:3271949 [2] NCCL INFO recvOpId=0x7efb72278460 matches expected opId=0x7efb72278460
proj186:3271910:3271949 [2] NCCL INFO Connection to proxy localRank 2 -> connection 0x7efb68004320
proj186:3271910:3271984 [2] NCCL INFO Received and initiated operation=Init res=0
proj186:3271909:3271985 [1] NCCL INFO transport/p2p.cc:204 Cuda Alloc Size 6291456 pointer 0x7f9c20000000
proj186:3271909:3271985 [1] NCCL INFO Allocated shareable buffer 0x7f9c20000000 size 6291456 ipcDesc 0x7f9c44023ff0
proj186:3271909:3271985 [1] NCCL INFO proxyProgressAsync opId=0x7f9c4e278b40 op.type=3 op.reqBuff=0x7f9c44030d30 op.respSize=80 done
proj186:3271909:3271951 [1] NCCL INFO ncclPollProxyResponse Received new opId=0x7f9c4e278b40
proj186:3271909:3271951 [1] NCCL INFO recvOpId=0x7f9c4e278b40 matches expected opId=0x7f9c4e278b40
proj186:3271909:3271985 [1] NCCL INFO Received and initiated operation=Setup res=0
proj186:3271909:3271951 [1] NCCL INFO Channel 06/0 : 1[1] -> 0[0] via P2P/IPC/read
proj186:3271909:3271985 [1] NCCL INFO New proxy send connection 54 from local rank 1, transport 0
proj186:3271909:3271985 [1] NCCL INFO proxyProgressAsync opId=0x7f9c4e278b40 op.type=1 op.reqBuff=0x7f9c44030d30 op.respSize=16 done
proj186:3271909:3271951 [1] NCCL INFO ncclPollProxyResponse Received new opId=0x7f9c4e278b40
proj186:3271909:3271951 [1] NCCL INFO recvOpId=0x7f9c4e278b40 matches expected opId=0x7f9c4e278b40
proj186:3271909:3271951 [1] NCCL INFO Connection to proxy localRank 1 -> connection 0x7f9c44004230
proj186:3271909:3271985 [1] NCCL INFO Received and initiated operation=Init res=0
proj186:3271910:3271984 [2] NCCL INFO transport/p2p.cc:204 Cuda Alloc Size 6291456 pointer 0x7efb45800000
proj186:3271910:3271984 [2] NCCL INFO Allocated shareable buffer 0x7efb45800000 size 6291456 ipcDesc 0x7efb68023ff0
proj186:3271910:3271984 [2] NCCL INFO proxyProgressAsync opId=0x7efb72278460 op.type=3 op.reqBuff=0x7efb68034160 op.respSize=80 done
proj186:3271910:3271949 [2] NCCL INFO ncclPollProxyResponse Received new opId=0x7efb72278460
proj186:3271910:3271949 [2] NCCL INFO recvOpId=0x7efb72278460 matches expected opId=0x7efb72278460
proj186:3271910:3271984 [2] NCCL INFO Received and initiated operation=Setup res=0
proj186:3271910:3271949 [2] NCCL INFO Channel 10/0 : 2[2] -> 1[1] via P2P/IPC/read
proj186:3271910:3271984 [2] NCCL INFO New proxy send connection 58 from local rank 2, transport 0
proj186:3271910:3271984 [2] NCCL INFO proxyProgressAsync opId=0x7efb72278460 op.type=1 op.reqBuff=0x7efb68034160 op.respSize=16 done
proj186:3271910:3271949 [2] NCCL INFO ncclPollProxyResponse Received new opId=0x7efb72278460
proj186:3271910:3271949 [2] NCCL INFO recvOpId=0x7efb72278460 matches expected opId=0x7efb72278460
proj186:3271910:3271949 [2] NCCL INFO Connection to proxy localRank 2 -> connection 0x7efb68004370
proj186:3271910:3271984 [2] NCCL INFO Received and initiated operation=Init res=0
proj186:3271909:3271985 [1] NCCL INFO transport/p2p.cc:204 Cuda Alloc Size 6291456 pointer 0x7f9c20600000
proj186:3271909:3271985 [1] NCCL INFO Allocated shareable buffer 0x7f9c20600000 size 6291456 ipcDesc 0x7f9c44023ff0
proj186:3271909:3271985 [1] NCCL INFO proxyProgressAsync opId=0x7f9c4e278b40 op.type=3 op.reqBuff=0x7f9c44031d00 op.respSize=80 done
proj186:3271909:3271951 [1] NCCL INFO ncclPollProxyResponse Received new opId=0x7f9c4e278b40
proj186:3271909:3271951 [1] NCCL INFO recvOpId=0x7f9c4e278b40 matches expected opId=0x7f9c4e278b40
proj186:3271909:3271985 [1] NCCL INFO Received and initiated operation=Setup res=0
proj186:3271909:3271951 [1] NCCL INFO Channel 07/0 : 1[1] -> 0[0] via P2P/IPC/read
proj186:3271909:3271985 [1] NCCL INFO New proxy send connection 55 from local rank 1, transport 0
proj186:3271909:3271985 [1] NCCL INFO proxyProgressAsync opId=0x7f9c4e278b40 op.type=1 op.reqBuff=0x7f9c44031d00 op.respSize=16 done
proj186:3271909:3271951 [1] NCCL INFO ncclPollProxyResponse Received new opId=0x7f9c4e278b40
proj186:3271909:3271985 [1] NCCL INFO Received and initiated operation=Init res=0
proj186:3271909:3271951 [1] NCCL INFO recvOpId=0x7f9c4e278b40 matches expected opId=0x7f9c4e278b40
proj186:3271909:3271951 [1] NCCL INFO Connection to proxy localRank 1 -> connection 0x7f9c44004280
proj186:3271910:3271984 [2] NCCL INFO transport/p2p.cc:204 Cuda Alloc Size 6291456 pointer 0x7efb42000000
proj186:3271910:3271984 [2] NCCL INFO Allocated shareable buffer 0x7efb42000000 size 6291456 ipcDesc 0x7efb68023ff0
proj186:3271910:3271984 [2] NCCL INFO proxyProgressAsync opId=0x7efb72278460 op.type=3 op.reqBuff=0x7efb68034d80 op.respSize=80 done
proj186:3271910:3271949 [2] NCCL INFO ncclPollProxyResponse Received new opId=0x7efb72278460
proj186:3271910:3271949 [2] NCCL INFO recvOpId=0x7efb72278460 matches expected opId=0x7efb72278460
proj186:3271910:3271949 [2] NCCL INFO Channel 11/0 : 2[2] -> 1[1] via P2P/IPC/read
proj186:3271910:3271984 [2] NCCL INFO Received and initiated operation=Setup res=0
proj186:3271910:3271984 [2] NCCL INFO New proxy send connection 59 from local rank 2, transport 0
proj186:3271910:3271984 [2] NCCL INFO proxyProgressAsync opId=0x7efb72278460 op.type=1 op.reqBuff=0x7efb68034d80 op.respSize=16 done
proj186:3271910:3271949 [2] NCCL INFO ncclPollProxyResponse Received new opId=0x7efb72278460
proj186:3271910:3271949 [2] NCCL INFO recvOpId=0x7efb72278460 matches expected opId=0x7efb72278460
proj186:3271910:3271949 [2] NCCL INFO Connection to proxy localRank 2 -> connection 0x7efb680043c0
proj186:3271910:3271984 [2] NCCL INFO Received and initiated operation=Init res=0
proj186:3271909:3271985 [1] NCCL INFO transport/p2p.cc:204 Cuda Alloc Size 6291456 pointer 0x7f9c20c00000
proj186:3271909:3271985 [1] NCCL INFO Allocated shareable buffer 0x7f9c20c00000 size 6291456 ipcDesc 0x7f9c44023ff0
proj186:3271909:3271985 [1] NCCL INFO proxyProgressAsync opId=0x7f9c4e278b40 op.type=3 op.reqBuff=0x7f9c44032920 op.respSize=80 done
proj186:3271909:3271951 [1] NCCL INFO ncclPollProxyResponse Received new opId=0x7f9c4e278b40
proj186:3271909:3271951 [1] NCCL INFO recvOpId=0x7f9c4e278b40 matches expected opId=0x7f9c4e278b40
proj186:3271909:3271951 [1] NCCL INFO Channel 08/0 : 1[1] -> 0[0] via P2P/IPC/read
proj186:3271909:3271985 [1] NCCL INFO Received and initiated operation=Setup res=0
proj186:3271909:3271985 [1] NCCL INFO New proxy send connection 56 from local rank 1, transport 0
proj186:3271909:3271985 [1] NCCL INFO proxyProgressAsync opId=0x7f9c4e278b40 op.type=1 op.reqBuff=0x7f9c44032920 op.respSize=16 done
proj186:3271909:3271951 [1] NCCL INFO ncclPollProxyResponse Received new opId=0x7f9c4e278b40
proj186:3271909:3271951 [1] NCCL INFO recvOpId=0x7f9c4e278b40 matches expected opId=0x7f9c4e278b40
proj186:3271909:3271951 [1] NCCL INFO Connection to proxy localRank 1 -> connection 0x7f9c440042d0
proj186:3271909:3271985 [1] NCCL INFO Received and initiated operation=Init res=0
proj186:3271910:3271984 [2] NCCL INFO transport/p2p.cc:204 Cuda Alloc Size 6291456 pointer 0x7efb42600000
proj186:3271910:3271984 [2] NCCL INFO Allocated shareable buffer 0x7efb42600000 size 6291456 ipcDesc 0x7efb68023ff0
proj186:3271910:3271984 [2] NCCL INFO proxyProgressAsync opId=0x7efb72278460 op.type=3 op.reqBuff=0x7efb68035d50 op.respSize=80 done
proj186:3271910:3271949 [2] NCCL INFO ncclPollProxyResponse Received new opId=0x7efb72278460
proj186:3271910:3271949 [2] NCCL INFO recvOpId=0x7efb72278460 matches expected opId=0x7efb72278460
proj186:3271910:3271984 [2] NCCL INFO Received and initiated operation=Setup res=0
proj186:3271910:3271949 [2] NCCL INFO Channel 12/0 : 2[2] -> 1[1] via P2P/IPC/read
proj186:3271910:3271984 [2] NCCL INFO New proxy send connection 60 from local rank 2, transport 0
proj186:3271910:3271984 [2] NCCL INFO proxyProgressAsync opId=0x7efb72278460 op.type=1 op.reqBuff=0x7efb68035d50 op.respSize=16 done
proj186:3271910:3271949 [2] NCCL INFO ncclPollProxyResponse Received new opId=0x7efb72278460
proj186:3271910:3271949 [2] NCCL INFO recvOpId=0x7efb72278460 matches expected opId=0x7efb72278460
proj186:3271910:3271949 [2] NCCL INFO Connection to proxy localRank 2 -> connection 0x7efb68004410
proj186:3271910:3271984 [2] NCCL INFO Received and initiated operation=Init res=0
proj186:3271909:3271985 [1] NCCL INFO transport/p2p.cc:204 Cuda Alloc Size 6291456 pointer 0x7f9c21200000
proj186:3271909:3271985 [1] NCCL INFO Allocated shareable buffer 0x7f9c21200000 size 6291456 ipcDesc 0x7f9c44023ff0
proj186:3271909:3271985 [1] NCCL INFO proxyProgressAsync opId=0x7f9c4e278b40 op.type=3 op.reqBuff=0x7f9c44033540 op.respSize=80 done
proj186:3271909:3271951 [1] NCCL INFO ncclPollProxyResponse Received new opId=0x7f9c4e278b40
proj186:3271909:3271951 [1] NCCL INFO recvOpId=0x7f9c4e278b40 matches expected opId=0x7f9c4e278b40
proj186:3271909:3271985 [1] NCCL INFO Received and initiated operation=Setup res=0
proj186:3271909:3271951 [1] NCCL INFO Channel 09/0 : 1[1] -> 0[0] via P2P/IPC/read
proj186:3271909:3271985 [1] NCCL INFO New proxy send connection 57 from local rank 1, transport 0
proj186:3271909:3271985 [1] NCCL INFO proxyProgressAsync opId=0x7f9c4e278b40 op.type=1 op.reqBuff=0x7f9c44033540 op.respSize=16 done
proj186:3271909:3271951 [1] NCCL INFO ncclPollProxyResponse Received new opId=0x7f9c4e278b40
proj186:3271909:3271951 [1] NCCL INFO recvOpId=0x7f9c4e278b40 matches expected opId=0x7f9c4e278b40
proj186:3271909:3271985 [1] NCCL INFO Received and initiated operation=Init res=0
proj186:3271909:3271951 [1] NCCL INFO Connection to proxy localRank 1 -> connection 0x7f9c44004320
proj186:3271910:3271984 [2] NCCL INFO transport/p2p.cc:204 Cuda Alloc Size 6291456 pointer 0x7efb42c00000
proj186:3271910:3271984 [2] NCCL INFO Allocated shareable buffer 0x7efb42c00000 size 6291456 ipcDesc 0x7efb68023ff0
proj186:3271910:3271984 [2] NCCL INFO proxyProgressAsync opId=0x7efb72278460 op.type=3 op.reqBuff=0x7efb68036970 op.respSize=80 done
proj186:3271910:3271949 [2] NCCL INFO ncclPollProxyResponse Received new opId=0x7efb72278460
proj186:3271910:3271949 [2] NCCL INFO recvOpId=0x7efb72278460 matches expected opId=0x7efb72278460
proj186:3271910:3271984 [2] NCCL INFO Received and initiated operation=Setup res=0
proj186:3271910:3271949 [2] NCCL INFO Channel 13/0 : 2[2] -> 1[1] via P2P/IPC/read
proj186:3271910:3271984 [2] NCCL INFO New proxy send connection 61 from local rank 2, transport 0
proj186:3271910:3271984 [2] NCCL INFO proxyProgressAsync opId=0x7efb72278460 op.type=1 op.reqBuff=0x7efb68036970 op.respSize=16 done
proj186:3271910:3271949 [2] NCCL INFO ncclPollProxyResponse Received new opId=0x7efb72278460
proj186:3271910:3271949 [2] NCCL INFO recvOpId=0x7efb72278460 matches expected opId=0x7efb72278460
proj186:3271910:3271984 [2] NCCL INFO Received and initiated operation=Init res=0
proj186:3271910:3271949 [2] NCCL INFO Connection to proxy localRank 2 -> connection 0x7efb68004460
proj186:3271909:3271985 [1] NCCL INFO transport/p2p.cc:204 Cuda Alloc Size 6291456 pointer 0x7f9c21800000
proj186:3271909:3271985 [1] NCCL INFO Allocated shareable buffer 0x7f9c21800000 size 6291456 ipcDesc 0x7f9c44023ff0
proj186:3271909:3271985 [1] NCCL INFO proxyProgressAsync opId=0x7f9c4e278b40 op.type=3 op.reqBuff=0x7f9c44034160 op.respSize=80 done
proj186:3271909:3271951 [1] NCCL INFO ncclPollProxyResponse Received new opId=0x7f9c4e278b40
proj186:3271909:3271951 [1] NCCL INFO recvOpId=0x7f9c4e278b40 matches expected opId=0x7f9c4e278b40
proj186:3271909:3271985 [1] NCCL INFO Received and initiated operation=Setup res=0
proj186:3271909:3271951 [1] NCCL INFO Channel 10/0 : 1[1] -> 0[0] via P2P/IPC/read
proj186:3271909:3271985 [1] NCCL INFO New proxy send connection 58 from local rank 1, transport 0
proj186:3271909:3271985 [1] NCCL INFO proxyProgressAsync opId=0x7f9c4e278b40 op.type=1 op.reqBuff=0x7f9c44034160 op.respSize=16 done
proj186:3271909:3271951 [1] NCCL INFO ncclPollProxyResponse Received new opId=0x7f9c4e278b40
proj186:3271909:3271951 [1] NCCL INFO recvOpId=0x7f9c4e278b40 matches expected opId=0x7f9c4e278b40
proj186:3271909:3271985 [1] NCCL INFO Received and initiated operation=Init res=0
proj186:3271909:3271951 [1] NCCL INFO Connection to proxy localRank 1 -> connection 0x7f9c44004370
proj186:3271910:3271984 [2] NCCL INFO transport/p2p.cc:204 Cuda Alloc Size 6291456 pointer 0x7efb43200000
proj186:3271910:3271984 [2] NCCL INFO Allocated shareable buffer 0x7efb43200000 size 6291456 ipcDesc 0x7efb68023ff0
proj186:3271910:3271984 [2] NCCL INFO proxyProgressAsync opId=0x7efb72278460 op.type=3 op.reqBuff=0x7efb68037590 op.respSize=80 done
proj186:3271910:3271949 [2] NCCL INFO ncclPollProxyResponse Received new opId=0x7efb72278460
proj186:3271910:3271949 [2] NCCL INFO recvOpId=0x7efb72278460 matches expected opId=0x7efb72278460
proj186:3271910:3271984 [2] NCCL INFO Received and initiated operation=Setup res=0
proj186:3271910:3271949 [2] NCCL INFO Channel 14/0 : 2[2] -> 1[1] via P2P/IPC/read
proj186:3271910:3271984 [2] NCCL INFO New proxy send connection 62 from local rank 2, transport 0
proj186:3271910:3271984 [2] NCCL INFO proxyProgressAsync opId=0x7efb72278460 op.type=1 op.reqBuff=0x7efb68037590 op.respSize=16 done
proj186:3271910:3271949 [2] NCCL INFO ncclPollProxyResponse Received new opId=0x7efb72278460
proj186:3271910:3271984 [2] NCCL INFO Received and initiated operation=Init res=0
proj186:3271910:3271949 [2] NCCL INFO recvOpId=0x7efb72278460 matches expected opId=0x7efb72278460
proj186:3271910:3271949 [2] NCCL INFO Connection to proxy localRank 2 -> connection 0x7efb680044b0
proj186:3271909:3271985 [1] NCCL INFO transport/p2p.cc:204 Cuda Alloc Size 6291456 pointer 0x7f9c1e000000
proj186:3271909:3271985 [1] NCCL INFO Allocated shareable buffer 0x7f9c1e000000 size 6291456 ipcDesc 0x7f9c44023ff0
proj186:3271909:3271985 [1] NCCL INFO proxyProgressAsync opId=0x7f9c4e278b40 op.type=3 op.reqBuff=0x7f9c44034d80 op.respSize=80 done
proj186:3271909:3271951 [1] NCCL INFO ncclPollProxyResponse Received new opId=0x7f9c4e278b40
proj186:3271909:3271951 [1] NCCL INFO recvOpId=0x7f9c4e278b40 matches expected opId=0x7f9c4e278b40
proj186:3271909:3271985 [1] NCCL INFO Received and initiated operation=Setup res=0
proj186:3271909:3271951 [1] NCCL INFO Channel 11/0 : 1[1] -> 0[0] via P2P/IPC/read
proj186:3271910:3271984 [2] NCCL INFO transport/p2p.cc:204 Cuda Alloc Size 6291456 pointer 0x7efb43800000
proj186:3271910:3271984 [2] NCCL INFO Allocated shareable buffer 0x7efb43800000 size 6291456 ipcDesc 0x7efb68023ff0
proj186:3271910:3271984 [2] NCCL INFO proxyProgressAsync opId=0x7efb72278460 op.type=3 op.reqBuff=0x7efb680381b0 op.respSize=80 done
proj186:3271909:3271985 [1] NCCL INFO New proxy send connection 59 from local rank 1, transport 0
proj186:3271909:3271985 [1] NCCL INFO proxyProgressAsync opId=0x7f9c4e278b40 op.type=1 op.reqBuff=0x7f9c44034d80 op.respSize=16 done
proj186:3271910:3271949 [2] NCCL INFO ncclPollProxyResponse Received new opId=0x7efb72278460
proj186:3271909:3271951 [1] NCCL INFO ncclPollProxyResponse Received new opId=0x7f9c4e278b40
proj186:3271910:3271949 [2] NCCL INFO recvOpId=0x7efb72278460 matches expected opId=0x7efb72278460
proj186:3271909:3271951 [1] NCCL INFO recvOpId=0x7f9c4e278b40 matches expected opId=0x7f9c4e278b40
proj186:3271909:3271951 [1] NCCL INFO Connection to proxy localRank 1 -> connection 0x7f9c440043c0
proj186:3271910:3271984 [2] NCCL INFO Received and initiated operation=Setup res=0
proj186:3271910:3271949 [2] NCCL INFO Channel 15/0 : 2[2] -> 1[1] via P2P/IPC/read
proj186:3271909:3271985 [1] NCCL INFO Received and initiated operation=Init res=0
proj186:3271910:3271984 [2] NCCL INFO New proxy send connection 63 from local rank 2, transport 0
proj186:3271910:3271984 [2] NCCL INFO proxyProgressAsync opId=0x7efb72278460 op.type=1 op.reqBuff=0x7efb680381b0 op.respSize=16 done
proj186:3271910:3271949 [2] NCCL INFO ncclPollProxyResponse Received new opId=0x7efb72278460
proj186:3271910:3271949 [2] NCCL INFO recvOpId=0x7efb72278460 matches expected opId=0x7efb72278460
proj186:3271910:3271949 [2] NCCL INFO Connection to proxy localRank 2 -> connection 0x7efb68004500
proj186:3271910:3271984 [2] NCCL INFO Received and initiated operation=Init res=0
proj186:3271909:3271985 [1] NCCL INFO transport/p2p.cc:204 Cuda Alloc Size 6291456 pointer 0x7f9c1e600000
proj186:3271909:3271985 [1] NCCL INFO Allocated shareable buffer 0x7f9c1e600000 size 6291456 ipcDesc 0x7f9c44023ff0
proj186:3271909:3271985 [1] NCCL INFO proxyProgressAsync opId=0x7f9c4e278b40 op.type=3 op.reqBuff=0x7f9c44035d50 op.respSize=80 done
proj186:3271909:3271951 [1] NCCL INFO ncclPollProxyResponse Received new opId=0x7f9c4e278b40
proj186:3271909:3271951 [1] NCCL INFO recvOpId=0x7f9c4e278b40 matches expected opId=0x7f9c4e278b40
proj186:3271909:3271985 [1] NCCL INFO Received and initiated operation=Setup res=0
proj186:3271909:3271951 [1] NCCL INFO Channel 12/0 : 1[1] -> 0[0] via P2P/IPC/read
proj186:3271910:3271984 [2] NCCL INFO transport/p2p.cc:204 Cuda Alloc Size 6291456 pointer 0x7efb40000000
proj186:3271910:3271984 [2] NCCL INFO Allocated shareable buffer 0x7efb40000000 size 6291456 ipcDesc 0x7efb68023ff0
proj186:3271910:3271984 [2] NCCL INFO proxyProgressAsync opId=0x7efb72278460 op.type=3 op.reqBuff=0x7efb68038dd0 op.respSize=80 done
proj186:3271909:3271985 [1] NCCL INFO New proxy send connection 60 from local rank 1, transport 0
proj186:3271909:3271985 [1] NCCL INFO proxyProgressAsync opId=0x7f9c4e278b40 op.type=1 op.reqBuff=0x7f9c44035d50 op.respSize=16 done
proj186:3271909:3271951 [1] NCCL INFO ncclPollProxyResponse Received new opId=0x7f9c4e278b40
proj186:3271910:3271949 [2] NCCL INFO ncclPollProxyResponse Received new opId=0x7efb72278460
proj186:3271909:3271951 [1] NCCL INFO recvOpId=0x7f9c4e278b40 matches expected opId=0x7f9c4e278b40
proj186:3271909:3271985 [1] NCCL INFO Received and initiated operation=Init res=0
proj186:3271910:3271949 [2] NCCL INFO recvOpId=0x7efb72278460 matches expected opId=0x7efb72278460
proj186:3271910:3271984 [2] NCCL INFO Received and initiated operation=Setup res=0
proj186:3271909:3271951 [1] NCCL INFO Connection to proxy localRank 1 -> connection 0x7f9c44004410
proj186:3271909:3271985 [1] NCCL INFO transport/p2p.cc:204 Cuda Alloc Size 6291456 pointer 0x7f9c1ec00000
proj186:3271909:3271985 [1] NCCL INFO Allocated shareable buffer 0x7f9c1ec00000 size 6291456 ipcDesc 0x7f9c44023ff0
proj186:3271909:3271985 [1] NCCL INFO proxyProgressAsync opId=0x7f9c4e278b40 op.type=3 op.reqBuff=0x7f9c44036970 op.respSize=80 done
proj186:3271909:3271951 [1] NCCL INFO ncclPollProxyResponse Received new opId=0x7f9c4e278b40
proj186:3271909:3271951 [1] NCCL INFO recvOpId=0x7f9c4e278b40 matches expected opId=0x7f9c4e278b40
proj186:3271909:3271985 [1] NCCL INFO Received and initiated operation=Setup res=0
proj186:3271909:3271951 [1] NCCL INFO Channel 13/0 : 1[1] -> 0[0] via P2P/IPC/read
proj186:3271909:3271985 [1] NCCL INFO New proxy send connection 61 from local rank 1, transport 0
proj186:3271909:3271985 [1] NCCL INFO proxyProgressAsync opId=0x7f9c4e278b40 op.type=1 op.reqBuff=0x7f9c44036970 op.respSize=16 done
proj186:3271909:3271951 [1] NCCL INFO ncclPollProxyResponse Received new opId=0x7f9c4e278b40
proj186:3271909:3271951 [1] NCCL INFO recvOpId=0x7f9c4e278b40 matches expected opId=0x7f9c4e278b40
proj186:3271909:3271951 [1] NCCL INFO Connection to proxy localRank 1 -> connection 0x7f9c44004460
proj186:3271909:3271985 [1] NCCL INFO Received and initiated operation=Init res=0
proj186:3271911:3271950 [3] NCCL INFO Imported shareable buffer device 3 size 6291456 ptr 0x7ff1a2000000
proj186:3271909:3271985 [1] NCCL INFO transport/p2p.cc:204 Cuda Alloc Size 6291456 pointer 0x7f9c1f200000
proj186:3271909:3271985 [1] NCCL INFO Allocated shareable buffer 0x7f9c1f200000 size 6291456 ipcDesc 0x7f9c44023ff0
proj186:3271909:3271985 [1] NCCL INFO proxyProgressAsync opId=0x7f9c4e278b40 op.type=3 op.reqBuff=0x7f9c44037590 op.respSize=80 done
proj186:3271909:3271951 [1] NCCL INFO ncclPollProxyResponse Received new opId=0x7f9c4e278b40
proj186:3271911:3271950 [3] NCCL INFO Imported shareable buffer device 3 size 6291456 ptr 0x7ff1a2600000
proj186:3271909:3271951 [1] NCCL INFO recvOpId=0x7f9c4e278b40 matches expected opId=0x7f9c4e278b40
proj186:3271909:3271985 [1] NCCL INFO Received and initiated operation=Setup res=0
proj186:3271909:3271951 [1] NCCL INFO Channel 14/0 : 1[1] -> 0[0] via P2P/IPC/read
proj186:3271909:3271985 [1] NCCL INFO New proxy send connection 62 from local rank 1, transport 0
proj186:3271909:3271985 [1] NCCL INFO proxyProgressAsync opId=0x7f9c4e278b40 op.type=1 op.reqBuff=0x7f9c44037590 op.respSize=16 done
proj186:3271909:3271951 [1] NCCL INFO ncclPollProxyResponse Received new opId=0x7f9c4e278b40
proj186:3271909:3271951 [1] NCCL INFO recvOpId=0x7f9c4e278b40 matches expected opId=0x7f9c4e278b40
proj186:3271909:3271985 [1] NCCL INFO Received and initiated operation=Init res=0
proj186:3271909:3271951 [1] NCCL INFO Connection to proxy localRank 1 -> connection 0x7f9c440044b0
proj186:3271911:3271950 [3] NCCL INFO Imported shareable buffer device 3 size 6291456 ptr 0x7ff1a2c00000
proj186:3271911:3271950 [3] NCCL INFO Imported shareable buffer device 3 size 6291456 ptr 0x7ff1a3200000
proj186:3271909:3271985 [1] NCCL INFO transport/p2p.cc:204 Cuda Alloc Size 6291456 pointer 0x7f9c1f800000
proj186:3271909:3271985 [1] NCCL INFO Allocated shareable buffer 0x7f9c1f800000 size 6291456 ipcDesc 0x7f9c44023ff0
proj186:3271909:3271985 [1] NCCL INFO proxyProgressAsync opId=0x7f9c4e278b40 op.type=3 op.reqBuff=0x7f9c440381b0 op.respSize=80 done
proj186:3271909:3271951 [1] NCCL INFO ncclPollProxyResponse Received new opId=0x7f9c4e278b40
proj186:3271909:3271951 [1] NCCL INFO recvOpId=0x7f9c4e278b40 matches expected opId=0x7f9c4e278b40
proj186:3271909:3271985 [1] NCCL INFO Received and initiated operation=Setup res=0
proj186:3271909:3271951 [1] NCCL INFO Channel 15/0 : 1[1] -> 0[0] via P2P/IPC/read
proj186:3271909:3271985 [1] NCCL INFO New proxy send connection 63 from local rank 1, transport 0
proj186:3271909:3271985 [1] NCCL INFO proxyProgressAsync opId=0x7f9c4e278b40 op.type=1 op.reqBuff=0x7f9c440381b0 op.respSize=16 done
proj186:3271909:3271951 [1] NCCL INFO ncclPollProxyResponse Received new opId=0x7f9c4e278b40
proj186:3271909:3271951 [1] NCCL INFO recvOpId=0x7f9c4e278b40 matches expected opId=0x7f9c4e278b40
proj186:3271909:3271951 [1] NCCL INFO Connection to proxy localRank 1 -> connection 0x7f9c44004500
proj186:3271909:3271985 [1] NCCL INFO Received and initiated operation=Init res=0
