proj186:3271911:3271950 [3] NCCL INFO Channel 04/0 : 3[3] -> 0[0] via P2P/IPC/read
proj186:3271911:3271983 [3] NCCL INFO New proxy send connection 20 from local rank 3, transport 0
proj186:3271911:3271983 [3] NCCL INFO proxyProgressAsync opId=0x7ff1ce278b40 op.type=1 op.reqBuff=0x7ff1c4015720 op.respSize=16 done
proj186:3271911:3271950 [3] NCCL INFO ncclPollProxyResponse Received new opId=0x7ff1ce278b40
proj186:3271911:3271950 [3] NCCL INFO recvOpId=0x7ff1ce278b40 matches expected opId=0x7ff1ce278b40
proj186:3271911:3271983 [3] NCCL INFO Received and initiated operation=Init res=0
proj186:3271911:3271950 [3] NCCL INFO Connection to proxy localRank 3 -> connection 0x7ff1c4003790
proj186:3271909:3271985 [1] NCCL INFO transport/p2p.cc:204 Cuda Alloc Size 6291456 pointer 0x7f9c3d800000
proj186:3271910:3271984 [2] NCCL INFO transport/p2p.cc:204 Cuda Alloc Size 6291456 pointer 0x7efb5e000000
proj186:3271909:3271985 [1] NCCL INFO Allocated shareable buffer 0x7f9c3d800000 size 6291456 ipcDesc 0x7f9c4400be10
proj186:3271909:3271985 [1] NCCL INFO proxyProgressAsync opId=0x7f9c4e278b40 op.type=3 op.reqBuff=0x7f9c44015720 op.respSize=80 done
proj186:3271909:3271951 [1] NCCL INFO ncclPollProxyResponse Received new opId=0x7f9c4e278b40
proj186:3271909:3271951 [1] NCCL INFO recvOpId=0x7f9c4e278b40 matches expected opId=0x7f9c4e278b40
proj186:3271909:3271985 [1] NCCL INFO Received and initiated operation=Setup res=0
proj186:3271909:3271951 [1] NCCL INFO Channel 04/0 : 1[1] -> 2[2] via P2P/IPC/read
proj186:3271910:3271984 [2] NCCL INFO Allocated shareable buffer 0x7efb5e000000 size 6291456 ipcDesc 0x7efb6800be10
proj186:3271910:3271984 [2] NCCL INFO proxyProgressAsync opId=0x7efb72278460 op.type=3 op.reqBuff=0x7efb68016340 op.respSize=80 done
proj186:3271909:3271985 [1] NCCL INFO New proxy send connection 20 from local rank 1, transport 0
proj186:3271910:3271949 [2] NCCL INFO ncclPollProxyResponse Received new opId=0x7efb72278460
proj186:3271909:3271985 [1] NCCL INFO proxyProgressAsync opId=0x7f9c4e278b40 op.type=1 op.reqBuff=0x7f9c44015720 op.respSize=16 done
proj186:3271909:3271951 [1] NCCL INFO ncclPollProxyResponse Received new opId=0x7f9c4e278b40
proj186:3271910:3271949 [2] NCCL INFO recvOpId=0x7efb72278460 matches expected opId=0x7efb72278460
proj186:3271910:3271984 [2] NCCL INFO Received and initiated operation=Setup res=0
proj186:3271909:3271951 [1] NCCL INFO recvOpId=0x7f9c4e278b40 matches expected opId=0x7f9c4e278b40
proj186:3271909:3271985 [1] NCCL INFO Received and initiated operation=Init res=0
proj186:3271910:3271949 [2] NCCL INFO Channel 05/0 : 2[2] -> 3[3] via P2P/IPC/read
proj186:3271909:3271951 [1] NCCL INFO Connection to proxy localRank 1 -> connection 0x7f9c44003790
proj186:3271910:3271984 [2] NCCL INFO New proxy send connection 21 from local rank 2, transport 0
proj186:3271910:3271984 [2] NCCL INFO proxyProgressAsync opId=0x7efb72278460 op.type=1 op.reqBuff=0x7efb68016340 op.respSize=16 done
proj186:3271910:3271949 [2] NCCL INFO ncclPollProxyResponse Received new opId=0x7efb72278460
proj186:3271910:3271949 [2] NCCL INFO recvOpId=0x7efb72278460 matches expected opId=0x7efb72278460
proj186:3271910:3271949 [2] NCCL INFO Connection to proxy localRank 2 -> connection 0x7efb680037e0
proj186:3271910:3271984 [2] NCCL INFO Received and initiated operation=Init res=0
proj186:3271908:3271986 [0] NCCL INFO transport/p2p.cc:204 Cuda Alloc Size 6291456 pointer 0x7f31c3800000
proj186:3271908:3271986 [0] NCCL INFO Allocated shareable buffer 0x7f31c3800000 size 6291456 ipcDesc 0x7f31dc00bd80
proj186:3271908:3271986 [0] NCCL INFO proxyProgressAsync opId=0x7f31ce278b40 op.type=3 op.reqBuff=0x7f31dc015690 op.respSize=80 done
proj186:3271908:3271948 [0] NCCL INFO ncclPollProxyResponse Received new opId=0x7f31ce278b40
proj186:3271911:3271983 [3] NCCL INFO transport/p2p.cc:204 Cuda Alloc Size 6291456 pointer 0x7ff1ba000000
proj186:3271908:3271948 [0] NCCL INFO recvOpId=0x7f31ce278b40 matches expected opId=0x7f31ce278b40
proj186:3271908:3271986 [0] NCCL INFO Received and initiated operation=Setup res=0
proj186:3271908:3271948 [0] NCCL INFO Channel 04/0 : 0[0] -> 1[1] via P2P/IPC/read
proj186:3271908:3271986 [0] NCCL INFO New proxy send connection 20 from local rank 0, transport 0
proj186:3271908:3271986 [0] NCCL INFO proxyProgressAsync opId=0x7f31ce278b40 op.type=1 op.reqBuff=0x7f31dc015690 op.respSize=16 done
proj186:3271908:3271948 [0] NCCL INFO ncclPollProxyResponse Received new opId=0x7f31ce278b40
proj186:3271911:3271983 [3] NCCL INFO Allocated shareable buffer 0x7ff1ba000000 size 6291456 ipcDesc 0x7ff1c400be10
proj186:3271911:3271983 [3] NCCL INFO proxyProgressAsync opId=0x7ff1ce278b40 op.type=3 op.reqBuff=0x7ff1c4016340 op.respSize=80 done
proj186:3271908:3271948 [0] NCCL INFO recvOpId=0x7f31ce278b40 matches expected opId=0x7f31ce278b40
proj186:3271908:3271948 [0] NCCL INFO Connection to proxy localRank 0 -> connection 0x7f31dc003820
proj186:3271908:3271986 [0] NCCL INFO Received and initiated operation=Init res=0
proj186:3271911:3271950 [3] NCCL INFO ncclPollProxyResponse Received new opId=0x7ff1ce278b40
proj186:3271911:3271950 [3] NCCL INFO recvOpId=0x7ff1ce278b40 matches expected opId=0x7ff1ce278b40
proj186:3271911:3271983 [3] NCCL INFO Received and initiated operation=Setup res=0
proj186:3271911:3271950 [3] NCCL INFO Channel 05/0 : 3[3] -> 0[0] via P2P/IPC/read
proj186:3271911:3271983 [3] NCCL INFO New proxy send connection 21 from local rank 3, transport 0
proj186:3271911:3271983 [3] NCCL INFO proxyProgressAsync opId=0x7ff1ce278b40 op.type=1 op.reqBuff=0x7ff1c4016340 op.respSize=16 done
proj186:3271911:3271950 [3] NCCL INFO ncclPollProxyResponse Received new opId=0x7ff1ce278b40
proj186:3271911:3271950 [3] NCCL INFO recvOpId=0x7ff1ce278b40 matches expected opId=0x7ff1ce278b40
proj186:3271911:3271950 [3] NCCL INFO Connection to proxy localRank 3 -> connection 0x7ff1c40037e0
proj186:3271911:3271983 [3] NCCL INFO Received and initiated operation=Init res=0
proj186:3271909:3271985 [1] NCCL INFO transport/p2p.cc:204 Cuda Alloc Size 6291456 pointer 0x7f9c3a000000
proj186:3271910:3271984 [2] NCCL INFO transport/p2p.cc:204 Cuda Alloc Size 6291456 pointer 0x7efb5e600000
proj186:3271909:3271985 [1] NCCL INFO Allocated shareable buffer 0x7f9c3a000000 size 6291456 ipcDesc 0x7f9c4400be10
proj186:3271909:3271985 [1] NCCL INFO proxyProgressAsync opId=0x7f9c4e278b40 op.type=3 op.reqBuff=0x7f9c44016340 op.respSize=80 done
proj186:3271909:3271951 [1] NCCL INFO ncclPollProxyResponse Received new opId=0x7f9c4e278b40
proj186:3271909:3271951 [1] NCCL INFO recvOpId=0x7f9c4e278b40 matches expected opId=0x7f9c4e278b40
proj186:3271909:3271985 [1] NCCL INFO Received and initiated operation=Setup res=0
proj186:3271909:3271951 [1] NCCL INFO Channel 05/0 : 1[1] -> 2[2] via P2P/IPC/read
proj186:3271910:3271984 [2] NCCL INFO Allocated shareable buffer 0x7efb5e600000 size 6291456 ipcDesc 0x7efb6800be10
proj186:3271910:3271984 [2] NCCL INFO proxyProgressAsync opId=0x7efb72278460 op.type=3 op.reqBuff=0x7efb68017310 op.respSize=80 done
proj186:3271910:3271949 [2] NCCL INFO ncclPollProxyResponse Received new opId=0x7efb72278460
proj186:3271910:3271949 [2] NCCL INFO recvOpId=0x7efb72278460 matches expected opId=0x7efb72278460
proj186:3271910:3271984 [2] NCCL INFO Received and initiated operation=Setup res=0
proj186:3271910:3271949 [2] NCCL INFO Channel 06/0 : 2[2] -> 3[3] via P2P/IPC/read
proj186:3271909:3271985 [1] NCCL INFO New proxy send connection 21 from local rank 1, transport 0
proj186:3271909:3271985 [1] NCCL INFO proxyProgressAsync opId=0x7f9c4e278b40 op.type=1 op.reqBuff=0x7f9c44016340 op.respSize=16 done
proj186:3271909:3271951 [1] NCCL INFO ncclPollProxyResponse Received new opId=0x7f9c4e278b40
proj186:3271910:3271984 [2] NCCL INFO New proxy send connection 22 from local rank 2, transport 0
proj186:3271910:3271984 [2] NCCL INFO proxyProgressAsync opId=0x7efb72278460 op.type=1 op.reqBuff=0x7efb68017310 op.respSize=16 done
proj186:3271909:3271951 [1] NCCL INFO recvOpId=0x7f9c4e278b40 matches expected opId=0x7f9c4e278b40
proj186:3271909:3271951 [1] NCCL INFO Connection to proxy localRank 1 -> connection 0x7f9c440037e0
proj186:3271909:3271985 [1] NCCL INFO Received and initiated operation=Init res=0
proj186:3271910:3271949 [2] NCCL INFO ncclPollProxyResponse Received new opId=0x7efb72278460
proj186:3271910:3271949 [2] NCCL INFO recvOpId=0x7efb72278460 matches expected opId=0x7efb72278460
proj186:3271910:3271949 [2] NCCL INFO Connection to proxy localRank 2 -> connection 0x7efb68003830
proj186:3271910:3271984 [2] NCCL INFO Received and initiated operation=Init res=0
proj186:3271908:3271986 [0] NCCL INFO transport/p2p.cc:204 Cuda Alloc Size 6291456 pointer 0x7f31c0000000
proj186:3271911:3271983 [3] NCCL INFO transport/p2p.cc:204 Cuda Alloc Size 6291456 pointer 0x7ff1ba600000
proj186:3271908:3271986 [0] NCCL INFO Allocated shareable buffer 0x7f31c0000000 size 6291456 ipcDesc 0x7f31dc00bd80
proj186:3271908:3271986 [0] NCCL INFO proxyProgressAsync opId=0x7f31ce278b40 op.type=3 op.reqBuff=0x7f31dc0162b0 op.respSize=80 done
proj186:3271908:3271948 [0] NCCL INFO ncclPollProxyResponse Received new opId=0x7f31ce278b40
proj186:3271908:3271948 [0] NCCL INFO recvOpId=0x7f31ce278b40 matches expected opId=0x7f31ce278b40
proj186:3271908:3271948 [0] NCCL INFO Channel 05/0 : 0[0] -> 1[1] via P2P/IPC/read
proj186:3271908:3271986 [0] NCCL INFO Received and initiated operation=Setup res=0
proj186:3271911:3271983 [3] NCCL INFO Allocated shareable buffer 0x7ff1ba600000 size 6291456 ipcDesc 0x7ff1c400be10
proj186:3271911:3271983 [3] NCCL INFO proxyProgressAsync opId=0x7ff1ce278b40 op.type=3 op.reqBuff=0x7ff1c4017310 op.respSize=80 done
proj186:3271911:3271950 [3] NCCL INFO ncclPollProxyResponse Received new opId=0x7ff1ce278b40
proj186:3271911:3271950 [3] NCCL INFO recvOpId=0x7ff1ce278b40 matches expected opId=0x7ff1ce278b40
proj186:3271908:3271986 [0] NCCL INFO New proxy send connection 21 from local rank 0, transport 0
proj186:3271908:3271986 [0] NCCL INFO proxyProgressAsync opId=0x7f31ce278b40 op.type=1 op.reqBuff=0x7f31dc0162b0 op.respSize=16 done
proj186:3271911:3271983 [3] NCCL INFO Received and initiated operation=Setup res=0
proj186:3271911:3271950 [3] NCCL INFO Channel 06/0 : 3[3] -> 0[0] via P2P/IPC/read
proj186:3271908:3271948 [0] NCCL INFO ncclPollProxyResponse Received new opId=0x7f31ce278b40
proj186:3271908:3271948 [0] NCCL INFO recvOpId=0x7f31ce278b40 matches expected opId=0x7f31ce278b40
proj186:3271908:3271948 [0] NCCL INFO Connection to proxy localRank 0 -> connection 0x7f31dc003870
proj186:3271911:3271983 [3] NCCL INFO New proxy send connection 22 from local rank 3, transport 0
proj186:3271908:3271986 [0] NCCL INFO Received and initiated operation=Init res=0
proj186:3271911:3271983 [3] NCCL INFO proxyProgressAsync opId=0x7ff1ce278b40 op.type=1 op.reqBuff=0x7ff1c4017310 op.respSize=16 done
proj186:3271911:3271950 [3] NCCL INFO ncclPollProxyResponse Received new opId=0x7ff1ce278b40
proj186:3271911:3271950 [3] NCCL INFO recvOpId=0x7ff1ce278b40 matches expected opId=0x7ff1ce278b40
proj186:3271911:3271950 [3] NCCL INFO Connection to proxy localRank 3 -> connection 0x7ff1c4003830
proj186:3271911:3271983 [3] NCCL INFO Received and initiated operation=Init res=0
proj186:3271909:3271985 [1] NCCL INFO transport/p2p.cc:204 Cuda Alloc Size 6291456 pointer 0x7f9c3a600000
proj186:3271910:3271984 [2] NCCL INFO transport/p2p.cc:204 Cuda Alloc Size 6291456 pointer 0x7efb5ec00000
proj186:3271909:3271985 [1] NCCL INFO Allocated shareable buffer 0x7f9c3a600000 size 6291456 ipcDesc 0x7f9c4400be10
proj186:3271909:3271985 [1] NCCL INFO proxyProgressAsync opId=0x7f9c4e278b40 op.type=3 op.reqBuff=0x7f9c44017310 op.respSize=80 done
proj186:3271909:3271951 [1] NCCL INFO ncclPollProxyResponse Received new opId=0x7f9c4e278b40
proj186:3271909:3271951 [1] NCCL INFO recvOpId=0x7f9c4e278b40 matches expected opId=0x7f9c4e278b40
proj186:3271909:3271985 [1] NCCL INFO Received and initiated operation=Setup res=0
proj186:3271909:3271951 [1] NCCL INFO Channel 06/0 : 1[1] -> 2[2] via P2P/IPC/read
proj186:3271910:3271984 [2] NCCL INFO Allocated shareable buffer 0x7efb5ec00000 size 6291456 ipcDesc 0x7efb6800be10
proj186:3271910:3271984 [2] NCCL INFO proxyProgressAsync opId=0x7efb72278460 op.type=3 op.reqBuff=0x7efb68017f30 op.respSize=80 done
proj186:3271910:3271949 [2] NCCL INFO ncclPollProxyResponse Received new opId=0x7efb72278460
proj186:3271909:3271985 [1] NCCL INFO New proxy send connection 22 from local rank 1, transport 0
proj186:3271909:3271985 [1] NCCL INFO proxyProgressAsync opId=0x7f9c4e278b40 op.type=1 op.reqBuff=0x7f9c44017310 op.respSize=16 done
proj186:3271910:3271949 [2] NCCL INFO recvOpId=0x7efb72278460 matches expected opId=0x7efb72278460
proj186:3271910:3271984 [2] NCCL INFO Received and initiated operation=Setup res=0
proj186:3271909:3271951 [1] NCCL INFO ncclPollProxyResponse Received new opId=0x7f9c4e278b40
proj186:3271910:3271949 [2] NCCL INFO Channel 07/0 : 2[2] -> 3[3] via P2P/IPC/read
proj186:3271909:3271951 [1] NCCL INFO recvOpId=0x7f9c4e278b40 matches expected opId=0x7f9c4e278b40
proj186:3271909:3271985 [1] NCCL INFO Received and initiated operation=Init res=0
proj186:3271909:3271951 [1] NCCL INFO Connection to proxy localRank 1 -> connection 0x7f9c44003830
proj186:3271910:3271984 [2] NCCL INFO New proxy send connection 23 from local rank 2, transport 0
proj186:3271910:3271984 [2] NCCL INFO proxyProgressAsync opId=0x7efb72278460 op.type=1 op.reqBuff=0x7efb68017f30 op.respSize=16 done
proj186:3271910:3271949 [2] NCCL INFO ncclPollProxyResponse Received new opId=0x7efb72278460
proj186:3271910:3271984 [2] NCCL INFO Received and initiated operation=Init res=0
proj186:3271910:3271949 [2] NCCL INFO recvOpId=0x7efb72278460 matches expected opId=0x7efb72278460
proj186:3271910:3271949 [2] NCCL INFO Connection to proxy localRank 2 -> connection 0x7efb68003880
proj186:3271908:3271986 [0] NCCL INFO transport/p2p.cc:204 Cuda Alloc Size 6291456 pointer 0x7f31c0600000
proj186:3271911:3271983 [3] NCCL INFO transport/p2p.cc:204 Cuda Alloc Size 6291456 pointer 0x7ff1bac00000
proj186:3271908:3271986 [0] NCCL INFO Allocated shareable buffer 0x7f31c0600000 size 6291456 ipcDesc 0x7f31dc00bd80
proj186:3271908:3271986 [0] NCCL INFO proxyProgressAsync opId=0x7f31ce278b40 op.type=3 op.reqBuff=0x7f31dc017280 op.respSize=80 done
proj186:3271908:3271948 [0] NCCL INFO ncclPollProxyResponse Received new opId=0x7f31ce278b40
proj186:3271908:3271948 [0] NCCL INFO recvOpId=0x7f31ce278b40 matches expected opId=0x7f31ce278b40
proj186:3271908:3271986 [0] NCCL INFO Received and initiated operation=Setup res=0
proj186:3271908:3271948 [0] NCCL INFO Channel 06/0 : 0[0] -> 1[1] via P2P/IPC/read
proj186:3271911:3271983 [3] NCCL INFO Allocated shareable buffer 0x7ff1bac00000 size 6291456 ipcDesc 0x7ff1c400be10
proj186:3271911:3271983 [3] NCCL INFO proxyProgressAsync opId=0x7ff1ce278b40 op.type=3 op.reqBuff=0x7ff1c4017f30 op.respSize=80 done
proj186:3271911:3271950 [3] NCCL INFO ncclPollProxyResponse Received new opId=0x7ff1ce278b40
proj186:3271908:3271986 [0] NCCL INFO New proxy send connection 22 from local rank 0, transport 0
proj186:3271908:3271986 [0] NCCL INFO proxyProgressAsync opId=0x7f31ce278b40 op.type=1 op.reqBuff=0x7f31dc017280 op.respSize=16 done
proj186:3271911:3271950 [3] NCCL INFO recvOpId=0x7ff1ce278b40 matches expected opId=0x7ff1ce278b40
proj186:3271908:3271948 [0] NCCL INFO ncclPollProxyResponse Received new opId=0x7f31ce278b40
proj186:3271911:3271983 [3] NCCL INFO Received and initiated operation=Setup res=0
proj186:3271911:3271950 [3] NCCL INFO Channel 07/0 : 3[3] -> 0[0] via P2P/IPC/read
proj186:3271908:3271948 [0] NCCL INFO recvOpId=0x7f31ce278b40 matches expected opId=0x7f31ce278b40
proj186:3271908:3271986 [0] NCCL INFO Received and initiated operation=Init res=0
proj186:3271908:3271948 [0] NCCL INFO Connection to proxy localRank 0 -> connection 0x7f31dc0038c0
proj186:3271911:3271983 [3] NCCL INFO New proxy send connection 23 from local rank 3, transport 0
proj186:3271911:3271983 [3] NCCL INFO proxyProgressAsync opId=0x7ff1ce278b40 op.type=1 op.reqBuff=0x7ff1c4017f30 op.respSize=16 done
proj186:3271911:3271950 [3] NCCL INFO ncclPollProxyResponse Received new opId=0x7ff1ce278b40
proj186:3271911:3271950 [3] NCCL INFO recvOpId=0x7ff1ce278b40 matches expected opId=0x7ff1ce278b40
proj186:3271911:3271950 [3] NCCL INFO Connection to proxy localRank 3 -> connection 0x7ff1c4003880
proj186:3271911:3271983 [3] NCCL INFO Received and initiated operation=Init res=0
proj186:3271909:3271985 [1] NCCL INFO transport/p2p.cc:204 Cuda Alloc Size 6291456 pointer 0x7f9c3ac00000
proj186:3271910:3271984 [2] NCCL INFO transport/p2p.cc:204 Cuda Alloc Size 6291456 pointer 0x7efb5f200000
proj186:3271909:3271985 [1] NCCL INFO Allocated shareable buffer 0x7f9c3ac00000 size 6291456 ipcDesc 0x7f9c4400be10
proj186:3271909:3271985 [1] NCCL INFO proxyProgressAsync opId=0x7f9c4e278b40 op.type=3 op.reqBuff=0x7f9c44017f30 op.respSize=80 done
proj186:3271909:3271951 [1] NCCL INFO ncclPollProxyResponse Received new opId=0x7f9c4e278b40
proj186:3271909:3271951 [1] NCCL INFO recvOpId=0x7f9c4e278b40 matches expected opId=0x7f9c4e278b40
proj186:3271909:3271985 [1] NCCL INFO Received and initiated operation=Setup res=0
proj186:3271909:3271951 [1] NCCL INFO Channel 07/0 : 1[1] -> 2[2] via P2P/IPC/read
proj186:3271910:3271984 [2] NCCL INFO Allocated shareable buffer 0x7efb5f200000 size 6291456 ipcDesc 0x7efb6800be10
proj186:3271910:3271984 [2] NCCL INFO proxyProgressAsync opId=0x7efb72278460 op.type=3 op.reqBuff=0x7efb68018b50 op.respSize=80 done
proj186:3271910:3271949 [2] NCCL INFO ncclPollProxyResponse Received new opId=0x7efb72278460
proj186:3271909:3271985 [1] NCCL INFO New proxy send connection 23 from local rank 1, transport 0
proj186:3271909:3271985 [1] NCCL INFO proxyProgressAsync opId=0x7f9c4e278b40 op.type=1 op.reqBuff=0x7f9c44017f30 op.respSize=16 done
proj186:3271910:3271984 [2] NCCL INFO Received and initiated operation=Setup res=0
proj186:3271910:3271949 [2] NCCL INFO recvOpId=0x7efb72278460 matches expected opId=0x7efb72278460
proj186:3271909:3271951 [1] NCCL INFO ncclPollProxyResponse Received new opId=0x7f9c4e278b40
proj186:3271910:3271949 [2] NCCL INFO Channel 08/0 : 2[2] -> 3[3] via P2P/IPC/read
proj186:3271909:3271951 [1] NCCL INFO recvOpId=0x7f9c4e278b40 matches expected opId=0x7f9c4e278b40
proj186:3271909:3271985 [1] NCCL INFO Received and initiated operation=Init res=0
proj186:3271909:3271951 [1] NCCL INFO Connection to proxy localRank 1 -> connection 0x7f9c44003880
proj186:3271910:3271984 [2] NCCL INFO New proxy send connection 24 from local rank 2, transport 0
proj186:3271910:3271984 [2] NCCL INFO proxyProgressAsync opId=0x7efb72278460 op.type=1 op.reqBuff=0x7efb68018b50 op.respSize=16 done
proj186:3271910:3271949 [2] NCCL INFO ncclPollProxyResponse Received new opId=0x7efb72278460
proj186:3271910:3271984 [2] NCCL INFO Received and initiated operation=Init res=0
proj186:3271910:3271949 [2] NCCL INFO recvOpId=0x7efb72278460 matches expected opId=0x7efb72278460
proj186:3271910:3271949 [2] NCCL INFO Connection to proxy localRank 2 -> connection 0x7efb680038d0
proj186:3271908:3271986 [0] NCCL INFO transport/p2p.cc:204 Cuda Alloc Size 6291456 pointer 0x7f31c0c00000
proj186:3271908:3271986 [0] NCCL INFO Allocated shareable buffer 0x7f31c0c00000 size 6291456 ipcDesc 0x7f31dc00bd80
proj186:3271908:3271986 [0] NCCL INFO proxyProgressAsync opId=0x7f31ce278b40 op.type=3 op.reqBuff=0x7f31dc017ea0 op.respSize=80 done
proj186:3271911:3271983 [3] NCCL INFO transport/p2p.cc:204 Cuda Alloc Size 6291456 pointer 0x7ff1bb200000
proj186:3271908:3271948 [0] NCCL INFO ncclPollProxyResponse Received new opId=0x7f31ce278b40
proj186:3271908:3271948 [0] NCCL INFO recvOpId=0x7f31ce278b40 matches expected opId=0x7f31ce278b40
proj186:3271908:3271986 [0] NCCL INFO Received and initiated operation=Setup res=0
proj186:3271908:3271948 [0] NCCL INFO Channel 07/0 : 0[0] -> 1[1] via P2P/IPC/read
proj186:3271908:3271986 [0] NCCL INFO New proxy send connection 23 from local rank 0, transport 0
proj186:3271908:3271986 [0] NCCL INFO proxyProgressAsync opId=0x7f31ce278b40 op.type=1 op.reqBuff=0x7f31dc017ea0 op.respSize=16 done
proj186:3271908:3271948 [0] NCCL INFO ncclPollProxyResponse Received new opId=0x7f31ce278b40
proj186:3271908:3271948 [0] NCCL INFO recvOpId=0x7f31ce278b40 matches expected opId=0x7f31ce278b40
proj186:3271908:3271948 [0] NCCL INFO Connection to proxy localRank 0 -> connection 0x7f31dc003910
proj186:3271908:3271986 [0] NCCL INFO Received and initiated operation=Init res=0
proj186:3271911:3271983 [3] NCCL INFO Allocated shareable buffer 0x7ff1bb200000 size 6291456 ipcDesc 0x7ff1c400be10
proj186:3271911:3271983 [3] NCCL INFO proxyProgressAsync opId=0x7ff1ce278b40 op.type=3 op.reqBuff=0x7ff1c4018b50 op.respSize=80 done
proj186:3271911:3271950 [3] NCCL INFO ncclPollProxyResponse Received new opId=0x7ff1ce278b40
proj186:3271911:3271950 [3] NCCL INFO recvOpId=0x7ff1ce278b40 matches expected opId=0x7ff1ce278b40
proj186:3271911:3271983 [3] NCCL INFO Received and initiated operation=Setup res=0
proj186:3271911:3271950 [3] NCCL INFO Channel 08/0 : 3[3] -> 0[0] via P2P/IPC/read
proj186:3271911:3271983 [3] NCCL INFO New proxy send connection 24 from local rank 3, transport 0
proj186:3271911:3271983 [3] NCCL INFO proxyProgressAsync opId=0x7ff1ce278b40 op.type=1 op.reqBuff=0x7ff1c4018b50 op.respSize=16 done
proj186:3271911:3271950 [3] NCCL INFO ncclPollProxyResponse Received new opId=0x7ff1ce278b40
proj186:3271911:3271950 [3] NCCL INFO recvOpId=0x7ff1ce278b40 matches expected opId=0x7ff1ce278b40
proj186:3271911:3271950 [3] NCCL INFO Connection to proxy localRank 3 -> connection 0x7ff1c40038d0
proj186:3271911:3271983 [3] NCCL INFO Received and initiated operation=Init res=0
proj186:3271909:3271985 [1] NCCL INFO transport/p2p.cc:204 Cuda Alloc Size 6291456 pointer 0x7f9c3b200000
proj186:3271909:3271985 [1] NCCL INFO Allocated shareable buffer 0x7f9c3b200000 size 6291456 ipcDesc 0x7f9c4400be10
proj186:3271909:3271985 [1] NCCL INFO proxyProgressAsync opId=0x7f9c4e278b40 op.type=3 op.reqBuff=0x7f9c44018b50 op.respSize=80 done
proj186:3271910:3271984 [2] NCCL INFO transport/p2p.cc:204 Cuda Alloc Size 6291456 pointer 0x7efb5f800000
proj186:3271909:3271951 [1] NCCL INFO ncclPollProxyResponse Received new opId=0x7f9c4e278b40
proj186:3271909:3271951 [1] NCCL INFO recvOpId=0x7f9c4e278b40 matches expected opId=0x7f9c4e278b40
proj186:3271909:3271985 [1] NCCL INFO Received and initiated operation=Setup res=0
proj186:3271909:3271951 [1] NCCL INFO Channel 08/0 : 1[1] -> 2[2] via P2P/IPC/read
proj186:3271909:3271985 [1] NCCL INFO New proxy send connection 24 from local rank 1, transport 0
proj186:3271909:3271985 [1] NCCL INFO proxyProgressAsync opId=0x7f9c4e278b40 op.type=1 op.reqBuff=0x7f9c44018b50 op.respSize=16 done
proj186:3271909:3271951 [1] NCCL INFO ncclPollProxyResponse Received new opId=0x7f9c4e278b40
proj186:3271910:3271984 [2] NCCL INFO Allocated shareable buffer 0x7efb5f800000 size 6291456 ipcDesc 0x7efb6800be10
proj186:3271910:3271984 [2] NCCL INFO proxyProgressAsync opId=0x7efb72278460 op.type=3 op.reqBuff=0x7efb68019770 op.respSize=80 done
proj186:3271909:3271951 [1] NCCL INFO recvOpId=0x7f9c4e278b40 matches expected opId=0x7f9c4e278b40
proj186:3271909:3271985 [1] NCCL INFO Received and initiated operation=Init res=0
proj186:3271910:3271949 [2] NCCL INFO ncclPollProxyResponse Received new opId=0x7efb72278460
proj186:3271909:3271951 [1] NCCL INFO Connection to proxy localRank 1 -> connection 0x7f9c440038d0
proj186:3271910:3271949 [2] NCCL INFO recvOpId=0x7efb72278460 matches expected opId=0x7efb72278460
proj186:3271910:3271984 [2] NCCL INFO Received and initiated operation=Setup res=0
proj186:3271910:3271949 [2] NCCL INFO Channel 09/0 : 2[2] -> 3[3] via P2P/IPC/read
proj186:3271910:3271984 [2] NCCL INFO New proxy send connection 25 from local rank 2, transport 0
proj186:3271910:3271984 [2] NCCL INFO proxyProgressAsync opId=0x7efb72278460 op.type=1 op.reqBuff=0x7efb68019770 op.respSize=16 done
proj186:3271910:3271949 [2] NCCL INFO ncclPollProxyResponse Received new opId=0x7efb72278460
proj186:3271910:3271984 [2] NCCL INFO Received and initiated operation=Init res=0
proj186:3271910:3271949 [2] NCCL INFO recvOpId=0x7efb72278460 matches expected opId=0x7efb72278460
proj186:3271910:3271949 [2] NCCL INFO Connection to proxy localRank 2 -> connection 0x7efb68003920
proj186:3271908:3271986 [0] NCCL INFO transport/p2p.cc:204 Cuda Alloc Size 6291456 pointer 0x7f31c1200000
proj186:3271908:3271986 [0] NCCL INFO Allocated shareable buffer 0x7f31c1200000 size 6291456 ipcDesc 0x7f31dc00bd80
proj186:3271908:3271986 [0] NCCL INFO proxyProgressAsync opId=0x7f31ce278b40 op.type=3 op.reqBuff=0x7f31dc018ac0 op.respSize=80 done
proj186:3271908:3271948 [0] NCCL INFO ncclPollProxyResponse Received new opId=0x7f31ce278b40
proj186:3271908:3271948 [0] NCCL INFO recvOpId=0x7f31ce278b40 matches expected opId=0x7f31ce278b40
proj186:3271908:3271986 [0] NCCL INFO Received and initiated operation=Setup res=0
proj186:3271908:3271948 [0] NCCL INFO Channel 08/0 : 0[0] -> 1[1] via P2P/IPC/read
proj186:3271911:3271983 [3] NCCL INFO transport/p2p.cc:204 Cuda Alloc Size 6291456 pointer 0x7ff1bb800000
proj186:3271908:3271986 [0] NCCL INFO New proxy send connection 24 from local rank 0, transport 0
proj186:3271908:3271986 [0] NCCL INFO proxyProgressAsync opId=0x7f31ce278b40 op.type=1 op.reqBuff=0x7f31dc018ac0 op.respSize=16 done
proj186:3271908:3271948 [0] NCCL INFO ncclPollProxyResponse Received new opId=0x7f31ce278b40
proj186:3271908:3271948 [0] NCCL INFO recvOpId=0x7f31ce278b40 matches expected opId=0x7f31ce278b40
proj186:3271908:3271948 [0] NCCL INFO Connection to proxy localRank 0 -> connection 0x7f31dc003960
proj186:3271908:3271986 [0] NCCL INFO Received and initiated operation=Init res=0
proj186:3271911:3271983 [3] NCCL INFO Allocated shareable buffer 0x7ff1bb800000 size 6291456 ipcDesc 0x7ff1c400be10
proj186:3271911:3271983 [3] NCCL INFO proxyProgressAsync opId=0x7ff1ce278b40 op.type=3 op.reqBuff=0x7ff1c4019770 op.respSize=80 done
proj186:3271911:3271950 [3] NCCL INFO ncclPollProxyResponse Received new opId=0x7ff1ce278b40
proj186:3271911:3271950 [3] NCCL INFO recvOpId=0x7ff1ce278b40 matches expected opId=0x7ff1ce278b40
proj186:3271911:3271983 [3] NCCL INFO Received and initiated operation=Setup res=0
proj186:3271911:3271950 [3] NCCL INFO Channel 09/0 : 3[3] -> 0[0] via P2P/IPC/read
proj186:3271911:3271983 [3] NCCL INFO New proxy send connection 25 from local rank 3, transport 0
proj186:3271911:3271983 [3] NCCL INFO proxyProgressAsync opId=0x7ff1ce278b40 op.type=1 op.reqBuff=0x7ff1c4019770 op.respSize=16 done
proj186:3271911:3271950 [3] NCCL INFO ncclPollProxyResponse Received new opId=0x7ff1ce278b40
proj186:3271911:3271950 [3] NCCL INFO recvOpId=0x7ff1ce278b40 matches expected opId=0x7ff1ce278b40
proj186:3271911:3271950 [3] NCCL INFO Connection to proxy localRank 3 -> connection 0x7ff1c4003920
proj186:3271911:3271983 [3] NCCL INFO Received and initiated operation=Init res=0
proj186:3271909:3271985 [1] NCCL INFO transport/p2p.cc:204 Cuda Alloc Size 6291456 pointer 0x7f9c3b800000
proj186:3271910:3271984 [2] NCCL INFO transport/p2p.cc:204 Cuda Alloc Size 6291456 pointer 0x7efb5c000000
proj186:3271909:3271985 [1] NCCL INFO Allocated shareable buffer 0x7f9c3b800000 size 6291456 ipcDesc 0x7f9c4400be10
proj186:3271909:3271985 [1] NCCL INFO proxyProgressAsync opId=0x7f9c4e278b40 op.type=3 op.reqBuff=0x7f9c44019770 op.respSize=80 done
proj186:3271909:3271951 [1] NCCL INFO ncclPollProxyResponse Received new opId=0x7f9c4e278b40
proj186:3271909:3271951 [1] NCCL INFO recvOpId=0x7f9c4e278b40 matches expected opId=0x7f9c4e278b40
proj186:3271909:3271985 [1] NCCL INFO Received and initiated operation=Setup res=0
proj186:3271909:3271951 [1] NCCL INFO Channel 09/0 : 1[1] -> 2[2] via P2P/IPC/read
proj186:3271910:3271984 [2] NCCL INFO Allocated shareable buffer 0x7efb5c000000 size 6291456 ipcDesc 0x7efb6800be10
proj186:3271910:3271984 [2] NCCL INFO proxyProgressAsync opId=0x7efb72278460 op.type=3 op.reqBuff=0x7efb6801a390 op.respSize=80 done
proj186:3271910:3271949 [2] NCCL INFO ncclPollProxyResponse Received new opId=0x7efb72278460
proj186:3271909:3271985 [1] NCCL INFO New proxy send connection 25 from local rank 1, transport 0
proj186:3271909:3271985 [1] NCCL INFO proxyProgressAsync opId=0x7f9c4e278b40 op.type=1 op.reqBuff=0x7f9c44019770 op.respSize=16 done
proj186:3271910:3271949 [2] NCCL INFO recvOpId=0x7efb72278460 matches expected opId=0x7efb72278460
proj186:3271909:3271951 [1] NCCL INFO ncclPollProxyResponse Received new opId=0x7f9c4e278b40
proj186:3271910:3271984 [2] NCCL INFO Received and initiated operation=Setup res=0
proj186:3271910:3271949 [2] NCCL INFO Channel 10/0 : 2[2] -> 3[3] via P2P/IPC/read
proj186:3271909:3271951 [1] NCCL INFO recvOpId=0x7f9c4e278b40 matches expected opId=0x7f9c4e278b40
proj186:3271909:3271985 [1] NCCL INFO Received and initiated operation=Init res=0
proj186:3271909:3271951 [1] NCCL INFO Connection to proxy localRank 1 -> connection 0x7f9c44003920
proj186:3271910:3271984 [2] NCCL INFO New proxy send connection 26 from local rank 2, transport 0
proj186:3271910:3271984 [2] NCCL INFO proxyProgressAsync opId=0x7efb72278460 op.type=1 op.reqBuff=0x7efb6801a390 op.respSize=16 done
proj186:3271910:3271949 [2] NCCL INFO ncclPollProxyResponse Received new opId=0x7efb72278460
proj186:3271910:3271984 [2] NCCL INFO Received and initiated operation=Init res=0
proj186:3271910:3271949 [2] NCCL INFO recvOpId=0x7efb72278460 matches expected opId=0x7efb72278460
proj186:3271910:3271949 [2] NCCL INFO Connection to proxy localRank 2 -> connection 0x7efb68003970
proj186:3271908:3271986 [0] NCCL INFO transport/p2p.cc:204 Cuda Alloc Size 6291456 pointer 0x7f31c1800000
proj186:3271908:3271986 [0] NCCL INFO Allocated shareable buffer 0x7f31c1800000 size 6291456 ipcDesc 0x7f31dc00bd80
proj186:3271908:3271986 [0] NCCL INFO proxyProgressAsync opId=0x7f31ce278b40 op.type=3 op.reqBuff=0x7f31dc0196e0 op.respSize=80 done
proj186:3271908:3271948 [0] NCCL INFO ncclPollProxyResponse Received new opId=0x7f31ce278b40
proj186:3271911:3271983 [3] NCCL INFO transport/p2p.cc:204 Cuda Alloc Size 6291456 pointer 0x7ff1b8000000
proj186:3271908:3271948 [0] NCCL INFO recvOpId=0x7f31ce278b40 matches expected opId=0x7f31ce278b40
proj186:3271908:3271986 [0] NCCL INFO Received and initiated operation=Setup res=0
proj186:3271908:3271948 [0] NCCL INFO Channel 09/0 : 0[0] -> 1[1] via P2P/IPC/read
proj186:3271908:3271986 [0] NCCL INFO New proxy send connection 25 from local rank 0, transport 0
proj186:3271908:3271986 [0] NCCL INFO proxyProgressAsync opId=0x7f31ce278b40 op.type=1 op.reqBuff=0x7f31dc0196e0 op.respSize=16 done
proj186:3271908:3271948 [0] NCCL INFO ncclPollProxyResponse Received new opId=0x7f31ce278b40
proj186:3271911:3271983 [3] NCCL INFO Allocated shareable buffer 0x7ff1b8000000 size 6291456 ipcDesc 0x7ff1c400be10
proj186:3271911:3271983 [3] NCCL INFO proxyProgressAsync opId=0x7ff1ce278b40 op.type=3 op.reqBuff=0x7ff1c401a390 op.respSize=80 done
proj186:3271908:3271948 [0] NCCL INFO recvOpId=0x7f31ce278b40 matches expected opId=0x7f31ce278b40
proj186:3271908:3271986 [0] NCCL INFO Received and initiated operation=Init res=0
proj186:3271908:3271948 [0] NCCL INFO Connection to proxy localRank 0 -> connection 0x7f31dc0039b0
proj186:3271911:3271950 [3] NCCL INFO ncclPollProxyResponse Received new opId=0x7ff1ce278b40
proj186:3271911:3271950 [3] NCCL INFO recvOpId=0x7ff1ce278b40 matches expected opId=0x7ff1ce278b40
proj186:3271911:3271983 [3] NCCL INFO Received and initiated operation=Setup res=0
proj186:3271911:3271950 [3] NCCL INFO Channel 10/0 : 3[3] -> 0[0] via P2P/IPC/read
proj186:3271911:3271983 [3] NCCL INFO New proxy send connection 26 from local rank 3, transport 0
proj186:3271911:3271983 [3] NCCL INFO proxyProgressAsync opId=0x7ff1ce278b40 op.type=1 op.reqBuff=0x7ff1c401a390 op.respSize=16 done
proj186:3271911:3271950 [3] NCCL INFO ncclPollProxyResponse Received new opId=0x7ff1ce278b40
proj186:3271911:3271950 [3] NCCL INFO recvOpId=0x7ff1ce278b40 matches expected opId=0x7ff1ce278b40
proj186:3271911:3271950 [3] NCCL INFO Connection to proxy localRank 3 -> connection 0x7ff1c4003970
proj186:3271911:3271983 [3] NCCL INFO Received and initiated operation=Init res=0
proj186:3271909:3271985 [1] NCCL INFO transport/p2p.cc:204 Cuda Alloc Size 6291456 pointer 0x7f9c38000000
proj186:3271910:3271984 [2] NCCL INFO transport/p2p.cc:204 Cuda Alloc Size 6291456 pointer 0x7efb5c600000
proj186:3271909:3271985 [1] NCCL INFO Allocated shareable buffer 0x7f9c38000000 size 6291456 ipcDesc 0x7f9c4400be10
proj186:3271909:3271985 [1] NCCL INFO proxyProgressAsync opId=0x7f9c4e278b40 op.type=3 op.reqBuff=0x7f9c4401a390 op.respSize=80 done
proj186:3271909:3271951 [1] NCCL INFO ncclPollProxyResponse Received new opId=0x7f9c4e278b40
proj186:3271909:3271951 [1] NCCL INFO recvOpId=0x7f9c4e278b40 matches expected opId=0x7f9c4e278b40
proj186:3271909:3271985 [1] NCCL INFO Received and initiated operation=Setup res=0
proj186:3271909:3271951 [1] NCCL INFO Channel 10/0 : 1[1] -> 2[2] via P2P/IPC/read
proj186:3271910:3271984 [2] NCCL INFO Allocated shareable buffer 0x7efb5c600000 size 6291456 ipcDesc 0x7efb6800be10
proj186:3271910:3271984 [2] NCCL INFO proxyProgressAsync opId=0x7efb72278460 op.type=3 op.reqBuff=0x7efb6801b360 op.respSize=80 done
proj186:3271910:3271949 [2] NCCL INFO ncclPollProxyResponse Received new opId=0x7efb72278460
proj186:3271909:3271985 [1] NCCL INFO New proxy send connection 26 from local rank 1, transport 0
proj186:3271909:3271985 [1] NCCL INFO proxyProgressAsync opId=0x7f9c4e278b40 op.type=1 op.reqBuff=0x7f9c4401a390 op.respSize=16 done
proj186:3271910:3271949 [2] NCCL INFO recvOpId=0x7efb72278460 matches expected opId=0x7efb72278460
proj186:3271909:3271951 [1] NCCL INFO ncclPollProxyResponse Received new opId=0x7f9c4e278b40
proj186:3271910:3271984 [2] NCCL INFO Received and initiated operation=Setup res=0
proj186:3271910:3271949 [2] NCCL INFO Channel 11/0 : 2[2] -> 3[3] via P2P/IPC/read
proj186:3271909:3271951 [1] NCCL INFO recvOpId=0x7f9c4e278b40 matches expected opId=0x7f9c4e278b40
proj186:3271909:3271985 [1] NCCL INFO Received and initiated operation=Init res=0
proj186:3271909:3271951 [1] NCCL INFO Connection to proxy localRank 1 -> connection 0x7f9c44003970
proj186:3271910:3271984 [2] NCCL INFO New proxy send connection 27 from local rank 2, transport 0
proj186:3271910:3271984 [2] NCCL INFO proxyProgressAsync opId=0x7efb72278460 op.type=1 op.reqBuff=0x7efb6801b360 op.respSize=16 done
proj186:3271910:3271949 [2] NCCL INFO ncclPollProxyResponse Received new opId=0x7efb72278460
proj186:3271910:3271984 [2] NCCL INFO Received and initiated operation=Init res=0
proj186:3271910:3271949 [2] NCCL INFO recvOpId=0x7efb72278460 matches expected opId=0x7efb72278460
proj186:3271910:3271949 [2] NCCL INFO Connection to proxy localRank 2 -> connection 0x7efb680039c0
proj186:3271908:3271986 [0] NCCL INFO transport/p2p.cc:204 Cuda Alloc Size 6291456 pointer 0x7f31be000000
proj186:3271911:3271983 [3] NCCL INFO transport/p2p.cc:204 Cuda Alloc Size 6291456 pointer 0x7ff1b8600000
proj186:3271908:3271986 [0] NCCL INFO Allocated shareable buffer 0x7f31be000000 size 6291456 ipcDesc 0x7f31dc00bd80
proj186:3271908:3271986 [0] NCCL INFO proxyProgressAsync opId=0x7f31ce278b40 op.type=3 op.reqBuff=0x7f31dc01a300 op.respSize=80 done
proj186:3271908:3271948 [0] NCCL INFO ncclPollProxyResponse Received new opId=0x7f31ce278b40
proj186:3271908:3271948 [0] NCCL INFO recvOpId=0x7f31ce278b40 matches expected opId=0x7f31ce278b40
proj186:3271908:3271986 [0] NCCL INFO Received and initiated operation=Setup res=0
proj186:3271908:3271948 [0] NCCL INFO Channel 10/0 : 0[0] -> 1[1] via P2P/IPC/read
proj186:3271911:3271983 [3] NCCL INFO Allocated shareable buffer 0x7ff1b8600000 size 6291456 ipcDesc 0x7ff1c400be10
proj186:3271911:3271983 [3] NCCL INFO proxyProgressAsync opId=0x7ff1ce278b40 op.type=3 op.reqBuff=0x7ff1c401b360 op.respSize=80 done
proj186:3271911:3271950 [3] NCCL INFO ncclPollProxyResponse Received new opId=0x7ff1ce278b40
proj186:3271908:3271986 [0] NCCL INFO New proxy send connection 26 from local rank 0, transport 0
proj186:3271908:3271986 [0] NCCL INFO proxyProgressAsync opId=0x7f31ce278b40 op.type=1 op.reqBuff=0x7f31dc01a300 op.respSize=16 done
proj186:3271911:3271950 [3] NCCL INFO recvOpId=0x7ff1ce278b40 matches expected opId=0x7ff1ce278b40
proj186:3271911:3271983 [3] NCCL INFO Received and initiated operation=Setup res=0
proj186:3271911:3271950 [3] NCCL INFO Channel 11/0 : 3[3] -> 0[0] via P2P/IPC/read
proj186:3271908:3271948 [0] NCCL INFO ncclPollProxyResponse Received new opId=0x7f31ce278b40
proj186:3271908:3271948 [0] NCCL INFO recvOpId=0x7f31ce278b40 matches expected opId=0x7f31ce278b40
proj186:3271908:3271948 [0] NCCL INFO Connection to proxy localRank 0 -> connection 0x7f31dc003a00
proj186:3271908:3271986 [0] NCCL INFO Received and initiated operation=Init res=0
proj186:3271911:3271983 [3] NCCL INFO New proxy send connection 27 from local rank 3, transport 0
proj186:3271911:3271983 [3] NCCL INFO proxyProgressAsync opId=0x7ff1ce278b40 op.type=1 op.reqBuff=0x7ff1c401b360 op.respSize=16 done
proj186:3271911:3271950 [3] NCCL INFO ncclPollProxyResponse Received new opId=0x7ff1ce278b40
proj186:3271911:3271950 [3] NCCL INFO recvOpId=0x7ff1ce278b40 matches expected opId=0x7ff1ce278b40
proj186:3271911:3271983 [3] NCCL INFO Received and initiated operation=Init res=0
proj186:3271911:3271950 [3] NCCL INFO Connection to proxy localRank 3 -> connection 0x7ff1c40039c0
proj186:3271909:3271985 [1] NCCL INFO transport/p2p.cc:204 Cuda Alloc Size 6291456 pointer 0x7f9c38600000
proj186:3271910:3271984 [2] NCCL INFO transport/p2p.cc:204 Cuda Alloc Size 6291456 pointer 0x7efb5cc00000
proj186:3271909:3271985 [1] NCCL INFO Allocated shareable buffer 0x7f9c38600000 size 6291456 ipcDesc 0x7f9c4400be10
proj186:3271909:3271985 [1] NCCL INFO proxyProgressAsync opId=0x7f9c4e278b40 op.type=3 op.reqBuff=0x7f9c4401b360 op.respSize=80 done
proj186:3271909:3271951 [1] NCCL INFO ncclPollProxyResponse Received new opId=0x7f9c4e278b40
proj186:3271909:3271951 [1] NCCL INFO recvOpId=0x7f9c4e278b40 matches expected opId=0x7f9c4e278b40
proj186:3271909:3271985 [1] NCCL INFO Received and initiated operation=Setup res=0
proj186:3271909:3271951 [1] NCCL INFO Channel 11/0 : 1[1] -> 2[2] via P2P/IPC/read
proj186:3271910:3271984 [2] NCCL INFO Allocated shareable buffer 0x7efb5cc00000 size 6291456 ipcDesc 0x7efb6800be10
proj186:3271910:3271984 [2] NCCL INFO proxyProgressAsync opId=0x7efb72278460 op.type=3 op.reqBuff=0x7efb6801bf80 op.respSize=80 done
proj186:3271910:3271949 [2] NCCL INFO ncclPollProxyResponse Received new opId=0x7efb72278460
proj186:3271909:3271985 [1] NCCL INFO New proxy send connection 27 from local rank 1, transport 0
proj186:3271909:3271985 [1] NCCL INFO proxyProgressAsync opId=0x7f9c4e278b40 op.type=1 op.reqBuff=0x7f9c4401b360 op.respSize=16 done
proj186:3271910:3271949 [2] NCCL INFO recvOpId=0x7efb72278460 matches expected opId=0x7efb72278460
proj186:3271909:3271951 [1] NCCL INFO ncclPollProxyResponse Received new opId=0x7f9c4e278b40
proj186:3271910:3271984 [2] NCCL INFO Received and initiated operation=Setup res=0
proj186:3271910:3271949 [2] NCCL INFO Channel 12/0 : 2[2] -> 3[3] via P2P/IPC/read
proj186:3271909:3271951 [1] NCCL INFO recvOpId=0x7f9c4e278b40 matches expected opId=0x7f9c4e278b40
proj186:3271909:3271985 [1] NCCL INFO Received and initiated operation=Init res=0
proj186:3271909:3271951 [1] NCCL INFO Connection to proxy localRank 1 -> connection 0x7f9c440039c0
proj186:3271910:3271984 [2] NCCL INFO New proxy send connection 28 from local rank 2, transport 0
proj186:3271910:3271984 [2] NCCL INFO proxyProgressAsync opId=0x7efb72278460 op.type=1 op.reqBuff=0x7efb6801bf80 op.respSize=16 done
proj186:3271910:3271949 [2] NCCL INFO ncclPollProxyResponse Received new opId=0x7efb72278460
proj186:3271910:3271949 [2] NCCL INFO recvOpId=0x7efb72278460 matches expected opId=0x7efb72278460
proj186:3271910:3271984 [2] NCCL INFO Received and initiated operation=Init res=0
proj186:3271910:3271949 [2] NCCL INFO Connection to proxy localRank 2 -> connection 0x7efb68003a10
proj186:3271908:3271986 [0] NCCL INFO transport/p2p.cc:204 Cuda Alloc Size 6291456 pointer 0x7f31be600000
proj186:3271911:3271983 [3] NCCL INFO transport/p2p.cc:204 Cuda Alloc Size 6291456 pointer 0x7ff1b8c00000
proj186:3271908:3271986 [0] NCCL INFO Allocated shareable buffer 0x7f31be600000 size 6291456 ipcDesc 0x7f31dc00bd80
proj186:3271908:3271986 [0] NCCL INFO proxyProgressAsync opId=0x7f31ce278b40 op.type=3 op.reqBuff=0x7f31dc01b2d0 op.respSize=80 done
proj186:3271908:3271948 [0] NCCL INFO ncclPollProxyResponse Received new opId=0x7f31ce278b40
proj186:3271908:3271948 [0] NCCL INFO recvOpId=0x7f31ce278b40 matches expected opId=0x7f31ce278b40
proj186:3271908:3271948 [0] NCCL INFO Channel 11/0 : 0[0] -> 1[1] via P2P/IPC/read
proj186:3271908:3271986 [0] NCCL INFO Received and initiated operation=Setup res=0
proj186:3271911:3271983 [3] NCCL INFO Allocated shareable buffer 0x7ff1b8c00000 size 6291456 ipcDesc 0x7ff1c400be10
proj186:3271911:3271983 [3] NCCL INFO proxyProgressAsync opId=0x7ff1ce278b40 op.type=3 op.reqBuff=0x7ff1c401bf80 op.respSize=80 done
proj186:3271911:3271950 [3] NCCL INFO ncclPollProxyResponse Received new opId=0x7ff1ce278b40
proj186:3271908:3271986 [0] NCCL INFO New proxy send connection 27 from local rank 0, transport 0
proj186:3271908:3271986 [0] NCCL INFO proxyProgressAsync opId=0x7f31ce278b40 op.type=1 op.reqBuff=0x7f31dc01b2d0 op.respSize=16 done
proj186:3271911:3271950 [3] NCCL INFO recvOpId=0x7ff1ce278b40 matches expected opId=0x7ff1ce278b40
proj186:3271911:3271983 [3] NCCL INFO Received and initiated operation=Setup res=0
proj186:3271911:3271950 [3] NCCL INFO Channel 12/0 : 3[3] -> 0[0] via P2P/IPC/read
proj186:3271908:3271948 [0] NCCL INFO ncclPollProxyResponse Received new opId=0x7f31ce278b40
proj186:3271908:3271948 [0] NCCL INFO recvOpId=0x7f31ce278b40 matches expected opId=0x7f31ce278b40
proj186:3271908:3271948 [0] NCCL INFO Connection to proxy localRank 0 -> connection 0x7f31dc003a50
proj186:3271908:3271986 [0] NCCL INFO Received and initiated operation=Init res=0
proj186:3271911:3271983 [3] NCCL INFO New proxy send connection 28 from local rank 3, transport 0
proj186:3271911:3271983 [3] NCCL INFO proxyProgressAsync opId=0x7ff1ce278b40 op.type=1 op.reqBuff=0x7ff1c401bf80 op.respSize=16 done
proj186:3271911:3271950 [3] NCCL INFO ncclPollProxyResponse Received new opId=0x7ff1ce278b40
proj186:3271911:3271950 [3] NCCL INFO recvOpId=0x7ff1ce278b40 matches expected opId=0x7ff1ce278b40
proj186:3271911:3271950 [3] NCCL INFO Connection to proxy localRank 3 -> connection 0x7ff1c4003a10
proj186:3271909:3271985 [1] NCCL INFO transport/p2p.cc:204 Cuda Alloc Size 6291456 pointer 0x7f9c38c00000
proj186:3271911:3271983 [3] NCCL INFO Received and initiated operation=Init res=0
proj186:3271909:3271985 [1] NCCL INFO Allocated shareable buffer 0x7f9c38c00000 size 6291456 ipcDesc 0x7f9c4400be10
proj186:3271909:3271985 [1] NCCL INFO proxyProgressAsync opId=0x7f9c4e278b40 op.type=3 op.reqBuff=0x7f9c4401bf80 op.respSize=80 done
proj186:3271909:3271951 [1] NCCL INFO ncclPollProxyResponse Received new opId=0x7f9c4e278b40
proj186:3271909:3271951 [1] NCCL INFO recvOpId=0x7f9c4e278b40 matches expected opId=0x7f9c4e278b40
proj186:3271909:3271985 [1] NCCL INFO Received and initiated operation=Setup res=0
proj186:3271909:3271951 [1] NCCL INFO Channel 12/0 : 1[1] -> 2[2] via P2P/IPC/read
proj186:3271909:3271985 [1] NCCL INFO New proxy send connection 28 from local rank 1, transport 0
proj186:3271909:3271985 [1] NCCL INFO proxyProgressAsync opId=0x7f9c4e278b40 op.type=1 op.reqBuff=0x7f9c4401bf80 op.respSize=16 done
proj186:3271909:3271951 [1] NCCL INFO ncclPollProxyResponse Received new opId=0x7f9c4e278b40
proj186:3271909:3271985 [1] NCCL INFO Received and initiated operation=Init res=0
proj186:3271909:3271951 [1] NCCL INFO recvOpId=0x7f9c4e278b40 matches expected opId=0x7f9c4e278b40
proj186:3271909:3271951 [1] NCCL INFO Connection to proxy localRank 1 -> connection 0x7f9c44003a10
proj186:3271911:3271983 [3] NCCL INFO transport/p2p.cc:204 Cuda Alloc Size 6291456 pointer 0x7ff1b9200000
proj186:3271911:3271983 [3] NCCL INFO Allocated shareable buffer 0x7ff1b9200000 size 6291456 ipcDesc 0x7ff1c400be10
proj186:3271911:3271983 [3] NCCL INFO proxyProgressAsync opId=0x7ff1ce278b40 op.type=3 op.reqBuff=0x7ff1c401cba0 op.respSize=80 done
proj186:3271911:3271950 [3] NCCL INFO ncclPollProxyResponse Received new opId=0x7ff1ce278b40
proj186:3271911:3271983 [3] NCCL INFO Received and initiated operation=Setup res=0
proj186:3271911:3271950 [3] NCCL INFO recvOpId=0x7ff1ce278b40 matches expected opId=0x7ff1ce278b40
proj186:3271911:3271950 [3] NCCL INFO Channel 13/0 : 3[3] -> 0[0] via P2P/IPC/read
proj186:3271909:3271985 [1] NCCL INFO transport/p2p.cc:204 Cuda Alloc Size 6291456 pointer 0x7f9c39200000
proj186:3271911:3271983 [3] NCCL INFO New proxy send connection 29 from local rank 3, transport 0
proj186:3271911:3271983 [3] NCCL INFO proxyProgressAsync opId=0x7ff1ce278b40 op.type=1 op.reqBuff=0x7ff1c401cba0 op.respSize=16 done
proj186:3271909:3271985 [1] NCCL INFO Allocated shareable buffer 0x7f9c39200000 size 6291456 ipcDesc 0x7f9c4400be10
proj186:3271909:3271985 [1] NCCL INFO proxyProgressAsync opId=0x7f9c4e278b40 op.type=3 op.reqBuff=0x7f9c4401cba0 op.respSize=80 done
proj186:3271911:3271950 [3] NCCL INFO ncclPollProxyResponse Received new opId=0x7ff1ce278b40
proj186:3271911:3271950 [3] NCCL INFO recvOpId=0x7ff1ce278b40 matches expected opId=0x7ff1ce278b40
proj186:3271911:3271950 [3] NCCL INFO Connection to proxy localRank 3 -> connection 0x7ff1c4003a60
proj186:3271909:3271951 [1] NCCL INFO ncclPollProxyResponse Received new opId=0x7f9c4e278b40
proj186:3271911:3271983 [3] NCCL INFO Received and initiated operation=Init res=0
proj186:3271909:3271951 [1] NCCL INFO recvOpId=0x7f9c4e278b40 matches expected opId=0x7f9c4e278b40
proj186:3271909:3271951 [1] NCCL INFO Channel 13/0 : 1[1] -> 2[2] via P2P/IPC/read
proj186:3271909:3271985 [1] NCCL INFO Received and initiated operation=Setup res=0
proj186:3271909:3271985 [1] NCCL INFO New proxy send connection 29 from local rank 1, transport 0
proj186:3271909:3271985 [1] NCCL INFO proxyProgressAsync opId=0x7f9c4e278b40 op.type=1 op.reqBuff=0x7f9c4401cba0 op.respSize=16 done
proj186:3271909:3271951 [1] NCCL INFO ncclPollProxyResponse Received new opId=0x7f9c4e278b40
proj186:3271909:3271951 [1] NCCL INFO recvOpId=0x7f9c4e278b40 matches expected opId=0x7f9c4e278b40
proj186:3271909:3271951 [1] NCCL INFO Connection to proxy localRank 1 -> connection 0x7f9c44003a60
proj186:3271909:3271985 [1] NCCL INFO Received and initiated operation=Init res=0
proj186:3271910:3271984 [2] NCCL INFO transport/p2p.cc:204 Cuda Alloc Size 6291456 pointer 0x7efb5d200000
proj186:3271910:3271984 [2] NCCL INFO Allocated shareable buffer 0x7efb5d200000 size 6291456 ipcDesc 0x7efb6800be10
proj186:3271908:3271986 [0] NCCL INFO transport/p2p.cc:204 Cuda Alloc Size 6291456 pointer 0x7f31bec00000
proj186:3271910:3271984 [2] NCCL INFO proxyProgressAsync opId=0x7efb72278460 op.type=3 op.reqBuff=0x7efb6801cba0 op.respSize=80 done
proj186:3271908:3271986 [0] NCCL INFO Allocated shareable buffer 0x7f31bec00000 size 6291456 ipcDesc 0x7f31dc00bd80
proj186:3271908:3271986 [0] NCCL INFO proxyProgressAsync opId=0x7f31ce278b40 op.type=3 op.reqBuff=0x7f31dc01bef0 op.respSize=80 done
proj186:3271910:3271949 [2] NCCL INFO ncclPollProxyResponse Received new opId=0x7efb72278460
proj186:3271910:3271949 [2] NCCL INFO recvOpId=0x7efb72278460 matches expected opId=0x7efb72278460
proj186:3271908:3271948 [0] NCCL INFO ncclPollProxyResponse Received new opId=0x7f31ce278b40
proj186:3271910:3271949 [2] NCCL INFO Channel 13/0 : 2[2] -> 3[3] via P2P/IPC/read
proj186:3271911:3271983 [3] NCCL INFO transport/p2p.cc:204 Cuda Alloc Size 6291456 pointer 0x7ff1b9800000
proj186:3271908:3271948 [0] NCCL INFO recvOpId=0x7f31ce278b40 matches expected opId=0x7f31ce278b40
proj186:3271910:3271984 [2] NCCL INFO Received and initiated operation=Setup res=0
proj186:3271908:3271986 [0] NCCL INFO Received and initiated operation=Setup res=0
proj186:3271908:3271948 [0] NCCL INFO Channel 12/0 : 0[0] -> 1[1] via P2P/IPC/read
proj186:3271911:3271983 [3] NCCL INFO Allocated shareable buffer 0x7ff1b9800000 size 6291456 ipcDesc 0x7ff1c400be10
proj186:3271908:3271986 [0] NCCL INFO New proxy send connection 28 from local rank 0, transport 0
proj186:3271910:3271984 [2] NCCL INFO New proxy send connection 29 from local rank 2, transport 0
proj186:3271911:3271983 [3] NCCL INFO proxyProgressAsync opId=0x7ff1ce278b40 op.type=3 op.reqBuff=0x7ff1c401d7c0 op.respSize=80 done
proj186:3271908:3271986 [0] NCCL INFO proxyProgressAsync opId=0x7f31ce278b40 op.type=1 op.reqBuff=0x7f31dc01bef0 op.respSize=16 done
proj186:3271910:3271984 [2] NCCL INFO proxyProgressAsync opId=0x7efb72278460 op.type=1 op.reqBuff=0x7efb6801cba0 op.respSize=16 done
proj186:3271908:3271948 [0] NCCL INFO ncclPollProxyResponse Received new opId=0x7f31ce278b40
proj186:3271910:3271949 [2] NCCL INFO ncclPollProxyResponse Received new opId=0x7efb72278460
proj186:3271908:3271948 [0] NCCL INFO recvOpId=0x7f31ce278b40 matches expected opId=0x7f31ce278b40
proj186:3271908:3271986 [0] NCCL INFO Received and initiated operation=Init res=0
proj186:3271908:3271948 [0] NCCL INFO Connection to proxy localRank 0 -> connection 0x7f31dc003aa0
proj186:3271911:3271950 [3] NCCL INFO ncclPollProxyResponse Received new opId=0x7ff1ce278b40
proj186:3271910:3271949 [2] NCCL INFO recvOpId=0x7efb72278460 matches expected opId=0x7efb72278460
proj186:3271910:3271949 [2] NCCL INFO Connection to proxy localRank 2 -> connection 0x7efb68003a60
proj186:3271910:3271984 [2] NCCL INFO Received and initiated operation=Init res=0
proj186:3271911:3271950 [3] NCCL INFO recvOpId=0x7ff1ce278b40 matches expected opId=0x7ff1ce278b40
