proj186:3271911:3271950 [3] NCCL INFO Channel 14/0 : 3[3] -> 0[0] via P2P/IPC/read
proj186:3271911:3271983 [3] NCCL INFO Received and initiated operation=Setup res=0
proj186:3271909:3271985 [1] NCCL INFO transport/p2p.cc:204 Cuda Alloc Size 6291456 pointer 0x7f9c39800000
proj186:3271911:3271983 [3] NCCL INFO New proxy send connection 30 from local rank 3, transport 0
proj186:3271911:3271983 [3] NCCL INFO proxyProgressAsync opId=0x7ff1ce278b40 op.type=1 op.reqBuff=0x7ff1c401d7c0 op.respSize=16 done
proj186:3271911:3271950 [3] NCCL INFO ncclPollProxyResponse Received new opId=0x7ff1ce278b40
proj186:3271909:3271985 [1] NCCL INFO Allocated shareable buffer 0x7f9c39800000 size 6291456 ipcDesc 0x7f9c4400be10
proj186:3271909:3271985 [1] NCCL INFO proxyProgressAsync opId=0x7f9c4e278b40 op.type=3 op.reqBuff=0x7f9c4401d7c0 op.respSize=80 done
proj186:3271911:3271950 [3] NCCL INFO recvOpId=0x7ff1ce278b40 matches expected opId=0x7ff1ce278b40
proj186:3271911:3271950 [3] NCCL INFO Connection to proxy localRank 3 -> connection 0x7ff1c4003ab0
proj186:3271911:3271983 [3] NCCL INFO Received and initiated operation=Init res=0
proj186:3271909:3271951 [1] NCCL INFO ncclPollProxyResponse Received new opId=0x7f9c4e278b40
proj186:3271909:3271951 [1] NCCL INFO recvOpId=0x7f9c4e278b40 matches expected opId=0x7f9c4e278b40
proj186:3271909:3271951 [1] NCCL INFO Channel 14/0 : 1[1] -> 2[2] via P2P/IPC/read
proj186:3271909:3271985 [1] NCCL INFO Received and initiated operation=Setup res=0
proj186:3271909:3271985 [1] NCCL INFO New proxy send connection 30 from local rank 1, transport 0
proj186:3271909:3271985 [1] NCCL INFO proxyProgressAsync opId=0x7f9c4e278b40 op.type=1 op.reqBuff=0x7f9c4401d7c0 op.respSize=16 done
proj186:3271909:3271951 [1] NCCL INFO ncclPollProxyResponse Received new opId=0x7f9c4e278b40
proj186:3271909:3271951 [1] NCCL INFO recvOpId=0x7f9c4e278b40 matches expected opId=0x7f9c4e278b40
proj186:3271909:3271951 [1] NCCL INFO Connection to proxy localRank 1 -> connection 0x7f9c44003ab0
proj186:3271909:3271985 [1] NCCL INFO Received and initiated operation=Init res=0
proj186:3271908:3271986 [0] NCCL INFO transport/p2p.cc:204 Cuda Alloc Size 6291456 pointer 0x7f31bf200000
proj186:3271908:3271986 [0] NCCL INFO Allocated shareable buffer 0x7f31bf200000 size 6291456 ipcDesc 0x7f31dc00bd80
proj186:3271908:3271986 [0] NCCL INFO proxyProgressAsync opId=0x7f31ce278b40 op.type=3 op.reqBuff=0x7f31dc01cb10 op.respSize=80 done
proj186:3271910:3271984 [2] NCCL INFO transport/p2p.cc:204 Cuda Alloc Size 6291456 pointer 0x7efb5d800000
proj186:3271908:3271948 [0] NCCL INFO ncclPollProxyResponse Received new opId=0x7f31ce278b40
proj186:3271908:3271986 [0] NCCL INFO Received and initiated operation=Setup res=0
proj186:3271908:3271948 [0] NCCL INFO recvOpId=0x7f31ce278b40 matches expected opId=0x7f31ce278b40
proj186:3271908:3271948 [0] NCCL INFO Channel 13/0 : 0[0] -> 1[1] via P2P/IPC/read
proj186:3271908:3271986 [0] NCCL INFO New proxy send connection 29 from local rank 0, transport 0
proj186:3271908:3271986 [0] NCCL INFO proxyProgressAsync opId=0x7f31ce278b40 op.type=1 op.reqBuff=0x7f31dc01cb10 op.respSize=16 done
proj186:3271908:3271948 [0] NCCL INFO ncclPollProxyResponse Received new opId=0x7f31ce278b40
proj186:3271910:3271984 [2] NCCL INFO Allocated shareable buffer 0x7efb5d800000 size 6291456 ipcDesc 0x7efb6800be10
proj186:3271910:3271984 [2] NCCL INFO proxyProgressAsync opId=0x7efb72278460 op.type=3 op.reqBuff=0x7efb6801d7c0 op.respSize=80 done
proj186:3271908:3271948 [0] NCCL INFO recvOpId=0x7f31ce278b40 matches expected opId=0x7f31ce278b40
proj186:3271908:3271986 [0] NCCL INFO Received and initiated operation=Init res=0
proj186:3271908:3271948 [0] NCCL INFO Connection to proxy localRank 0 -> connection 0x7f31dc003af0
proj186:3271910:3271949 [2] NCCL INFO ncclPollProxyResponse Received new opId=0x7efb72278460
proj186:3271910:3271949 [2] NCCL INFO recvOpId=0x7efb72278460 matches expected opId=0x7efb72278460
proj186:3271910:3271984 [2] NCCL INFO Received and initiated operation=Setup res=0
proj186:3271910:3271949 [2] NCCL INFO Channel 14/0 : 2[2] -> 3[3] via P2P/IPC/read
proj186:3271911:3271983 [3] NCCL INFO transport/p2p.cc:204 Cuda Alloc Size 6291456 pointer 0x7ff1b6000000
proj186:3271911:3271983 [3] NCCL INFO Allocated shareable buffer 0x7ff1b6000000 size 6291456 ipcDesc 0x7ff1c400be10
proj186:3271911:3271983 [3] NCCL INFO proxyProgressAsync opId=0x7ff1ce278b40 op.type=3 op.reqBuff=0x7ff1c401e3e0 op.respSize=80 done
proj186:3271911:3271950 [3] NCCL INFO ncclPollProxyResponse Received new opId=0x7ff1ce278b40
proj186:3271910:3271984 [2] NCCL INFO New proxy send connection 30 from local rank 2, transport 0
proj186:3271909:3271985 [1] NCCL INFO transport/p2p.cc:204 Cuda Alloc Size 6291456 pointer 0x7f9c36000000
proj186:3271910:3271984 [2] NCCL INFO proxyProgressAsync opId=0x7efb72278460 op.type=1 op.reqBuff=0x7efb6801d7c0 op.respSize=16 done
proj186:3271911:3271950 [3] NCCL INFO recvOpId=0x7ff1ce278b40 matches expected opId=0x7ff1ce278b40
proj186:3271910:3271949 [2] NCCL INFO ncclPollProxyResponse Received new opId=0x7efb72278460
proj186:3271911:3271983 [3] NCCL INFO Received and initiated operation=Setup res=0
proj186:3271911:3271950 [3] NCCL INFO Channel 15/0 : 3[3] -> 0[0] via P2P/IPC/read
proj186:3271910:3271949 [2] NCCL INFO recvOpId=0x7efb72278460 matches expected opId=0x7efb72278460
proj186:3271910:3271984 [2] NCCL INFO Received and initiated operation=Init res=0
proj186:3271910:3271949 [2] NCCL INFO Connection to proxy localRank 2 -> connection 0x7efb68003ab0
proj186:3271909:3271985 [1] NCCL INFO Allocated shareable buffer 0x7f9c36000000 size 6291456 ipcDesc 0x7f9c4400be10
proj186:3271909:3271985 [1] NCCL INFO proxyProgressAsync opId=0x7f9c4e278b40 op.type=3 op.reqBuff=0x7f9c4401e3e0 op.respSize=80 done
proj186:3271911:3271983 [3] NCCL INFO New proxy send connection 31 from local rank 3, transport 0
proj186:3271911:3271983 [3] NCCL INFO proxyProgressAsync opId=0x7ff1ce278b40 op.type=1 op.reqBuff=0x7ff1c401e3e0 op.respSize=16 done
proj186:3271909:3271951 [1] NCCL INFO ncclPollProxyResponse Received new opId=0x7f9c4e278b40
proj186:3271911:3271950 [3] NCCL INFO ncclPollProxyResponse Received new opId=0x7ff1ce278b40
proj186:3271911:3271950 [3] NCCL INFO recvOpId=0x7ff1ce278b40 matches expected opId=0x7ff1ce278b40
proj186:3271911:3271950 [3] NCCL INFO Connection to proxy localRank 3 -> connection 0x7ff1c4003b00
proj186:3271911:3271983 [3] NCCL INFO Received and initiated operation=Init res=0
proj186:3271909:3271951 [1] NCCL INFO recvOpId=0x7f9c4e278b40 matches expected opId=0x7f9c4e278b40
proj186:3271909:3271985 [1] NCCL INFO Received and initiated operation=Setup res=0
proj186:3271909:3271951 [1] NCCL INFO Channel 15/0 : 1[1] -> 2[2] via P2P/IPC/read
proj186:3271909:3271985 [1] NCCL INFO New proxy send connection 31 from local rank 1, transport 0
proj186:3271909:3271985 [1] NCCL INFO proxyProgressAsync opId=0x7f9c4e278b40 op.type=1 op.reqBuff=0x7f9c4401e3e0 op.respSize=16 done
proj186:3271909:3271951 [1] NCCL INFO ncclPollProxyResponse Received new opId=0x7f9c4e278b40
proj186:3271909:3271951 [1] NCCL INFO recvOpId=0x7f9c4e278b40 matches expected opId=0x7f9c4e278b40
proj186:3271909:3271985 [1] NCCL INFO Received and initiated operation=Init res=0
proj186:3271909:3271951 [1] NCCL INFO Connection to proxy localRank 1 -> connection 0x7f9c44003b00
proj186:3271908:3271986 [0] NCCL INFO transport/p2p.cc:204 Cuda Alloc Size 6291456 pointer 0x7f31bf800000
proj186:3271908:3271986 [0] NCCL INFO Allocated shareable buffer 0x7f31bf800000 size 6291456 ipcDesc 0x7f31dc00bd80
proj186:3271908:3271986 [0] NCCL INFO proxyProgressAsync opId=0x7f31ce278b40 op.type=3 op.reqBuff=0x7f31dc01d730 op.respSize=80 done
proj186:3271908:3271948 [0] NCCL INFO ncclPollProxyResponse Received new opId=0x7f31ce278b40
proj186:3271908:3271948 [0] NCCL INFO recvOpId=0x7f31ce278b40 matches expected opId=0x7f31ce278b40
proj186:3271908:3271948 [0] NCCL INFO Channel 14/0 : 0[0] -> 1[1] via P2P/IPC/read
proj186:3271908:3271986 [0] NCCL INFO Received and initiated operation=Setup res=0
proj186:3271908:3271986 [0] NCCL INFO New proxy send connection 30 from local rank 0, transport 0
proj186:3271908:3271986 [0] NCCL INFO proxyProgressAsync opId=0x7f31ce278b40 op.type=1 op.reqBuff=0x7f31dc01d730 op.respSize=16 done
proj186:3271908:3271948 [0] NCCL INFO ncclPollProxyResponse Received new opId=0x7f31ce278b40
proj186:3271908:3271948 [0] NCCL INFO recvOpId=0x7f31ce278b40 matches expected opId=0x7f31ce278b40
proj186:3271908:3271948 [0] NCCL INFO Connection to proxy localRank 0 -> connection 0x7f31dc003b40
proj186:3271908:3271986 [0] NCCL INFO Received and initiated operation=Init res=0
proj186:3271910:3271984 [2] NCCL INFO transport/p2p.cc:204 Cuda Alloc Size 6291456 pointer 0x7efb5a000000
proj186:3271910:3271984 [2] NCCL INFO Allocated shareable buffer 0x7efb5a000000 size 6291456 ipcDesc 0x7efb6800be10
proj186:3271910:3271984 [2] NCCL INFO proxyProgressAsync opId=0x7efb72278460 op.type=3 op.reqBuff=0x7efb6801e3e0 op.respSize=80 done
proj186:3271911:3271983 [3] NCCL INFO transport/p2p.cc:204 Cuda Alloc Size 6291456 pointer 0x7ff1b6600000
proj186:3271910:3271949 [2] NCCL INFO ncclPollProxyResponse Received new opId=0x7efb72278460
proj186:3271910:3271949 [2] NCCL INFO recvOpId=0x7efb72278460 matches expected opId=0x7efb72278460
proj186:3271910:3271984 [2] NCCL INFO Received and initiated operation=Setup res=0
proj186:3271910:3271949 [2] NCCL INFO Channel 15/0 : 2[2] -> 3[3] via P2P/IPC/read
proj186:3271911:3271983 [3] NCCL INFO Allocated shareable buffer 0x7ff1b6600000 size 6291456 ipcDesc 0x7ff1c400be10
proj186:3271911:3271983 [3] NCCL INFO proxyProgressAsync opId=0x7ff1ce278b40 op.type=3 op.reqBuff=0x7ff1c401f3b0 op.respSize=80 done
proj186:3271909:3271985 [1] NCCL INFO transport/p2p.cc:204 Cuda Alloc Size 6291456 pointer 0x7f9c36600000
proj186:3271911:3271950 [3] NCCL INFO ncclPollProxyResponse Received new opId=0x7ff1ce278b40
proj186:3271911:3271950 [3] NCCL INFO recvOpId=0x7ff1ce278b40 matches expected opId=0x7ff1ce278b40
proj186:3271911:3271983 [3] NCCL INFO Received and initiated operation=Setup res=0
proj186:3271910:3271984 [2] NCCL INFO New proxy send connection 31 from local rank 2, transport 0
proj186:3271910:3271984 [2] NCCL INFO proxyProgressAsync opId=0x7efb72278460 op.type=1 op.reqBuff=0x7efb6801e3e0 op.respSize=16 done
proj186:3271909:3271985 [1] NCCL INFO Allocated shareable buffer 0x7f9c36600000 size 6291456 ipcDesc 0x7f9c4400be10
proj186:3271909:3271985 [1] NCCL INFO proxyProgressAsync opId=0x7f9c4e278b40 op.type=3 op.reqBuff=0x7f9c4401f3b0 op.respSize=80 done
proj186:3271910:3271949 [2] NCCL INFO ncclPollProxyResponse Received new opId=0x7efb72278460
proj186:3271910:3271984 [2] NCCL INFO Received and initiated operation=Init res=0
proj186:3271909:3271951 [1] NCCL INFO ncclPollProxyResponse Received new opId=0x7f9c4e278b40
proj186:3271910:3271949 [2] NCCL INFO recvOpId=0x7efb72278460 matches expected opId=0x7efb72278460
proj186:3271910:3271949 [2] NCCL INFO Connection to proxy localRank 2 -> connection 0x7efb68003b00
proj186:3271909:3271951 [1] NCCL INFO recvOpId=0x7f9c4e278b40 matches expected opId=0x7f9c4e278b40
proj186:3271909:3271985 [1] NCCL INFO Received and initiated operation=Setup res=0
proj186:3271908:3271986 [0] NCCL INFO transport/p2p.cc:204 Cuda Alloc Size 6291456 pointer 0x7f31bc000000
proj186:3271908:3271986 [0] NCCL INFO Allocated shareable buffer 0x7f31bc000000 size 6291456 ipcDesc 0x7f31dc00bd80
proj186:3271908:3271986 [0] NCCL INFO proxyProgressAsync opId=0x7f31ce278b40 op.type=3 op.reqBuff=0x7f31dc01e350 op.respSize=80 done
proj186:3271908:3271948 [0] NCCL INFO ncclPollProxyResponse Received new opId=0x7f31ce278b40
proj186:3271908:3271948 [0] NCCL INFO recvOpId=0x7f31ce278b40 matches expected opId=0x7f31ce278b40
proj186:3271908:3271948 [0] NCCL INFO Channel 15/0 : 0[0] -> 1[1] via P2P/IPC/read
proj186:3271908:3271986 [0] NCCL INFO Received and initiated operation=Setup res=0
proj186:3271908:3271986 [0] NCCL INFO New proxy send connection 31 from local rank 0, transport 0
proj186:3271908:3271986 [0] NCCL INFO proxyProgressAsync opId=0x7f31ce278b40 op.type=1 op.reqBuff=0x7f31dc01e350 op.respSize=16 done
proj186:3271908:3271948 [0] NCCL INFO ncclPollProxyResponse Received new opId=0x7f31ce278b40
proj186:3271908:3271948 [0] NCCL INFO recvOpId=0x7f31ce278b40 matches expected opId=0x7f31ce278b40
proj186:3271908:3271948 [0] NCCL INFO Connection to proxy localRank 0 -> connection 0x7f31dc003b90
proj186:3271910:3271984 [2] NCCL INFO transport/p2p.cc:204 Cuda Alloc Size 6291456 pointer 0x7efb5a600000
proj186:3271908:3271986 [0] NCCL INFO Received and initiated operation=Init res=0
proj186:3271910:3271984 [2] NCCL INFO Allocated shareable buffer 0x7efb5a600000 size 6291456 ipcDesc 0x7efb6800be10
proj186:3271910:3271984 [2] NCCL INFO proxyProgressAsync opId=0x7efb72278460 op.type=3 op.reqBuff=0x7efb6801f3b0 op.respSize=80 done
proj186:3271910:3271949 [2] NCCL INFO ncclPollProxyResponse Received new opId=0x7efb72278460
proj186:3271910:3271949 [2] NCCL INFO recvOpId=0x7efb72278460 matches expected opId=0x7efb72278460
proj186:3271910:3271984 [2] NCCL INFO Received and initiated operation=Setup res=0
proj186:3271908:3271986 [0] NCCL INFO transport/p2p.cc:204 Cuda Alloc Size 6291456 pointer 0x7f31bc600000
proj186:3271908:3271986 [0] NCCL INFO Allocated shareable buffer 0x7f31bc600000 size 6291456 ipcDesc 0x7f31dc00bd80
proj186:3271908:3271986 [0] NCCL INFO proxyProgressAsync opId=0x7f31ce278b40 op.type=3 op.reqBuff=0x7f31dc01f320 op.respSize=80 done
proj186:3271910:3271949 [2] NCCL INFO Imported shareable buffer device 2 size 6291456 ptr 0x7efb5ac00000
proj186:3271908:3271948 [0] NCCL INFO ncclPollProxyResponse Received new opId=0x7f31ce278b40
proj186:3271908:3271948 [0] NCCL INFO recvOpId=0x7f31ce278b40 matches expected opId=0x7f31ce278b40
proj186:3271908:3271986 [0] NCCL INFO Received and initiated operation=Setup res=0
proj186:3271910:3271949 [2] NCCL INFO Imported shareable buffer device 2 size 6291456 ptr 0x7efb5b200000
proj186:3271910:3271949 [2] NCCL INFO Imported shareable buffer device 2 size 6291456 ptr 0x7efb5b800000
proj186:3271911:3271950 [3] NCCL INFO Imported shareable buffer device 3 size 6291456 ptr 0x7ff1b6c00000
proj186:3271909:3271951 [1] NCCL INFO Imported shareable buffer device 1 size 6291456 ptr 0x7f9c36c00000
proj186:3271908:3271948 [0] NCCL INFO Imported shareable buffer device 0 size 6291456 ptr 0x7f31bcc00000
proj186:3271910:3271949 [2] NCCL INFO Imported shareable buffer device 2 size 6291456 ptr 0x7efb58000000
proj186:3271911:3271950 [3] NCCL INFO Imported shareable buffer device 3 size 6291456 ptr 0x7ff1b7200000
proj186:3271909:3271951 [1] NCCL INFO Imported shareable buffer device 1 size 6291456 ptr 0x7f9c37200000
proj186:3271908:3271948 [0] NCCL INFO Imported shareable buffer device 0 size 6291456 ptr 0x7f31bd200000
proj186:3271910:3271949 [2] NCCL INFO Imported shareable buffer device 2 size 6291456 ptr 0x7efb58600000
proj186:3271911:3271950 [3] NCCL INFO Imported shareable buffer device 3 size 6291456 ptr 0x7ff1b7800000
proj186:3271909:3271951 [1] NCCL INFO Imported shareable buffer device 1 size 6291456 ptr 0x7f9c37800000
proj186:3271910:3271949 [2] NCCL INFO Imported shareable buffer device 2 size 6291456 ptr 0x7efb58c00000
proj186:3271908:3271948 [0] NCCL INFO Imported shareable buffer device 0 size 6291456 ptr 0x7f31bd800000
proj186:3271911:3271950 [3] NCCL INFO Imported shareable buffer device 3 size 6291456 ptr 0x7ff1b4000000
proj186:3271909:3271951 [1] NCCL INFO Imported shareable buffer device 1 size 6291456 ptr 0x7f9c34000000
proj186:3271910:3271949 [2] NCCL INFO Imported shareable buffer device 2 size 6291456 ptr 0x7efb59200000
proj186:3271908:3271948 [0] NCCL INFO Imported shareable buffer device 0 size 6291456 ptr 0x7f31ba000000
proj186:3271911:3271950 [3] NCCL INFO Imported shareable buffer device 3 size 6291456 ptr 0x7ff1b4600000
proj186:3271909:3271951 [1] NCCL INFO Imported shareable buffer device 1 size 6291456 ptr 0x7f9c34600000
proj186:3271910:3271949 [2] NCCL INFO Imported shareable buffer device 2 size 6291456 ptr 0x7efb59800000
proj186:3271908:3271948 [0] NCCL INFO Imported shareable buffer device 0 size 6291456 ptr 0x7f31ba600000
proj186:3271911:3271950 [3] NCCL INFO Imported shareable buffer device 3 size 6291456 ptr 0x7ff1b4c00000
proj186:3271909:3271951 [1] NCCL INFO Imported shareable buffer device 1 size 6291456 ptr 0x7f9c34c00000
proj186:3271910:3271949 [2] NCCL INFO Imported shareable buffer device 2 size 6291456 ptr 0x7efb56000000
proj186:3271908:3271948 [0] NCCL INFO Imported shareable buffer device 0 size 6291456 ptr 0x7f31bac00000
proj186:3271911:3271950 [3] NCCL INFO Imported shareable buffer device 3 size 6291456 ptr 0x7ff1b5200000
proj186:3271909:3271951 [1] NCCL INFO Imported shareable buffer device 1 size 6291456 ptr 0x7f9c35200000
proj186:3271910:3271949 [2] NCCL INFO Imported shareable buffer device 2 size 6291456 ptr 0x7efb56600000
proj186:3271908:3271948 [0] NCCL INFO Imported shareable buffer device 0 size 6291456 ptr 0x7f31bb200000
proj186:3271911:3271950 [3] NCCL INFO Imported shareable buffer device 3 size 6291456 ptr 0x7ff1b5800000
proj186:3271909:3271951 [1] NCCL INFO Imported shareable buffer device 1 size 6291456 ptr 0x7f9c35800000
proj186:3271910:3271949 [2] NCCL INFO Imported shareable buffer device 2 size 6291456 ptr 0x7efb56c00000
proj186:3271908:3271948 [0] NCCL INFO Imported shareable buffer device 0 size 6291456 ptr 0x7f31bb800000
proj186:3271911:3271950 [3] NCCL INFO Imported shareable buffer device 3 size 6291456 ptr 0x7ff1b2000000
proj186:3271909:3271951 [1] NCCL INFO Imported shareable buffer device 1 size 6291456 ptr 0x7f9c32000000
proj186:3271910:3271949 [2] NCCL INFO Imported shareable buffer device 2 size 6291456 ptr 0x7efb57200000
proj186:3271908:3271948 [0] NCCL INFO Imported shareable buffer device 0 size 6291456 ptr 0x7f31b8000000
proj186:3271911:3271950 [3] NCCL INFO Imported shareable buffer device 3 size 6291456 ptr 0x7ff1b2600000
proj186:3271909:3271951 [1] NCCL INFO Imported shareable buffer device 1 size 6291456 ptr 0x7f9c32600000
proj186:3271910:3271949 [2] NCCL INFO Imported shareable buffer device 2 size 6291456 ptr 0x7efb57800000
proj186:3271908:3271948 [0] NCCL INFO Imported shareable buffer device 0 size 6291456 ptr 0x7f31b8600000
proj186:3271911:3271950 [3] NCCL INFO Imported shareable buffer device 3 size 6291456 ptr 0x7ff1b2c00000
proj186:3271909:3271951 [1] NCCL INFO Imported shareable buffer device 1 size 6291456 ptr 0x7f9c32c00000
proj186:3271910:3271949 [2] NCCL INFO Imported shareable buffer device 2 size 6291456 ptr 0x7efb54000000
proj186:3271908:3271948 [0] NCCL INFO Imported shareable buffer device 0 size 6291456 ptr 0x7f31b8c00000
proj186:3271911:3271950 [3] NCCL INFO Imported shareable buffer device 3 size 6291456 ptr 0x7ff1b3200000
proj186:3271909:3271951 [1] NCCL INFO Imported shareable buffer device 1 size 6291456 ptr 0x7f9c33200000
proj186:3271910:3271949 [2] NCCL INFO Imported shareable buffer device 2 size 6291456 ptr 0x7efb54600000
proj186:3271908:3271948 [0] NCCL INFO Imported shareable buffer device 0 size 6291456 ptr 0x7f31b9200000
proj186:3271911:3271950 [3] NCCL INFO Imported shareable buffer device 3 size 6291456 ptr 0x7ff1b3800000
proj186:3271909:3271951 [1] NCCL INFO Imported shareable buffer device 1 size 6291456 ptr 0x7f9c33800000
proj186:3271910:3271949 [2] NCCL INFO Imported shareable buffer device 2 size 6291456 ptr 0x7efb54c00000
proj186:3271908:3271948 [0] NCCL INFO Imported shareable buffer device 0 size 6291456 ptr 0x7f31b9800000
proj186:3271911:3271950 [3] NCCL INFO Imported shareable buffer device 3 size 6291456 ptr 0x7ff1b0000000
proj186:3271909:3271951 [1] NCCL INFO Imported shareable buffer device 1 size 6291456 ptr 0x7f9c30000000
proj186:3271910:3271949 [2] NCCL INFO Imported shareable buffer device 2 size 6291456 ptr 0x7efb55200000
proj186:3271908:3271948 [0] NCCL INFO Imported shareable buffer device 0 size 6291456 ptr 0x7f31b6000000
proj186:3271911:3271950 [3] NCCL INFO Imported shareable buffer device 3 size 6291456 ptr 0x7ff1b0600000
proj186:3271909:3271951 [1] NCCL INFO Imported shareable buffer device 1 size 6291456 ptr 0x7f9c30600000
proj186:3271910:3271949 [2] NCCL INFO Imported shareable buffer device 2 size 6291456 ptr 0x7efb55800000
proj186:3271908:3271948 [0] NCCL INFO Imported shareable buffer device 0 size 6291456 ptr 0x7f31b6600000
proj186:3271911:3271950 [3] NCCL INFO Imported shareable buffer device 3 size 6291456 ptr 0x7ff1b0c00000
proj186:3271909:3271951 [1] NCCL INFO Imported shareable buffer device 1 size 6291456 ptr 0x7f9c30c00000
proj186:3271910:3271949 [2] NCCL INFO Imported shareable buffer device 2 size 6291456 ptr 0x7efb52000000
proj186:3271908:3271948 [0] NCCL INFO Imported shareable buffer device 0 size 6291456 ptr 0x7f31b6c00000
proj186:3271911:3271950 [3] NCCL INFO Imported shareable buffer device 3 size 6291456 ptr 0x7ff1b1200000
proj186:3271909:3271951 [1] NCCL INFO Imported shareable buffer device 1 size 6291456 ptr 0x7f9c31200000
proj186:3271910:3271949 [2] NCCL INFO Imported shareable buffer device 2 size 6291456 ptr 0x7efb52600000
proj186:3271908:3271948 [0] NCCL INFO Imported shareable buffer device 0 size 6291456 ptr 0x7f31b7200000
proj186:3271911:3271950 [3] NCCL INFO Imported shareable buffer device 3 size 6291456 ptr 0x7ff1b1800000
proj186:3271909:3271951 [1] NCCL INFO Imported shareable buffer device 1 size 6291456 ptr 0x7f9c31800000
proj186:3271910:3271949 [2] NCCL INFO Imported shareable buffer device 2 size 6291456 ptr 0x7efb52c00000
proj186:3271908:3271948 [0] NCCL INFO Imported shareable buffer device 0 size 6291456 ptr 0x7f31b7800000
proj186:3271911:3271950 [3] NCCL INFO Imported shareable buffer device 3 size 6291456 ptr 0x7ff1ae000000
proj186:3271909:3271951 [1] NCCL INFO Imported shareable buffer device 1 size 6291456 ptr 0x7f9c2e000000
proj186:3271910:3271949 [2] NCCL INFO Imported shareable buffer device 2 size 6291456 ptr 0x7efb53200000
proj186:3271908:3271948 [0] NCCL INFO Imported shareable buffer device 0 size 6291456 ptr 0x7f31b4000000
proj186:3271911:3271950 [3] NCCL INFO Imported shareable buffer device 3 size 6291456 ptr 0x7ff1ae600000
proj186:3271909:3271951 [1] NCCL INFO Imported shareable buffer device 1 size 6291456 ptr 0x7f9c2e600000
proj186:3271910:3271949 [2] NCCL INFO Imported shareable buffer device 2 size 6291456 ptr 0x7efb53800000
proj186:3271908:3271948 [0] NCCL INFO Imported shareable buffer device 0 size 6291456 ptr 0x7f31b4600000
proj186:3271911:3271950 [3] NCCL INFO Imported shareable buffer device 3 size 6291456 ptr 0x7ff1aec00000
proj186:3271909:3271951 [1] NCCL INFO Imported shareable buffer device 1 size 6291456 ptr 0x7f9c2ec00000
proj186:3271910:3271949 [2] NCCL INFO Imported shareable buffer device 2 size 6291456 ptr 0x7efb50000000
proj186:3271908:3271948 [0] NCCL INFO Imported shareable buffer device 0 size 6291456 ptr 0x7f31b4c00000
proj186:3271911:3271950 [3] NCCL INFO Imported shareable buffer device 3 size 6291456 ptr 0x7ff1af200000
proj186:3271909:3271951 [1] NCCL INFO Imported shareable buffer device 1 size 6291456 ptr 0x7f9c2f200000
proj186:3271910:3271949 [2] NCCL INFO Imported shareable buffer device 2 size 6291456 ptr 0x7efb50600000
proj186:3271908:3271948 [0] NCCL INFO Imported shareable buffer device 0 size 6291456 ptr 0x7f31b5200000
proj186:3271911:3271950 [3] NCCL INFO Imported shareable buffer device 3 size 6291456 ptr 0x7ff1af800000
proj186:3271909:3271951 [1] NCCL INFO Imported shareable buffer device 1 size 6291456 ptr 0x7f9c2f800000
proj186:3271910:3271949 [2] NCCL INFO Imported shareable buffer device 2 size 6291456 ptr 0x7efb50c00000
proj186:3271908:3271948 [0] NCCL INFO Imported shareable buffer device 0 size 6291456 ptr 0x7f31b5800000
proj186:3271911:3271950 [3] NCCL INFO Imported shareable buffer device 3 size 6291456 ptr 0x7ff1ac000000
proj186:3271909:3271951 [1] NCCL INFO Imported shareable buffer device 1 size 6291456 ptr 0x7f9c2c000000
proj186:3271910:3271949 [2] NCCL INFO Imported shareable buffer device 2 size 6291456 ptr 0x7efb51200000
proj186:3271908:3271948 [0] NCCL INFO Imported shareable buffer device 0 size 6291456 ptr 0x7f31b2000000
proj186:3271911:3271950 [3] NCCL INFO Imported shareable buffer device 3 size 6291456 ptr 0x7ff1ac600000
proj186:3271909:3271951 [1] NCCL INFO Imported shareable buffer device 1 size 6291456 ptr 0x7f9c2c600000
proj186:3271910:3271949 [2] NCCL INFO Imported shareable buffer device 2 size 6291456 ptr 0x7efb51800000
proj186:3271908:3271948 [0] NCCL INFO Imported shareable buffer device 0 size 6291456 ptr 0x7f31b2600000
proj186:3271911:3271950 [3] NCCL INFO Imported shareable buffer device 3 size 6291456 ptr 0x7ff1acc00000
proj186:3271909:3271951 [1] NCCL INFO Imported shareable buffer device 1 size 6291456 ptr 0x7f9c2cc00000
proj186:3271910:3271949 [2] NCCL INFO Imported shareable buffer device 2 size 6291456 ptr 0x7efb4e000000
proj186:3271908:3271948 [0] NCCL INFO Imported shareable buffer device 0 size 6291456 ptr 0x7f31b2c00000
proj186:3271911:3271950 [3] NCCL INFO Imported shareable buffer device 3 size 6291456 ptr 0x7ff1ad200000
proj186:3271909:3271951 [1] NCCL INFO Imported shareable buffer device 1 size 6291456 ptr 0x7f9c2d200000
proj186:3271910:3271949 [2] NCCL INFO Imported shareable buffer device 2 size 6291456 ptr 0x7efb4e600000
proj186:3271908:3271948 [0] NCCL INFO Imported shareable buffer device 0 size 6291456 ptr 0x7f31b3200000
proj186:3271911:3271950 [3] NCCL INFO Imported shareable buffer device 3 size 6291456 ptr 0x7ff1ad800000
proj186:3271909:3271951 [1] NCCL INFO Imported shareable buffer device 1 size 6291456 ptr 0x7f9c2d800000
proj186:3271910:3271949 [2] NCCL INFO Imported shareable buffer device 2 size 6291456 ptr 0x7efb4ec00000
proj186:3271908:3271948 [0] NCCL INFO Imported shareable buffer device 0 size 6291456 ptr 0x7f31b3800000
proj186:3271911:3271950 [3] NCCL INFO Imported shareable buffer device 3 size 6291456 ptr 0x7ff1aa000000
proj186:3271909:3271951 [1] NCCL INFO Imported shareable buffer device 1 size 6291456 ptr 0x7f9c2a000000
proj186:3271910:3271949 [2] NCCL INFO Imported shareable buffer device 2 size 6291456 ptr 0x7efb4f200000
proj186:3271910:3271949 [2] NCCL INFO Connected all rings
proj186:3271908:3271948 [0] NCCL INFO Imported shareable buffer device 0 size 6291456 ptr 0x7f31b0000000
proj186:3271910:3271984 [2] NCCL INFO New proxy recv connection 32 from local rank 2, transport 0
proj186:3271910:3271984 [2] NCCL INFO proxyProgressAsync opId=0x7efb72278460 op.type=1 op.reqBuff=0x7efb6801f3b0 op.respSize=16 done
proj186:3271910:3271949 [2] NCCL INFO ncclPollProxyResponse Received new opId=0x7efb72278460
proj186:3271910:3271984 [2] NCCL INFO Received and initiated operation=Init res=0
proj186:3271910:3271949 [2] NCCL INFO recvOpId=0x7efb72278460 matches expected opId=0x7efb72278460
proj186:3271910:3271949 [2] NCCL INFO Connection to proxy localRank 2 -> connection 0x7efb68003b50
proj186:3271911:3271950 [3] NCCL INFO Imported shareable buffer device 3 size 6291456 ptr 0x7ff1aa600000
proj186:3271909:3271951 [1] NCCL INFO Imported shareable buffer device 1 size 6291456 ptr 0x7f9c2a600000
proj186:3271908:3271948 [0] NCCL INFO Imported shareable buffer device 0 size 6291456 ptr 0x7f31b0600000
proj186:3271911:3271950 [3] NCCL INFO Imported shareable buffer device 3 size 6291456 ptr 0x7ff1aac00000
proj186:3271910:3271984 [2] NCCL INFO transport/p2p.cc:204 Cuda Alloc Size 6291456 pointer 0x7efb4f800000
proj186:3271910:3271984 [2] NCCL INFO Allocated shareable buffer 0x7efb4f800000 size 6291456 ipcDesc 0x7efb6800be10
proj186:3271910:3271984 [2] NCCL INFO proxyProgressAsync opId=0x7efb72278460 op.type=3 op.reqBuff=0x7efb6801ffd0 op.respSize=80 done
proj186:3271909:3271951 [1] NCCL INFO Imported shareable buffer device 1 size 6291456 ptr 0x7f9c2ac00000
proj186:3271910:3271949 [2] NCCL INFO ncclPollProxyResponse Received new opId=0x7efb72278460
proj186:3271910:3271949 [2] NCCL INFO recvOpId=0x7efb72278460 matches expected opId=0x7efb72278460
proj186:3271910:3271984 [2] NCCL INFO Received and initiated operation=Setup res=0
proj186:3271910:3271984 [2] NCCL INFO New proxy recv connection 33 from local rank 2, transport 0
proj186:3271910:3271984 [2] NCCL INFO proxyProgressAsync opId=0x7efb72278460 op.type=1 op.reqBuff=0x7efb6801ffd0 op.respSize=16 done
proj186:3271910:3271949 [2] NCCL INFO ncclPollProxyResponse Received new opId=0x7efb72278460
proj186:3271910:3271949 [2] NCCL INFO recvOpId=0x7efb72278460 matches expected opId=0x7efb72278460
proj186:3271910:3271949 [2] NCCL INFO Connection to proxy localRank 2 -> connection 0x7efb68003ba0
proj186:3271910:3271984 [2] NCCL INFO Received and initiated operation=Init res=0
proj186:3271908:3271948 [0] NCCL INFO Imported shareable buffer device 0 size 6291456 ptr 0x7f31b0c00000
proj186:3271911:3271950 [3] NCCL INFO Imported shareable buffer device 3 size 6291456 ptr 0x7ff1ab200000
proj186:3271911:3271950 [3] NCCL INFO Connected all rings
proj186:3271911:3271950 [3] NCCL INFO Channel 00/0 : 3[3] -> 2[2] via P2P/IPC/read
proj186:3271909:3271951 [1] NCCL INFO Imported shareable buffer device 1 size 6291456 ptr 0x7f9c2b200000
proj186:3271909:3271951 [1] NCCL INFO Connected all rings
proj186:3271911:3271983 [3] NCCL INFO New proxy send connection 32 from local rank 3, transport 0
proj186:3271911:3271983 [3] NCCL INFO proxyProgressAsync opId=0x7ff1ce278b40 op.type=1 op.reqBuff=0x7ff1c401f3b0 op.respSize=16 done
proj186:3271911:3271950 [3] NCCL INFO ncclPollProxyResponse Received new opId=0x7ff1ce278b40
proj186:3271911:3271983 [3] NCCL INFO Received and initiated operation=Init res=0
proj186:3271911:3271950 [3] NCCL INFO recvOpId=0x7ff1ce278b40 matches expected opId=0x7ff1ce278b40
proj186:3271911:3271950 [3] NCCL INFO Connection to proxy localRank 3 -> connection 0x7ff1c4003b50
proj186:3271908:3271948 [0] NCCL INFO Imported shareable buffer device 0 size 6291456 ptr 0x7f31b1200000
proj186:3271908:3271948 [0] NCCL INFO Connected all rings
proj186:3271909:3271985 [1] NCCL INFO New proxy recv connection 32 from local rank 1, transport 0
proj186:3271909:3271985 [1] NCCL INFO proxyProgressAsync opId=0x7f9c4e278b40 op.type=1 op.reqBuff=0x7f9c4401f3b0 op.respSize=16 done
proj186:3271909:3271951 [1] NCCL INFO ncclPollProxyResponse Received new opId=0x7f9c4e278b40
proj186:3271909:3271985 [1] NCCL INFO Received and initiated operation=Init res=0
proj186:3271909:3271951 [1] NCCL INFO recvOpId=0x7f9c4e278b40 matches expected opId=0x7f9c4e278b40
proj186:3271909:3271951 [1] NCCL INFO Connection to proxy localRank 1 -> connection 0x7f9c44003b50
proj186:3271910:3271984 [2] NCCL INFO transport/p2p.cc:204 Cuda Alloc Size 6291456 pointer 0x7efb4c000000
proj186:3271910:3271984 [2] NCCL INFO Allocated shareable buffer 0x7efb4c000000 size 6291456 ipcDesc 0x7efb6800be10
proj186:3271910:3271984 [2] NCCL INFO proxyProgressAsync opId=0x7efb72278460 op.type=3 op.reqBuff=0x7efb68020bf0 op.respSize=80 done
proj186:3271910:3271949 [2] NCCL INFO ncclPollProxyResponse Received new opId=0x7efb72278460
proj186:3271910:3271949 [2] NCCL INFO recvOpId=0x7efb72278460 matches expected opId=0x7efb72278460
proj186:3271910:3271984 [2] NCCL INFO Received and initiated operation=Setup res=0
proj186:3271908:3271986 [0] NCCL INFO New proxy recv connection 32 from local rank 0, transport 0
proj186:3271908:3271986 [0] NCCL INFO proxyProgressAsync opId=0x7f31ce278b40 op.type=1 op.reqBuff=0x7f31dc01f320 op.respSize=16 done
proj186:3271910:3271984 [2] NCCL INFO New proxy recv connection 34 from local rank 2, transport 0
proj186:3271910:3271984 [2] NCCL INFO proxyProgressAsync opId=0x7efb72278460 op.type=1 op.reqBuff=0x7efb68020bf0 op.respSize=16 done
proj186:3271908:3271948 [0] NCCL INFO ncclPollProxyResponse Received new opId=0x7f31ce278b40
proj186:3271910:3271949 [2] NCCL INFO ncclPollProxyResponse Received new opId=0x7efb72278460
proj186:3271910:3271984 [2] NCCL INFO Received and initiated operation=Init res=0
proj186:3271910:3271949 [2] NCCL INFO recvOpId=0x7efb72278460 matches expected opId=0x7efb72278460
proj186:3271910:3271949 [2] NCCL INFO Connection to proxy localRank 2 -> connection 0x7efb68003bf0
proj186:3271908:3271948 [0] NCCL INFO recvOpId=0x7f31ce278b40 matches expected opId=0x7f31ce278b40
proj186:3271908:3271948 [0] NCCL INFO Connection to proxy localRank 0 -> connection 0x7f31dc003be0
proj186:3271908:3271986 [0] NCCL INFO Received and initiated operation=Init res=0
proj186:3271911:3271983 [3] NCCL INFO transport/p2p.cc:204 Cuda Alloc Size 6291456 pointer 0x7ff1ab800000
proj186:3271911:3271983 [3] NCCL INFO Allocated shareable buffer 0x7ff1ab800000 size 6291456 ipcDesc 0x7ff1c400be10
proj186:3271911:3271983 [3] NCCL INFO proxyProgressAsync opId=0x7ff1ce278b40 op.type=3 op.reqBuff=0x7ff1c401ffd0 op.respSize=80 done
proj186:3271911:3271950 [3] NCCL INFO ncclPollProxyResponse Received new opId=0x7ff1ce278b40
proj186:3271911:3271950 [3] NCCL INFO recvOpId=0x7ff1ce278b40 matches expected opId=0x7ff1ce278b40
proj186:3271911:3271983 [3] NCCL INFO Received and initiated operation=Setup res=0
proj186:3271911:3271950 [3] NCCL INFO Channel 01/0 : 3[3] -> 2[2] via P2P/IPC/read
proj186:3271911:3271983 [3] NCCL INFO New proxy send connection 33 from local rank 3, transport 0
proj186:3271911:3271983 [3] NCCL INFO proxyProgressAsync opId=0x7ff1ce278b40 op.type=1 op.reqBuff=0x7ff1c401ffd0 op.respSize=16 done
proj186:3271911:3271950 [3] NCCL INFO ncclPollProxyResponse Received new opId=0x7ff1ce278b40
proj186:3271911:3271983 [3] NCCL INFO Received and initiated operation=Init res=0
proj186:3271911:3271950 [3] NCCL INFO recvOpId=0x7ff1ce278b40 matches expected opId=0x7ff1ce278b40
proj186:3271911:3271950 [3] NCCL INFO Connection to proxy localRank 3 -> connection 0x7ff1c4003ba0
proj186:3271909:3271985 [1] NCCL INFO transport/p2p.cc:204 Cuda Alloc Size 6291456 pointer 0x7f9c2b800000
proj186:3271909:3271985 [1] NCCL INFO Allocated shareable buffer 0x7f9c2b800000 size 6291456 ipcDesc 0x7f9c4400be10
proj186:3271909:3271985 [1] NCCL INFO proxyProgressAsync opId=0x7f9c4e278b40 op.type=3 op.reqBuff=0x7f9c4401ffd0 op.respSize=80 done
proj186:3271909:3271951 [1] NCCL INFO ncclPollProxyResponse Received new opId=0x7f9c4e278b40
proj186:3271909:3271951 [1] NCCL INFO recvOpId=0x7f9c4e278b40 matches expected opId=0x7f9c4e278b40
proj186:3271909:3271985 [1] NCCL INFO Received and initiated operation=Setup res=0
proj186:3271909:3271985 [1] NCCL INFO New proxy recv connection 33 from local rank 1, transport 0
proj186:3271909:3271985 [1] NCCL INFO proxyProgressAsync opId=0x7f9c4e278b40 op.type=1 op.reqBuff=0x7f9c4401ffd0 op.respSize=16 done
proj186:3271909:3271951 [1] NCCL INFO ncclPollProxyResponse Received new opId=0x7f9c4e278b40
proj186:3271909:3271951 [1] NCCL INFO recvOpId=0x7f9c4e278b40 matches expected opId=0x7f9c4e278b40
proj186:3271909:3271951 [1] NCCL INFO Connection to proxy localRank 1 -> connection 0x7f9c44003ba0
proj186:3271909:3271985 [1] NCCL INFO Received and initiated operation=Init res=0
proj186:3271910:3271984 [2] NCCL INFO transport/p2p.cc:204 Cuda Alloc Size 6291456 pointer 0x7efb4c600000
proj186:3271910:3271984 [2] NCCL INFO Allocated shareable buffer 0x7efb4c600000 size 6291456 ipcDesc 0x7efb6800be10
proj186:3271910:3271984 [2] NCCL INFO proxyProgressAsync opId=0x7efb72278460 op.type=3 op.reqBuff=0x7efb68021bc0 op.respSize=80 done
proj186:3271910:3271949 [2] NCCL INFO ncclPollProxyResponse Received new opId=0x7efb72278460
proj186:3271908:3271986 [0] NCCL INFO transport/p2p.cc:204 Cuda Alloc Size 6291456 pointer 0x7f31b1800000
proj186:3271910:3271949 [2] NCCL INFO recvOpId=0x7efb72278460 matches expected opId=0x7efb72278460
proj186:3271910:3271984 [2] NCCL INFO Received and initiated operation=Setup res=0
proj186:3271910:3271984 [2] NCCL INFO New proxy recv connection 35 from local rank 2, transport 0
proj186:3271910:3271984 [2] NCCL INFO proxyProgressAsync opId=0x7efb72278460 op.type=1 op.reqBuff=0x7efb68021bc0 op.respSize=16 done
proj186:3271910:3271949 [2] NCCL INFO ncclPollProxyResponse Received new opId=0x7efb72278460
proj186:3271910:3271949 [2] NCCL INFO recvOpId=0x7efb72278460 matches expected opId=0x7efb72278460
proj186:3271910:3271984 [2] NCCL INFO Received and initiated operation=Init res=0
proj186:3271910:3271949 [2] NCCL INFO Connection to proxy localRank 2 -> connection 0x7efb68003c40
proj186:3271908:3271986 [0] NCCL INFO Allocated shareable buffer 0x7f31b1800000 size 6291456 ipcDesc 0x7f31dc00bd80
proj186:3271908:3271986 [0] NCCL INFO proxyProgressAsync opId=0x7f31ce278b40 op.type=3 op.reqBuff=0x7f31dc01ff40 op.respSize=80 done
proj186:3271908:3271948 [0] NCCL INFO ncclPollProxyResponse Received new opId=0x7f31ce278b40
proj186:3271908:3271948 [0] NCCL INFO recvOpId=0x7f31ce278b40 matches expected opId=0x7f31ce278b40
proj186:3271908:3271986 [0] NCCL INFO Received and initiated operation=Setup res=0
proj186:3271908:3271986 [0] NCCL INFO New proxy recv connection 33 from local rank 0, transport 0
proj186:3271908:3271986 [0] NCCL INFO proxyProgressAsync opId=0x7f31ce278b40 op.type=1 op.reqBuff=0x7f31dc01ff40 op.respSize=16 done
proj186:3271908:3271948 [0] NCCL INFO ncclPollProxyResponse Received new opId=0x7f31ce278b40
proj186:3271908:3271948 [0] NCCL INFO recvOpId=0x7f31ce278b40 matches expected opId=0x7f31ce278b40
proj186:3271908:3271948 [0] NCCL INFO Connection to proxy localRank 0 -> connection 0x7f31dc003c30
proj186:3271908:3271986 [0] NCCL INFO Received and initiated operation=Init res=0
proj186:3271911:3271983 [3] NCCL INFO transport/p2p.cc:204 Cuda Alloc Size 6291456 pointer 0x7ff1a8000000
proj186:3271911:3271983 [3] NCCL INFO Allocated shareable buffer 0x7ff1a8000000 size 6291456 ipcDesc 0x7ff1c400be10
proj186:3271911:3271983 [3] NCCL INFO proxyProgressAsync opId=0x7ff1ce278b40 op.type=3 op.reqBuff=0x7ff1c4020bf0 op.respSize=80 done
proj186:3271909:3271985 [1] NCCL INFO transport/p2p.cc:204 Cuda Alloc Size 6291456 pointer 0x7f9c28000000
proj186:3271911:3271950 [3] NCCL INFO ncclPollProxyResponse Received new opId=0x7ff1ce278b40
proj186:3271911:3271950 [3] NCCL INFO recvOpId=0x7ff1ce278b40 matches expected opId=0x7ff1ce278b40
proj186:3271911:3271950 [3] NCCL INFO Channel 02/0 : 3[3] -> 2[2] via P2P/IPC/read
proj186:3271911:3271983 [3] NCCL INFO Received and initiated operation=Setup res=0
proj186:3271909:3271985 [1] NCCL INFO Allocated shareable buffer 0x7f9c28000000 size 6291456 ipcDesc 0x7f9c4400be10
proj186:3271909:3271985 [1] NCCL INFO proxyProgressAsync opId=0x7f9c4e278b40 op.type=3 op.reqBuff=0x7f9c44020bf0 op.respSize=80 done
proj186:3271911:3271983 [3] NCCL INFO New proxy send connection 34 from local rank 3, transport 0
proj186:3271911:3271983 [3] NCCL INFO proxyProgressAsync opId=0x7ff1ce278b40 op.type=1 op.reqBuff=0x7ff1c4020bf0 op.respSize=16 done
proj186:3271911:3271950 [3] NCCL INFO ncclPollProxyResponse Received new opId=0x7ff1ce278b40
proj186:3271909:3271951 [1] NCCL INFO ncclPollProxyResponse Received new opId=0x7f9c4e278b40
proj186:3271911:3271950 [3] NCCL INFO recvOpId=0x7ff1ce278b40 matches expected opId=0x7ff1ce278b40
proj186:3271911:3271950 [3] NCCL INFO Connection to proxy localRank 3 -> connection 0x7ff1c4003bf0
proj186:3271909:3271951 [1] NCCL INFO recvOpId=0x7f9c4e278b40 matches expected opId=0x7f9c4e278b40
proj186:3271911:3271983 [3] NCCL INFO Received and initiated operation=Init res=0
proj186:3271909:3271985 [1] NCCL INFO Received and initiated operation=Setup res=0
proj186:3271909:3271985 [1] NCCL INFO New proxy recv connection 34 from local rank 1, transport 0
proj186:3271909:3271985 [1] NCCL INFO proxyProgressAsync opId=0x7f9c4e278b40 op.type=1 op.reqBuff=0x7f9c44020bf0 op.respSize=16 done
proj186:3271909:3271951 [1] NCCL INFO ncclPollProxyResponse Received new opId=0x7f9c4e278b40
proj186:3271909:3271951 [1] NCCL INFO recvOpId=0x7f9c4e278b40 matches expected opId=0x7f9c4e278b40
proj186:3271909:3271951 [1] NCCL INFO Connection to proxy localRank 1 -> connection 0x7f9c44003bf0
proj186:3271909:3271985 [1] NCCL INFO Received and initiated operation=Init res=0
proj186:3271910:3271984 [2] NCCL INFO transport/p2p.cc:204 Cuda Alloc Size 6291456 pointer 0x7efb4cc00000
proj186:3271910:3271984 [2] NCCL INFO Allocated shareable buffer 0x7efb4cc00000 size 6291456 ipcDesc 0x7efb6800be10
proj186:3271910:3271984 [2] NCCL INFO proxyProgressAsync opId=0x7efb72278460 op.type=3 op.reqBuff=0x7efb680227e0 op.respSize=80 done
proj186:3271910:3271949 [2] NCCL INFO ncclPollProxyResponse Received new opId=0x7efb72278460
proj186:3271910:3271949 [2] NCCL INFO recvOpId=0x7efb72278460 matches expected opId=0x7efb72278460
proj186:3271910:3271984 [2] NCCL INFO Received and initiated operation=Setup res=0
proj186:3271910:3271984 [2] NCCL INFO New proxy recv connection 36 from local rank 2, transport 0
proj186:3271910:3271984 [2] NCCL INFO proxyProgressAsync opId=0x7efb72278460 op.type=1 op.reqBuff=0x7efb680227e0 op.respSize=16 done
proj186:3271910:3271949 [2] NCCL INFO ncclPollProxyResponse Received new opId=0x7efb72278460
proj186:3271910:3271984 [2] NCCL INFO Received and initiated operation=Init res=0
proj186:3271910:3271949 [2] NCCL INFO recvOpId=0x7efb72278460 matches expected opId=0x7efb72278460
proj186:3271910:3271949 [2] NCCL INFO Connection to proxy localRank 2 -> connection 0x7efb68003c90
proj186:3271908:3271986 [0] NCCL INFO transport/p2p.cc:204 Cuda Alloc Size 6291456 pointer 0x7f31ae000000
proj186:3271908:3271986 [0] NCCL INFO Allocated shareable buffer 0x7f31ae000000 size 6291456 ipcDesc 0x7f31dc00bd80
proj186:3271908:3271986 [0] NCCL INFO proxyProgressAsync opId=0x7f31ce278b40 op.type=3 op.reqBuff=0x7f31dc020b60 op.respSize=80 done
proj186:3271908:3271948 [0] NCCL INFO ncclPollProxyResponse Received new opId=0x7f31ce278b40
proj186:3271908:3271948 [0] NCCL INFO recvOpId=0x7f31ce278b40 matches expected opId=0x7f31ce278b40
proj186:3271908:3271986 [0] NCCL INFO Received and initiated operation=Setup res=0
proj186:3271911:3271983 [3] NCCL INFO transport/p2p.cc:204 Cuda Alloc Size 6291456 pointer 0x7ff1a8600000
proj186:3271908:3271986 [0] NCCL INFO New proxy recv connection 34 from local rank 0, transport 0
proj186:3271908:3271986 [0] NCCL INFO proxyProgressAsync opId=0x7f31ce278b40 op.type=1 op.reqBuff=0x7f31dc020b60 op.respSize=16 done
proj186:3271908:3271948 [0] NCCL INFO ncclPollProxyResponse Received new opId=0x7f31ce278b40
proj186:3271908:3271948 [0] NCCL INFO recvOpId=0x7f31ce278b40 matches expected opId=0x7f31ce278b40
proj186:3271908:3271948 [0] NCCL INFO Connection to proxy localRank 0 -> connection 0x7f31dc003c80
proj186:3271908:3271986 [0] NCCL INFO Received and initiated operation=Init res=0
proj186:3271911:3271983 [3] NCCL INFO Allocated shareable buffer 0x7ff1a8600000 size 6291456 ipcDesc 0x7ff1c400be10
proj186:3271909:3271985 [1] NCCL INFO transport/p2p.cc:204 Cuda Alloc Size 6291456 pointer 0x7f9c28600000
proj186:3271911:3271983 [3] NCCL INFO proxyProgressAsync opId=0x7ff1ce278b40 op.type=3 op.reqBuff=0x7ff1c4021bc0 op.respSize=80 done
proj186:3271911:3271950 [3] NCCL INFO ncclPollProxyResponse Received new opId=0x7ff1ce278b40
proj186:3271911:3271950 [3] NCCL INFO recvOpId=0x7ff1ce278b40 matches expected opId=0x7ff1ce278b40
proj186:3271911:3271983 [3] NCCL INFO Received and initiated operation=Setup res=0
proj186:3271911:3271950 [3] NCCL INFO Channel 03/0 : 3[3] -> 2[2] via P2P/IPC/read
proj186:3271909:3271985 [1] NCCL INFO Allocated shareable buffer 0x7f9c28600000 size 6291456 ipcDesc 0x7f9c4400be10
proj186:3271909:3271985 [1] NCCL INFO proxyProgressAsync opId=0x7f9c4e278b40 op.type=3 op.reqBuff=0x7f9c44021bc0 op.respSize=80 done
proj186:3271909:3271951 [1] NCCL INFO ncclPollProxyResponse Received new opId=0x7f9c4e278b40
proj186:3271909:3271951 [1] NCCL INFO recvOpId=0x7f9c4e278b40 matches expected opId=0x7f9c4e278b40
proj186:3271909:3271985 [1] NCCL INFO Received and initiated operation=Setup res=0
proj186:3271911:3271983 [3] NCCL INFO New proxy send connection 35 from local rank 3, transport 0
proj186:3271911:3271983 [3] NCCL INFO proxyProgressAsync opId=0x7ff1ce278b40 op.type=1 op.reqBuff=0x7ff1c4021bc0 op.respSize=16 done
proj186:3271911:3271950 [3] NCCL INFO ncclPollProxyResponse Received new opId=0x7ff1ce278b40
proj186:3271911:3271983 [3] NCCL INFO Received and initiated operation=Init res=0
proj186:3271910:3271984 [2] NCCL INFO transport/p2p.cc:204 Cuda Alloc Size 6291456 pointer 0x7efb4d200000
proj186:3271911:3271950 [3] NCCL INFO recvOpId=0x7ff1ce278b40 matches expected opId=0x7ff1ce278b40
proj186:3271911:3271950 [3] NCCL INFO Connection to proxy localRank 3 -> connection 0x7ff1c4003c40
proj186:3271910:3271984 [2] NCCL INFO Allocated shareable buffer 0x7efb4d200000 size 6291456 ipcDesc 0x7efb6800be10
proj186:3271909:3271985 [1] NCCL INFO New proxy recv connection 35 from local rank 1, transport 0
proj186:3271910:3271984 [2] NCCL INFO proxyProgressAsync opId=0x7efb72278460 op.type=3 op.reqBuff=0x7efb68023400 op.respSize=80 done
proj186:3271909:3271985 [1] NCCL INFO proxyProgressAsync opId=0x7f9c4e278b40 op.type=1 op.reqBuff=0x7f9c44021bc0 op.respSize=16 done
proj186:3271909:3271951 [1] NCCL INFO ncclPollProxyResponse Received new opId=0x7f9c4e278b40
proj186:3271910:3271949 [2] NCCL INFO ncclPollProxyResponse Received new opId=0x7efb72278460
proj186:3271909:3271951 [1] NCCL INFO recvOpId=0x7f9c4e278b40 matches expected opId=0x7f9c4e278b40
proj186:3271909:3271951 [1] NCCL INFO Connection to proxy localRank 1 -> connection 0x7f9c44003c40
proj186:3271909:3271985 [1] NCCL INFO Received and initiated operation=Init res=0
proj186:3271910:3271949 [2] NCCL INFO recvOpId=0x7efb72278460 matches expected opId=0x7efb72278460
proj186:3271910:3271984 [2] NCCL INFO Received and initiated operation=Setup res=0
proj186:3271910:3271984 [2] NCCL INFO New proxy recv connection 37 from local rank 2, transport 0
proj186:3271910:3271984 [2] NCCL INFO proxyProgressAsync opId=0x7efb72278460 op.type=1 op.reqBuff=0x7efb6800be40 op.respSize=16 done
proj186:3271910:3271949 [2] NCCL INFO ncclPollProxyResponse Received new opId=0x7efb72278460
proj186:3271910:3271949 [2] NCCL INFO recvOpId=0x7efb72278460 matches expected opId=0x7efb72278460
proj186:3271910:3271949 [2] NCCL INFO Connection to proxy localRank 2 -> connection 0x7efb68003ce0
proj186:3271910:3271984 [2] NCCL INFO Received and initiated operation=Init res=0
proj186:3271908:3271986 [0] NCCL INFO transport/p2p.cc:204 Cuda Alloc Size 6291456 pointer 0x7f31ae600000
proj186:3271908:3271986 [0] NCCL INFO Allocated shareable buffer 0x7f31ae600000 size 6291456 ipcDesc 0x7f31dc00bd80
proj186:3271908:3271986 [0] NCCL INFO proxyProgressAsync opId=0x7f31ce278b40 op.type=3 op.reqBuff=0x7f31dc021b30 op.respSize=80 done
proj186:3271909:3271985 [1] NCCL INFO transport/p2p.cc:204 Cuda Alloc Size 6291456 pointer 0x7f9c28c00000
proj186:3271908:3271948 [0] NCCL INFO ncclPollProxyResponse Received new opId=0x7f31ce278b40
proj186:3271908:3271948 [0] NCCL INFO recvOpId=0x7f31ce278b40 matches expected opId=0x7f31ce278b40
proj186:3271911:3271983 [3] NCCL INFO transport/p2p.cc:204 Cuda Alloc Size 6291456 pointer 0x7ff1a8c00000
proj186:3271908:3271986 [0] NCCL INFO Received and initiated operation=Setup res=0
proj186:3271909:3271985 [1] NCCL INFO Allocated shareable buffer 0x7f9c28c00000 size 6291456 ipcDesc 0x7f9c4400be10
proj186:3271909:3271985 [1] NCCL INFO proxyProgressAsync opId=0x7f9c4e278b40 op.type=3 op.reqBuff=0x7f9c440227e0 op.respSize=80 done
proj186:3271909:3271951 [1] NCCL INFO ncclPollProxyResponse Received new opId=0x7f9c4e278b40
proj186:3271909:3271951 [1] NCCL INFO recvOpId=0x7f9c4e278b40 matches expected opId=0x7f9c4e278b40
proj186:3271908:3271986 [0] NCCL INFO New proxy recv connection 35 from local rank 0, transport 0
proj186:3271909:3271985 [1] NCCL INFO Received and initiated operation=Setup res=0
proj186:3271908:3271986 [0] NCCL INFO proxyProgressAsync opId=0x7f31ce278b40 op.type=1 op.reqBuff=0x7f31dc021b30 op.respSize=16 done
proj186:3271908:3271948 [0] NCCL INFO ncclPollProxyResponse Received new opId=0x7f31ce278b40
proj186:3271911:3271983 [3] NCCL INFO Allocated shareable buffer 0x7ff1a8c00000 size 6291456 ipcDesc 0x7ff1c400be10
proj186:3271911:3271983 [3] NCCL INFO proxyProgressAsync opId=0x7ff1ce278b40 op.type=3 op.reqBuff=0x7ff1c40227e0 op.respSize=80 done
proj186:3271908:3271948 [0] NCCL INFO recvOpId=0x7f31ce278b40 matches expected opId=0x7f31ce278b40
proj186:3271911:3271950 [3] NCCL INFO ncclPollProxyResponse Received new opId=0x7ff1ce278b40
proj186:3271908:3271948 [0] NCCL INFO Connection to proxy localRank 0 -> connection 0x7f31dc003cd0
proj186:3271908:3271986 [0] NCCL INFO Received and initiated operation=Init res=0
proj186:3271909:3271985 [1] NCCL INFO New proxy recv connection 36 from local rank 1, transport 0
proj186:3271909:3271985 [1] NCCL INFO proxyProgressAsync opId=0x7f9c4e278b40 op.type=1 op.reqBuff=0x7f9c440227e0 op.respSize=16 done
proj186:3271911:3271950 [3] NCCL INFO recvOpId=0x7ff1ce278b40 matches expected opId=0x7ff1ce278b40
proj186:3271909:3271951 [1] NCCL INFO ncclPollProxyResponse Received new opId=0x7f9c4e278b40
proj186:3271911:3271983 [3] NCCL INFO Received and initiated operation=Setup res=0
proj186:3271911:3271950 [3] NCCL INFO Channel 04/0 : 3[3] -> 2[2] via P2P/IPC/read
proj186:3271909:3271951 [1] NCCL INFO recvOpId=0x7f9c4e278b40 matches expected opId=0x7f9c4e278b40
proj186:3271909:3271951 [1] NCCL INFO Connection to proxy localRank 1 -> connection 0x7f9c44003c90
proj186:3271909:3271985 [1] NCCL INFO Received and initiated operation=Init res=0
proj186:3271910:3271984 [2] NCCL INFO transport/p2p.cc:204 Cuda Alloc Size 6291456 pointer 0x7efb4d800000
proj186:3271910:3271984 [2] NCCL INFO Allocated shareable buffer 0x7efb4d800000 size 6291456 ipcDesc 0x7efb68023ff0
proj186:3271910:3271984 [2] NCCL INFO proxyProgressAsync opId=0x7efb72278460 op.type=3 op.reqBuff=0x7efb68023400 op.respSize=80 done
proj186:3271911:3271983 [3] NCCL INFO New proxy send connection 36 from local rank 3, transport 0
