proj186:3272154:3272281 [3] NCCL INFO Connection to proxy localRank 3 -> connection 0x7f83c0003790
proj186:3272154:3272306 [3] NCCL INFO Received and initiated operation=Init res=0
proj186:3272152:3272303 [1] NCCL INFO New proxy send connection 19 from local rank 1, transport 0
proj186:3272152:3272303 [1] NCCL INFO proxyProgressAsync opId=0x7f6061fed260 op.type=1 op.reqBuff=0x7f6058020360 op.respSize=16 done
proj186:3272152:3272285 [1] NCCL INFO ncclPollProxyResponse Received new opId=0x7f6061fed260
proj186:3272152:3272285 [1] NCCL INFO recvOpId=0x7f6061fed260 matches expected opId=0x7f6061fed260
proj186:3272152:3272285 [1] NCCL INFO Connection to proxy localRank 1 -> connection 0x7f6058003740
proj186:3272152:3272303 [1] NCCL INFO Received and initiated operation=Init res=0
proj186:3272151:3272302 [0] NCCL INFO Allocated shareable buffer 0x7f0141200000 size 6291456 ipcDesc 0x7f0160017cf0
proj186:3272158:3272304 [7] NCCL INFO transport/p2p.cc:204 Cuda Alloc Size 6291456 pointer 0x7fb8d6c00000
proj186:3272151:3272302 [0] NCCL INFO proxyProgressAsync opId=0x7f014dfed320 op.type=3 op.reqBuff=0x7f0160025230 op.respSize=80 done
proj186:3272151:3272280 [0] NCCL INFO ncclPollProxyResponse Received new opId=0x7f014dfed320
proj186:3272151:3272280 [0] NCCL INFO recvOpId=0x7f014dfed320 matches expected opId=0x7f014dfed320
proj186:3272151:3272280 [0] NCCL INFO Channel 08/0 : 0[0] -> 1[1] via P2P/IPC/read
proj186:3272151:3272302 [0] NCCL INFO Received and initiated operation=Setup res=0
proj186:3272151:3272302 [0] NCCL INFO New proxy send connection 24 from local rank 0, transport 0
proj186:3272151:3272302 [0] NCCL INFO proxyProgressAsync opId=0x7f014dfed320 op.type=1 op.reqBuff=0x7f0160025230 op.respSize=16 done
proj186:3272151:3272280 [0] NCCL INFO ncclPollProxyResponse Received new opId=0x7f014dfed320
proj186:3272151:3272280 [0] NCCL INFO recvOpId=0x7f014dfed320 matches expected opId=0x7f014dfed320
proj186:3272151:3272280 [0] NCCL INFO Connection to proxy localRank 0 -> connection 0x7f01600038d0
proj186:3272151:3272302 [0] NCCL INFO Received and initiated operation=Init res=0
proj186:3272158:3272304 [7] NCCL INFO Allocated shareable buffer 0x7fb8d6c00000 size 6291456 ipcDesc 0x7fb8e0020fd0
proj186:3272158:3272304 [7] NCCL INFO proxyProgressAsync opId=0x7fb8e9fed260 op.type=3 op.reqBuff=0x7fb8e0024630 op.respSize=80 done
proj186:3272158:3272284 [7] NCCL INFO ncclPollProxyResponse Received new opId=0x7fb8e9fed260
proj186:3272158:3272284 [7] NCCL INFO recvOpId=0x7fb8e9fed260 matches expected opId=0x7fb8e9fed260
proj186:3272158:3272304 [7] NCCL INFO Received and initiated operation=Setup res=0
proj186:3272158:3272284 [7] NCCL INFO Channel 07/0 : 7[7] -> 0[0] via P2P/IPC/read
proj186:3272153:3272307 [2] NCCL INFO transport/p2p.cc:204 Cuda Alloc Size 6291456 pointer 0x7fea6b200000
proj186:3272158:3272304 [7] NCCL INFO New proxy send connection 23 from local rank 7, transport 0
proj186:3272158:3272304 [7] NCCL INFO proxyProgressAsync opId=0x7fb8e9fed260 op.type=1 op.reqBuff=0x7fb8e0024630 op.respSize=16 done
proj186:3272158:3272284 [7] NCCL INFO ncclPollProxyResponse Received new opId=0x7fb8e9fed260
proj186:3272155:3272305 [4] NCCL INFO transport/p2p.cc:204 Cuda Alloc Size 6291456 pointer 0x7fc441200000
proj186:3272158:3272284 [7] NCCL INFO recvOpId=0x7fb8e9fed260 matches expected opId=0x7fb8e9fed260
proj186:3272158:3272284 [7] NCCL INFO Connection to proxy localRank 7 -> connection 0x7fb8e0003880
proj186:3272158:3272304 [7] NCCL INFO Received and initiated operation=Init res=0
proj186:3272153:3272307 [2] NCCL INFO Allocated shareable buffer 0x7fea6b200000 size 6291456 ipcDesc 0x7fea74020fd0
proj186:3272153:3272307 [2] NCCL INFO proxyProgressAsync opId=0x7fea7dfeca10 op.type=3 op.reqBuff=0x7fea740252d0 op.respSize=80 done
proj186:3272153:3272282 [2] NCCL INFO ncclPollProxyResponse Received new opId=0x7fea7dfeca10
proj186:3272153:3272307 [2] NCCL INFO Received and initiated operation=Setup res=0
proj186:3272153:3272282 [2] NCCL INFO recvOpId=0x7fea7dfeca10 matches expected opId=0x7fea7dfeca10
proj186:3272153:3272282 [2] NCCL INFO Channel 08/0 : 2[2] -> 3[3] via P2P/IPC/read
proj186:3272153:3272307 [2] NCCL INFO New proxy send connection 24 from local rank 2, transport 0
proj186:3272153:3272307 [2] NCCL INFO proxyProgressAsync opId=0x7fea7dfeca10 op.type=1 op.reqBuff=0x7fea740252d0 op.respSize=16 done
proj186:3272153:3272282 [2] NCCL INFO ncclPollProxyResponse Received new opId=0x7fea7dfeca10
proj186:3272153:3272307 [2] NCCL INFO Received and initiated operation=Init res=0
proj186:3272153:3272282 [2] NCCL INFO recvOpId=0x7fea7dfeca10 matches expected opId=0x7fea7dfeca10
proj186:3272153:3272282 [2] NCCL INFO Connection to proxy localRank 2 -> connection 0x7fea740038d0
proj186:3272155:3272305 [4] NCCL INFO Allocated shareable buffer 0x7fc441200000 size 6291456 ipcDesc 0x7fc448020fd0
proj186:3272155:3272305 [4] NCCL INFO proxyProgressAsync opId=0x7fc451fed260 op.type=3 op.reqBuff=0x7fc448020360 op.respSize=80 done
proj186:3272158:3272304 [7] NCCL INFO transport/p2p.cc:204 Cuda Alloc Size 6291456 pointer 0x7fb8d7200000
proj186:3272155:3272283 [4] NCCL INFO ncclPollProxyResponse Received new opId=0x7fc451fed260
proj186:3272158:3272304 [7] NCCL INFO Allocated shareable buffer 0x7fb8d7200000 size 6291456 ipcDesc 0x7fb8e0020fd0
proj186:3272158:3272304 [7] NCCL INFO proxyProgressAsync opId=0x7fb8e9fed260 op.type=3 op.reqBuff=0x7fb8e00252d0 op.respSize=80 done
proj186:3272156:3272300 [5] NCCL INFO transport/p2p.cc:204 Cuda Alloc Size 6291456 pointer 0x7fa64c600000
proj186:3272158:3272284 [7] NCCL INFO ncclPollProxyResponse Received new opId=0x7fb8e9fed260
proj186:3272155:3272283 [4] NCCL INFO recvOpId=0x7fc451fed260 matches expected opId=0x7fc451fed260
proj186:3272158:3272284 [7] NCCL INFO recvOpId=0x7fb8e9fed260 matches expected opId=0x7fb8e9fed260
proj186:3272158:3272304 [7] NCCL INFO Received and initiated operation=Setup res=0
proj186:3272155:3272283 [4] NCCL INFO Channel 03/0 : 4[4] -> 5[5] via P2P/IPC/read
proj186:3272158:3272284 [7] NCCL INFO Channel 08/0 : 7[7] -> 0[0] via P2P/IPC/read
proj186:3272155:3272305 [4] NCCL INFO Received and initiated operation=Setup res=0
proj186:3272153:3272307 [2] NCCL INFO transport/p2p.cc:204 Cuda Alloc Size 6291456 pointer 0x7fea6b800000
proj186:3272153:3272307 [2] NCCL INFO Allocated shareable buffer 0x7fea6b800000 size 6291456 ipcDesc 0x7fea74020fd0
proj186:3272156:3272300 [5] NCCL INFO Allocated shareable buffer 0x7fa64c600000 size 6291456 ipcDesc 0x7fa658020fd0
proj186:3272153:3272307 [2] NCCL INFO proxyProgressAsync opId=0x7fea7dfeca10 op.type=3 op.reqBuff=0x7fea74025f70 op.respSize=80 done
proj186:3272156:3272300 [5] NCCL INFO proxyProgressAsync opId=0x7fa662533180 op.type=3 op.reqBuff=0x7fa658027c60 op.respSize=80 done
proj186:3272153:3272282 [2] NCCL INFO ncclPollProxyResponse Received new opId=0x7fea7dfeca10
proj186:3272158:3272304 [7] NCCL INFO New proxy send connection 24 from local rank 7, transport 0
proj186:3272158:3272304 [7] NCCL INFO proxyProgressAsync opId=0x7fb8e9fed260 op.type=1 op.reqBuff=0x7fb8e00252d0 op.respSize=16 done
proj186:3272153:3272307 [2] NCCL INFO Received and initiated operation=Setup res=0
proj186:3272158:3272284 [7] NCCL INFO ncclPollProxyResponse Received new opId=0x7fb8e9fed260
proj186:3272153:3272282 [2] NCCL INFO recvOpId=0x7fea7dfeca10 matches expected opId=0x7fea7dfeca10
proj186:3272156:3272287 [5] NCCL INFO ncclPollProxyResponse Received new opId=0x7fa662533180
proj186:3272158:3272284 [7] NCCL INFO recvOpId=0x7fb8e9fed260 matches expected opId=0x7fb8e9fed260
proj186:3272158:3272304 [7] NCCL INFO Received and initiated operation=Init res=0
proj186:3272153:3272282 [2] NCCL INFO Channel 09/0 : 2[2] -> 3[3] via P2P/IPC/read
proj186:3272155:3272305 [4] NCCL INFO New proxy send connection 19 from local rank 4, transport 0
proj186:3272156:3272287 [5] NCCL INFO recvOpId=0x7fa662533180 matches expected opId=0x7fa662533180
proj186:3272155:3272305 [4] NCCL INFO proxyProgressAsync opId=0x7fc451fed260 op.type=1 op.reqBuff=0x7fc448020360 op.respSize=16 done
proj186:3272156:3272300 [5] NCCL INFO Received and initiated operation=Setup res=0
proj186:3272158:3272284 [7] NCCL INFO Connection to proxy localRank 7 -> connection 0x7fb8e00038d0
proj186:3272156:3272287 [5] NCCL INFO Channel 11/0 : 5[5] -> 6[6] via P2P/IPC/read
proj186:3272155:3272283 [4] NCCL INFO ncclPollProxyResponse Received new opId=0x7fc451fed260
proj186:3272153:3272307 [2] NCCL INFO New proxy send connection 25 from local rank 2, transport 0
proj186:3272153:3272307 [2] NCCL INFO proxyProgressAsync opId=0x7fea7dfeca10 op.type=1 op.reqBuff=0x7fea74025f70 op.respSize=16 done
proj186:3272155:3272283 [4] NCCL INFO recvOpId=0x7fc451fed260 matches expected opId=0x7fc451fed260
proj186:3272156:3272300 [5] NCCL INFO New proxy send connection 27 from local rank 5, transport 0
proj186:3272156:3272300 [5] NCCL INFO proxyProgressAsync opId=0x7fa662533180 op.type=1 op.reqBuff=0x7fa658027c60 op.respSize=16 done
proj186:3272153:3272282 [2] NCCL INFO ncclPollProxyResponse Received new opId=0x7fea7dfeca10
proj186:3272155:3272283 [4] NCCL INFO Connection to proxy localRank 4 -> connection 0x7fc448003740
proj186:3272155:3272305 [4] NCCL INFO Received and initiated operation=Init res=0
proj186:3272153:3272307 [2] NCCL INFO Received and initiated operation=Init res=0
proj186:3272156:3272287 [5] NCCL INFO ncclPollProxyResponse Received new opId=0x7fa662533180
proj186:3272153:3272282 [2] NCCL INFO recvOpId=0x7fea7dfeca10 matches expected opId=0x7fea7dfeca10
proj186:3272157:3272301 [6] NCCL INFO transport/p2p.cc:204 Cuda Alloc Size 6291456 pointer 0x7fafbec00000
proj186:3272157:3272301 [6] NCCL INFO Allocated shareable buffer 0x7fafbec00000 size 6291456 ipcDesc 0x7fafc8020fd0
proj186:3272157:3272301 [6] NCCL INFO proxyProgressAsync opId=0x7fafd1fed320 op.type=3 op.reqBuff=0x7fafc8024630 op.respSize=80 done
proj186:3272152:3272303 [1] NCCL INFO transport/p2p.cc:204 Cuda Alloc Size 6291456 pointer 0x7f6051800000
proj186:3272157:3272286 [6] NCCL INFO ncclPollProxyResponse Received new opId=0x7fafd1fed320
proj186:3272152:3272303 [1] NCCL INFO Allocated shareable buffer 0x7f6051800000 size 6291456 ipcDesc 0x7f6058020fd0
proj186:3272152:3272303 [1] NCCL INFO proxyProgressAsync opId=0x7f6061fed260 op.type=3 op.reqBuff=0x7f6058021ca0 op.respSize=80 done
proj186:3272157:3272286 [6] NCCL INFO recvOpId=0x7fafd1fed320 matches expected opId=0x7fafd1fed320
proj186:3272157:3272286 [6] NCCL INFO Channel 07/0 : 6[6] -> 7[7] via P2P/IPC/read
proj186:3272157:3272301 [6] NCCL INFO Received and initiated operation=Setup res=0
proj186:3272152:3272285 [1] NCCL INFO ncclPollProxyResponse Received new opId=0x7f6061fed260
proj186:3272154:3272306 [3] NCCL INFO transport/p2p.cc:204 Cuda Alloc Size 6291456 pointer 0x7f83b6000000
proj186:3272152:3272285 [1] NCCL INFO recvOpId=0x7f6061fed260 matches expected opId=0x7f6061fed260
proj186:3272152:3272285 [1] NCCL INFO Channel 04/0 : 1[1] -> 2[2] via P2P/IPC/read
proj186:3272152:3272303 [1] NCCL INFO Received and initiated operation=Setup res=0
proj186:3272151:3272302 [0] NCCL INFO transport/p2p.cc:204 Cuda Alloc Size 6291456 pointer 0x7f0141800000
proj186:3272157:3272301 [6] NCCL INFO New proxy send connection 23 from local rank 6, transport 0
proj186:3272157:3272301 [6] NCCL INFO proxyProgressAsync opId=0x7fafd1fed320 op.type=1 op.reqBuff=0x7fafc8024630 op.respSize=16 done
proj186:3272154:3272306 [3] NCCL INFO Allocated shareable buffer 0x7f83b6000000 size 6291456 ipcDesc 0x7f83c0020fd0
proj186:3272154:3272306 [3] NCCL INFO proxyProgressAsync opId=0x7f83c9fed260 op.type=3 op.reqBuff=0x7f83c0022940 op.respSize=80 done
proj186:3272157:3272286 [6] NCCL INFO ncclPollProxyResponse Received new opId=0x7fafd1fed320
proj186:3272152:3272303 [1] NCCL INFO New proxy send connection 20 from local rank 1, transport 0
proj186:3272152:3272303 [1] NCCL INFO proxyProgressAsync opId=0x7f6061fed260 op.type=1 op.reqBuff=0x7f6058021ca0 op.respSize=16 done
proj186:3272152:3272285 [1] NCCL INFO ncclPollProxyResponse Received new opId=0x7f6061fed260
proj186:3272157:3272286 [6] NCCL INFO recvOpId=0x7fafd1fed320 matches expected opId=0x7fafd1fed320
proj186:3272157:3272286 [6] NCCL INFO Connection to proxy localRank 6 -> connection 0x7fafc8003880
proj186:3272157:3272301 [6] NCCL INFO Received and initiated operation=Init res=0
proj186:3272154:3272281 [3] NCCL INFO ncclPollProxyResponse Received new opId=0x7f83c9fed260
proj186:3272152:3272285 [1] NCCL INFO recvOpId=0x7f6061fed260 matches expected opId=0x7f6061fed260
proj186:3272152:3272285 [1] NCCL INFO Connection to proxy localRank 1 -> connection 0x7f6058003790
proj186:3272152:3272303 [1] NCCL INFO Received and initiated operation=Init res=0
proj186:3272151:3272302 [0] NCCL INFO Allocated shareable buffer 0x7f0141800000 size 6291456 ipcDesc 0x7f0160017cf0
proj186:3272151:3272302 [0] NCCL INFO proxyProgressAsync opId=0x7f014dfed320 op.type=3 op.reqBuff=0x7f0160025ed0 op.respSize=80 done
proj186:3272154:3272281 [3] NCCL INFO recvOpId=0x7f83c9fed260 matches expected opId=0x7f83c9fed260
proj186:3272154:3272281 [3] NCCL INFO Channel 05/0 : 3[3] -> 4[4] via P2P/IPC/read
proj186:3272154:3272306 [3] NCCL INFO Received and initiated operation=Setup res=0
proj186:3272151:3272280 [0] NCCL INFO ncclPollProxyResponse Received new opId=0x7f014dfed320
proj186:3272151:3272280 [0] NCCL INFO recvOpId=0x7f014dfed320 matches expected opId=0x7f014dfed320
proj186:3272151:3272280 [0] NCCL INFO Channel 09/0 : 0[0] -> 1[1] via P2P/IPC/read
proj186:3272154:3272306 [3] NCCL INFO New proxy send connection 21 from local rank 3, transport 0
proj186:3272154:3272306 [3] NCCL INFO proxyProgressAsync opId=0x7f83c9fed260 op.type=1 op.reqBuff=0x7f83c0022940 op.respSize=16 done
proj186:3272151:3272302 [0] NCCL INFO Received and initiated operation=Setup res=0
proj186:3272154:3272281 [3] NCCL INFO ncclPollProxyResponse Received new opId=0x7f83c9fed260
proj186:3272154:3272281 [3] NCCL INFO recvOpId=0x7f83c9fed260 matches expected opId=0x7f83c9fed260
proj186:3272154:3272281 [3] NCCL INFO Connection to proxy localRank 3 -> connection 0x7f83c00037e0
proj186:3272151:3272302 [0] NCCL INFO New proxy send connection 25 from local rank 0, transport 0
proj186:3272151:3272302 [0] NCCL INFO proxyProgressAsync opId=0x7f014dfed320 op.type=1 op.reqBuff=0x7f0160025ed0 op.respSize=16 done
proj186:3272154:3272306 [3] NCCL INFO Received and initiated operation=Init res=0
proj186:3272151:3272280 [0] NCCL INFO ncclPollProxyResponse Received new opId=0x7f014dfed320
proj186:3272151:3272280 [0] NCCL INFO recvOpId=0x7f014dfed320 matches expected opId=0x7f014dfed320
proj186:3272151:3272280 [0] NCCL INFO Connection to proxy localRank 0 -> connection 0x7f0160003920
proj186:3272151:3272302 [0] NCCL INFO Received and initiated operation=Init res=0
proj186:3272157:3272301 [6] NCCL INFO transport/p2p.cc:204 Cuda Alloc Size 6291456 pointer 0x7fafbf200000
proj186:3272152:3272303 [1] NCCL INFO transport/p2p.cc:204 Cuda Alloc Size 6291456 pointer 0x7f604e000000
proj186:3272157:3272301 [6] NCCL INFO Allocated shareable buffer 0x7fafbf200000 size 6291456 ipcDesc 0x7fafc8020fd0
proj186:3272156:3272300 [5] NCCL INFO Received and initiated operation=Init res=0
proj186:3272153:3272282 [2] NCCL INFO Connection to proxy localRank 2 -> connection 0x7fea74003920
proj186:3272156:3272287 [5] NCCL INFO recvOpId=0x7fa662533180 matches expected opId=0x7fa662533180
proj186:3272156:3272287 [5] NCCL INFO Connection to proxy localRank 5 -> connection 0x7fa6580039c0
proj186:3272153:3272307 [2] NCCL INFO transport/p2p.cc:204 Cuda Alloc Size 6291456 pointer 0x7fea68000000
proj186:3272153:3272307 [2] NCCL INFO Allocated shareable buffer 0x7fea68000000 size 6291456 ipcDesc 0x7fea74020fd0
proj186:3272153:3272307 [2] NCCL INFO proxyProgressAsync opId=0x7fea7dfeca10 op.type=3 op.reqBuff=0x7fea74026c10 op.respSize=80 done
proj186:3272153:3272282 [2] NCCL INFO ncclPollProxyResponse Received new opId=0x7fea7dfeca10
proj186:3272153:3272307 [2] NCCL INFO Received and initiated operation=Setup res=0
proj186:3272153:3272282 [2] NCCL INFO recvOpId=0x7fea7dfeca10 matches expected opId=0x7fea7dfeca10
proj186:3272153:3272282 [2] NCCL INFO Channel 10/0 : 2[2] -> 3[3] via P2P/IPC/read
proj186:3272158:3272304 [7] NCCL INFO transport/p2p.cc:204 Cuda Alloc Size 6291456 pointer 0x7fb8d7800000
proj186:3272153:3272307 [2] NCCL INFO New proxy send connection 26 from local rank 2, transport 0
proj186:3272153:3272307 [2] NCCL INFO proxyProgressAsync opId=0x7fea7dfeca10 op.type=1 op.reqBuff=0x7fea74026c10 op.respSize=16 done
proj186:3272153:3272282 [2] NCCL INFO ncclPollProxyResponse Received new opId=0x7fea7dfeca10
proj186:3272153:3272307 [2] NCCL INFO Received and initiated operation=Init res=0
proj186:3272153:3272282 [2] NCCL INFO recvOpId=0x7fea7dfeca10 matches expected opId=0x7fea7dfeca10
proj186:3272153:3272282 [2] NCCL INFO Connection to proxy localRank 2 -> connection 0x7fea74003970
proj186:3272158:3272304 [7] NCCL INFO Allocated shareable buffer 0x7fb8d7800000 size 6291456 ipcDesc 0x7fb8e0020fd0
proj186:3272158:3272304 [7] NCCL INFO proxyProgressAsync opId=0x7fb8e9fed260 op.type=3 op.reqBuff=0x7fb8e0025f70 op.respSize=80 done
proj186:3272158:3272284 [7] NCCL INFO ncclPollProxyResponse Received new opId=0x7fb8e9fed260
proj186:3272155:3272305 [4] NCCL INFO transport/p2p.cc:204 Cuda Alloc Size 6291456 pointer 0x7fc441800000
proj186:3272158:3272284 [7] NCCL INFO recvOpId=0x7fb8e9fed260 matches expected opId=0x7fb8e9fed260
proj186:3272158:3272304 [7] NCCL INFO Received and initiated operation=Setup res=0
proj186:3272158:3272284 [7] NCCL INFO Channel 09/0 : 7[7] -> 0[0] via P2P/IPC/read
proj186:3272158:3272304 [7] NCCL INFO New proxy send connection 25 from local rank 7, transport 0
proj186:3272158:3272304 [7] NCCL INFO proxyProgressAsync opId=0x7fb8e9fed260 op.type=1 op.reqBuff=0x7fb8e0025f70 op.respSize=16 done
proj186:3272158:3272284 [7] NCCL INFO ncclPollProxyResponse Received new opId=0x7fb8e9fed260
proj186:3272158:3272284 [7] NCCL INFO recvOpId=0x7fb8e9fed260 matches expected opId=0x7fb8e9fed260
proj186:3272158:3272284 [7] NCCL INFO Connection to proxy localRank 7 -> connection 0x7fb8e0003920
proj186:3272158:3272304 [7] NCCL INFO Received and initiated operation=Init res=0
proj186:3272155:3272305 [4] NCCL INFO Allocated shareable buffer 0x7fc441800000 size 6291456 ipcDesc 0x7fc448020fd0
proj186:3272155:3272305 [4] NCCL INFO proxyProgressAsync opId=0x7fc451fed260 op.type=3 op.reqBuff=0x7fc448021ca0 op.respSize=80 done
proj186:3272155:3272283 [4] NCCL INFO ncclPollProxyResponse Received new opId=0x7fc451fed260
proj186:3272155:3272283 [4] NCCL INFO recvOpId=0x7fc451fed260 matches expected opId=0x7fc451fed260
proj186:3272155:3272305 [4] NCCL INFO Received and initiated operation=Setup res=0
proj186:3272155:3272283 [4] NCCL INFO Channel 04/0 : 4[4] -> 5[5] via P2P/IPC/read
proj186:3272156:3272300 [5] NCCL INFO transport/p2p.cc:204 Cuda Alloc Size 6291456 pointer 0x7fa64cc00000
proj186:3272155:3272305 [4] NCCL INFO New proxy send connection 20 from local rank 4, transport 0
proj186:3272155:3272305 [4] NCCL INFO proxyProgressAsync opId=0x7fc451fed260 op.type=1 op.reqBuff=0x7fc448021ca0 op.respSize=16 done
proj186:3272153:3272307 [2] NCCL INFO transport/p2p.cc:204 Cuda Alloc Size 6291456 pointer 0x7fea68600000
proj186:3272153:3272307 [2] NCCL INFO Allocated shareable buffer 0x7fea68600000 size 6291456 ipcDesc 0x7fea74020fd0
proj186:3272153:3272307 [2] NCCL INFO proxyProgressAsync opId=0x7fea7dfeca10 op.type=3 op.reqBuff=0x7fea74027c60 op.respSize=80 done
proj186:3272155:3272283 [4] NCCL INFO ncclPollProxyResponse Received new opId=0x7fc451fed260
proj186:3272156:3272300 [5] NCCL INFO Allocated shareable buffer 0x7fa64cc00000 size 6291456 ipcDesc 0x7fa658020fd0
proj186:3272156:3272300 [5] NCCL INFO proxyProgressAsync opId=0x7fa662533180 op.type=3 op.reqBuff=0x7fa658028900 op.respSize=80 done
proj186:3272153:3272282 [2] NCCL INFO ncclPollProxyResponse Received new opId=0x7fea7dfeca10
proj186:3272153:3272307 [2] NCCL INFO Received and initiated operation=Setup res=0
proj186:3272153:3272282 [2] NCCL INFO recvOpId=0x7fea7dfeca10 matches expected opId=0x7fea7dfeca10
proj186:3272155:3272283 [4] NCCL INFO recvOpId=0x7fc451fed260 matches expected opId=0x7fc451fed260
proj186:3272155:3272283 [4] NCCL INFO Connection to proxy localRank 4 -> connection 0x7fc448003790
proj186:3272153:3272282 [2] NCCL INFO Channel 11/0 : 2[2] -> 3[3] via P2P/IPC/read
proj186:3272156:3272287 [5] NCCL INFO ncclPollProxyResponse Received new opId=0x7fa662533180
proj186:3272155:3272305 [4] NCCL INFO Received and initiated operation=Init res=0
proj186:3272153:3272307 [2] NCCL INFO New proxy send connection 27 from local rank 2, transport 0
proj186:3272153:3272307 [2] NCCL INFO proxyProgressAsync opId=0x7fea7dfeca10 op.type=1 op.reqBuff=0x7fea74027c60 op.respSize=16 done
proj186:3272156:3272287 [5] NCCL INFO recvOpId=0x7fa662533180 matches expected opId=0x7fa662533180
proj186:3272153:3272282 [2] NCCL INFO ncclPollProxyResponse Received new opId=0x7fea7dfeca10
proj186:3272153:3272307 [2] NCCL INFO Received and initiated operation=Init res=0
proj186:3272156:3272287 [5] NCCL INFO Channel 12/0 : 5[5] -> 6[6] via P2P/IPC/read
proj186:3272156:3272300 [5] NCCL INFO Received and initiated operation=Setup res=0
proj186:3272157:3272301 [6] NCCL INFO proxyProgressAsync opId=0x7fafd1fed320 op.type=3 op.reqBuff=0x7fafc80252d0 op.respSize=80 done
proj186:3272152:3272303 [1] NCCL INFO Allocated shareable buffer 0x7f604e000000 size 6291456 ipcDesc 0x7f6058020fd0
proj186:3272152:3272303 [1] NCCL INFO proxyProgressAsync opId=0x7f6061fed260 op.type=3 op.reqBuff=0x7f6058022940 op.respSize=80 done
proj186:3272152:3272285 [1] NCCL INFO ncclPollProxyResponse Received new opId=0x7f6061fed260
proj186:3272157:3272286 [6] NCCL INFO ncclPollProxyResponse Received new opId=0x7fafd1fed320
proj186:3272152:3272285 [1] NCCL INFO recvOpId=0x7f6061fed260 matches expected opId=0x7f6061fed260
proj186:3272152:3272303 [1] NCCL INFO Received and initiated operation=Setup res=0
proj186:3272152:3272285 [1] NCCL INFO Channel 05/0 : 1[1] -> 2[2] via P2P/IPC/read
proj186:3272157:3272286 [6] NCCL INFO recvOpId=0x7fafd1fed320 matches expected opId=0x7fafd1fed320
proj186:3272157:3272286 [6] NCCL INFO Channel 08/0 : 6[6] -> 7[7] via P2P/IPC/read
proj186:3272157:3272301 [6] NCCL INFO Received and initiated operation=Setup res=0
proj186:3272152:3272303 [1] NCCL INFO New proxy send connection 21 from local rank 1, transport 0
proj186:3272152:3272303 [1] NCCL INFO proxyProgressAsync opId=0x7f6061fed260 op.type=1 op.reqBuff=0x7f6058022940 op.respSize=16 done
proj186:3272152:3272285 [1] NCCL INFO ncclPollProxyResponse Received new opId=0x7f6061fed260
proj186:3272152:3272285 [1] NCCL INFO recvOpId=0x7f6061fed260 matches expected opId=0x7f6061fed260
proj186:3272152:3272285 [1] NCCL INFO Connection to proxy localRank 1 -> connection 0x7f60580037e0
proj186:3272157:3272301 [6] NCCL INFO New proxy send connection 24 from local rank 6, transport 0
proj186:3272152:3272303 [1] NCCL INFO Received and initiated operation=Init res=0
proj186:3272157:3272301 [6] NCCL INFO proxyProgressAsync opId=0x7fafd1fed320 op.type=1 op.reqBuff=0x7fafc80252d0 op.respSize=16 done
proj186:3272157:3272286 [6] NCCL INFO ncclPollProxyResponse Received new opId=0x7fafd1fed320
proj186:3272157:3272286 [6] NCCL INFO recvOpId=0x7fafd1fed320 matches expected opId=0x7fafd1fed320
proj186:3272157:3272286 [6] NCCL INFO Connection to proxy localRank 6 -> connection 0x7fafc80038d0
proj186:3272157:3272301 [6] NCCL INFO Received and initiated operation=Init res=0
proj186:3272152:3272303 [1] NCCL INFO transport/p2p.cc:204 Cuda Alloc Size 6291456 pointer 0x7f604e600000
proj186:3272152:3272303 [1] NCCL INFO Allocated shareable buffer 0x7f604e600000 size 6291456 ipcDesc 0x7f6058020fd0
proj186:3272152:3272303 [1] NCCL INFO proxyProgressAsync opId=0x7f6061fed260 op.type=3 op.reqBuff=0x7f6058023990 op.respSize=80 done
proj186:3272152:3272285 [1] NCCL INFO ncclPollProxyResponse Received new opId=0x7f6061fed260
proj186:3272152:3272285 [1] NCCL INFO recvOpId=0x7f6061fed260 matches expected opId=0x7f6061fed260
proj186:3272152:3272285 [1] NCCL INFO Channel 06/0 : 1[1] -> 2[2] via P2P/IPC/read
proj186:3272152:3272303 [1] NCCL INFO Received and initiated operation=Setup res=0
proj186:3272152:3272303 [1] NCCL INFO New proxy send connection 22 from local rank 1, transport 0
proj186:3272152:3272303 [1] NCCL INFO proxyProgressAsync opId=0x7f6061fed260 op.type=1 op.reqBuff=0x7f6058023990 op.respSize=16 done
proj186:3272152:3272285 [1] NCCL INFO ncclPollProxyResponse Received new opId=0x7f6061fed260
proj186:3272157:3272301 [6] NCCL INFO transport/p2p.cc:204 Cuda Alloc Size 6291456 pointer 0x7fafbf800000
proj186:3272152:3272285 [1] NCCL INFO recvOpId=0x7f6061fed260 matches expected opId=0x7f6061fed260
proj186:3272152:3272285 [1] NCCL INFO Connection to proxy localRank 1 -> connection 0x7f6058003830
proj186:3272152:3272303 [1] NCCL INFO Received and initiated operation=Init res=0
proj186:3272157:3272301 [6] NCCL INFO Allocated shareable buffer 0x7fafbf800000 size 6291456 ipcDesc 0x7fafc8020fd0
proj186:3272157:3272301 [6] NCCL INFO proxyProgressAsync opId=0x7fafd1fed320 op.type=3 op.reqBuff=0x7fafc8025f70 op.respSize=80 done
proj186:3272157:3272286 [6] NCCL INFO ncclPollProxyResponse Received new opId=0x7fafd1fed320
proj186:3272157:3272286 [6] NCCL INFO recvOpId=0x7fafd1fed320 matches expected opId=0x7fafd1fed320
proj186:3272154:3272306 [3] NCCL INFO transport/p2p.cc:204 Cuda Alloc Size 6291456 pointer 0x7f83b6600000
proj186:3272151:3272302 [0] NCCL INFO transport/p2p.cc:204 Cuda Alloc Size 6291456 pointer 0x7f013e000000
proj186:3272153:3272282 [2] NCCL INFO recvOpId=0x7fea7dfeca10 matches expected opId=0x7fea7dfeca10
proj186:3272153:3272282 [2] NCCL INFO Connection to proxy localRank 2 -> connection 0x7fea740039c0
proj186:3272156:3272300 [5] NCCL INFO New proxy send connection 28 from local rank 5, transport 0
proj186:3272154:3272306 [3] NCCL INFO Allocated shareable buffer 0x7f83b6600000 size 6291456 ipcDesc 0x7f83c0020fd0
proj186:3272151:3272302 [0] NCCL INFO Allocated shareable buffer 0x7f013e000000 size 6291456 ipcDesc 0x7f0160017cf0
proj186:3272151:3272302 [0] NCCL INFO proxyProgressAsync opId=0x7f014dfed320 op.type=3 op.reqBuff=0x7f0160026b70 op.respSize=80 done
proj186:3272154:3272306 [3] NCCL INFO proxyProgressAsync opId=0x7f83c9fed260 op.type=3 op.reqBuff=0x7f83c0023990 op.respSize=80 done
proj186:3272156:3272300 [5] NCCL INFO proxyProgressAsync opId=0x7fa662533180 op.type=1 op.reqBuff=0x7fa658028900 op.respSize=16 done
proj186:3272151:3272280 [0] NCCL INFO ncclPollProxyResponse Received new opId=0x7f014dfed320
proj186:3272154:3272281 [3] NCCL INFO ncclPollProxyResponse Received new opId=0x7f83c9fed260
proj186:3272154:3272281 [3] NCCL INFO recvOpId=0x7f83c9fed260 matches expected opId=0x7f83c9fed260
proj186:3272151:3272280 [0] NCCL INFO recvOpId=0x7f014dfed320 matches expected opId=0x7f014dfed320
proj186:3272156:3272287 [5] NCCL INFO ncclPollProxyResponse Received new opId=0x7fa662533180
proj186:3272151:3272280 [0] NCCL INFO Channel 10/0 : 0[0] -> 1[1] via P2P/IPC/read
proj186:3272151:3272302 [0] NCCL INFO Received and initiated operation=Setup res=0
proj186:3272154:3272281 [3] NCCL INFO Channel 06/0 : 3[3] -> 4[4] via P2P/IPC/read
proj186:3272154:3272306 [3] NCCL INFO Received and initiated operation=Setup res=0
proj186:3272156:3272287 [5] NCCL INFO recvOpId=0x7fa662533180 matches expected opId=0x7fa662533180
proj186:3272156:3272287 [5] NCCL INFO Connection to proxy localRank 5 -> connection 0x7fa658003a10
proj186:3272156:3272300 [5] NCCL INFO Received and initiated operation=Init res=0
proj186:3272151:3272302 [0] NCCL INFO New proxy send connection 26 from local rank 0, transport 0
proj186:3272151:3272302 [0] NCCL INFO proxyProgressAsync opId=0x7f014dfed320 op.type=1 op.reqBuff=0x7f0160026b70 op.respSize=16 done
proj186:3272154:3272306 [3] NCCL INFO New proxy send connection 22 from local rank 3, transport 0
proj186:3272154:3272306 [3] NCCL INFO proxyProgressAsync opId=0x7f83c9fed260 op.type=1 op.reqBuff=0x7f83c0023990 op.respSize=16 done
proj186:3272151:3272280 [0] NCCL INFO ncclPollProxyResponse Received new opId=0x7f014dfed320
proj186:3272154:3272281 [3] NCCL INFO ncclPollProxyResponse Received new opId=0x7f83c9fed260
proj186:3272151:3272280 [0] NCCL INFO recvOpId=0x7f014dfed320 matches expected opId=0x7f014dfed320
proj186:3272151:3272280 [0] NCCL INFO Connection to proxy localRank 0 -> connection 0x7f0160003970
proj186:3272151:3272302 [0] NCCL INFO Received and initiated operation=Init res=0
proj186:3272154:3272281 [3] NCCL INFO recvOpId=0x7f83c9fed260 matches expected opId=0x7f83c9fed260
proj186:3272154:3272281 [3] NCCL INFO Connection to proxy localRank 3 -> connection 0x7f83c0003830
proj186:3272154:3272306 [3] NCCL INFO Received and initiated operation=Init res=0
proj186:3272158:3272304 [7] NCCL INFO transport/p2p.cc:204 Cuda Alloc Size 6291456 pointer 0x7fb8d4000000
proj186:3272155:3272305 [4] NCCL INFO transport/p2p.cc:204 Cuda Alloc Size 6291456 pointer 0x7fc43e000000
proj186:3272157:3272301 [6] NCCL INFO Received and initiated operation=Setup res=0
proj186:3272152:3272303 [1] NCCL INFO transport/p2p.cc:204 Cuda Alloc Size 6291456 pointer 0x7f604ec00000
proj186:3272157:3272286 [6] NCCL INFO Channel 09/0 : 6[6] -> 7[7] via P2P/IPC/read
proj186:3272157:3272301 [6] NCCL INFO New proxy send connection 25 from local rank 6, transport 0
proj186:3272157:3272301 [6] NCCL INFO proxyProgressAsync opId=0x7fafd1fed320 op.type=1 op.reqBuff=0x7fafc8025f70 op.respSize=16 done
proj186:3272157:3272286 [6] NCCL INFO ncclPollProxyResponse Received new opId=0x7fafd1fed320
proj186:3272157:3272286 [6] NCCL INFO recvOpId=0x7fafd1fed320 matches expected opId=0x7fafd1fed320
proj186:3272157:3272286 [6] NCCL INFO Connection to proxy localRank 6 -> connection 0x7fafc8003920
proj186:3272157:3272301 [6] NCCL INFO Received and initiated operation=Init res=0
proj186:3272158:3272304 [7] NCCL INFO Allocated shareable buffer 0x7fb8d4000000 size 6291456 ipcDesc 0x7fb8e0020fd0
proj186:3272158:3272304 [7] NCCL INFO proxyProgressAsync opId=0x7fb8e9fed260 op.type=3 op.reqBuff=0x7fb8e0026c10 op.respSize=80 done
proj186:3272158:3272284 [7] NCCL INFO ncclPollProxyResponse Received new opId=0x7fb8e9fed260
proj186:3272158:3272284 [7] NCCL INFO recvOpId=0x7fb8e9fed260 matches expected opId=0x7fb8e9fed260
proj186:3272158:3272284 [7] NCCL INFO Channel 10/0 : 7[7] -> 0[0] via P2P/IPC/read
proj186:3272158:3272304 [7] NCCL INFO Received and initiated operation=Setup res=0
proj186:3272152:3272303 [1] NCCL INFO Allocated shareable buffer 0x7f604ec00000 size 6291456 ipcDesc 0x7f6058020fd0
proj186:3272155:3272305 [4] NCCL INFO Allocated shareable buffer 0x7fc43e000000 size 6291456 ipcDesc 0x7fc448020fd0
proj186:3272152:3272303 [1] NCCL INFO proxyProgressAsync opId=0x7f6061fed260 op.type=3 op.reqBuff=0x7f6058024630 op.respSize=80 done
proj186:3272158:3272304 [7] NCCL INFO New proxy send connection 26 from local rank 7, transport 0
proj186:3272155:3272305 [4] NCCL INFO proxyProgressAsync opId=0x7fc451fed260 op.type=3 op.reqBuff=0x7fc448022940 op.respSize=80 done
proj186:3272158:3272304 [7] NCCL INFO proxyProgressAsync opId=0x7fb8e9fed260 op.type=1 op.reqBuff=0x7fb8e0026c10 op.respSize=16 done
proj186:3272158:3272284 [7] NCCL INFO ncclPollProxyResponse Received new opId=0x7fb8e9fed260
proj186:3272152:3272285 [1] NCCL INFO ncclPollProxyResponse Received new opId=0x7f6061fed260
proj186:3272158:3272284 [7] NCCL INFO recvOpId=0x7fb8e9fed260 matches expected opId=0x7fb8e9fed260
proj186:3272158:3272284 [7] NCCL INFO Connection to proxy localRank 7 -> connection 0x7fb8e0003970
proj186:3272158:3272304 [7] NCCL INFO Received and initiated operation=Init res=0
proj186:3272155:3272283 [4] NCCL INFO ncclPollProxyResponse Received new opId=0x7fc451fed260
proj186:3272152:3272285 [1] NCCL INFO recvOpId=0x7f6061fed260 matches expected opId=0x7f6061fed260
proj186:3272152:3272285 [1] NCCL INFO Channel 07/0 : 1[1] -> 2[2] via P2P/IPC/read
proj186:3272152:3272303 [1] NCCL INFO Received and initiated operation=Setup res=0
proj186:3272155:3272283 [4] NCCL INFO recvOpId=0x7fc451fed260 matches expected opId=0x7fc451fed260
proj186:3272155:3272283 [4] NCCL INFO Channel 05/0 : 4[4] -> 5[5] via P2P/IPC/read
proj186:3272155:3272305 [4] NCCL INFO Received and initiated operation=Setup res=0
proj186:3272152:3272303 [1] NCCL INFO New proxy send connection 23 from local rank 1, transport 0
proj186:3272152:3272303 [1] NCCL INFO proxyProgressAsync opId=0x7f6061fed260 op.type=1 op.reqBuff=0x7f6058024630 op.respSize=16 done
proj186:3272152:3272285 [1] NCCL INFO ncclPollProxyResponse Received new opId=0x7f6061fed260
proj186:3272152:3272285 [1] NCCL INFO recvOpId=0x7f6061fed260 matches expected opId=0x7f6061fed260
proj186:3272152:3272285 [1] NCCL INFO Connection to proxy localRank 1 -> connection 0x7f6058003880
proj186:3272152:3272303 [1] NCCL INFO Received and initiated operation=Init res=0
proj186:3272155:3272305 [4] NCCL INFO New proxy send connection 21 from local rank 4, transport 0
proj186:3272155:3272305 [4] NCCL INFO proxyProgressAsync opId=0x7fc451fed260 op.type=1 op.reqBuff=0x7fc448022940 op.respSize=16 done
proj186:3272155:3272283 [4] NCCL INFO ncclPollProxyResponse Received new opId=0x7fc451fed260
proj186:3272155:3272283 [4] NCCL INFO recvOpId=0x7fc451fed260 matches expected opId=0x7fc451fed260
proj186:3272155:3272283 [4] NCCL INFO Connection to proxy localRank 4 -> connection 0x7fc4480037e0
proj186:3272155:3272305 [4] NCCL INFO Received and initiated operation=Init res=0
proj186:3272153:3272307 [2] NCCL INFO transport/p2p.cc:204 Cuda Alloc Size 6291456 pointer 0x7fea68c00000
proj186:3272156:3272300 [5] NCCL INFO transport/p2p.cc:204 Cuda Alloc Size 6291456 pointer 0x7fa64d200000
proj186:3272151:3272302 [0] NCCL INFO transport/p2p.cc:204 Cuda Alloc Size 6291456 pointer 0x7f013e600000
proj186:3272153:3272307 [2] NCCL INFO Allocated shareable buffer 0x7fea68c00000 size 6291456 ipcDesc 0x7fea74020fd0
proj186:3272153:3272307 [2] NCCL INFO proxyProgressAsync opId=0x7fea7dfeca10 op.type=3 op.reqBuff=0x7fea74028900 op.respSize=80 done
proj186:3272153:3272282 [2] NCCL INFO ncclPollProxyResponse Received new opId=0x7fea7dfeca10
proj186:3272153:3272282 [2] NCCL INFO recvOpId=0x7fea7dfeca10 matches expected opId=0x7fea7dfeca10
proj186:3272153:3272282 [2] NCCL INFO Channel 12/0 : 2[2] -> 3[3] via P2P/IPC/read
proj186:3272153:3272307 [2] NCCL INFO Received and initiated operation=Setup res=0
proj186:3272153:3272307 [2] NCCL INFO New proxy send connection 28 from local rank 2, transport 0
proj186:3272153:3272307 [2] NCCL INFO proxyProgressAsync opId=0x7fea7dfeca10 op.type=1 op.reqBuff=0x7fea74028900 op.respSize=16 done
proj186:3272153:3272282 [2] NCCL INFO ncclPollProxyResponse Received new opId=0x7fea7dfeca10
proj186:3272154:3272306 [3] NCCL INFO transport/p2p.cc:204 Cuda Alloc Size 6291456 pointer 0x7f83b6c00000
proj186:3272153:3272282 [2] NCCL INFO recvOpId=0x7fea7dfeca10 matches expected opId=0x7fea7dfeca10
proj186:3272153:3272282 [2] NCCL INFO Connection to proxy localRank 2 -> connection 0x7fea74003a10
proj186:3272153:3272307 [2] NCCL INFO Received and initiated operation=Init res=0
proj186:3272156:3272300 [5] NCCL INFO Allocated shareable buffer 0x7fa64d200000 size 6291456 ipcDesc 0x7fa658020fd0
proj186:3272156:3272300 [5] NCCL INFO proxyProgressAsync opId=0x7fa662533180 op.type=3 op.reqBuff=0x7fa6580295a0 op.respSize=80 done
proj186:3272156:3272287 [5] NCCL INFO ncclPollProxyResponse Received new opId=0x7fa662533180
proj186:3272156:3272287 [5] NCCL INFO recvOpId=0x7fa662533180 matches expected opId=0x7fa662533180
proj186:3272156:3272287 [5] NCCL INFO Channel 13/0 : 5[5] -> 6[6] via P2P/IPC/read
proj186:3272156:3272300 [5] NCCL INFO Received and initiated operation=Setup res=0
proj186:3272151:3272302 [0] NCCL INFO Allocated shareable buffer 0x7f013e600000 size 6291456 ipcDesc 0x7f0160017cf0
proj186:3272151:3272302 [0] NCCL INFO proxyProgressAsync opId=0x7f014dfed320 op.type=3 op.reqBuff=0x7f0160027bc0 op.respSize=80 done
proj186:3272156:3272300 [5] NCCL INFO New proxy send connection 29 from local rank 5, transport 0
proj186:3272156:3272300 [5] NCCL INFO proxyProgressAsync opId=0x7fa662533180 op.type=1 op.reqBuff=0x7fa6580295a0 op.respSize=16 done
proj186:3272156:3272287 [5] NCCL INFO ncclPollProxyResponse Received new opId=0x7fa662533180
proj186:3272151:3272280 [0] NCCL INFO ncclPollProxyResponse Received new opId=0x7f014dfed320
proj186:3272156:3272287 [5] NCCL INFO recvOpId=0x7fa662533180 matches expected opId=0x7fa662533180
proj186:3272156:3272287 [5] NCCL INFO Connection to proxy localRank 5 -> connection 0x7fa658003a60
proj186:3272156:3272300 [5] NCCL INFO Received and initiated operation=Init res=0
proj186:3272151:3272280 [0] NCCL INFO recvOpId=0x7f014dfed320 matches expected opId=0x7f014dfed320
proj186:3272151:3272302 [0] NCCL INFO Received and initiated operation=Setup res=0
proj186:3272151:3272280 [0] NCCL INFO Channel 11/0 : 0[0] -> 1[1] via P2P/IPC/read
proj186:3272151:3272302 [0] NCCL INFO New proxy send connection 27 from local rank 0, transport 0
proj186:3272151:3272302 [0] NCCL INFO proxyProgressAsync opId=0x7f014dfed320 op.type=1 op.reqBuff=0x7f0160027bc0 op.respSize=16 done
proj186:3272151:3272280 [0] NCCL INFO ncclPollProxyResponse Received new opId=0x7f014dfed320
proj186:3272151:3272280 [0] NCCL INFO recvOpId=0x7f014dfed320 matches expected opId=0x7f014dfed320
proj186:3272151:3272280 [0] NCCL INFO Connection to proxy localRank 0 -> connection 0x7f01600039c0
proj186:3272154:3272306 [3] NCCL INFO Allocated shareable buffer 0x7f83b6c00000 size 6291456 ipcDesc 0x7f83c0020fd0
proj186:3272151:3272302 [0] NCCL INFO Received and initiated operation=Init res=0
proj186:3272154:3272306 [3] NCCL INFO proxyProgressAsync opId=0x7f83c9fed260 op.type=3 op.reqBuff=0x7f83c0024630 op.respSize=80 done
proj186:3272154:3272281 [3] NCCL INFO ncclPollProxyResponse Received new opId=0x7f83c9fed260
proj186:3272154:3272281 [3] NCCL INFO recvOpId=0x7f83c9fed260 matches expected opId=0x7f83c9fed260
proj186:3272154:3272281 [3] NCCL INFO Channel 07/0 : 3[3] -> 4[4] via P2P/IPC/read
proj186:3272154:3272306 [3] NCCL INFO Received and initiated operation=Setup res=0
proj186:3272154:3272306 [3] NCCL INFO New proxy send connection 23 from local rank 3, transport 0
proj186:3272154:3272306 [3] NCCL INFO proxyProgressAsync opId=0x7f83c9fed260 op.type=1 op.reqBuff=0x7f83c0024630 op.respSize=16 done
proj186:3272154:3272281 [3] NCCL INFO ncclPollProxyResponse Received new opId=0x7f83c9fed260
proj186:3272157:3272301 [6] NCCL INFO transport/p2p.cc:204 Cuda Alloc Size 6291456 pointer 0x7fafbc000000
proj186:3272154:3272281 [3] NCCL INFO recvOpId=0x7f83c9fed260 matches expected opId=0x7f83c9fed260
proj186:3272154:3272281 [3] NCCL INFO Connection to proxy localRank 3 -> connection 0x7f83c0003880
proj186:3272154:3272306 [3] NCCL INFO Received and initiated operation=Init res=0
proj186:3272158:3272304 [7] NCCL INFO transport/p2p.cc:204 Cuda Alloc Size 6291456 pointer 0x7fb8d4600000
proj186:3272152:3272303 [1] NCCL INFO transport/p2p.cc:204 Cuda Alloc Size 6291456 pointer 0x7f604f200000
proj186:3272155:3272305 [4] NCCL INFO transport/p2p.cc:204 Cuda Alloc Size 6291456 pointer 0x7fc43e600000
proj186:3272157:3272301 [6] NCCL INFO Allocated shareable buffer 0x7fafbc000000 size 6291456 ipcDesc 0x7fafc8020fd0
proj186:3272157:3272301 [6] NCCL INFO proxyProgressAsync opId=0x7fafd1fed320 op.type=3 op.reqBuff=0x7fafc8026c10 op.respSize=80 done
proj186:3272157:3272286 [6] NCCL INFO ncclPollProxyResponse Received new opId=0x7fafd1fed320
proj186:3272157:3272286 [6] NCCL INFO recvOpId=0x7fafd1fed320 matches expected opId=0x7fafd1fed320
proj186:3272157:3272301 [6] NCCL INFO Received and initiated operation=Setup res=0
proj186:3272157:3272286 [6] NCCL INFO Channel 10/0 : 6[6] -> 7[7] via P2P/IPC/read
proj186:3272158:3272304 [7] NCCL INFO Allocated shareable buffer 0x7fb8d4600000 size 6291456 ipcDesc 0x7fb8e0020fd0
proj186:3272158:3272304 [7] NCCL INFO proxyProgressAsync opId=0x7fb8e9fed260 op.type=3 op.reqBuff=0x7fb8e0027c60 op.respSize=80 done
proj186:3272158:3272284 [7] NCCL INFO ncclPollProxyResponse Received new opId=0x7fb8e9fed260
proj186:3272157:3272301 [6] NCCL INFO New proxy send connection 26 from local rank 6, transport 0
proj186:3272157:3272301 [6] NCCL INFO proxyProgressAsync opId=0x7fafd1fed320 op.type=1 op.reqBuff=0x7fafc8026c10 op.respSize=16 done
proj186:3272157:3272286 [6] NCCL INFO ncclPollProxyResponse Received new opId=0x7fafd1fed320
proj186:3272158:3272284 [7] NCCL INFO recvOpId=0x7fb8e9fed260 matches expected opId=0x7fb8e9fed260
proj186:3272158:3272284 [7] NCCL INFO Channel 11/0 : 7[7] -> 0[0] via P2P/IPC/read
proj186:3272158:3272304 [7] NCCL INFO Received and initiated operation=Setup res=0
proj186:3272152:3272303 [1] NCCL INFO Allocated shareable buffer 0x7f604f200000 size 6291456 ipcDesc 0x7f6058020fd0
proj186:3272152:3272303 [1] NCCL INFO proxyProgressAsync opId=0x7f6061fed260 op.type=3 op.reqBuff=0x7f60580252d0 op.respSize=80 done
proj186:3272157:3272286 [6] NCCL INFO recvOpId=0x7fafd1fed320 matches expected opId=0x7fafd1fed320
proj186:3272157:3272286 [6] NCCL INFO Connection to proxy localRank 6 -> connection 0x7fafc8003970
proj186:3272157:3272301 [6] NCCL INFO Received and initiated operation=Init res=0
proj186:3272152:3272285 [1] NCCL INFO ncclPollProxyResponse Received new opId=0x7f6061fed260
proj186:3272158:3272304 [7] NCCL INFO New proxy send connection 27 from local rank 7, transport 0
proj186:3272158:3272304 [7] NCCL INFO proxyProgressAsync opId=0x7fb8e9fed260 op.type=1 op.reqBuff=0x7fb8e0027c60 op.respSize=16 done
proj186:3272158:3272284 [7] NCCL INFO ncclPollProxyResponse Received new opId=0x7fb8e9fed260
proj186:3272152:3272285 [1] NCCL INFO recvOpId=0x7f6061fed260 matches expected opId=0x7f6061fed260
proj186:3272152:3272285 [1] NCCL INFO Channel 08/0 : 1[1] -> 2[2] via P2P/IPC/read
proj186:3272152:3272303 [1] NCCL INFO Received and initiated operation=Setup res=0
proj186:3272158:3272284 [7] NCCL INFO recvOpId=0x7fb8e9fed260 matches expected opId=0x7fb8e9fed260
proj186:3272158:3272284 [7] NCCL INFO Connection to proxy localRank 7 -> connection 0x7fb8e00039c0
proj186:3272155:3272305 [4] NCCL INFO Allocated shareable buffer 0x7fc43e600000 size 6291456 ipcDesc 0x7fc448020fd0
proj186:3272158:3272304 [7] NCCL INFO Received and initiated operation=Init res=0
proj186:3272155:3272305 [4] NCCL INFO proxyProgressAsync opId=0x7fc451fed260 op.type=3 op.reqBuff=0x7fc448023990 op.respSize=80 done
proj186:3272152:3272303 [1] NCCL INFO New proxy send connection 24 from local rank 1, transport 0
proj186:3272152:3272303 [1] NCCL INFO proxyProgressAsync opId=0x7f6061fed260 op.type=1 op.reqBuff=0x7f60580252d0 op.respSize=16 done
proj186:3272155:3272283 [4] NCCL INFO ncclPollProxyResponse Received new opId=0x7fc451fed260
proj186:3272152:3272285 [1] NCCL INFO ncclPollProxyResponse Received new opId=0x7f6061fed260
proj186:3272152:3272285 [1] NCCL INFO recvOpId=0x7f6061fed260 matches expected opId=0x7f6061fed260
proj186:3272155:3272283 [4] NCCL INFO recvOpId=0x7fc451fed260 matches expected opId=0x7fc451fed260
proj186:3272152:3272285 [1] NCCL INFO Connection to proxy localRank 1 -> connection 0x7f60580038d0
proj186:3272155:3272305 [4] NCCL INFO Received and initiated operation=Setup res=0
proj186:3272152:3272303 [1] NCCL INFO Received and initiated operation=Init res=0
proj186:3272155:3272283 [4] NCCL INFO Channel 06/0 : 4[4] -> 5[5] via P2P/IPC/read
proj186:3272155:3272305 [4] NCCL INFO New proxy send connection 22 from local rank 4, transport 0
proj186:3272155:3272305 [4] NCCL INFO proxyProgressAsync opId=0x7fc451fed260 op.type=1 op.reqBuff=0x7fc448023990 op.respSize=16 done
proj186:3272155:3272283 [4] NCCL INFO ncclPollProxyResponse Received new opId=0x7fc451fed260
proj186:3272155:3272283 [4] NCCL INFO recvOpId=0x7fc451fed260 matches expected opId=0x7fc451fed260
proj186:3272155:3272283 [4] NCCL INFO Connection to proxy localRank 4 -> connection 0x7fc448003830
proj186:3272155:3272305 [4] NCCL INFO Received and initiated operation=Init res=0
proj186:3272153:3272307 [2] NCCL INFO transport/p2p.cc:204 Cuda Alloc Size 6291456 pointer 0x7fea69200000
proj186:3272156:3272300 [5] NCCL INFO transport/p2p.cc:204 Cuda Alloc Size 6291456 pointer 0x7fa64d800000
proj186:3272151:3272302 [0] NCCL INFO transport/p2p.cc:204 Cuda Alloc Size 6291456 pointer 0x7f013ec00000
proj186:3272153:3272307 [2] NCCL INFO Allocated shareable buffer 0x7fea69200000 size 6291456 ipcDesc 0x7fea74020fd0
proj186:3272153:3272307 [2] NCCL INFO proxyProgressAsync opId=0x7fea7dfeca10 op.type=3 op.reqBuff=0x7fea740295a0 op.respSize=80 done
proj186:3272153:3272282 [2] NCCL INFO ncclPollProxyResponse Received new opId=0x7fea7dfeca10
proj186:3272153:3272282 [2] NCCL INFO recvOpId=0x7fea7dfeca10 matches expected opId=0x7fea7dfeca10
proj186:3272153:3272307 [2] NCCL INFO Received and initiated operation=Setup res=0
proj186:3272153:3272282 [2] NCCL INFO Channel 13/0 : 2[2] -> 3[3] via P2P/IPC/read
proj186:3272153:3272307 [2] NCCL INFO New proxy send connection 29 from local rank 2, transport 0
proj186:3272153:3272307 [2] NCCL INFO proxyProgressAsync opId=0x7fea7dfeca10 op.type=1 op.reqBuff=0x7fea740295a0 op.respSize=16 done
proj186:3272153:3272282 [2] NCCL INFO ncclPollProxyResponse Received new opId=0x7fea7dfeca10
proj186:3272153:3272282 [2] NCCL INFO recvOpId=0x7fea7dfeca10 matches expected opId=0x7fea7dfeca10
proj186:3272153:3272282 [2] NCCL INFO Connection to proxy localRank 2 -> connection 0x7fea74003a60
proj186:3272153:3272307 [2] NCCL INFO Received and initiated operation=Init res=0
proj186:3272156:3272300 [5] NCCL INFO Allocated shareable buffer 0x7fa64d800000 size 6291456 ipcDesc 0x7fa658020fd0
proj186:3272156:3272300 [5] NCCL INFO proxyProgressAsync opId=0x7fa662533180 op.type=3 op.reqBuff=0x7fa65802a240 op.respSize=80 done
proj186:3272154:3272306 [3] NCCL INFO transport/p2p.cc:204 Cuda Alloc Size 6291456 pointer 0x7f83b7200000
proj186:3272156:3272287 [5] NCCL INFO ncclPollProxyResponse Received new opId=0x7fa662533180
proj186:3272156:3272287 [5] NCCL INFO recvOpId=0x7fa662533180 matches expected opId=0x7fa662533180
proj186:3272156:3272300 [5] NCCL INFO Received and initiated operation=Setup res=0
proj186:3272156:3272287 [5] NCCL INFO Channel 14/0 : 5[5] -> 6[6] via P2P/IPC/read
proj186:3272151:3272302 [0] NCCL INFO Allocated shareable buffer 0x7f013ec00000 size 6291456 ipcDesc 0x7f0160017cf0
proj186:3272151:3272302 [0] NCCL INFO proxyProgressAsync opId=0x7f014dfed320 op.type=3 op.reqBuff=0x7f0160028860 op.respSize=80 done
proj186:3272156:3272300 [5] NCCL INFO New proxy send connection 30 from local rank 5, transport 0
proj186:3272156:3272300 [5] NCCL INFO proxyProgressAsync opId=0x7fa662533180 op.type=1 op.reqBuff=0x7fa65802a240 op.respSize=16 done
proj186:3272151:3272280 [0] NCCL INFO ncclPollProxyResponse Received new opId=0x7f014dfed320
proj186:3272156:3272287 [5] NCCL INFO ncclPollProxyResponse Received new opId=0x7fa662533180
proj186:3272156:3272287 [5] NCCL INFO recvOpId=0x7fa662533180 matches expected opId=0x7fa662533180
proj186:3272156:3272287 [5] NCCL INFO Connection to proxy localRank 5 -> connection 0x7fa658003ab0
proj186:3272151:3272280 [0] NCCL INFO recvOpId=0x7f014dfed320 matches expected opId=0x7f014dfed320
proj186:3272156:3272300 [5] NCCL INFO Received and initiated operation=Init res=0
proj186:3272151:3272280 [0] NCCL INFO Channel 12/0 : 0[0] -> 1[1] via P2P/IPC/read
proj186:3272151:3272302 [0] NCCL INFO Received and initiated operation=Setup res=0
proj186:3272151:3272302 [0] NCCL INFO New proxy send connection 28 from local rank 0, transport 0
proj186:3272151:3272302 [0] NCCL INFO proxyProgressAsync opId=0x7f014dfed320 op.type=1 op.reqBuff=0x7f0160028860 op.respSize=16 done
proj186:3272151:3272280 [0] NCCL INFO ncclPollProxyResponse Received new opId=0x7f014dfed320
proj186:3272151:3272280 [0] NCCL INFO recvOpId=0x7f014dfed320 matches expected opId=0x7f014dfed320
proj186:3272151:3272280 [0] NCCL INFO Connection to proxy localRank 0 -> connection 0x7f0160003a10
proj186:3272151:3272302 [0] NCCL INFO Received and initiated operation=Init res=0
proj186:3272154:3272306 [3] NCCL INFO Allocated shareable buffer 0x7f83b7200000 size 6291456 ipcDesc 0x7f83c0020fd0
proj186:3272154:3272306 [3] NCCL INFO proxyProgressAsync opId=0x7f83c9fed260 op.type=3 op.reqBuff=0x7f83c00252d0 op.respSize=80 done
proj186:3272154:3272281 [3] NCCL INFO ncclPollProxyResponse Received new opId=0x7f83c9fed260
proj186:3272154:3272281 [3] NCCL INFO recvOpId=0x7f83c9fed260 matches expected opId=0x7f83c9fed260
proj186:3272154:3272306 [3] NCCL INFO Received and initiated operation=Setup res=0
proj186:3272154:3272281 [3] NCCL INFO Channel 08/0 : 3[3] -> 4[4] via P2P/IPC/read
proj186:3272154:3272306 [3] NCCL INFO New proxy send connection 24 from local rank 3, transport 0
proj186:3272154:3272306 [3] NCCL INFO proxyProgressAsync opId=0x7f83c9fed260 op.type=1 op.reqBuff=0x7f83c00252d0 op.respSize=16 done
proj186:3272154:3272281 [3] NCCL INFO ncclPollProxyResponse Received new opId=0x7f83c9fed260
proj186:3272154:3272281 [3] NCCL INFO recvOpId=0x7f83c9fed260 matches expected opId=0x7f83c9fed260
proj186:3272154:3272281 [3] NCCL INFO Connection to proxy localRank 3 -> connection 0x7f83c00038d0
proj186:3272154:3272306 [3] NCCL INFO Received and initiated operation=Init res=0
proj186:3272157:3272301 [6] NCCL INFO transport/p2p.cc:204 Cuda Alloc Size 6291456 pointer 0x7fafbc600000
proj186:3272158:3272304 [7] NCCL INFO transport/p2p.cc:204 Cuda Alloc Size 6291456 pointer 0x7fb8d4c00000
proj186:3272152:3272303 [1] NCCL INFO transport/p2p.cc:204 Cuda Alloc Size 6291456 pointer 0x7f604f800000
proj186:3272155:3272305 [4] NCCL INFO transport/p2p.cc:204 Cuda Alloc Size 6291456 pointer 0x7fc43ec00000
proj186:3272157:3272301 [6] NCCL INFO Allocated shareable buffer 0x7fafbc600000 size 6291456 ipcDesc 0x7fafc8020fd0
