proj186:3271911:3271983 [3] NCCL INFO proxyProgressAsync opId=0x7ff1ce278b40 op.type=1 op.reqBuff=0x7ff1c40227e0 op.respSize=16 done
proj186:3271910:3271949 [2] NCCL INFO ncclPollProxyResponse Received new opId=0x7efb72278460
proj186:3271911:3271950 [3] NCCL INFO ncclPollProxyResponse Received new opId=0x7ff1ce278b40
proj186:3271910:3271949 [2] NCCL INFO recvOpId=0x7efb72278460 matches expected opId=0x7efb72278460
proj186:3271911:3271983 [3] NCCL INFO Received and initiated operation=Init res=0
proj186:3271910:3271984 [2] NCCL INFO Received and initiated operation=Setup res=0
proj186:3271911:3271950 [3] NCCL INFO recvOpId=0x7ff1ce278b40 matches expected opId=0x7ff1ce278b40
proj186:3271911:3271950 [3] NCCL INFO Connection to proxy localRank 3 -> connection 0x7ff1c4003c90
proj186:3271910:3271984 [2] NCCL INFO New proxy recv connection 38 from local rank 2, transport 0
proj186:3271910:3271984 [2] NCCL INFO proxyProgressAsync opId=0x7efb72278460 op.type=1 op.reqBuff=0x7efb68023400 op.respSize=16 done
proj186:3271910:3271949 [2] NCCL INFO ncclPollProxyResponse Received new opId=0x7efb72278460
proj186:3271910:3271949 [2] NCCL INFO recvOpId=0x7efb72278460 matches expected opId=0x7efb72278460
proj186:3271910:3271949 [2] NCCL INFO Connection to proxy localRank 2 -> connection 0x7efb68003d30
proj186:3271910:3271984 [2] NCCL INFO Received and initiated operation=Init res=0
proj186:3271908:3271986 [0] NCCL INFO transport/p2p.cc:204 Cuda Alloc Size 6291456 pointer 0x7f31aec00000
proj186:3271909:3271985 [1] NCCL INFO transport/p2p.cc:204 Cuda Alloc Size 6291456 pointer 0x7f9c29200000
proj186:3271908:3271986 [0] NCCL INFO Allocated shareable buffer 0x7f31aec00000 size 6291456 ipcDesc 0x7f31dc00bd80
proj186:3271908:3271986 [0] NCCL INFO proxyProgressAsync opId=0x7f31ce278b40 op.type=3 op.reqBuff=0x7f31dc022750 op.respSize=80 done
proj186:3271908:3271948 [0] NCCL INFO ncclPollProxyResponse Received new opId=0x7f31ce278b40
proj186:3271908:3271948 [0] NCCL INFO recvOpId=0x7f31ce278b40 matches expected opId=0x7f31ce278b40
proj186:3271909:3271985 [1] NCCL INFO Allocated shareable buffer 0x7f9c29200000 size 6291456 ipcDesc 0x7f9c4400be10
proj186:3271908:3271986 [0] NCCL INFO Received and initiated operation=Setup res=0
proj186:3271909:3271985 [1] NCCL INFO proxyProgressAsync opId=0x7f9c4e278b40 op.type=3 op.reqBuff=0x7f9c44023400 op.respSize=80 done
proj186:3271909:3271951 [1] NCCL INFO ncclPollProxyResponse Received new opId=0x7f9c4e278b40
proj186:3271909:3271951 [1] NCCL INFO recvOpId=0x7f9c4e278b40 matches expected opId=0x7f9c4e278b40
proj186:3271909:3271985 [1] NCCL INFO Received and initiated operation=Setup res=0
proj186:3271908:3271986 [0] NCCL INFO New proxy recv connection 36 from local rank 0, transport 0
proj186:3271908:3271986 [0] NCCL INFO proxyProgressAsync opId=0x7f31ce278b40 op.type=1 op.reqBuff=0x7f31dc022750 op.respSize=16 done
proj186:3271908:3271948 [0] NCCL INFO ncclPollProxyResponse Received new opId=0x7f31ce278b40
proj186:3271911:3271983 [3] NCCL INFO transport/p2p.cc:204 Cuda Alloc Size 6291456 pointer 0x7ff1a9200000
proj186:3271911:3271983 [3] NCCL INFO Allocated shareable buffer 0x7ff1a9200000 size 6291456 ipcDesc 0x7ff1c400be10
proj186:3271908:3271948 [0] NCCL INFO recvOpId=0x7f31ce278b40 matches expected opId=0x7f31ce278b40
proj186:3271911:3271983 [3] NCCL INFO proxyProgressAsync opId=0x7ff1ce278b40 op.type=3 op.reqBuff=0x7ff1c4023400 op.respSize=80 done
proj186:3271908:3271986 [0] NCCL INFO Received and initiated operation=Init res=0
proj186:3271908:3271948 [0] NCCL INFO Connection to proxy localRank 0 -> connection 0x7f31dc003d20
proj186:3271911:3271950 [3] NCCL INFO ncclPollProxyResponse Received new opId=0x7ff1ce278b40
proj186:3271911:3271950 [3] NCCL INFO recvOpId=0x7ff1ce278b40 matches expected opId=0x7ff1ce278b40
proj186:3271911:3271983 [3] NCCL INFO Received and initiated operation=Setup res=0
proj186:3271910:3271984 [2] NCCL INFO transport/p2p.cc:204 Cuda Alloc Size 6291456 pointer 0x7efb4a000000
proj186:3271909:3271985 [1] NCCL INFO New proxy recv connection 37 from local rank 1, transport 0
proj186:3271909:3271985 [1] NCCL INFO proxyProgressAsync opId=0x7f9c4e278b40 op.type=1 op.reqBuff=0x7f9c4400be40 op.respSize=16 done
proj186:3271911:3271950 [3] NCCL INFO Channel 05/0 : 3[3] -> 2[2] via P2P/IPC/read
proj186:3271910:3271984 [2] NCCL INFO Allocated shareable buffer 0x7efb4a000000 size 6291456 ipcDesc 0x7efb68023ff0
proj186:3271910:3271984 [2] NCCL INFO proxyProgressAsync opId=0x7efb72278460 op.type=3 op.reqBuff=0x7efb68024c40 op.respSize=80 done
proj186:3271909:3271951 [1] NCCL INFO ncclPollProxyResponse Received new opId=0x7f9c4e278b40
proj186:3271909:3271985 [1] NCCL INFO Received and initiated operation=Init res=0
proj186:3271910:3271949 [2] NCCL INFO ncclPollProxyResponse Received new opId=0x7efb72278460
proj186:3271909:3271951 [1] NCCL INFO recvOpId=0x7f9c4e278b40 matches expected opId=0x7f9c4e278b40
proj186:3271909:3271951 [1] NCCL INFO Connection to proxy localRank 1 -> connection 0x7f9c44003ce0
proj186:3271910:3271949 [2] NCCL INFO recvOpId=0x7efb72278460 matches expected opId=0x7efb72278460
proj186:3271911:3271983 [3] NCCL INFO New proxy send connection 37 from local rank 3, transport 0
proj186:3271911:3271983 [3] NCCL INFO proxyProgressAsync opId=0x7ff1ce278b40 op.type=1 op.reqBuff=0x7ff1c400be40 op.respSize=16 done
proj186:3271910:3271984 [2] NCCL INFO Received and initiated operation=Setup res=0
proj186:3271911:3271950 [3] NCCL INFO ncclPollProxyResponse Received new opId=0x7ff1ce278b40
proj186:3271911:3271950 [3] NCCL INFO recvOpId=0x7ff1ce278b40 matches expected opId=0x7ff1ce278b40
proj186:3271911:3271950 [3] NCCL INFO Connection to proxy localRank 3 -> connection 0x7ff1c4003ce0
proj186:3271911:3271983 [3] NCCL INFO Received and initiated operation=Init res=0
proj186:3271910:3271984 [2] NCCL INFO New proxy recv connection 39 from local rank 2, transport 0
proj186:3271910:3271984 [2] NCCL INFO proxyProgressAsync opId=0x7efb72278460 op.type=1 op.reqBuff=0x7efb68024c40 op.respSize=16 done
proj186:3271910:3271949 [2] NCCL INFO ncclPollProxyResponse Received new opId=0x7efb72278460
proj186:3271910:3271984 [2] NCCL INFO Received and initiated operation=Init res=0
proj186:3271910:3271949 [2] NCCL INFO recvOpId=0x7efb72278460 matches expected opId=0x7efb72278460
proj186:3271910:3271949 [2] NCCL INFO Connection to proxy localRank 2 -> connection 0x7efb68003d80
proj186:3271908:3271986 [0] NCCL INFO transport/p2p.cc:204 Cuda Alloc Size 6291456 pointer 0x7f31af200000
proj186:3271908:3271986 [0] NCCL INFO Allocated shareable buffer 0x7f31af200000 size 6291456 ipcDesc 0x7f31dc00bd80
proj186:3271908:3271986 [0] NCCL INFO proxyProgressAsync opId=0x7f31ce278b40 op.type=3 op.reqBuff=0x7f31dc023370 op.respSize=80 done
proj186:3271908:3271948 [0] NCCL INFO ncclPollProxyResponse Received new opId=0x7f31ce278b40
proj186:3271908:3271948 [0] NCCL INFO recvOpId=0x7f31ce278b40 matches expected opId=0x7f31ce278b40
proj186:3271908:3271986 [0] NCCL INFO Received and initiated operation=Setup res=0
proj186:3271908:3271986 [0] NCCL INFO New proxy recv connection 37 from local rank 0, transport 0
proj186:3271908:3271986 [0] NCCL INFO proxyProgressAsync opId=0x7f31ce278b40 op.type=1 op.reqBuff=0x7f31dc023370 op.respSize=16 done
proj186:3271908:3271948 [0] NCCL INFO ncclPollProxyResponse Received new opId=0x7f31ce278b40
proj186:3271908:3271948 [0] NCCL INFO recvOpId=0x7f31ce278b40 matches expected opId=0x7f31ce278b40
proj186:3271909:3271985 [1] NCCL INFO transport/p2p.cc:204 Cuda Alloc Size 6291456 pointer 0x7f9c29800000
proj186:3271908:3271948 [0] NCCL INFO Connection to proxy localRank 0 -> connection 0x7f31dc003d70
proj186:3271908:3271986 [0] NCCL INFO Received and initiated operation=Init res=0
proj186:3271909:3271985 [1] NCCL INFO Allocated shareable buffer 0x7f9c29800000 size 6291456 ipcDesc 0x7f9c44023ff0
proj186:3271909:3271985 [1] NCCL INFO proxyProgressAsync opId=0x7f9c4e278b40 op.type=3 op.reqBuff=0x7f9c44023400 op.respSize=80 done
proj186:3271911:3271983 [3] NCCL INFO transport/p2p.cc:204 Cuda Alloc Size 6291456 pointer 0x7ff1a9800000
proj186:3271909:3271951 [1] NCCL INFO ncclPollProxyResponse Received new opId=0x7f9c4e278b40
proj186:3271911:3271983 [3] NCCL INFO Allocated shareable buffer 0x7ff1a9800000 size 6291456 ipcDesc 0x7ff1c4023ff0
proj186:3271911:3271983 [3] NCCL INFO proxyProgressAsync opId=0x7ff1ce278b40 op.type=3 op.reqBuff=0x7ff1c4023400 op.respSize=80 done
proj186:3271909:3271951 [1] NCCL INFO recvOpId=0x7f9c4e278b40 matches expected opId=0x7f9c4e278b40
proj186:3271909:3271985 [1] NCCL INFO Received and initiated operation=Setup res=0
proj186:3271911:3271950 [3] NCCL INFO ncclPollProxyResponse Received new opId=0x7ff1ce278b40
proj186:3271911:3271950 [3] NCCL INFO recvOpId=0x7ff1ce278b40 matches expected opId=0x7ff1ce278b40
proj186:3271911:3271983 [3] NCCL INFO Received and initiated operation=Setup res=0
proj186:3271911:3271950 [3] NCCL INFO Channel 06/0 : 3[3] -> 2[2] via P2P/IPC/read
proj186:3271910:3271984 [2] NCCL INFO transport/p2p.cc:204 Cuda Alloc Size 6291456 pointer 0x7efb4a600000
proj186:3271909:3271985 [1] NCCL INFO New proxy recv connection 38 from local rank 1, transport 0
proj186:3271909:3271985 [1] NCCL INFO proxyProgressAsync opId=0x7f9c4e278b40 op.type=1 op.reqBuff=0x7f9c44023400 op.respSize=16 done
proj186:3271909:3271951 [1] NCCL INFO ncclPollProxyResponse Received new opId=0x7f9c4e278b40
proj186:3271909:3271951 [1] NCCL INFO recvOpId=0x7f9c4e278b40 matches expected opId=0x7f9c4e278b40
proj186:3271909:3271951 [1] NCCL INFO Connection to proxy localRank 1 -> connection 0x7f9c44003d30
proj186:3271909:3271985 [1] NCCL INFO Received and initiated operation=Init res=0
proj186:3271911:3271983 [3] NCCL INFO New proxy send connection 38 from local rank 3, transport 0
proj186:3271911:3271983 [3] NCCL INFO proxyProgressAsync opId=0x7ff1ce278b40 op.type=1 op.reqBuff=0x7ff1c4023400 op.respSize=16 done
proj186:3271911:3271950 [3] NCCL INFO ncclPollProxyResponse Received new opId=0x7ff1ce278b40
proj186:3271911:3271950 [3] NCCL INFO recvOpId=0x7ff1ce278b40 matches expected opId=0x7ff1ce278b40
proj186:3271911:3271983 [3] NCCL INFO Received and initiated operation=Init res=0
proj186:3271910:3271984 [2] NCCL INFO Allocated shareable buffer 0x7efb4a600000 size 6291456 ipcDesc 0x7efb68023ff0
proj186:3271910:3271984 [2] NCCL INFO proxyProgressAsync opId=0x7efb72278460 op.type=3 op.reqBuff=0x7efb68025c10 op.respSize=80 done
proj186:3271911:3271950 [3] NCCL INFO Connection to proxy localRank 3 -> connection 0x7ff1c4003d30
proj186:3271910:3271949 [2] NCCL INFO ncclPollProxyResponse Received new opId=0x7efb72278460
proj186:3271910:3271949 [2] NCCL INFO recvOpId=0x7efb72278460 matches expected opId=0x7efb72278460
proj186:3271910:3271984 [2] NCCL INFO Received and initiated operation=Setup res=0
proj186:3271910:3271984 [2] NCCL INFO New proxy recv connection 40 from local rank 2, transport 0
proj186:3271910:3271984 [2] NCCL INFO proxyProgressAsync opId=0x7efb72278460 op.type=1 op.reqBuff=0x7efb68025c10 op.respSize=16 done
proj186:3271910:3271949 [2] NCCL INFO ncclPollProxyResponse Received new opId=0x7efb72278460
proj186:3271910:3271949 [2] NCCL INFO recvOpId=0x7efb72278460 matches expected opId=0x7efb72278460
proj186:3271910:3271949 [2] NCCL INFO Connection to proxy localRank 2 -> connection 0x7efb68003dd0
proj186:3271910:3271984 [2] NCCL INFO Received and initiated operation=Init res=0
proj186:3271908:3271986 [0] NCCL INFO transport/p2p.cc:204 Cuda Alloc Size 6291456 pointer 0x7f31af800000
proj186:3271908:3271986 [0] NCCL INFO Allocated shareable buffer 0x7f31af800000 size 6291456 ipcDesc 0x7f31dc00bd80
proj186:3271908:3271986 [0] NCCL INFO proxyProgressAsync opId=0x7f31ce278b40 op.type=3 op.reqBuff=0x7f31dc023f90 op.respSize=80 done
proj186:3271908:3271948 [0] NCCL INFO ncclPollProxyResponse Received new opId=0x7f31ce278b40
proj186:3271908:3271948 [0] NCCL INFO recvOpId=0x7f31ce278b40 matches expected opId=0x7f31ce278b40
proj186:3271908:3271986 [0] NCCL INFO Received and initiated operation=Setup res=0
proj186:3271908:3271986 [0] NCCL INFO New proxy recv connection 38 from local rank 0, transport 0
proj186:3271908:3271986 [0] NCCL INFO proxyProgressAsync opId=0x7f31ce278b40 op.type=1 op.reqBuff=0x7f31dc023f90 op.respSize=16 done
proj186:3271908:3271948 [0] NCCL INFO ncclPollProxyResponse Received new opId=0x7f31ce278b40
proj186:3271909:3271985 [1] NCCL INFO transport/p2p.cc:204 Cuda Alloc Size 6291456 pointer 0x7f9c26000000
proj186:3271908:3271948 [0] NCCL INFO recvOpId=0x7f31ce278b40 matches expected opId=0x7f31ce278b40
proj186:3271908:3271948 [0] NCCL INFO Connection to proxy localRank 0 -> connection 0x7f31dc003dc0
proj186:3271908:3271986 [0] NCCL INFO Received and initiated operation=Init res=0
proj186:3271909:3271985 [1] NCCL INFO Allocated shareable buffer 0x7f9c26000000 size 6291456 ipcDesc 0x7f9c44023ff0
proj186:3271909:3271985 [1] NCCL INFO proxyProgressAsync opId=0x7f9c4e278b40 op.type=3 op.reqBuff=0x7f9c44024c40 op.respSize=80 done
proj186:3271911:3271983 [3] NCCL INFO transport/p2p.cc:204 Cuda Alloc Size 6291456 pointer 0x7ff1a6000000
proj186:3271909:3271951 [1] NCCL INFO ncclPollProxyResponse Received new opId=0x7f9c4e278b40
proj186:3271911:3271983 [3] NCCL INFO Allocated shareable buffer 0x7ff1a6000000 size 6291456 ipcDesc 0x7ff1c4023ff0
proj186:3271911:3271983 [3] NCCL INFO proxyProgressAsync opId=0x7ff1ce278b40 op.type=3 op.reqBuff=0x7ff1c4024c40 op.respSize=80 done
proj186:3271909:3271951 [1] NCCL INFO recvOpId=0x7f9c4e278b40 matches expected opId=0x7f9c4e278b40
proj186:3271909:3271985 [1] NCCL INFO Received and initiated operation=Setup res=0
proj186:3271911:3271950 [3] NCCL INFO ncclPollProxyResponse Received new opId=0x7ff1ce278b40
proj186:3271911:3271950 [3] NCCL INFO recvOpId=0x7ff1ce278b40 matches expected opId=0x7ff1ce278b40
proj186:3271910:3271984 [2] NCCL INFO transport/p2p.cc:204 Cuda Alloc Size 6291456 pointer 0x7efb4ac00000
proj186:3271911:3271983 [3] NCCL INFO Received and initiated operation=Setup res=0
proj186:3271911:3271950 [3] NCCL INFO Channel 07/0 : 3[3] -> 2[2] via P2P/IPC/read
proj186:3271909:3271985 [1] NCCL INFO New proxy recv connection 39 from local rank 1, transport 0
proj186:3271909:3271985 [1] NCCL INFO proxyProgressAsync opId=0x7f9c4e278b40 op.type=1 op.reqBuff=0x7f9c44024c40 op.respSize=16 done
proj186:3271909:3271951 [1] NCCL INFO ncclPollProxyResponse Received new opId=0x7f9c4e278b40
proj186:3271909:3271951 [1] NCCL INFO recvOpId=0x7f9c4e278b40 matches expected opId=0x7f9c4e278b40
proj186:3271909:3271951 [1] NCCL INFO Connection to proxy localRank 1 -> connection 0x7f9c44003d80
proj186:3271909:3271985 [1] NCCL INFO Received and initiated operation=Init res=0
proj186:3271910:3271984 [2] NCCL INFO Allocated shareable buffer 0x7efb4ac00000 size 6291456 ipcDesc 0x7efb68023ff0
proj186:3271910:3271984 [2] NCCL INFO proxyProgressAsync opId=0x7efb72278460 op.type=3 op.reqBuff=0x7efb68026830 op.respSize=80 done
proj186:3271911:3271983 [3] NCCL INFO New proxy send connection 39 from local rank 3, transport 0
proj186:3271911:3271983 [3] NCCL INFO proxyProgressAsync opId=0x7ff1ce278b40 op.type=1 op.reqBuff=0x7ff1c4024c40 op.respSize=16 done
proj186:3271911:3271950 [3] NCCL INFO ncclPollProxyResponse Received new opId=0x7ff1ce278b40
proj186:3271910:3271949 [2] NCCL INFO ncclPollProxyResponse Received new opId=0x7efb72278460
proj186:3271911:3271983 [3] NCCL INFO Received and initiated operation=Init res=0
proj186:3271911:3271950 [3] NCCL INFO recvOpId=0x7ff1ce278b40 matches expected opId=0x7ff1ce278b40
proj186:3271911:3271950 [3] NCCL INFO Connection to proxy localRank 3 -> connection 0x7ff1c4003d80
proj186:3271910:3271949 [2] NCCL INFO recvOpId=0x7efb72278460 matches expected opId=0x7efb72278460
proj186:3271910:3271984 [2] NCCL INFO Received and initiated operation=Setup res=0
proj186:3271910:3271984 [2] NCCL INFO New proxy recv connection 41 from local rank 2, transport 0
proj186:3271910:3271984 [2] NCCL INFO proxyProgressAsync opId=0x7efb72278460 op.type=1 op.reqBuff=0x7efb68026830 op.respSize=16 done
proj186:3271910:3271949 [2] NCCL INFO ncclPollProxyResponse Received new opId=0x7efb72278460
proj186:3271910:3271949 [2] NCCL INFO recvOpId=0x7efb72278460 matches expected opId=0x7efb72278460
proj186:3271910:3271984 [2] NCCL INFO Received and initiated operation=Init res=0
proj186:3271910:3271949 [2] NCCL INFO Connection to proxy localRank 2 -> connection 0x7efb68003e20
proj186:3271908:3271986 [0] NCCL INFO transport/p2p.cc:204 Cuda Alloc Size 6291456 pointer 0x7f31ac000000
proj186:3271908:3271986 [0] NCCL INFO Allocated shareable buffer 0x7f31ac000000 size 6291456 ipcDesc 0x7f31dc00bd80
proj186:3271908:3271986 [0] NCCL INFO proxyProgressAsync opId=0x7f31ce278b40 op.type=3 op.reqBuff=0x7f31dc024bb0 op.respSize=80 done
proj186:3271908:3271948 [0] NCCL INFO ncclPollProxyResponse Received new opId=0x7f31ce278b40
proj186:3271908:3271948 [0] NCCL INFO recvOpId=0x7f31ce278b40 matches expected opId=0x7f31ce278b40
proj186:3271908:3271986 [0] NCCL INFO Received and initiated operation=Setup res=0
proj186:3271908:3271986 [0] NCCL INFO New proxy recv connection 39 from local rank 0, transport 0
proj186:3271908:3271986 [0] NCCL INFO proxyProgressAsync opId=0x7f31ce278b40 op.type=1 op.reqBuff=0x7f31dc024bb0 op.respSize=16 done
proj186:3271908:3271948 [0] NCCL INFO ncclPollProxyResponse Received new opId=0x7f31ce278b40
proj186:3271908:3271948 [0] NCCL INFO recvOpId=0x7f31ce278b40 matches expected opId=0x7f31ce278b40
proj186:3271908:3271948 [0] NCCL INFO Connection to proxy localRank 0 -> connection 0x7f31dc003e10
proj186:3271908:3271986 [0] NCCL INFO Received and initiated operation=Init res=0
proj186:3271909:3271985 [1] NCCL INFO transport/p2p.cc:204 Cuda Alloc Size 6291456 pointer 0x7f9c26600000
proj186:3271909:3271985 [1] NCCL INFO Allocated shareable buffer 0x7f9c26600000 size 6291456 ipcDesc 0x7f9c44023ff0
proj186:3271909:3271985 [1] NCCL INFO proxyProgressAsync opId=0x7f9c4e278b40 op.type=3 op.reqBuff=0x7f9c44025c10 op.respSize=80 done
proj186:3271911:3271983 [3] NCCL INFO transport/p2p.cc:204 Cuda Alloc Size 6291456 pointer 0x7ff1a6600000
proj186:3271909:3271951 [1] NCCL INFO ncclPollProxyResponse Received new opId=0x7f9c4e278b40
proj186:3271909:3271951 [1] NCCL INFO recvOpId=0x7f9c4e278b40 matches expected opId=0x7f9c4e278b40
proj186:3271909:3271985 [1] NCCL INFO Received and initiated operation=Setup res=0
proj186:3271911:3271983 [3] NCCL INFO Allocated shareable buffer 0x7ff1a6600000 size 6291456 ipcDesc 0x7ff1c4023ff0
proj186:3271911:3271983 [3] NCCL INFO proxyProgressAsync opId=0x7ff1ce278b40 op.type=3 op.reqBuff=0x7ff1c4025c10 op.respSize=80 done
proj186:3271909:3271985 [1] NCCL INFO New proxy recv connection 40 from local rank 1, transport 0
proj186:3271910:3271984 [2] NCCL INFO transport/p2p.cc:204 Cuda Alloc Size 6291456 pointer 0x7efb4b200000
proj186:3271909:3271985 [1] NCCL INFO proxyProgressAsync opId=0x7f9c4e278b40 op.type=1 op.reqBuff=0x7f9c44025c10 op.respSize=16 done
proj186:3271911:3271950 [3] NCCL INFO ncclPollProxyResponse Received new opId=0x7ff1ce278b40
proj186:3271909:3271951 [1] NCCL INFO ncclPollProxyResponse Received new opId=0x7f9c4e278b40
proj186:3271911:3271950 [3] NCCL INFO recvOpId=0x7ff1ce278b40 matches expected opId=0x7ff1ce278b40
proj186:3271909:3271951 [1] NCCL INFO recvOpId=0x7f9c4e278b40 matches expected opId=0x7f9c4e278b40
proj186:3271909:3271985 [1] NCCL INFO Received and initiated operation=Init res=0
proj186:3271911:3271983 [3] NCCL INFO Received and initiated operation=Setup res=0
proj186:3271909:3271951 [1] NCCL INFO Connection to proxy localRank 1 -> connection 0x7f9c44003dd0
proj186:3271911:3271950 [3] NCCL INFO Channel 08/0 : 3[3] -> 2[2] via P2P/IPC/read
proj186:3271910:3271984 [2] NCCL INFO Allocated shareable buffer 0x7efb4b200000 size 6291456 ipcDesc 0x7efb68023ff0
proj186:3271910:3271984 [2] NCCL INFO proxyProgressAsync opId=0x7efb72278460 op.type=3 op.reqBuff=0x7efb68027450 op.respSize=80 done
proj186:3271911:3271983 [3] NCCL INFO New proxy send connection 40 from local rank 3, transport 0
proj186:3271911:3271983 [3] NCCL INFO proxyProgressAsync opId=0x7ff1ce278b40 op.type=1 op.reqBuff=0x7ff1c4025c10 op.respSize=16 done
proj186:3271910:3271949 [2] NCCL INFO ncclPollProxyResponse Received new opId=0x7efb72278460
proj186:3271911:3271950 [3] NCCL INFO ncclPollProxyResponse Received new opId=0x7ff1ce278b40
proj186:3271911:3271950 [3] NCCL INFO recvOpId=0x7ff1ce278b40 matches expected opId=0x7ff1ce278b40
proj186:3271911:3271950 [3] NCCL INFO Connection to proxy localRank 3 -> connection 0x7ff1c4003dd0
proj186:3271911:3271983 [3] NCCL INFO Received and initiated operation=Init res=0
proj186:3271910:3271949 [2] NCCL INFO recvOpId=0x7efb72278460 matches expected opId=0x7efb72278460
proj186:3271910:3271984 [2] NCCL INFO Received and initiated operation=Setup res=0
proj186:3271910:3271984 [2] NCCL INFO New proxy recv connection 42 from local rank 2, transport 0
proj186:3271910:3271984 [2] NCCL INFO proxyProgressAsync opId=0x7efb72278460 op.type=1 op.reqBuff=0x7efb68027450 op.respSize=16 done
proj186:3271910:3271949 [2] NCCL INFO ncclPollProxyResponse Received new opId=0x7efb72278460
proj186:3271910:3271949 [2] NCCL INFO recvOpId=0x7efb72278460 matches expected opId=0x7efb72278460
proj186:3271910:3271949 [2] NCCL INFO Connection to proxy localRank 2 -> connection 0x7efb68003e70
proj186:3271910:3271984 [2] NCCL INFO Received and initiated operation=Init res=0
proj186:3271908:3271986 [0] NCCL INFO transport/p2p.cc:204 Cuda Alloc Size 6291456 pointer 0x7f31ac600000
proj186:3271908:3271986 [0] NCCL INFO Allocated shareable buffer 0x7f31ac600000 size 6291456 ipcDesc 0x7f31dc00bd80
proj186:3271908:3271986 [0] NCCL INFO proxyProgressAsync opId=0x7f31ce278b40 op.type=3 op.reqBuff=0x7f31dc025b80 op.respSize=80 done
proj186:3271908:3271948 [0] NCCL INFO ncclPollProxyResponse Received new opId=0x7f31ce278b40
proj186:3271908:3271948 [0] NCCL INFO recvOpId=0x7f31ce278b40 matches expected opId=0x7f31ce278b40
proj186:3271908:3271986 [0] NCCL INFO Received and initiated operation=Setup res=0
proj186:3271908:3271986 [0] NCCL INFO New proxy recv connection 40 from local rank 0, transport 0
proj186:3271908:3271986 [0] NCCL INFO proxyProgressAsync opId=0x7f31ce278b40 op.type=1 op.reqBuff=0x7f31dc025b80 op.respSize=16 done
proj186:3271908:3271948 [0] NCCL INFO ncclPollProxyResponse Received new opId=0x7f31ce278b40
proj186:3271908:3271948 [0] NCCL INFO recvOpId=0x7f31ce278b40 matches expected opId=0x7f31ce278b40
proj186:3271908:3271948 [0] NCCL INFO Connection to proxy localRank 0 -> connection 0x7f31dc003e60
proj186:3271908:3271986 [0] NCCL INFO Received and initiated operation=Init res=0
proj186:3271909:3271985 [1] NCCL INFO transport/p2p.cc:204 Cuda Alloc Size 6291456 pointer 0x7f9c26c00000
proj186:3271911:3271983 [3] NCCL INFO transport/p2p.cc:204 Cuda Alloc Size 6291456 pointer 0x7ff1a6c00000
proj186:3271909:3271985 [1] NCCL INFO Allocated shareable buffer 0x7f9c26c00000 size 6291456 ipcDesc 0x7f9c44023ff0
proj186:3271909:3271985 [1] NCCL INFO proxyProgressAsync opId=0x7f9c4e278b40 op.type=3 op.reqBuff=0x7f9c44026830 op.respSize=80 done
proj186:3271909:3271985 [1] NCCL INFO Received and initiated operation=Setup res=0
proj186:3271911:3271983 [3] NCCL INFO Allocated shareable buffer 0x7ff1a6c00000 size 6291456 ipcDesc 0x7ff1c4023ff0
proj186:3271911:3271983 [3] NCCL INFO proxyProgressAsync opId=0x7ff1ce278b40 op.type=3 op.reqBuff=0x7ff1c4026830 op.respSize=80 done
proj186:3271910:3271984 [2] NCCL INFO transport/p2p.cc:204 Cuda Alloc Size 6291456 pointer 0x7efb4b800000
proj186:3271910:3271984 [2] NCCL INFO Allocated shareable buffer 0x7efb4b800000 size 6291456 ipcDesc 0x7efb68023ff0
proj186:3271910:3271984 [2] NCCL INFO proxyProgressAsync opId=0x7efb72278460 op.type=3 op.reqBuff=0x7efb68028070 op.respSize=80 done
proj186:3271911:3271983 [3] NCCL INFO Received and initiated operation=Setup res=0
proj186:3271910:3271949 [2] NCCL INFO ncclPollProxyResponse Received new opId=0x7efb72278460
proj186:3271910:3271949 [2] NCCL INFO recvOpId=0x7efb72278460 matches expected opId=0x7efb72278460
proj186:3271910:3271984 [2] NCCL INFO Received and initiated operation=Setup res=0
proj186:3271910:3271984 [2] NCCL INFO New proxy recv connection 43 from local rank 2, transport 0
proj186:3271910:3271984 [2] NCCL INFO proxyProgressAsync opId=0x7efb72278460 op.type=1 op.reqBuff=0x7efb68028070 op.respSize=16 done
proj186:3271910:3271949 [2] NCCL INFO ncclPollProxyResponse Received new opId=0x7efb72278460
proj186:3271910:3271949 [2] NCCL INFO recvOpId=0x7efb72278460 matches expected opId=0x7efb72278460
proj186:3271910:3271949 [2] NCCL INFO Connection to proxy localRank 2 -> connection 0x7efb68003ec0
proj186:3271910:3271984 [2] NCCL INFO Received and initiated operation=Init res=0
proj186:3271908:3271986 [0] NCCL INFO transport/p2p.cc:204 Cuda Alloc Size 6291456 pointer 0x7f31acc00000
proj186:3271908:3271986 [0] NCCL INFO Allocated shareable buffer 0x7f31acc00000 size 6291456 ipcDesc 0x7f31dc00bd80
proj186:3271908:3271986 [0] NCCL INFO proxyProgressAsync opId=0x7f31ce278b40 op.type=3 op.reqBuff=0x7f31dc0267a0 op.respSize=80 done
proj186:3271908:3271948 [0] NCCL INFO ncclPollProxyResponse Received new opId=0x7f31ce278b40
proj186:3271908:3271948 [0] NCCL INFO recvOpId=0x7f31ce278b40 matches expected opId=0x7f31ce278b40
proj186:3271908:3271986 [0] NCCL INFO Received and initiated operation=Setup res=0
proj186:3271908:3271986 [0] NCCL INFO New proxy recv connection 41 from local rank 0, transport 0
proj186:3271908:3271986 [0] NCCL INFO proxyProgressAsync opId=0x7f31ce278b40 op.type=1 op.reqBuff=0x7f31dc0267a0 op.respSize=16 done
proj186:3271908:3271948 [0] NCCL INFO ncclPollProxyResponse Received new opId=0x7f31ce278b40
proj186:3271908:3271948 [0] NCCL INFO recvOpId=0x7f31ce278b40 matches expected opId=0x7f31ce278b40
proj186:3271908:3271948 [0] NCCL INFO Connection to proxy localRank 0 -> connection 0x7f31dc003eb0
proj186:3271908:3271986 [0] NCCL INFO Received and initiated operation=Init res=0
proj186:3271910:3271984 [2] NCCL INFO transport/p2p.cc:204 Cuda Alloc Size 6291456 pointer 0x7efb48000000
proj186:3271910:3271984 [2] NCCL INFO Allocated shareable buffer 0x7efb48000000 size 6291456 ipcDesc 0x7efb68023ff0
proj186:3271910:3271984 [2] NCCL INFO proxyProgressAsync opId=0x7efb72278460 op.type=3 op.reqBuff=0x7efb68028c90 op.respSize=80 done
proj186:3271910:3271949 [2] NCCL INFO ncclPollProxyResponse Received new opId=0x7efb72278460
proj186:3271910:3271949 [2] NCCL INFO recvOpId=0x7efb72278460 matches expected opId=0x7efb72278460
proj186:3271910:3271984 [2] NCCL INFO Received and initiated operation=Setup res=0
proj186:3271910:3271984 [2] NCCL INFO New proxy recv connection 44 from local rank 2, transport 0
proj186:3271910:3271984 [2] NCCL INFO proxyProgressAsync opId=0x7efb72278460 op.type=1 op.reqBuff=0x7efb68028c90 op.respSize=16 done
proj186:3271910:3271949 [2] NCCL INFO ncclPollProxyResponse Received new opId=0x7efb72278460
proj186:3271910:3271949 [2] NCCL INFO recvOpId=0x7efb72278460 matches expected opId=0x7efb72278460
proj186:3271910:3271984 [2] NCCL INFO Received and initiated operation=Init res=0
proj186:3271910:3271949 [2] NCCL INFO Connection to proxy localRank 2 -> connection 0x7efb68003f10
proj186:3271908:3271986 [0] NCCL INFO transport/p2p.cc:204 Cuda Alloc Size 6291456 pointer 0x7f31ad200000
proj186:3271908:3271986 [0] NCCL INFO Allocated shareable buffer 0x7f31ad200000 size 6291456 ipcDesc 0x7f31dc00bd80
proj186:3271908:3271986 [0] NCCL INFO proxyProgressAsync opId=0x7f31ce278b40 op.type=3 op.reqBuff=0x7f31dc0273c0 op.respSize=80 done
proj186:3271908:3271948 [0] NCCL INFO ncclPollProxyResponse Received new opId=0x7f31ce278b40
proj186:3271908:3271948 [0] NCCL INFO recvOpId=0x7f31ce278b40 matches expected opId=0x7f31ce278b40
proj186:3271908:3271986 [0] NCCL INFO Received and initiated operation=Setup res=0
proj186:3271908:3271986 [0] NCCL INFO New proxy recv connection 42 from local rank 0, transport 0
proj186:3271908:3271986 [0] NCCL INFO proxyProgressAsync opId=0x7f31ce278b40 op.type=1 op.reqBuff=0x7f31dc0273c0 op.respSize=16 done
proj186:3271908:3271948 [0] NCCL INFO ncclPollProxyResponse Received new opId=0x7f31ce278b40
proj186:3271908:3271948 [0] NCCL INFO recvOpId=0x7f31ce278b40 matches expected opId=0x7f31ce278b40
proj186:3271908:3271948 [0] NCCL INFO Connection to proxy localRank 0 -> connection 0x7f31dc003f00
proj186:3271908:3271986 [0] NCCL INFO Received and initiated operation=Init res=0
proj186:3271909:3271951 [1] NCCL INFO ncclPollProxyResponse Received new opId=0x7f9c4e278b40
proj186:3271909:3271951 [1] NCCL INFO recvOpId=0x7f9c4e278b40 matches expected opId=0x7f9c4e278b40
proj186:3271910:3271984 [2] NCCL INFO transport/p2p.cc:204 Cuda Alloc Size 6291456 pointer 0x7efb48600000
proj186:3271911:3271950 [3] NCCL INFO ncclPollProxyResponse Received new opId=0x7ff1ce278b40
proj186:3271910:3271984 [2] NCCL INFO Allocated shareable buffer 0x7efb48600000 size 6291456 ipcDesc 0x7efb68023ff0
proj186:3271910:3271984 [2] NCCL INFO proxyProgressAsync opId=0x7efb72278460 op.type=3 op.reqBuff=0x7efb68029c60 op.respSize=80 done
proj186:3271911:3271950 [3] NCCL INFO recvOpId=0x7ff1ce278b40 matches expected opId=0x7ff1ce278b40
proj186:3271910:3271949 [2] NCCL INFO ncclPollProxyResponse Received new opId=0x7efb72278460
proj186:3271911:3271950 [3] NCCL INFO Channel 09/0 : 3[3] -> 2[2] via P2P/IPC/read
proj186:3271909:3271985 [1] NCCL INFO New proxy recv connection 41 from local rank 1, transport 0
proj186:3271909:3271985 [1] NCCL INFO proxyProgressAsync opId=0x7f9c4e278b40 op.type=1 op.reqBuff=0x7f9c44026830 op.respSize=16 done
proj186:3271910:3271949 [2] NCCL INFO recvOpId=0x7efb72278460 matches expected opId=0x7efb72278460
proj186:3271910:3271984 [2] NCCL INFO Received and initiated operation=Setup res=0
proj186:3271909:3271951 [1] NCCL INFO ncclPollProxyResponse Received new opId=0x7f9c4e278b40
proj186:3271909:3271951 [1] NCCL INFO recvOpId=0x7f9c4e278b40 matches expected opId=0x7f9c4e278b40
proj186:3271909:3271985 [1] NCCL INFO Received and initiated operation=Init res=0
proj186:3271909:3271951 [1] NCCL INFO Connection to proxy localRank 1 -> connection 0x7f9c44003e20
proj186:3271911:3271983 [3] NCCL INFO New proxy send connection 41 from local rank 3, transport 0
proj186:3271911:3271983 [3] NCCL INFO proxyProgressAsync opId=0x7ff1ce278b40 op.type=1 op.reqBuff=0x7ff1c4026830 op.respSize=16 done
proj186:3271911:3271950 [3] NCCL INFO ncclPollProxyResponse Received new opId=0x7ff1ce278b40
proj186:3271911:3271950 [3] NCCL INFO recvOpId=0x7ff1ce278b40 matches expected opId=0x7ff1ce278b40
proj186:3271911:3271950 [3] NCCL INFO Connection to proxy localRank 3 -> connection 0x7ff1c4003e20
proj186:3271911:3271983 [3] NCCL INFO Received and initiated operation=Init res=0
proj186:3271910:3271984 [2] NCCL INFO New proxy recv connection 45 from local rank 2, transport 0
proj186:3271910:3271984 [2] NCCL INFO proxyProgressAsync opId=0x7efb72278460 op.type=1 op.reqBuff=0x7efb68029c60 op.respSize=16 done
proj186:3271910:3271949 [2] NCCL INFO ncclPollProxyResponse Received new opId=0x7efb72278460
proj186:3271910:3271984 [2] NCCL INFO Received and initiated operation=Init res=0
proj186:3271910:3271949 [2] NCCL INFO recvOpId=0x7efb72278460 matches expected opId=0x7efb72278460
proj186:3271910:3271949 [2] NCCL INFO Connection to proxy localRank 2 -> connection 0x7efb68003f60
proj186:3271908:3271986 [0] NCCL INFO transport/p2p.cc:204 Cuda Alloc Size 6291456 pointer 0x7f31ad800000
proj186:3271908:3271986 [0] NCCL INFO Allocated shareable buffer 0x7f31ad800000 size 6291456 ipcDesc 0x7f31dc00bd80
proj186:3271908:3271986 [0] NCCL INFO proxyProgressAsync opId=0x7f31ce278b40 op.type=3 op.reqBuff=0x7f31dc0273e0 op.respSize=80 done
proj186:3271908:3271948 [0] NCCL INFO ncclPollProxyResponse Received new opId=0x7f31ce278b40
proj186:3271908:3271948 [0] NCCL INFO recvOpId=0x7f31ce278b40 matches expected opId=0x7f31ce278b40
proj186:3271908:3271986 [0] NCCL INFO Received and initiated operation=Setup res=0
proj186:3271909:3271985 [1] NCCL INFO transport/p2p.cc:204 Cuda Alloc Size 6291456 pointer 0x7f9c27200000
proj186:3271908:3271986 [0] NCCL INFO New proxy recv connection 43 from local rank 0, transport 0
proj186:3271908:3271986 [0] NCCL INFO proxyProgressAsync opId=0x7f31ce278b40 op.type=1 op.reqBuff=0x7f31dc0273e0 op.respSize=16 done
proj186:3271908:3271948 [0] NCCL INFO ncclPollProxyResponse Received new opId=0x7f31ce278b40
proj186:3271909:3271985 [1] NCCL INFO Allocated shareable buffer 0x7f9c27200000 size 6291456 ipcDesc 0x7f9c44023ff0
proj186:3271909:3271985 [1] NCCL INFO proxyProgressAsync opId=0x7f9c4e278b40 op.type=3 op.reqBuff=0x7f9c44027450 op.respSize=80 done
proj186:3271908:3271948 [0] NCCL INFO recvOpId=0x7f31ce278b40 matches expected opId=0x7f31ce278b40
proj186:3271908:3271948 [0] NCCL INFO Connection to proxy localRank 0 -> connection 0x7f31dc003f50
proj186:3271909:3271951 [1] NCCL INFO ncclPollProxyResponse Received new opId=0x7f9c4e278b40
proj186:3271908:3271986 [0] NCCL INFO Received and initiated operation=Init res=0
proj186:3271911:3271983 [3] NCCL INFO transport/p2p.cc:204 Cuda Alloc Size 6291456 pointer 0x7ff1a7200000
proj186:3271911:3271983 [3] NCCL INFO Allocated shareable buffer 0x7ff1a7200000 size 6291456 ipcDesc 0x7ff1c4023ff0
proj186:3271909:3271951 [1] NCCL INFO recvOpId=0x7f9c4e278b40 matches expected opId=0x7f9c4e278b40
proj186:3271911:3271983 [3] NCCL INFO proxyProgressAsync opId=0x7ff1ce278b40 op.type=3 op.reqBuff=0x7ff1c4027450 op.respSize=80 done
proj186:3271909:3271985 [1] NCCL INFO Received and initiated operation=Setup res=0
proj186:3271911:3271950 [3] NCCL INFO ncclPollProxyResponse Received new opId=0x7ff1ce278b40
proj186:3271910:3271984 [2] NCCL INFO transport/p2p.cc:204 Cuda Alloc Size 6291456 pointer 0x7efb48c00000
proj186:3271911:3271950 [3] NCCL INFO recvOpId=0x7ff1ce278b40 matches expected opId=0x7ff1ce278b40
proj186:3271910:3271984 [2] NCCL INFO Allocated shareable buffer 0x7efb48c00000 size 6291456 ipcDesc 0x7efb68023ff0
proj186:3271911:3271983 [3] NCCL INFO Received and initiated operation=Setup res=0
proj186:3271910:3271984 [2] NCCL INFO proxyProgressAsync opId=0x7efb72278460 op.type=3 op.reqBuff=0x7efb6802a880 op.respSize=80 done
proj186:3271911:3271950 [3] NCCL INFO Channel 10/0 : 3[3] -> 2[2] via P2P/IPC/read
proj186:3271909:3271985 [1] NCCL INFO New proxy recv connection 42 from local rank 1, transport 0
proj186:3271909:3271985 [1] NCCL INFO proxyProgressAsync opId=0x7f9c4e278b40 op.type=1 op.reqBuff=0x7f9c44027450 op.respSize=16 done
proj186:3271909:3271951 [1] NCCL INFO ncclPollProxyResponse Received new opId=0x7f9c4e278b40
proj186:3271910:3271949 [2] NCCL INFO ncclPollProxyResponse Received new opId=0x7efb72278460
proj186:3271909:3271951 [1] NCCL INFO recvOpId=0x7f9c4e278b40 matches expected opId=0x7f9c4e278b40
proj186:3271909:3271985 [1] NCCL INFO Received and initiated operation=Init res=0
proj186:3271910:3271949 [2] NCCL INFO recvOpId=0x7efb72278460 matches expected opId=0x7efb72278460
proj186:3271909:3271951 [1] NCCL INFO Connection to proxy localRank 1 -> connection 0x7f9c44003e70
proj186:3271910:3271984 [2] NCCL INFO Received and initiated operation=Setup res=0
proj186:3271911:3271983 [3] NCCL INFO New proxy send connection 42 from local rank 3, transport 0
proj186:3271911:3271983 [3] NCCL INFO proxyProgressAsync opId=0x7ff1ce278b40 op.type=1 op.reqBuff=0x7ff1c4027450 op.respSize=16 done
proj186:3271911:3271950 [3] NCCL INFO ncclPollProxyResponse Received new opId=0x7ff1ce278b40
proj186:3271911:3271950 [3] NCCL INFO recvOpId=0x7ff1ce278b40 matches expected opId=0x7ff1ce278b40
proj186:3271911:3271950 [3] NCCL INFO Connection to proxy localRank 3 -> connection 0x7ff1c4003e70
proj186:3271911:3271983 [3] NCCL INFO Received and initiated operation=Init res=0
proj186:3271910:3271984 [2] NCCL INFO New proxy recv connection 46 from local rank 2, transport 0
proj186:3271910:3271984 [2] NCCL INFO proxyProgressAsync opId=0x7efb72278460 op.type=1 op.reqBuff=0x7efb6802a880 op.respSize=16 done
proj186:3271910:3271949 [2] NCCL INFO ncclPollProxyResponse Received new opId=0x7efb72278460
proj186:3271910:3271949 [2] NCCL INFO recvOpId=0x7efb72278460 matches expected opId=0x7efb72278460
proj186:3271910:3271949 [2] NCCL INFO Connection to proxy localRank 2 -> connection 0x7efb68003fb0
proj186:3271910:3271984 [2] NCCL INFO Received and initiated operation=Init res=0
proj186:3271908:3271986 [0] NCCL INFO transport/p2p.cc:204 Cuda Alloc Size 6291456 pointer 0x7f31aa000000
proj186:3271909:3271985 [1] NCCL INFO transport/p2p.cc:204 Cuda Alloc Size 6291456 pointer 0x7f9c27800000
proj186:3271908:3271986 [0] NCCL INFO Allocated shareable buffer 0x7f31aa000000 size 6291456 ipcDesc 0x7f31dc00bd80
proj186:3271911:3271983 [3] NCCL INFO transport/p2p.cc:204 Cuda Alloc Size 6291456 pointer 0x7ff1a7800000
proj186:3271909:3271985 [1] NCCL INFO Allocated shareable buffer 0x7f9c27800000 size 6291456 ipcDesc 0x7f9c44023ff0
proj186:3271908:3271986 [0] NCCL INFO proxyProgressAsync opId=0x7f31ce278b40 op.type=3 op.reqBuff=0x7f31dc028c10 op.respSize=80 done
proj186:3271909:3271985 [1] NCCL INFO proxyProgressAsync opId=0x7f9c4e278b40 op.type=3 op.reqBuff=0x7f9c44028070 op.respSize=80 done
proj186:3271911:3271983 [3] NCCL INFO Allocated shareable buffer 0x7ff1a7800000 size 6291456 ipcDesc 0x7ff1c4023ff0
proj186:3271911:3271983 [3] NCCL INFO proxyProgressAsync opId=0x7ff1ce278b40 op.type=3 op.reqBuff=0x7ff1c4028070 op.respSize=80 done
proj186:3271909:3271951 [1] NCCL INFO ncclPollProxyResponse Received new opId=0x7f9c4e278b40
proj186:3271908:3271948 [0] NCCL INFO ncclPollProxyResponse Received new opId=0x7f31ce278b40
proj186:3271911:3271950 [3] NCCL INFO ncclPollProxyResponse Received new opId=0x7ff1ce278b40
proj186:3271909:3271951 [1] NCCL INFO recvOpId=0x7f9c4e278b40 matches expected opId=0x7f9c4e278b40
proj186:3271909:3271985 [1] NCCL INFO Received and initiated operation=Setup res=0
proj186:3271911:3271950 [3] NCCL INFO recvOpId=0x7ff1ce278b40 matches expected opId=0x7ff1ce278b40
proj186:3271911:3271983 [3] NCCL INFO Received and initiated operation=Setup res=0
proj186:3271911:3271950 [3] NCCL INFO Channel 11/0 : 3[3] -> 2[2] via P2P/IPC/read
proj186:3271908:3271948 [0] NCCL INFO recvOpId=0x7f31ce278b40 matches expected opId=0x7f31ce278b40
proj186:3271908:3271986 [0] NCCL INFO Received and initiated operation=Setup res=0
proj186:3271910:3271984 [2] NCCL INFO transport/p2p.cc:204 Cuda Alloc Size 6291456 pointer 0x7efb49200000
proj186:3271909:3271985 [1] NCCL INFO New proxy recv connection 43 from local rank 1, transport 0
proj186:3271909:3271985 [1] NCCL INFO proxyProgressAsync opId=0x7f9c4e278b40 op.type=1 op.reqBuff=0x7f9c44028070 op.respSize=16 done
proj186:3271910:3271984 [2] NCCL INFO Allocated shareable buffer 0x7efb49200000 size 6291456 ipcDesc 0x7efb68023ff0
proj186:3271910:3271984 [2] NCCL INFO proxyProgressAsync opId=0x7efb72278460 op.type=3 op.reqBuff=0x7efb6802b4a0 op.respSize=80 done
proj186:3271909:3271951 [1] NCCL INFO ncclPollProxyResponse Received new opId=0x7f9c4e278b40
proj186:3271911:3271983 [3] NCCL INFO New proxy send connection 43 from local rank 3, transport 0
proj186:3271911:3271983 [3] NCCL INFO proxyProgressAsync opId=0x7ff1ce278b40 op.type=1 op.reqBuff=0x7ff1c4028070 op.respSize=16 done
proj186:3271910:3271949 [2] NCCL INFO ncclPollProxyResponse Received new opId=0x7efb72278460
proj186:3271909:3271951 [1] NCCL INFO recvOpId=0x7f9c4e278b40 matches expected opId=0x7f9c4e278b40
proj186:3271908:3271986 [0] NCCL INFO New proxy recv connection 44 from local rank 0, transport 0
proj186:3271911:3271950 [3] NCCL INFO ncclPollProxyResponse Received new opId=0x7ff1ce278b40
proj186:3271909:3271951 [1] NCCL INFO Connection to proxy localRank 1 -> connection 0x7f9c44003ec0
proj186:3271908:3271986 [0] NCCL INFO proxyProgressAsync opId=0x7f31ce278b40 op.type=1 op.reqBuff=0x7f31dc028c10 op.respSize=16 done
proj186:3271910:3271949 [2] NCCL INFO recvOpId=0x7efb72278460 matches expected opId=0x7efb72278460
proj186:3271909:3271985 [1] NCCL INFO Received and initiated operation=Init res=0
proj186:3271911:3271950 [3] NCCL INFO recvOpId=0x7ff1ce278b40 matches expected opId=0x7ff1ce278b40
proj186:3271910:3271984 [2] NCCL INFO Received and initiated operation=Setup res=0
proj186:3271908:3271948 [0] NCCL INFO ncclPollProxyResponse Received new opId=0x7f31ce278b40
proj186:3271911:3271983 [3] NCCL INFO Received and initiated operation=Init res=0
proj186:3271911:3271950 [3] NCCL INFO Connection to proxy localRank 3 -> connection 0x7ff1c4003ec0
proj186:3271908:3271948 [0] NCCL INFO recvOpId=0x7f31ce278b40 matches expected opId=0x7f31ce278b40
proj186:3271908:3271948 [0] NCCL INFO Connection to proxy localRank 0 -> connection 0x7f31dc003fa0
proj186:3271908:3271986 [0] NCCL INFO Received and initiated operation=Init res=0
proj186:3271910:3271984 [2] NCCL INFO New proxy recv connection 47 from local rank 2, transport 0
proj186:3271910:3271984 [2] NCCL INFO proxyProgressAsync opId=0x7efb72278460 op.type=1 op.reqBuff=0x7efb6802b4a0 op.respSize=16 done
proj186:3271910:3271949 [2] NCCL INFO ncclPollProxyResponse Received new opId=0x7efb72278460
proj186:3271910:3271949 [2] NCCL INFO recvOpId=0x7efb72278460 matches expected opId=0x7efb72278460
proj186:3271910:3271984 [2] NCCL INFO Received and initiated operation=Init res=0
proj186:3271910:3271949 [2] NCCL INFO Connection to proxy localRank 2 -> connection 0x7efb68004000
proj186:3271909:3271985 [1] NCCL INFO transport/p2p.cc:204 Cuda Alloc Size 6291456 pointer 0x7f9c24000000
proj186:3271911:3271983 [3] NCCL INFO transport/p2p.cc:204 Cuda Alloc Size 6291456 pointer 0x7ff1a4000000
proj186:3271909:3271985 [1] NCCL INFO Allocated shareable buffer 0x7f9c24000000 size 6291456 ipcDesc 0x7f9c44023ff0
proj186:3271909:3271985 [1] NCCL INFO proxyProgressAsync opId=0x7f9c4e278b40 op.type=3 op.reqBuff=0x7f9c44028c90 op.respSize=80 done
proj186:3271911:3271983 [3] NCCL INFO Allocated shareable buffer 0x7ff1a4000000 size 6291456 ipcDesc 0x7ff1c4023ff0
proj186:3271911:3271983 [3] NCCL INFO proxyProgressAsync opId=0x7ff1ce278b40 op.type=3 op.reqBuff=0x7ff1c4028c90 op.respSize=80 done
proj186:3271908:3271986 [0] NCCL INFO transport/p2p.cc:204 Cuda Alloc Size 6291456 pointer 0x7f31aa600000
proj186:3271909:3271951 [1] NCCL INFO ncclPollProxyResponse Received new opId=0x7f9c4e278b40
proj186:3271911:3271950 [3] NCCL INFO ncclPollProxyResponse Received new opId=0x7ff1ce278b40
proj186:3271909:3271951 [1] NCCL INFO recvOpId=0x7f9c4e278b40 matches expected opId=0x7f9c4e278b40
proj186:3271908:3271986 [0] NCCL INFO Allocated shareable buffer 0x7f31aa600000 size 6291456 ipcDesc 0x7f31dc00bd80
proj186:3271908:3271986 [0] NCCL INFO proxyProgressAsync opId=0x7f31ce278b40 op.type=3 op.reqBuff=0x7f31dc029be0 op.respSize=80 done
proj186:3271909:3271985 [1] NCCL INFO Received and initiated operation=Setup res=0
proj186:3271911:3271950 [3] NCCL INFO recvOpId=0x7ff1ce278b40 matches expected opId=0x7ff1ce278b40
proj186:3271911:3271983 [3] NCCL INFO Received and initiated operation=Setup res=0
proj186:3271911:3271950 [3] NCCL INFO Channel 12/0 : 3[3] -> 2[2] via P2P/IPC/read
proj186:3271908:3271948 [0] NCCL INFO ncclPollProxyResponse Received new opId=0x7f31ce278b40
proj186:3271910:3271984 [2] NCCL INFO transport/p2p.cc:204 Cuda Alloc Size 6291456 pointer 0x7efb49800000
proj186:3271910:3271984 [2] NCCL INFO Allocated shareable buffer 0x7efb49800000 size 6291456 ipcDesc 0x7efb68023ff0
proj186:3271910:3271984 [2] NCCL INFO proxyProgressAsync opId=0x7efb72278460 op.type=3 op.reqBuff=0x7efb6802c0c0 op.respSize=80 done
proj186:3271908:3271948 [0] NCCL INFO recvOpId=0x7f31ce278b40 matches expected opId=0x7f31ce278b40
proj186:3271909:3271985 [1] NCCL INFO New proxy recv connection 44 from local rank 1, transport 0
proj186:3271909:3271985 [1] NCCL INFO proxyProgressAsync opId=0x7f9c4e278b40 op.type=1 op.reqBuff=0x7f9c44028c90 op.respSize=16 done
proj186:3271911:3271983 [3] NCCL INFO New proxy send connection 44 from local rank 3, transport 0
proj186:3271910:3271949 [2] NCCL INFO ncclPollProxyResponse Received new opId=0x7efb72278460
proj186:3271911:3271983 [3] NCCL INFO proxyProgressAsync opId=0x7ff1ce278b40 op.type=1 op.reqBuff=0x7ff1c4028c90 op.respSize=16 done
proj186:3271908:3271986 [0] NCCL INFO Received and initiated operation=Setup res=0
proj186:3271909:3271951 [1] NCCL INFO ncclPollProxyResponse Received new opId=0x7f9c4e278b40
proj186:3271911:3271950 [3] NCCL INFO ncclPollProxyResponse Received new opId=0x7ff1ce278b40
proj186:3271909:3271951 [1] NCCL INFO recvOpId=0x7f9c4e278b40 matches expected opId=0x7f9c4e278b40
proj186:3271910:3271949 [2] NCCL INFO recvOpId=0x7efb72278460 matches expected opId=0x7efb72278460
proj186:3271910:3271984 [2] NCCL INFO Received and initiated operation=Setup res=0
proj186:3271909:3271951 [1] NCCL INFO Connection to proxy localRank 1 -> connection 0x7f9c44003f10
proj186:3271911:3271950 [3] NCCL INFO recvOpId=0x7ff1ce278b40 matches expected opId=0x7ff1ce278b40
proj186:3271909:3271985 [1] NCCL INFO Received and initiated operation=Init res=0
proj186:3271910:3271949 [2] NCCL INFO Channel 00/0 : 2[2] -> 1[1] via P2P/IPC/read
proj186:3271911:3271983 [3] NCCL INFO Received and initiated operation=Init res=0
proj186:3271911:3271950 [3] NCCL INFO Connection to proxy localRank 3 -> connection 0x7ff1c4003f10
proj186:3271908:3271986 [0] NCCL INFO New proxy recv connection 45 from local rank 0, transport 0
proj186:3271908:3271986 [0] NCCL INFO proxyProgressAsync opId=0x7f31ce278b40 op.type=1 op.reqBuff=0x7f31dc029be0 op.respSize=16 done
proj186:3271908:3271948 [0] NCCL INFO ncclPollProxyResponse Received new opId=0x7f31ce278b40
proj186:3271910:3271984 [2] NCCL INFO New proxy send connection 48 from local rank 2, transport 0
proj186:3271910:3271984 [2] NCCL INFO proxyProgressAsync opId=0x7efb72278460 op.type=1 op.reqBuff=0x7efb6802c0c0 op.respSize=16 done
proj186:3271908:3271948 [0] NCCL INFO recvOpId=0x7f31ce278b40 matches expected opId=0x7f31ce278b40
proj186:3271908:3271948 [0] NCCL INFO Connection to proxy localRank 0 -> connection 0x7f31dc003ff0
proj186:3271908:3271986 [0] NCCL INFO Received and initiated operation=Init res=0
proj186:3271910:3271949 [2] NCCL INFO ncclPollProxyResponse Received new opId=0x7efb72278460
proj186:3271910:3271984 [2] NCCL INFO Received and initiated operation=Init res=0
proj186:3271910:3271949 [2] NCCL INFO recvOpId=0x7efb72278460 matches expected opId=0x7efb72278460
proj186:3271910:3271949 [2] NCCL INFO Connection to proxy localRank 2 -> connection 0x7efb68004050
proj186:3271909:3271985 [1] NCCL INFO transport/p2p.cc:204 Cuda Alloc Size 6291456 pointer 0x7f9c24600000
proj186:3271911:3271983 [3] NCCL INFO transport/p2p.cc:204 Cuda Alloc Size 6291456 pointer 0x7ff1a4600000
proj186:3271909:3271985 [1] NCCL INFO Allocated shareable buffer 0x7f9c24600000 size 6291456 ipcDesc 0x7f9c44023ff0
proj186:3271909:3271985 [1] NCCL INFO proxyProgressAsync opId=0x7f9c4e278b40 op.type=3 op.reqBuff=0x7f9c44029c60 op.respSize=80 done
proj186:3271909:3271951 [1] NCCL INFO ncclPollProxyResponse Received new opId=0x7f9c4e278b40
proj186:3271909:3271951 [1] NCCL INFO recvOpId=0x7f9c4e278b40 matches expected opId=0x7f9c4e278b40
proj186:3271909:3271985 [1] NCCL INFO Received and initiated operation=Setup res=0
proj186:3271911:3271983 [3] NCCL INFO Allocated shareable buffer 0x7ff1a4600000 size 6291456 ipcDesc 0x7ff1c4023ff0
proj186:3271911:3271983 [3] NCCL INFO proxyProgressAsync opId=0x7ff1ce278b40 op.type=3 op.reqBuff=0x7ff1c4029c60 op.respSize=80 done
proj186:3271909:3271985 [1] NCCL INFO New proxy recv connection 45 from local rank 1, transport 0
proj186:3271909:3271985 [1] NCCL INFO proxyProgressAsync opId=0x7f9c4e278b40 op.type=1 op.reqBuff=0x7f9c44029c60 op.respSize=16 done
proj186:3271909:3271951 [1] NCCL INFO ncclPollProxyResponse Received new opId=0x7f9c4e278b40
proj186:3271909:3271951 [1] NCCL INFO recvOpId=0x7f9c4e278b40 matches expected opId=0x7f9c4e278b40
proj186:3271909:3271951 [1] NCCL INFO Connection to proxy localRank 1 -> connection 0x7f9c44003f60
proj186:3271909:3271985 [1] NCCL INFO Received and initiated operation=Init res=0
proj186:3271911:3271950 [3] NCCL INFO ncclPollProxyResponse Received new opId=0x7ff1ce278b40
proj186:3271911:3271950 [3] NCCL INFO recvOpId=0x7ff1ce278b40 matches expected opId=0x7ff1ce278b40
proj186:3271911:3271950 [3] NCCL INFO Channel 13/0 : 3[3] -> 2[2] via P2P/IPC/read
proj186:3271908:3271986 [0] NCCL INFO transport/p2p.cc:204 Cuda Alloc Size 6291456 pointer 0x7f31aac00000
proj186:3271911:3271983 [3] NCCL INFO Received and initiated operation=Setup res=0
proj186:3271910:3271984 [2] NCCL INFO transport/p2p.cc:204 Cuda Alloc Size 6291456 pointer 0x7efb46000000
proj186:3271911:3271983 [3] NCCL INFO New proxy send connection 45 from local rank 3, transport 0
proj186:3271911:3271983 [3] NCCL INFO proxyProgressAsync opId=0x7ff1ce278b40 op.type=1 op.reqBuff=0x7ff1c4029c60 op.respSize=16 done
proj186:3271910:3271984 [2] NCCL INFO Allocated shareable buffer 0x7efb46000000 size 6291456 ipcDesc 0x7efb68023ff0
proj186:3271910:3271984 [2] NCCL INFO proxyProgressAsync opId=0x7efb72278460 op.type=3 op.reqBuff=0x7efb6802cce0 op.respSize=80 done
proj186:3271911:3271950 [3] NCCL INFO ncclPollProxyResponse Received new opId=0x7ff1ce278b40
proj186:3271911:3271983 [3] NCCL INFO Received and initiated operation=Init res=0
proj186:3271908:3271986 [0] NCCL INFO Allocated shareable buffer 0x7f31aac00000 size 6291456 ipcDesc 0x7f31dc00bd80
proj186:3271910:3271949 [2] NCCL INFO ncclPollProxyResponse Received new opId=0x7efb72278460
proj186:3271911:3271950 [3] NCCL INFO recvOpId=0x7ff1ce278b40 matches expected opId=0x7ff1ce278b40
proj186:3271911:3271950 [3] NCCL INFO Connection to proxy localRank 3 -> connection 0x7ff1c4003f60
proj186:3271908:3271986 [0] NCCL INFO proxyProgressAsync opId=0x7f31ce278b40 op.type=3 op.reqBuff=0x7f31dc02a800 op.respSize=80 done
