[2025-08-20 20:09:12,512] torch.distributed.run: [WARNING] 
[2025-08-20 20:09:12,512] torch.distributed.run: [WARNING] *****************************************
[2025-08-20 20:09:12,512] torch.distributed.run: [WARNING] Setting OMP_NUM_THREADS environment variable for each process to be 1 in default, to avoid your system being overloaded, please further tune the variable for optimal performance in your application as needed. 
[2025-08-20 20:09:12,512] torch.distributed.run: [WARNING] *****************************************
[2025-08-20 20:09:14] Rank 0: Starting PyTorch NCCL AllReduce performance tests...
[2025-08-20 20:09:14] Rank 0: World size: 2
[2025-08-20 20:09:14] Rank 0: Test mode: single_node
#
# NCCL AllReduce Performance Test
# Size       Count      Type   RedOp   Root     Time   AlgBw   BusBw  Error
# (B)        (elements)                          (us)  (GB/s)  (GB/s)
#
[2025-08-20 20:09:14] Rank 0: Testing 23 sizes from 2K to 8G
n232-194-226:234788:234788 [0] NCCL INFO Bootstrap : Using eth0:10.232.194.226<0>
n232-194-226:234788:234788 [0] NCCL INFO NET/Plugin : Plugin load (libnccl-net.so) returned 2 : libnccl-net.so: cannot open shared object file: No such file or directory
n232-194-226:234788:234788 [0] NCCL INFO NET/Plugin : No plugin found, using internal implementation
n232-194-226:234789:234789 [1] NCCL INFO cudaDriverVersion 12020
n232-194-226:234789:234789 [1] NCCL INFO Bootstrap : Using eth0:10.232.194.226<0>
n232-194-226:234789:234789 [1] NCCL INFO NET/Plugin : Plugin load (libnccl-net.so) returned 2 : libnccl-net.so: cannot open shared object file: No such file or directory
n232-194-226:234789:234789 [1] NCCL INFO NET/Plugin : No plugin found, using internal implementation
n232-194-226:234789:234789 [1] NCCL INFO init.cc:1584 Cuda Host Alloc Size 4 pointer 0x7f799aa00000
n232-194-226:234788:234788 [0] NCCL INFO cudaDriverVersion 12020
NCCL version 2.18.6+cuda12.1
n232-194-226:234788:234788 [0] NCCL INFO init.cc:1584 Cuda Host Alloc Size 4 pointer 0x7f3f84a00000
n232-194-226:234789:234797 [1] NCCL INFO NCCL_IB_DISABLE set by environment to 0.
n232-194-226:234789:234797 [1] NCCL INFO NCCL_IB_HCA set to mlx5_2,mlx5_3,mlx5_4,mlx5_5,mlx5_6,mlx5_7,mlx5_8
n232-194-226:234788:234798 [0] NCCL INFO NCCL_IB_DISABLE set by environment to 0.
n232-194-226:234788:234798 [0] NCCL INFO NCCL_IB_HCA set to mlx5_2,mlx5_3,mlx5_4,mlx5_5,mlx5_6,mlx5_7,mlx5_8
n232-194-226:234788:234798 [0] NCCL INFO NET/IB : Using [0]mlx5_2:1/IB [1]mlx5_3:1/IB [2]mlx5_4:1/IB [3]mlx5_5:1/IB [4]mlx5_6:1/IB [5]mlx5_7:1/IB [6]mlx5_8:1/IB [RO]; OOB eth0:10.232.194.226<0>
n232-194-226:234788:234798 [0] NCCL INFO Using network IB
n232-194-226:234789:234797 [1] NCCL INFO NET/IB : Using [0]mlx5_2:1/IB [1]mlx5_3:1/IB [2]mlx5_4:1/IB [3]mlx5_5:1/IB [4]mlx5_6:1/IB [5]mlx5_7:1/IB [6]mlx5_8:1/IB [RO]; OOB eth0:10.232.194.226<0>
n232-194-226:234789:234797 [1] NCCL INFO Using network IB
n232-194-226:234789:234797 [1] NCCL INFO comm 0x55a8482cd050 rank 1 nranks 2 cudaDev 1 nvmlDev 1 busId 34000 commId 0xba610d602d2b581f - Init START
n232-194-226:234788:234798 [0] NCCL INFO comm 0x5653c1e301f0 rank 0 nranks 2 cudaDev 0 nvmlDev 0 busId f000 commId 0xba610d602d2b581f - Init START
n232-194-226:234789:234797 [1] NCCL INFO NET/IB : GPU Direct RDMA Enabled for HCA 0 'mlx5_2'
n232-194-226:234789:234797 [1] NCCL INFO NET/IB : GPU Direct RDMA Enabled for HCA 1 'mlx5_3'
n232-194-226:234789:234797 [1] NCCL INFO NET/IB : GPU Direct RDMA Enabled for HCA 2 'mlx5_4'
n232-194-226:234788:234798 [0] NCCL INFO NET/IB : GPU Direct RDMA Enabled for HCA 0 'mlx5_2'
n232-194-226:234788:234798 [0] NCCL INFO NET/IB : GPU Direct RDMA Enabled for HCA 1 'mlx5_3'
n232-194-226:234789:234797 [1] NCCL INFO NET/IB : GPU Direct RDMA Enabled for HCA 3 'mlx5_5'
n232-194-226:234788:234798 [0] NCCL INFO NET/IB : GPU Direct RDMA Enabled for HCA 2 'mlx5_4'
n232-194-226:234789:234797 [1] NCCL INFO NET/IB : GPU Direct RDMA Enabled for HCA 4 'mlx5_6'
n232-194-226:234788:234798 [0] NCCL INFO NET/IB : GPU Direct RDMA Enabled for HCA 3 'mlx5_5'
n232-194-226:234789:234797 [1] NCCL INFO NET/IB : GPU Direct RDMA Enabled for HCA 5 'mlx5_7'
n232-194-226:234788:234798 [0] NCCL INFO NET/IB : GPU Direct RDMA Enabled for HCA 4 'mlx5_6'
n232-194-226:234789:234797 [1] NCCL INFO NET/IB : GPU Direct RDMA Enabled for HCA 6 'mlx5_8'
n232-194-226:234788:234798 [0] NCCL INFO NET/IB : GPU Direct RDMA Enabled for HCA 5 'mlx5_7'
n232-194-226:234788:234798 [0] NCCL INFO NET/IB : GPU Direct RDMA Enabled for HCA 6 'mlx5_8'
n232-194-226:234789:234797 [1] NCCL INFO transport/p2p.cc:163 Cuda Alloc Size 2097152 pointer 0x7f795e200000
n232-194-226:234789:234797 [1] NCCL INFO GPU Direct RDMA Disabled for GPU f000 / HCA 0 (distance 6 > 4)
n232-194-226:234789:234797 [1] NCCL INFO GPU Direct RDMA Enabled for GPU 34000 / HCA 0 (distance 3 <= 4), read 0
n232-194-226:234789:234797 [1] NCCL INFO GPU Direct RDMA Disabled for GPU f000 / HCA 1 (distance 6 > 4)
n232-194-226:234789:234797 [1] NCCL INFO GPU Direct RDMA Disabled for GPU 34000 / HCA 1 (distance 6 > 4)
n232-194-226:234789:234797 [1] NCCL INFO GPU Direct RDMA Disabled for GPU f000 / HCA 2 (distance 6 > 4)
n232-194-226:234789:234797 [1] NCCL INFO GPU Direct RDMA Disabled for GPU 34000 / HCA 2 (distance 6 > 4)
n232-194-226:234789:234797 [1] NCCL INFO GPU Direct RDMA Disabled for GPU f000 / HCA 3 (distance 7 > 4)
n232-194-226:234789:234797 [1] NCCL INFO GPU Direct RDMA Disabled for GPU 34000 / HCA 3 (distance 7 > 4)
n232-194-226:234789:234797 [1] NCCL INFO GPU Direct RDMA Disabled for GPU f000 / HCA 4 (distance 7 > 4)
n232-194-226:234789:234797 [1] NCCL INFO GPU Direct RDMA Disabled for GPU 34000 / HCA 4 (distance 7 > 4)
n232-194-226:234789:234797 [1] NCCL INFO GPU Direct RDMA Disabled for GPU f000 / HCA 5 (distance 7 > 4)
n232-194-226:234789:234797 [1] NCCL INFO GPU Direct RDMA Disabled for GPU 34000 / HCA 5 (distance 7 > 4)
n232-194-226:234789:234797 [1] NCCL INFO GPU Direct RDMA Disabled for GPU f000 / HCA 6 (distance 7 > 4)
n232-194-226:234789:234797 [1] NCCL INFO GPU Direct RDMA Disabled for GPU 34000 / HCA 6 (distance 7 > 4)
n232-194-226:234788:234798 [0] NCCL INFO transport/p2p.cc:163 Cuda Alloc Size 2097152 pointer 0x7f3f40200000
n232-194-226:234788:234798 [0] NCCL INFO GPU Direct RDMA Disabled for GPU f000 / HCA 0 (distance 6 > 4)
n232-194-226:234788:234798 [0] NCCL INFO GPU Direct RDMA Enabled for GPU 34000 / HCA 0 (distance 3 <= 4), read 0
n232-194-226:234788:234798 [0] NCCL INFO GPU Direct RDMA Disabled for GPU f000 / HCA 1 (distance 6 > 4)
n232-194-226:234788:234798 [0] NCCL INFO GPU Direct RDMA Disabled for GPU 34000 / HCA 1 (distance 6 > 4)
n232-194-226:234788:234798 [0] NCCL INFO GPU Direct RDMA Disabled for GPU f000 / HCA 2 (distance 6 > 4)
n232-194-226:234788:234798 [0] NCCL INFO GPU Direct RDMA Disabled for GPU 34000 / HCA 2 (distance 6 > 4)
n232-194-226:234788:234798 [0] NCCL INFO GPU Direct RDMA Disabled for GPU f000 / HCA 3 (distance 7 > 4)
n232-194-226:234788:234798 [0] NCCL INFO GPU Direct RDMA Disabled for GPU 34000 / HCA 3 (distance 7 > 4)
n232-194-226:234788:234798 [0] NCCL INFO GPU Direct RDMA Disabled for GPU f000 / HCA 4 (distance 7 > 4)
n232-194-226:234788:234798 [0] NCCL INFO GPU Direct RDMA Disabled for GPU 34000 / HCA 4 (distance 7 > 4)
n232-194-226:234788:234798 [0] NCCL INFO GPU Direct RDMA Disabled for GPU f000 / HCA 5 (distance 7 > 4)
n232-194-226:234788:234798 [0] NCCL INFO GPU Direct RDMA Disabled for GPU 34000 / HCA 5 (distance 7 > 4)
n232-194-226:234788:234798 [0] NCCL INFO GPU Direct RDMA Disabled for GPU f000 / HCA 6 (distance 7 > 4)
n232-194-226:234788:234798 [0] NCCL INFO GPU Direct RDMA Disabled for GPU 34000 / HCA 6 (distance 7 > 4)
n232-194-226:234789:234797 [1] NCCL INFO === System : maxBw 160.0 totalBw 160.0 ===
n232-194-226:234789:234797 [1] NCCL INFO CPU/0 (1/1/2)
n232-194-226:234789:234797 [1] NCCL INFO + PCI[48.0] - PCI/C000 (1000c0301000100b)
n232-194-226:234789:234797 [1] NCCL INFO               + PCI[48.0] - GPU/F000 (0)
n232-194-226:234789:234797 [1] NCCL INFO                             + NVL[160.0] - NVS/0
n232-194-226:234789:234797 [1] NCCL INFO + PCI[48.0] - PCI/32000 (1000c0301000100b)
n232-194-226:234789:234797 [1] NCCL INFO               + PCI[48.0] - GPU/34000 (1)
n232-194-226:234789:234797 [1] NCCL INFO                             + NVL[160.0] - NVS/0
n232-194-226:234789:234797 [1] NCCL INFO               + PCI[48.0] - NIC/35000
n232-194-226:234789:234797 [1] NCCL INFO + PCI[48.0] - PCI/45000 (1000c0301000100b)
n232-194-226:234789:234797 [1] NCCL INFO               + PCI[48.0] - NIC/47000
n232-194-226:234789:234797 [1] NCCL INFO + PCI[48.0] - PCI/58000 (1000c0301000100b)
n232-194-226:234789:234797 [1] NCCL INFO               + PCI[48.0] - NIC/5B000
n232-194-226:234789:234797 [1] NCCL INFO + SYS[10.0] - CPU/1
n232-194-226:234789:234797 [1] NCCL INFO CPU/1 (1/1/2)
n232-194-226:234789:234797 [1] NCCL INFO + PCI[48.0] - PCI/84000 (1000c0301000100b)
n232-194-226:234789:234797 [1] NCCL INFO               + PCI[48.0] - NIC/86000
n232-194-226:234789:234797 [1] NCCL INFO + PCI[48.0] - PCI/AC000 (1000c0301000100b)
n232-194-226:234789:234797 [1] NCCL INFO               + PCI[48.0] - NIC/AF000
n232-194-226:234789:234797 [1] NCCL INFO + PCI[48.0] - PCI/C0000 (1000c0301000100b)
n232-194-226:234789:234797 [1] NCCL INFO               + PCI[48.0] - NIC/C3000
n232-194-226:234789:234797 [1] NCCL INFO + PCI[48.0] - PCI/D4000 (1000c0301000100b)
n232-194-226:234789:234797 [1] NCCL INFO               + PCI[48.0] - NIC/D6000
n232-194-226:234789:234797 [1] NCCL INFO + SYS[10.0] - CPU/0
n232-194-226:234789:234797 [1] NCCL INFO ==========================================
n232-194-226:234789:234797 [1] NCCL INFO GPU/F000 :GPU/F000 (0/5000.000000/LOC) GPU/34000 (2/160.000000/NVL) NVS/0 (1/160.000000/NVL) CPU/0 (2/48.000000/PHB) CPU/1 (3/10.000000/SYS) 
n232-194-226:234789:234797 [1] NCCL INFO GPU/34000 :GPU/F000 (2/160.000000/NVL) GPU/34000 (0/5000.000000/LOC) NVS/0 (1/160.000000/NVL) CPU/0 (2/48.000000/PHB) CPU/1 (3/10.000000/SYS) 
n232-194-226:234789:234797 [1] NCCL INFO Setting affinity for GPU 1 to ffff,ffffffff,00000000,0000ffff,ffffffff
n232-194-226:234789:234797 [1] NCCL INFO Pattern 4, crossNic 0, nChannels 8, bw 20.000000/20.000000, type NVL/PIX, sameChannels 1
n232-194-226:234789:234797 [1] NCCL INFO  0 : GPU/0 GPU/1
n232-194-226:234789:234797 [1] NCCL INFO  1 : GPU/0 GPU/1
n232-194-226:234789:234797 [1] NCCL INFO  2 : GPU/0 GPU/1
n232-194-226:234789:234797 [1] NCCL INFO  3 : GPU/0 GPU/1
n232-194-226:234789:234797 [1] NCCL INFO  4 : GPU/0 GPU/1
n232-194-226:234789:234797 [1] NCCL INFO  5 : GPU/0 GPU/1
n232-194-226:234789:234797 [1] NCCL INFO  6 : GPU/0 GPU/1
n232-194-226:234789:234797 [1] NCCL INFO  7 : GPU/0 GPU/1
n232-194-226:234789:234797 [1] NCCL INFO Pattern 1, crossNic 0, nChannels 8, bw 40.000000/40.000000, type NVL/PIX, sameChannels 0
n232-194-226:234789:234797 [1] NCCL INFO  0 : GPU/0 GPU/1
n232-194-226:234789:234797 [1] NCCL INFO  1 : GPU/0 GPU/1
n232-194-226:234789:234797 [1] NCCL INFO  2 : GPU/0 GPU/1
n232-194-226:234789:234797 [1] NCCL INFO  3 : GPU/0 GPU/1
n232-194-226:234789:234797 [1] NCCL INFO  4 : GPU/1 GPU/0
n232-194-226:234789:234797 [1] NCCL INFO  5 : GPU/1 GPU/0
n232-194-226:234789:234797 [1] NCCL INFO  6 : GPU/1 GPU/0
n232-194-226:234789:234797 [1] NCCL INFO  7 : GPU/1 GPU/0
n232-194-226:234788:234798 [0] NCCL INFO === System : maxBw 160.0 totalBw 160.0 ===
n232-194-226:234788:234798 [0] NCCL INFO CPU/0 (1/1/2)
n232-194-226:234788:234798 [0] NCCL INFO + PCI[48.0] - PCI/C000 (1000c0301000100b)
n232-194-226:234788:234798 [0] NCCL INFO               + PCI[48.0] - GPU/F000 (0)
n232-194-226:234788:234798 [0] NCCL INFO                             + NVL[160.0] - NVS/0
n232-194-226:234788:234798 [0] NCCL INFO + PCI[48.0] - PCI/32000 (1000c0301000100b)
n232-194-226:234788:234798 [0] NCCL INFO               + PCI[48.0] - GPU/34000 (1)
n232-194-226:234788:234798 [0] NCCL INFO                             + NVL[160.0] - NVS/0
n232-194-226:234788:234798 [0] NCCL INFO               + PCI[48.0] - NIC/35000
n232-194-226:234788:234798 [0] NCCL INFO + PCI[48.0] - PCI/45000 (1000c0301000100b)
n232-194-226:234788:234798 [0] NCCL INFO               + PCI[48.0] - NIC/47000
n232-194-226:234788:234798 [0] NCCL INFO + PCI[48.0] - PCI/58000 (1000c0301000100b)
n232-194-226:234788:234798 [0] NCCL INFO               + PCI[48.0] - NIC/5B000
n232-194-226:234788:234798 [0] NCCL INFO + SYS[10.0] - CPU/1
n232-194-226:234788:234798 [0] NCCL INFO CPU/1 (1/1/2)
n232-194-226:234788:234798 [0] NCCL INFO + PCI[48.0] - PCI/84000 (1000c0301000100b)
n232-194-226:234788:234798 [0] NCCL INFO               + PCI[48.0] - NIC/86000
n232-194-226:234788:234798 [0] NCCL INFO + PCI[48.0] - PCI/AC000 (1000c0301000100b)
n232-194-226:234788:234798 [0] NCCL INFO               + PCI[48.0] - NIC/AF000
n232-194-226:234788:234798 [0] NCCL INFO + PCI[48.0] - PCI/C0000 (1000c0301000100b)
n232-194-226:234788:234798 [0] NCCL INFO               + PCI[48.0] - NIC/C3000
n232-194-226:234788:234798 [0] NCCL INFO + PCI[48.0] - PCI/D4000 (1000c0301000100b)
n232-194-226:234788:234798 [0] NCCL INFO               + PCI[48.0] - NIC/D6000
n232-194-226:234788:234798 [0] NCCL INFO + SYS[10.0] - CPU/0
n232-194-226:234788:234798 [0] NCCL INFO ==========================================
n232-194-226:234788:234798 [0] NCCL INFO GPU/F000 :GPU/F000 (0/5000.000000/LOC) GPU/34000 (2/160.000000/NVL) NVS/0 (1/160.000000/NVL) CPU/0 (2/48.000000/PHB) CPU/1 (3/10.000000/SYS) 
n232-194-226:234788:234798 [0] NCCL INFO GPU/34000 :GPU/F000 (2/160.000000/NVL) GPU/34000 (0/5000.000000/LOC) NVS/0 (1/160.000000/NVL) CPU/0 (2/48.000000/PHB) CPU/1 (3/10.000000/SYS) 
n232-194-226:234788:234798 [0] NCCL INFO Setting affinity for GPU 0 to ffff,ffffffff,00000000,0000ffff,ffffffff
n232-194-226:234788:234798 [0] NCCL INFO Pattern 4, crossNic 0, nChannels 8, bw 20.000000/20.000000, type NVL/PIX, sameChannels 1
n232-194-226:234788:234798 [0] NCCL INFO  0 : GPU/0 GPU/1
n232-194-226:234788:234798 [0] NCCL INFO  1 : GPU/0 GPU/1
n232-194-226:234788:234798 [0] NCCL INFO  2 : GPU/0 GPU/1
n232-194-226:234788:234798 [0] NCCL INFO  3 : GPU/0 GPU/1
n232-194-226:234788:234798 [0] NCCL INFO  4 : GPU/0 GPU/1
n232-194-226:234788:234798 [0] NCCL INFO  5 : GPU/0 GPU/1
n232-194-226:234788:234798 [0] NCCL INFO  6 : GPU/0 GPU/1
n232-194-226:234788:234798 [0] NCCL INFO  7 : GPU/0 GPU/1
n232-194-226:234788:234798 [0] NCCL INFO Pattern 1, crossNic 0, nChannels 8, bw 40.000000/40.000000, type NVL/PIX, sameChannels 0
n232-194-226:234788:234798 [0] NCCL INFO  0 : GPU/0 GPU/1
n232-194-226:234788:234798 [0] NCCL INFO  1 : GPU/0 GPU/1
n232-194-226:234788:234798 [0] NCCL INFO  2 : GPU/0 GPU/1
n232-194-226:234788:234798 [0] NCCL INFO  3 : GPU/0 GPU/1
n232-194-226:234788:234798 [0] NCCL INFO  4 : GPU/1 GPU/0
n232-194-226:234788:234798 [0] NCCL INFO  5 : GPU/1 GPU/0
n232-194-226:234788:234798 [0] NCCL INFO  6 : GPU/1 GPU/0
n232-194-226:234788:234798 [0] NCCL INFO  7 : GPU/1 GPU/0
n232-194-226:234789:234797 [1] NCCL INFO Tree 0 : 0 -> 1 -> -1/-1/-1
n232-194-226:234788:234798 [0] NCCL INFO Tree 0 : -1 -> 0 -> 1/-1/-1
n232-194-226:234788:234798 [0] NCCL INFO Tree 8 : -1 -> 0 -> 1/-1/-1
n232-194-226:234789:234797 [1] NCCL INFO Tree 8 : 0 -> 1 -> -1/-1/-1
n232-194-226:234788:234798 [0] NCCL INFO Tree 1 : -1 -> 0 -> 1/-1/-1
n232-194-226:234788:234798 [0] NCCL INFO Tree 9 : -1 -> 0 -> 1/-1/-1
n232-194-226:234789:234797 [1] NCCL INFO Tree 1 : 0 -> 1 -> -1/-1/-1
n232-194-226:234788:234798 [0] NCCL INFO Tree 2 : -1 -> 0 -> 1/-1/-1
n232-194-226:234789:234797 [1] NCCL INFO Tree 9 : 0 -> 1 -> -1/-1/-1
n232-194-226:234788:234798 [0] NCCL INFO Tree 10 : -1 -> 0 -> 1/-1/-1
n232-194-226:234789:234797 [1] NCCL INFO Tree 2 : 0 -> 1 -> -1/-1/-1
n232-194-226:234788:234798 [0] NCCL INFO Tree 3 : -1 -> 0 -> 1/-1/-1
n232-194-226:234789:234797 [1] NCCL INFO Tree 10 : 0 -> 1 -> -1/-1/-1
n232-194-226:234788:234798 [0] NCCL INFO Tree 11 : -1 -> 0 -> 1/-1/-1
n232-194-226:234789:234797 [1] NCCL INFO Tree 3 : 0 -> 1 -> -1/-1/-1
n232-194-226:234789:234797 [1] NCCL INFO Tree 11 : 0 -> 1 -> -1/-1/-1
n232-194-226:234788:234798 [0] NCCL INFO Tree 4 : 1 -> 0 -> -1/-1/-1
n232-194-226:234788:234798 [0] NCCL INFO Tree 12 : 1 -> 0 -> -1/-1/-1
n232-194-226:234789:234797 [1] NCCL INFO Tree 4 : -1 -> 1 -> 0/-1/-1
n232-194-226:234788:234798 [0] NCCL INFO Tree 5 : 1 -> 0 -> -1/-1/-1
n232-194-226:234789:234797 [1] NCCL INFO Tree 12 : -1 -> 1 -> 0/-1/-1
n232-194-226:234788:234798 [0] NCCL INFO Tree 13 : 1 -> 0 -> -1/-1/-1
n232-194-226:234789:234797 [1] NCCL INFO Tree 5 : -1 -> 1 -> 0/-1/-1
n232-194-226:234788:234798 [0] NCCL INFO Tree 6 : 1 -> 0 -> -1/-1/-1
n232-194-226:234789:234797 [1] NCCL INFO Tree 13 : -1 -> 1 -> 0/-1/-1
n232-194-226:234788:234798 [0] NCCL INFO Tree 14 : 1 -> 0 -> -1/-1/-1
n232-194-226:234789:234797 [1] NCCL INFO Tree 6 : -1 -> 1 -> 0/-1/-1
n232-194-226:234788:234798 [0] NCCL INFO Tree 7 : 1 -> 0 -> -1/-1/-1
n232-194-226:234789:234797 [1] NCCL INFO Tree 14 : -1 -> 1 -> 0/-1/-1
n232-194-226:234788:234798 [0] NCCL INFO Tree 15 : 1 -> 0 -> -1/-1/-1
n232-194-226:234789:234797 [1] NCCL INFO Tree 7 : -1 -> 1 -> 0/-1/-1
n232-194-226:234789:234797 [1] NCCL INFO Tree 15 : -1 -> 1 -> 0/-1/-1
n232-194-226:234788:234798 [0] NCCL INFO Channel 00/16 :    0   1
n232-194-226:234788:234798 [0] NCCL INFO Channel 01/16 :    0   1
n232-194-226:234788:234798 [0] NCCL INFO Channel 02/16 :    0   1
n232-194-226:234789:234797 [1] NCCL INFO Ring 00 : 0 -> 1 -> 0
n232-194-226:234788:234798 [0] NCCL INFO Channel 03/16 :    0   1
n232-194-226:234788:234798 [0] NCCL INFO Channel 04/16 :    0   1
n232-194-226:234789:234797 [1] NCCL INFO Ring 01 : 0 -> 1 -> 0
n232-194-226:234788:234798 [0] NCCL INFO Channel 05/16 :    0   1
n232-194-226:234789:234797 [1] NCCL INFO Ring 02 : 0 -> 1 -> 0
n232-194-226:234788:234798 [0] NCCL INFO Channel 06/16 :    0   1
n232-194-226:234789:234797 [1] NCCL INFO Ring 03 : 0 -> 1 -> 0
n232-194-226:234788:234798 [0] NCCL INFO Channel 07/16 :    0   1
n232-194-226:234789:234797 [1] NCCL INFO Ring 04 : 0 -> 1 -> 0
n232-194-226:234788:234798 [0] NCCL INFO Channel 08/16 :    0   1
n232-194-226:234789:234797 [1] NCCL INFO Ring 05 : 0 -> 1 -> 0
n232-194-226:234788:234798 [0] NCCL INFO Channel 09/16 :    0   1
n232-194-226:234789:234797 [1] NCCL INFO Ring 06 : 0 -> 1 -> 0
n232-194-226:234788:234798 [0] NCCL INFO Channel 10/16 :    0   1
n232-194-226:234789:234797 [1] NCCL INFO Ring 07 : 0 -> 1 -> 0
n232-194-226:234788:234798 [0] NCCL INFO Channel 11/16 :    0   1
n232-194-226:234789:234797 [1] NCCL INFO Ring 08 : 0 -> 1 -> 0
n232-194-226:234788:234798 [0] NCCL INFO Channel 12/16 :    0   1
n232-194-226:234789:234797 [1] NCCL INFO Ring 09 : 0 -> 1 -> 0
n232-194-226:234788:234798 [0] NCCL INFO Channel 13/16 :    0   1
n232-194-226:234789:234797 [1] NCCL INFO Ring 10 : 0 -> 1 -> 0
n232-194-226:234788:234798 [0] NCCL INFO Channel 14/16 :    0   1
n232-194-226:234789:234797 [1] NCCL INFO Ring 11 : 0 -> 1 -> 0
n232-194-226:234788:234798 [0] NCCL INFO Channel 15/16 :    0   1
n232-194-226:234789:234797 [1] NCCL INFO Ring 12 : 0 -> 1 -> 0
n232-194-226:234788:234798 [0] NCCL INFO Ring 00 : 1 -> 0 -> 1
n232-194-226:234789:234797 [1] NCCL INFO Ring 13 : 0 -> 1 -> 0
n232-194-226:234788:234798 [0] NCCL INFO Ring 01 : 1 -> 0 -> 1
n232-194-226:234789:234797 [1] NCCL INFO Ring 14 : 0 -> 1 -> 0
n232-194-226:234788:234798 [0] NCCL INFO Ring 02 : 1 -> 0 -> 1
n232-194-226:234789:234797 [1] NCCL INFO Ring 15 : 0 -> 1 -> 0
n232-194-226:234789:234797 [1] NCCL INFO Trees [0] -1/-1/-1->1->0 [1] -1/-1/-1->1->0 [2] -1/-1/-1->1->0 [3] -1/-1/-1->1->0 [4] 0/-1/-1->1->-1 [5] 0/-1/-1->1->-1 [6] 0/-1/-1->1->-1 [7] 0/-1/-1->1->-1 [8] -1/-1/-1->1->0 [9] -1/-1/-1->1->0 [10] -1/-1/-1->1->0 [11] -1/-1/-1->1->0 [12] 0/-1/-1->1->-1 [13] 0/-1/-1->1->-1 [14] 0/-1/-1->1->-1 [15] 0/-1/-1->1->-1
n232-194-226:234788:234798 [0] NCCL INFO Ring 03 : 1 -> 0 -> 1
n232-194-226:234788:234798 [0] NCCL INFO Ring 04 : 1 -> 0 -> 1
n232-194-226:234789:234797 [1] NCCL INFO P2P Chunksize set to 524288
n232-194-226:234788:234798 [0] NCCL INFO Ring 05 : 1 -> 0 -> 1
n232-194-226:234788:234798 [0] NCCL INFO Ring 06 : 1 -> 0 -> 1
n232-194-226:234788:234798 [0] NCCL INFO Ring 07 : 1 -> 0 -> 1
n232-194-226:234788:234798 [0] NCCL INFO Ring 08 : 1 -> 0 -> 1
n232-194-226:234788:234798 [0] NCCL INFO Ring 09 : 1 -> 0 -> 1
n232-194-226:234788:234798 [0] NCCL INFO Ring 10 : 1 -> 0 -> 1
n232-194-226:234788:234798 [0] NCCL INFO Ring 11 : 1 -> 0 -> 1
n232-194-226:234788:234798 [0] NCCL INFO Ring 12 : 1 -> 0 -> 1
n232-194-226:234788:234798 [0] NCCL INFO Ring 13 : 1 -> 0 -> 1
n232-194-226:234788:234798 [0] NCCL INFO Ring 14 : 1 -> 0 -> 1
n232-194-226:234788:234798 [0] NCCL INFO Ring 15 : 1 -> 0 -> 1
n232-194-226:234788:234798 [0] NCCL INFO Trees [0] 1/-1/-1->0->-1 [1] 1/-1/-1->0->-1 [2] 1/-1/-1->0->-1 [3] 1/-1/-1->0->-1 [4] -1/-1/-1->0->1 [5] -1/-1/-1->0->1 [6] -1/-1/-1->0->1 [7] -1/-1/-1->0->1 [8] 1/-1/-1->0->-1 [9] 1/-1/-1->0->-1 [10] 1/-1/-1->0->-1 [11] 1/-1/-1->0->-1 [12] -1/-1/-1->0->1 [13] -1/-1/-1->0->1 [14] -1/-1/-1->0->1 [15] -1/-1/-1->0->1
n232-194-226:234788:234798 [0] NCCL INFO P2P Chunksize set to 524288
n232-194-226:234789:234797 [1] NCCL INFO misc/utils.cc:235 memory stack hunk malloc(65536)
n232-194-226:234788:234798 [0] NCCL INFO misc/utils.cc:235 memory stack hunk malloc(65536)
n232-194-226:234788:234798 [0] NCCL INFO channel.cc:40 Cuda Alloc Size 768 pointer 0x7f3f40200000
n232-194-226:234789:234797 [1] NCCL INFO channel.cc:40 Cuda Alloc Size 768 pointer 0x7f795e200000
n232-194-226:234789:234797 [1] NCCL INFO channel.cc:43 Cuda Alloc Size 40 pointer 0x7f795e200400
n232-194-226:234788:234798 [0] NCCL INFO channel.cc:43 Cuda Alloc Size 40 pointer 0x7f3f40200400
n232-194-226:234788:234798 [0] NCCL INFO channel.cc:54 Cuda Alloc Size 8 pointer 0x7f3f40200600
n232-194-226:234789:234797 [1] NCCL INFO channel.cc:54 Cuda Alloc Size 8 pointer 0x7f795e200600
n232-194-226:234789:234797 [1] NCCL INFO channel.cc:40 Cuda Alloc Size 768 pointer 0x7f795e200800
n232-194-226:234788:234798 [0] NCCL INFO channel.cc:40 Cuda Alloc Size 768 pointer 0x7f3f40200800
n232-194-226:234788:234798 [0] NCCL INFO channel.cc:43 Cuda Alloc Size 40 pointer 0x7f3f40200c00
n232-194-226:234789:234797 [1] NCCL INFO channel.cc:43 Cuda Alloc Size 40 pointer 0x7f795e200c00
n232-194-226:234788:234798 [0] NCCL INFO channel.cc:54 Cuda Alloc Size 8 pointer 0x7f3f40200e00
n232-194-226:234789:234797 [1] NCCL INFO channel.cc:54 Cuda Alloc Size 8 pointer 0x7f795e200e00
n232-194-226:234789:234797 [1] NCCL INFO channel.cc:40 Cuda Alloc Size 768 pointer 0x7f795e201000
n232-194-226:234788:234798 [0] NCCL INFO channel.cc:40 Cuda Alloc Size 768 pointer 0x7f3f40201000
n232-194-226:234788:234798 [0] NCCL INFO channel.cc:43 Cuda Alloc Size 40 pointer 0x7f3f40201400
n232-194-226:234789:234797 [1] NCCL INFO channel.cc:43 Cuda Alloc Size 40 pointer 0x7f795e201400
n232-194-226:234789:234797 [1] NCCL INFO channel.cc:54 Cuda Alloc Size 8 pointer 0x7f795e201600
n232-194-226:234788:234798 [0] NCCL INFO channel.cc:54 Cuda Alloc Size 8 pointer 0x7f3f40201600
n232-194-226:234789:234797 [1] NCCL INFO channel.cc:40 Cuda Alloc Size 768 pointer 0x7f795e201800
n232-194-226:234788:234798 [0] NCCL INFO channel.cc:40 Cuda Alloc Size 768 pointer 0x7f3f40201800
n232-194-226:234788:234798 [0] NCCL INFO channel.cc:43 Cuda Alloc Size 40 pointer 0x7f3f40201c00
n232-194-226:234789:234797 [1] NCCL INFO channel.cc:43 Cuda Alloc Size 40 pointer 0x7f795e201c00
n232-194-226:234789:234797 [1] NCCL INFO channel.cc:54 Cuda Alloc Size 8 pointer 0x7f795e201e00
n232-194-226:234788:234798 [0] NCCL INFO channel.cc:54 Cuda Alloc Size 8 pointer 0x7f3f40201e00
n232-194-226:234788:234798 [0] NCCL INFO channel.cc:40 Cuda Alloc Size 768 pointer 0x7f3f40202000
n232-194-226:234789:234797 [1] NCCL INFO channel.cc:40 Cuda Alloc Size 768 pointer 0x7f795e202000
n232-194-226:234789:234797 [1] NCCL INFO channel.cc:43 Cuda Alloc Size 40 pointer 0x7f795e202400
n232-194-226:234788:234798 [0] NCCL INFO channel.cc:43 Cuda Alloc Size 40 pointer 0x7f3f40202400
n232-194-226:234789:234797 [1] NCCL INFO channel.cc:54 Cuda Alloc Size 8 pointer 0x7f795e202600
n232-194-226:234788:234798 [0] NCCL INFO channel.cc:54 Cuda Alloc Size 8 pointer 0x7f3f40202600
n232-194-226:234789:234797 [1] NCCL INFO channel.cc:40 Cuda Alloc Size 768 pointer 0x7f795e202800
n232-194-226:234788:234798 [0] NCCL INFO channel.cc:40 Cuda Alloc Size 768 pointer 0x7f3f40202800
n232-194-226:234788:234798 [0] NCCL INFO channel.cc:43 Cuda Alloc Size 40 pointer 0x7f3f40202c00
n232-194-226:234789:234797 [1] NCCL INFO channel.cc:43 Cuda Alloc Size 40 pointer 0x7f795e202c00
n232-194-226:234788:234798 [0] NCCL INFO channel.cc:54 Cuda Alloc Size 8 pointer 0x7f3f40202e00
n232-194-226:234789:234797 [1] NCCL INFO channel.cc:54 Cuda Alloc Size 8 pointer 0x7f795e202e00
n232-194-226:234788:234798 [0] NCCL INFO channel.cc:40 Cuda Alloc Size 768 pointer 0x7f3f40203000
n232-194-226:234789:234797 [1] NCCL INFO channel.cc:40 Cuda Alloc Size 768 pointer 0x7f795e203000
n232-194-226:234789:234797 [1] NCCL INFO channel.cc:43 Cuda Alloc Size 40 pointer 0x7f795e203400
n232-194-226:234788:234798 [0] NCCL INFO channel.cc:43 Cuda Alloc Size 40 pointer 0x7f3f40203400
n232-194-226:234788:234798 [0] NCCL INFO channel.cc:54 Cuda Alloc Size 8 pointer 0x7f3f40203600
n232-194-226:234789:234797 [1] NCCL INFO channel.cc:54 Cuda Alloc Size 8 pointer 0x7f795e203600
n232-194-226:234788:234798 [0] NCCL INFO channel.cc:40 Cuda Alloc Size 768 pointer 0x7f3f40203800
n232-194-226:234789:234797 [1] NCCL INFO channel.cc:40 Cuda Alloc Size 768 pointer 0x7f795e203800
n232-194-226:234788:234798 [0] NCCL INFO channel.cc:43 Cuda Alloc Size 40 pointer 0x7f3f40203c00
n232-194-226:234789:234797 [1] NCCL INFO channel.cc:43 Cuda Alloc Size 40 pointer 0x7f795e203c00
n232-194-226:234789:234797 [1] NCCL INFO channel.cc:54 Cuda Alloc Size 8 pointer 0x7f795e203e00
n232-194-226:234788:234798 [0] NCCL INFO channel.cc:54 Cuda Alloc Size 8 pointer 0x7f3f40203e00
n232-194-226:234789:234797 [1] NCCL INFO channel.cc:40 Cuda Alloc Size 768 pointer 0x7f795e204000
n232-194-226:234788:234798 [0] NCCL INFO channel.cc:40 Cuda Alloc Size 768 pointer 0x7f3f40204000
n232-194-226:234788:234798 [0] NCCL INFO channel.cc:43 Cuda Alloc Size 40 pointer 0x7f3f40204400
n232-194-226:234789:234797 [1] NCCL INFO channel.cc:43 Cuda Alloc Size 40 pointer 0x7f795e204400
n232-194-226:234788:234798 [0] NCCL INFO channel.cc:54 Cuda Alloc Size 8 pointer 0x7f3f40204600
n232-194-226:234789:234797 [1] NCCL INFO channel.cc:54 Cuda Alloc Size 8 pointer 0x7f795e204600
n232-194-226:234788:234798 [0] NCCL INFO channel.cc:40 Cuda Alloc Size 768 pointer 0x7f3f40204800
n232-194-226:234789:234797 [1] NCCL INFO channel.cc:40 Cuda Alloc Size 768 pointer 0x7f795e204800
n232-194-226:234789:234797 [1] NCCL INFO channel.cc:43 Cuda Alloc Size 40 pointer 0x7f795e204c00
n232-194-226:234788:234798 [0] NCCL INFO channel.cc:43 Cuda Alloc Size 40 pointer 0x7f3f40204c00
n232-194-226:234788:234798 [0] NCCL INFO channel.cc:54 Cuda Alloc Size 8 pointer 0x7f3f40204e00
n232-194-226:234789:234797 [1] NCCL INFO channel.cc:54 Cuda Alloc Size 8 pointer 0x7f795e204e00
n232-194-226:234789:234797 [1] NCCL INFO channel.cc:40 Cuda Alloc Size 768 pointer 0x7f795e205000
n232-194-226:234788:234798 [0] NCCL INFO channel.cc:40 Cuda Alloc Size 768 pointer 0x7f3f40205000
n232-194-226:234788:234798 [0] NCCL INFO channel.cc:43 Cuda Alloc Size 40 pointer 0x7f3f40205400
n232-194-226:234789:234797 [1] NCCL INFO channel.cc:43 Cuda Alloc Size 40 pointer 0x7f795e205400
n232-194-226:234788:234798 [0] NCCL INFO channel.cc:54 Cuda Alloc Size 8 pointer 0x7f3f40205600
n232-194-226:234789:234797 [1] NCCL INFO channel.cc:54 Cuda Alloc Size 8 pointer 0x7f795e205600
n232-194-226:234788:234798 [0] NCCL INFO channel.cc:40 Cuda Alloc Size 768 pointer 0x7f3f40205800
n232-194-226:234789:234797 [1] NCCL INFO channel.cc:40 Cuda Alloc Size 768 pointer 0x7f795e205800
n232-194-226:234789:234797 [1] NCCL INFO channel.cc:43 Cuda Alloc Size 40 pointer 0x7f795e205c00
n232-194-226:234788:234798 [0] NCCL INFO channel.cc:43 Cuda Alloc Size 40 pointer 0x7f3f40205c00
n232-194-226:234788:234798 [0] NCCL INFO channel.cc:54 Cuda Alloc Size 8 pointer 0x7f3f40205e00
n232-194-226:234789:234797 [1] NCCL INFO channel.cc:54 Cuda Alloc Size 8 pointer 0x7f795e205e00
n232-194-226:234788:234798 [0] NCCL INFO channel.cc:40 Cuda Alloc Size 768 pointer 0x7f3f40206000
n232-194-226:234789:234797 [1] NCCL INFO channel.cc:40 Cuda Alloc Size 768 pointer 0x7f795e206000
n232-194-226:234789:234797 [1] NCCL INFO channel.cc:43 Cuda Alloc Size 40 pointer 0x7f795e206400
n232-194-226:234788:234798 [0] NCCL INFO channel.cc:43 Cuda Alloc Size 40 pointer 0x7f3f40206400
n232-194-226:234788:234798 [0] NCCL INFO channel.cc:54 Cuda Alloc Size 8 pointer 0x7f3f40206600
n232-194-226:234789:234797 [1] NCCL INFO channel.cc:54 Cuda Alloc Size 8 pointer 0x7f795e206600
n232-194-226:234788:234798 [0] NCCL INFO channel.cc:40 Cuda Alloc Size 768 pointer 0x7f3f40206800
n232-194-226:234789:234797 [1] NCCL INFO channel.cc:40 Cuda Alloc Size 768 pointer 0x7f795e206800
n232-194-226:234789:234797 [1] NCCL INFO channel.cc:43 Cuda Alloc Size 40 pointer 0x7f795e206c00
n232-194-226:234788:234798 [0] NCCL INFO channel.cc:43 Cuda Alloc Size 40 pointer 0x7f3f40206c00
n232-194-226:234788:234798 [0] NCCL INFO channel.cc:54 Cuda Alloc Size 8 pointer 0x7f3f40206e00
n232-194-226:234789:234797 [1] NCCL INFO channel.cc:54 Cuda Alloc Size 8 pointer 0x7f795e206e00
n232-194-226:234788:234798 [0] NCCL INFO channel.cc:40 Cuda Alloc Size 768 pointer 0x7f3f40207000
n232-194-226:234789:234797 [1] NCCL INFO channel.cc:40 Cuda Alloc Size 768 pointer 0x7f795e207000
n232-194-226:234788:234798 [0] NCCL INFO channel.cc:43 Cuda Alloc Size 40 pointer 0x7f3f40207400
n232-194-226:234789:234797 [1] NCCL INFO channel.cc:43 Cuda Alloc Size 40 pointer 0x7f795e207400
n232-194-226:234788:234798 [0] NCCL INFO channel.cc:54 Cuda Alloc Size 8 pointer 0x7f3f40207600
n232-194-226:234789:234797 [1] NCCL INFO channel.cc:54 Cuda Alloc Size 8 pointer 0x7f795e207600
n232-194-226:234789:234797 [1] NCCL INFO channel.cc:40 Cuda Alloc Size 768 pointer 0x7f795e207800
n232-194-226:234788:234798 [0] NCCL INFO channel.cc:40 Cuda Alloc Size 768 pointer 0x7f3f40207800
n232-194-226:234788:234798 [0] NCCL INFO channel.cc:43 Cuda Alloc Size 40 pointer 0x7f3f40207c00
n232-194-226:234789:234797 [1] NCCL INFO channel.cc:43 Cuda Alloc Size 40 pointer 0x7f795e207c00
n232-194-226:234788:234798 [0] NCCL INFO channel.cc:54 Cuda Alloc Size 8 pointer 0x7f3f40207e00
n232-194-226:234789:234797 [1] NCCL INFO channel.cc:54 Cuda Alloc Size 8 pointer 0x7f795e207e00
n232-194-226:234788:234814 [0] NCCL INFO Mem Realloc old size 0, new size 8 pointer 0x7f3f60000bf0
n232-194-226:234788:234814 [0] NCCL INFO New proxy recv connection 0 from local rank 0, transport 0
n232-194-226:234788:234814 [0] NCCL INFO proxyProgressAsync opId=0x7f3f46bba200 op.type=1 op.reqBuff=0x7f3f60000bb0 op.respSize=16 done
n232-194-226:234788:234798 [0] NCCL INFO ncclPollProxyResponse Received new opId=0x7f3f46bba200
n232-194-226:234788:234798 [0] NCCL INFO recvOpId=0x7f3f46bba200 matches expected opId=0x7f3f46bba200
n232-194-226:234788:234798 [0] NCCL INFO Connection to proxy localRank 0 -> connection 0x7f3f60003160
n232-194-226:234789:234813 [1] NCCL INFO Mem Realloc old size 0, new size 8 pointer 0x7f7958002f10
n232-194-226:234789:234813 [1] NCCL INFO New proxy recv connection 0 from local rank 1, transport 0
n232-194-226:234789:234813 [1] NCCL INFO proxyProgressAsync opId=0x7f7962bba1b0 op.type=1 op.reqBuff=0x7f7958002ed0 op.respSize=16 done
n232-194-226:234789:234797 [1] NCCL INFO ncclPollProxyResponse Received new opId=0x7f7962bba1b0
n232-194-226:234789:234813 [1] NCCL INFO Received and initiated operation=Init res=0
n232-194-226:234788:234814 [0] NCCL INFO Received and initiated operation=Init res=0
n232-194-226:234789:234797 [1] NCCL INFO recvOpId=0x7f7962bba1b0 matches expected opId=0x7f7962bba1b0
n232-194-226:234789:234797 [1] NCCL INFO Connection to proxy localRank 1 -> connection 0x7f7958003150
n232-194-226:234788:234814 [0] NCCL INFO transport/p2p.cc:204 Cuda Alloc Size 10485760 pointer 0x7f3f40400000
n232-194-226:234788:234814 [0] NCCL INFO Allocated shareable buffer 0x7f3f40400000 size 10485760 ipcDesc 0x7f3f600059e0
n232-194-226:234788:234814 [0] NCCL INFO proxyProgressAsync opId=0x7f3f46bba200 op.type=3 op.reqBuff=0x7f3f600059b0 op.respSize=80 done
n232-194-226:234788:234798 [0] NCCL INFO ncclPollProxyResponse Received new opId=0x7f3f46bba200
n232-194-226:234788:234798 [0] NCCL INFO recvOpId=0x7f3f46bba200 matches expected opId=0x7f3f46bba200
n232-194-226:234788:234814 [0] NCCL INFO Received and initiated operation=Setup res=0
n232-194-226:234789:234813 [1] NCCL INFO transport/p2p.cc:204 Cuda Alloc Size 10485760 pointer 0x7f795e400000
n232-194-226:234789:234813 [1] NCCL INFO Allocated shareable buffer 0x7f795e400000 size 10485760 ipcDesc 0x7f79580059d0
n232-194-226:234789:234813 [1] NCCL INFO proxyProgressAsync opId=0x7f7962bba1b0 op.type=3 op.reqBuff=0x7f79580059a0 op.respSize=80 done
n232-194-226:234788:234814 [0] NCCL INFO New proxy recv connection 1 from local rank 0, transport 0
n232-194-226:234788:234814 [0] NCCL INFO proxyProgressAsync opId=0x7f3f46bba200 op.type=1 op.reqBuff=0x7f3f60006890 op.respSize=16 done
n232-194-226:234789:234797 [1] NCCL INFO ncclPollProxyResponse Received new opId=0x7f7962bba1b0
n232-194-226:234788:234798 [0] NCCL INFO ncclPollProxyResponse Received new opId=0x7f3f46bba200
n232-194-226:234788:234814 [0] NCCL INFO Received and initiated operation=Init res=0
n232-194-226:234789:234797 [1] NCCL INFO recvOpId=0x7f7962bba1b0 matches expected opId=0x7f7962bba1b0
n232-194-226:234789:234813 [1] NCCL INFO Received and initiated operation=Setup res=0
n232-194-226:234788:234798 [0] NCCL INFO recvOpId=0x7f3f46bba200 matches expected opId=0x7f3f46bba200
n232-194-226:234788:234798 [0] NCCL INFO Connection to proxy localRank 0 -> connection 0x7f3f600031b0
n232-194-226:234789:234813 [1] NCCL INFO New proxy recv connection 1 from local rank 1, transport 0
n232-194-226:234789:234813 [1] NCCL INFO proxyProgressAsync opId=0x7f7962bba1b0 op.type=1 op.reqBuff=0x7f7958006880 op.respSize=16 done
n232-194-226:234789:234797 [1] NCCL INFO ncclPollProxyResponse Received new opId=0x7f7962bba1b0
n232-194-226:234789:234813 [1] NCCL INFO Received and initiated operation=Init res=0
n232-194-226:234789:234797 [1] NCCL INFO recvOpId=0x7f7962bba1b0 matches expected opId=0x7f7962bba1b0
n232-194-226:234789:234797 [1] NCCL INFO Connection to proxy localRank 1 -> connection 0x7f79580031a0
n232-194-226:234788:234814 [0] NCCL INFO transport/p2p.cc:204 Cuda Alloc Size 10485760 pointer 0x7f3f40e00000
n232-194-226:234788:234814 [0] NCCL INFO Allocated shareable buffer 0x7f3f40e00000 size 10485760 ipcDesc 0x7f3f60006940
n232-194-226:234788:234814 [0] NCCL INFO proxyProgressAsync opId=0x7f3f46bba200 op.type=3 op.reqBuff=0x7f3f60006910 op.respSize=80 done
n232-194-226:234788:234798 [0] NCCL INFO ncclPollProxyResponse Received new opId=0x7f3f46bba200
n232-194-226:234788:234814 [0] NCCL INFO Received and initiated operation=Setup res=0
n232-194-226:234788:234798 [0] NCCL INFO recvOpId=0x7f3f46bba200 matches expected opId=0x7f3f46bba200
n232-194-226:234788:234814 [0] NCCL INFO New proxy recv connection 2 from local rank 0, transport 0
n232-194-226:234789:234813 [1] NCCL INFO transport/p2p.cc:204 Cuda Alloc Size 10485760 pointer 0x7f795ee00000
n232-194-226:234788:234814 [0] NCCL INFO proxyProgressAsync opId=0x7f3f46bba200 op.type=1 op.reqBuff=0x7f3f60007660 op.respSize=16 done
n232-194-226:234789:234813 [1] NCCL INFO Allocated shareable buffer 0x7f795ee00000 size 10485760 ipcDesc 0x7f7958006930
n232-194-226:234789:234813 [1] NCCL INFO proxyProgressAsync opId=0x7f7962bba1b0 op.type=3 op.reqBuff=0x7f7958006900 op.respSize=80 done
n232-194-226:234788:234798 [0] NCCL INFO ncclPollProxyResponse Received new opId=0x7f3f46bba200
n232-194-226:234789:234797 [1] NCCL INFO ncclPollProxyResponse Received new opId=0x7f7962bba1b0
n232-194-226:234788:234798 [0] NCCL INFO recvOpId=0x7f3f46bba200 matches expected opId=0x7f3f46bba200
n232-194-226:234788:234814 [0] NCCL INFO Received and initiated operation=Init res=0
n232-194-226:234788:234798 [0] NCCL INFO Connection to proxy localRank 0 -> connection 0x7f3f60003200
n232-194-226:234789:234797 [1] NCCL INFO recvOpId=0x7f7962bba1b0 matches expected opId=0x7f7962bba1b0
n232-194-226:234789:234813 [1] NCCL INFO Received and initiated operation=Setup res=0
n232-194-226:234789:234813 [1] NCCL INFO New proxy recv connection 2 from local rank 1, transport 0
n232-194-226:234789:234813 [1] NCCL INFO proxyProgressAsync opId=0x7f7962bba1b0 op.type=1 op.reqBuff=0x7f7958007650 op.respSize=16 done
n232-194-226:234789:234797 [1] NCCL INFO ncclPollProxyResponse Received new opId=0x7f7962bba1b0
n232-194-226:234789:234813 [1] NCCL INFO Received and initiated operation=Init res=0
n232-194-226:234789:234797 [1] NCCL INFO recvOpId=0x7f7962bba1b0 matches expected opId=0x7f7962bba1b0
n232-194-226:234789:234797 [1] NCCL INFO Connection to proxy localRank 1 -> connection 0x7f79580031f0
n232-194-226:234788:234814 [0] NCCL INFO transport/p2p.cc:204 Cuda Alloc Size 10485760 pointer 0x7f3f3e000000
n232-194-226:234788:234814 [0] NCCL INFO Allocated shareable buffer 0x7f3f3e000000 size 10485760 ipcDesc 0x7f3f600076f0
n232-194-226:234788:234814 [0] NCCL INFO proxyProgressAsync opId=0x7f3f46bba200 op.type=3 op.reqBuff=0x7f3f60007680 op.respSize=80 done
n232-194-226:234788:234798 [0] NCCL INFO ncclPollProxyResponse Received new opId=0x7f3f46bba200
n232-194-226:234788:234814 [0] NCCL INFO Received and initiated operation=Setup res=0
n232-194-226:234788:234798 [0] NCCL INFO recvOpId=0x7f3f46bba200 matches expected opId=0x7f3f46bba200
n232-194-226:234789:234813 [1] NCCL INFO transport/p2p.cc:204 Cuda Alloc Size 10485760 pointer 0x7f7956000000
n232-194-226:234789:234813 [1] NCCL INFO Allocated shareable buffer 0x7f7956000000 size 10485760 ipcDesc 0x7f79580076e0
n232-194-226:234789:234813 [1] NCCL INFO proxyProgressAsync opId=0x7f7962bba1b0 op.type=3 op.reqBuff=0x7f7958007670 op.respSize=80 done
n232-194-226:234789:234797 [1] NCCL INFO ncclPollProxyResponse Received new opId=0x7f7962bba1b0
n232-194-226:234789:234813 [1] NCCL INFO Received and initiated operation=Setup res=0
n232-194-226:234789:234797 [1] NCCL INFO recvOpId=0x7f7962bba1b0 matches expected opId=0x7f7962bba1b0
n232-194-226:234788:234814 [0] NCCL INFO New proxy recv connection 3 from local rank 0, transport 0
n232-194-226:234788:234814 [0] NCCL INFO proxyProgressAsync opId=0x7f3f46bba200 op.type=1 op.reqBuff=0x7f3f60007680 op.respSize=16 done
n232-194-226:234788:234798 [0] NCCL INFO ncclPollProxyResponse Received new opId=0x7f3f46bba200
n232-194-226:234788:234814 [0] NCCL INFO Received and initiated operation=Init res=0
n232-194-226:234788:234798 [0] NCCL INFO recvOpId=0x7f3f46bba200 matches expected opId=0x7f3f46bba200
n232-194-226:234788:234798 [0] NCCL INFO Connection to proxy localRank 0 -> connection 0x7f3f60003250
n232-194-226:234789:234813 [1] NCCL INFO New proxy recv connection 3 from local rank 1, transport 0
n232-194-226:234789:234813 [1] NCCL INFO proxyProgressAsync opId=0x7f7962bba1b0 op.type=1 op.reqBuff=0x7f7958007670 op.respSize=16 done
n232-194-226:234789:234797 [1] NCCL INFO ncclPollProxyResponse Received new opId=0x7f7962bba1b0
n232-194-226:234789:234813 [1] NCCL INFO Received and initiated operation=Init res=0
n232-194-226:234789:234797 [1] NCCL INFO recvOpId=0x7f7962bba1b0 matches expected opId=0x7f7962bba1b0
n232-194-226:234789:234797 [1] NCCL INFO Connection to proxy localRank 1 -> connection 0x7f7958003240
n232-194-226:234788:234814 [0] NCCL INFO transport/p2p.cc:204 Cuda Alloc Size 10485760 pointer 0x7f3f3ea00000
n232-194-226:234788:234814 [0] NCCL INFO Allocated shareable buffer 0x7f3f3ea00000 size 10485760 ipcDesc 0x7f3f60008830
n232-194-226:234788:234814 [0] NCCL INFO proxyProgressAsync opId=0x7f3f46bba200 op.type=3 op.reqBuff=0x7f3f600087c0 op.respSize=80 done
n232-194-226:234788:234798 [0] NCCL INFO ncclPollProxyResponse Received new opId=0x7f3f46bba200
n232-194-226:234788:234814 [0] NCCL INFO Received and initiated operation=Setup res=0
n232-194-226:234788:234798 [0] NCCL INFO recvOpId=0x7f3f46bba200 matches expected opId=0x7f3f46bba200
n232-194-226:234789:234813 [1] NCCL INFO transport/p2p.cc:204 Cuda Alloc Size 10485760 pointer 0x7f7956a00000
n232-194-226:234789:234813 [1] NCCL INFO Allocated shareable buffer 0x7f7956a00000 size 10485760 ipcDesc 0x7f79580088c0
n232-194-226:234789:234813 [1] NCCL INFO proxyProgressAsync opId=0x7f7962bba1b0 op.type=3 op.reqBuff=0x7f7958008850 op.respSize=80 done
n232-194-226:234789:234797 [1] NCCL INFO ncclPollProxyResponse Received new opId=0x7f7962bba1b0
n232-194-226:234789:234813 [1] NCCL INFO Received and initiated operation=Setup res=0
n232-194-226:234788:234814 [0] NCCL INFO New proxy recv connection 4 from local rank 0, transport 0
n232-194-226:234788:234814 [0] NCCL INFO proxyProgressAsync opId=0x7f3f46bba200 op.type=1 op.reqBuff=0x7f3f600087c0 op.respSize=16 done
n232-194-226:234789:234797 [1] NCCL INFO recvOpId=0x7f7962bba1b0 matches expected opId=0x7f7962bba1b0
n232-194-226:234788:234798 [0] NCCL INFO ncclPollProxyResponse Received new opId=0x7f3f46bba200
n232-194-226:234788:234814 [0] NCCL INFO Received and initiated operation=Init res=0
n232-194-226:234788:234798 [0] NCCL INFO recvOpId=0x7f3f46bba200 matches expected opId=0x7f3f46bba200
n232-194-226:234788:234798 [0] NCCL INFO Connection to proxy localRank 0 -> connection 0x7f3f600032a0
n232-194-226:234789:234813 [1] NCCL INFO New proxy recv connection 4 from local rank 1, transport 0
n232-194-226:234789:234813 [1] NCCL INFO proxyProgressAsync opId=0x7f7962bba1b0 op.type=1 op.reqBuff=0x7f7958008850 op.respSize=16 done
n232-194-226:234789:234797 [1] NCCL INFO ncclPollProxyResponse Received new opId=0x7f7962bba1b0
n232-194-226:234789:234813 [1] NCCL INFO Received and initiated operation=Init res=0
n232-194-226:234789:234797 [1] NCCL INFO recvOpId=0x7f7962bba1b0 matches expected opId=0x7f7962bba1b0
n232-194-226:234789:234797 [1] NCCL INFO Connection to proxy localRank 1 -> connection 0x7f7958003290
n232-194-226:234788:234814 [0] NCCL INFO transport/p2p.cc:204 Cuda Alloc Size 10485760 pointer 0x7f3f3f400000
n232-194-226:234788:234814 [0] NCCL INFO Allocated shareable buffer 0x7f3f3f400000 size 10485760 ipcDesc 0x7f3f600095a0
n232-194-226:234788:234814 [0] NCCL INFO proxyProgressAsync opId=0x7f3f46bba200 op.type=3 op.reqBuff=0x7f3f60009530 op.respSize=80 done
n232-194-226:234788:234798 [0] NCCL INFO ncclPollProxyResponse Received new opId=0x7f3f46bba200
n232-194-226:234788:234814 [0] NCCL INFO Received and initiated operation=Setup res=0
n232-194-226:234788:234798 [0] NCCL INFO recvOpId=0x7f3f46bba200 matches expected opId=0x7f3f46bba200
n232-194-226:234789:234813 [1] NCCL INFO transport/p2p.cc:204 Cuda Alloc Size 10485760 pointer 0x7f7957400000
n232-194-226:234788:234814 [0] NCCL INFO New proxy recv connection 5 from local rank 0, transport 0
n232-194-226:234788:234814 [0] NCCL INFO proxyProgressAsync opId=0x7f3f46bba200 op.type=1 op.reqBuff=0x7f3f60009530 op.respSize=16 done
n232-194-226:234789:234813 [1] NCCL INFO Allocated shareable buffer 0x7f7957400000 size 10485760 ipcDesc 0x7f7958009630
n232-194-226:234789:234813 [1] NCCL INFO proxyProgressAsync opId=0x7f7962bba1b0 op.type=3 op.reqBuff=0x7f79580095c0 op.respSize=80 done
n232-194-226:234788:234798 [0] NCCL INFO ncclPollProxyResponse Received new opId=0x7f3f46bba200
n232-194-226:234788:234814 [0] NCCL INFO Received and initiated operation=Init res=0
n232-194-226:234789:234797 [1] NCCL INFO ncclPollProxyResponse Received new opId=0x7f7962bba1b0
n232-194-226:234789:234813 [1] NCCL INFO Received and initiated operation=Setup res=0
n232-194-226:234788:234798 [0] NCCL INFO recvOpId=0x7f3f46bba200 matches expected opId=0x7f3f46bba200
n232-194-226:234788:234798 [0] NCCL INFO Connection to proxy localRank 0 -> connection 0x7f3f600032f0
n232-194-226:234789:234797 [1] NCCL INFO recvOpId=0x7f7962bba1b0 matches expected opId=0x7f7962bba1b0
n232-194-226:234789:234813 [1] NCCL INFO New proxy recv connection 5 from local rank 1, transport 0
n232-194-226:234789:234813 [1] NCCL INFO proxyProgressAsync opId=0x7f7962bba1b0 op.type=1 op.reqBuff=0x7f79580095c0 op.respSize=16 done
n232-194-226:234789:234797 [1] NCCL INFO ncclPollProxyResponse Received new opId=0x7f7962bba1b0
n232-194-226:234789:234813 [1] NCCL INFO Received and initiated operation=Init res=0
n232-194-226:234789:234797 [1] NCCL INFO recvOpId=0x7f7962bba1b0 matches expected opId=0x7f7962bba1b0
n232-194-226:234789:234797 [1] NCCL INFO Connection to proxy localRank 1 -> connection 0x7f79580032e0
n232-194-226:234788:234814 [0] NCCL INFO transport/p2p.cc:204 Cuda Alloc Size 10485760 pointer 0x7f3f3c000000
n232-194-226:234788:234814 [0] NCCL INFO Allocated shareable buffer 0x7f3f3c000000 size 10485760 ipcDesc 0x7f3f6000a310
n232-194-226:234788:234814 [0] NCCL INFO proxyProgressAsync opId=0x7f3f46bba200 op.type=3 op.reqBuff=0x7f3f6000a2a0 op.respSize=80 done
n232-194-226:234788:234798 [0] NCCL INFO ncclPollProxyResponse Received new opId=0x7f3f46bba200
n232-194-226:234788:234814 [0] NCCL INFO Received and initiated operation=Setup res=0
n232-194-226:234788:234798 [0] NCCL INFO recvOpId=0x7f3f46bba200 matches expected opId=0x7f3f46bba200
n232-194-226:234788:234814 [0] NCCL INFO New proxy recv connection 6 from local rank 0, transport 0
n232-194-226:234789:234813 [1] NCCL INFO transport/p2p.cc:204 Cuda Alloc Size 10485760 pointer 0x7f7954000000
n232-194-226:234788:234814 [0] NCCL INFO proxyProgressAsync opId=0x7f3f46bba200 op.type=1 op.reqBuff=0x7f3f6000a2a0 op.respSize=16 done
n232-194-226:234789:234813 [1] NCCL INFO Allocated shareable buffer 0x7f7954000000 size 10485760 ipcDesc 0x7f795800a3a0
n232-194-226:234789:234813 [1] NCCL INFO proxyProgressAsync opId=0x7f7962bba1b0 op.type=3 op.reqBuff=0x7f795800a330 op.respSize=80 done
n232-194-226:234788:234798 [0] NCCL INFO ncclPollProxyResponse Received new opId=0x7f3f46bba200
n232-194-226:234788:234814 [0] NCCL INFO Received and initiated operation=Init res=0
n232-194-226:234789:234797 [1] NCCL INFO ncclPollProxyResponse Received new opId=0x7f7962bba1b0
n232-194-226:234789:234813 [1] NCCL INFO Received and initiated operation=Setup res=0
n232-194-226:234788:234798 [0] NCCL INFO recvOpId=0x7f3f46bba200 matches expected opId=0x7f3f46bba200
n232-194-226:234788:234798 [0] NCCL INFO Connection to proxy localRank 0 -> connection 0x7f3f60003340
n232-194-226:234789:234797 [1] NCCL INFO recvOpId=0x7f7962bba1b0 matches expected opId=0x7f7962bba1b0
n232-194-226:234789:234813 [1] NCCL INFO New proxy recv connection 6 from local rank 1, transport 0
n232-194-226:234789:234813 [1] NCCL INFO proxyProgressAsync opId=0x7f7962bba1b0 op.type=1 op.reqBuff=0x7f795800a330 op.respSize=16 done
n232-194-226:234789:234797 [1] NCCL INFO ncclPollProxyResponse Received new opId=0x7f7962bba1b0
n232-194-226:234789:234813 [1] NCCL INFO Received and initiated operation=Init res=0
n232-194-226:234789:234797 [1] NCCL INFO recvOpId=0x7f7962bba1b0 matches expected opId=0x7f7962bba1b0
n232-194-226:234789:234797 [1] NCCL INFO Connection to proxy localRank 1 -> connection 0x7f7958003330
n232-194-226:234788:234814 [0] NCCL INFO transport/p2p.cc:204 Cuda Alloc Size 10485760 pointer 0x7f3f3ca00000
n232-194-226:234788:234814 [0] NCCL INFO Allocated shareable buffer 0x7f3f3ca00000 size 10485760 ipcDesc 0x7f3f6000b430
n232-194-226:234788:234814 [0] NCCL INFO proxyProgressAsync opId=0x7f3f46bba200 op.type=3 op.reqBuff=0x7f3f6000b3c0 op.respSize=80 done
n232-194-226:234788:234798 [0] NCCL INFO ncclPollProxyResponse Received new opId=0x7f3f46bba200
n232-194-226:234788:234814 [0] NCCL INFO Received and initiated operation=Setup res=0
n232-194-226:234788:234798 [0] NCCL INFO recvOpId=0x7f3f46bba200 matches expected opId=0x7f3f46bba200
n232-194-226:234789:234813 [1] NCCL INFO transport/p2p.cc:204 Cuda Alloc Size 10485760 pointer 0x7f7954a00000
n232-194-226:234788:234814 [0] NCCL INFO New proxy recv connection 7 from local rank 0, transport 0
n232-194-226:234788:234814 [0] NCCL INFO proxyProgressAsync opId=0x7f3f46bba200 op.type=1 op.reqBuff=0x7f3f6000b3c0 op.respSize=16 done
n232-194-226:234789:234813 [1] NCCL INFO Allocated shareable buffer 0x7f7954a00000 size 10485760 ipcDesc 0x7f795800b4c0
n232-194-226:234789:234813 [1] NCCL INFO proxyProgressAsync opId=0x7f7962bba1b0 op.type=3 op.reqBuff=0x7f795800b450 op.respSize=80 done
n232-194-226:234788:234798 [0] NCCL INFO ncclPollProxyResponse Received new opId=0x7f3f46bba200
n232-194-226:234788:234814 [0] NCCL INFO Received and initiated operation=Init res=0
n232-194-226:234789:234797 [1] NCCL INFO ncclPollProxyResponse Received new opId=0x7f7962bba1b0
n232-194-226:234788:234798 [0] NCCL INFO recvOpId=0x7f3f46bba200 matches expected opId=0x7f3f46bba200
n232-194-226:234789:234813 [1] NCCL INFO Received and initiated operation=Setup res=0
n232-194-226:234788:234798 [0] NCCL INFO Connection to proxy localRank 0 -> connection 0x7f3f60003390
n232-194-226:234789:234797 [1] NCCL INFO recvOpId=0x7f7962bba1b0 matches expected opId=0x7f7962bba1b0
n232-194-226:234789:234813 [1] NCCL INFO New proxy recv connection 7 from local rank 1, transport 0
n232-194-226:234789:234813 [1] NCCL INFO proxyProgressAsync opId=0x7f7962bba1b0 op.type=1 op.reqBuff=0x7f795800b450 op.respSize=16 done
n232-194-226:234789:234797 [1] NCCL INFO ncclPollProxyResponse Received new opId=0x7f7962bba1b0
n232-194-226:234789:234813 [1] NCCL INFO Received and initiated operation=Init res=0
n232-194-226:234789:234797 [1] NCCL INFO recvOpId=0x7f7962bba1b0 matches expected opId=0x7f7962bba1b0
n232-194-226:234789:234797 [1] NCCL INFO Connection to proxy localRank 1 -> connection 0x7f7958003380
n232-194-226:234788:234814 [0] NCCL INFO transport/p2p.cc:204 Cuda Alloc Size 10485760 pointer 0x7f3f3d400000
