proj186:3271615:3271615 [1] NCCL INFO AllReduce: opCount d8 sendbuff 0x7fe7f9200400 recvbuff 0x7fe7f9200400 count 8192 datatype 7 op 0 root 0 comm 0x8e6f640 [nranks=2] stream 0x8e733d0
proj186:3271614:3271614 [0] NCCL INFO AllReduce: opCount d8 sendbuff 0x7f8d11200400 recvbuff 0x7f8d11200400 count 8192 datatype 7 op 0 root 0 comm 0x753fd00 [nranks=2] stream 0x6f9f860
proj186:3271615:3271615 [1] NCCL INFO AllReduce: opCount d9 sendbuff 0x7fe7f9200200 recvbuff 0x7fe7f9200200 count 1 datatype 1 op 0 root 0 comm 0x8e6f640 [nranks=2] stream 0x8e733d0
proj186:3271614:3271614 [0] NCCL INFO AllReduce: opCount d9 sendbuff 0x7f8d11200200 recvbuff 0x7f8d11200200 count 1 datatype 1 op 0 root 0 comm 0x753fd00 [nranks=2] stream 0x6f9f860
proj186:3271615:3271615 [1] NCCL INFO AllReduce: opCount da sendbuff 0x7fe7f9200400 recvbuff 0x7fe7f9200400 count 8192 datatype 7 op 0 root 0 comm 0x8e6f640 [nranks=2] stream 0x8e733d0
proj186:3271614:3271614 [0] NCCL INFO AllReduce: opCount da sendbuff 0x7f8d11200400 recvbuff 0x7f8d11200400 count 8192 datatype 7 op 0 root 0 comm 0x753fd00 [nranks=2] stream 0x6f9f860
proj186:3271615:3271615 [1] NCCL INFO AllReduce: opCount db sendbuff 0x7fe7f9200000 recvbuff 0x7fe7f9200000 count 1 datatype 1 op 0 root 0 comm 0x8e6f640 [nranks=2] stream 0x8e733d0
proj186:3271614:3271614 [0] NCCL INFO AllReduce: opCount db sendbuff 0x7f8d11200000 recvbuff 0x7f8d11200000 count 1 datatype 1 op 0 root 0 comm 0x753fd00 [nranks=2] stream 0x6f9f860
proj186:3271614:3271614 [0] NCCL INFO AllReduce: opCount dc sendbuff 0x7f8d11200400 recvbuff 0x7f8d11200400 count 8192 datatype 7 op 0 root 0 comm 0x753fd00 [nranks=2] stream 0x6f9f860
proj186:3271615:3271615 [1] NCCL INFO AllReduce: opCount dc sendbuff 0x7fe7f9200400 recvbuff 0x7fe7f9200400 count 8192 datatype 7 op 0 root 0 comm 0x8e6f640 [nranks=2] stream 0x8e733d0
proj186:3271615:3271615 [1] NCCL INFO AllReduce: opCount dd sendbuff 0x7fe7f9200200 recvbuff 0x7fe7f9200200 count 1 datatype 1 op 0 root 0 comm 0x8e6f640 [nranks=2] stream 0x8e733d0
proj186:3271614:3271614 [0] NCCL INFO AllReduce: opCount dd sendbuff 0x7f8d11200200 recvbuff 0x7f8d11200200 count 1 datatype 1 op 0 root 0 comm 0x753fd00 [nranks=2] stream 0x6f9f860
proj186:3271615:3271615 [1] NCCL INFO AllReduce: opCount de sendbuff 0x7fe7f9200400 recvbuff 0x7fe7f9200400 count 8192 datatype 7 op 0 root 0 comm 0x8e6f640 [nranks=2] stream 0x8e733d0
proj186:3271614:3271614 [0] NCCL INFO AllReduce: opCount de sendbuff 0x7f8d11200400 recvbuff 0x7f8d11200400 count 8192 datatype 7 op 0 root 0 comm 0x753fd00 [nranks=2] stream 0x6f9f860
proj186:3271614:3271614 [0] NCCL INFO AllReduce: opCount df sendbuff 0x7f8d11200000 recvbuff 0x7f8d11200000 count 1 datatype 1 op 0 root 0 comm 0x753fd00 [nranks=2] stream 0x6f9f860
proj186:3271615:3271615 [1] NCCL INFO AllReduce: opCount df sendbuff 0x7fe7f9200000 recvbuff 0x7fe7f9200000 count 1 datatype 1 op 0 root 0 comm 0x8e6f640 [nranks=2] stream 0x8e733d0
proj186:3271614:3271614 [0] NCCL INFO AllReduce: opCount e0 sendbuff 0x7f8d11200400 recvbuff 0x7f8d11200400 count 8192 datatype 7 op 0 root 0 comm 0x753fd00 [nranks=2] stream 0x6f9f860
proj186:3271615:3271615 [1] NCCL INFO AllReduce: opCount e0 sendbuff 0x7fe7f9200400 recvbuff 0x7fe7f9200400 count 8192 datatype 7 op 0 root 0 comm 0x8e6f640 [nranks=2] stream 0x8e733d0
       32K        8192     float     sum     N/A    141.75     1.85     1.85       0
proj186:3271615:3271615 [1] NCCL INFO AllReduce: opCount e1 sendbuff 0x7fe7f9200400 recvbuff 0x7fe7f9200400 count 16384 datatype 7 op 0 root 0 comm 0x8e6f640 [nranks=2] stream 0x8e733d0
proj186:3271614:3271614 [0] NCCL INFO AllReduce: opCount e1 sendbuff 0x7f8d11200400 recvbuff 0x7f8d11200400 count 16384 datatype 7 op 0 root 0 comm 0x753fd00 [nranks=2] stream 0x6f9f860
proj186:3271615:3271615 [1] NCCL INFO AllReduce: opCount e2 sendbuff 0x7fe7f9200400 recvbuff 0x7fe7f9200400 count 16384 datatype 7 op 0 root 0 comm 0x8e6f640 [nranks=2] stream 0x8e733d0
proj186:3271614:3271614 [0] NCCL INFO AllReduce: opCount e2 sendbuff 0x7f8d11200400 recvbuff 0x7f8d11200400 count 16384 datatype 7 op 0 root 0 comm 0x753fd00 [nranks=2] stream 0x6f9f860
proj186:3271615:3271615 [1] NCCL INFO AllReduce: opCount e3 sendbuff 0x7fe7f9200400 recvbuff 0x7fe7f9200400 count 16384 datatype 7 op 0 root 0 comm 0x8e6f640 [nranks=2] stream 0x8e733d0
proj186:3271614:3271614 [0] NCCL INFO AllReduce: opCount e3 sendbuff 0x7f8d11200400 recvbuff 0x7f8d11200400 count 16384 datatype 7 op 0 root 0 comm 0x753fd00 [nranks=2] stream 0x6f9f860
proj186:3271614:3271614 [0] NCCL INFO AllReduce: opCount e4 sendbuff 0x7f8d11200400 recvbuff 0x7f8d11200400 count 16384 datatype 7 op 0 root 0 comm 0x753fd00 [nranks=2] stream 0x6f9f860
proj186:3271615:3271615 [1] NCCL INFO AllReduce: opCount e4 sendbuff 0x7fe7f9200400 recvbuff 0x7fe7f9200400 count 16384 datatype 7 op 0 root 0 comm 0x8e6f640 [nranks=2] stream 0x8e733d0
proj186:3271614:3271614 [0] NCCL INFO AllReduce: opCount e5 sendbuff 0x7f8d11200400 recvbuff 0x7f8d11200400 count 16384 datatype 7 op 0 root 0 comm 0x753fd00 [nranks=2] stream 0x6f9f860
proj186:3271615:3271615 [1] NCCL INFO AllReduce: opCount e5 sendbuff 0x7fe7f9200400 recvbuff 0x7fe7f9200400 count 16384 datatype 7 op 0 root 0 comm 0x8e6f640 [nranks=2] stream 0x8e733d0
proj186:3271614:3271614 [0] NCCL INFO AllReduce: opCount e6 sendbuff 0x7f8d11200200 recvbuff 0x7f8d11200200 count 1 datatype 1 op 0 root 0 comm 0x753fd00 [nranks=2] stream 0x6f9f860
proj186:3271615:3271615 [1] NCCL INFO AllReduce: opCount e6 sendbuff 0x7fe7f9200200 recvbuff 0x7fe7f9200200 count 1 datatype 1 op 0 root 0 comm 0x8e6f640 [nranks=2] stream 0x8e733d0
proj186:3271614:3271614 [0] NCCL INFO AllReduce: opCount e7 sendbuff 0x7f8d11200400 recvbuff 0x7f8d11200400 count 16384 datatype 7 op 0 root 0 comm 0x753fd00 [nranks=2] stream 0x6f9f860
proj186:3271615:3271615 [1] NCCL INFO AllReduce: opCount e7 sendbuff 0x7fe7f9200400 recvbuff 0x7fe7f9200400 count 16384 datatype 7 op 0 root 0 comm 0x8e6f640 [nranks=2] stream 0x8e733d0
proj186:3271614:3271614 [0] NCCL INFO AllReduce: opCount e8 sendbuff 0x7f8d11200000 recvbuff 0x7f8d11200000 count 1 datatype 1 op 0 root 0 comm 0x753fd00 [nranks=2] stream 0x6f9f860
proj186:3271615:3271615 [1] NCCL INFO AllReduce: opCount e8 sendbuff 0x7fe7f9200000 recvbuff 0x7fe7f9200000 count 1 datatype 1 op 0 root 0 comm 0x8e6f640 [nranks=2] stream 0x8e733d0
proj186:3271614:3271614 [0] NCCL INFO AllReduce: opCount e9 sendbuff 0x7f8d11200400 recvbuff 0x7f8d11200400 count 16384 datatype 7 op 0 root 0 comm 0x753fd00 [nranks=2] stream 0x6f9f860
proj186:3271615:3271615 [1] NCCL INFO AllReduce: opCount e9 sendbuff 0x7fe7f9200400 recvbuff 0x7fe7f9200400 count 16384 datatype 7 op 0 root 0 comm 0x8e6f640 [nranks=2] stream 0x8e733d0
proj186:3271614:3271614 [0] NCCL INFO AllReduce: opCount ea sendbuff 0x7f8d11200200 recvbuff 0x7f8d11200200 count 1 datatype 1 op 0 root 0 comm 0x753fd00 [nranks=2] stream 0x6f9f860
proj186:3271615:3271615 [1] NCCL INFO AllReduce: opCount ea sendbuff 0x7fe7f9200200 recvbuff 0x7fe7f9200200 count 1 datatype 1 op 0 root 0 comm 0x8e6f640 [nranks=2] stream 0x8e733d0
proj186:3271614:3271614 [0] NCCL INFO AllReduce: opCount eb sendbuff 0x7f8d11200400 recvbuff 0x7f8d11200400 count 16384 datatype 7 op 0 root 0 comm 0x753fd00 [nranks=2] stream 0x6f9f860
proj186:3271615:3271615 [1] NCCL INFO AllReduce: opCount eb sendbuff 0x7fe7f9200400 recvbuff 0x7fe7f9200400 count 16384 datatype 7 op 0 root 0 comm 0x8e6f640 [nranks=2] stream 0x8e733d0
proj186:3271615:3271615 [1] NCCL INFO AllReduce: opCount ec sendbuff 0x7fe7f9200000 recvbuff 0x7fe7f9200000 count 1 datatype 1 op 0 root 0 comm 0x8e6f640 [nranks=2] stream 0x8e733d0
proj186:3271614:3271614 [0] NCCL INFO AllReduce: opCount ec sendbuff 0x7f8d11200000 recvbuff 0x7f8d11200000 count 1 datatype 1 op 0 root 0 comm 0x753fd00 [nranks=2] stream 0x6f9f860
proj186:3271615:3271615 [1] NCCL INFO AllReduce: opCount ed sendbuff 0x7fe7f9200400 recvbuff 0x7fe7f9200400 count 16384 datatype 7 op 0 root 0 comm 0x8e6f640 [nranks=2] stream 0x8e733d0
proj186:3271614:3271614 [0] NCCL INFO AllReduce: opCount ed sendbuff 0x7f8d11200400 recvbuff 0x7f8d11200400 count 16384 datatype 7 op 0 root 0 comm 0x753fd00 [nranks=2] stream 0x6f9f860
proj186:3271614:3271614 [0] NCCL INFO AllReduce: opCount ee sendbuff 0x7f8d11200200 recvbuff 0x7f8d11200200 count 1 datatype 1 op 0 root 0 comm 0x753fd00 [nranks=2] stream 0x6f9f860
proj186:3271615:3271615 [1] NCCL INFO AllReduce: opCount ee sendbuff 0x7fe7f9200200 recvbuff 0x7fe7f9200200 count 1 datatype 1 op 0 root 0 comm 0x8e6f640 [nranks=2] stream 0x8e733d0
proj186:3271614:3271614 [0] NCCL INFO AllReduce: opCount ef sendbuff 0x7f8d11200400 recvbuff 0x7f8d11200400 count 16384 datatype 7 op 0 root 0 comm 0x753fd00 [nranks=2] stream 0x6f9f860
proj186:3271615:3271615 [1] NCCL INFO AllReduce: opCount ef sendbuff 0x7fe7f9200400 recvbuff 0x7fe7f9200400 count 16384 datatype 7 op 0 root 0 comm 0x8e6f640 [nranks=2] stream 0x8e733d0
proj186:3271614:3271614 [0] NCCL INFO AllReduce: opCount f0 sendbuff 0x7f8d11200000 recvbuff 0x7f8d11200000 count 1 datatype 1 op 0 root 0 comm 0x753fd00 [nranks=2] stream 0x6f9f860
proj186:3271615:3271615 [1] NCCL INFO AllReduce: opCount f0 sendbuff 0x7fe7f9200000 recvbuff 0x7fe7f9200000 count 1 datatype 1 op 0 root 0 comm 0x8e6f640 [nranks=2] stream 0x8e733d0
proj186:3271614:3271614 [0] NCCL INFO AllReduce: opCount f1 sendbuff 0x7f8d11200400 recvbuff 0x7f8d11200400 count 16384 datatype 7 op 0 root 0 comm 0x753fd00 [nranks=2] stream 0x6f9f860
proj186:3271615:3271615 [1] NCCL INFO AllReduce: opCount f1 sendbuff 0x7fe7f9200400 recvbuff 0x7fe7f9200400 count 16384 datatype 7 op 0 root 0 comm 0x8e6f640 [nranks=2] stream 0x8e733d0
proj186:3271615:3271615 [1] NCCL INFO AllReduce: opCount f2 sendbuff 0x7fe7f9200200 recvbuff 0x7fe7f9200200 count 1 datatype 1 op 0 root 0 comm 0x8e6f640 [nranks=2] stream 0x8e733d0
proj186:3271614:3271614 [0] NCCL INFO AllReduce: opCount f2 sendbuff 0x7f8d11200200 recvbuff 0x7f8d11200200 count 1 datatype 1 op 0 root 0 comm 0x753fd00 [nranks=2] stream 0x6f9f860
proj186:3271615:3271615 [1] NCCL INFO AllReduce: opCount f3 sendbuff 0x7fe7f9200400 recvbuff 0x7fe7f9200400 count 16384 datatype 7 op 0 root 0 comm 0x8e6f640 [nranks=2] stream 0x8e733d0
proj186:3271614:3271614 [0] NCCL INFO AllReduce: opCount f3 sendbuff 0x7f8d11200400 recvbuff 0x7f8d11200400 count 16384 datatype 7 op 0 root 0 comm 0x753fd00 [nranks=2] stream 0x6f9f860
proj186:3271615:3271615 [1] NCCL INFO AllReduce: opCount f4 sendbuff 0x7fe7f9200000 recvbuff 0x7fe7f9200000 count 1 datatype 1 op 0 root 0 comm 0x8e6f640 [nranks=2] stream 0x8e733d0
proj186:3271614:3271614 [0] NCCL INFO AllReduce: opCount f4 sendbuff 0x7f8d11200000 recvbuff 0x7f8d11200000 count 1 datatype 1 op 0 root 0 comm 0x753fd00 [nranks=2] stream 0x6f9f860
proj186:3271615:3271615 [1] NCCL INFO AllReduce: opCount f5 sendbuff 0x7fe7f9200400 recvbuff 0x7fe7f9200400 count 16384 datatype 7 op 0 root 0 comm 0x8e6f640 [nranks=2] stream 0x8e733d0
proj186:3271614:3271614 [0] NCCL INFO AllReduce: opCount f5 sendbuff 0x7f8d11200400 recvbuff 0x7f8d11200400 count 16384 datatype 7 op 0 root 0 comm 0x753fd00 [nranks=2] stream 0x6f9f860
proj186:3271614:3271614 [0] NCCL INFO AllReduce: opCount f6 sendbuff 0x7f8d11200200 recvbuff 0x7f8d11200200 count 1 datatype 1 op 0 root 0 comm 0x753fd00 [nranks=2] stream 0x6f9f860
proj186:3271615:3271615 [1] NCCL INFO AllReduce: opCount f6 sendbuff 0x7fe7f9200200 recvbuff 0x7fe7f9200200 count 1 datatype 1 op 0 root 0 comm 0x8e6f640 [nranks=2] stream 0x8e733d0
proj186:3271614:3271614 [0] NCCL INFO AllReduce: opCount f7 sendbuff 0x7f8d11200400 recvbuff 0x7f8d11200400 count 16384 datatype 7 op 0 root 0 comm 0x753fd00 [nranks=2] stream 0x6f9f860
proj186:3271615:3271615 [1] NCCL INFO AllReduce: opCount f7 sendbuff 0x7fe7f9200400 recvbuff 0x7fe7f9200400 count 16384 datatype 7 op 0 root 0 comm 0x8e6f640 [nranks=2] stream 0x8e733d0
proj186:3271615:3271615 [1] NCCL INFO AllReduce: opCount f8 sendbuff 0x7fe7f9200000 recvbuff 0x7fe7f9200000 count 1 datatype 1 op 0 root 0 comm 0x8e6f640 [nranks=2] stream 0x8e733d0
proj186:3271614:3271614 [0] NCCL INFO AllReduce: opCount f8 sendbuff 0x7f8d11200000 recvbuff 0x7f8d11200000 count 1 datatype 1 op 0 root 0 comm 0x753fd00 [nranks=2] stream 0x6f9f860
proj186:3271615:3271615 [1] NCCL INFO AllReduce: opCount f9 sendbuff 0x7fe7f9200400 recvbuff 0x7fe7f9200400 count 16384 datatype 7 op 0 root 0 comm 0x8e6f640 [nranks=2] stream 0x8e733d0
proj186:3271614:3271614 [0] NCCL INFO AllReduce: opCount f9 sendbuff 0x7f8d11200400 recvbuff 0x7f8d11200400 count 16384 datatype 7 op 0 root 0 comm 0x753fd00 [nranks=2] stream 0x6f9f860
proj186:3271615:3271615 [1] NCCL INFO AllReduce: opCount fa sendbuff 0x7fe7f9200200 recvbuff 0x7fe7f9200200 count 1 datatype 1 op 0 root 0 comm 0x8e6f640 [nranks=2] stream 0x8e733d0
proj186:3271614:3271614 [0] NCCL INFO AllReduce: opCount fa sendbuff 0x7f8d11200200 recvbuff 0x7f8d11200200 count 1 datatype 1 op 0 root 0 comm 0x753fd00 [nranks=2] stream 0x6f9f860
proj186:3271615:3271615 [1] NCCL INFO AllReduce: opCount fb sendbuff 0x7fe7f9200400 recvbuff 0x7fe7f9200400 count 16384 datatype 7 op 0 root 0 comm 0x8e6f640 [nranks=2] stream 0x8e733d0
proj186:3271614:3271614 [0] NCCL INFO AllReduce: opCount fb sendbuff 0x7f8d11200400 recvbuff 0x7f8d11200400 count 16384 datatype 7 op 0 root 0 comm 0x753fd00 [nranks=2] stream 0x6f9f860
proj186:3271614:3271614 [0] NCCL INFO AllReduce: opCount fc sendbuff 0x7f8d11200000 recvbuff 0x7f8d11200000 count 1 datatype 1 op 0 root 0 comm 0x753fd00 [nranks=2] stream 0x6f9f860
proj186:3271615:3271615 [1] NCCL INFO AllReduce: opCount fc sendbuff 0x7fe7f9200000 recvbuff 0x7fe7f9200000 count 1 datatype 1 op 0 root 0 comm 0x8e6f640 [nranks=2] stream 0x8e733d0
proj186:3271614:3271614 [0] NCCL INFO AllReduce: opCount fd sendbuff 0x7f8d11200400 recvbuff 0x7f8d11200400 count 16384 datatype 7 op 0 root 0 comm 0x753fd00 [nranks=2] stream 0x6f9f860
proj186:3271615:3271615 [1] NCCL INFO AllReduce: opCount fd sendbuff 0x7fe7f9200400 recvbuff 0x7fe7f9200400 count 16384 datatype 7 op 0 root 0 comm 0x8e6f640 [nranks=2] stream 0x8e733d0
proj186:3271614:3271614 [0] NCCL INFO AllReduce: opCount fe sendbuff 0x7f8d11200200 recvbuff 0x7f8d11200200 count 1 datatype 1 op 0 root 0 comm 0x753fd00 [nranks=2] stream 0x6f9f860
proj186:3271615:3271615 [1] NCCL INFO AllReduce: opCount fe sendbuff 0x7fe7f9200200 recvbuff 0x7fe7f9200200 count 1 datatype 1 op 0 root 0 comm 0x8e6f640 [nranks=2] stream 0x8e733d0
proj186:3271614:3271614 [0] NCCL INFO AllReduce: opCount ff sendbuff 0x7f8d11200400 recvbuff 0x7f8d11200400 count 16384 datatype 7 op 0 root 0 comm 0x753fd00 [nranks=2] stream 0x6f9f860
proj186:3271615:3271615 [1] NCCL INFO AllReduce: opCount ff sendbuff 0x7fe7f9200400 recvbuff 0x7fe7f9200400 count 16384 datatype 7 op 0 root 0 comm 0x8e6f640 [nranks=2] stream 0x8e733d0
proj186:3271614:3271614 [0] NCCL INFO AllReduce: opCount 100 sendbuff 0x7f8d11200000 recvbuff 0x7f8d11200000 count 1 datatype 1 op 0 root 0 comm 0x753fd00 [nranks=2] stream 0x6f9f860
proj186:3271615:3271615 [1] NCCL INFO AllReduce: opCount 100 sendbuff 0x7fe7f9200000 recvbuff 0x7fe7f9200000 count 1 datatype 1 op 0 root 0 comm 0x8e6f640 [nranks=2] stream 0x8e733d0
proj186:3271614:3271614 [0] NCCL INFO AllReduce: opCount 101 sendbuff 0x7f8d11200400 recvbuff 0x7f8d11200400 count 16384 datatype 7 op 0 root 0 comm 0x753fd00 [nranks=2] stream 0x6f9f860
proj186:3271615:3271615 [1] NCCL INFO AllReduce: opCount 101 sendbuff 0x7fe7f9200400 recvbuff 0x7fe7f9200400 count 16384 datatype 7 op 0 root 0 comm 0x8e6f640 [nranks=2] stream 0x8e733d0
proj186:3271614:3271614 [0] NCCL INFO AllReduce: opCount 102 sendbuff 0x7f8d11200200 recvbuff 0x7f8d11200200 count 1 datatype 1 op 0 root 0 comm 0x753fd00 [nranks=2] stream 0x6f9f860
proj186:3271615:3271615 [1] NCCL INFO AllReduce: opCount 102 sendbuff 0x7fe7f9200200 recvbuff 0x7fe7f9200200 count 1 datatype 1 op 0 root 0 comm 0x8e6f640 [nranks=2] stream 0x8e733d0
proj186:3271614:3271614 [0] NCCL INFO AllReduce: opCount 103 sendbuff 0x7f8d11200400 recvbuff 0x7f8d11200400 count 16384 datatype 7 op 0 root 0 comm 0x753fd00 [nranks=2] stream 0x6f9f860
proj186:3271615:3271615 [1] NCCL INFO AllReduce: opCount 103 sendbuff 0x7fe7f9200400 recvbuff 0x7fe7f9200400 count 16384 datatype 7 op 0 root 0 comm 0x8e6f640 [nranks=2] stream 0x8e733d0
proj186:3271614:3271614 [0] NCCL INFO AllReduce: opCount 104 sendbuff 0x7f8d11200000 recvbuff 0x7f8d11200000 count 1 datatype 1 op 0 root 0 comm 0x753fd00 [nranks=2] stream 0x6f9f860
proj186:3271615:3271615 [1] NCCL INFO AllReduce: opCount 104 sendbuff 0x7fe7f9200000 recvbuff 0x7fe7f9200000 count 1 datatype 1 op 0 root 0 comm 0x8e6f640 [nranks=2] stream 0x8e733d0
proj186:3271614:3271614 [0] NCCL INFO AllReduce: opCount 105 sendbuff 0x7f8d11200400 recvbuff 0x7f8d11200400 count 16384 datatype 7 op 0 root 0 comm 0x753fd00 [nranks=2] stream 0x6f9f860
proj186:3271615:3271615 [1] NCCL INFO AllReduce: opCount 105 sendbuff 0x7fe7f9200400 recvbuff 0x7fe7f9200400 count 16384 datatype 7 op 0 root 0 comm 0x8e6f640 [nranks=2] stream 0x8e733d0
proj186:3271615:3271615 [1] NCCL INFO AllReduce: opCount 106 sendbuff 0x7fe7f9200200 recvbuff 0x7fe7f9200200 count 1 datatype 1 op 0 root 0 comm 0x8e6f640 [nranks=2] stream 0x8e733d0
proj186:3271614:3271614 [0] NCCL INFO AllReduce: opCount 106 sendbuff 0x7f8d11200200 recvbuff 0x7f8d11200200 count 1 datatype 1 op 0 root 0 comm 0x753fd00 [nranks=2] stream 0x6f9f860
proj186:3271614:3271614 [0] NCCL INFO AllReduce: opCount 107 sendbuff 0x7f8d11200400 recvbuff 0x7f8d11200400 count 16384 datatype 7 op 0 root 0 comm 0x753fd00 [nranks=2] stream 0x6f9f860
proj186:3271615:3271615 [1] NCCL INFO AllReduce: opCount 107 sendbuff 0x7fe7f9200400 recvbuff 0x7fe7f9200400 count 16384 datatype 7 op 0 root 0 comm 0x8e6f640 [nranks=2] stream 0x8e733d0
proj186:3271614:3271614 [0] NCCL INFO AllReduce: opCount 108 sendbuff 0x7f8d11200000 recvbuff 0x7f8d11200000 count 1 datatype 1 op 0 root 0 comm 0x753fd00 [nranks=2] stream 0x6f9f860
proj186:3271615:3271615 [1] NCCL INFO AllReduce: opCount 108 sendbuff 0x7fe7f9200000 recvbuff 0x7fe7f9200000 count 1 datatype 1 op 0 root 0 comm 0x8e6f640 [nranks=2] stream 0x8e733d0
proj186:3271614:3271614 [0] NCCL INFO AllReduce: opCount 109 sendbuff 0x7f8d11200400 recvbuff 0x7f8d11200400 count 16384 datatype 7 op 0 root 0 comm 0x753fd00 [nranks=2] stream 0x6f9f860
proj186:3271615:3271615 [1] NCCL INFO AllReduce: opCount 109 sendbuff 0x7fe7f9200400 recvbuff 0x7fe7f9200400 count 16384 datatype 7 op 0 root 0 comm 0x8e6f640 [nranks=2] stream 0x8e733d0
proj186:3271614:3271614 [0] NCCL INFO AllReduce: opCount 10a sendbuff 0x7f8d11200200 recvbuff 0x7f8d11200200 count 1 datatype 1 op 0 root 0 comm 0x753fd00 [nranks=2] stream 0x6f9f860
proj186:3271615:3271615 [1] NCCL INFO AllReduce: opCount 10a sendbuff 0x7fe7f9200200 recvbuff 0x7fe7f9200200 count 1 datatype 1 op 0 root 0 comm 0x8e6f640 [nranks=2] stream 0x8e733d0
proj186:3271614:3271614 [0] NCCL INFO AllReduce: opCount 10b sendbuff 0x7f8d11200400 recvbuff 0x7f8d11200400 count 16384 datatype 7 op 0 root 0 comm 0x753fd00 [nranks=2] stream 0x6f9f860
proj186:3271615:3271615 [1] NCCL INFO AllReduce: opCount 10b sendbuff 0x7fe7f9200400 recvbuff 0x7fe7f9200400 count 16384 datatype 7 op 0 root 0 comm 0x8e6f640 [nranks=2] stream 0x8e733d0
proj186:3271614:3271614 [0] NCCL INFO AllReduce: opCount 10c sendbuff 0x7f8d11200000 recvbuff 0x7f8d11200000 count 1 datatype 1 op 0 root 0 comm 0x753fd00 [nranks=2] stream 0x6f9f860
proj186:3271615:3271615 [1] NCCL INFO AllReduce: opCount 10c sendbuff 0x7fe7f9200000 recvbuff 0x7fe7f9200000 count 1 datatype 1 op 0 root 0 comm 0x8e6f640 [nranks=2] stream 0x8e733d0
proj186:3271615:3271615 [1] NCCL INFO AllReduce: opCount 10d sendbuff 0x7fe7f9200400 recvbuff 0x7fe7f9200400 count 16384 datatype 7 op 0 root 0 comm 0x8e6f640 [nranks=2] stream 0x8e733d0
proj186:3271614:3271614 [0] NCCL INFO AllReduce: opCount 10d sendbuff 0x7f8d11200400 recvbuff 0x7f8d11200400 count 16384 datatype 7 op 0 root 0 comm 0x753fd00 [nranks=2] stream 0x6f9f860
       64K       16384     float     sum     N/A    123.29     4.25     4.25       0
proj186:3271614:3271614 [0] NCCL INFO AllReduce: opCount 10e sendbuff 0x7f8d11200400 recvbuff 0x7f8d11200400 count 32768 datatype 7 op 0 root 0 comm 0x753fd00 [nranks=2] stream 0x6f9f860
proj186:3271615:3271615 [1] NCCL INFO AllReduce: opCount 10e sendbuff 0x7fe7f9200400 recvbuff 0x7fe7f9200400 count 32768 datatype 7 op 0 root 0 comm 0x8e6f640 [nranks=2] stream 0x8e733d0
proj186:3271614:3271614 [0] NCCL INFO AllReduce: opCount 10f sendbuff 0x7f8d11200400 recvbuff 0x7f8d11200400 count 32768 datatype 7 op 0 root 0 comm 0x753fd00 [nranks=2] stream 0x6f9f860
proj186:3271615:3271615 [1] NCCL INFO AllReduce: opCount 10f sendbuff 0x7fe7f9200400 recvbuff 0x7fe7f9200400 count 32768 datatype 7 op 0 root 0 comm 0x8e6f640 [nranks=2] stream 0x8e733d0
proj186:3271615:3271615 [1] NCCL INFO AllReduce: opCount 110 sendbuff 0x7fe7f9200400 recvbuff 0x7fe7f9200400 count 32768 datatype 7 op 0 root 0 comm 0x8e6f640 [nranks=2] stream 0x8e733d0
proj186:3271614:3271614 [0] NCCL INFO AllReduce: opCount 110 sendbuff 0x7f8d11200400 recvbuff 0x7f8d11200400 count 32768 datatype 7 op 0 root 0 comm 0x753fd00 [nranks=2] stream 0x6f9f860
proj186:3271614:3271614 [0] NCCL INFO AllReduce: opCount 111 sendbuff 0x7f8d11200400 recvbuff 0x7f8d11200400 count 32768 datatype 7 op 0 root 0 comm 0x753fd00 [nranks=2] stream 0x6f9f860
proj186:3271615:3271615 [1] NCCL INFO AllReduce: opCount 111 sendbuff 0x7fe7f9200400 recvbuff 0x7fe7f9200400 count 32768 datatype 7 op 0 root 0 comm 0x8e6f640 [nranks=2] stream 0x8e733d0
proj186:3271614:3271614 [0] NCCL INFO AllReduce: opCount 112 sendbuff 0x7f8d11200400 recvbuff 0x7f8d11200400 count 32768 datatype 7 op 0 root 0 comm 0x753fd00 [nranks=2] stream 0x6f9f860
proj186:3271615:3271615 [1] NCCL INFO AllReduce: opCount 112 sendbuff 0x7fe7f9200400 recvbuff 0x7fe7f9200400 count 32768 datatype 7 op 0 root 0 comm 0x8e6f640 [nranks=2] stream 0x8e733d0
proj186:3271614:3271614 [0] NCCL INFO AllReduce: opCount 113 sendbuff 0x7f8d11200200 recvbuff 0x7f8d11200200 count 1 datatype 1 op 0 root 0 comm 0x753fd00 [nranks=2] stream 0x6f9f860
proj186:3271615:3271615 [1] NCCL INFO AllReduce: opCount 113 sendbuff 0x7fe7f9200200 recvbuff 0x7fe7f9200200 count 1 datatype 1 op 0 root 0 comm 0x8e6f640 [nranks=2] stream 0x8e733d0
proj186:3271614:3271614 [0] NCCL INFO AllReduce: opCount 114 sendbuff 0x7f8d11200400 recvbuff 0x7f8d11200400 count 32768 datatype 7 op 0 root 0 comm 0x753fd00 [nranks=2] stream 0x6f9f860
proj186:3271615:3271615 [1] NCCL INFO AllReduce: opCount 114 sendbuff 0x7fe7f9200400 recvbuff 0x7fe7f9200400 count 32768 datatype 7 op 0 root 0 comm 0x8e6f640 [nranks=2] stream 0x8e733d0
proj186:3271614:3271614 [0] NCCL INFO AllReduce: opCount 115 sendbuff 0x7f8d11200000 recvbuff 0x7f8d11200000 count 1 datatype 1 op 0 root 0 comm 0x753fd00 [nranks=2] stream 0x6f9f860
proj186:3271615:3271615 [1] NCCL INFO AllReduce: opCount 115 sendbuff 0x7fe7f9200000 recvbuff 0x7fe7f9200000 count 1 datatype 1 op 0 root 0 comm 0x8e6f640 [nranks=2] stream 0x8e733d0
proj186:3271615:3271615 [1] NCCL INFO AllReduce: opCount 116 sendbuff 0x7fe7f9200400 recvbuff 0x7fe7f9200400 count 32768 datatype 7 op 0 root 0 comm 0x8e6f640 [nranks=2] stream 0x8e733d0
proj186:3271614:3271614 [0] NCCL INFO AllReduce: opCount 116 sendbuff 0x7f8d11200400 recvbuff 0x7f8d11200400 count 32768 datatype 7 op 0 root 0 comm 0x753fd00 [nranks=2] stream 0x6f9f860
proj186:3271615:3271615 [1] NCCL INFO AllReduce: opCount 117 sendbuff 0x7fe7f9200200 recvbuff 0x7fe7f9200200 count 1 datatype 1 op 0 root 0 comm 0x8e6f640 [nranks=2] stream 0x8e733d0
proj186:3271614:3271614 [0] NCCL INFO AllReduce: opCount 117 sendbuff 0x7f8d11200200 recvbuff 0x7f8d11200200 count 1 datatype 1 op 0 root 0 comm 0x753fd00 [nranks=2] stream 0x6f9f860
proj186:3271615:3271615 [1] NCCL INFO AllReduce: opCount 118 sendbuff 0x7fe7f9200400 recvbuff 0x7fe7f9200400 count 32768 datatype 7 op 0 root 0 comm 0x8e6f640 [nranks=2] stream 0x8e733d0
proj186:3271614:3271614 [0] NCCL INFO AllReduce: opCount 118 sendbuff 0x7f8d11200400 recvbuff 0x7f8d11200400 count 32768 datatype 7 op 0 root 0 comm 0x753fd00 [nranks=2] stream 0x6f9f860
proj186:3271614:3271614 [0] NCCL INFO AllReduce: opCount 119 sendbuff 0x7f8d11200000 recvbuff 0x7f8d11200000 count 1 datatype 1 op 0 root 0 comm 0x753fd00 [nranks=2] stream 0x6f9f860
proj186:3271615:3271615 [1] NCCL INFO AllReduce: opCount 119 sendbuff 0x7fe7f9200000 recvbuff 0x7fe7f9200000 count 1 datatype 1 op 0 root 0 comm 0x8e6f640 [nranks=2] stream 0x8e733d0
proj186:3271615:3271615 [1] NCCL INFO AllReduce: opCount 11a sendbuff 0x7fe7f9200400 recvbuff 0x7fe7f9200400 count 32768 datatype 7 op 0 root 0 comm 0x8e6f640 [nranks=2] stream 0x8e733d0
proj186:3271614:3271614 [0] NCCL INFO AllReduce: opCount 11a sendbuff 0x7f8d11200400 recvbuff 0x7f8d11200400 count 32768 datatype 7 op 0 root 0 comm 0x753fd00 [nranks=2] stream 0x6f9f860
proj186:3271614:3271614 [0] NCCL INFO AllReduce: opCount 11b sendbuff 0x7f8d11200200 recvbuff 0x7f8d11200200 count 1 datatype 1 op 0 root 0 comm 0x753fd00 [nranks=2] stream 0x6f9f860
proj186:3271615:3271615 [1] NCCL INFO AllReduce: opCount 11b sendbuff 0x7fe7f9200200 recvbuff 0x7fe7f9200200 count 1 datatype 1 op 0 root 0 comm 0x8e6f640 [nranks=2] stream 0x8e733d0
proj186:3271614:3271614 [0] NCCL INFO AllReduce: opCount 11c sendbuff 0x7f8d11200400 recvbuff 0x7f8d11200400 count 32768 datatype 7 op 0 root 0 comm 0x753fd00 [nranks=2] stream 0x6f9f860
proj186:3271615:3271615 [1] NCCL INFO AllReduce: opCount 11c sendbuff 0x7fe7f9200400 recvbuff 0x7fe7f9200400 count 32768 datatype 7 op 0 root 0 comm 0x8e6f640 [nranks=2] stream 0x8e733d0
proj186:3271614:3271614 [0] NCCL INFO AllReduce: opCount 11d sendbuff 0x7f8d11200000 recvbuff 0x7f8d11200000 count 1 datatype 1 op 0 root 0 comm 0x753fd00 [nranks=2] stream 0x6f9f860
proj186:3271615:3271615 [1] NCCL INFO AllReduce: opCount 11d sendbuff 0x7fe7f9200000 recvbuff 0x7fe7f9200000 count 1 datatype 1 op 0 root 0 comm 0x8e6f640 [nranks=2] stream 0x8e733d0
proj186:3271614:3271614 [0] NCCL INFO AllReduce: opCount 11e sendbuff 0x7f8d11200400 recvbuff 0x7f8d11200400 count 32768 datatype 7 op 0 root 0 comm 0x753fd00 [nranks=2] stream 0x6f9f860
proj186:3271615:3271615 [1] NCCL INFO AllReduce: opCount 11e sendbuff 0x7fe7f9200400 recvbuff 0x7fe7f9200400 count 32768 datatype 7 op 0 root 0 comm 0x8e6f640 [nranks=2] stream 0x8e733d0
proj186:3271614:3271614 [0] NCCL INFO AllReduce: opCount 11f sendbuff 0x7f8d11200200 recvbuff 0x7f8d11200200 count 1 datatype 1 op 0 root 0 comm 0x753fd00 [nranks=2] stream 0x6f9f860
proj186:3271615:3271615 [1] NCCL INFO AllReduce: opCount 11f sendbuff 0x7fe7f9200200 recvbuff 0x7fe7f9200200 count 1 datatype 1 op 0 root 0 comm 0x8e6f640 [nranks=2] stream 0x8e733d0
proj186:3271614:3271614 [0] NCCL INFO AllReduce: opCount 120 sendbuff 0x7f8d11200400 recvbuff 0x7f8d11200400 count 32768 datatype 7 op 0 root 0 comm 0x753fd00 [nranks=2] stream 0x6f9f860
proj186:3271615:3271615 [1] NCCL INFO AllReduce: opCount 120 sendbuff 0x7fe7f9200400 recvbuff 0x7fe7f9200400 count 32768 datatype 7 op 0 root 0 comm 0x8e6f640 [nranks=2] stream 0x8e733d0
proj186:3271614:3271614 [0] NCCL INFO AllReduce: opCount 121 sendbuff 0x7f8d11200000 recvbuff 0x7f8d11200000 count 1 datatype 1 op 0 root 0 comm 0x753fd00 [nranks=2] stream 0x6f9f860
proj186:3271615:3271615 [1] NCCL INFO AllReduce: opCount 121 sendbuff 0x7fe7f9200000 recvbuff 0x7fe7f9200000 count 1 datatype 1 op 0 root 0 comm 0x8e6f640 [nranks=2] stream 0x8e733d0
proj186:3271614:3271614 [0] NCCL INFO AllReduce: opCount 122 sendbuff 0x7f8d11200400 recvbuff 0x7f8d11200400 count 32768 datatype 7 op 0 root 0 comm 0x753fd00 [nranks=2] stream 0x6f9f860
proj186:3271615:3271615 [1] NCCL INFO AllReduce: opCount 122 sendbuff 0x7fe7f9200400 recvbuff 0x7fe7f9200400 count 32768 datatype 7 op 0 root 0 comm 0x8e6f640 [nranks=2] stream 0x8e733d0
proj186:3271615:3271615 [1] NCCL INFO AllReduce: opCount 123 sendbuff 0x7fe7f9200200 recvbuff 0x7fe7f9200200 count 1 datatype 1 op 0 root 0 comm 0x8e6f640 [nranks=2] stream 0x8e733d0
proj186:3271614:3271614 [0] NCCL INFO AllReduce: opCount 123 sendbuff 0x7f8d11200200 recvbuff 0x7f8d11200200 count 1 datatype 1 op 0 root 0 comm 0x753fd00 [nranks=2] stream 0x6f9f860
proj186:3271615:3271615 [1] NCCL INFO AllReduce: opCount 124 sendbuff 0x7fe7f9200400 recvbuff 0x7fe7f9200400 count 32768 datatype 7 op 0 root 0 comm 0x8e6f640 [nranks=2] stream 0x8e733d0
proj186:3271614:3271614 [0] NCCL INFO AllReduce: opCount 124 sendbuff 0x7f8d11200400 recvbuff 0x7f8d11200400 count 32768 datatype 7 op 0 root 0 comm 0x753fd00 [nranks=2] stream 0x6f9f860
proj186:3271615:3271615 [1] NCCL INFO AllReduce: opCount 125 sendbuff 0x7fe7f9200000 recvbuff 0x7fe7f9200000 count 1 datatype 1 op 0 root 0 comm 0x8e6f640 [nranks=2] stream 0x8e733d0
proj186:3271614:3271614 [0] NCCL INFO AllReduce: opCount 125 sendbuff 0x7f8d11200000 recvbuff 0x7f8d11200000 count 1 datatype 1 op 0 root 0 comm 0x753fd00 [nranks=2] stream 0x6f9f860
proj186:3271615:3271615 [1] NCCL INFO AllReduce: opCount 126 sendbuff 0x7fe7f9200400 recvbuff 0x7fe7f9200400 count 32768 datatype 7 op 0 root 0 comm 0x8e6f640 [nranks=2] stream 0x8e733d0
proj186:3271614:3271614 [0] NCCL INFO AllReduce: opCount 126 sendbuff 0x7f8d11200400 recvbuff 0x7f8d11200400 count 32768 datatype 7 op 0 root 0 comm 0x753fd00 [nranks=2] stream 0x6f9f860
proj186:3271615:3271615 [1] NCCL INFO AllReduce: opCount 127 sendbuff 0x7fe7f9200200 recvbuff 0x7fe7f9200200 count 1 datatype 1 op 0 root 0 comm 0x8e6f640 [nranks=2] stream 0x8e733d0
proj186:3271614:3271614 [0] NCCL INFO AllReduce: opCount 127 sendbuff 0x7f8d11200200 recvbuff 0x7f8d11200200 count 1 datatype 1 op 0 root 0 comm 0x753fd00 [nranks=2] stream 0x6f9f860
proj186:3271615:3271615 [1] NCCL INFO AllReduce: opCount 128 sendbuff 0x7fe7f9200400 recvbuff 0x7fe7f9200400 count 32768 datatype 7 op 0 root 0 comm 0x8e6f640 [nranks=2] stream 0x8e733d0
proj186:3271614:3271614 [0] NCCL INFO AllReduce: opCount 128 sendbuff 0x7f8d11200400 recvbuff 0x7f8d11200400 count 32768 datatype 7 op 0 root 0 comm 0x753fd00 [nranks=2] stream 0x6f9f860
proj186:3271614:3271614 [0] NCCL INFO AllReduce: opCount 129 sendbuff 0x7f8d11200000 recvbuff 0x7f8d11200000 count 1 datatype 1 op 0 root 0 comm 0x753fd00 [nranks=2] stream 0x6f9f860
proj186:3271615:3271615 [1] NCCL INFO AllReduce: opCount 129 sendbuff 0x7fe7f9200000 recvbuff 0x7fe7f9200000 count 1 datatype 1 op 0 root 0 comm 0x8e6f640 [nranks=2] stream 0x8e733d0
proj186:3271614:3271614 [0] NCCL INFO AllReduce: opCount 12a sendbuff 0x7f8d11200400 recvbuff 0x7f8d11200400 count 32768 datatype 7 op 0 root 0 comm 0x753fd00 [nranks=2] stream 0x6f9f860
proj186:3271615:3271615 [1] NCCL INFO AllReduce: opCount 12a sendbuff 0x7fe7f9200400 recvbuff 0x7fe7f9200400 count 32768 datatype 7 op 0 root 0 comm 0x8e6f640 [nranks=2] stream 0x8e733d0
proj186:3271615:3271615 [1] NCCL INFO AllReduce: opCount 12b sendbuff 0x7fe7f9200200 recvbuff 0x7fe7f9200200 count 1 datatype 1 op 0 root 0 comm 0x8e6f640 [nranks=2] stream 0x8e733d0
proj186:3271614:3271614 [0] NCCL INFO AllReduce: opCount 12b sendbuff 0x7f8d11200200 recvbuff 0x7f8d11200200 count 1 datatype 1 op 0 root 0 comm 0x753fd00 [nranks=2] stream 0x6f9f860
proj186:3271615:3271615 [1] NCCL INFO AllReduce: opCount 12c sendbuff 0x7fe7f9200400 recvbuff 0x7fe7f9200400 count 32768 datatype 7 op 0 root 0 comm 0x8e6f640 [nranks=2] stream 0x8e733d0
proj186:3271614:3271614 [0] NCCL INFO AllReduce: opCount 12c sendbuff 0x7f8d11200400 recvbuff 0x7f8d11200400 count 32768 datatype 7 op 0 root 0 comm 0x753fd00 [nranks=2] stream 0x6f9f860
proj186:3271614:3271614 [0] NCCL INFO AllReduce: opCount 12d sendbuff 0x7f8d11200000 recvbuff 0x7f8d11200000 count 1 datatype 1 op 0 root 0 comm 0x753fd00 [nranks=2] stream 0x6f9f860
proj186:3271615:3271615 [1] NCCL INFO AllReduce: opCount 12d sendbuff 0x7fe7f9200000 recvbuff 0x7fe7f9200000 count 1 datatype 1 op 0 root 0 comm 0x8e6f640 [nranks=2] stream 0x8e733d0
proj186:3271615:3271615 [1] NCCL INFO AllReduce: opCount 12e sendbuff 0x7fe7f9200400 recvbuff 0x7fe7f9200400 count 32768 datatype 7 op 0 root 0 comm 0x8e6f640 [nranks=2] stream 0x8e733d0
proj186:3271614:3271614 [0] NCCL INFO AllReduce: opCount 12e sendbuff 0x7f8d11200400 recvbuff 0x7f8d11200400 count 32768 datatype 7 op 0 root 0 comm 0x753fd00 [nranks=2] stream 0x6f9f860
proj186:3271615:3271615 [1] NCCL INFO AllReduce: opCount 12f sendbuff 0x7fe7f9200200 recvbuff 0x7fe7f9200200 count 1 datatype 1 op 0 root 0 comm 0x8e6f640 [nranks=2] stream 0x8e733d0
proj186:3271614:3271614 [0] NCCL INFO AllReduce: opCount 12f sendbuff 0x7f8d11200200 recvbuff 0x7f8d11200200 count 1 datatype 1 op 0 root 0 comm 0x753fd00 [nranks=2] stream 0x6f9f860
proj186:3271615:3271615 [1] NCCL INFO AllReduce: opCount 130 sendbuff 0x7fe7f9200400 recvbuff 0x7fe7f9200400 count 32768 datatype 7 op 0 root 0 comm 0x8e6f640 [nranks=2] stream 0x8e733d0
proj186:3271614:3271614 [0] NCCL INFO AllReduce: opCount 130 sendbuff 0x7f8d11200400 recvbuff 0x7f8d11200400 count 32768 datatype 7 op 0 root 0 comm 0x753fd00 [nranks=2] stream 0x6f9f860
proj186:3271614:3271614 [0] NCCL INFO AllReduce: opCount 131 sendbuff 0x7f8d11200000 recvbuff 0x7f8d11200000 count 1 datatype 1 op 0 root 0 comm 0x753fd00 [nranks=2] stream 0x6f9f860
proj186:3271615:3271615 [1] NCCL INFO AllReduce: opCount 131 sendbuff 0x7fe7f9200000 recvbuff 0x7fe7f9200000 count 1 datatype 1 op 0 root 0 comm 0x8e6f640 [nranks=2] stream 0x8e733d0
proj186:3271615:3271615 [1] NCCL INFO AllReduce: opCount 132 sendbuff 0x7fe7f9200400 recvbuff 0x7fe7f9200400 count 32768 datatype 7 op 0 root 0 comm 0x8e6f640 [nranks=2] stream 0x8e733d0
proj186:3271614:3271614 [0] NCCL INFO AllReduce: opCount 132 sendbuff 0x7f8d11200400 recvbuff 0x7f8d11200400 count 32768 datatype 7 op 0 root 0 comm 0x753fd00 [nranks=2] stream 0x6f9f860
proj186:3271614:3271614 [0] NCCL INFO AllReduce: opCount 133 sendbuff 0x7f8d11200200 recvbuff 0x7f8d11200200 count 1 datatype 1 op 0 root 0 comm 0x753fd00 [nranks=2] stream 0x6f9f860
proj186:3271615:3271615 [1] NCCL INFO AllReduce: opCount 133 sendbuff 0x7fe7f9200200 recvbuff 0x7fe7f9200200 count 1 datatype 1 op 0 root 0 comm 0x8e6f640 [nranks=2] stream 0x8e733d0
proj186:3271615:3271615 [1] NCCL INFO AllReduce: opCount 134 sendbuff 0x7fe7f9200400 recvbuff 0x7fe7f9200400 count 32768 datatype 7 op 0 root 0 comm 0x8e6f640 [nranks=2] stream 0x8e733d0
proj186:3271614:3271614 [0] NCCL INFO AllReduce: opCount 134 sendbuff 0x7f8d11200400 recvbuff 0x7f8d11200400 count 32768 datatype 7 op 0 root 0 comm 0x753fd00 [nranks=2] stream 0x6f9f860
proj186:3271615:3271615 [1] NCCL INFO AllReduce: opCount 135 sendbuff 0x7fe7f9200000 recvbuff 0x7fe7f9200000 count 1 datatype 1 op 0 root 0 comm 0x8e6f640 [nranks=2] stream 0x8e733d0
proj186:3271614:3271614 [0] NCCL INFO AllReduce: opCount 135 sendbuff 0x7f8d11200000 recvbuff 0x7f8d11200000 count 1 datatype 1 op 0 root 0 comm 0x753fd00 [nranks=2] stream 0x6f9f860
proj186:3271615:3271615 [1] NCCL INFO AllReduce: opCount 136 sendbuff 0x7fe7f9200400 recvbuff 0x7fe7f9200400 count 32768 datatype 7 op 0 root 0 comm 0x8e6f640 [nranks=2] stream 0x8e733d0
proj186:3271614:3271614 [0] NCCL INFO AllReduce: opCount 136 sendbuff 0x7f8d11200400 recvbuff 0x7f8d11200400 count 32768 datatype 7 op 0 root 0 comm 0x753fd00 [nranks=2] stream 0x6f9f860
proj186:3271614:3271614 [0] NCCL INFO AllReduce: opCount 137 sendbuff 0x7f8d11200200 recvbuff 0x7f8d11200200 count 1 datatype 1 op 0 root 0 comm 0x753fd00 [nranks=2] stream 0x6f9f860
proj186:3271615:3271615 [1] NCCL INFO AllReduce: opCount 137 sendbuff 0x7fe7f9200200 recvbuff 0x7fe7f9200200 count 1 datatype 1 op 0 root 0 comm 0x8e6f640 [nranks=2] stream 0x8e733d0
proj186:3271614:3271614 [0] NCCL INFO AllReduce: opCount 138 sendbuff 0x7f8d11200400 recvbuff 0x7f8d11200400 count 32768 datatype 7 op 0 root 0 comm 0x753fd00 [nranks=2] stream 0x6f9f860
proj186:3271615:3271615 [1] NCCL INFO AllReduce: opCount 138 sendbuff 0x7fe7f9200400 recvbuff 0x7fe7f9200400 count 32768 datatype 7 op 0 root 0 comm 0x8e6f640 [nranks=2] stream 0x8e733d0
proj186:3271614:3271614 [0] NCCL INFO AllReduce: opCount 139 sendbuff 0x7f8d11200000 recvbuff 0x7f8d11200000 count 1 datatype 1 op 0 root 0 comm 0x753fd00 [nranks=2] stream 0x6f9f860
proj186:3271615:3271615 [1] NCCL INFO AllReduce: opCount 139 sendbuff 0x7fe7f9200000 recvbuff 0x7fe7f9200000 count 1 datatype 1 op 0 root 0 comm 0x8e6f640 [nranks=2] stream 0x8e733d0
proj186:3271614:3271614 [0] NCCL INFO AllReduce: opCount 13a sendbuff 0x7f8d11200400 recvbuff 0x7f8d11200400 count 32768 datatype 7 op 0 root 0 comm 0x753fd00 [nranks=2] stream 0x6f9f860
proj186:3271615:3271615 [1] NCCL INFO AllReduce: opCount 13a sendbuff 0x7fe7f9200400 recvbuff 0x7fe7f9200400 count 32768 datatype 7 op 0 root 0 comm 0x8e6f640 [nranks=2] stream 0x8e733d0
      128K       32768     float     sum     N/A     70.35    14.90    14.90       0
proj186:3271615:3271615 [1] NCCL INFO AllReduce: opCount 13b sendbuff 0x7fe7f9200400 recvbuff 0x7fe7f9200400 count 65536 datatype 7 op 0 root 0 comm 0x8e6f640 [nranks=2] stream 0x8e733d0
proj186:3271614:3271614 [0] NCCL INFO AllReduce: opCount 13b sendbuff 0x7f8d11200400 recvbuff 0x7f8d11200400 count 65536 datatype 7 op 0 root 0 comm 0x753fd00 [nranks=2] stream 0x6f9f860
proj186:3271615:3271615 [1] NCCL INFO AllReduce: opCount 13c sendbuff 0x7fe7f9200400 recvbuff 0x7fe7f9200400 count 65536 datatype 7 op 0 root 0 comm 0x8e6f640 [nranks=2] stream 0x8e733d0
proj186:3271614:3271614 [0] NCCL INFO AllReduce: opCount 13c sendbuff 0x7f8d11200400 recvbuff 0x7f8d11200400 count 65536 datatype 7 op 0 root 0 comm 0x753fd00 [nranks=2] stream 0x6f9f860
proj186:3271615:3271615 [1] NCCL INFO AllReduce: opCount 13d sendbuff 0x7fe7f9200400 recvbuff 0x7fe7f9200400 count 65536 datatype 7 op 0 root 0 comm 0x8e6f640 [nranks=2] stream 0x8e733d0
proj186:3271614:3271614 [0] NCCL INFO AllReduce: opCount 13d sendbuff 0x7f8d11200400 recvbuff 0x7f8d11200400 count 65536 datatype 7 op 0 root 0 comm 0x753fd00 [nranks=2] stream 0x6f9f860
proj186:3271614:3271614 [0] NCCL INFO AllReduce: opCount 13e sendbuff 0x7f8d11200400 recvbuff 0x7f8d11200400 count 65536 datatype 7 op 0 root 0 comm 0x753fd00 [nranks=2] stream 0x6f9f860
proj186:3271615:3271615 [1] NCCL INFO AllReduce: opCount 13e sendbuff 0x7fe7f9200400 recvbuff 0x7fe7f9200400 count 65536 datatype 7 op 0 root 0 comm 0x8e6f640 [nranks=2] stream 0x8e733d0
proj186:3271615:3271615 [1] NCCL INFO AllReduce: opCount 13f sendbuff 0x7fe7f9200400 recvbuff 0x7fe7f9200400 count 65536 datatype 7 op 0 root 0 comm 0x8e6f640 [nranks=2] stream 0x8e733d0
proj186:3271614:3271614 [0] NCCL INFO AllReduce: opCount 13f sendbuff 0x7f8d11200400 recvbuff 0x7f8d11200400 count 65536 datatype 7 op 0 root 0 comm 0x753fd00 [nranks=2] stream 0x6f9f860
proj186:3271615:3271615 [1] NCCL INFO AllReduce: opCount 140 sendbuff 0x7fe7f9200200 recvbuff 0x7fe7f9200200 count 1 datatype 1 op 0 root 0 comm 0x8e6f640 [nranks=2] stream 0x8e733d0
proj186:3271614:3271614 [0] NCCL INFO AllReduce: opCount 140 sendbuff 0x7f8d11200200 recvbuff 0x7f8d11200200 count 1 datatype 1 op 0 root 0 comm 0x753fd00 [nranks=2] stream 0x6f9f860
proj186:3271615:3271615 [1] NCCL INFO AllReduce: opCount 141 sendbuff 0x7fe7f9200400 recvbuff 0x7fe7f9200400 count 65536 datatype 7 op 0 root 0 comm 0x8e6f640 [nranks=2] stream 0x8e733d0
proj186:3271614:3271614 [0] NCCL INFO AllReduce: opCount 141 sendbuff 0x7f8d11200400 recvbuff 0x7f8d11200400 count 65536 datatype 7 op 0 root 0 comm 0x753fd00 [nranks=2] stream 0x6f9f860
proj186:3271614:3271614 [0] NCCL INFO AllReduce: opCount 142 sendbuff 0x7f8d11200000 recvbuff 0x7f8d11200000 count 1 datatype 1 op 0 root 0 comm 0x753fd00 [nranks=2] stream 0x6f9f860
proj186:3271615:3271615 [1] NCCL INFO AllReduce: opCount 142 sendbuff 0x7fe7f9200000 recvbuff 0x7fe7f9200000 count 1 datatype 1 op 0 root 0 comm 0x8e6f640 [nranks=2] stream 0x8e733d0
proj186:3271614:3271614 [0] NCCL INFO AllReduce: opCount 143 sendbuff 0x7f8d11200400 recvbuff 0x7f8d11200400 count 65536 datatype 7 op 0 root 0 comm 0x753fd00 [nranks=2] stream 0x6f9f860
proj186:3271615:3271615 [1] NCCL INFO AllReduce: opCount 143 sendbuff 0x7fe7f9200400 recvbuff 0x7fe7f9200400 count 65536 datatype 7 op 0 root 0 comm 0x8e6f640 [nranks=2] stream 0x8e733d0
proj186:3271614:3271614 [0] NCCL INFO AllReduce: opCount 144 sendbuff 0x7f8d11200200 recvbuff 0x7f8d11200200 count 1 datatype 1 op 0 root 0 comm 0x753fd00 [nranks=2] stream 0x6f9f860
proj186:3271615:3271615 [1] NCCL INFO AllReduce: opCount 144 sendbuff 0x7fe7f9200200 recvbuff 0x7fe7f9200200 count 1 datatype 1 op 0 root 0 comm 0x8e6f640 [nranks=2] stream 0x8e733d0
proj186:3271614:3271614 [0] NCCL INFO AllReduce: opCount 145 sendbuff 0x7f8d11200400 recvbuff 0x7f8d11200400 count 65536 datatype 7 op 0 root 0 comm 0x753fd00 [nranks=2] stream 0x6f9f860
proj186:3271615:3271615 [1] NCCL INFO AllReduce: opCount 145 sendbuff 0x7fe7f9200400 recvbuff 0x7fe7f9200400 count 65536 datatype 7 op 0 root 0 comm 0x8e6f640 [nranks=2] stream 0x8e733d0
proj186:3271614:3271614 [0] NCCL INFO AllReduce: opCount 146 sendbuff 0x7f8d11200000 recvbuff 0x7f8d11200000 count 1 datatype 1 op 0 root 0 comm 0x753fd00 [nranks=2] stream 0x6f9f860
proj186:3271615:3271615 [1] NCCL INFO AllReduce: opCount 146 sendbuff 0x7fe7f9200000 recvbuff 0x7fe7f9200000 count 1 datatype 1 op 0 root 0 comm 0x8e6f640 [nranks=2] stream 0x8e733d0
proj186:3271614:3271614 [0] NCCL INFO AllReduce: opCount 147 sendbuff 0x7f8d11200400 recvbuff 0x7f8d11200400 count 65536 datatype 7 op 0 root 0 comm 0x753fd00 [nranks=2] stream 0x6f9f860
proj186:3271615:3271615 [1] NCCL INFO AllReduce: opCount 147 sendbuff 0x7fe7f9200400 recvbuff 0x7fe7f9200400 count 65536 datatype 7 op 0 root 0 comm 0x8e6f640 [nranks=2] stream 0x8e733d0
proj186:3271614:3271614 [0] NCCL INFO AllReduce: opCount 148 sendbuff 0x7f8d11200200 recvbuff 0x7f8d11200200 count 1 datatype 1 op 0 root 0 comm 0x753fd00 [nranks=2] stream 0x6f9f860
proj186:3271615:3271615 [1] NCCL INFO AllReduce: opCount 148 sendbuff 0x7fe7f9200200 recvbuff 0x7fe7f9200200 count 1 datatype 1 op 0 root 0 comm 0x8e6f640 [nranks=2] stream 0x8e733d0
proj186:3271614:3271614 [0] NCCL INFO AllReduce: opCount 149 sendbuff 0x7f8d11200400 recvbuff 0x7f8d11200400 count 65536 datatype 7 op 0 root 0 comm 0x753fd00 [nranks=2] stream 0x6f9f860
proj186:3271615:3271615 [1] NCCL INFO AllReduce: opCount 149 sendbuff 0x7fe7f9200400 recvbuff 0x7fe7f9200400 count 65536 datatype 7 op 0 root 0 comm 0x8e6f640 [nranks=2] stream 0x8e733d0
proj186:3271614:3271614 [0] NCCL INFO AllReduce: opCount 14a sendbuff 0x7f8d11200000 recvbuff 0x7f8d11200000 count 1 datatype 1 op 0 root 0 comm 0x753fd00 [nranks=2] stream 0x6f9f860
proj186:3271615:3271615 [1] NCCL INFO AllReduce: opCount 14a sendbuff 0x7fe7f9200000 recvbuff 0x7fe7f9200000 count 1 datatype 1 op 0 root 0 comm 0x8e6f640 [nranks=2] stream 0x8e733d0
proj186:3271614:3271614 [0] NCCL INFO AllReduce: opCount 14b sendbuff 0x7f8d11200400 recvbuff 0x7f8d11200400 count 65536 datatype 7 op 0 root 0 comm 0x753fd00 [nranks=2] stream 0x6f9f860
proj186:3271615:3271615 [1] NCCL INFO AllReduce: opCount 14b sendbuff 0x7fe7f9200400 recvbuff 0x7fe7f9200400 count 65536 datatype 7 op 0 root 0 comm 0x8e6f640 [nranks=2] stream 0x8e733d0
proj186:3271614:3271614 [0] NCCL INFO AllReduce: opCount 14c sendbuff 0x7f8d11200200 recvbuff 0x7f8d11200200 count 1 datatype 1 op 0 root 0 comm 0x753fd00 [nranks=2] stream 0x6f9f860
proj186:3271615:3271615 [1] NCCL INFO AllReduce: opCount 14c sendbuff 0x7fe7f9200200 recvbuff 0x7fe7f9200200 count 1 datatype 1 op 0 root 0 comm 0x8e6f640 [nranks=2] stream 0x8e733d0
proj186:3271614:3271614 [0] NCCL INFO AllReduce: opCount 14d sendbuff 0x7f8d11200400 recvbuff 0x7f8d11200400 count 65536 datatype 7 op 0 root 0 comm 0x753fd00 [nranks=2] stream 0x6f9f860
proj186:3271615:3271615 [1] NCCL INFO AllReduce: opCount 14d sendbuff 0x7fe7f9200400 recvbuff 0x7fe7f9200400 count 65536 datatype 7 op 0 root 0 comm 0x8e6f640 [nranks=2] stream 0x8e733d0
proj186:3271615:3271615 [1] NCCL INFO AllReduce: opCount 14e sendbuff 0x7fe7f9200000 recvbuff 0x7fe7f9200000 count 1 datatype 1 op 0 root 0 comm 0x8e6f640 [nranks=2] stream 0x8e733d0
proj186:3271614:3271614 [0] NCCL INFO AllReduce: opCount 14e sendbuff 0x7f8d11200000 recvbuff 0x7f8d11200000 count 1 datatype 1 op 0 root 0 comm 0x753fd00 [nranks=2] stream 0x6f9f860
proj186:3271615:3271615 [1] NCCL INFO AllReduce: opCount 14f sendbuff 0x7fe7f9200400 recvbuff 0x7fe7f9200400 count 65536 datatype 7 op 0 root 0 comm 0x8e6f640 [nranks=2] stream 0x8e733d0
proj186:3271614:3271614 [0] NCCL INFO AllReduce: opCount 14f sendbuff 0x7f8d11200400 recvbuff 0x7f8d11200400 count 65536 datatype 7 op 0 root 0 comm 0x753fd00 [nranks=2] stream 0x6f9f860
proj186:3271615:3271615 [1] NCCL INFO AllReduce: opCount 150 sendbuff 0x7fe7f9200200 recvbuff 0x7fe7f9200200 count 1 datatype 1 op 0 root 0 comm 0x8e6f640 [nranks=2] stream 0x8e733d0
proj186:3271614:3271614 [0] NCCL INFO AllReduce: opCount 150 sendbuff 0x7f8d11200200 recvbuff 0x7f8d11200200 count 1 datatype 1 op 0 root 0 comm 0x753fd00 [nranks=2] stream 0x6f9f860
proj186:3271615:3271615 [1] NCCL INFO AllReduce: opCount 151 sendbuff 0x7fe7f9200400 recvbuff 0x7fe7f9200400 count 65536 datatype 7 op 0 root 0 comm 0x8e6f640 [nranks=2] stream 0x8e733d0
proj186:3271614:3271614 [0] NCCL INFO AllReduce: opCount 151 sendbuff 0x7f8d11200400 recvbuff 0x7f8d11200400 count 65536 datatype 7 op 0 root 0 comm 0x753fd00 [nranks=2] stream 0x6f9f860
proj186:3271614:3271614 [0] NCCL INFO AllReduce: opCount 152 sendbuff 0x7f8d11200000 recvbuff 0x7f8d11200000 count 1 datatype 1 op 0 root 0 comm 0x753fd00 [nranks=2] stream 0x6f9f860
proj186:3271615:3271615 [1] NCCL INFO AllReduce: opCount 152 sendbuff 0x7fe7f9200000 recvbuff 0x7fe7f9200000 count 1 datatype 1 op 0 root 0 comm 0x8e6f640 [nranks=2] stream 0x8e733d0
proj186:3271615:3271615 [1] NCCL INFO AllReduce: opCount 153 sendbuff 0x7fe7f9200400 recvbuff 0x7fe7f9200400 count 65536 datatype 7 op 0 root 0 comm 0x8e6f640 [nranks=2] stream 0x8e733d0
proj186:3271614:3271614 [0] NCCL INFO AllReduce: opCount 153 sendbuff 0x7f8d11200400 recvbuff 0x7f8d11200400 count 65536 datatype 7 op 0 root 0 comm 0x753fd00 [nranks=2] stream 0x6f9f860
proj186:3271614:3271614 [0] NCCL INFO AllReduce: opCount 154 sendbuff 0x7f8d11200200 recvbuff 0x7f8d11200200 count 1 datatype 1 op 0 root 0 comm 0x753fd00 [nranks=2] stream 0x6f9f860
proj186:3271615:3271615 [1] NCCL INFO AllReduce: opCount 154 sendbuff 0x7fe7f9200200 recvbuff 0x7fe7f9200200 count 1 datatype 1 op 0 root 0 comm 0x8e6f640 [nranks=2] stream 0x8e733d0
proj186:3271615:3271615 [1] NCCL INFO AllReduce: opCount 155 sendbuff 0x7fe7f9200400 recvbuff 0x7fe7f9200400 count 65536 datatype 7 op 0 root 0 comm 0x8e6f640 [nranks=2] stream 0x8e733d0
proj186:3271614:3271614 [0] NCCL INFO AllReduce: opCount 155 sendbuff 0x7f8d11200400 recvbuff 0x7f8d11200400 count 65536 datatype 7 op 0 root 0 comm 0x753fd00 [nranks=2] stream 0x6f9f860
proj186:3271615:3271615 [1] NCCL INFO AllReduce: opCount 156 sendbuff 0x7fe7f9200000 recvbuff 0x7fe7f9200000 count 1 datatype 1 op 0 root 0 comm 0x8e6f640 [nranks=2] stream 0x8e733d0
proj186:3271614:3271614 [0] NCCL INFO AllReduce: opCount 156 sendbuff 0x7f8d11200000 recvbuff 0x7f8d11200000 count 1 datatype 1 op 0 root 0 comm 0x753fd00 [nranks=2] stream 0x6f9f860
proj186:3271615:3271615 [1] NCCL INFO AllReduce: opCount 157 sendbuff 0x7fe7f9200400 recvbuff 0x7fe7f9200400 count 65536 datatype 7 op 0 root 0 comm 0x8e6f640 [nranks=2] stream 0x8e733d0
proj186:3271614:3271614 [0] NCCL INFO AllReduce: opCount 157 sendbuff 0x7f8d11200400 recvbuff 0x7f8d11200400 count 65536 datatype 7 op 0 root 0 comm 0x753fd00 [nranks=2] stream 0x6f9f860
proj186:3271615:3271615 [1] NCCL INFO AllReduce: opCount 158 sendbuff 0x7fe7f9200200 recvbuff 0x7fe7f9200200 count 1 datatype 1 op 0 root 0 comm 0x8e6f640 [nranks=2] stream 0x8e733d0
proj186:3271614:3271614 [0] NCCL INFO AllReduce: opCount 158 sendbuff 0x7f8d11200200 recvbuff 0x7f8d11200200 count 1 datatype 1 op 0 root 0 comm 0x753fd00 [nranks=2] stream 0x6f9f860
proj186:3271614:3271614 [0] NCCL INFO AllReduce: opCount 159 sendbuff 0x7f8d11200400 recvbuff 0x7f8d11200400 count 65536 datatype 7 op 0 root 0 comm 0x753fd00 [nranks=2] stream 0x6f9f860
proj186:3271615:3271615 [1] NCCL INFO AllReduce: opCount 159 sendbuff 0x7fe7f9200400 recvbuff 0x7fe7f9200400 count 65536 datatype 7 op 0 root 0 comm 0x8e6f640 [nranks=2] stream 0x8e733d0
proj186:3271615:3271615 [1] NCCL INFO AllReduce: opCount 15a sendbuff 0x7fe7f9200000 recvbuff 0x7fe7f9200000 count 1 datatype 1 op 0 root 0 comm 0x8e6f640 [nranks=2] stream 0x8e733d0
proj186:3271614:3271614 [0] NCCL INFO AllReduce: opCount 15a sendbuff 0x7f8d11200000 recvbuff 0x7f8d11200000 count 1 datatype 1 op 0 root 0 comm 0x753fd00 [nranks=2] stream 0x6f9f860
proj186:3271614:3271614 [0] NCCL INFO AllReduce: opCount 15b sendbuff 0x7f8d11200400 recvbuff 0x7f8d11200400 count 65536 datatype 7 op 0 root 0 comm 0x753fd00 [nranks=2] stream 0x6f9f860
proj186:3271615:3271615 [1] NCCL INFO AllReduce: opCount 15b sendbuff 0x7fe7f9200400 recvbuff 0x7fe7f9200400 count 65536 datatype 7 op 0 root 0 comm 0x8e6f640 [nranks=2] stream 0x8e733d0
proj186:3271614:3271614 [0] NCCL INFO AllReduce: opCount 15c sendbuff 0x7f8d11200200 recvbuff 0x7f8d11200200 count 1 datatype 1 op 0 root 0 comm 0x753fd00 [nranks=2] stream 0x6f9f860
proj186:3271615:3271615 [1] NCCL INFO AllReduce: opCount 15c sendbuff 0x7fe7f9200200 recvbuff 0x7fe7f9200200 count 1 datatype 1 op 0 root 0 comm 0x8e6f640 [nranks=2] stream 0x8e733d0
proj186:3271614:3271614 [0] NCCL INFO AllReduce: opCount 15d sendbuff 0x7f8d11200400 recvbuff 0x7f8d11200400 count 65536 datatype 7 op 0 root 0 comm 0x753fd00 [nranks=2] stream 0x6f9f860
proj186:3271615:3271615 [1] NCCL INFO AllReduce: opCount 15d sendbuff 0x7fe7f9200400 recvbuff 0x7fe7f9200400 count 65536 datatype 7 op 0 root 0 comm 0x8e6f640 [nranks=2] stream 0x8e733d0
proj186:3271614:3271614 [0] NCCL INFO AllReduce: opCount 15e sendbuff 0x7f8d11200000 recvbuff 0x7f8d11200000 count 1 datatype 1 op 0 root 0 comm 0x753fd00 [nranks=2] stream 0x6f9f860
