[2025-08-21 01:35:05,259] torch.distributed.run: [WARNING] 
[2025-08-21 01:35:05,259] torch.distributed.run: [WARNING] *****************************************
[2025-08-21 01:35:05,259] torch.distributed.run: [WARNING] Setting OMP_NUM_THREADS environment variable for each process to be 1 in default, to avoid your system being overloaded, please further tune the variable for optimal performance in your application as needed. 
[2025-08-21 01:35:05,259] torch.distributed.run: [WARNING] *****************************************
[2025-08-21 01:35:07] Rank 0: Starting PyTorch NCCL AllReduce performance tests...
[2025-08-21 01:35:07] Rank 0: World size: 2
[2025-08-21 01:35:07] Rank 0: Test mode: single_node
#
# NCCL AllReduce Performance Test
# Size       Count      Type   RedOp   Root     Time   AlgBw   BusBw  Error
# (B)        (elements)                          (us)  (GB/s)  (GB/s)
#
[2025-08-21 01:35:07] Rank 0: Testing 23 sizes from 2K to 8G
proj186:3271614:3271614 [0] NCCL INFO NCCL_SOCKET_IFNAME set by environment to ens81f0
proj186:3271614:3271614 [0] NCCL INFO NCCL_SOCKET_IFNAME set to ens81f0
proj186:3271614:3271614 [0] NCCL INFO Bootstrap : Using ens81f0:192.168.50.186<0>
proj186:3271614:3271614 [0] NCCL INFO NET/Plugin : Plugin load (libnccl-net.so) returned 2 : libnccl-net.so: cannot open shared object file: No such file or directory
proj186:3271614:3271614 [0] NCCL INFO NET/Plugin : No plugin found, using internal implementation
proj186:3271614:3271614 [0] NCCL INFO cudaDriverVersion 12020
NCCL version 2.18.6+cuda12.1
proj186:3271614:3271614 [0] NCCL INFO init.cc:1584 Cuda Host Alloc Size 4 pointer 0x7f8d11600000
proj186:3271615:3271615 [1] NCCL INFO cudaDriverVersion 12020
proj186:3271615:3271615 [1] NCCL INFO NCCL_SOCKET_IFNAME set by environment to ens81f0
proj186:3271615:3271615 [1] NCCL INFO NCCL_SOCKET_IFNAME set to ens81f0
proj186:3271615:3271615 [1] NCCL INFO Bootstrap : Using ens81f0:192.168.50.186<0>
proj186:3271615:3271615 [1] NCCL INFO NET/Plugin : Plugin load (libnccl-net.so) returned 2 : libnccl-net.so: cannot open shared object file: No such file or directory
proj186:3271615:3271615 [1] NCCL INFO NET/Plugin : No plugin found, using internal implementation
proj186:3271615:3271615 [1] NCCL INFO init.cc:1584 Cuda Host Alloc Size 4 pointer 0x7fe7f9600000
proj186:3271615:3271703 [1] NCCL INFO NCCL_IB_DISABLE set by environment to 0.
proj186:3271615:3271703 [1] NCCL INFO NCCL_SOCKET_IFNAME set by environment to ens81f0
proj186:3271615:3271703 [1] NCCL INFO NET/IB : No device found.
proj186:3271615:3271703 [1] NCCL INFO NCCL_SOCKET_IFNAME set by environment to ens81f0
proj186:3271615:3271703 [1] NCCL INFO NET/Socket : Using [0]ens81f0:192.168.50.186<0>
proj186:3271615:3271703 [1] NCCL INFO Using network Socket
proj186:3271614:3271702 [0] NCCL INFO NCCL_IB_DISABLE set by environment to 0.
proj186:3271614:3271702 [0] NCCL INFO NCCL_SOCKET_IFNAME set by environment to ens81f0
proj186:3271614:3271702 [0] NCCL INFO NET/IB : No device found.
proj186:3271614:3271702 [0] NCCL INFO NCCL_SOCKET_IFNAME set by environment to ens81f0
proj186:3271614:3271702 [0] NCCL INFO NET/Socket : Using [0]ens81f0:192.168.50.186<0>
proj186:3271614:3271702 [0] NCCL INFO Using network Socket
proj186:3271615:3271703 [1] NCCL INFO comm 0x8e6f640 rank 1 nranks 2 cudaDev 1 nvmlDev 1 busId 2a000 commId 0xe6e428382adef199 - Init START
proj186:3271614:3271702 [0] NCCL INFO comm 0x753fd00 rank 0 nranks 2 cudaDev 0 nvmlDev 0 busId 27000 commId 0xe6e428382adef199 - Init START
proj186:3271614:3271702 [0] NCCL INFO NET/Socket : GPU Direct RDMA Disabled for HCA 0 'ens81f0'
proj186:3271614:3271702 [0] NCCL INFO transport/p2p.cc:163 Cuda Alloc Size 2097152 pointer 0x7f8ce3c00000
proj186:3271614:3271702 [0] NCCL INFO === System : maxBw 160.0 totalBw 160.0 ===
proj186:3271614:3271702 [0] NCCL INFO CPU/0 (1/1/2)
proj186:3271614:3271702 [0] NCCL INFO + PCI[24.0] - PCI/21000 (1000c01010000000)
proj186:3271614:3271702 [0] NCCL INFO               + PCI[24.0] - PCI/25000 (1000c01010de13b8)
proj186:3271614:3271702 [0] NCCL INFO                             + PCI[24.0] - GPU/27000 (0)
proj186:3271614:3271702 [0] NCCL INFO                                           + NVL[160.0] - NVS/0
proj186:3271614:3271702 [0] NCCL INFO               + PCI[24.0] - PCI/28000 (1000c01010de13b8)
proj186:3271614:3271702 [0] NCCL INFO                             + PCI[24.0] - GPU/2A000 (1)
proj186:3271614:3271702 [0] NCCL INFO                                           + NVL[160.0] - NVS/0
proj186:3271614:3271702 [0] NCCL INFO + PCI[3.0] - NIC/17000
proj186:3271614:3271702 [0] NCCL INFO ==========================================
proj186:3271614:3271702 [0] NCCL INFO GPU/27000 :GPU/27000 (0/5000.000000/LOC) GPU/2A000 (2/160.000000/NVL) NVS/0 (1/160.000000/NVL) CPU/0 (3/24.000000/PHB) 
proj186:3271614:3271702 [0] NCCL INFO GPU/2A000 :GPU/27000 (2/160.000000/NVL) GPU/2A000 (0/5000.000000/LOC) NVS/0 (1/160.000000/NVL) CPU/0 (3/24.000000/PHB) 
proj186:3271614:3271702 [0] NCCL INFO Setting affinity for GPU 0 to ffff,0000ffff
proj186:3271614:3271702 [0] NCCL INFO Pattern 4, crossNic 0, nChannels 8, bw 20.000000/20.000000, type NVL/PIX, sameChannels 1
proj186:3271614:3271702 [0] NCCL INFO  0 : GPU/0 GPU/1
proj186:3271614:3271702 [0] NCCL INFO  1 : GPU/0 GPU/1
proj186:3271614:3271702 [0] NCCL INFO  2 : GPU/0 GPU/1
proj186:3271614:3271702 [0] NCCL INFO  3 : GPU/0 GPU/1
proj186:3271614:3271702 [0] NCCL INFO  4 : GPU/0 GPU/1
proj186:3271614:3271702 [0] NCCL INFO  5 : GPU/0 GPU/1
proj186:3271614:3271702 [0] NCCL INFO  6 : GPU/0 GPU/1
proj186:3271614:3271702 [0] NCCL INFO  7 : GPU/0 GPU/1
proj186:3271614:3271702 [0] NCCL INFO Pattern 1, crossNic 0, nChannels 8, bw 40.000000/40.000000, type NVL/PIX, sameChannels 0
proj186:3271614:3271702 [0] NCCL INFO  0 : GPU/0 GPU/1
proj186:3271614:3271702 [0] NCCL INFO  1 : GPU/0 GPU/1
proj186:3271614:3271702 [0] NCCL INFO  2 : GPU/0 GPU/1
proj186:3271614:3271702 [0] NCCL INFO  3 : GPU/0 GPU/1
proj186:3271614:3271702 [0] NCCL INFO  4 : GPU/1 GPU/0
proj186:3271614:3271702 [0] NCCL INFO  5 : GPU/1 GPU/0
proj186:3271614:3271702 [0] NCCL INFO  6 : GPU/1 GPU/0
proj186:3271614:3271702 [0] NCCL INFO  7 : GPU/1 GPU/0
proj186:3271615:3271703 [1] NCCL INFO NET/Socket : GPU Direct RDMA Disabled for HCA 0 'ens81f0'
proj186:3271615:3271703 [1] NCCL INFO transport/p2p.cc:163 Cuda Alloc Size 2097152 pointer 0x7fe7cfc00000
proj186:3271615:3271703 [1] NCCL INFO === System : maxBw 160.0 totalBw 160.0 ===
proj186:3271615:3271703 [1] NCCL INFO CPU/0 (1/1/2)
proj186:3271615:3271703 [1] NCCL INFO + PCI[24.0] - PCI/21000 (1000c01010000000)
proj186:3271615:3271703 [1] NCCL INFO               + PCI[24.0] - PCI/25000 (1000c01010de13b8)
proj186:3271615:3271703 [1] NCCL INFO                             + PCI[24.0] - GPU/27000 (0)
proj186:3271615:3271703 [1] NCCL INFO                                           + NVL[160.0] - NVS/0
proj186:3271615:3271703 [1] NCCL INFO               + PCI[24.0] - PCI/28000 (1000c01010de13b8)
proj186:3271615:3271703 [1] NCCL INFO                             + PCI[24.0] - GPU/2A000 (1)
proj186:3271615:3271703 [1] NCCL INFO                                           + NVL[160.0] - NVS/0
proj186:3271615:3271703 [1] NCCL INFO + PCI[3.0] - NIC/17000
proj186:3271615:3271703 [1] NCCL INFO ==========================================
proj186:3271615:3271703 [1] NCCL INFO GPU/27000 :GPU/27000 (0/5000.000000/LOC) GPU/2A000 (2/160.000000/NVL) NVS/0 (1/160.000000/NVL) CPU/0 (3/24.000000/PHB) 
proj186:3271615:3271703 [1] NCCL INFO GPU/2A000 :GPU/27000 (2/160.000000/NVL) GPU/2A000 (0/5000.000000/LOC) NVS/0 (1/160.000000/NVL) CPU/0 (3/24.000000/PHB) 
proj186:3271615:3271703 [1] NCCL INFO Setting affinity for GPU 1 to ffff,0000ffff
proj186:3271615:3271703 [1] NCCL INFO Pattern 4, crossNic 0, nChannels 8, bw 20.000000/20.000000, type NVL/PIX, sameChannels 1
proj186:3271615:3271703 [1] NCCL INFO  0 : GPU/0 GPU/1
proj186:3271615:3271703 [1] NCCL INFO  1 : GPU/0 GPU/1
proj186:3271615:3271703 [1] NCCL INFO  2 : GPU/0 GPU/1
proj186:3271615:3271703 [1] NCCL INFO  3 : GPU/0 GPU/1
proj186:3271615:3271703 [1] NCCL INFO  4 : GPU/0 GPU/1
proj186:3271615:3271703 [1] NCCL INFO  5 : GPU/0 GPU/1
proj186:3271615:3271703 [1] NCCL INFO  6 : GPU/0 GPU/1
proj186:3271615:3271703 [1] NCCL INFO  7 : GPU/0 GPU/1
proj186:3271615:3271703 [1] NCCL INFO Pattern 1, crossNic 0, nChannels 8, bw 40.000000/40.000000, type NVL/PIX, sameChannels 0
proj186:3271615:3271703 [1] NCCL INFO  0 : GPU/0 GPU/1
proj186:3271615:3271703 [1] NCCL INFO  1 : GPU/0 GPU/1
proj186:3271615:3271703 [1] NCCL INFO  2 : GPU/0 GPU/1
proj186:3271615:3271703 [1] NCCL INFO  3 : GPU/0 GPU/1
proj186:3271615:3271703 [1] NCCL INFO  4 : GPU/1 GPU/0
proj186:3271615:3271703 [1] NCCL INFO  5 : GPU/1 GPU/0
proj186:3271615:3271703 [1] NCCL INFO  6 : GPU/1 GPU/0
proj186:3271615:3271703 [1] NCCL INFO  7 : GPU/1 GPU/0
proj186:3271614:3271702 [0] NCCL INFO Tree 0 : -1 -> 0 -> 1/-1/-1
proj186:3271614:3271702 [0] NCCL INFO Tree 8 : -1 -> 0 -> 1/-1/-1
proj186:3271615:3271703 [1] NCCL INFO Tree 0 : 0 -> 1 -> -1/-1/-1
proj186:3271614:3271702 [0] NCCL INFO Tree 1 : -1 -> 0 -> 1/-1/-1
proj186:3271615:3271703 [1] NCCL INFO Tree 8 : 0 -> 1 -> -1/-1/-1
proj186:3271614:3271702 [0] NCCL INFO Tree 9 : -1 -> 0 -> 1/-1/-1
proj186:3271615:3271703 [1] NCCL INFO Tree 1 : 0 -> 1 -> -1/-1/-1
proj186:3271614:3271702 [0] NCCL INFO Tree 2 : -1 -> 0 -> 1/-1/-1
proj186:3271615:3271703 [1] NCCL INFO Tree 9 : 0 -> 1 -> -1/-1/-1
proj186:3271615:3271703 [1] NCCL INFO Tree 2 : 0 -> 1 -> -1/-1/-1
proj186:3271614:3271702 [0] NCCL INFO Tree 10 : -1 -> 0 -> 1/-1/-1
proj186:3271615:3271703 [1] NCCL INFO Tree 10 : 0 -> 1 -> -1/-1/-1
proj186:3271614:3271702 [0] NCCL INFO Tree 3 : -1 -> 0 -> 1/-1/-1
proj186:3271615:3271703 [1] NCCL INFO Tree 3 : 0 -> 1 -> -1/-1/-1
proj186:3271614:3271702 [0] NCCL INFO Tree 11 : -1 -> 0 -> 1/-1/-1
proj186:3271615:3271703 [1] NCCL INFO Tree 11 : 0 -> 1 -> -1/-1/-1
proj186:3271614:3271702 [0] NCCL INFO Tree 4 : 1 -> 0 -> -1/-1/-1
proj186:3271615:3271703 [1] NCCL INFO Tree 4 : -1 -> 1 -> 0/-1/-1
proj186:3271615:3271703 [1] NCCL INFO Tree 12 : -1 -> 1 -> 0/-1/-1
proj186:3271614:3271702 [0] NCCL INFO Tree 12 : 1 -> 0 -> -1/-1/-1
proj186:3271615:3271703 [1] NCCL INFO Tree 5 : -1 -> 1 -> 0/-1/-1
proj186:3271614:3271702 [0] NCCL INFO Tree 5 : 1 -> 0 -> -1/-1/-1
proj186:3271615:3271703 [1] NCCL INFO Tree 13 : -1 -> 1 -> 0/-1/-1
proj186:3271614:3271702 [0] NCCL INFO Tree 13 : 1 -> 0 -> -1/-1/-1
proj186:3271615:3271703 [1] NCCL INFO Tree 6 : -1 -> 1 -> 0/-1/-1
proj186:3271614:3271702 [0] NCCL INFO Tree 6 : 1 -> 0 -> -1/-1/-1
proj186:3271615:3271703 [1] NCCL INFO Tree 14 : -1 -> 1 -> 0/-1/-1
proj186:3271614:3271702 [0] NCCL INFO Tree 14 : 1 -> 0 -> -1/-1/-1
proj186:3271615:3271703 [1] NCCL INFO Tree 7 : -1 -> 1 -> 0/-1/-1
proj186:3271614:3271702 [0] NCCL INFO Tree 7 : 1 -> 0 -> -1/-1/-1
proj186:3271615:3271703 [1] NCCL INFO Tree 15 : -1 -> 1 -> 0/-1/-1
proj186:3271614:3271702 [0] NCCL INFO Tree 15 : 1 -> 0 -> -1/-1/-1
proj186:3271614:3271702 [0] NCCL INFO Channel 00/16 :    0   1
proj186:3271615:3271703 [1] NCCL INFO Ring 00 : 0 -> 1 -> 0
proj186:3271614:3271702 [0] NCCL INFO Channel 01/16 :    0   1
proj186:3271615:3271703 [1] NCCL INFO Ring 01 : 0 -> 1 -> 0
proj186:3271614:3271702 [0] NCCL INFO Channel 02/16 :    0   1
proj186:3271615:3271703 [1] NCCL INFO Ring 02 : 0 -> 1 -> 0
proj186:3271614:3271702 [0] NCCL INFO Channel 03/16 :    0   1
proj186:3271615:3271703 [1] NCCL INFO Ring 03 : 0 -> 1 -> 0
proj186:3271614:3271702 [0] NCCL INFO Channel 04/16 :    0   1
proj186:3271615:3271703 [1] NCCL INFO Ring 04 : 0 -> 1 -> 0
proj186:3271614:3271702 [0] NCCL INFO Channel 05/16 :    0   1
proj186:3271615:3271703 [1] NCCL INFO Ring 05 : 0 -> 1 -> 0
proj186:3271614:3271702 [0] NCCL INFO Channel 06/16 :    0   1
proj186:3271615:3271703 [1] NCCL INFO Ring 06 : 0 -> 1 -> 0
proj186:3271614:3271702 [0] NCCL INFO Channel 07/16 :    0   1
proj186:3271615:3271703 [1] NCCL INFO Ring 07 : 0 -> 1 -> 0
proj186:3271614:3271702 [0] NCCL INFO Channel 08/16 :    0   1
proj186:3271615:3271703 [1] NCCL INFO Ring 08 : 0 -> 1 -> 0
proj186:3271614:3271702 [0] NCCL INFO Channel 09/16 :    0   1
proj186:3271615:3271703 [1] NCCL INFO Ring 09 : 0 -> 1 -> 0
proj186:3271614:3271702 [0] NCCL INFO Channel 10/16 :    0   1
proj186:3271614:3271702 [0] NCCL INFO Channel 11/16 :    0   1
proj186:3271615:3271703 [1] NCCL INFO Ring 10 : 0 -> 1 -> 0
proj186:3271614:3271702 [0] NCCL INFO Channel 12/16 :    0   1
proj186:3271615:3271703 [1] NCCL INFO Ring 11 : 0 -> 1 -> 0
proj186:3271614:3271702 [0] NCCL INFO Channel 13/16 :    0   1
proj186:3271615:3271703 [1] NCCL INFO Ring 12 : 0 -> 1 -> 0
proj186:3271614:3271702 [0] NCCL INFO Channel 14/16 :    0   1
proj186:3271615:3271703 [1] NCCL INFO Ring 13 : 0 -> 1 -> 0
proj186:3271614:3271702 [0] NCCL INFO Channel 15/16 :    0   1
proj186:3271615:3271703 [1] NCCL INFO Ring 14 : 0 -> 1 -> 0
proj186:3271615:3271703 [1] NCCL INFO Ring 15 : 0 -> 1 -> 0
proj186:3271615:3271703 [1] NCCL INFO Trees [0] -1/-1/-1->1->0 [1] -1/-1/-1->1->0 [2] -1/-1/-1->1->0 [3] -1/-1/-1->1->0 [4] 0/-1/-1->1->-1 [5] 0/-1/-1->1->-1 [6] 0/-1/-1->1->-1 [7] 0/-1/-1->1->-1 [8] -1/-1/-1->1->0 [9] -1/-1/-1->1->0 [10] -1/-1/-1->1->0 [11] -1/-1/-1->1->0 [12] 0/-1/-1->1->-1 [13] 0/-1/-1->1->-1 [14] 0/-1/-1->1->-1 [15] 0/-1/-1->1->-1
proj186:3271614:3271702 [0] NCCL INFO Ring 00 : 1 -> 0 -> 1
proj186:3271615:3271703 [1] NCCL INFO P2P Chunksize set to 524288
proj186:3271614:3271702 [0] NCCL INFO Ring 01 : 1 -> 0 -> 1
proj186:3271614:3271702 [0] NCCL INFO Ring 02 : 1 -> 0 -> 1
proj186:3271614:3271702 [0] NCCL INFO Ring 03 : 1 -> 0 -> 1
proj186:3271614:3271702 [0] NCCL INFO Ring 04 : 1 -> 0 -> 1
proj186:3271614:3271702 [0] NCCL INFO Ring 05 : 1 -> 0 -> 1
proj186:3271614:3271702 [0] NCCL INFO Ring 06 : 1 -> 0 -> 1
proj186:3271614:3271702 [0] NCCL INFO Ring 07 : 1 -> 0 -> 1
proj186:3271614:3271702 [0] NCCL INFO Ring 08 : 1 -> 0 -> 1
proj186:3271614:3271702 [0] NCCL INFO Ring 09 : 1 -> 0 -> 1
proj186:3271614:3271702 [0] NCCL INFO Ring 10 : 1 -> 0 -> 1
proj186:3271614:3271702 [0] NCCL INFO Ring 11 : 1 -> 0 -> 1
proj186:3271614:3271702 [0] NCCL INFO Ring 12 : 1 -> 0 -> 1
proj186:3271614:3271702 [0] NCCL INFO Ring 13 : 1 -> 0 -> 1
proj186:3271614:3271702 [0] NCCL INFO Ring 14 : 1 -> 0 -> 1
proj186:3271614:3271702 [0] NCCL INFO Ring 15 : 1 -> 0 -> 1
proj186:3271614:3271702 [0] NCCL INFO Trees [0] 1/-1/-1->0->-1 [1] 1/-1/-1->0->-1 [2] 1/-1/-1->0->-1 [3] 1/-1/-1->0->-1 [4] -1/-1/-1->0->1 [5] -1/-1/-1->0->1 [6] -1/-1/-1->0->1 [7] -1/-1/-1->0->1 [8] 1/-1/-1->0->-1 [9] 1/-1/-1->0->-1 [10] 1/-1/-1->0->-1 [11] 1/-1/-1->0->-1 [12] -1/-1/-1->0->1 [13] -1/-1/-1->0->1 [14] -1/-1/-1->0->1 [15] -1/-1/-1->0->1
proj186:3271614:3271702 [0] NCCL INFO P2P Chunksize set to 524288
proj186:3271615:3271703 [1] NCCL INFO misc/utils.cc:235 memory stack hunk malloc(65536)
proj186:3271614:3271702 [0] NCCL INFO misc/utils.cc:235 memory stack hunk malloc(65536)
proj186:3271615:3271703 [1] NCCL INFO channel.cc:40 Cuda Alloc Size 768 pointer 0x7fe7cfc00000
proj186:3271615:3271703 [1] NCCL INFO channel.cc:43 Cuda Alloc Size 40 pointer 0x7fe7cfc00400
proj186:3271615:3271703 [1] NCCL INFO channel.cc:54 Cuda Alloc Size 8 pointer 0x7fe7cfc00600
proj186:3271615:3271703 [1] NCCL INFO channel.cc:40 Cuda Alloc Size 768 pointer 0x7fe7cfc00800
proj186:3271615:3271703 [1] NCCL INFO channel.cc:43 Cuda Alloc Size 40 pointer 0x7fe7cfc00c00
proj186:3271615:3271703 [1] NCCL INFO channel.cc:54 Cuda Alloc Size 8 pointer 0x7fe7cfc00e00
proj186:3271614:3271702 [0] NCCL INFO channel.cc:40 Cuda Alloc Size 768 pointer 0x7f8ce3c00000
proj186:3271615:3271703 [1] NCCL INFO channel.cc:40 Cuda Alloc Size 768 pointer 0x7fe7cfc01000
proj186:3271615:3271703 [1] NCCL INFO channel.cc:43 Cuda Alloc Size 40 pointer 0x7fe7cfc01400
proj186:3271614:3271702 [0] NCCL INFO channel.cc:43 Cuda Alloc Size 40 pointer 0x7f8ce3c00400
proj186:3271615:3271703 [1] NCCL INFO channel.cc:54 Cuda Alloc Size 8 pointer 0x7fe7cfc01600
proj186:3271615:3271703 [1] NCCL INFO channel.cc:40 Cuda Alloc Size 768 pointer 0x7fe7cfc01800
proj186:3271615:3271703 [1] NCCL INFO channel.cc:43 Cuda Alloc Size 40 pointer 0x7fe7cfc01c00
proj186:3271614:3271702 [0] NCCL INFO channel.cc:54 Cuda Alloc Size 8 pointer 0x7f8ce3c00600
proj186:3271615:3271703 [1] NCCL INFO channel.cc:54 Cuda Alloc Size 8 pointer 0x7fe7cfc01e00
proj186:3271615:3271703 [1] NCCL INFO channel.cc:40 Cuda Alloc Size 768 pointer 0x7fe7cfc02000
proj186:3271614:3271702 [0] NCCL INFO channel.cc:40 Cuda Alloc Size 768 pointer 0x7f8ce3c00800
proj186:3271615:3271703 [1] NCCL INFO channel.cc:43 Cuda Alloc Size 40 pointer 0x7fe7cfc02400
proj186:3271614:3271702 [0] NCCL INFO channel.cc:43 Cuda Alloc Size 40 pointer 0x7f8ce3c00c00
proj186:3271615:3271703 [1] NCCL INFO channel.cc:54 Cuda Alloc Size 8 pointer 0x7fe7cfc02600
proj186:3271614:3271702 [0] NCCL INFO channel.cc:54 Cuda Alloc Size 8 pointer 0x7f8ce3c00e00
proj186:3271615:3271703 [1] NCCL INFO channel.cc:40 Cuda Alloc Size 768 pointer 0x7fe7cfc02800
proj186:3271614:3271702 [0] NCCL INFO channel.cc:40 Cuda Alloc Size 768 pointer 0x7f8ce3c01000
proj186:3271615:3271703 [1] NCCL INFO channel.cc:43 Cuda Alloc Size 40 pointer 0x7fe7cfc02c00
proj186:3271614:3271702 [0] NCCL INFO channel.cc:43 Cuda Alloc Size 40 pointer 0x7f8ce3c01400
proj186:3271615:3271703 [1] NCCL INFO channel.cc:54 Cuda Alloc Size 8 pointer 0x7fe7cfc02e00
proj186:3271614:3271702 [0] NCCL INFO channel.cc:54 Cuda Alloc Size 8 pointer 0x7f8ce3c01600
proj186:3271615:3271703 [1] NCCL INFO channel.cc:40 Cuda Alloc Size 768 pointer 0x7fe7cfc03000
proj186:3271615:3271703 [1] NCCL INFO channel.cc:43 Cuda Alloc Size 40 pointer 0x7fe7cfc03400
proj186:3271614:3271702 [0] NCCL INFO channel.cc:40 Cuda Alloc Size 768 pointer 0x7f8ce3c01800
proj186:3271614:3271702 [0] NCCL INFO channel.cc:43 Cuda Alloc Size 40 pointer 0x7f8ce3c01c00
proj186:3271615:3271703 [1] NCCL INFO channel.cc:54 Cuda Alloc Size 8 pointer 0x7fe7cfc03600
proj186:3271614:3271702 [0] NCCL INFO channel.cc:54 Cuda Alloc Size 8 pointer 0x7f8ce3c01e00
proj186:3271615:3271703 [1] NCCL INFO channel.cc:40 Cuda Alloc Size 768 pointer 0x7fe7cfc03800
proj186:3271615:3271703 [1] NCCL INFO channel.cc:43 Cuda Alloc Size 40 pointer 0x7fe7cfc03c00
proj186:3271614:3271702 [0] NCCL INFO channel.cc:40 Cuda Alloc Size 768 pointer 0x7f8ce3c02000
proj186:3271615:3271703 [1] NCCL INFO channel.cc:54 Cuda Alloc Size 8 pointer 0x7fe7cfc03e00
proj186:3271614:3271702 [0] NCCL INFO channel.cc:43 Cuda Alloc Size 40 pointer 0x7f8ce3c02400
proj186:3271615:3271703 [1] NCCL INFO channel.cc:40 Cuda Alloc Size 768 pointer 0x7fe7cfc04000
proj186:3271614:3271702 [0] NCCL INFO channel.cc:54 Cuda Alloc Size 8 pointer 0x7f8ce3c02600
proj186:3271615:3271703 [1] NCCL INFO channel.cc:43 Cuda Alloc Size 40 pointer 0x7fe7cfc04400
proj186:3271614:3271702 [0] NCCL INFO channel.cc:40 Cuda Alloc Size 768 pointer 0x7f8ce3c02800
proj186:3271614:3271702 [0] NCCL INFO channel.cc:43 Cuda Alloc Size 40 pointer 0x7f8ce3c02c00
proj186:3271615:3271703 [1] NCCL INFO channel.cc:54 Cuda Alloc Size 8 pointer 0x7fe7cfc04600
proj186:3271615:3271703 [1] NCCL INFO channel.cc:40 Cuda Alloc Size 768 pointer 0x7fe7cfc04800
proj186:3271614:3271702 [0] NCCL INFO channel.cc:54 Cuda Alloc Size 8 pointer 0x7f8ce3c02e00
proj186:3271615:3271703 [1] NCCL INFO channel.cc:43 Cuda Alloc Size 40 pointer 0x7fe7cfc04c00
proj186:3271614:3271702 [0] NCCL INFO channel.cc:40 Cuda Alloc Size 768 pointer 0x7f8ce3c03000
proj186:3271614:3271702 [0] NCCL INFO channel.cc:43 Cuda Alloc Size 40 pointer 0x7f8ce3c03400
proj186:3271615:3271703 [1] NCCL INFO channel.cc:54 Cuda Alloc Size 8 pointer 0x7fe7cfc04e00
proj186:3271614:3271702 [0] NCCL INFO channel.cc:54 Cuda Alloc Size 8 pointer 0x7f8ce3c03600
proj186:3271615:3271703 [1] NCCL INFO channel.cc:40 Cuda Alloc Size 768 pointer 0x7fe7cfc05000
proj186:3271615:3271703 [1] NCCL INFO channel.cc:43 Cuda Alloc Size 40 pointer 0x7fe7cfc05400
proj186:3271614:3271702 [0] NCCL INFO channel.cc:40 Cuda Alloc Size 768 pointer 0x7f8ce3c03800
proj186:3271614:3271702 [0] NCCL INFO channel.cc:43 Cuda Alloc Size 40 pointer 0x7f8ce3c03c00
proj186:3271615:3271703 [1] NCCL INFO channel.cc:54 Cuda Alloc Size 8 pointer 0x7fe7cfc05600
proj186:3271614:3271702 [0] NCCL INFO channel.cc:54 Cuda Alloc Size 8 pointer 0x7f8ce3c03e00
proj186:3271615:3271703 [1] NCCL INFO channel.cc:40 Cuda Alloc Size 768 pointer 0x7fe7cfc05800
proj186:3271615:3271703 [1] NCCL INFO channel.cc:43 Cuda Alloc Size 40 pointer 0x7fe7cfc05c00
proj186:3271614:3271702 [0] NCCL INFO channel.cc:40 Cuda Alloc Size 768 pointer 0x7f8ce3c04000
proj186:3271614:3271702 [0] NCCL INFO channel.cc:43 Cuda Alloc Size 40 pointer 0x7f8ce3c04400
proj186:3271615:3271703 [1] NCCL INFO channel.cc:54 Cuda Alloc Size 8 pointer 0x7fe7cfc05e00
proj186:3271614:3271702 [0] NCCL INFO channel.cc:54 Cuda Alloc Size 8 pointer 0x7f8ce3c04600
proj186:3271615:3271703 [1] NCCL INFO channel.cc:40 Cuda Alloc Size 768 pointer 0x7fe7cfc06000
proj186:3271615:3271703 [1] NCCL INFO channel.cc:43 Cuda Alloc Size 40 pointer 0x7fe7cfc06400
proj186:3271614:3271702 [0] NCCL INFO channel.cc:40 Cuda Alloc Size 768 pointer 0x7f8ce3c04800
proj186:3271615:3271703 [1] NCCL INFO channel.cc:54 Cuda Alloc Size 8 pointer 0x7fe7cfc06600
proj186:3271614:3271702 [0] NCCL INFO channel.cc:43 Cuda Alloc Size 40 pointer 0x7f8ce3c04c00
proj186:3271615:3271703 [1] NCCL INFO channel.cc:40 Cuda Alloc Size 768 pointer 0x7fe7cfc06800
proj186:3271614:3271702 [0] NCCL INFO channel.cc:54 Cuda Alloc Size 8 pointer 0x7f8ce3c04e00
proj186:3271615:3271703 [1] NCCL INFO channel.cc:43 Cuda Alloc Size 40 pointer 0x7fe7cfc06c00
proj186:3271614:3271702 [0] NCCL INFO channel.cc:40 Cuda Alloc Size 768 pointer 0x7f8ce3c05000
proj186:3271615:3271703 [1] NCCL INFO channel.cc:54 Cuda Alloc Size 8 pointer 0x7fe7cfc06e00
proj186:3271614:3271702 [0] NCCL INFO channel.cc:43 Cuda Alloc Size 40 pointer 0x7f8ce3c05400
proj186:3271615:3271703 [1] NCCL INFO channel.cc:40 Cuda Alloc Size 768 pointer 0x7fe7cfc07000
proj186:3271614:3271702 [0] NCCL INFO channel.cc:54 Cuda Alloc Size 8 pointer 0x7f8ce3c05600
proj186:3271615:3271703 [1] NCCL INFO channel.cc:43 Cuda Alloc Size 40 pointer 0x7fe7cfc07400
proj186:3271614:3271702 [0] NCCL INFO channel.cc:40 Cuda Alloc Size 768 pointer 0x7f8ce3c05800
proj186:3271615:3271703 [1] NCCL INFO channel.cc:54 Cuda Alloc Size 8 pointer 0x7fe7cfc07600
proj186:3271614:3271702 [0] NCCL INFO channel.cc:43 Cuda Alloc Size 40 pointer 0x7f8ce3c05c00
proj186:3271615:3271703 [1] NCCL INFO channel.cc:40 Cuda Alloc Size 768 pointer 0x7fe7cfc07800
proj186:3271614:3271702 [0] NCCL INFO channel.cc:54 Cuda Alloc Size 8 pointer 0x7f8ce3c05e00
proj186:3271615:3271703 [1] NCCL INFO channel.cc:43 Cuda Alloc Size 40 pointer 0x7fe7cfc07c00
proj186:3271614:3271702 [0] NCCL INFO channel.cc:40 Cuda Alloc Size 768 pointer 0x7f8ce3c06000
proj186:3271615:3271703 [1] NCCL INFO channel.cc:54 Cuda Alloc Size 8 pointer 0x7fe7cfc07e00
proj186:3271614:3271702 [0] NCCL INFO channel.cc:43 Cuda Alloc Size 40 pointer 0x7f8ce3c06400
proj186:3271614:3271702 [0] NCCL INFO channel.cc:54 Cuda Alloc Size 8 pointer 0x7f8ce3c06600
proj186:3271614:3271702 [0] NCCL INFO channel.cc:40 Cuda Alloc Size 768 pointer 0x7f8ce3c06800
proj186:3271614:3271702 [0] NCCL INFO channel.cc:43 Cuda Alloc Size 40 pointer 0x7f8ce3c06c00
proj186:3271614:3271702 [0] NCCL INFO channel.cc:54 Cuda Alloc Size 8 pointer 0x7f8ce3c06e00
proj186:3271614:3271702 [0] NCCL INFO channel.cc:40 Cuda Alloc Size 768 pointer 0x7f8ce3c07000
proj186:3271614:3271702 [0] NCCL INFO channel.cc:43 Cuda Alloc Size 40 pointer 0x7f8ce3c07400
proj186:3271614:3271702 [0] NCCL INFO channel.cc:54 Cuda Alloc Size 8 pointer 0x7f8ce3c07600
proj186:3271614:3271702 [0] NCCL INFO channel.cc:40 Cuda Alloc Size 768 pointer 0x7f8ce3c07800
proj186:3271614:3271702 [0] NCCL INFO channel.cc:43 Cuda Alloc Size 40 pointer 0x7f8ce3c07c00
proj186:3271614:3271702 [0] NCCL INFO channel.cc:54 Cuda Alloc Size 8 pointer 0x7f8ce3c07e00
proj186:3271615:3271704 [1] NCCL INFO Mem Realloc old size 0, new size 8 pointer 0x7fe7c8002f10
proj186:3271615:3271704 [1] NCCL INFO New proxy recv connection 0 from local rank 1, transport 0
proj186:3271615:3271704 [1] NCCL INFO proxyProgressAsync opId=0x7fe7d21cb3a0 op.type=1 op.reqBuff=0x7fe7c8002ed0 op.respSize=16 done
proj186:3271615:3271703 [1] NCCL INFO ncclPollProxyResponse Received new opId=0x7fe7d21cb3a0
proj186:3271615:3271703 [1] NCCL INFO recvOpId=0x7fe7d21cb3a0 matches expected opId=0x7fe7d21cb3a0
proj186:3271615:3271704 [1] NCCL INFO Received and initiated operation=Init res=0
proj186:3271615:3271703 [1] NCCL INFO Connection to proxy localRank 1 -> connection 0x7fe7c8003150
proj186:3271614:3271705 [0] NCCL INFO Mem Realloc old size 0, new size 8 pointer 0x7f8cf4000bf0
proj186:3271614:3271705 [0] NCCL INFO New proxy recv connection 0 from local rank 0, transport 0
proj186:3271614:3271705 [0] NCCL INFO proxyProgressAsync opId=0x7f8ce61cb3a0 op.type=1 op.reqBuff=0x7f8cf4000bb0 op.respSize=16 done
proj186:3271614:3271702 [0] NCCL INFO ncclPollProxyResponse Received new opId=0x7f8ce61cb3a0
proj186:3271614:3271702 [0] NCCL INFO recvOpId=0x7f8ce61cb3a0 matches expected opId=0x7f8ce61cb3a0
proj186:3271614:3271702 [0] NCCL INFO Connection to proxy localRank 0 -> connection 0x7f8cf4003160
proj186:3271614:3271705 [0] NCCL INFO Received and initiated operation=Init res=0
proj186:3271615:3271704 [1] NCCL INFO transport/p2p.cc:204 Cuda Alloc Size 6291456 pointer 0x7fe7c6000000
proj186:3271615:3271704 [1] NCCL INFO Allocated shareable buffer 0x7fe7c6000000 size 6291456 ipcDesc 0x7fe7c80059d0
proj186:3271615:3271704 [1] NCCL INFO proxyProgressAsync opId=0x7fe7d21cb3a0 op.type=3 op.reqBuff=0x7fe7c80059a0 op.respSize=80 done
proj186:3271615:3271703 [1] NCCL INFO ncclPollProxyResponse Received new opId=0x7fe7d21cb3a0
proj186:3271615:3271703 [1] NCCL INFO recvOpId=0x7fe7d21cb3a0 matches expected opId=0x7fe7d21cb3a0
proj186:3271615:3271704 [1] NCCL INFO Received and initiated operation=Setup res=0
proj186:3271615:3271704 [1] NCCL INFO New proxy recv connection 1 from local rank 1, transport 0
proj186:3271615:3271704 [1] NCCL INFO proxyProgressAsync opId=0x7fe7d21cb3a0 op.type=1 op.reqBuff=0x7fe7c8006af0 op.respSize=16 done
proj186:3271615:3271703 [1] NCCL INFO ncclPollProxyResponse Received new opId=0x7fe7d21cb3a0
proj186:3271615:3271703 [1] NCCL INFO recvOpId=0x7fe7d21cb3a0 matches expected opId=0x7fe7d21cb3a0
proj186:3271615:3271703 [1] NCCL INFO Connection to proxy localRank 1 -> connection 0x7fe7c80031a0
proj186:3271615:3271704 [1] NCCL INFO Received and initiated operation=Init res=0
proj186:3271615:3271704 [1] NCCL INFO transport/p2p.cc:204 Cuda Alloc Size 6291456 pointer 0x7fe7c6600000
proj186:3271615:3271704 [1] NCCL INFO Allocated shareable buffer 0x7fe7c6600000 size 6291456 ipcDesc 0x7fe7c8006ba0
proj186:3271615:3271704 [1] NCCL INFO proxyProgressAsync opId=0x7fe7d21cb3a0 op.type=3 op.reqBuff=0x7fe7c8006b70 op.respSize=80 done
proj186:3271615:3271703 [1] NCCL INFO ncclPollProxyResponse Received new opId=0x7fe7d21cb3a0
proj186:3271615:3271703 [1] NCCL INFO recvOpId=0x7fe7d21cb3a0 matches expected opId=0x7fe7d21cb3a0
proj186:3271615:3271704 [1] NCCL INFO Received and initiated operation=Setup res=0
proj186:3271615:3271704 [1] NCCL INFO New proxy recv connection 2 from local rank 1, transport 0
proj186:3271615:3271704 [1] NCCL INFO proxyProgressAsync opId=0x7fe7d21cb3a0 op.type=1 op.reqBuff=0x7fe7c8007820 op.respSize=16 done
proj186:3271615:3271703 [1] NCCL INFO ncclPollProxyResponse Received new opId=0x7fe7d21cb3a0
proj186:3271615:3271703 [1] NCCL INFO recvOpId=0x7fe7d21cb3a0 matches expected opId=0x7fe7d21cb3a0
proj186:3271615:3271703 [1] NCCL INFO Connection to proxy localRank 1 -> connection 0x7fe7c80031f0
proj186:3271614:3271705 [0] NCCL INFO transport/p2p.cc:204 Cuda Alloc Size 6291456 pointer 0x7f8ce0000000
proj186:3271615:3271704 [1] NCCL INFO Received and initiated operation=Init res=0
proj186:3271614:3271705 [0] NCCL INFO Allocated shareable buffer 0x7f8ce0000000 size 6291456 ipcDesc 0x7f8cf40059e0
proj186:3271614:3271705 [0] NCCL INFO proxyProgressAsync opId=0x7f8ce61cb3a0 op.type=3 op.reqBuff=0x7f8cf40059b0 op.respSize=80 done
proj186:3271614:3271702 [0] NCCL INFO ncclPollProxyResponse Received new opId=0x7f8ce61cb3a0
proj186:3271614:3271702 [0] NCCL INFO recvOpId=0x7f8ce61cb3a0 matches expected opId=0x7f8ce61cb3a0
proj186:3271614:3271705 [0] NCCL INFO Received and initiated operation=Setup res=0
proj186:3271614:3271705 [0] NCCL INFO New proxy recv connection 1 from local rank 0, transport 0
proj186:3271614:3271705 [0] NCCL INFO proxyProgressAsync opId=0x7f8ce61cb3a0 op.type=1 op.reqBuff=0x7f8cf4006a60 op.respSize=16 done
proj186:3271614:3271702 [0] NCCL INFO ncclPollProxyResponse Received new opId=0x7f8ce61cb3a0
proj186:3271614:3271702 [0] NCCL INFO recvOpId=0x7f8ce61cb3a0 matches expected opId=0x7f8ce61cb3a0
proj186:3271614:3271702 [0] NCCL INFO Connection to proxy localRank 0 -> connection 0x7f8cf40031b0
proj186:3271614:3271705 [0] NCCL INFO Received and initiated operation=Init res=0
proj186:3271615:3271704 [1] NCCL INFO transport/p2p.cc:204 Cuda Alloc Size 6291456 pointer 0x7fe7c6c00000
proj186:3271615:3271704 [1] NCCL INFO Allocated shareable buffer 0x7fe7c6c00000 size 6291456 ipcDesc 0x7fe7c80078b0
proj186:3271615:3271704 [1] NCCL INFO proxyProgressAsync opId=0x7fe7d21cb3a0 op.type=3 op.reqBuff=0x7fe7c8007840 op.respSize=80 done
proj186:3271615:3271703 [1] NCCL INFO ncclPollProxyResponse Received new opId=0x7fe7d21cb3a0
proj186:3271615:3271703 [1] NCCL INFO recvOpId=0x7fe7d21cb3a0 matches expected opId=0x7fe7d21cb3a0
proj186:3271615:3271704 [1] NCCL INFO Received and initiated operation=Setup res=0
proj186:3271615:3271704 [1] NCCL INFO New proxy recv connection 3 from local rank 1, transport 0
proj186:3271615:3271704 [1] NCCL INFO proxyProgressAsync opId=0x7fe7d21cb3a0 op.type=1 op.reqBuff=0x7fe7c8007840 op.respSize=16 done
proj186:3271615:3271703 [1] NCCL INFO ncclPollProxyResponse Received new opId=0x7fe7d21cb3a0
proj186:3271615:3271703 [1] NCCL INFO recvOpId=0x7fe7d21cb3a0 matches expected opId=0x7fe7d21cb3a0
proj186:3271615:3271703 [1] NCCL INFO Connection to proxy localRank 1 -> connection 0x7fe7c8003240
proj186:3271615:3271704 [1] NCCL INFO Received and initiated operation=Init res=0
proj186:3271614:3271705 [0] NCCL INFO transport/p2p.cc:204 Cuda Alloc Size 6291456 pointer 0x7f8ce0600000
proj186:3271614:3271705 [0] NCCL INFO Allocated shareable buffer 0x7f8ce0600000 size 6291456 ipcDesc 0x7f8cf4006b10
proj186:3271614:3271705 [0] NCCL INFO proxyProgressAsync opId=0x7f8ce61cb3a0 op.type=3 op.reqBuff=0x7f8cf4006ae0 op.respSize=80 done
proj186:3271614:3271702 [0] NCCL INFO ncclPollProxyResponse Received new opId=0x7f8ce61cb3a0
proj186:3271614:3271702 [0] NCCL INFO recvOpId=0x7f8ce61cb3a0 matches expected opId=0x7f8ce61cb3a0
proj186:3271614:3271705 [0] NCCL INFO Received and initiated operation=Setup res=0
proj186:3271614:3271705 [0] NCCL INFO New proxy recv connection 2 from local rank 0, transport 0
proj186:3271614:3271705 [0] NCCL INFO proxyProgressAsync opId=0x7f8ce61cb3a0 op.type=1 op.reqBuff=0x7f8cf4007790 op.respSize=16 done
proj186:3271614:3271702 [0] NCCL INFO ncclPollProxyResponse Received new opId=0x7f8ce61cb3a0
proj186:3271614:3271702 [0] NCCL INFO recvOpId=0x7f8ce61cb3a0 matches expected opId=0x7f8ce61cb3a0
proj186:3271614:3271702 [0] NCCL INFO Connection to proxy localRank 0 -> connection 0x7f8cf4003200
proj186:3271614:3271705 [0] NCCL INFO Received and initiated operation=Init res=0
proj186:3271615:3271704 [1] NCCL INFO transport/p2p.cc:204 Cuda Alloc Size 6291456 pointer 0x7fe7c7200000
proj186:3271615:3271704 [1] NCCL INFO Allocated shareable buffer 0x7fe7c7200000 size 6291456 ipcDesc 0x7fe7c80085a0
proj186:3271615:3271704 [1] NCCL INFO proxyProgressAsync opId=0x7fe7d21cb3a0 op.type=3 op.reqBuff=0x7fe7c8008530 op.respSize=80 done
proj186:3271615:3271703 [1] NCCL INFO ncclPollProxyResponse Received new opId=0x7fe7d21cb3a0
proj186:3271615:3271703 [1] NCCL INFO recvOpId=0x7fe7d21cb3a0 matches expected opId=0x7fe7d21cb3a0
proj186:3271615:3271704 [1] NCCL INFO Received and initiated operation=Setup res=0
proj186:3271615:3271704 [1] NCCL INFO New proxy recv connection 4 from local rank 1, transport 0
proj186:3271615:3271704 [1] NCCL INFO proxyProgressAsync opId=0x7fe7d21cb3a0 op.type=1 op.reqBuff=0x7fe7c8008530 op.respSize=16 done
proj186:3271615:3271703 [1] NCCL INFO ncclPollProxyResponse Received new opId=0x7fe7d21cb3a0
proj186:3271615:3271703 [1] NCCL INFO recvOpId=0x7fe7d21cb3a0 matches expected opId=0x7fe7d21cb3a0
proj186:3271615:3271703 [1] NCCL INFO Connection to proxy localRank 1 -> connection 0x7fe7c8003290
proj186:3271615:3271704 [1] NCCL INFO Received and initiated operation=Init res=0
proj186:3271614:3271705 [0] NCCL INFO transport/p2p.cc:204 Cuda Alloc Size 6291456 pointer 0x7f8ce0c00000
proj186:3271614:3271705 [0] NCCL INFO Allocated shareable buffer 0x7f8ce0c00000 size 6291456 ipcDesc 0x7f8cf4007820
proj186:3271614:3271705 [0] NCCL INFO proxyProgressAsync opId=0x7f8ce61cb3a0 op.type=3 op.reqBuff=0x7f8cf40077b0 op.respSize=80 done
proj186:3271614:3271702 [0] NCCL INFO ncclPollProxyResponse Received new opId=0x7f8ce61cb3a0
proj186:3271614:3271702 [0] NCCL INFO recvOpId=0x7f8ce61cb3a0 matches expected opId=0x7f8ce61cb3a0
proj186:3271614:3271705 [0] NCCL INFO Received and initiated operation=Setup res=0
proj186:3271614:3271705 [0] NCCL INFO New proxy recv connection 3 from local rank 0, transport 0
proj186:3271614:3271705 [0] NCCL INFO proxyProgressAsync opId=0x7f8ce61cb3a0 op.type=1 op.reqBuff=0x7f8cf40077b0 op.respSize=16 done
proj186:3271614:3271702 [0] NCCL INFO ncclPollProxyResponse Received new opId=0x7f8ce61cb3a0
proj186:3271614:3271705 [0] NCCL INFO Received and initiated operation=Init res=0
proj186:3271614:3271702 [0] NCCL INFO recvOpId=0x7f8ce61cb3a0 matches expected opId=0x7f8ce61cb3a0
proj186:3271614:3271702 [0] NCCL INFO Connection to proxy localRank 0 -> connection 0x7f8cf4003250
proj186:3271615:3271704 [1] NCCL INFO transport/p2p.cc:204 Cuda Alloc Size 6291456 pointer 0x7fe7c7800000
proj186:3271615:3271704 [1] NCCL INFO Allocated shareable buffer 0x7fe7c7800000 size 6291456 ipcDesc 0x7fe7c8009270
proj186:3271615:3271704 [1] NCCL INFO proxyProgressAsync opId=0x7fe7d21cb3a0 op.type=3 op.reqBuff=0x7fe7c8009200 op.respSize=80 done
proj186:3271615:3271703 [1] NCCL INFO ncclPollProxyResponse Received new opId=0x7fe7d21cb3a0
proj186:3271615:3271703 [1] NCCL INFO recvOpId=0x7fe7d21cb3a0 matches expected opId=0x7fe7d21cb3a0
proj186:3271615:3271704 [1] NCCL INFO Received and initiated operation=Setup res=0
proj186:3271615:3271704 [1] NCCL INFO New proxy recv connection 5 from local rank 1, transport 0
proj186:3271615:3271704 [1] NCCL INFO proxyProgressAsync opId=0x7fe7d21cb3a0 op.type=1 op.reqBuff=0x7fe7c8009200 op.respSize=16 done
proj186:3271615:3271703 [1] NCCL INFO ncclPollProxyResponse Received new opId=0x7fe7d21cb3a0
proj186:3271615:3271703 [1] NCCL INFO recvOpId=0x7fe7d21cb3a0 matches expected opId=0x7fe7d21cb3a0
proj186:3271615:3271703 [1] NCCL INFO Connection to proxy localRank 1 -> connection 0x7fe7c80032e0
proj186:3271615:3271704 [1] NCCL INFO Received and initiated operation=Init res=0
proj186:3271614:3271705 [0] NCCL INFO transport/p2p.cc:204 Cuda Alloc Size 6291456 pointer 0x7f8ce1200000
proj186:3271614:3271705 [0] NCCL INFO Allocated shareable buffer 0x7f8ce1200000 size 6291456 ipcDesc 0x7f8cf4008510
proj186:3271614:3271705 [0] NCCL INFO proxyProgressAsync opId=0x7f8ce61cb3a0 op.type=3 op.reqBuff=0x7f8cf40084a0 op.respSize=80 done
proj186:3271614:3271702 [0] NCCL INFO ncclPollProxyResponse Received new opId=0x7f8ce61cb3a0
proj186:3271614:3271702 [0] NCCL INFO recvOpId=0x7f8ce61cb3a0 matches expected opId=0x7f8ce61cb3a0
proj186:3271614:3271705 [0] NCCL INFO Received and initiated operation=Setup res=0
proj186:3271614:3271705 [0] NCCL INFO New proxy recv connection 4 from local rank 0, transport 0
proj186:3271614:3271705 [0] NCCL INFO proxyProgressAsync opId=0x7f8ce61cb3a0 op.type=1 op.reqBuff=0x7f8cf40084a0 op.respSize=16 done
proj186:3271614:3271702 [0] NCCL INFO ncclPollProxyResponse Received new opId=0x7f8ce61cb3a0
proj186:3271614:3271702 [0] NCCL INFO recvOpId=0x7f8ce61cb3a0 matches expected opId=0x7f8ce61cb3a0
proj186:3271614:3271705 [0] NCCL INFO Received and initiated operation=Init res=0
proj186:3271615:3271704 [1] NCCL INFO transport/p2p.cc:204 Cuda Alloc Size 6291456 pointer 0x7fe7c4000000
proj186:3271614:3271702 [0] NCCL INFO Connection to proxy localRank 0 -> connection 0x7f8cf40032a0
proj186:3271615:3271704 [1] NCCL INFO Allocated shareable buffer 0x7fe7c4000000 size 6291456 ipcDesc 0x7fe7c8009f40
proj186:3271615:3271704 [1] NCCL INFO proxyProgressAsync opId=0x7fe7d21cb3a0 op.type=3 op.reqBuff=0x7fe7c8009ed0 op.respSize=80 done
proj186:3271615:3271703 [1] NCCL INFO ncclPollProxyResponse Received new opId=0x7fe7d21cb3a0
proj186:3271615:3271703 [1] NCCL INFO recvOpId=0x7fe7d21cb3a0 matches expected opId=0x7fe7d21cb3a0
proj186:3271615:3271704 [1] NCCL INFO Received and initiated operation=Setup res=0
proj186:3271615:3271704 [1] NCCL INFO New proxy recv connection 6 from local rank 1, transport 0
proj186:3271615:3271704 [1] NCCL INFO proxyProgressAsync opId=0x7fe7d21cb3a0 op.type=1 op.reqBuff=0x7fe7c8009ed0 op.respSize=16 done
proj186:3271615:3271703 [1] NCCL INFO ncclPollProxyResponse Received new opId=0x7fe7d21cb3a0
proj186:3271615:3271703 [1] NCCL INFO recvOpId=0x7fe7d21cb3a0 matches expected opId=0x7fe7d21cb3a0
proj186:3271615:3271703 [1] NCCL INFO Connection to proxy localRank 1 -> connection 0x7fe7c8003330
proj186:3271615:3271704 [1] NCCL INFO Received and initiated operation=Init res=0
proj186:3271614:3271705 [0] NCCL INFO transport/p2p.cc:204 Cuda Alloc Size 6291456 pointer 0x7f8ce1800000
proj186:3271614:3271705 [0] NCCL INFO Allocated shareable buffer 0x7f8ce1800000 size 6291456 ipcDesc 0x7f8cf40091e0
proj186:3271614:3271705 [0] NCCL INFO proxyProgressAsync opId=0x7f8ce61cb3a0 op.type=3 op.reqBuff=0x7f8cf4009170 op.respSize=80 done
proj186:3271614:3271702 [0] NCCL INFO ncclPollProxyResponse Received new opId=0x7f8ce61cb3a0
proj186:3271614:3271705 [0] NCCL INFO Received and initiated operation=Setup res=0
proj186:3271614:3271702 [0] NCCL INFO recvOpId=0x7f8ce61cb3a0 matches expected opId=0x7f8ce61cb3a0
proj186:3271615:3271704 [1] NCCL INFO transport/p2p.cc:204 Cuda Alloc Size 6291456 pointer 0x7fe7c4600000
proj186:3271615:3271704 [1] NCCL INFO Allocated shareable buffer 0x7fe7c4600000 size 6291456 ipcDesc 0x7fe7c800afc0
proj186:3271615:3271704 [1] NCCL INFO proxyProgressAsync opId=0x7fe7d21cb3a0 op.type=3 op.reqBuff=0x7fe7c800af50 op.respSize=80 done
proj186:3271614:3271705 [0] NCCL INFO New proxy recv connection 5 from local rank 0, transport 0
proj186:3271614:3271705 [0] NCCL INFO proxyProgressAsync opId=0x7f8ce61cb3a0 op.type=1 op.reqBuff=0x7f8cf4009170 op.respSize=16 done
proj186:3271614:3271702 [0] NCCL INFO ncclPollProxyResponse Received new opId=0x7f8ce61cb3a0
proj186:3271615:3271703 [1] NCCL INFO ncclPollProxyResponse Received new opId=0x7fe7d21cb3a0
proj186:3271614:3271702 [0] NCCL INFO recvOpId=0x7f8ce61cb3a0 matches expected opId=0x7f8ce61cb3a0
proj186:3271615:3271703 [1] NCCL INFO recvOpId=0x7fe7d21cb3a0 matches expected opId=0x7fe7d21cb3a0
proj186:3271614:3271702 [0] NCCL INFO Connection to proxy localRank 0 -> connection 0x7f8cf40032f0
proj186:3271614:3271705 [0] NCCL INFO Received and initiated operation=Init res=0
proj186:3271615:3271704 [1] NCCL INFO Received and initiated operation=Setup res=0
proj186:3271615:3271704 [1] NCCL INFO New proxy recv connection 7 from local rank 1, transport 0
proj186:3271615:3271704 [1] NCCL INFO proxyProgressAsync opId=0x7fe7d21cb3a0 op.type=1 op.reqBuff=0x7fe7c800af50 op.respSize=16 done
proj186:3271615:3271703 [1] NCCL INFO ncclPollProxyResponse Received new opId=0x7fe7d21cb3a0
proj186:3271615:3271703 [1] NCCL INFO recvOpId=0x7fe7d21cb3a0 matches expected opId=0x7fe7d21cb3a0
proj186:3271615:3271704 [1] NCCL INFO Received and initiated operation=Init res=0
proj186:3271615:3271703 [1] NCCL INFO Connection to proxy localRank 1 -> connection 0x7fe7c8003380
proj186:3271614:3271705 [0] NCCL INFO transport/p2p.cc:204 Cuda Alloc Size 6291456 pointer 0x7f8cde000000
proj186:3271614:3271705 [0] NCCL INFO Allocated shareable buffer 0x7f8cde000000 size 6291456 ipcDesc 0x7f8cf4009eb0
proj186:3271614:3271705 [0] NCCL INFO proxyProgressAsync opId=0x7f8ce61cb3a0 op.type=3 op.reqBuff=0x7f8cf4009e40 op.respSize=80 done
proj186:3271614:3271702 [0] NCCL INFO ncclPollProxyResponse Received new opId=0x7f8ce61cb3a0
proj186:3271614:3271702 [0] NCCL INFO recvOpId=0x7f8ce61cb3a0 matches expected opId=0x7f8ce61cb3a0
proj186:3271614:3271705 [0] NCCL INFO Received and initiated operation=Setup res=0
proj186:3271615:3271704 [1] NCCL INFO transport/p2p.cc:204 Cuda Alloc Size 6291456 pointer 0x7fe7c4c00000
proj186:3271615:3271704 [1] NCCL INFO Allocated shareable buffer 0x7fe7c4c00000 size 6291456 ipcDesc 0x7fe7c800bc50
proj186:3271615:3271704 [1] NCCL INFO proxyProgressAsync opId=0x7fe7d21cb3a0 op.type=3 op.reqBuff=0x7fe7c800bc20 op.respSize=80 done
proj186:3271614:3271705 [0] NCCL INFO New proxy recv connection 6 from local rank 0, transport 0
proj186:3271614:3271705 [0] NCCL INFO proxyProgressAsync opId=0x7f8ce61cb3a0 op.type=1 op.reqBuff=0x7f8cf4009e40 op.respSize=16 done
proj186:3271615:3271703 [1] NCCL INFO ncclPollProxyResponse Received new opId=0x7fe7d21cb3a0
proj186:3271614:3271702 [0] NCCL INFO ncclPollProxyResponse Received new opId=0x7f8ce61cb3a0
proj186:3271615:3271703 [1] NCCL INFO recvOpId=0x7fe7d21cb3a0 matches expected opId=0x7fe7d21cb3a0
proj186:3271615:3271704 [1] NCCL INFO Received and initiated operation=Setup res=0
proj186:3271614:3271702 [0] NCCL INFO recvOpId=0x7f8ce61cb3a0 matches expected opId=0x7f8ce61cb3a0
proj186:3271614:3271702 [0] NCCL INFO Connection to proxy localRank 0 -> connection 0x7f8cf4003340
proj186:3271614:3271705 [0] NCCL INFO Received and initiated operation=Init res=0
proj186:3271615:3271704 [1] NCCL INFO New proxy recv connection 8 from local rank 1, transport 0
proj186:3271615:3271704 [1] NCCL INFO proxyProgressAsync opId=0x7fe7d21cb3a0 op.type=1 op.reqBuff=0x7fe7c800bc20 op.respSize=16 done
proj186:3271615:3271703 [1] NCCL INFO ncclPollProxyResponse Received new opId=0x7fe7d21cb3a0
proj186:3271615:3271703 [1] NCCL INFO recvOpId=0x7fe7d21cb3a0 matches expected opId=0x7fe7d21cb3a0
proj186:3271615:3271703 [1] NCCL INFO Connection to proxy localRank 1 -> connection 0x7fe7c80033d0
proj186:3271615:3271704 [1] NCCL INFO Received and initiated operation=Init res=0
proj186:3271614:3271705 [0] NCCL INFO transport/p2p.cc:204 Cuda Alloc Size 6291456 pointer 0x7f8cde600000
proj186:3271614:3271705 [0] NCCL INFO Allocated shareable buffer 0x7f8cde600000 size 6291456 ipcDesc 0x7f8cf400af30
proj186:3271614:3271705 [0] NCCL INFO proxyProgressAsync opId=0x7f8ce61cb3a0 op.type=3 op.reqBuff=0x7f8cf400aec0 op.respSize=80 done
proj186:3271614:3271702 [0] NCCL INFO ncclPollProxyResponse Received new opId=0x7f8ce61cb3a0
proj186:3271614:3271702 [0] NCCL INFO recvOpId=0x7f8ce61cb3a0 matches expected opId=0x7f8ce61cb3a0
proj186:3271614:3271705 [0] NCCL INFO Received and initiated operation=Setup res=0
proj186:3271615:3271704 [1] NCCL INFO transport/p2p.cc:204 Cuda Alloc Size 6291456 pointer 0x7fe7c5200000
proj186:3271615:3271704 [1] NCCL INFO Allocated shareable buffer 0x7fe7c5200000 size 6291456 ipcDesc 0x7fe7c800bc50
proj186:3271615:3271704 [1] NCCL INFO proxyProgressAsync opId=0x7fe7d21cb3a0 op.type=3 op.reqBuff=0x7fe7c800c860 op.respSize=80 done
proj186:3271614:3271705 [0] NCCL INFO New proxy recv connection 7 from local rank 0, transport 0
proj186:3271614:3271705 [0] NCCL INFO proxyProgressAsync opId=0x7f8ce61cb3a0 op.type=1 op.reqBuff=0x7f8cf400aec0 op.respSize=16 done
proj186:3271615:3271703 [1] NCCL INFO ncclPollProxyResponse Received new opId=0x7fe7d21cb3a0
proj186:3271614:3271702 [0] NCCL INFO ncclPollProxyResponse Received new opId=0x7f8ce61cb3a0
proj186:3271615:3271703 [1] NCCL INFO recvOpId=0x7fe7d21cb3a0 matches expected opId=0x7fe7d21cb3a0
proj186:3271615:3271704 [1] NCCL INFO Received and initiated operation=Setup res=0
proj186:3271614:3271702 [0] NCCL INFO recvOpId=0x7f8ce61cb3a0 matches expected opId=0x7f8ce61cb3a0
proj186:3271614:3271702 [0] NCCL INFO Connection to proxy localRank 0 -> connection 0x7f8cf4003390
proj186:3271614:3271705 [0] NCCL INFO Received and initiated operation=Init res=0
proj186:3271615:3271704 [1] NCCL INFO New proxy recv connection 9 from local rank 1, transport 0
proj186:3271615:3271704 [1] NCCL INFO proxyProgressAsync opId=0x7fe7d21cb3a0 op.type=1 op.reqBuff=0x7fe7c800c860 op.respSize=16 done
proj186:3271615:3271703 [1] NCCL INFO ncclPollProxyResponse Received new opId=0x7fe7d21cb3a0
proj186:3271615:3271703 [1] NCCL INFO recvOpId=0x7fe7d21cb3a0 matches expected opId=0x7fe7d21cb3a0
proj186:3271615:3271703 [1] NCCL INFO Connection to proxy localRank 1 -> connection 0x7fe7c8003420
proj186:3271615:3271704 [1] NCCL INFO Received and initiated operation=Init res=0
proj186:3271614:3271705 [0] NCCL INFO transport/p2p.cc:204 Cuda Alloc Size 6291456 pointer 0x7f8cdec00000
proj186:3271614:3271705 [0] NCCL INFO Allocated shareable buffer 0x7f8cdec00000 size 6291456 ipcDesc 0x7f8cf400bbc0
proj186:3271614:3271705 [0] NCCL INFO proxyProgressAsync opId=0x7f8ce61cb3a0 op.type=3 op.reqBuff=0x7f8cf400bb90 op.respSize=80 done
proj186:3271614:3271702 [0] NCCL INFO ncclPollProxyResponse Received new opId=0x7f8ce61cb3a0
proj186:3271614:3271702 [0] NCCL INFO recvOpId=0x7f8ce61cb3a0 matches expected opId=0x7f8ce61cb3a0
proj186:3271614:3271705 [0] NCCL INFO Received and initiated operation=Setup res=0
proj186:3271615:3271704 [1] NCCL INFO transport/p2p.cc:204 Cuda Alloc Size 6291456 pointer 0x7fe7c5800000
proj186:3271615:3271704 [1] NCCL INFO Allocated shareable buffer 0x7fe7c5800000 size 6291456 ipcDesc 0x7fe7c800bc50
proj186:3271615:3271704 [1] NCCL INFO proxyProgressAsync opId=0x7fe7d21cb3a0 op.type=3 op.reqBuff=0x7fe7c800d440 op.respSize=80 done
proj186:3271614:3271705 [0] NCCL INFO New proxy recv connection 8 from local rank 0, transport 0
proj186:3271615:3271703 [1] NCCL INFO ncclPollProxyResponse Received new opId=0x7fe7d21cb3a0
proj186:3271614:3271705 [0] NCCL INFO proxyProgressAsync opId=0x7f8ce61cb3a0 op.type=1 op.reqBuff=0x7f8cf400bb90 op.respSize=16 done
proj186:3271614:3271702 [0] NCCL INFO ncclPollProxyResponse Received new opId=0x7f8ce61cb3a0
proj186:3271615:3271703 [1] NCCL INFO recvOpId=0x7fe7d21cb3a0 matches expected opId=0x7fe7d21cb3a0
proj186:3271615:3271704 [1] NCCL INFO Received and initiated operation=Setup res=0
proj186:3271614:3271702 [0] NCCL INFO recvOpId=0x7f8ce61cb3a0 matches expected opId=0x7f8ce61cb3a0
proj186:3271614:3271702 [0] NCCL INFO Connection to proxy localRank 0 -> connection 0x7f8cf40033e0
proj186:3271614:3271705 [0] NCCL INFO Received and initiated operation=Init res=0
proj186:3271615:3271704 [1] NCCL INFO New proxy recv connection 10 from local rank 1, transport 0
proj186:3271615:3271704 [1] NCCL INFO proxyProgressAsync opId=0x7fe7d21cb3a0 op.type=1 op.reqBuff=0x7fe7c800d440 op.respSize=16 done
proj186:3271615:3271703 [1] NCCL INFO ncclPollProxyResponse Received new opId=0x7fe7d21cb3a0
proj186:3271615:3271704 [1] NCCL INFO Received and initiated operation=Init res=0
proj186:3271615:3271703 [1] NCCL INFO recvOpId=0x7fe7d21cb3a0 matches expected opId=0x7fe7d21cb3a0
proj186:3271615:3271703 [1] NCCL INFO Connection to proxy localRank 1 -> connection 0x7fe7c8003470
proj186:3271614:3271705 [0] NCCL INFO transport/p2p.cc:204 Cuda Alloc Size 6291456 pointer 0x7f8cdf200000
proj186:3271614:3271705 [0] NCCL INFO Allocated shareable buffer 0x7f8cdf200000 size 6291456 ipcDesc 0x7f8cf400bbc0
proj186:3271614:3271705 [0] NCCL INFO proxyProgressAsync opId=0x7f8ce61cb3a0 op.type=3 op.reqBuff=0x7f8cf400c7d0 op.respSize=80 done
proj186:3271614:3271702 [0] NCCL INFO ncclPollProxyResponse Received new opId=0x7f8ce61cb3a0
proj186:3271614:3271702 [0] NCCL INFO recvOpId=0x7f8ce61cb3a0 matches expected opId=0x7f8ce61cb3a0
proj186:3271614:3271705 [0] NCCL INFO Received and initiated operation=Setup res=0
proj186:3271615:3271704 [1] NCCL INFO transport/p2p.cc:204 Cuda Alloc Size 6291456 pointer 0x7fe7c2000000
proj186:3271615:3271704 [1] NCCL INFO Allocated shareable buffer 0x7fe7c2000000 size 6291456 ipcDesc 0x7fe7c800bc50
proj186:3271614:3271705 [0] NCCL INFO New proxy recv connection 9 from local rank 0, transport 0
proj186:3271615:3271704 [1] NCCL INFO proxyProgressAsync opId=0x7fe7d21cb3a0 op.type=3 op.reqBuff=0x7fe7c800e020 op.respSize=80 done
proj186:3271614:3271705 [0] NCCL INFO proxyProgressAsync opId=0x7f8ce61cb3a0 op.type=1 op.reqBuff=0x7f8cf400c7d0 op.respSize=16 done
proj186:3271614:3271702 [0] NCCL INFO ncclPollProxyResponse Received new opId=0x7f8ce61cb3a0
proj186:3271615:3271703 [1] NCCL INFO ncclPollProxyResponse Received new opId=0x7fe7d21cb3a0
proj186:3271614:3271702 [0] NCCL INFO recvOpId=0x7f8ce61cb3a0 matches expected opId=0x7f8ce61cb3a0
proj186:3271614:3271702 [0] NCCL INFO Connection to proxy localRank 0 -> connection 0x7f8cf4003430
proj186:3271614:3271705 [0] NCCL INFO Received and initiated operation=Init res=0
proj186:3271615:3271704 [1] NCCL INFO Received and initiated operation=Setup res=0
proj186:3271615:3271703 [1] NCCL INFO recvOpId=0x7fe7d21cb3a0 matches expected opId=0x7fe7d21cb3a0
proj186:3271615:3271704 [1] NCCL INFO New proxy recv connection 11 from local rank 1, transport 0
proj186:3271615:3271704 [1] NCCL INFO proxyProgressAsync opId=0x7fe7d21cb3a0 op.type=1 op.reqBuff=0x7fe7c800e020 op.respSize=16 done
proj186:3271615:3271703 [1] NCCL INFO ncclPollProxyResponse Received new opId=0x7fe7d21cb3a0
proj186:3271615:3271703 [1] NCCL INFO recvOpId=0x7fe7d21cb3a0 matches expected opId=0x7fe7d21cb3a0
proj186:3271615:3271703 [1] NCCL INFO Connection to proxy localRank 1 -> connection 0x7fe7c80034c0
