n232-194-226:234885:234904 [1] NCCL INFO Imported shareable buffer device 1 size 2097152 ptr 0x7f380ea00000
n232-194-226:234886:234902 [2] NCCL INFO Imported shareable buffer device 2 size 10485760 ptr 0x7f1368c00000
n232-194-226:234884:234901 [0] NCCL INFO Imported shareable buffer device 0 size 2097152 ptr 0x7f64f8a00000
n232-194-226:234887:234903 [3] NCCL INFO Imported shareable buffer device 3 size 2097152 ptr 0x7f72aaa00000
n232-194-226:234885:234904 [1] NCCL INFO Imported shareable buffer device 1 size 10485760 ptr 0x7f380ec00000
n232-194-226:234886:234902 [2] NCCL INFO Imported shareable buffer device 2 size 2097152 ptr 0x7f1369600000
n232-194-226:234886:234902 [2] NCCL INFO Connected all rings
n232-194-226:234886:234933 [2] NCCL INFO New proxy recv connection 32 from local rank 2, transport 0
n232-194-226:234886:234933 [2] NCCL INFO proxyProgressAsync opId=0x7f138ebbc360 op.type=1 op.reqBuff=0x7f138001fba0 op.respSize=16 done
n232-194-226:234886:234902 [2] NCCL INFO ncclPollProxyResponse Received new opId=0x7f138ebbc360
n232-194-226:234886:234933 [2] NCCL INFO Received and initiated operation=Init res=0
n232-194-226:234886:234902 [2] NCCL INFO recvOpId=0x7f138ebbc360 matches expected opId=0x7f138ebbc360
n232-194-226:234886:234902 [2] NCCL INFO Connection to proxy localRank 2 -> connection 0x7f1380003b50
n232-194-226:234884:234901 [0] NCCL INFO Imported shareable buffer device 0 size 10485760 ptr 0x7f64f8c00000
n232-194-226:234887:234903 [3] NCCL INFO Imported shareable buffer device 3 size 10485760 ptr 0x7f72aac00000
n232-194-226:234885:234904 [1] NCCL INFO Imported shareable buffer device 1 size 2097152 ptr 0x7f380f600000
n232-194-226:234885:234904 [1] NCCL INFO Connected all rings
n232-194-226:234885:234935 [1] NCCL INFO New proxy recv connection 32 from local rank 1, transport 0
n232-194-226:234885:234935 [1] NCCL INFO proxyProgressAsync opId=0x7f3832bbc500 op.type=1 op.reqBuff=0x7f382801fd80 op.respSize=16 done
n232-194-226:234885:234904 [1] NCCL INFO ncclPollProxyResponse Received new opId=0x7f3832bbc500
n232-194-226:234885:234935 [1] NCCL INFO Received and initiated operation=Init res=0
n232-194-226:234885:234904 [1] NCCL INFO recvOpId=0x7f3832bbc500 matches expected opId=0x7f3832bbc500
n232-194-226:234885:234904 [1] NCCL INFO Connection to proxy localRank 1 -> connection 0x7f3828003b50
n232-194-226:234884:234901 [0] NCCL INFO Imported shareable buffer device 0 size 2097152 ptr 0x7f64f9600000
n232-194-226:234886:234933 [2] NCCL INFO transport/p2p.cc:204 Cuda Alloc Size 10485760 pointer 0x7f1366000000
n232-194-226:234887:234903 [3] NCCL INFO Imported shareable buffer device 3 size 2097152 ptr 0x7f72ab600000
n232-194-226:234886:234933 [2] NCCL INFO Allocated shareable buffer 0x7f1366000000 size 10485760 ipcDesc 0x7f138000f1c0
n232-194-226:234886:234933 [2] NCCL INFO proxyProgressAsync opId=0x7f138ebbc360 op.type=3 op.reqBuff=0x7f1380021750 op.respSize=80 done
n232-194-226:234884:234901 [0] NCCL INFO Imported shareable buffer device 0 size 10485760 ptr 0x7f64f6000000
n232-194-226:234886:234902 [2] NCCL INFO ncclPollProxyResponse Received new opId=0x7f138ebbc360
n232-194-226:234886:234933 [2] NCCL INFO Received and initiated operation=Setup res=0
n232-194-226:234886:234902 [2] NCCL INFO recvOpId=0x7f138ebbc360 matches expected opId=0x7f138ebbc360
n232-194-226:234886:234933 [2] NCCL INFO New proxy recv connection 33 from local rank 2, transport 0
n232-194-226:234886:234933 [2] NCCL INFO proxyProgressAsync opId=0x7f138ebbc360 op.type=1 op.reqBuff=0x7f1380021750 op.respSize=16 done
n232-194-226:234886:234902 [2] NCCL INFO ncclPollProxyResponse Received new opId=0x7f138ebbc360
n232-194-226:234886:234902 [2] NCCL INFO recvOpId=0x7f138ebbc360 matches expected opId=0x7f138ebbc360
n232-194-226:234886:234933 [2] NCCL INFO Received and initiated operation=Init res=0
n232-194-226:234886:234902 [2] NCCL INFO Connection to proxy localRank 2 -> connection 0x7f1380003ba0
n232-194-226:234885:234935 [1] NCCL INFO transport/p2p.cc:204 Cuda Alloc Size 10485760 pointer 0x7f380c000000
n232-194-226:234887:234903 [3] NCCL INFO Imported shareable buffer device 3 size 10485760 ptr 0x7f72a8000000
n232-194-226:234885:234935 [1] NCCL INFO Allocated shareable buffer 0x7f380c000000 size 10485760 ipcDesc 0x7f382800f1c0
n232-194-226:234885:234935 [1] NCCL INFO proxyProgressAsync opId=0x7f3832bbc500 op.type=3 op.reqBuff=0x7f3828021930 op.respSize=80 done
n232-194-226:234884:234901 [0] NCCL INFO Imported shareable buffer device 0 size 2097152 ptr 0x7f64f6a00000
n232-194-226:234885:234904 [1] NCCL INFO ncclPollProxyResponse Received new opId=0x7f3832bbc500
n232-194-226:234885:234935 [1] NCCL INFO Received and initiated operation=Setup res=0
n232-194-226:234885:234904 [1] NCCL INFO recvOpId=0x7f3832bbc500 matches expected opId=0x7f3832bbc500
n232-194-226:234885:234935 [1] NCCL INFO New proxy recv connection 33 from local rank 1, transport 0
n232-194-226:234885:234935 [1] NCCL INFO proxyProgressAsync opId=0x7f3832bbc500 op.type=1 op.reqBuff=0x7f3828021930 op.respSize=16 done
n232-194-226:234885:234904 [1] NCCL INFO ncclPollProxyResponse Received new opId=0x7f3832bbc500
n232-194-226:234885:234935 [1] NCCL INFO Received and initiated operation=Init res=0
n232-194-226:234885:234904 [1] NCCL INFO recvOpId=0x7f3832bbc500 matches expected opId=0x7f3832bbc500
n232-194-226:234885:234904 [1] NCCL INFO Connection to proxy localRank 1 -> connection 0x7f3828003ba0
n232-194-226:234886:234933 [2] NCCL INFO transport/p2p.cc:204 Cuda Alloc Size 10485760 pointer 0x7f1366a00000
n232-194-226:234887:234903 [3] NCCL INFO Imported shareable buffer device 3 size 2097152 ptr 0x7f72a8a00000
n232-194-226:234884:234901 [0] NCCL INFO Imported shareable buffer device 0 size 10485760 ptr 0x7f64f6c00000
n232-194-226:234886:234933 [2] NCCL INFO Allocated shareable buffer 0x7f1366a00000 size 10485760 ipcDesc 0x7f138000f1c0
n232-194-226:234886:234933 [2] NCCL INFO proxyProgressAsync opId=0x7f138ebbc360 op.type=3 op.reqBuff=0x7f1380021790 op.respSize=80 done
n232-194-226:234886:234902 [2] NCCL INFO ncclPollProxyResponse Received new opId=0x7f138ebbc360
n232-194-226:234886:234933 [2] NCCL INFO Received and initiated operation=Setup res=0
n232-194-226:234886:234902 [2] NCCL INFO recvOpId=0x7f138ebbc360 matches expected opId=0x7f138ebbc360
n232-194-226:234886:234933 [2] NCCL INFO New proxy recv connection 34 from local rank 2, transport 0
n232-194-226:234886:234933 [2] NCCL INFO proxyProgressAsync opId=0x7f138ebbc360 op.type=1 op.reqBuff=0x7f1380021790 op.respSize=16 done
n232-194-226:234886:234902 [2] NCCL INFO ncclPollProxyResponse Received new opId=0x7f138ebbc360
n232-194-226:234886:234902 [2] NCCL INFO recvOpId=0x7f138ebbc360 matches expected opId=0x7f138ebbc360
n232-194-226:234886:234933 [2] NCCL INFO Received and initiated operation=Init res=0
n232-194-226:234886:234902 [2] NCCL INFO Connection to proxy localRank 2 -> connection 0x7f1380003bf0
n232-194-226:234885:234935 [1] NCCL INFO transport/p2p.cc:204 Cuda Alloc Size 10485760 pointer 0x7f380ca00000
n232-194-226:234887:234903 [3] NCCL INFO Imported shareable buffer device 3 size 10485760 ptr 0x7f72a8c00000
n232-194-226:234885:234935 [1] NCCL INFO Allocated shareable buffer 0x7f380ca00000 size 10485760 ipcDesc 0x7f382800f1c0
n232-194-226:234885:234935 [1] NCCL INFO proxyProgressAsync opId=0x7f3832bbc500 op.type=3 op.reqBuff=0x7f3828021970 op.respSize=80 done
n232-194-226:234884:234901 [0] NCCL INFO Imported shareable buffer device 0 size 2097152 ptr 0x7f64f7600000
n232-194-226:234885:234904 [1] NCCL INFO ncclPollProxyResponse Received new opId=0x7f3832bbc500
n232-194-226:234885:234935 [1] NCCL INFO Received and initiated operation=Setup res=0
n232-194-226:234885:234904 [1] NCCL INFO recvOpId=0x7f3832bbc500 matches expected opId=0x7f3832bbc500
n232-194-226:234885:234935 [1] NCCL INFO New proxy recv connection 34 from local rank 1, transport 0
n232-194-226:234885:234935 [1] NCCL INFO proxyProgressAsync opId=0x7f3832bbc500 op.type=1 op.reqBuff=0x7f3828021970 op.respSize=16 done
n232-194-226:234885:234904 [1] NCCL INFO ncclPollProxyResponse Received new opId=0x7f3832bbc500
n232-194-226:234885:234904 [1] NCCL INFO recvOpId=0x7f3832bbc500 matches expected opId=0x7f3832bbc500
n232-194-226:234885:234904 [1] NCCL INFO Connection to proxy localRank 1 -> connection 0x7f3828003bf0
n232-194-226:234885:234935 [1] NCCL INFO Received and initiated operation=Init res=0
n232-194-226:234884:234901 [0] NCCL INFO Connected all rings
n232-194-226:234884:234936 [0] NCCL INFO New proxy recv connection 32 from local rank 0, transport 0
n232-194-226:234884:234936 [0] NCCL INFO proxyProgressAsync opId=0x7f6516bbc360 op.type=1 op.reqBuff=0x7f655401f970 op.respSize=16 done
n232-194-226:234884:234901 [0] NCCL INFO ncclPollProxyResponse Received new opId=0x7f6516bbc360
n232-194-226:234884:234936 [0] NCCL INFO Received and initiated operation=Init res=0
n232-194-226:234884:234901 [0] NCCL INFO recvOpId=0x7f6516bbc360 matches expected opId=0x7f6516bbc360
n232-194-226:234884:234901 [0] NCCL INFO Connection to proxy localRank 0 -> connection 0x7f6554003be0
n232-194-226:234886:234933 [2] NCCL INFO transport/p2p.cc:204 Cuda Alloc Size 10485760 pointer 0x7f1367400000
n232-194-226:234887:234903 [3] NCCL INFO Imported shareable buffer device 3 size 2097152 ptr 0x7f72a9600000
n232-194-226:234886:234933 [2] NCCL INFO Allocated shareable buffer 0x7f1367400000 size 10485760 ipcDesc 0x7f138000f1c0
n232-194-226:234886:234933 [2] NCCL INFO proxyProgressAsync opId=0x7f138ebbc360 op.type=3 op.reqBuff=0x7f1380023340 op.respSize=80 done
n232-194-226:234886:234902 [2] NCCL INFO ncclPollProxyResponse Received new opId=0x7f138ebbc360
n232-194-226:234886:234902 [2] NCCL INFO recvOpId=0x7f138ebbc360 matches expected opId=0x7f138ebbc360
n232-194-226:234886:234933 [2] NCCL INFO Received and initiated operation=Setup res=0
n232-194-226:234886:234933 [2] NCCL INFO New proxy recv connection 35 from local rank 2, transport 0
n232-194-226:234886:234933 [2] NCCL INFO proxyProgressAsync opId=0x7f138ebbc360 op.type=1 op.reqBuff=0x7f1380023340 op.respSize=16 done
n232-194-226:234886:234902 [2] NCCL INFO ncclPollProxyResponse Received new opId=0x7f138ebbc360
n232-194-226:234887:234903 [3] NCCL INFO Connected all rings
n232-194-226:234886:234933 [2] NCCL INFO Received and initiated operation=Init res=0
n232-194-226:234886:234902 [2] NCCL INFO recvOpId=0x7f138ebbc360 matches expected opId=0x7f138ebbc360
n232-194-226:234886:234902 [2] NCCL INFO Connection to proxy localRank 2 -> connection 0x7f1380003c40
n232-194-226:234887:234903 [3] NCCL INFO Channel 00/0 : 3[3] -> 2[2] via P2P/IPC
n232-194-226:234885:234935 [1] NCCL INFO transport/p2p.cc:204 Cuda Alloc Size 10485760 pointer 0x7f380d400000
n232-194-226:234887:234934 [3] NCCL INFO New proxy send connection 32 from local rank 3, transport 0
n232-194-226:234887:234934 [3] NCCL INFO proxyProgressAsync opId=0x7f72cebbc360 op.type=1 op.reqBuff=0x7f72c001fba0 op.respSize=16 done
n232-194-226:234885:234935 [1] NCCL INFO Allocated shareable buffer 0x7f380d400000 size 10485760 ipcDesc 0x7f382800f1c0
n232-194-226:234885:234935 [1] NCCL INFO proxyProgressAsync opId=0x7f3832bbc500 op.type=3 op.reqBuff=0x7f3828023520 op.respSize=80 done
n232-194-226:234887:234903 [3] NCCL INFO ncclPollProxyResponse Received new opId=0x7f72cebbc360
n232-194-226:234887:234934 [3] NCCL INFO Received and initiated operation=Init res=0
n232-194-226:234885:234904 [1] NCCL INFO ncclPollProxyResponse Received new opId=0x7f3832bbc500
n232-194-226:234887:234903 [3] NCCL INFO recvOpId=0x7f72cebbc360 matches expected opId=0x7f72cebbc360
n232-194-226:234885:234935 [1] NCCL INFO Received and initiated operation=Setup res=0
n232-194-226:234887:234903 [3] NCCL INFO Connection to proxy localRank 3 -> connection 0x7f72c0003b50
n232-194-226:234885:234904 [1] NCCL INFO recvOpId=0x7f3832bbc500 matches expected opId=0x7f3832bbc500
n232-194-226:234885:234935 [1] NCCL INFO New proxy recv connection 35 from local rank 1, transport 0
n232-194-226:234885:234935 [1] NCCL INFO proxyProgressAsync opId=0x7f3832bbc500 op.type=1 op.reqBuff=0x7f3828023520 op.respSize=16 done
n232-194-226:234885:234904 [1] NCCL INFO ncclPollProxyResponse Received new opId=0x7f3832bbc500
n232-194-226:234885:234935 [1] NCCL INFO Received and initiated operation=Init res=0
n232-194-226:234885:234904 [1] NCCL INFO recvOpId=0x7f3832bbc500 matches expected opId=0x7f3832bbc500
n232-194-226:234885:234904 [1] NCCL INFO Connection to proxy localRank 1 -> connection 0x7f3828003c40
n232-194-226:234886:234933 [2] NCCL INFO transport/p2p.cc:204 Cuda Alloc Size 10485760 pointer 0x7f1364000000
n232-194-226:234886:234933 [2] NCCL INFO Allocated shareable buffer 0x7f1364000000 size 10485760 ipcDesc 0x7f138000f1c0
n232-194-226:234886:234933 [2] NCCL INFO proxyProgressAsync opId=0x7f138ebbc360 op.type=3 op.reqBuff=0x7f1380023380 op.respSize=80 done
n232-194-226:234884:234936 [0] NCCL INFO transport/p2p.cc:204 Cuda Alloc Size 10485760 pointer 0x7f64f4000000
n232-194-226:234886:234902 [2] NCCL INFO ncclPollProxyResponse Received new opId=0x7f138ebbc360
n232-194-226:234886:234902 [2] NCCL INFO recvOpId=0x7f138ebbc360 matches expected opId=0x7f138ebbc360
n232-194-226:234886:234933 [2] NCCL INFO Received and initiated operation=Setup res=0
n232-194-226:234884:234936 [0] NCCL INFO Allocated shareable buffer 0x7f64f4000000 size 10485760 ipcDesc 0x7f655400f170
n232-194-226:234884:234936 [0] NCCL INFO proxyProgressAsync opId=0x7f6516bbc360 op.type=3 op.reqBuff=0x7f6554021520 op.respSize=80 done
n232-194-226:234884:234901 [0] NCCL INFO ncclPollProxyResponse Received new opId=0x7f6516bbc360
n232-194-226:234884:234936 [0] NCCL INFO Received and initiated operation=Setup res=0
n232-194-226:234884:234901 [0] NCCL INFO recvOpId=0x7f6516bbc360 matches expected opId=0x7f6516bbc360
n232-194-226:234886:234933 [2] NCCL INFO New proxy recv connection 36 from local rank 2, transport 0
n232-194-226:234886:234933 [2] NCCL INFO proxyProgressAsync opId=0x7f138ebbc360 op.type=1 op.reqBuff=0x7f1380023380 op.respSize=16 done
n232-194-226:234886:234902 [2] NCCL INFO ncclPollProxyResponse Received new opId=0x7f138ebbc360
n232-194-226:234886:234902 [2] NCCL INFO recvOpId=0x7f138ebbc360 matches expected opId=0x7f138ebbc360
n232-194-226:234886:234933 [2] NCCL INFO Received and initiated operation=Init res=0
n232-194-226:234886:234902 [2] NCCL INFO Connection to proxy localRank 2 -> connection 0x7f1380003c90
n232-194-226:234884:234936 [0] NCCL INFO New proxy recv connection 33 from local rank 0, transport 0
n232-194-226:234884:234936 [0] NCCL INFO proxyProgressAsync opId=0x7f6516bbc360 op.type=1 op.reqBuff=0x7f6554021520 op.respSize=16 done
n232-194-226:234884:234901 [0] NCCL INFO ncclPollProxyResponse Received new opId=0x7f6516bbc360
n232-194-226:234884:234901 [0] NCCL INFO recvOpId=0x7f6516bbc360 matches expected opId=0x7f6516bbc360
n232-194-226:234884:234901 [0] NCCL INFO Connection to proxy localRank 0 -> connection 0x7f6554003c30
n232-194-226:234884:234936 [0] NCCL INFO Received and initiated operation=Init res=0
n232-194-226:234885:234935 [1] NCCL INFO transport/p2p.cc:204 Cuda Alloc Size 10485760 pointer 0x7f380a000000
n232-194-226:234885:234935 [1] NCCL INFO Allocated shareable buffer 0x7f380a000000 size 10485760 ipcDesc 0x7f382800f1c0
n232-194-226:234885:234935 [1] NCCL INFO proxyProgressAsync opId=0x7f3832bbc500 op.type=3 op.reqBuff=0x7f3828023560 op.respSize=80 done
n232-194-226:234885:234904 [1] NCCL INFO ncclPollProxyResponse Received new opId=0x7f3832bbc500
n232-194-226:234885:234904 [1] NCCL INFO recvOpId=0x7f3832bbc500 matches expected opId=0x7f3832bbc500
n232-194-226:234885:234935 [1] NCCL INFO Received and initiated operation=Setup res=0
n232-194-226:234885:234935 [1] NCCL INFO New proxy recv connection 36 from local rank 1, transport 0
n232-194-226:234885:234935 [1] NCCL INFO proxyProgressAsync opId=0x7f3832bbc500 op.type=1 op.reqBuff=0x7f3828023560 op.respSize=16 done
n232-194-226:234885:234904 [1] NCCL INFO ncclPollProxyResponse Received new opId=0x7f3832bbc500
n232-194-226:234885:234935 [1] NCCL INFO Received and initiated operation=Init res=0
n232-194-226:234885:234904 [1] NCCL INFO recvOpId=0x7f3832bbc500 matches expected opId=0x7f3832bbc500
n232-194-226:234885:234904 [1] NCCL INFO Connection to proxy localRank 1 -> connection 0x7f3828003c90
n232-194-226:234886:234933 [2] NCCL INFO transport/p2p.cc:204 Cuda Alloc Size 10485760 pointer 0x7f1364a00000
n232-194-226:234886:234933 [2] NCCL INFO Allocated shareable buffer 0x7f1364a00000 size 10485760 ipcDesc 0x7f138000f1c0
n232-194-226:234886:234933 [2] NCCL INFO proxyProgressAsync opId=0x7f138ebbc360 op.type=3 op.reqBuff=0x7f1380024b90 op.respSize=80 done
n232-194-226:234886:234902 [2] NCCL INFO ncclPollProxyResponse Received new opId=0x7f138ebbc360
n232-194-226:234886:234902 [2] NCCL INFO recvOpId=0x7f138ebbc360 matches expected opId=0x7f138ebbc360
n232-194-226:234886:234933 [2] NCCL INFO Received and initiated operation=Setup res=0
n232-194-226:234886:234933 [2] NCCL INFO New proxy recv connection 37 from local rank 2, transport 0
n232-194-226:234886:234933 [2] NCCL INFO proxyProgressAsync opId=0x7f138ebbc360 op.type=1 op.reqBuff=0x7f1380024b90 op.respSize=16 done
n232-194-226:234886:234902 [2] NCCL INFO ncclPollProxyResponse Received new opId=0x7f138ebbc360
n232-194-226:234886:234933 [2] NCCL INFO Received and initiated operation=Init res=0
n232-194-226:234886:234902 [2] NCCL INFO recvOpId=0x7f138ebbc360 matches expected opId=0x7f138ebbc360
n232-194-226:234886:234902 [2] NCCL INFO Connection to proxy localRank 2 -> connection 0x7f1380003ce0
n232-194-226:234887:234934 [3] NCCL INFO transport/p2p.cc:204 Cuda Alloc Size 2097152 pointer 0x7f72a9800000
n232-194-226:234884:234936 [0] NCCL INFO transport/p2p.cc:204 Cuda Alloc Size 10485760 pointer 0x7f64f4a00000
n232-194-226:234884:234936 [0] NCCL INFO Allocated shareable buffer 0x7f64f4a00000 size 10485760 ipcDesc 0x7f655400f170
n232-194-226:234884:234936 [0] NCCL INFO proxyProgressAsync opId=0x7f6516bbc360 op.type=3 op.reqBuff=0x7f6554021560 op.respSize=80 done
n232-194-226:234887:234934 [3] NCCL INFO Allocated shareable buffer 0x7f72a9800000 size 2097152 ipcDesc 0x7f72c000f1c0
n232-194-226:234887:234934 [3] NCCL INFO proxyProgressAsync opId=0x7f72cebbc360 op.type=3 op.reqBuff=0x7f72c0021750 op.respSize=80 done
n232-194-226:234884:234901 [0] NCCL INFO ncclPollProxyResponse Received new opId=0x7f6516bbc360
n232-194-226:234884:234936 [0] NCCL INFO Received and initiated operation=Setup res=0
n232-194-226:234887:234903 [3] NCCL INFO ncclPollProxyResponse Received new opId=0x7f72cebbc360
n232-194-226:234884:234901 [0] NCCL INFO recvOpId=0x7f6516bbc360 matches expected opId=0x7f6516bbc360
n232-194-226:234887:234934 [3] NCCL INFO Received and initiated operation=Setup res=0
n232-194-226:234887:234903 [3] NCCL INFO recvOpId=0x7f72cebbc360 matches expected opId=0x7f72cebbc360
n232-194-226:234885:234935 [1] NCCL INFO transport/p2p.cc:204 Cuda Alloc Size 10485760 pointer 0x7f380aa00000
n232-194-226:234887:234903 [3] NCCL INFO Channel 01/0 : 3[3] -> 2[2] via P2P/IPC
n232-194-226:234885:234935 [1] NCCL INFO Allocated shareable buffer 0x7f380aa00000 size 10485760 ipcDesc 0x7f382800f1c0
n232-194-226:234884:234936 [0] NCCL INFO New proxy recv connection 34 from local rank 0, transport 0
n232-194-226:234884:234936 [0] NCCL INFO proxyProgressAsync opId=0x7f6516bbc360 op.type=1 op.reqBuff=0x7f6554021560 op.respSize=16 done
n232-194-226:234885:234935 [1] NCCL INFO proxyProgressAsync opId=0x7f3832bbc500 op.type=3 op.reqBuff=0x7f3828024d60 op.respSize=80 done
n232-194-226:234887:234934 [3] NCCL INFO New proxy send connection 33 from local rank 3, transport 0
n232-194-226:234887:234934 [3] NCCL INFO proxyProgressAsync opId=0x7f72cebbc360 op.type=1 op.reqBuff=0x7f72c0021750 op.respSize=16 done
n232-194-226:234884:234901 [0] NCCL INFO ncclPollProxyResponse Received new opId=0x7f6516bbc360
n232-194-226:234885:234904 [1] NCCL INFO ncclPollProxyResponse Received new opId=0x7f3832bbc500
n232-194-226:234884:234936 [0] NCCL INFO Received and initiated operation=Init res=0
n232-194-226:234887:234903 [3] NCCL INFO ncclPollProxyResponse Received new opId=0x7f72cebbc360
n232-194-226:234885:234935 [1] NCCL INFO Received and initiated operation=Setup res=0
n232-194-226:234884:234901 [0] NCCL INFO recvOpId=0x7f6516bbc360 matches expected opId=0x7f6516bbc360
n232-194-226:234887:234934 [3] NCCL INFO Received and initiated operation=Init res=0
n232-194-226:234884:234901 [0] NCCL INFO Connection to proxy localRank 0 -> connection 0x7f6554003c80
n232-194-226:234885:234904 [1] NCCL INFO recvOpId=0x7f3832bbc500 matches expected opId=0x7f3832bbc500
n232-194-226:234887:234903 [3] NCCL INFO recvOpId=0x7f72cebbc360 matches expected opId=0x7f72cebbc360
n232-194-226:234887:234903 [3] NCCL INFO Connection to proxy localRank 3 -> connection 0x7f72c0003ba0
n232-194-226:234885:234935 [1] NCCL INFO New proxy recv connection 37 from local rank 1, transport 0
n232-194-226:234885:234935 [1] NCCL INFO proxyProgressAsync opId=0x7f3832bbc500 op.type=1 op.reqBuff=0x7f3828024d60 op.respSize=16 done
n232-194-226:234885:234904 [1] NCCL INFO ncclPollProxyResponse Received new opId=0x7f3832bbc500
n232-194-226:234885:234935 [1] NCCL INFO Received and initiated operation=Init res=0
n232-194-226:234885:234904 [1] NCCL INFO recvOpId=0x7f3832bbc500 matches expected opId=0x7f3832bbc500
n232-194-226:234885:234904 [1] NCCL INFO Connection to proxy localRank 1 -> connection 0x7f3828003ce0
n232-194-226:234886:234933 [2] NCCL INFO transport/p2p.cc:204 Cuda Alloc Size 10485760 pointer 0x7f1365400000
n232-194-226:234886:234933 [2] NCCL INFO Allocated shareable buffer 0x7f1365400000 size 10485760 ipcDesc 0x7f138000f1c0
n232-194-226:234886:234933 [2] NCCL INFO proxyProgressAsync opId=0x7f138ebbc360 op.type=3 op.reqBuff=0x7f1380024bd0 op.respSize=80 done
n232-194-226:234886:234902 [2] NCCL INFO ncclPollProxyResponse Received new opId=0x7f138ebbc360
n232-194-226:234886:234902 [2] NCCL INFO recvOpId=0x7f138ebbc360 matches expected opId=0x7f138ebbc360
n232-194-226:234886:234933 [2] NCCL INFO Received and initiated operation=Setup res=0
n232-194-226:234886:234933 [2] NCCL INFO New proxy recv connection 38 from local rank 2, transport 0
n232-194-226:234886:234933 [2] NCCL INFO proxyProgressAsync opId=0x7f138ebbc360 op.type=1 op.reqBuff=0x7f1380024bd0 op.respSize=16 done
n232-194-226:234886:234902 [2] NCCL INFO ncclPollProxyResponse Received new opId=0x7f138ebbc360
n232-194-226:234886:234933 [2] NCCL INFO Received and initiated operation=Init res=0
n232-194-226:234886:234902 [2] NCCL INFO recvOpId=0x7f138ebbc360 matches expected opId=0x7f138ebbc360
n232-194-226:234886:234902 [2] NCCL INFO Connection to proxy localRank 2 -> connection 0x7f1380003d30
n232-194-226:234884:234936 [0] NCCL INFO transport/p2p.cc:204 Cuda Alloc Size 10485760 pointer 0x7f64f5400000
n232-194-226:234887:234934 [3] NCCL INFO transport/p2p.cc:204 Cuda Alloc Size 2097152 pointer 0x7f72a9a00000
n232-194-226:234884:234936 [0] NCCL INFO Allocated shareable buffer 0x7f64f5400000 size 10485760 ipcDesc 0x7f655400f170
n232-194-226:234887:234934 [3] NCCL INFO Allocated shareable buffer 0x7f72a9a00000 size 2097152 ipcDesc 0x7f72c000f1c0
n232-194-226:234884:234936 [0] NCCL INFO proxyProgressAsync opId=0x7f6516bbc360 op.type=3 op.reqBuff=0x7f6554023110 op.respSize=80 done
n232-194-226:234887:234934 [3] NCCL INFO proxyProgressAsync opId=0x7f72cebbc360 op.type=3 op.reqBuff=0x7f72c0021790 op.respSize=80 done
n232-194-226:234884:234901 [0] NCCL INFO ncclPollProxyResponse Received new opId=0x7f6516bbc360
n232-194-226:234887:234903 [3] NCCL INFO ncclPollProxyResponse Received new opId=0x7f72cebbc360
n232-194-226:234884:234901 [0] NCCL INFO recvOpId=0x7f6516bbc360 matches expected opId=0x7f6516bbc360
n232-194-226:234884:234936 [0] NCCL INFO Received and initiated operation=Setup res=0
n232-194-226:234887:234903 [3] NCCL INFO recvOpId=0x7f72cebbc360 matches expected opId=0x7f72cebbc360
n232-194-226:234887:234934 [3] NCCL INFO Received and initiated operation=Setup res=0
n232-194-226:234887:234903 [3] NCCL INFO Channel 02/0 : 3[3] -> 2[2] via P2P/IPC
n232-194-226:234885:234935 [1] NCCL INFO transport/p2p.cc:204 Cuda Alloc Size 10485760 pointer 0x7f380b400000
n232-194-226:234885:234935 [1] NCCL INFO Allocated shareable buffer 0x7f380b400000 size 10485760 ipcDesc 0x7f382800f1c0
n232-194-226:234885:234935 [1] NCCL INFO proxyProgressAsync opId=0x7f3832bbc500 op.type=3 op.reqBuff=0x7f3828024da0 op.respSize=80 done
n232-194-226:234884:234936 [0] NCCL INFO New proxy recv connection 35 from local rank 0, transport 0
n232-194-226:234884:234936 [0] NCCL INFO proxyProgressAsync opId=0x7f6516bbc360 op.type=1 op.reqBuff=0x7f6554023110 op.respSize=16 done
n232-194-226:234885:234904 [1] NCCL INFO ncclPollProxyResponse Received new opId=0x7f3832bbc500
n232-194-226:234884:234901 [0] NCCL INFO ncclPollProxyResponse Received new opId=0x7f6516bbc360
n232-194-226:234885:234935 [1] NCCL INFO Received and initiated operation=Setup res=0
n232-194-226:234887:234934 [3] NCCL INFO New proxy send connection 34 from local rank 3, transport 0
n232-194-226:234887:234934 [3] NCCL INFO proxyProgressAsync opId=0x7f72cebbc360 op.type=1 op.reqBuff=0x7f72c0021790 op.respSize=16 done
n232-194-226:234885:234904 [1] NCCL INFO recvOpId=0x7f3832bbc500 matches expected opId=0x7f3832bbc500
n232-194-226:234884:234936 [0] NCCL INFO Received and initiated operation=Init res=0
n232-194-226:234884:234901 [0] NCCL INFO recvOpId=0x7f6516bbc360 matches expected opId=0x7f6516bbc360
n232-194-226:234884:234901 [0] NCCL INFO Connection to proxy localRank 0 -> connection 0x7f6554003cd0
n232-194-226:234887:234903 [3] NCCL INFO ncclPollProxyResponse Received new opId=0x7f72cebbc360
n232-194-226:234887:234934 [3] NCCL INFO Received and initiated operation=Init res=0
n232-194-226:234887:234903 [3] NCCL INFO recvOpId=0x7f72cebbc360 matches expected opId=0x7f72cebbc360
n232-194-226:234887:234903 [3] NCCL INFO Connection to proxy localRank 3 -> connection 0x7f72c0003bf0
n232-194-226:234885:234935 [1] NCCL INFO New proxy recv connection 38 from local rank 1, transport 0
n232-194-226:234885:234935 [1] NCCL INFO proxyProgressAsync opId=0x7f3832bbc500 op.type=1 op.reqBuff=0x7f3828024da0 op.respSize=16 done
n232-194-226:234885:234904 [1] NCCL INFO ncclPollProxyResponse Received new opId=0x7f3832bbc500
n232-194-226:234885:234935 [1] NCCL INFO Received and initiated operation=Init res=0
n232-194-226:234885:234904 [1] NCCL INFO recvOpId=0x7f3832bbc500 matches expected opId=0x7f3832bbc500
n232-194-226:234885:234904 [1] NCCL INFO Connection to proxy localRank 1 -> connection 0x7f3828003d30
n232-194-226:234886:234933 [2] NCCL INFO transport/p2p.cc:204 Cuda Alloc Size 10485760 pointer 0x7f1362000000
n232-194-226:234886:234933 [2] NCCL INFO Allocated shareable buffer 0x7f1362000000 size 10485760 ipcDesc 0x7f138000f1c0
n232-194-226:234886:234933 [2] NCCL INFO proxyProgressAsync opId=0x7f138ebbc360 op.type=3 op.reqBuff=0x7f1380026770 op.respSize=80 done
n232-194-226:234886:234902 [2] NCCL INFO ncclPollProxyResponse Received new opId=0x7f138ebbc360
n232-194-226:234886:234902 [2] NCCL INFO recvOpId=0x7f138ebbc360 matches expected opId=0x7f138ebbc360
n232-194-226:234886:234933 [2] NCCL INFO Received and initiated operation=Setup res=0
n232-194-226:234886:234933 [2] NCCL INFO New proxy recv connection 39 from local rank 2, transport 0
n232-194-226:234886:234933 [2] NCCL INFO proxyProgressAsync opId=0x7f138ebbc360 op.type=1 op.reqBuff=0x7f1380026770 op.respSize=16 done
n232-194-226:234886:234902 [2] NCCL INFO ncclPollProxyResponse Received new opId=0x7f138ebbc360
n232-194-226:234886:234933 [2] NCCL INFO Received and initiated operation=Init res=0
n232-194-226:234886:234902 [2] NCCL INFO recvOpId=0x7f138ebbc360 matches expected opId=0x7f138ebbc360
n232-194-226:234886:234902 [2] NCCL INFO Connection to proxy localRank 2 -> connection 0x7f1380003d80
n232-194-226:234887:234934 [3] NCCL INFO transport/p2p.cc:204 Cuda Alloc Size 2097152 pointer 0x7f72a9c00000
n232-194-226:234884:234936 [0] NCCL INFO transport/p2p.cc:204 Cuda Alloc Size 10485760 pointer 0x7f64f2000000
n232-194-226:234887:234934 [3] NCCL INFO Allocated shareable buffer 0x7f72a9c00000 size 2097152 ipcDesc 0x7f72c000f1c0
n232-194-226:234887:234934 [3] NCCL INFO proxyProgressAsync opId=0x7f72cebbc360 op.type=3 op.reqBuff=0x7f72c0022f90 op.respSize=80 done
n232-194-226:234887:234903 [3] NCCL INFO ncclPollProxyResponse Received new opId=0x7f72cebbc360
n232-194-226:234887:234903 [3] NCCL INFO recvOpId=0x7f72cebbc360 matches expected opId=0x7f72cebbc360
n232-194-226:234887:234934 [3] NCCL INFO Received and initiated operation=Setup res=0
n232-194-226:234887:234903 [3] NCCL INFO Channel 03/0 : 3[3] -> 2[2] via P2P/IPC
n232-194-226:234884:234936 [0] NCCL INFO Allocated shareable buffer 0x7f64f2000000 size 10485760 ipcDesc 0x7f655400f170
n232-194-226:234884:234936 [0] NCCL INFO proxyProgressAsync opId=0x7f6516bbc360 op.type=3 op.reqBuff=0x7f6554023150 op.respSize=80 done
n232-194-226:234884:234901 [0] NCCL INFO ncclPollProxyResponse Received new opId=0x7f6516bbc360
n232-194-226:234884:234936 [0] NCCL INFO Received and initiated operation=Setup res=0
n232-194-226:234884:234901 [0] NCCL INFO recvOpId=0x7f6516bbc360 matches expected opId=0x7f6516bbc360
n232-194-226:234885:234935 [1] NCCL INFO transport/p2p.cc:204 Cuda Alloc Size 10485760 pointer 0x7f3808000000
n232-194-226:234887:234934 [3] NCCL INFO New proxy send connection 35 from local rank 3, transport 0
n232-194-226:234887:234934 [3] NCCL INFO proxyProgressAsync opId=0x7f72cebbc360 op.type=1 op.reqBuff=0x7f72c0022f90 op.respSize=16 done
n232-194-226:234885:234935 [1] NCCL INFO Allocated shareable buffer 0x7f3808000000 size 10485760 ipcDesc 0x7f382800f1c0
n232-194-226:234885:234935 [1] NCCL INFO proxyProgressAsync opId=0x7f3832bbc500 op.type=3 op.reqBuff=0x7f3828026950 op.respSize=80 done
n232-194-226:234887:234903 [3] NCCL INFO ncclPollProxyResponse Received new opId=0x7f72cebbc360
n232-194-226:234885:234904 [1] NCCL INFO ncclPollProxyResponse Received new opId=0x7f3832bbc500
n232-194-226:234887:234903 [3] NCCL INFO recvOpId=0x7f72cebbc360 matches expected opId=0x7f72cebbc360
n232-194-226:234887:234903 [3] NCCL INFO Connection to proxy localRank 3 -> connection 0x7f72c0003c40
n232-194-226:234885:234935 [1] NCCL INFO Received and initiated operation=Setup res=0
n232-194-226:234887:234934 [3] NCCL INFO Received and initiated operation=Init res=0
n232-194-226:234885:234904 [1] NCCL INFO recvOpId=0x7f3832bbc500 matches expected opId=0x7f3832bbc500
n232-194-226:234884:234936 [0] NCCL INFO New proxy recv connection 36 from local rank 0, transport 0
n232-194-226:234884:234936 [0] NCCL INFO proxyProgressAsync opId=0x7f6516bbc360 op.type=1 op.reqBuff=0x7f6554023150 op.respSize=16 done
n232-194-226:234884:234901 [0] NCCL INFO ncclPollProxyResponse Received new opId=0x7f6516bbc360
n232-194-226:234884:234936 [0] NCCL INFO Received and initiated operation=Init res=0
n232-194-226:234884:234901 [0] NCCL INFO recvOpId=0x7f6516bbc360 matches expected opId=0x7f6516bbc360
n232-194-226:234884:234901 [0] NCCL INFO Connection to proxy localRank 0 -> connection 0x7f6554003d20
n232-194-226:234885:234935 [1] NCCL INFO New proxy recv connection 39 from local rank 1, transport 0
n232-194-226:234886:234933 [2] NCCL INFO transport/p2p.cc:204 Cuda Alloc Size 10485760 pointer 0x7f1362a00000
n232-194-226:234885:234935 [1] NCCL INFO proxyProgressAsync opId=0x7f3832bbc500 op.type=1 op.reqBuff=0x7f3828026950 op.respSize=16 done
n232-194-226:234886:234933 [2] NCCL INFO Allocated shareable buffer 0x7f1362a00000 size 10485760 ipcDesc 0x7f138000f1c0
n232-194-226:234885:234904 [1] NCCL INFO ncclPollProxyResponse Received new opId=0x7f3832bbc500
n232-194-226:234886:234933 [2] NCCL INFO proxyProgressAsync opId=0x7f138ebbc360 op.type=3 op.reqBuff=0x7f13800267b0 op.respSize=80 done
n232-194-226:234885:234935 [1] NCCL INFO Received and initiated operation=Init res=0
n232-194-226:234886:234902 [2] NCCL INFO ncclPollProxyResponse Received new opId=0x7f138ebbc360
n232-194-226:234885:234904 [1] NCCL INFO recvOpId=0x7f3832bbc500 matches expected opId=0x7f3832bbc500
n232-194-226:234885:234904 [1] NCCL INFO Connection to proxy localRank 1 -> connection 0x7f3828003d80
n232-194-226:234886:234902 [2] NCCL INFO recvOpId=0x7f138ebbc360 matches expected opId=0x7f138ebbc360
n232-194-226:234886:234933 [2] NCCL INFO Received and initiated operation=Setup res=0
n232-194-226:234886:234933 [2] NCCL INFO New proxy recv connection 40 from local rank 2, transport 0
n232-194-226:234886:234933 [2] NCCL INFO proxyProgressAsync opId=0x7f138ebbc360 op.type=1 op.reqBuff=0x7f13800267b0 op.respSize=16 done
n232-194-226:234886:234902 [2] NCCL INFO ncclPollProxyResponse Received new opId=0x7f138ebbc360
n232-194-226:234886:234902 [2] NCCL INFO recvOpId=0x7f138ebbc360 matches expected opId=0x7f138ebbc360
n232-194-226:234886:234902 [2] NCCL INFO Connection to proxy localRank 2 -> connection 0x7f1380003dd0
n232-194-226:234886:234933 [2] NCCL INFO Received and initiated operation=Init res=0
n232-194-226:234887:234934 [3] NCCL INFO transport/p2p.cc:204 Cuda Alloc Size 2097152 pointer 0x7f72a9e00000
n232-194-226:234884:234936 [0] NCCL INFO transport/p2p.cc:204 Cuda Alloc Size 10485760 pointer 0x7f64f2a00000
n232-194-226:234887:234934 [3] NCCL INFO Allocated shareable buffer 0x7f72a9e00000 size 2097152 ipcDesc 0x7f72c000f1c0
n232-194-226:234887:234934 [3] NCCL INFO proxyProgressAsync opId=0x7f72cebbc360 op.type=3 op.reqBuff=0x7f72c0022fd0 op.respSize=80 done
n232-194-226:234887:234903 [3] NCCL INFO ncclPollProxyResponse Received new opId=0x7f72cebbc360
n232-194-226:234887:234903 [3] NCCL INFO recvOpId=0x7f72cebbc360 matches expected opId=0x7f72cebbc360
n232-194-226:234887:234934 [3] NCCL INFO Received and initiated operation=Setup res=0
n232-194-226:234887:234903 [3] NCCL INFO Channel 04/0 : 3[3] -> 2[2] via P2P/IPC
n232-194-226:234884:234936 [0] NCCL INFO Allocated shareable buffer 0x7f64f2a00000 size 10485760 ipcDesc 0x7f655400f170
n232-194-226:234884:234936 [0] NCCL INFO proxyProgressAsync opId=0x7f6516bbc360 op.type=3 op.reqBuff=0x7f6554024950 op.respSize=80 done
n232-194-226:234884:234901 [0] NCCL INFO ncclPollProxyResponse Received new opId=0x7f6516bbc360
n232-194-226:234884:234936 [0] NCCL INFO Received and initiated operation=Setup res=0
n232-194-226:234884:234901 [0] NCCL INFO recvOpId=0x7f6516bbc360 matches expected opId=0x7f6516bbc360
n232-194-226:234887:234934 [3] NCCL INFO New proxy send connection 36 from local rank 3, transport 0
n232-194-226:234887:234934 [3] NCCL INFO proxyProgressAsync opId=0x7f72cebbc360 op.type=1 op.reqBuff=0x7f72c0022fd0 op.respSize=16 done
n232-194-226:234887:234903 [3] NCCL INFO ncclPollProxyResponse Received new opId=0x7f72cebbc360
n232-194-226:234887:234903 [3] NCCL INFO recvOpId=0x7f72cebbc360 matches expected opId=0x7f72cebbc360
n232-194-226:234887:234903 [3] NCCL INFO Connection to proxy localRank 3 -> connection 0x7f72c0003c90
n232-194-226:234885:234935 [1] NCCL INFO transport/p2p.cc:204 Cuda Alloc Size 10485760 pointer 0x7f3808a00000
n232-194-226:234884:234936 [0] NCCL INFO New proxy recv connection 37 from local rank 0, transport 0
n232-194-226:234887:234934 [3] NCCL INFO Received and initiated operation=Init res=0
n232-194-226:234884:234936 [0] NCCL INFO proxyProgressAsync opId=0x7f6516bbc360 op.type=1 op.reqBuff=0x7f6554024950 op.respSize=16 done
n232-194-226:234885:234935 [1] NCCL INFO Allocated shareable buffer 0x7f3808a00000 size 10485760 ipcDesc 0x7f382800f1c0
n232-194-226:234885:234935 [1] NCCL INFO proxyProgressAsync opId=0x7f3832bbc500 op.type=3 op.reqBuff=0x7f3828026990 op.respSize=80 done
n232-194-226:234884:234901 [0] NCCL INFO ncclPollProxyResponse Received new opId=0x7f6516bbc360
n232-194-226:234884:234936 [0] NCCL INFO Received and initiated operation=Init res=0
n232-194-226:234885:234904 [1] NCCL INFO ncclPollProxyResponse Received new opId=0x7f3832bbc500
n232-194-226:234884:234901 [0] NCCL INFO recvOpId=0x7f6516bbc360 matches expected opId=0x7f6516bbc360
n232-194-226:234884:234901 [0] NCCL INFO Connection to proxy localRank 0 -> connection 0x7f6554003d70
n232-194-226:234885:234935 [1] NCCL INFO Received and initiated operation=Setup res=0
n232-194-226:234885:234904 [1] NCCL INFO recvOpId=0x7f3832bbc500 matches expected opId=0x7f3832bbc500
n232-194-226:234886:234933 [2] NCCL INFO transport/p2p.cc:204 Cuda Alloc Size 10485760 pointer 0x7f1363400000
n232-194-226:234886:234933 [2] NCCL INFO Allocated shareable buffer 0x7f1363400000 size 10485760 ipcDesc 0x7f138000f1c0
n232-194-226:234886:234933 [2] NCCL INFO proxyProgressAsync opId=0x7f138ebbc360 op.type=3 op.reqBuff=0x7f1380028360 op.respSize=80 done
n232-194-226:234886:234902 [2] NCCL INFO ncclPollProxyResponse Received new opId=0x7f138ebbc360
n232-194-226:234886:234902 [2] NCCL INFO recvOpId=0x7f138ebbc360 matches expected opId=0x7f138ebbc360
n232-194-226:234886:234933 [2] NCCL INFO Received and initiated operation=Setup res=0
n232-194-226:234885:234935 [1] NCCL INFO New proxy recv connection 40 from local rank 1, transport 0
n232-194-226:234885:234935 [1] NCCL INFO proxyProgressAsync opId=0x7f3832bbc500 op.type=1 op.reqBuff=0x7f3828026990 op.respSize=16 done
n232-194-226:234885:234904 [1] NCCL INFO ncclPollProxyResponse Received new opId=0x7f3832bbc500
n232-194-226:234885:234935 [1] NCCL INFO Received and initiated operation=Init res=0
n232-194-226:234885:234904 [1] NCCL INFO recvOpId=0x7f3832bbc500 matches expected opId=0x7f3832bbc500
n232-194-226:234885:234904 [1] NCCL INFO Connection to proxy localRank 1 -> connection 0x7f3828003dd0
n232-194-226:234886:234933 [2] NCCL INFO New proxy recv connection 41 from local rank 2, transport 0
n232-194-226:234886:234933 [2] NCCL INFO proxyProgressAsync opId=0x7f138ebbc360 op.type=1 op.reqBuff=0x7f1380028360 op.respSize=16 done
n232-194-226:234886:234902 [2] NCCL INFO ncclPollProxyResponse Received new opId=0x7f138ebbc360
n232-194-226:234886:234902 [2] NCCL INFO recvOpId=0x7f138ebbc360 matches expected opId=0x7f138ebbc360
n232-194-226:234886:234933 [2] NCCL INFO Received and initiated operation=Init res=0
n232-194-226:234886:234902 [2] NCCL INFO Connection to proxy localRank 2 -> connection 0x7f1380003e20
n232-194-226:234887:234934 [3] NCCL INFO transport/p2p.cc:204 Cuda Alloc Size 2097152 pointer 0x7f72ab800000
n232-194-226:234887:234934 [3] NCCL INFO Allocated shareable buffer 0x7f72ab800000 size 2097152 ipcDesc 0x7f72c000f1c0
n232-194-226:234887:234934 [3] NCCL INFO proxyProgressAsync opId=0x7f72cebbc360 op.type=3 op.reqBuff=0x7f72c00247d0 op.respSize=80 done
n232-194-226:234887:234903 [3] NCCL INFO ncclPollProxyResponse Received new opId=0x7f72cebbc360
n232-194-226:234887:234903 [3] NCCL INFO recvOpId=0x7f72cebbc360 matches expected opId=0x7f72cebbc360
n232-194-226:234887:234934 [3] NCCL INFO Received and initiated operation=Setup res=0
n232-194-226:234887:234903 [3] NCCL INFO Channel 05/0 : 3[3] -> 2[2] via P2P/IPC
n232-194-226:234887:234934 [3] NCCL INFO New proxy send connection 37 from local rank 3, transport 0
n232-194-226:234887:234934 [3] NCCL INFO proxyProgressAsync opId=0x7f72cebbc360 op.type=1 op.reqBuff=0x7f72c00247d0 op.respSize=16 done
n232-194-226:234887:234903 [3] NCCL INFO ncclPollProxyResponse Received new opId=0x7f72cebbc360
n232-194-226:234884:234936 [0] NCCL INFO transport/p2p.cc:204 Cuda Alloc Size 10485760 pointer 0x7f64f3400000
n232-194-226:234887:234934 [3] NCCL INFO Received and initiated operation=Init res=0
n232-194-226:234887:234903 [3] NCCL INFO recvOpId=0x7f72cebbc360 matches expected opId=0x7f72cebbc360
n232-194-226:234887:234903 [3] NCCL INFO Connection to proxy localRank 3 -> connection 0x7f72c0003ce0
n232-194-226:234884:234936 [0] NCCL INFO Allocated shareable buffer 0x7f64f3400000 size 10485760 ipcDesc 0x7f655400f170
n232-194-226:234884:234936 [0] NCCL INFO proxyProgressAsync opId=0x7f6516bbc360 op.type=3 op.reqBuff=0x7f6554024990 op.respSize=80 done
n232-194-226:234884:234901 [0] NCCL INFO ncclPollProxyResponse Received new opId=0x7f6516bbc360
n232-194-226:234884:234936 [0] NCCL INFO Received and initiated operation=Setup res=0
n232-194-226:234884:234901 [0] NCCL INFO recvOpId=0x7f6516bbc360 matches expected opId=0x7f6516bbc360
n232-194-226:234885:234935 [1] NCCL INFO transport/p2p.cc:204 Cuda Alloc Size 10485760 pointer 0x7f3809400000
n232-194-226:234885:234935 [1] NCCL INFO Allocated shareable buffer 0x7f3809400000 size 10485760 ipcDesc 0x7f382800f1c0
n232-194-226:234885:234935 [1] NCCL INFO proxyProgressAsync opId=0x7f3832bbc500 op.type=3 op.reqBuff=0x7f3828028540 op.respSize=80 done
n232-194-226:234884:234936 [0] NCCL INFO New proxy recv connection 38 from local rank 0, transport 0
n232-194-226:234884:234936 [0] NCCL INFO proxyProgressAsync opId=0x7f6516bbc360 op.type=1 op.reqBuff=0x7f6554024990 op.respSize=16 done
n232-194-226:234885:234904 [1] NCCL INFO ncclPollProxyResponse Received new opId=0x7f3832bbc500
n232-194-226:234886:234933 [2] NCCL INFO transport/p2p.cc:204 Cuda Alloc Size 10485760 pointer 0x7f1360000000
n232-194-226:234885:234935 [1] NCCL INFO Received and initiated operation=Setup res=0
n232-194-226:234884:234901 [0] NCCL INFO ncclPollProxyResponse Received new opId=0x7f6516bbc360
n232-194-226:234885:234904 [1] NCCL INFO recvOpId=0x7f3832bbc500 matches expected opId=0x7f3832bbc500
n232-194-226:234884:234901 [0] NCCL INFO recvOpId=0x7f6516bbc360 matches expected opId=0x7f6516bbc360
n232-194-226:234884:234936 [0] NCCL INFO Received and initiated operation=Init res=0
n232-194-226:234884:234901 [0] NCCL INFO Connection to proxy localRank 0 -> connection 0x7f6554003dc0
n232-194-226:234886:234933 [2] NCCL INFO Allocated shareable buffer 0x7f1360000000 size 10485760 ipcDesc 0x7f138000f1c0
n232-194-226:234886:234933 [2] NCCL INFO proxyProgressAsync opId=0x7f138ebbc360 op.type=3 op.reqBuff=0x7f13800283a0 op.respSize=80 done
n232-194-226:234885:234935 [1] NCCL INFO New proxy recv connection 41 from local rank 1, transport 0
n232-194-226:234885:234935 [1] NCCL INFO proxyProgressAsync opId=0x7f3832bbc500 op.type=1 op.reqBuff=0x7f3828028540 op.respSize=16 done
n232-194-226:234886:234902 [2] NCCL INFO ncclPollProxyResponse Received new opId=0x7f138ebbc360
n232-194-226:234885:234904 [1] NCCL INFO ncclPollProxyResponse Received new opId=0x7f3832bbc500
n232-194-226:234886:234902 [2] NCCL INFO recvOpId=0x7f138ebbc360 matches expected opId=0x7f138ebbc360
n232-194-226:234886:234933 [2] NCCL INFO Received and initiated operation=Setup res=0
n232-194-226:234885:234935 [1] NCCL INFO Received and initiated operation=Init res=0
n232-194-226:234885:234904 [1] NCCL INFO recvOpId=0x7f3832bbc500 matches expected opId=0x7f3832bbc500
n232-194-226:234885:234904 [1] NCCL INFO Connection to proxy localRank 1 -> connection 0x7f3828003e20
n232-194-226:234886:234933 [2] NCCL INFO New proxy recv connection 42 from local rank 2, transport 0
n232-194-226:234886:234933 [2] NCCL INFO proxyProgressAsync opId=0x7f138ebbc360 op.type=1 op.reqBuff=0x7f13800283a0 op.respSize=16 done
n232-194-226:234886:234902 [2] NCCL INFO ncclPollProxyResponse Received new opId=0x7f138ebbc360
n232-194-226:234886:234902 [2] NCCL INFO recvOpId=0x7f138ebbc360 matches expected opId=0x7f138ebbc360
n232-194-226:234886:234933 [2] NCCL INFO Received and initiated operation=Init res=0
n232-194-226:234886:234902 [2] NCCL INFO Connection to proxy localRank 2 -> connection 0x7f1380003e70
n232-194-226:234887:234934 [3] NCCL INFO transport/p2p.cc:204 Cuda Alloc Size 2097152 pointer 0x7f72aba00000
n232-194-226:234887:234934 [3] NCCL INFO Allocated shareable buffer 0x7f72aba00000 size 2097152 ipcDesc 0x7f72c000f1c0
n232-194-226:234887:234934 [3] NCCL INFO proxyProgressAsync opId=0x7f72cebbc360 op.type=3 op.reqBuff=0x7f72c0024810 op.respSize=80 done
n232-194-226:234887:234903 [3] NCCL INFO ncclPollProxyResponse Received new opId=0x7f72cebbc360
n232-194-226:234887:234903 [3] NCCL INFO recvOpId=0x7f72cebbc360 matches expected opId=0x7f72cebbc360
n232-194-226:234887:234934 [3] NCCL INFO Received and initiated operation=Setup res=0
n232-194-226:234887:234903 [3] NCCL INFO Channel 06/0 : 3[3] -> 2[2] via P2P/IPC
n232-194-226:234887:234934 [3] NCCL INFO New proxy send connection 38 from local rank 3, transport 0
n232-194-226:234887:234934 [3] NCCL INFO proxyProgressAsync opId=0x7f72cebbc360 op.type=1 op.reqBuff=0x7f72c0024810 op.respSize=16 done
n232-194-226:234887:234903 [3] NCCL INFO ncclPollProxyResponse Received new opId=0x7f72cebbc360
n232-194-226:234887:234934 [3] NCCL INFO Received and initiated operation=Init res=0
n232-194-226:234887:234903 [3] NCCL INFO recvOpId=0x7f72cebbc360 matches expected opId=0x7f72cebbc360
n232-194-226:234887:234903 [3] NCCL INFO Connection to proxy localRank 3 -> connection 0x7f72c0003d30
n232-194-226:234884:234936 [0] NCCL INFO transport/p2p.cc:204 Cuda Alloc Size 10485760 pointer 0x7f64f0000000
n232-194-226:234884:234936 [0] NCCL INFO Allocated shareable buffer 0x7f64f0000000 size 10485760 ipcDesc 0x7f655400f170
n232-194-226:234884:234936 [0] NCCL INFO proxyProgressAsync opId=0x7f6516bbc360 op.type=3 op.reqBuff=0x7f6554026540 op.respSize=80 done
n232-194-226:234884:234901 [0] NCCL INFO ncclPollProxyResponse Received new opId=0x7f6516bbc360
n232-194-226:234884:234936 [0] NCCL INFO Received and initiated operation=Setup res=0
n232-194-226:234884:234901 [0] NCCL INFO recvOpId=0x7f6516bbc360 matches expected opId=0x7f6516bbc360
n232-194-226:234885:234935 [1] NCCL INFO transport/p2p.cc:204 Cuda Alloc Size 10485760 pointer 0x7f3806000000
n232-194-226:234884:234936 [0] NCCL INFO New proxy recv connection 39 from local rank 0, transport 0
n232-194-226:234884:234936 [0] NCCL INFO proxyProgressAsync opId=0x7f6516bbc360 op.type=1 op.reqBuff=0x7f6554026540 op.respSize=16 done
n232-194-226:234884:234901 [0] NCCL INFO ncclPollProxyResponse Received new opId=0x7f6516bbc360
n232-194-226:234884:234936 [0] NCCL INFO Received and initiated operation=Init res=0
n232-194-226:234884:234901 [0] NCCL INFO recvOpId=0x7f6516bbc360 matches expected opId=0x7f6516bbc360
n232-194-226:234884:234901 [0] NCCL INFO Connection to proxy localRank 0 -> connection 0x7f6554003e10
n232-194-226:234885:234935 [1] NCCL INFO Allocated shareable buffer 0x7f3806000000 size 10485760 ipcDesc 0x7f382800f1c0
n232-194-226:234885:234935 [1] NCCL INFO proxyProgressAsync opId=0x7f3832bbc500 op.type=3 op.reqBuff=0x7f3828028580 op.respSize=80 done
n232-194-226:234885:234904 [1] NCCL INFO ncclPollProxyResponse Received new opId=0x7f3832bbc500
n232-194-226:234885:234935 [1] NCCL INFO Received and initiated operation=Setup res=0
n232-194-226:234885:234904 [1] NCCL INFO recvOpId=0x7f3832bbc500 matches expected opId=0x7f3832bbc500
n232-194-226:234886:234933 [2] NCCL INFO transport/p2p.cc:204 Cuda Alloc Size 10485760 pointer 0x7f1360a00000
n232-194-226:234885:234935 [1] NCCL INFO New proxy recv connection 42 from local rank 1, transport 0
n232-194-226:234885:234935 [1] NCCL INFO proxyProgressAsync opId=0x7f3832bbc500 op.type=1 op.reqBuff=0x7f3828028580 op.respSize=16 done
n232-194-226:234885:234904 [1] NCCL INFO ncclPollProxyResponse Received new opId=0x7f3832bbc500
n232-194-226:234885:234904 [1] NCCL INFO recvOpId=0x7f3832bbc500 matches expected opId=0x7f3832bbc500
n232-194-226:234885:234904 [1] NCCL INFO Connection to proxy localRank 1 -> connection 0x7f3828003e70
n232-194-226:234885:234935 [1] NCCL INFO Received and initiated operation=Init res=0
n232-194-226:234886:234933 [2] NCCL INFO Allocated shareable buffer 0x7f1360a00000 size 10485760 ipcDesc 0x7f138000f1c0
n232-194-226:234886:234933 [2] NCCL INFO proxyProgressAsync opId=0x7f138ebbc360 op.type=3 op.reqBuff=0x7f1380029bb0 op.respSize=80 done
n232-194-226:234886:234902 [2] NCCL INFO ncclPollProxyResponse Received new opId=0x7f138ebbc360
n232-194-226:234886:234902 [2] NCCL INFO recvOpId=0x7f138ebbc360 matches expected opId=0x7f138ebbc360
n232-194-226:234886:234933 [2] NCCL INFO Received and initiated operation=Setup res=0
n232-194-226:234887:234934 [3] NCCL INFO transport/p2p.cc:204 Cuda Alloc Size 2097152 pointer 0x7f72abc00000
n232-194-226:234886:234933 [2] NCCL INFO New proxy recv connection 43 from local rank 2, transport 0
n232-194-226:234886:234933 [2] NCCL INFO proxyProgressAsync opId=0x7f138ebbc360 op.type=1 op.reqBuff=0x7f1380029bb0 op.respSize=16 done
n232-194-226:234886:234902 [2] NCCL INFO ncclPollProxyResponse Received new opId=0x7f138ebbc360
n232-194-226:234886:234902 [2] NCCL INFO recvOpId=0x7f138ebbc360 matches expected opId=0x7f138ebbc360
n232-194-226:234886:234933 [2] NCCL INFO Received and initiated operation=Init res=0
n232-194-226:234886:234902 [2] NCCL INFO Connection to proxy localRank 2 -> connection 0x7f1380003ec0
n232-194-226:234887:234934 [3] NCCL INFO Allocated shareable buffer 0x7f72abc00000 size 2097152 ipcDesc 0x7f72c000f1c0
n232-194-226:234887:234934 [3] NCCL INFO proxyProgressAsync opId=0x7f72cebbc360 op.type=3 op.reqBuff=0x7f72c0025d90 op.respSize=80 done
n232-194-226:234887:234903 [3] NCCL INFO ncclPollProxyResponse Received new opId=0x7f72cebbc360
n232-194-226:234887:234934 [3] NCCL INFO Received and initiated operation=Setup res=0
n232-194-226:234887:234903 [3] NCCL INFO recvOpId=0x7f72cebbc360 matches expected opId=0x7f72cebbc360
n232-194-226:234887:234903 [3] NCCL INFO Channel 07/0 : 3[3] -> 2[2] via P2P/IPC
n232-194-226:234884:234936 [0] NCCL INFO transport/p2p.cc:204 Cuda Alloc Size 10485760 pointer 0x7f64f0a00000
n232-194-226:234887:234934 [3] NCCL INFO New proxy send connection 39 from local rank 3, transport 0
n232-194-226:234887:234934 [3] NCCL INFO proxyProgressAsync opId=0x7f72cebbc360 op.type=1 op.reqBuff=0x7f72c0025d90 op.respSize=16 done
n232-194-226:234887:234903 [3] NCCL INFO ncclPollProxyResponse Received new opId=0x7f72cebbc360
n232-194-226:234887:234903 [3] NCCL INFO recvOpId=0x7f72cebbc360 matches expected opId=0x7f72cebbc360
n232-194-226:234887:234934 [3] NCCL INFO Received and initiated operation=Init res=0
