n232-194-226:235011:235108 [3] NCCL INFO New proxy recv connection 12 from local rank 3, transport 0
n232-194-226:235013:235105 [5] NCCL INFO proxyProgressAsync opId=0x7f4b56bbc6f0 op.type=1 op.reqBuff=0x7f4b4c027100 op.respSize=16 done
n232-194-226:235015:235045 [7] NCCL INFO recvOpId=0x7fe192bbc510 matches expected opId=0x7fe192bbc510
n232-194-226:235008:235044 [0] NCCL INFO recvOpId=0x7fec4ebbc510 matches expected opId=0x7fec4ebbc510
n232-194-226:235011:235108 [3] NCCL INFO proxyProgressAsync opId=0x7f8456bbc6f0 op.type=1 op.reqBuff=0x7f844c01a9e0 op.respSize=16 done
n232-194-226:235015:235045 [7] NCCL INFO Connection to proxy localRank 7 -> connection 0x7fe188003880
n232-194-226:235013:235046 [5] NCCL INFO ncclPollProxyResponse Received new opId=0x7f4b56bbc6f0
n232-194-226:235013:235105 [5] NCCL INFO Received and initiated operation=Init res=0
n232-194-226:235011:235042 [3] NCCL INFO ncclPollProxyResponse Received new opId=0x7f8456bbc6f0
n232-194-226:235013:235046 [5] NCCL INFO recvOpId=0x7f4b56bbc6f0 matches expected opId=0x7f4b56bbc6f0
n232-194-226:235011:235108 [3] NCCL INFO Received and initiated operation=Init res=0
n232-194-226:235013:235046 [5] NCCL INFO Connection to proxy localRank 5 -> connection 0x7f4b4c0039c0
n232-194-226:235011:235042 [3] NCCL INFO recvOpId=0x7f8456bbc6f0 matches expected opId=0x7f8456bbc6f0
n232-194-226:235011:235042 [3] NCCL INFO Connection to proxy localRank 3 -> connection 0x7f844c003510
n232-194-226:235008:235110 [0] NCCL INFO New proxy recv connection 13 from local rank 0, transport 0
n232-194-226:235008:235110 [0] NCCL INFO proxyProgressAsync opId=0x7fec4ebbc510 op.type=1 op.reqBuff=0x7fec6401c290 op.respSize=16 done
n232-194-226:235009:235112 [1] NCCL INFO transport/p2p.cc:204 Cuda Alloc Size 2097152 pointer 0x7fd917e00000
n232-194-226:235008:235044 [0] NCCL INFO ncclPollProxyResponse Received new opId=0x7fec4ebbc510
n232-194-226:235008:235110 [0] NCCL INFO Received and initiated operation=Init res=0
n232-194-226:235008:235044 [0] NCCL INFO recvOpId=0x7fec4ebbc510 matches expected opId=0x7fec4ebbc510
n232-194-226:235008:235044 [0] NCCL INFO Connection to proxy localRank 0 -> connection 0x7fec64003560
n232-194-226:235009:235112 [1] NCCL INFO Allocated shareable buffer 0x7fd917e00000 size 2097152 ipcDesc 0x7fd920018bc0
n232-194-226:235009:235112 [1] NCCL INFO proxyProgressAsync opId=0x7fd92abbc6f0 op.type=3 op.reqBuff=0x7fd920022f80 op.respSize=80 done
n232-194-226:235009:235048 [1] NCCL INFO ncclPollProxyResponse Received new opId=0x7fd92abbc6f0
n232-194-226:235009:235112 [1] NCCL INFO Received and initiated operation=Setup res=0
n232-194-226:235009:235048 [1] NCCL INFO recvOpId=0x7fd92abbc6f0 matches expected opId=0x7fd92abbc6f0
n232-194-226:235009:235048 [1] NCCL INFO Channel 06/0 : 1[1] -> 2[2] via P2P/IPC
n232-194-226:235014:235109 [6] NCCL INFO transport/p2p.cc:204 Cuda Alloc Size 2097152 pointer 0x7faa2fe00000
n232-194-226:235009:235112 [1] NCCL INFO New proxy send connection 22 from local rank 1, transport 0
n232-194-226:235009:235112 [1] NCCL INFO proxyProgressAsync opId=0x7fd92abbc6f0 op.type=1 op.reqBuff=0x7fd920022f80 op.respSize=16 done
n232-194-226:235009:235048 [1] NCCL INFO ncclPollProxyResponse Received new opId=0x7fd92abbc6f0
n232-194-226:235009:235112 [1] NCCL INFO Received and initiated operation=Init res=0
n232-194-226:235009:235048 [1] NCCL INFO recvOpId=0x7fd92abbc6f0 matches expected opId=0x7fd92abbc6f0
n232-194-226:235009:235048 [1] NCCL INFO Connection to proxy localRank 1 -> connection 0x7fd920003830
n232-194-226:235012:235106 [4] NCCL INFO transport/p2p.cc:204 Cuda Alloc Size 2097152 pointer 0x7ff815e00000
n232-194-226:235014:235109 [6] NCCL INFO Allocated shareable buffer 0x7faa2fe00000 size 2097152 ipcDesc 0x7faa38018bc0
n232-194-226:235014:235109 [6] NCCL INFO proxyProgressAsync opId=0x7faa42bbc6f0 op.type=3 op.reqBuff=0x7faa38022f80 op.respSize=80 done
n232-194-226:235014:235041 [6] NCCL INFO ncclPollProxyResponse Received new opId=0x7faa42bbc6f0
n232-194-226:235014:235109 [6] NCCL INFO Received and initiated operation=Setup res=0
n232-194-226:235014:235041 [6] NCCL INFO recvOpId=0x7faa42bbc6f0 matches expected opId=0x7faa42bbc6f0
n232-194-226:235014:235041 [6] NCCL INFO Channel 06/0 : 6[6] -> 7[7] via P2P/IPC
n232-194-226:235014:235109 [6] NCCL INFO New proxy send connection 22 from local rank 6, transport 0
n232-194-226:235014:235109 [6] NCCL INFO proxyProgressAsync opId=0x7faa42bbc6f0 op.type=1 op.reqBuff=0x7faa38022f80 op.respSize=16 done
n232-194-226:235014:235041 [6] NCCL INFO ncclPollProxyResponse Received new opId=0x7faa42bbc6f0
n232-194-226:235014:235041 [6] NCCL INFO recvOpId=0x7faa42bbc6f0 matches expected opId=0x7faa42bbc6f0
n232-194-226:235014:235041 [6] NCCL INFO Connection to proxy localRank 6 -> connection 0x7faa38003830
n232-194-226:235014:235109 [6] NCCL INFO Received and initiated operation=Init res=0
n232-194-226:235010:235111 [2] NCCL INFO transport/p2p.cc:204 Cuda Alloc Size 2097152 pointer 0x7faf3fe00000
n232-194-226:235012:235106 [4] NCCL INFO Allocated shareable buffer 0x7ff815e00000 size 2097152 ipcDesc 0x7ff81c018bc0
n232-194-226:235012:235106 [4] NCCL INFO proxyProgressAsync opId=0x7ff826bbc510 op.type=3 op.reqBuff=0x7ff81c024880 op.respSize=80 done
n232-194-226:235012:235047 [4] NCCL INFO ncclPollProxyResponse Received new opId=0x7ff826bbc510
n232-194-226:235012:235106 [4] NCCL INFO Received and initiated operation=Setup res=0
n232-194-226:235012:235047 [4] NCCL INFO recvOpId=0x7ff826bbc510 matches expected opId=0x7ff826bbc510
n232-194-226:235012:235047 [4] NCCL INFO Channel 07/0 : 4[4] -> 5[5] via P2P/IPC
n232-194-226:235012:235106 [4] NCCL INFO New proxy send connection 23 from local rank 4, transport 0
n232-194-226:235012:235106 [4] NCCL INFO proxyProgressAsync opId=0x7ff826bbc510 op.type=1 op.reqBuff=0x7ff81c024880 op.respSize=16 done
n232-194-226:235012:235047 [4] NCCL INFO ncclPollProxyResponse Received new opId=0x7ff826bbc510
n232-194-226:235010:235111 [2] NCCL INFO Allocated shareable buffer 0x7faf3fe00000 size 2097152 ipcDesc 0x7faf48018bc0
n232-194-226:235010:235111 [2] NCCL INFO proxyProgressAsync opId=0x7faf52bbc6f0 op.type=3 op.reqBuff=0x7faf48022f80 op.respSize=80 done
n232-194-226:235012:235047 [4] NCCL INFO recvOpId=0x7ff826bbc510 matches expected opId=0x7ff826bbc510
n232-194-226:235012:235106 [4] NCCL INFO Received and initiated operation=Init res=0
n232-194-226:235012:235047 [4] NCCL INFO Connection to proxy localRank 4 -> connection 0x7ff81c003880
n232-194-226:235010:235043 [2] NCCL INFO ncclPollProxyResponse Received new opId=0x7faf52bbc6f0
n232-194-226:235010:235111 [2] NCCL INFO Received and initiated operation=Setup res=0
n232-194-226:235010:235043 [2] NCCL INFO recvOpId=0x7faf52bbc6f0 matches expected opId=0x7faf52bbc6f0
n232-194-226:235010:235043 [2] NCCL INFO Channel 06/0 : 2[2] -> 3[3] via P2P/IPC
n232-194-226:235010:235111 [2] NCCL INFO New proxy send connection 22 from local rank 2, transport 0
n232-194-226:235010:235111 [2] NCCL INFO proxyProgressAsync opId=0x7faf52bbc6f0 op.type=1 op.reqBuff=0x7faf48022f80 op.respSize=16 done
n232-194-226:235015:235107 [7] NCCL INFO transport/p2p.cc:204 Cuda Alloc Size 2097152 pointer 0x7fe183e00000
n232-194-226:235010:235043 [2] NCCL INFO ncclPollProxyResponse Received new opId=0x7faf52bbc6f0
n232-194-226:235010:235043 [2] NCCL INFO recvOpId=0x7faf52bbc6f0 matches expected opId=0x7faf52bbc6f0
n232-194-226:235010:235043 [2] NCCL INFO Connection to proxy localRank 2 -> connection 0x7faf48003830
n232-194-226:235010:235111 [2] NCCL INFO Received and initiated operation=Init res=0
n232-194-226:235013:235105 [5] NCCL INFO transport/p2p.cc:204 Cuda Alloc Size 2097152 pointer 0x7f4b53e00000
n232-194-226:235011:235108 [3] NCCL INFO transport/p2p.cc:204 Cuda Alloc Size 10485760 pointer 0x7f8444a00000
n232-194-226:235008:235110 [0] NCCL INFO transport/p2p.cc:204 Cuda Alloc Size 10485760 pointer 0x7fec43400000
n232-194-226:235015:235107 [7] NCCL INFO Allocated shareable buffer 0x7fe183e00000 size 2097152 ipcDesc 0x7fe188018bc0
n232-194-226:235015:235107 [7] NCCL INFO proxyProgressAsync opId=0x7fe192bbc510 op.type=3 op.reqBuff=0x7fe1880248c0 op.respSize=80 done
n232-194-226:235015:235045 [7] NCCL INFO ncclPollProxyResponse Received new opId=0x7fe192bbc510
n232-194-226:235015:235045 [7] NCCL INFO recvOpId=0x7fe192bbc510 matches expected opId=0x7fe192bbc510
n232-194-226:235015:235107 [7] NCCL INFO Received and initiated operation=Setup res=0
n232-194-226:235015:235045 [7] NCCL INFO Channel 08/0 : 7[7] -> 0[0] via P2P/IPC
n232-194-226:235013:235105 [5] NCCL INFO Allocated shareable buffer 0x7f4b53e00000 size 2097152 ipcDesc 0x7f4b4c018bc0
n232-194-226:235013:235105 [5] NCCL INFO proxyProgressAsync opId=0x7f4b56bbc6f0 op.type=3 op.reqBuff=0x7f4b4c027140 op.respSize=80 done
n232-194-226:235013:235046 [5] NCCL INFO ncclPollProxyResponse Received new opId=0x7f4b56bbc6f0
n232-194-226:235015:235107 [7] NCCL INFO New proxy send connection 24 from local rank 7, transport 0
n232-194-226:235015:235107 [7] NCCL INFO proxyProgressAsync opId=0x7fe192bbc510 op.type=1 op.reqBuff=0x7fe1880248c0 op.respSize=16 done
n232-194-226:235013:235046 [5] NCCL INFO recvOpId=0x7f4b56bbc6f0 matches expected opId=0x7f4b56bbc6f0
n232-194-226:235013:235105 [5] NCCL INFO Received and initiated operation=Setup res=0
n232-194-226:235015:235045 [7] NCCL INFO ncclPollProxyResponse Received new opId=0x7fe192bbc510
n232-194-226:235015:235107 [7] NCCL INFO Received and initiated operation=Init res=0
n232-194-226:235013:235046 [5] NCCL INFO Channel 12/0 : 5[5] -> 6[6] via P2P/IPC
n232-194-226:235011:235108 [3] NCCL INFO Allocated shareable buffer 0x7f8444a00000 size 10485760 ipcDesc 0x7f844c018bc0
n232-194-226:235015:235045 [7] NCCL INFO recvOpId=0x7fe192bbc510 matches expected opId=0x7fe192bbc510
n232-194-226:235008:235110 [0] NCCL INFO Allocated shareable buffer 0x7fec43400000 size 10485760 ipcDesc 0x7fec64018b70
n232-194-226:235011:235108 [3] NCCL INFO proxyProgressAsync opId=0x7f8456bbc6f0 op.type=3 op.reqBuff=0x7f844c01c2e0 op.respSize=80 done
n232-194-226:235015:235045 [7] NCCL INFO Connection to proxy localRank 7 -> connection 0x7fe1880038d0
n232-194-226:235008:235110 [0] NCCL INFO proxyProgressAsync opId=0x7fec4ebbc510 op.type=3 op.reqBuff=0x7fec6401c2d0 op.respSize=80 done
n232-194-226:235008:235044 [0] NCCL INFO ncclPollProxyResponse Received new opId=0x7fec4ebbc510
n232-194-226:235011:235042 [3] NCCL INFO ncclPollProxyResponse Received new opId=0x7f8456bbc6f0
n232-194-226:235008:235044 [0] NCCL INFO recvOpId=0x7fec4ebbc510 matches expected opId=0x7fec4ebbc510
n232-194-226:235011:235042 [3] NCCL INFO recvOpId=0x7f8456bbc6f0 matches expected opId=0x7f8456bbc6f0
n232-194-226:235008:235110 [0] NCCL INFO Received and initiated operation=Setup res=0
n232-194-226:235011:235108 [3] NCCL INFO Received and initiated operation=Setup res=0
n232-194-226:235013:235105 [5] NCCL INFO New proxy send connection 28 from local rank 5, transport 0
n232-194-226:235013:235105 [5] NCCL INFO proxyProgressAsync opId=0x7f4b56bbc6f0 op.type=1 op.reqBuff=0x7f4b4c027140 op.respSize=16 done
n232-194-226:235013:235046 [5] NCCL INFO ncclPollProxyResponse Received new opId=0x7f4b56bbc6f0
n232-194-226:235009:235112 [1] NCCL INFO transport/p2p.cc:204 Cuda Alloc Size 2097152 pointer 0x7fd919e00000
n232-194-226:235013:235046 [5] NCCL INFO recvOpId=0x7f4b56bbc6f0 matches expected opId=0x7f4b56bbc6f0
n232-194-226:235013:235105 [5] NCCL INFO Received and initiated operation=Init res=0
n232-194-226:235013:235046 [5] NCCL INFO Connection to proxy localRank 5 -> connection 0x7f4b4c003a10
n232-194-226:235008:235110 [0] NCCL INFO New proxy recv connection 14 from local rank 0, transport 0
n232-194-226:235008:235110 [0] NCCL INFO proxyProgressAsync opId=0x7fec4ebbc510 op.type=1 op.reqBuff=0x7fec6401c2d0 op.respSize=16 done
n232-194-226:235011:235108 [3] NCCL INFO New proxy recv connection 13 from local rank 3, transport 0
n232-194-226:235011:235108 [3] NCCL INFO proxyProgressAsync opId=0x7f8456bbc6f0 op.type=1 op.reqBuff=0x7f844c01c2e0 op.respSize=16 done
n232-194-226:235008:235044 [0] NCCL INFO ncclPollProxyResponse Received new opId=0x7fec4ebbc510
n232-194-226:235011:235042 [3] NCCL INFO ncclPollProxyResponse Received new opId=0x7f8456bbc6f0
n232-194-226:235008:235110 [0] NCCL INFO Received and initiated operation=Init res=0
n232-194-226:235008:235044 [0] NCCL INFO recvOpId=0x7fec4ebbc510 matches expected opId=0x7fec4ebbc510
n232-194-226:235008:235044 [0] NCCL INFO Connection to proxy localRank 0 -> connection 0x7fec640035b0
n232-194-226:235011:235042 [3] NCCL INFO recvOpId=0x7f8456bbc6f0 matches expected opId=0x7f8456bbc6f0
n232-194-226:235011:235042 [3] NCCL INFO Connection to proxy localRank 3 -> connection 0x7f844c003560
n232-194-226:235011:235108 [3] NCCL INFO Received and initiated operation=Init res=0
n232-194-226:235009:235112 [1] NCCL INFO Allocated shareable buffer 0x7fd919e00000 size 2097152 ipcDesc 0x7fd920018bc0
n232-194-226:235009:235112 [1] NCCL INFO proxyProgressAsync opId=0x7fd92abbc6f0 op.type=3 op.reqBuff=0x7fd920024880 op.respSize=80 done
n232-194-226:235009:235048 [1] NCCL INFO ncclPollProxyResponse Received new opId=0x7fd92abbc6f0
n232-194-226:235009:235048 [1] NCCL INFO recvOpId=0x7fd92abbc6f0 matches expected opId=0x7fd92abbc6f0
n232-194-226:235009:235112 [1] NCCL INFO Received and initiated operation=Setup res=0
n232-194-226:235014:235109 [6] NCCL INFO transport/p2p.cc:204 Cuda Alloc Size 2097152 pointer 0x7faa31e00000
n232-194-226:235009:235048 [1] NCCL INFO Channel 07/0 : 1[1] -> 2[2] via P2P/IPC
n232-194-226:235009:235112 [1] NCCL INFO New proxy send connection 23 from local rank 1, transport 0
n232-194-226:235009:235112 [1] NCCL INFO proxyProgressAsync opId=0x7fd92abbc6f0 op.type=1 op.reqBuff=0x7fd920024880 op.respSize=16 done
n232-194-226:235009:235048 [1] NCCL INFO ncclPollProxyResponse Received new opId=0x7fd92abbc6f0
n232-194-226:235009:235048 [1] NCCL INFO recvOpId=0x7fd92abbc6f0 matches expected opId=0x7fd92abbc6f0
n232-194-226:235009:235048 [1] NCCL INFO Connection to proxy localRank 1 -> connection 0x7fd920003880
n232-194-226:235009:235112 [1] NCCL INFO Received and initiated operation=Init res=0
n232-194-226:235014:235109 [6] NCCL INFO Allocated shareable buffer 0x7faa31e00000 size 2097152 ipcDesc 0x7faa38018bc0
n232-194-226:235014:235109 [6] NCCL INFO proxyProgressAsync opId=0x7faa42bbc6f0 op.type=3 op.reqBuff=0x7faa38024880 op.respSize=80 done
n232-194-226:235014:235041 [6] NCCL INFO ncclPollProxyResponse Received new opId=0x7faa42bbc6f0
n232-194-226:235014:235109 [6] NCCL INFO Received and initiated operation=Setup res=0
n232-194-226:235014:235041 [6] NCCL INFO recvOpId=0x7faa42bbc6f0 matches expected opId=0x7faa42bbc6f0
n232-194-226:235014:235041 [6] NCCL INFO Channel 07/0 : 6[6] -> 7[7] via P2P/IPC
n232-194-226:235012:235106 [4] NCCL INFO transport/p2p.cc:204 Cuda Alloc Size 2097152 pointer 0x7ff817e00000
n232-194-226:235014:235109 [6] NCCL INFO New proxy send connection 23 from local rank 6, transport 0
n232-194-226:235014:235109 [6] NCCL INFO proxyProgressAsync opId=0x7faa42bbc6f0 op.type=1 op.reqBuff=0x7faa38024880 op.respSize=16 done
n232-194-226:235014:235041 [6] NCCL INFO ncclPollProxyResponse Received new opId=0x7faa42bbc6f0
n232-194-226:235014:235109 [6] NCCL INFO Received and initiated operation=Init res=0
n232-194-226:235014:235041 [6] NCCL INFO recvOpId=0x7faa42bbc6f0 matches expected opId=0x7faa42bbc6f0
n232-194-226:235014:235041 [6] NCCL INFO Connection to proxy localRank 6 -> connection 0x7faa38003880
n232-194-226:235010:235111 [2] NCCL INFO transport/p2p.cc:204 Cuda Alloc Size 2097152 pointer 0x7faf41e00000
n232-194-226:235012:235106 [4] NCCL INFO Allocated shareable buffer 0x7ff817e00000 size 2097152 ipcDesc 0x7ff81c018bc0
n232-194-226:235012:235106 [4] NCCL INFO proxyProgressAsync opId=0x7ff826bbc510 op.type=3 op.reqBuff=0x7ff81c0248c0 op.respSize=80 done
n232-194-226:235012:235047 [4] NCCL INFO ncclPollProxyResponse Received new opId=0x7ff826bbc510
n232-194-226:235012:235106 [4] NCCL INFO Received and initiated operation=Setup res=0
n232-194-226:235012:235047 [4] NCCL INFO recvOpId=0x7ff826bbc510 matches expected opId=0x7ff826bbc510
n232-194-226:235012:235047 [4] NCCL INFO Channel 08/0 : 4[4] -> 5[5] via P2P/IPC
n232-194-226:235010:235111 [2] NCCL INFO Allocated shareable buffer 0x7faf41e00000 size 2097152 ipcDesc 0x7faf48018bc0
n232-194-226:235010:235111 [2] NCCL INFO proxyProgressAsync opId=0x7faf52bbc6f0 op.type=3 op.reqBuff=0x7faf48024880 op.respSize=80 done
n232-194-226:235010:235043 [2] NCCL INFO ncclPollProxyResponse Received new opId=0x7faf52bbc6f0
n232-194-226:235010:235111 [2] NCCL INFO Received and initiated operation=Setup res=0
n232-194-226:235010:235043 [2] NCCL INFO recvOpId=0x7faf52bbc6f0 matches expected opId=0x7faf52bbc6f0
n232-194-226:235010:235043 [2] NCCL INFO Channel 07/0 : 2[2] -> 3[3] via P2P/IPC
n232-194-226:235012:235106 [4] NCCL INFO New proxy send connection 24 from local rank 4, transport 0
n232-194-226:235012:235106 [4] NCCL INFO proxyProgressAsync opId=0x7ff826bbc510 op.type=1 op.reqBuff=0x7ff81c0248c0 op.respSize=16 done
n232-194-226:235012:235047 [4] NCCL INFO ncclPollProxyResponse Received new opId=0x7ff826bbc510
n232-194-226:235010:235111 [2] NCCL INFO New proxy send connection 23 from local rank 2, transport 0
n232-194-226:235012:235106 [4] NCCL INFO Received and initiated operation=Init res=0
n232-194-226:235010:235111 [2] NCCL INFO proxyProgressAsync opId=0x7faf52bbc6f0 op.type=1 op.reqBuff=0x7faf48024880 op.respSize=16 done
n232-194-226:235012:235047 [4] NCCL INFO recvOpId=0x7ff826bbc510 matches expected opId=0x7ff826bbc510
n232-194-226:235012:235047 [4] NCCL INFO Connection to proxy localRank 4 -> connection 0x7ff81c0038d0
n232-194-226:235010:235043 [2] NCCL INFO ncclPollProxyResponse Received new opId=0x7faf52bbc6f0
n232-194-226:235010:235111 [2] NCCL INFO Received and initiated operation=Init res=0
n232-194-226:235010:235043 [2] NCCL INFO recvOpId=0x7faf52bbc6f0 matches expected opId=0x7faf52bbc6f0
n232-194-226:235010:235043 [2] NCCL INFO Connection to proxy localRank 2 -> connection 0x7faf48003880
n232-194-226:235015:235107 [7] NCCL INFO transport/p2p.cc:204 Cuda Alloc Size 2097152 pointer 0x7fe185e00000
n232-194-226:235013:235105 [5] NCCL INFO transport/p2p.cc:204 Cuda Alloc Size 2097152 pointer 0x7f4b40000000
n232-194-226:235008:235110 [0] NCCL INFO transport/p2p.cc:204 Cuda Alloc Size 10485760 pointer 0x7fec40000000
n232-194-226:235011:235108 [3] NCCL INFO transport/p2p.cc:204 Cuda Alloc Size 10485760 pointer 0x7f8445400000
n232-194-226:235015:235107 [7] NCCL INFO Allocated shareable buffer 0x7fe185e00000 size 2097152 ipcDesc 0x7fe188018bc0
n232-194-226:235013:235105 [5] NCCL INFO Allocated shareable buffer 0x7f4b40000000 size 2097152 ipcDesc 0x7f4b4c018bc0
n232-194-226:235015:235107 [7] NCCL INFO proxyProgressAsync opId=0x7fe192bbc510 op.type=3 op.reqBuff=0x7fe188025cc0 op.respSize=80 done
n232-194-226:235013:235105 [5] NCCL INFO proxyProgressAsync opId=0x7f4b56bbc6f0 op.type=3 op.reqBuff=0x7f4b4c0289a0 op.respSize=80 done
n232-194-226:235008:235110 [0] NCCL INFO Allocated shareable buffer 0x7fec40000000 size 10485760 ipcDesc 0x7fec64018b70
n232-194-226:235008:235110 [0] NCCL INFO proxyProgressAsync opId=0x7fec4ebbc510 op.type=3 op.reqBuff=0x7fec6401df80 op.respSize=80 done
n232-194-226:235015:235045 [7] NCCL INFO ncclPollProxyResponse Received new opId=0x7fe192bbc510
n232-194-226:235013:235046 [5] NCCL INFO ncclPollProxyResponse Received new opId=0x7f4b56bbc6f0
n232-194-226:235015:235107 [7] NCCL INFO Received and initiated operation=Setup res=0
n232-194-226:235008:235044 [0] NCCL INFO ncclPollProxyResponse Received new opId=0x7fec4ebbc510
n232-194-226:235015:235045 [7] NCCL INFO recvOpId=0x7fe192bbc510 matches expected opId=0x7fe192bbc510
n232-194-226:235013:235046 [5] NCCL INFO recvOpId=0x7f4b56bbc6f0 matches expected opId=0x7f4b56bbc6f0
n232-194-226:235008:235110 [0] NCCL INFO Received and initiated operation=Setup res=0
n232-194-226:235013:235105 [5] NCCL INFO Received and initiated operation=Setup res=0
n232-194-226:235015:235045 [7] NCCL INFO Channel 09/0 : 7[7] -> 0[0] via P2P/IPC
n232-194-226:235013:235046 [5] NCCL INFO Channel 13/0 : 5[5] -> 6[6] via P2P/IPC
n232-194-226:235008:235044 [0] NCCL INFO recvOpId=0x7fec4ebbc510 matches expected opId=0x7fec4ebbc510
n232-194-226:235011:235108 [3] NCCL INFO Allocated shareable buffer 0x7f8445400000 size 10485760 ipcDesc 0x7f844c018bc0
n232-194-226:235011:235108 [3] NCCL INFO proxyProgressAsync opId=0x7f8456bbc6f0 op.type=3 op.reqBuff=0x7f844c01c320 op.respSize=80 done
n232-194-226:235011:235042 [3] NCCL INFO ncclPollProxyResponse Received new opId=0x7f8456bbc6f0
n232-194-226:235011:235108 [3] NCCL INFO Received and initiated operation=Setup res=0
n232-194-226:235011:235042 [3] NCCL INFO recvOpId=0x7f8456bbc6f0 matches expected opId=0x7f8456bbc6f0
n232-194-226:235013:235105 [5] NCCL INFO New proxy send connection 29 from local rank 5, transport 0
n232-194-226:235015:235107 [7] NCCL INFO New proxy send connection 25 from local rank 7, transport 0
n232-194-226:235013:235105 [5] NCCL INFO proxyProgressAsync opId=0x7f4b56bbc6f0 op.type=1 op.reqBuff=0x7f4b4c0289a0 op.respSize=16 done
n232-194-226:235015:235107 [7] NCCL INFO proxyProgressAsync opId=0x7fe192bbc510 op.type=1 op.reqBuff=0x7fe188025cc0 op.respSize=16 done
n232-194-226:235008:235110 [0] NCCL INFO New proxy recv connection 15 from local rank 0, transport 0
n232-194-226:235009:235112 [1] NCCL INFO transport/p2p.cc:204 Cuda Alloc Size 2097152 pointer 0x7fd91be00000
n232-194-226:235008:235110 [0] NCCL INFO proxyProgressAsync opId=0x7fec4ebbc510 op.type=1 op.reqBuff=0x7fec6401df80 op.respSize=16 done
n232-194-226:235013:235046 [5] NCCL INFO ncclPollProxyResponse Received new opId=0x7f4b56bbc6f0
n232-194-226:235015:235045 [7] NCCL INFO ncclPollProxyResponse Received new opId=0x7fe192bbc510
n232-194-226:235015:235107 [7] NCCL INFO Received and initiated operation=Init res=0
n232-194-226:235013:235105 [5] NCCL INFO Received and initiated operation=Init res=0
n232-194-226:235008:235044 [0] NCCL INFO ncclPollProxyResponse Received new opId=0x7fec4ebbc510
n232-194-226:235015:235045 [7] NCCL INFO recvOpId=0x7fe192bbc510 matches expected opId=0x7fe192bbc510
n232-194-226:235013:235046 [5] NCCL INFO recvOpId=0x7f4b56bbc6f0 matches expected opId=0x7f4b56bbc6f0
n232-194-226:235015:235045 [7] NCCL INFO Connection to proxy localRank 7 -> connection 0x7fe188003920
n232-194-226:235013:235046 [5] NCCL INFO Connection to proxy localRank 5 -> connection 0x7f4b4c003a60
n232-194-226:235008:235110 [0] NCCL INFO Received and initiated operation=Init res=0
n232-194-226:235011:235108 [3] NCCL INFO New proxy recv connection 14 from local rank 3, transport 0
n232-194-226:235008:235044 [0] NCCL INFO recvOpId=0x7fec4ebbc510 matches expected opId=0x7fec4ebbc510
n232-194-226:235011:235108 [3] NCCL INFO proxyProgressAsync opId=0x7f8456bbc6f0 op.type=1 op.reqBuff=0x7f844c01c320 op.respSize=16 done
n232-194-226:235008:235044 [0] NCCL INFO Connection to proxy localRank 0 -> connection 0x7fec64003600
n232-194-226:235011:235042 [3] NCCL INFO ncclPollProxyResponse Received new opId=0x7f8456bbc6f0
n232-194-226:235011:235042 [3] NCCL INFO recvOpId=0x7f8456bbc6f0 matches expected opId=0x7f8456bbc6f0
n232-194-226:235011:235108 [3] NCCL INFO Received and initiated operation=Init res=0
n232-194-226:235011:235042 [3] NCCL INFO Connection to proxy localRank 3 -> connection 0x7f844c0035b0
n232-194-226:235009:235112 [1] NCCL INFO Allocated shareable buffer 0x7fd91be00000 size 2097152 ipcDesc 0x7fd920018bc0
n232-194-226:235009:235112 [1] NCCL INFO proxyProgressAsync opId=0x7fd92abbc6f0 op.type=3 op.reqBuff=0x7fd9200248c0 op.respSize=80 done
n232-194-226:235009:235048 [1] NCCL INFO ncclPollProxyResponse Received new opId=0x7fd92abbc6f0
n232-194-226:235009:235048 [1] NCCL INFO recvOpId=0x7fd92abbc6f0 matches expected opId=0x7fd92abbc6f0
n232-194-226:235009:235112 [1] NCCL INFO Received and initiated operation=Setup res=0
n232-194-226:235009:235048 [1] NCCL INFO Channel 08/0 : 1[1] -> 2[2] via P2P/IPC
n232-194-226:235009:235112 [1] NCCL INFO New proxy send connection 24 from local rank 1, transport 0
n232-194-226:235009:235112 [1] NCCL INFO proxyProgressAsync opId=0x7fd92abbc6f0 op.type=1 op.reqBuff=0x7fd9200248c0 op.respSize=16 done
n232-194-226:235009:235048 [1] NCCL INFO ncclPollProxyResponse Received new opId=0x7fd92abbc6f0
n232-194-226:235014:235109 [6] NCCL INFO transport/p2p.cc:204 Cuda Alloc Size 2097152 pointer 0x7faa33e00000
n232-194-226:235009:235112 [1] NCCL INFO Received and initiated operation=Init res=0
n232-194-226:235009:235048 [1] NCCL INFO recvOpId=0x7fd92abbc6f0 matches expected opId=0x7fd92abbc6f0
n232-194-226:235009:235048 [1] NCCL INFO Connection to proxy localRank 1 -> connection 0x7fd9200038d0
n232-194-226:235014:235109 [6] NCCL INFO Allocated shareable buffer 0x7faa33e00000 size 2097152 ipcDesc 0x7faa38018bc0
n232-194-226:235014:235109 [6] NCCL INFO proxyProgressAsync opId=0x7faa42bbc6f0 op.type=3 op.reqBuff=0x7faa380248c0 op.respSize=80 done
n232-194-226:235014:235041 [6] NCCL INFO ncclPollProxyResponse Received new opId=0x7faa42bbc6f0
n232-194-226:235014:235109 [6] NCCL INFO Received and initiated operation=Setup res=0
n232-194-226:235014:235041 [6] NCCL INFO recvOpId=0x7faa42bbc6f0 matches expected opId=0x7faa42bbc6f0
n232-194-226:235012:235106 [4] NCCL INFO transport/p2p.cc:204 Cuda Alloc Size 2097152 pointer 0x7ff819e00000
n232-194-226:235014:235041 [6] NCCL INFO Channel 08/0 : 6[6] -> 7[7] via P2P/IPC
n232-194-226:235014:235109 [6] NCCL INFO New proxy send connection 24 from local rank 6, transport 0
n232-194-226:235014:235109 [6] NCCL INFO proxyProgressAsync opId=0x7faa42bbc6f0 op.type=1 op.reqBuff=0x7faa380248c0 op.respSize=16 done
n232-194-226:235014:235041 [6] NCCL INFO ncclPollProxyResponse Received new opId=0x7faa42bbc6f0
n232-194-226:235014:235109 [6] NCCL INFO Received and initiated operation=Init res=0
n232-194-226:235014:235041 [6] NCCL INFO recvOpId=0x7faa42bbc6f0 matches expected opId=0x7faa42bbc6f0
n232-194-226:235014:235041 [6] NCCL INFO Connection to proxy localRank 6 -> connection 0x7faa380038d0
n232-194-226:235010:235111 [2] NCCL INFO transport/p2p.cc:204 Cuda Alloc Size 2097152 pointer 0x7faf43e00000
n232-194-226:235012:235106 [4] NCCL INFO Allocated shareable buffer 0x7ff819e00000 size 2097152 ipcDesc 0x7ff81c018bc0
n232-194-226:235012:235106 [4] NCCL INFO proxyProgressAsync opId=0x7ff826bbc510 op.type=3 op.reqBuff=0x7ff81c025cc0 op.respSize=80 done
n232-194-226:235012:235047 [4] NCCL INFO ncclPollProxyResponse Received new opId=0x7ff826bbc510
n232-194-226:235012:235047 [4] NCCL INFO recvOpId=0x7ff826bbc510 matches expected opId=0x7ff826bbc510
n232-194-226:235012:235106 [4] NCCL INFO Received and initiated operation=Setup res=0
n232-194-226:235012:235047 [4] NCCL INFO Channel 09/0 : 4[4] -> 5[5] via P2P/IPC
n232-194-226:235012:235106 [4] NCCL INFO New proxy send connection 25 from local rank 4, transport 0
n232-194-226:235012:235106 [4] NCCL INFO proxyProgressAsync opId=0x7ff826bbc510 op.type=1 op.reqBuff=0x7ff81c025cc0 op.respSize=16 done
n232-194-226:235012:235047 [4] NCCL INFO ncclPollProxyResponse Received new opId=0x7ff826bbc510
n232-194-226:235012:235106 [4] NCCL INFO Received and initiated operation=Init res=0
n232-194-226:235012:235047 [4] NCCL INFO recvOpId=0x7ff826bbc510 matches expected opId=0x7ff826bbc510
n232-194-226:235012:235047 [4] NCCL INFO Connection to proxy localRank 4 -> connection 0x7ff81c003920
n232-194-226:235010:235111 [2] NCCL INFO Allocated shareable buffer 0x7faf43e00000 size 2097152 ipcDesc 0x7faf48018bc0
n232-194-226:235010:235111 [2] NCCL INFO proxyProgressAsync opId=0x7faf52bbc6f0 op.type=3 op.reqBuff=0x7faf480248c0 op.respSize=80 done
n232-194-226:235010:235043 [2] NCCL INFO ncclPollProxyResponse Received new opId=0x7faf52bbc6f0
n232-194-226:235010:235111 [2] NCCL INFO Received and initiated operation=Setup res=0
n232-194-226:235010:235043 [2] NCCL INFO recvOpId=0x7faf52bbc6f0 matches expected opId=0x7faf52bbc6f0
n232-194-226:235010:235043 [2] NCCL INFO Channel 08/0 : 2[2] -> 3[3] via P2P/IPC
n232-194-226:235010:235111 [2] NCCL INFO New proxy send connection 24 from local rank 2, transport 0
n232-194-226:235010:235111 [2] NCCL INFO proxyProgressAsync opId=0x7faf52bbc6f0 op.type=1 op.reqBuff=0x7faf480248c0 op.respSize=16 done
n232-194-226:235015:235107 [7] NCCL INFO transport/p2p.cc:204 Cuda Alloc Size 2097152 pointer 0x7fe187e00000
n232-194-226:235010:235043 [2] NCCL INFO ncclPollProxyResponse Received new opId=0x7faf52bbc6f0
n232-194-226:235010:235111 [2] NCCL INFO Received and initiated operation=Init res=0
n232-194-226:235010:235043 [2] NCCL INFO recvOpId=0x7faf52bbc6f0 matches expected opId=0x7faf52bbc6f0
n232-194-226:235010:235043 [2] NCCL INFO Connection to proxy localRank 2 -> connection 0x7faf480038d0
n232-194-226:235013:235105 [5] NCCL INFO transport/p2p.cc:204 Cuda Alloc Size 2097152 pointer 0x7f4b40200000
n232-194-226:235008:235110 [0] NCCL INFO transport/p2p.cc:204 Cuda Alloc Size 10485760 pointer 0x7fec40a00000
n232-194-226:235015:235107 [7] NCCL INFO Allocated shareable buffer 0x7fe187e00000 size 2097152 ipcDesc 0x7fe188018bc0
n232-194-226:235013:235105 [5] NCCL INFO Allocated shareable buffer 0x7f4b40200000 size 2097152 ipcDesc 0x7f4b4c018bc0
n232-194-226:235015:235107 [7] NCCL INFO proxyProgressAsync opId=0x7fe192bbc510 op.type=3 op.reqBuff=0x7fe188025d00 op.respSize=80 done
n232-194-226:235013:235105 [5] NCCL INFO proxyProgressAsync opId=0x7f4b56bbc6f0 op.type=3 op.reqBuff=0x7f4b4c0289e0 op.respSize=80 done
n232-194-226:235013:235046 [5] NCCL INFO ncclPollProxyResponse Received new opId=0x7f4b56bbc6f0
n232-194-226:235015:235045 [7] NCCL INFO ncclPollProxyResponse Received new opId=0x7fe192bbc510
n232-194-226:235015:235107 [7] NCCL INFO Received and initiated operation=Setup res=0
n232-194-226:235013:235046 [5] NCCL INFO recvOpId=0x7f4b56bbc6f0 matches expected opId=0x7f4b56bbc6f0
n232-194-226:235015:235045 [7] NCCL INFO recvOpId=0x7fe192bbc510 matches expected opId=0x7fe192bbc510
n232-194-226:235011:235108 [3] NCCL INFO transport/p2p.cc:204 Cuda Alloc Size 10485760 pointer 0x7f8442000000
n232-194-226:235013:235105 [5] NCCL INFO Received and initiated operation=Setup res=0
n232-194-226:235015:235045 [7] NCCL INFO Channel 10/0 : 7[7] -> 0[0] via P2P/IPC
n232-194-226:235013:235046 [5] NCCL INFO Channel 14/0 : 5[5] -> 6[6] via P2P/IPC
n232-194-226:235008:235110 [0] NCCL INFO Allocated shareable buffer 0x7fec40a00000 size 10485760 ipcDesc 0x7fec64018b70
n232-194-226:235015:235107 [7] NCCL INFO New proxy send connection 26 from local rank 7, transport 0
n232-194-226:235008:235110 [0] NCCL INFO proxyProgressAsync opId=0x7fec4ebbc510 op.type=3 op.reqBuff=0x7fec6401dfc0 op.respSize=80 done
n232-194-226:235015:235107 [7] NCCL INFO proxyProgressAsync opId=0x7fe192bbc510 op.type=1 op.reqBuff=0x7fe188025d00 op.respSize=16 done
n232-194-226:235013:235105 [5] NCCL INFO New proxy send connection 30 from local rank 5, transport 0
n232-194-226:235013:235105 [5] NCCL INFO proxyProgressAsync opId=0x7f4b56bbc6f0 op.type=1 op.reqBuff=0x7f4b4c0289e0 op.respSize=16 done
n232-194-226:235008:235044 [0] NCCL INFO ncclPollProxyResponse Received new opId=0x7fec4ebbc510
n232-194-226:235015:235045 [7] NCCL INFO ncclPollProxyResponse Received new opId=0x7fe192bbc510
n232-194-226:235013:235046 [5] NCCL INFO ncclPollProxyResponse Received new opId=0x7f4b56bbc6f0
n232-194-226:235015:235107 [7] NCCL INFO Received and initiated operation=Init res=0
n232-194-226:235013:235105 [5] NCCL INFO Received and initiated operation=Init res=0
n232-194-226:235008:235044 [0] NCCL INFO recvOpId=0x7fec4ebbc510 matches expected opId=0x7fec4ebbc510
n232-194-226:235009:235112 [1] NCCL INFO transport/p2p.cc:204 Cuda Alloc Size 2097152 pointer 0x7fd91de00000
n232-194-226:235013:235046 [5] NCCL INFO recvOpId=0x7f4b56bbc6f0 matches expected opId=0x7f4b56bbc6f0
n232-194-226:235015:235045 [7] NCCL INFO recvOpId=0x7fe192bbc510 matches expected opId=0x7fe192bbc510
n232-194-226:235013:235046 [5] NCCL INFO Connection to proxy localRank 5 -> connection 0x7f4b4c003ab0
n232-194-226:235008:235110 [0] NCCL INFO Received and initiated operation=Setup res=0
n232-194-226:235015:235045 [7] NCCL INFO Connection to proxy localRank 7 -> connection 0x7fe188003970
n232-194-226:235008:235044 [0] NCCL INFO Channel 00/0 : 0[0] -> 1[1] via P2P/IPC
n232-194-226:235008:235110 [0] NCCL INFO New proxy send connection 16 from local rank 0, transport 0
n232-194-226:235008:235110 [0] NCCL INFO proxyProgressAsync opId=0x7fec4ebbc510 op.type=1 op.reqBuff=0x7fec6401dfc0 op.respSize=16 done
n232-194-226:235008:235044 [0] NCCL INFO ncclPollProxyResponse Received new opId=0x7fec4ebbc510
n232-194-226:235011:235108 [3] NCCL INFO Allocated shareable buffer 0x7f8442000000 size 10485760 ipcDesc 0x7f844c018bc0
n232-194-226:235011:235108 [3] NCCL INFO proxyProgressAsync opId=0x7f8456bbc6f0 op.type=3 op.reqBuff=0x7f844c01dfd0 op.respSize=80 done
n232-194-226:235008:235110 [0] NCCL INFO Received and initiated operation=Init res=0
n232-194-226:235008:235044 [0] NCCL INFO recvOpId=0x7fec4ebbc510 matches expected opId=0x7fec4ebbc510
n232-194-226:235008:235044 [0] NCCL INFO Connection to proxy localRank 0 -> connection 0x7fec64003650
n232-194-226:235011:235042 [3] NCCL INFO ncclPollProxyResponse Received new opId=0x7f8456bbc6f0
n232-194-226:235011:235042 [3] NCCL INFO recvOpId=0x7f8456bbc6f0 matches expected opId=0x7f8456bbc6f0
n232-194-226:235011:235108 [3] NCCL INFO Received and initiated operation=Setup res=0
n232-194-226:235009:235112 [1] NCCL INFO Allocated shareable buffer 0x7fd91de00000 size 2097152 ipcDesc 0x7fd920018bc0
n232-194-226:235009:235112 [1] NCCL INFO proxyProgressAsync opId=0x7fd92abbc6f0 op.type=3 op.reqBuff=0x7fd920025cc0 op.respSize=80 done
n232-194-226:235009:235048 [1] NCCL INFO ncclPollProxyResponse Received new opId=0x7fd92abbc6f0
n232-194-226:235009:235048 [1] NCCL INFO recvOpId=0x7fd92abbc6f0 matches expected opId=0x7fd92abbc6f0
n232-194-226:235011:235108 [3] NCCL INFO New proxy recv connection 15 from local rank 3, transport 0
n232-194-226:235009:235112 [1] NCCL INFO Received and initiated operation=Setup res=0
n232-194-226:235011:235108 [3] NCCL INFO proxyProgressAsync opId=0x7f8456bbc6f0 op.type=1 op.reqBuff=0x7f844c01dfd0 op.respSize=16 done
n232-194-226:235009:235048 [1] NCCL INFO Channel 09/0 : 1[1] -> 2[2] via P2P/IPC
n232-194-226:235011:235042 [3] NCCL INFO ncclPollProxyResponse Received new opId=0x7f8456bbc6f0
n232-194-226:235011:235108 [3] NCCL INFO Received and initiated operation=Init res=0
n232-194-226:235011:235042 [3] NCCL INFO recvOpId=0x7f8456bbc6f0 matches expected opId=0x7f8456bbc6f0
n232-194-226:235011:235042 [3] NCCL INFO Connection to proxy localRank 3 -> connection 0x7f844c003600
n232-194-226:235009:235112 [1] NCCL INFO New proxy send connection 25 from local rank 1, transport 0
n232-194-226:235009:235112 [1] NCCL INFO proxyProgressAsync opId=0x7fd92abbc6f0 op.type=1 op.reqBuff=0x7fd920025cc0 op.respSize=16 done
n232-194-226:235009:235048 [1] NCCL INFO ncclPollProxyResponse Received new opId=0x7fd92abbc6f0
n232-194-226:235014:235109 [6] NCCL INFO transport/p2p.cc:204 Cuda Alloc Size 2097152 pointer 0x7faa35e00000
n232-194-226:235009:235048 [1] NCCL INFO recvOpId=0x7fd92abbc6f0 matches expected opId=0x7fd92abbc6f0
n232-194-226:235009:235112 [1] NCCL INFO Received and initiated operation=Init res=0
n232-194-226:235009:235048 [1] NCCL INFO Connection to proxy localRank 1 -> connection 0x7fd920003920
n232-194-226:235014:235109 [6] NCCL INFO Allocated shareable buffer 0x7faa35e00000 size 2097152 ipcDesc 0x7faa38018bc0
n232-194-226:235014:235109 [6] NCCL INFO proxyProgressAsync opId=0x7faa42bbc6f0 op.type=3 op.reqBuff=0x7faa38025cc0 op.respSize=80 done
n232-194-226:235014:235041 [6] NCCL INFO ncclPollProxyResponse Received new opId=0x7faa42bbc6f0
n232-194-226:235014:235109 [6] NCCL INFO Received and initiated operation=Setup res=0
n232-194-226:235014:235041 [6] NCCL INFO recvOpId=0x7faa42bbc6f0 matches expected opId=0x7faa42bbc6f0
n232-194-226:235014:235041 [6] NCCL INFO Channel 09/0 : 6[6] -> 7[7] via P2P/IPC
n232-194-226:235012:235106 [4] NCCL INFO transport/p2p.cc:204 Cuda Alloc Size 2097152 pointer 0x7ff81be00000
n232-194-226:235014:235109 [6] NCCL INFO New proxy send connection 25 from local rank 6, transport 0
n232-194-226:235014:235109 [6] NCCL INFO proxyProgressAsync opId=0x7faa42bbc6f0 op.type=1 op.reqBuff=0x7faa38025cc0 op.respSize=16 done
n232-194-226:235014:235041 [6] NCCL INFO ncclPollProxyResponse Received new opId=0x7faa42bbc6f0
n232-194-226:235014:235109 [6] NCCL INFO Received and initiated operation=Init res=0
n232-194-226:235014:235041 [6] NCCL INFO recvOpId=0x7faa42bbc6f0 matches expected opId=0x7faa42bbc6f0
n232-194-226:235014:235041 [6] NCCL INFO Connection to proxy localRank 6 -> connection 0x7faa38003920
n232-194-226:235010:235111 [2] NCCL INFO transport/p2p.cc:204 Cuda Alloc Size 2097152 pointer 0x7faf45e00000
n232-194-226:235012:235106 [4] NCCL INFO Allocated shareable buffer 0x7ff81be00000 size 2097152 ipcDesc 0x7ff81c018bc0
n232-194-226:235012:235106 [4] NCCL INFO proxyProgressAsync opId=0x7ff826bbc510 op.type=3 op.reqBuff=0x7ff81c025d00 op.respSize=80 done
n232-194-226:235012:235047 [4] NCCL INFO ncclPollProxyResponse Received new opId=0x7ff826bbc510
n232-194-226:235012:235106 [4] NCCL INFO Received and initiated operation=Setup res=0
n232-194-226:235012:235047 [4] NCCL INFO recvOpId=0x7ff826bbc510 matches expected opId=0x7ff826bbc510
n232-194-226:235010:235111 [2] NCCL INFO Allocated shareable buffer 0x7faf45e00000 size 2097152 ipcDesc 0x7faf48018bc0
n232-194-226:235010:235111 [2] NCCL INFO proxyProgressAsync opId=0x7faf52bbc6f0 op.type=3 op.reqBuff=0x7faf48025cc0 op.respSize=80 done
n232-194-226:235012:235047 [4] NCCL INFO Channel 10/0 : 4[4] -> 5[5] via P2P/IPC
n232-194-226:235010:235043 [2] NCCL INFO ncclPollProxyResponse Received new opId=0x7faf52bbc6f0
n232-194-226:235010:235111 [2] NCCL INFO Received and initiated operation=Setup res=0
n232-194-226:235010:235043 [2] NCCL INFO recvOpId=0x7faf52bbc6f0 matches expected opId=0x7faf52bbc6f0
n232-194-226:235010:235043 [2] NCCL INFO Channel 09/0 : 2[2] -> 3[3] via P2P/IPC
n232-194-226:235012:235106 [4] NCCL INFO New proxy send connection 26 from local rank 4, transport 0
n232-194-226:235010:235111 [2] NCCL INFO New proxy send connection 25 from local rank 2, transport 0
n232-194-226:235012:235106 [4] NCCL INFO proxyProgressAsync opId=0x7ff826bbc510 op.type=1 op.reqBuff=0x7ff81c025d00 op.respSize=16 done
n232-194-226:235010:235111 [2] NCCL INFO proxyProgressAsync opId=0x7faf52bbc6f0 op.type=1 op.reqBuff=0x7faf48025cc0 op.respSize=16 done
n232-194-226:235012:235047 [4] NCCL INFO ncclPollProxyResponse Received new opId=0x7ff826bbc510
n232-194-226:235010:235043 [2] NCCL INFO ncclPollProxyResponse Received new opId=0x7faf52bbc6f0
n232-194-226:235012:235106 [4] NCCL INFO Received and initiated operation=Init res=0
n232-194-226:235010:235111 [2] NCCL INFO Received and initiated operation=Init res=0
n232-194-226:235010:235043 [2] NCCL INFO recvOpId=0x7faf52bbc6f0 matches expected opId=0x7faf52bbc6f0
n232-194-226:235010:235043 [2] NCCL INFO Connection to proxy localRank 2 -> connection 0x7faf48003920
n232-194-226:235012:235047 [4] NCCL INFO recvOpId=0x7ff826bbc510 matches expected opId=0x7ff826bbc510
n232-194-226:235012:235047 [4] NCCL INFO Connection to proxy localRank 4 -> connection 0x7ff81c003970
n232-194-226:235013:235105 [5] NCCL INFO transport/p2p.cc:204 Cuda Alloc Size 2097152 pointer 0x7f4b40400000
n232-194-226:235015:235107 [7] NCCL INFO transport/p2p.cc:204 Cuda Alloc Size 2097152 pointer 0x7fe18fc00000
n232-194-226:235008:235110 [0] NCCL INFO transport/p2p.cc:204 Cuda Alloc Size 2097152 pointer 0x7fec41400000
n232-194-226:235013:235105 [5] NCCL INFO Allocated shareable buffer 0x7f4b40400000 size 2097152 ipcDesc 0x7f4b4c018bc0
n232-194-226:235013:235105 [5] NCCL INFO proxyProgressAsync opId=0x7f4b56bbc6f0 op.type=3 op.reqBuff=0x7f4b4c02a5f0 op.respSize=80 done
n232-194-226:235013:235046 [5] NCCL INFO ncclPollProxyResponse Received new opId=0x7f4b56bbc6f0
n232-194-226:235013:235105 [5] NCCL INFO Received and initiated operation=Setup res=0
n232-194-226:235013:235046 [5] NCCL INFO recvOpId=0x7f4b56bbc6f0 matches expected opId=0x7f4b56bbc6f0
n232-194-226:235013:235046 [5] NCCL INFO Channel 15/0 : 5[5] -> 6[6] via P2P/IPC
n232-194-226:235011:235108 [3] NCCL INFO transport/p2p.cc:204 Cuda Alloc Size 10485760 pointer 0x7f8442a00000
n232-194-226:235013:235105 [5] NCCL INFO New proxy send connection 31 from local rank 5, transport 0
n232-194-226:235013:235105 [5] NCCL INFO proxyProgressAsync opId=0x7f4b56bbc6f0 op.type=1 op.reqBuff=0x7f4b4c02a5f0 op.respSize=16 done
n232-194-226:235013:235046 [5] NCCL INFO ncclPollProxyResponse Received new opId=0x7f4b56bbc6f0
n232-194-226:235009:235112 [1] NCCL INFO transport/p2p.cc:204 Cuda Alloc Size 2097152 pointer 0x7fd91fe00000
n232-194-226:235013:235105 [5] NCCL INFO Received and initiated operation=Init res=0
n232-194-226:235013:235046 [5] NCCL INFO recvOpId=0x7f4b56bbc6f0 matches expected opId=0x7f4b56bbc6f0
n232-194-226:235013:235046 [5] NCCL INFO Connection to proxy localRank 5 -> connection 0x7f4b4c003b00
n232-194-226:235015:235107 [7] NCCL INFO Allocated shareable buffer 0x7fe18fc00000 size 2097152 ipcDesc 0x7fe188018bc0
n232-194-226:235015:235107 [7] NCCL INFO proxyProgressAsync opId=0x7fe192bbc510 op.type=3 op.reqBuff=0x7fe188027100 op.respSize=80 done
n232-194-226:235015:235045 [7] NCCL INFO ncclPollProxyResponse Received new opId=0x7fe192bbc510
n232-194-226:235015:235045 [7] NCCL INFO recvOpId=0x7fe192bbc510 matches expected opId=0x7fe192bbc510
n232-194-226:235015:235107 [7] NCCL INFO Received and initiated operation=Setup res=0
n232-194-226:235015:235045 [7] NCCL INFO Channel 11/0 : 7[7] -> 0[0] via P2P/IPC
n232-194-226:235008:235110 [0] NCCL INFO Allocated shareable buffer 0x7fec41400000 size 2097152 ipcDesc 0x7fec64018b70
n232-194-226:235008:235110 [0] NCCL INFO proxyProgressAsync opId=0x7fec4ebbc510 op.type=3 op.reqBuff=0x7fec6401fc70 op.respSize=80 done
n232-194-226:235015:235107 [7] NCCL INFO New proxy send connection 27 from local rank 7, transport 0
n232-194-226:235008:235044 [0] NCCL INFO ncclPollProxyResponse Received new opId=0x7fec4ebbc510
n232-194-226:235015:235107 [7] NCCL INFO proxyProgressAsync opId=0x7fe192bbc510 op.type=1 op.reqBuff=0x7fe188027100 op.respSize=16 done
n232-194-226:235008:235110 [0] NCCL INFO Received and initiated operation=Setup res=0
n232-194-226:235008:235044 [0] NCCL INFO recvOpId=0x7fec4ebbc510 matches expected opId=0x7fec4ebbc510
n232-194-226:235015:235045 [7] NCCL INFO ncclPollProxyResponse Received new opId=0x7fe192bbc510
n232-194-226:235008:235044 [0] NCCL INFO Channel 01/0 : 0[0] -> 1[1] via P2P/IPC
n232-194-226:235015:235107 [7] NCCL INFO Received and initiated operation=Init res=0
n232-194-226:235011:235108 [3] NCCL INFO Allocated shareable buffer 0x7f8442a00000 size 10485760 ipcDesc 0x7f844c018bc0
n232-194-226:235015:235045 [7] NCCL INFO recvOpId=0x7fe192bbc510 matches expected opId=0x7fe192bbc510
n232-194-226:235015:235045 [7] NCCL INFO Connection to proxy localRank 7 -> connection 0x7fe1880039c0
n232-194-226:235011:235108 [3] NCCL INFO proxyProgressAsync opId=0x7f8456bbc6f0 op.type=3 op.reqBuff=0x7f844c01e010 op.respSize=80 done
n232-194-226:235009:235112 [1] NCCL INFO Allocated shareable buffer 0x7fd91fe00000 size 2097152 ipcDesc 0x7fd920018bc0
n232-194-226:235009:235112 [1] NCCL INFO proxyProgressAsync opId=0x7fd92abbc6f0 op.type=3 op.reqBuff=0x7fd920025d00 op.respSize=80 done
n232-194-226:235011:235042 [3] NCCL INFO ncclPollProxyResponse Received new opId=0x7f8456bbc6f0
n232-194-226:235009:235048 [1] NCCL INFO ncclPollProxyResponse Received new opId=0x7fd92abbc6f0
n232-194-226:235011:235108 [3] NCCL INFO Received and initiated operation=Setup res=0
n232-194-226:235008:235110 [0] NCCL INFO New proxy send connection 17 from local rank 0, transport 0
n232-194-226:235008:235110 [0] NCCL INFO proxyProgressAsync opId=0x7fec4ebbc510 op.type=1 op.reqBuff=0x7fec6401fc70 op.respSize=16 done
n232-194-226:235011:235042 [3] NCCL INFO recvOpId=0x7f8456bbc6f0 matches expected opId=0x7f8456bbc6f0
n232-194-226:235009:235048 [1] NCCL INFO recvOpId=0x7fd92abbc6f0 matches expected opId=0x7fd92abbc6f0
n232-194-226:235009:235112 [1] NCCL INFO Received and initiated operation=Setup res=0
n232-194-226:235008:235044 [0] NCCL INFO ncclPollProxyResponse Received new opId=0x7fec4ebbc510
n232-194-226:235009:235048 [1] NCCL INFO Channel 10/0 : 1[1] -> 2[2] via P2P/IPC
n232-194-226:235011:235042 [3] NCCL INFO Channel 00/0 : 3[3] -> 4[4] via P2P/IPC
n232-194-226:235008:235110 [0] NCCL INFO Received and initiated operation=Init res=0
n232-194-226:235008:235044 [0] NCCL INFO recvOpId=0x7fec4ebbc510 matches expected opId=0x7fec4ebbc510
n232-194-226:235008:235044 [0] NCCL INFO Connection to proxy localRank 0 -> connection 0x7fec640036a0
n232-194-226:235009:235112 [1] NCCL INFO New proxy send connection 26 from local rank 1, transport 0
n232-194-226:235011:235108 [3] NCCL INFO New proxy send connection 16 from local rank 3, transport 0
n232-194-226:235009:235112 [1] NCCL INFO proxyProgressAsync opId=0x7fd92abbc6f0 op.type=1 op.reqBuff=0x7fd920025d00 op.respSize=16 done
n232-194-226:235011:235108 [3] NCCL INFO proxyProgressAsync opId=0x7f8456bbc6f0 op.type=1 op.reqBuff=0x7f844c01e010 op.respSize=16 done
n232-194-226:235009:235048 [1] NCCL INFO ncclPollProxyResponse Received new opId=0x7fd92abbc6f0
n232-194-226:235011:235042 [3] NCCL INFO ncclPollProxyResponse Received new opId=0x7f8456bbc6f0
n232-194-226:235014:235109 [6] NCCL INFO transport/p2p.cc:204 Cuda Alloc Size 2097152 pointer 0x7faa37e00000
n232-194-226:235011:235108 [3] NCCL INFO Received and initiated operation=Init res=0
n232-194-226:235009:235112 [1] NCCL INFO Received and initiated operation=Init res=0
n232-194-226:235011:235042 [3] NCCL INFO recvOpId=0x7f8456bbc6f0 matches expected opId=0x7f8456bbc6f0
n232-194-226:235009:235048 [1] NCCL INFO recvOpId=0x7fd92abbc6f0 matches expected opId=0x7fd92abbc6f0
n232-194-226:235009:235048 [1] NCCL INFO Connection to proxy localRank 1 -> connection 0x7fd920003970
n232-194-226:235011:235042 [3] NCCL INFO Connection to proxy localRank 3 -> connection 0x7f844c003650
n232-194-226:235014:235109 [6] NCCL INFO Allocated shareable buffer 0x7faa37e00000 size 2097152 ipcDesc 0x7faa38018bc0
n232-194-226:235014:235109 [6] NCCL INFO proxyProgressAsync opId=0x7faa42bbc6f0 op.type=3 op.reqBuff=0x7faa38025d00 op.respSize=80 done
n232-194-226:235014:235041 [6] NCCL INFO ncclPollProxyResponse Received new opId=0x7faa42bbc6f0
n232-194-226:235014:235109 [6] NCCL INFO Received and initiated operation=Setup res=0
n232-194-226:235014:235041 [6] NCCL INFO recvOpId=0x7faa42bbc6f0 matches expected opId=0x7faa42bbc6f0
n232-194-226:235014:235041 [6] NCCL INFO Channel 10/0 : 6[6] -> 7[7] via P2P/IPC
n232-194-226:235014:235109 [6] NCCL INFO New proxy send connection 26 from local rank 6, transport 0
n232-194-226:235014:235109 [6] NCCL INFO proxyProgressAsync opId=0x7faa42bbc6f0 op.type=1 op.reqBuff=0x7faa38025d00 op.respSize=16 done
n232-194-226:235010:235111 [2] NCCL INFO transport/p2p.cc:204 Cuda Alloc Size 2097152 pointer 0x7faf47e00000
n232-194-226:235014:235041 [6] NCCL INFO ncclPollProxyResponse Received new opId=0x7faa42bbc6f0
n232-194-226:235014:235109 [6] NCCL INFO Received and initiated operation=Init res=0
n232-194-226:235014:235041 [6] NCCL INFO recvOpId=0x7faa42bbc6f0 matches expected opId=0x7faa42bbc6f0
n232-194-226:235014:235041 [6] NCCL INFO Connection to proxy localRank 6 -> connection 0x7faa38003970
n232-194-226:235012:235106 [4] NCCL INFO transport/p2p.cc:204 Cuda Alloc Size 2097152 pointer 0x7ff823c00000
n232-194-226:235010:235111 [2] NCCL INFO Allocated shareable buffer 0x7faf47e00000 size 2097152 ipcDesc 0x7faf48018bc0
n232-194-226:235010:235111 [2] NCCL INFO proxyProgressAsync opId=0x7faf52bbc6f0 op.type=3 op.reqBuff=0x7faf48025d00 op.respSize=80 done
n232-194-226:235012:235106 [4] NCCL INFO Allocated shareable buffer 0x7ff823c00000 size 2097152 ipcDesc 0x7ff81c018bc0
n232-194-226:235010:235043 [2] NCCL INFO ncclPollProxyResponse Received new opId=0x7faf52bbc6f0
n232-194-226:235012:235106 [4] NCCL INFO proxyProgressAsync opId=0x7ff826bbc510 op.type=3 op.reqBuff=0x7ff81c027100 op.respSize=80 done
n232-194-226:235010:235111 [2] NCCL INFO Received and initiated operation=Setup res=0
n232-194-226:235010:235043 [2] NCCL INFO recvOpId=0x7faf52bbc6f0 matches expected opId=0x7faf52bbc6f0
n232-194-226:235012:235047 [4] NCCL INFO ncclPollProxyResponse Received new opId=0x7ff826bbc510
n232-194-226:235012:235106 [4] NCCL INFO Received and initiated operation=Setup res=0
n232-194-226:235010:235043 [2] NCCL INFO Channel 10/0 : 2[2] -> 3[3] via P2P/IPC
n232-194-226:235012:235047 [4] NCCL INFO recvOpId=0x7ff826bbc510 matches expected opId=0x7ff826bbc510
n232-194-226:235012:235047 [4] NCCL INFO Channel 11/0 : 4[4] -> 5[5] via P2P/IPC
n232-194-226:235010:235111 [2] NCCL INFO New proxy send connection 26 from local rank 2, transport 0
n232-194-226:235010:235111 [2] NCCL INFO proxyProgressAsync opId=0x7faf52bbc6f0 op.type=1 op.reqBuff=0x7faf48025d00 op.respSize=16 done
n232-194-226:235010:235043 [2] NCCL INFO ncclPollProxyResponse Received new opId=0x7faf52bbc6f0
n232-194-226:235010:235111 [2] NCCL INFO Received and initiated operation=Init res=0
n232-194-226:235010:235043 [2] NCCL INFO recvOpId=0x7faf52bbc6f0 matches expected opId=0x7faf52bbc6f0
n232-194-226:235010:235043 [2] NCCL INFO Connection to proxy localRank 2 -> connection 0x7faf48003970
n232-194-226:235012:235106 [4] NCCL INFO New proxy send connection 27 from local rank 4, transport 0
n232-194-226:235012:235106 [4] NCCL INFO proxyProgressAsync opId=0x7ff826bbc510 op.type=1 op.reqBuff=0x7ff81c027100 op.respSize=16 done
