n232-194-226:234887:234903 [3] NCCL INFO Connection to proxy localRank 3 -> connection 0x7f72c0003d80
n232-194-226:234884:234936 [0] NCCL INFO Allocated shareable buffer 0x7f64f0a00000 size 10485760 ipcDesc 0x7f655400f170
n232-194-226:234884:234936 [0] NCCL INFO proxyProgressAsync opId=0x7f6516bbc360 op.type=3 op.reqBuff=0x7f6554026580 op.respSize=80 done
n232-194-226:234884:234901 [0] NCCL INFO ncclPollProxyResponse Received new opId=0x7f6516bbc360
n232-194-226:234884:234936 [0] NCCL INFO Received and initiated operation=Setup res=0
n232-194-226:234884:234901 [0] NCCL INFO recvOpId=0x7f6516bbc360 matches expected opId=0x7f6516bbc360
n232-194-226:234884:234936 [0] NCCL INFO New proxy recv connection 40 from local rank 0, transport 0
n232-194-226:234884:234936 [0] NCCL INFO proxyProgressAsync opId=0x7f6516bbc360 op.type=1 op.reqBuff=0x7f6554026580 op.respSize=16 done
n232-194-226:234884:234901 [0] NCCL INFO ncclPollProxyResponse Received new opId=0x7f6516bbc360
n232-194-226:234884:234936 [0] NCCL INFO Received and initiated operation=Init res=0
n232-194-226:234884:234901 [0] NCCL INFO recvOpId=0x7f6516bbc360 matches expected opId=0x7f6516bbc360
n232-194-226:234884:234901 [0] NCCL INFO Connection to proxy localRank 0 -> connection 0x7f6554003e60
n232-194-226:234885:234935 [1] NCCL INFO transport/p2p.cc:204 Cuda Alloc Size 10485760 pointer 0x7f3806a00000
n232-194-226:234885:234935 [1] NCCL INFO Allocated shareable buffer 0x7f3806a00000 size 10485760 ipcDesc 0x7f382800f1c0
n232-194-226:234885:234935 [1] NCCL INFO proxyProgressAsync opId=0x7f3832bbc500 op.type=3 op.reqBuff=0x7f3828029d80 op.respSize=80 done
n232-194-226:234885:234904 [1] NCCL INFO ncclPollProxyResponse Received new opId=0x7f3832bbc500
n232-194-226:234885:234904 [1] NCCL INFO recvOpId=0x7f3832bbc500 matches expected opId=0x7f3832bbc500
n232-194-226:234885:234935 [1] NCCL INFO Received and initiated operation=Setup res=0
n232-194-226:234886:234933 [2] NCCL INFO transport/p2p.cc:204 Cuda Alloc Size 10485760 pointer 0x7f1361400000
n232-194-226:234885:234935 [1] NCCL INFO New proxy recv connection 43 from local rank 1, transport 0
n232-194-226:234885:234935 [1] NCCL INFO proxyProgressAsync opId=0x7f3832bbc500 op.type=1 op.reqBuff=0x7f3828029d80 op.respSize=16 done
n232-194-226:234885:234904 [1] NCCL INFO ncclPollProxyResponse Received new opId=0x7f3832bbc500
n232-194-226:234885:234904 [1] NCCL INFO recvOpId=0x7f3832bbc500 matches expected opId=0x7f3832bbc500
n232-194-226:234885:234935 [1] NCCL INFO Received and initiated operation=Init res=0
n232-194-226:234885:234904 [1] NCCL INFO Connection to proxy localRank 1 -> connection 0x7f3828003ec0
n232-194-226:234886:234933 [2] NCCL INFO Allocated shareable buffer 0x7f1361400000 size 10485760 ipcDesc 0x7f138000f1c0
n232-194-226:234886:234933 [2] NCCL INFO proxyProgressAsync opId=0x7f138ebbc360 op.type=3 op.reqBuff=0x7f1380029bf0 op.respSize=80 done
n232-194-226:234886:234902 [2] NCCL INFO ncclPollProxyResponse Received new opId=0x7f138ebbc360
n232-194-226:234886:234933 [2] NCCL INFO Received and initiated operation=Setup res=0
n232-194-226:234886:234902 [2] NCCL INFO recvOpId=0x7f138ebbc360 matches expected opId=0x7f138ebbc360
n232-194-226:234886:234933 [2] NCCL INFO New proxy recv connection 44 from local rank 2, transport 0
n232-194-226:234886:234933 [2] NCCL INFO proxyProgressAsync opId=0x7f138ebbc360 op.type=1 op.reqBuff=0x7f1380029bf0 op.respSize=16 done
n232-194-226:234887:234934 [3] NCCL INFO transport/p2p.cc:204 Cuda Alloc Size 2097152 pointer 0x7f72abe00000
n232-194-226:234886:234902 [2] NCCL INFO ncclPollProxyResponse Received new opId=0x7f138ebbc360
n232-194-226:234886:234902 [2] NCCL INFO recvOpId=0x7f138ebbc360 matches expected opId=0x7f138ebbc360
n232-194-226:234886:234933 [2] NCCL INFO Received and initiated operation=Init res=0
n232-194-226:234886:234902 [2] NCCL INFO Connection to proxy localRank 2 -> connection 0x7f1380003f10
n232-194-226:234887:234934 [3] NCCL INFO Allocated shareable buffer 0x7f72abe00000 size 2097152 ipcDesc 0x7f72c000f1c0
n232-194-226:234887:234934 [3] NCCL INFO proxyProgressAsync opId=0x7f72cebbc360 op.type=3 op.reqBuff=0x7f72c0025dd0 op.respSize=80 done
n232-194-226:234887:234903 [3] NCCL INFO ncclPollProxyResponse Received new opId=0x7f72cebbc360
n232-194-226:234887:234903 [3] NCCL INFO recvOpId=0x7f72cebbc360 matches expected opId=0x7f72cebbc360
n232-194-226:234887:234934 [3] NCCL INFO Received and initiated operation=Setup res=0
n232-194-226:234887:234903 [3] NCCL INFO Channel 08/0 : 3[3] -> 2[2] via P2P/IPC
n232-194-226:234887:234934 [3] NCCL INFO New proxy send connection 40 from local rank 3, transport 0
n232-194-226:234884:234936 [0] NCCL INFO transport/p2p.cc:204 Cuda Alloc Size 10485760 pointer 0x7f64f1400000
n232-194-226:234887:234934 [3] NCCL INFO proxyProgressAsync opId=0x7f72cebbc360 op.type=1 op.reqBuff=0x7f72c0025dd0 op.respSize=16 done
n232-194-226:234887:234903 [3] NCCL INFO ncclPollProxyResponse Received new opId=0x7f72cebbc360
n232-194-226:234887:234934 [3] NCCL INFO Received and initiated operation=Init res=0
n232-194-226:234887:234903 [3] NCCL INFO recvOpId=0x7f72cebbc360 matches expected opId=0x7f72cebbc360
n232-194-226:234887:234903 [3] NCCL INFO Connection to proxy localRank 3 -> connection 0x7f72c0003dd0
n232-194-226:234884:234936 [0] NCCL INFO Allocated shareable buffer 0x7f64f1400000 size 10485760 ipcDesc 0x7f655400f170
n232-194-226:234884:234936 [0] NCCL INFO proxyProgressAsync opId=0x7f6516bbc360 op.type=3 op.reqBuff=0x7f6554028130 op.respSize=80 done
n232-194-226:234884:234901 [0] NCCL INFO ncclPollProxyResponse Received new opId=0x7f6516bbc360
n232-194-226:234884:234901 [0] NCCL INFO recvOpId=0x7f6516bbc360 matches expected opId=0x7f6516bbc360
n232-194-226:234884:234936 [0] NCCL INFO Received and initiated operation=Setup res=0
n232-194-226:234884:234936 [0] NCCL INFO New proxy recv connection 41 from local rank 0, transport 0
n232-194-226:234884:234936 [0] NCCL INFO proxyProgressAsync opId=0x7f6516bbc360 op.type=1 op.reqBuff=0x7f6554028130 op.respSize=16 done
n232-194-226:234884:234901 [0] NCCL INFO ncclPollProxyResponse Received new opId=0x7f6516bbc360
n232-194-226:234884:234936 [0] NCCL INFO Received and initiated operation=Init res=0
n232-194-226:234884:234901 [0] NCCL INFO recvOpId=0x7f6516bbc360 matches expected opId=0x7f6516bbc360
n232-194-226:234884:234901 [0] NCCL INFO Connection to proxy localRank 0 -> connection 0x7f6554003eb0
n232-194-226:234885:234935 [1] NCCL INFO transport/p2p.cc:204 Cuda Alloc Size 10485760 pointer 0x7f3807400000
n232-194-226:234885:234935 [1] NCCL INFO Allocated shareable buffer 0x7f3807400000 size 10485760 ipcDesc 0x7f382800f1c0
n232-194-226:234885:234935 [1] NCCL INFO proxyProgressAsync opId=0x7f3832bbc500 op.type=3 op.reqBuff=0x7f3828029dc0 op.respSize=80 done
n232-194-226:234885:234904 [1] NCCL INFO ncclPollProxyResponse Received new opId=0x7f3832bbc500
n232-194-226:234885:234904 [1] NCCL INFO recvOpId=0x7f3832bbc500 matches expected opId=0x7f3832bbc500
n232-194-226:234885:234935 [1] NCCL INFO Received and initiated operation=Setup res=0
n232-194-226:234885:234935 [1] NCCL INFO New proxy recv connection 44 from local rank 1, transport 0
n232-194-226:234885:234935 [1] NCCL INFO proxyProgressAsync opId=0x7f3832bbc500 op.type=1 op.reqBuff=0x7f3828029dc0 op.respSize=16 done
n232-194-226:234885:234904 [1] NCCL INFO ncclPollProxyResponse Received new opId=0x7f3832bbc500
n232-194-226:234885:234904 [1] NCCL INFO recvOpId=0x7f3832bbc500 matches expected opId=0x7f3832bbc500
n232-194-226:234885:234935 [1] NCCL INFO Received and initiated operation=Init res=0
n232-194-226:234885:234904 [1] NCCL INFO Connection to proxy localRank 1 -> connection 0x7f3828003f10
n232-194-226:234886:234933 [2] NCCL INFO transport/p2p.cc:204 Cuda Alloc Size 10485760 pointer 0x7f135e000000
n232-194-226:234886:234933 [2] NCCL INFO Allocated shareable buffer 0x7f135e000000 size 10485760 ipcDesc 0x7f138000f1c0
n232-194-226:234886:234933 [2] NCCL INFO proxyProgressAsync opId=0x7f138ebbc360 op.type=3 op.reqBuff=0x7f138002b790 op.respSize=80 done
n232-194-226:234886:234902 [2] NCCL INFO ncclPollProxyResponse Received new opId=0x7f138ebbc360
n232-194-226:234886:234933 [2] NCCL INFO Received and initiated operation=Setup res=0
n232-194-226:234886:234902 [2] NCCL INFO recvOpId=0x7f138ebbc360 matches expected opId=0x7f138ebbc360
n232-194-226:234887:234934 [3] NCCL INFO transport/p2p.cc:204 Cuda Alloc Size 2097152 pointer 0x7f72ad800000
n232-194-226:234886:234933 [2] NCCL INFO New proxy recv connection 45 from local rank 2, transport 0
n232-194-226:234886:234933 [2] NCCL INFO proxyProgressAsync opId=0x7f138ebbc360 op.type=1 op.reqBuff=0x7f138002b790 op.respSize=16 done
n232-194-226:234886:234902 [2] NCCL INFO ncclPollProxyResponse Received new opId=0x7f138ebbc360
n232-194-226:234886:234902 [2] NCCL INFO recvOpId=0x7f138ebbc360 matches expected opId=0x7f138ebbc360
n232-194-226:234886:234933 [2] NCCL INFO Received and initiated operation=Init res=0
n232-194-226:234887:234934 [3] NCCL INFO Allocated shareable buffer 0x7f72ad800000 size 2097152 ipcDesc 0x7f72c000f1c0
n232-194-226:234887:234934 [3] NCCL INFO proxyProgressAsync opId=0x7f72cebbc360 op.type=3 op.reqBuff=0x7f72c00275d0 op.respSize=80 done
n232-194-226:234886:234902 [2] NCCL INFO Connection to proxy localRank 2 -> connection 0x7f1380003f60
n232-194-226:234887:234903 [3] NCCL INFO ncclPollProxyResponse Received new opId=0x7f72cebbc360
n232-194-226:234887:234903 [3] NCCL INFO recvOpId=0x7f72cebbc360 matches expected opId=0x7f72cebbc360
n232-194-226:234887:234934 [3] NCCL INFO Received and initiated operation=Setup res=0
n232-194-226:234887:234903 [3] NCCL INFO Channel 09/0 : 3[3] -> 2[2] via P2P/IPC
n232-194-226:234884:234936 [0] NCCL INFO transport/p2p.cc:204 Cuda Alloc Size 10485760 pointer 0x7f64ee000000
n232-194-226:234887:234934 [3] NCCL INFO New proxy send connection 41 from local rank 3, transport 0
n232-194-226:234887:234934 [3] NCCL INFO proxyProgressAsync opId=0x7f72cebbc360 op.type=1 op.reqBuff=0x7f72c00275d0 op.respSize=16 done
n232-194-226:234887:234903 [3] NCCL INFO ncclPollProxyResponse Received new opId=0x7f72cebbc360
n232-194-226:234887:234903 [3] NCCL INFO recvOpId=0x7f72cebbc360 matches expected opId=0x7f72cebbc360
n232-194-226:234887:234934 [3] NCCL INFO Received and initiated operation=Init res=0
n232-194-226:234887:234903 [3] NCCL INFO Connection to proxy localRank 3 -> connection 0x7f72c0003e20
n232-194-226:234884:234936 [0] NCCL INFO Allocated shareable buffer 0x7f64ee000000 size 10485760 ipcDesc 0x7f655400f170
n232-194-226:234884:234936 [0] NCCL INFO proxyProgressAsync opId=0x7f6516bbc360 op.type=3 op.reqBuff=0x7f6554028170 op.respSize=80 done
n232-194-226:234884:234901 [0] NCCL INFO ncclPollProxyResponse Received new opId=0x7f6516bbc360
n232-194-226:234884:234901 [0] NCCL INFO recvOpId=0x7f6516bbc360 matches expected opId=0x7f6516bbc360
n232-194-226:234884:234936 [0] NCCL INFO Received and initiated operation=Setup res=0
n232-194-226:234884:234936 [0] NCCL INFO New proxy recv connection 42 from local rank 0, transport 0
n232-194-226:234884:234936 [0] NCCL INFO proxyProgressAsync opId=0x7f6516bbc360 op.type=1 op.reqBuff=0x7f6554028170 op.respSize=16 done
n232-194-226:234884:234901 [0] NCCL INFO ncclPollProxyResponse Received new opId=0x7f6516bbc360
n232-194-226:234884:234936 [0] NCCL INFO Received and initiated operation=Init res=0
n232-194-226:234884:234901 [0] NCCL INFO recvOpId=0x7f6516bbc360 matches expected opId=0x7f6516bbc360
n232-194-226:234884:234901 [0] NCCL INFO Connection to proxy localRank 0 -> connection 0x7f6554003f00
n232-194-226:234885:234935 [1] NCCL INFO transport/p2p.cc:204 Cuda Alloc Size 10485760 pointer 0x7f3804000000
n232-194-226:234885:234935 [1] NCCL INFO Allocated shareable buffer 0x7f3804000000 size 10485760 ipcDesc 0x7f382800f1c0
n232-194-226:234885:234935 [1] NCCL INFO proxyProgressAsync opId=0x7f3832bbc500 op.type=3 op.reqBuff=0x7f382802b970 op.respSize=80 done
n232-194-226:234885:234904 [1] NCCL INFO ncclPollProxyResponse Received new opId=0x7f3832bbc500
n232-194-226:234885:234904 [1] NCCL INFO recvOpId=0x7f3832bbc500 matches expected opId=0x7f3832bbc500
n232-194-226:234885:234935 [1] NCCL INFO Received and initiated operation=Setup res=0
n232-194-226:234885:234935 [1] NCCL INFO New proxy recv connection 45 from local rank 1, transport 0
n232-194-226:234885:234935 [1] NCCL INFO proxyProgressAsync opId=0x7f3832bbc500 op.type=1 op.reqBuff=0x7f382802b970 op.respSize=16 done
n232-194-226:234885:234904 [1] NCCL INFO ncclPollProxyResponse Received new opId=0x7f3832bbc500
n232-194-226:234885:234904 [1] NCCL INFO recvOpId=0x7f3832bbc500 matches expected opId=0x7f3832bbc500
n232-194-226:234885:234935 [1] NCCL INFO Received and initiated operation=Init res=0
n232-194-226:234885:234904 [1] NCCL INFO Connection to proxy localRank 1 -> connection 0x7f3828003f60
n232-194-226:234886:234933 [2] NCCL INFO transport/p2p.cc:204 Cuda Alloc Size 10485760 pointer 0x7f135ea00000
n232-194-226:234886:234933 [2] NCCL INFO Allocated shareable buffer 0x7f135ea00000 size 10485760 ipcDesc 0x7f138000f1c0
n232-194-226:234886:234933 [2] NCCL INFO proxyProgressAsync opId=0x7f138ebbc360 op.type=3 op.reqBuff=0x7f138002b7d0 op.respSize=80 done
n232-194-226:234886:234902 [2] NCCL INFO ncclPollProxyResponse Received new opId=0x7f138ebbc360
n232-194-226:234886:234933 [2] NCCL INFO Received and initiated operation=Setup res=0
n232-194-226:234886:234902 [2] NCCL INFO recvOpId=0x7f138ebbc360 matches expected opId=0x7f138ebbc360
n232-194-226:234887:234934 [3] NCCL INFO transport/p2p.cc:204 Cuda Alloc Size 2097152 pointer 0x7f72ada00000
n232-194-226:234886:234933 [2] NCCL INFO New proxy recv connection 46 from local rank 2, transport 0
n232-194-226:234886:234933 [2] NCCL INFO proxyProgressAsync opId=0x7f138ebbc360 op.type=1 op.reqBuff=0x7f138002b7d0 op.respSize=16 done
n232-194-226:234886:234902 [2] NCCL INFO ncclPollProxyResponse Received new opId=0x7f138ebbc360
n232-194-226:234886:234902 [2] NCCL INFO recvOpId=0x7f138ebbc360 matches expected opId=0x7f138ebbc360
n232-194-226:234886:234933 [2] NCCL INFO Received and initiated operation=Init res=0
n232-194-226:234886:234902 [2] NCCL INFO Connection to proxy localRank 2 -> connection 0x7f1380003fb0
n232-194-226:234887:234934 [3] NCCL INFO Allocated shareable buffer 0x7f72ada00000 size 2097152 ipcDesc 0x7f72c000f1c0
n232-194-226:234887:234934 [3] NCCL INFO proxyProgressAsync opId=0x7f72cebbc360 op.type=3 op.reqBuff=0x7f72c0027610 op.respSize=80 done
n232-194-226:234887:234903 [3] NCCL INFO ncclPollProxyResponse Received new opId=0x7f72cebbc360
n232-194-226:234884:234936 [0] NCCL INFO transport/p2p.cc:204 Cuda Alloc Size 10485760 pointer 0x7f64eea00000
n232-194-226:234887:234903 [3] NCCL INFO recvOpId=0x7f72cebbc360 matches expected opId=0x7f72cebbc360
n232-194-226:234887:234934 [3] NCCL INFO Received and initiated operation=Setup res=0
n232-194-226:234887:234903 [3] NCCL INFO Channel 10/0 : 3[3] -> 2[2] via P2P/IPC
n232-194-226:234887:234934 [3] NCCL INFO New proxy send connection 42 from local rank 3, transport 0
n232-194-226:234884:234936 [0] NCCL INFO Allocated shareable buffer 0x7f64eea00000 size 10485760 ipcDesc 0x7f655400f170
n232-194-226:234884:234936 [0] NCCL INFO proxyProgressAsync opId=0x7f6516bbc360 op.type=3 op.reqBuff=0x7f6554029970 op.respSize=80 done
n232-194-226:234887:234934 [3] NCCL INFO proxyProgressAsync opId=0x7f72cebbc360 op.type=1 op.reqBuff=0x7f72c0027610 op.respSize=16 done
n232-194-226:234884:234901 [0] NCCL INFO ncclPollProxyResponse Received new opId=0x7f6516bbc360
n232-194-226:234887:234903 [3] NCCL INFO ncclPollProxyResponse Received new opId=0x7f72cebbc360
n232-194-226:234884:234936 [0] NCCL INFO Received and initiated operation=Setup res=0
n232-194-226:234887:234934 [3] NCCL INFO Received and initiated operation=Init res=0
n232-194-226:234887:234903 [3] NCCL INFO recvOpId=0x7f72cebbc360 matches expected opId=0x7f72cebbc360
n232-194-226:234884:234901 [0] NCCL INFO recvOpId=0x7f6516bbc360 matches expected opId=0x7f6516bbc360
n232-194-226:234887:234903 [3] NCCL INFO Connection to proxy localRank 3 -> connection 0x7f72c0003e70
n232-194-226:234884:234936 [0] NCCL INFO New proxy recv connection 43 from local rank 0, transport 0
n232-194-226:234884:234936 [0] NCCL INFO proxyProgressAsync opId=0x7f6516bbc360 op.type=1 op.reqBuff=0x7f6554029970 op.respSize=16 done
n232-194-226:234884:234901 [0] NCCL INFO ncclPollProxyResponse Received new opId=0x7f6516bbc360
n232-194-226:234884:234936 [0] NCCL INFO Received and initiated operation=Init res=0
n232-194-226:234884:234901 [0] NCCL INFO recvOpId=0x7f6516bbc360 matches expected opId=0x7f6516bbc360
n232-194-226:234884:234901 [0] NCCL INFO Connection to proxy localRank 0 -> connection 0x7f6554003f50
n232-194-226:234885:234935 [1] NCCL INFO transport/p2p.cc:204 Cuda Alloc Size 10485760 pointer 0x7f3804a00000
n232-194-226:234885:234935 [1] NCCL INFO Allocated shareable buffer 0x7f3804a00000 size 10485760 ipcDesc 0x7f382800f1c0
n232-194-226:234885:234935 [1] NCCL INFO proxyProgressAsync opId=0x7f3832bbc500 op.type=3 op.reqBuff=0x7f382802b9b0 op.respSize=80 done
n232-194-226:234885:234904 [1] NCCL INFO ncclPollProxyResponse Received new opId=0x7f3832bbc500
n232-194-226:234885:234935 [1] NCCL INFO Received and initiated operation=Setup res=0
n232-194-226:234885:234904 [1] NCCL INFO recvOpId=0x7f3832bbc500 matches expected opId=0x7f3832bbc500
n232-194-226:234885:234935 [1] NCCL INFO New proxy recv connection 46 from local rank 1, transport 0
n232-194-226:234885:234935 [1] NCCL INFO proxyProgressAsync opId=0x7f3832bbc500 op.type=1 op.reqBuff=0x7f382802b9b0 op.respSize=16 done
n232-194-226:234885:234904 [1] NCCL INFO ncclPollProxyResponse Received new opId=0x7f3832bbc500
n232-194-226:234885:234904 [1] NCCL INFO recvOpId=0x7f3832bbc500 matches expected opId=0x7f3832bbc500
n232-194-226:234885:234935 [1] NCCL INFO Received and initiated operation=Init res=0
n232-194-226:234886:234933 [2] NCCL INFO transport/p2p.cc:204 Cuda Alloc Size 10485760 pointer 0x7f135f400000
n232-194-226:234885:234904 [1] NCCL INFO Connection to proxy localRank 1 -> connection 0x7f3828003fb0
n232-194-226:234886:234933 [2] NCCL INFO Allocated shareable buffer 0x7f135f400000 size 10485760 ipcDesc 0x7f138000f1c0
n232-194-226:234886:234933 [2] NCCL INFO proxyProgressAsync opId=0x7f138ebbc360 op.type=3 op.reqBuff=0x7f138002d380 op.respSize=80 done
n232-194-226:234886:234902 [2] NCCL INFO ncclPollProxyResponse Received new opId=0x7f138ebbc360
n232-194-226:234886:234933 [2] NCCL INFO Received and initiated operation=Setup res=0
n232-194-226:234886:234902 [2] NCCL INFO recvOpId=0x7f138ebbc360 matches expected opId=0x7f138ebbc360
n232-194-226:234886:234933 [2] NCCL INFO New proxy recv connection 47 from local rank 2, transport 0
n232-194-226:234886:234933 [2] NCCL INFO proxyProgressAsync opId=0x7f138ebbc360 op.type=1 op.reqBuff=0x7f138002d380 op.respSize=16 done
n232-194-226:234886:234902 [2] NCCL INFO ncclPollProxyResponse Received new opId=0x7f138ebbc360
n232-194-226:234887:234934 [3] NCCL INFO transport/p2p.cc:204 Cuda Alloc Size 2097152 pointer 0x7f72adc00000
n232-194-226:234886:234902 [2] NCCL INFO recvOpId=0x7f138ebbc360 matches expected opId=0x7f138ebbc360
n232-194-226:234886:234933 [2] NCCL INFO Received and initiated operation=Init res=0
n232-194-226:234886:234902 [2] NCCL INFO Connection to proxy localRank 2 -> connection 0x7f1380004000
n232-194-226:234887:234934 [3] NCCL INFO Allocated shareable buffer 0x7f72adc00000 size 2097152 ipcDesc 0x7f72c000f1c0
n232-194-226:234887:234934 [3] NCCL INFO proxyProgressAsync opId=0x7f72cebbc360 op.type=3 op.reqBuff=0x7f72c0028ba0 op.respSize=80 done
n232-194-226:234887:234903 [3] NCCL INFO ncclPollProxyResponse Received new opId=0x7f72cebbc360
n232-194-226:234887:234903 [3] NCCL INFO recvOpId=0x7f72cebbc360 matches expected opId=0x7f72cebbc360
n232-194-226:234887:234934 [3] NCCL INFO Received and initiated operation=Setup res=0
n232-194-226:234887:234903 [3] NCCL INFO Channel 11/0 : 3[3] -> 2[2] via P2P/IPC
n232-194-226:234887:234934 [3] NCCL INFO New proxy send connection 43 from local rank 3, transport 0
n232-194-226:234884:234936 [0] NCCL INFO transport/p2p.cc:204 Cuda Alloc Size 10485760 pointer 0x7f64ef400000
n232-194-226:234887:234934 [3] NCCL INFO proxyProgressAsync opId=0x7f72cebbc360 op.type=1 op.reqBuff=0x7f72c0028ba0 op.respSize=16 done
n232-194-226:234887:234903 [3] NCCL INFO ncclPollProxyResponse Received new opId=0x7f72cebbc360
n232-194-226:234887:234903 [3] NCCL INFO recvOpId=0x7f72cebbc360 matches expected opId=0x7f72cebbc360
n232-194-226:234887:234934 [3] NCCL INFO Received and initiated operation=Init res=0
n232-194-226:234887:234903 [3] NCCL INFO Connection to proxy localRank 3 -> connection 0x7f72c0003ec0
n232-194-226:234884:234936 [0] NCCL INFO Allocated shareable buffer 0x7f64ef400000 size 10485760 ipcDesc 0x7f655400f170
n232-194-226:234884:234936 [0] NCCL INFO proxyProgressAsync opId=0x7f6516bbc360 op.type=3 op.reqBuff=0x7f65540299b0 op.respSize=80 done
n232-194-226:234884:234901 [0] NCCL INFO ncclPollProxyResponse Received new opId=0x7f6516bbc360
n232-194-226:234884:234901 [0] NCCL INFO recvOpId=0x7f6516bbc360 matches expected opId=0x7f6516bbc360
n232-194-226:234884:234936 [0] NCCL INFO Received and initiated operation=Setup res=0
n232-194-226:234884:234936 [0] NCCL INFO New proxy recv connection 44 from local rank 0, transport 0
n232-194-226:234884:234936 [0] NCCL INFO proxyProgressAsync opId=0x7f6516bbc360 op.type=1 op.reqBuff=0x7f65540299b0 op.respSize=16 done
n232-194-226:234884:234901 [0] NCCL INFO ncclPollProxyResponse Received new opId=0x7f6516bbc360
n232-194-226:234884:234936 [0] NCCL INFO Received and initiated operation=Init res=0
n232-194-226:234884:234901 [0] NCCL INFO recvOpId=0x7f6516bbc360 matches expected opId=0x7f6516bbc360
n232-194-226:234884:234901 [0] NCCL INFO Connection to proxy localRank 0 -> connection 0x7f6554003fa0
n232-194-226:234885:234935 [1] NCCL INFO transport/p2p.cc:204 Cuda Alloc Size 10485760 pointer 0x7f3805400000
n232-194-226:234885:234935 [1] NCCL INFO Allocated shareable buffer 0x7f3805400000 size 10485760 ipcDesc 0x7f382800f1c0
n232-194-226:234885:234935 [1] NCCL INFO proxyProgressAsync opId=0x7f3832bbc500 op.type=3 op.reqBuff=0x7f382802d560 op.respSize=80 done
n232-194-226:234885:234904 [1] NCCL INFO ncclPollProxyResponse Received new opId=0x7f3832bbc500
n232-194-226:234885:234935 [1] NCCL INFO Received and initiated operation=Setup res=0
n232-194-226:234885:234904 [1] NCCL INFO recvOpId=0x7f3832bbc500 matches expected opId=0x7f3832bbc500
n232-194-226:234886:234933 [2] NCCL INFO transport/p2p.cc:204 Cuda Alloc Size 10485760 pointer 0x7f135c000000
n232-194-226:234885:234935 [1] NCCL INFO New proxy recv connection 47 from local rank 1, transport 0
n232-194-226:234885:234935 [1] NCCL INFO proxyProgressAsync opId=0x7f3832bbc500 op.type=1 op.reqBuff=0x7f382802d560 op.respSize=16 done
n232-194-226:234885:234904 [1] NCCL INFO ncclPollProxyResponse Received new opId=0x7f3832bbc500
n232-194-226:234885:234935 [1] NCCL INFO Received and initiated operation=Init res=0
n232-194-226:234885:234904 [1] NCCL INFO recvOpId=0x7f3832bbc500 matches expected opId=0x7f3832bbc500
n232-194-226:234885:234904 [1] NCCL INFO Connection to proxy localRank 1 -> connection 0x7f3828004000
n232-194-226:234886:234933 [2] NCCL INFO Allocated shareable buffer 0x7f135c000000 size 10485760 ipcDesc 0x7f138000f1c0
n232-194-226:234886:234933 [2] NCCL INFO proxyProgressAsync opId=0x7f138ebbc360 op.type=3 op.reqBuff=0x7f138002d3c0 op.respSize=80 done
n232-194-226:234886:234902 [2] NCCL INFO ncclPollProxyResponse Received new opId=0x7f138ebbc360
n232-194-226:234886:234902 [2] NCCL INFO recvOpId=0x7f138ebbc360 matches expected opId=0x7f138ebbc360
n232-194-226:234886:234933 [2] NCCL INFO Received and initiated operation=Setup res=0
n232-194-226:234886:234902 [2] NCCL INFO Channel 00/0 : 2[2] -> 1[1] via P2P/IPC
n232-194-226:234886:234933 [2] NCCL INFO New proxy send connection 48 from local rank 2, transport 0
n232-194-226:234886:234933 [2] NCCL INFO proxyProgressAsync opId=0x7f138ebbc360 op.type=1 op.reqBuff=0x7f138002d3c0 op.respSize=16 done
n232-194-226:234886:234902 [2] NCCL INFO ncclPollProxyResponse Received new opId=0x7f138ebbc360
n232-194-226:234887:234934 [3] NCCL INFO transport/p2p.cc:204 Cuda Alloc Size 2097152 pointer 0x7f72ade00000
n232-194-226:234886:234902 [2] NCCL INFO recvOpId=0x7f138ebbc360 matches expected opId=0x7f138ebbc360
n232-194-226:234886:234933 [2] NCCL INFO Received and initiated operation=Init res=0
n232-194-226:234886:234902 [2] NCCL INFO Connection to proxy localRank 2 -> connection 0x7f1380004050
n232-194-226:234887:234934 [3] NCCL INFO Allocated shareable buffer 0x7f72ade00000 size 2097152 ipcDesc 0x7f72c000f1c0
n232-194-226:234887:234934 [3] NCCL INFO proxyProgressAsync opId=0x7f72cebbc360 op.type=3 op.reqBuff=0x7f72c0028be0 op.respSize=80 done
n232-194-226:234887:234903 [3] NCCL INFO ncclPollProxyResponse Received new opId=0x7f72cebbc360
n232-194-226:234887:234903 [3] NCCL INFO recvOpId=0x7f72cebbc360 matches expected opId=0x7f72cebbc360
n232-194-226:234884:234936 [0] NCCL INFO transport/p2p.cc:204 Cuda Alloc Size 10485760 pointer 0x7f64ec000000
n232-194-226:234887:234934 [3] NCCL INFO Received and initiated operation=Setup res=0
n232-194-226:234887:234903 [3] NCCL INFO Channel 12/0 : 3[3] -> 2[2] via P2P/IPC
n232-194-226:234884:234936 [0] NCCL INFO Allocated shareable buffer 0x7f64ec000000 size 10485760 ipcDesc 0x7f655400f170
n232-194-226:234884:234936 [0] NCCL INFO proxyProgressAsync opId=0x7f6516bbc360 op.type=3 op.reqBuff=0x7f655402b560 op.respSize=80 done
n232-194-226:234884:234901 [0] NCCL INFO ncclPollProxyResponse Received new opId=0x7f6516bbc360
n232-194-226:234887:234934 [3] NCCL INFO New proxy send connection 44 from local rank 3, transport 0
n232-194-226:234884:234901 [0] NCCL INFO recvOpId=0x7f6516bbc360 matches expected opId=0x7f6516bbc360
n232-194-226:234887:234934 [3] NCCL INFO proxyProgressAsync opId=0x7f72cebbc360 op.type=1 op.reqBuff=0x7f72c0028be0 op.respSize=16 done
n232-194-226:234884:234936 [0] NCCL INFO Received and initiated operation=Setup res=0
n232-194-226:234887:234903 [3] NCCL INFO ncclPollProxyResponse Received new opId=0x7f72cebbc360
n232-194-226:234887:234903 [3] NCCL INFO recvOpId=0x7f72cebbc360 matches expected opId=0x7f72cebbc360
n232-194-226:234887:234934 [3] NCCL INFO Received and initiated operation=Init res=0
n232-194-226:234887:234903 [3] NCCL INFO Connection to proxy localRank 3 -> connection 0x7f72c0003f10
n232-194-226:234884:234936 [0] NCCL INFO New proxy recv connection 45 from local rank 0, transport 0
n232-194-226:234884:234936 [0] NCCL INFO proxyProgressAsync opId=0x7f6516bbc360 op.type=1 op.reqBuff=0x7f655402b560 op.respSize=16 done
n232-194-226:234884:234901 [0] NCCL INFO ncclPollProxyResponse Received new opId=0x7f6516bbc360
n232-194-226:234884:234936 [0] NCCL INFO Received and initiated operation=Init res=0
n232-194-226:234884:234901 [0] NCCL INFO recvOpId=0x7f6516bbc360 matches expected opId=0x7f6516bbc360
n232-194-226:234884:234901 [0] NCCL INFO Connection to proxy localRank 0 -> connection 0x7f6554003ff0
n232-194-226:234885:234935 [1] NCCL INFO transport/p2p.cc:204 Cuda Alloc Size 10485760 pointer 0x7f3802000000
n232-194-226:234885:234935 [1] NCCL INFO Allocated shareable buffer 0x7f3802000000 size 10485760 ipcDesc 0x7f382800f1c0
n232-194-226:234885:234935 [1] NCCL INFO proxyProgressAsync opId=0x7f3832bbc500 op.type=3 op.reqBuff=0x7f382802d5a0 op.respSize=80 done
n232-194-226:234885:234904 [1] NCCL INFO ncclPollProxyResponse Received new opId=0x7f3832bbc500
n232-194-226:234885:234935 [1] NCCL INFO Received and initiated operation=Setup res=0
n232-194-226:234885:234904 [1] NCCL INFO recvOpId=0x7f3832bbc500 matches expected opId=0x7f3832bbc500
n232-194-226:234885:234904 [1] NCCL INFO Channel 00/0 : 1[1] -> 0[0] via P2P/IPC
n232-194-226:234885:234935 [1] NCCL INFO New proxy send connection 48 from local rank 1, transport 0
n232-194-226:234885:234935 [1] NCCL INFO proxyProgressAsync opId=0x7f3832bbc500 op.type=1 op.reqBuff=0x7f382802d5a0 op.respSize=16 done
n232-194-226:234885:234904 [1] NCCL INFO ncclPollProxyResponse Received new opId=0x7f3832bbc500
n232-194-226:234886:234933 [2] NCCL INFO transport/p2p.cc:204 Cuda Alloc Size 2097152 pointer 0x7f135ca00000
n232-194-226:234885:234935 [1] NCCL INFO Received and initiated operation=Init res=0
n232-194-226:234885:234904 [1] NCCL INFO recvOpId=0x7f3832bbc500 matches expected opId=0x7f3832bbc500
n232-194-226:234885:234904 [1] NCCL INFO Connection to proxy localRank 1 -> connection 0x7f3828004050
n232-194-226:234886:234933 [2] NCCL INFO Allocated shareable buffer 0x7f135ca00000 size 2097152 ipcDesc 0x7f138000f1c0
n232-194-226:234886:234933 [2] NCCL INFO proxyProgressAsync opId=0x7f138ebbc360 op.type=3 op.reqBuff=0x7f138002ebd0 op.respSize=80 done
n232-194-226:234886:234902 [2] NCCL INFO ncclPollProxyResponse Received new opId=0x7f138ebbc360
n232-194-226:234886:234933 [2] NCCL INFO Received and initiated operation=Setup res=0
n232-194-226:234886:234902 [2] NCCL INFO recvOpId=0x7f138ebbc360 matches expected opId=0x7f138ebbc360
n232-194-226:234886:234902 [2] NCCL INFO Channel 01/0 : 2[2] -> 1[1] via P2P/IPC
n232-194-226:234886:234933 [2] NCCL INFO New proxy send connection 49 from local rank 2, transport 0
n232-194-226:234886:234933 [2] NCCL INFO proxyProgressAsync opId=0x7f138ebbc360 op.type=1 op.reqBuff=0x7f138002ebd0 op.respSize=16 done
n232-194-226:234886:234902 [2] NCCL INFO ncclPollProxyResponse Received new opId=0x7f138ebbc360
n232-194-226:234886:234902 [2] NCCL INFO recvOpId=0x7f138ebbc360 matches expected opId=0x7f138ebbc360
n232-194-226:234886:234902 [2] NCCL INFO Connection to proxy localRank 2 -> connection 0x7f13800040a0
n232-194-226:234886:234933 [2] NCCL INFO Received and initiated operation=Init res=0
n232-194-226:234887:234934 [3] NCCL INFO transport/p2p.cc:204 Cuda Alloc Size 2097152 pointer 0x7f72af800000
n232-194-226:234887:234934 [3] NCCL INFO Allocated shareable buffer 0x7f72af800000 size 2097152 ipcDesc 0x7f72c000f1c0
n232-194-226:234887:234934 [3] NCCL INFO proxyProgressAsync opId=0x7f72cebbc360 op.type=3 op.reqBuff=0x7f72c002a3d0 op.respSize=80 done
n232-194-226:234884:234936 [0] NCCL INFO transport/p2p.cc:204 Cuda Alloc Size 10485760 pointer 0x7f64eca00000
n232-194-226:234887:234903 [3] NCCL INFO ncclPollProxyResponse Received new opId=0x7f72cebbc360
n232-194-226:234887:234903 [3] NCCL INFO recvOpId=0x7f72cebbc360 matches expected opId=0x7f72cebbc360
n232-194-226:234887:234934 [3] NCCL INFO Received and initiated operation=Setup res=0
n232-194-226:234887:234903 [3] NCCL INFO Channel 13/0 : 3[3] -> 2[2] via P2P/IPC
n232-194-226:234887:234934 [3] NCCL INFO New proxy send connection 45 from local rank 3, transport 0
n232-194-226:234887:234934 [3] NCCL INFO proxyProgressAsync opId=0x7f72cebbc360 op.type=1 op.reqBuff=0x7f72c002a3d0 op.respSize=16 done
n232-194-226:234884:234936 [0] NCCL INFO Allocated shareable buffer 0x7f64eca00000 size 10485760 ipcDesc 0x7f655400f170
n232-194-226:234884:234936 [0] NCCL INFO proxyProgressAsync opId=0x7f6516bbc360 op.type=3 op.reqBuff=0x7f655402b5a0 op.respSize=80 done
n232-194-226:234887:234903 [3] NCCL INFO ncclPollProxyResponse Received new opId=0x7f72cebbc360
n232-194-226:234884:234901 [0] NCCL INFO ncclPollProxyResponse Received new opId=0x7f6516bbc360
n232-194-226:234887:234934 [3] NCCL INFO Received and initiated operation=Init res=0
n232-194-226:234887:234903 [3] NCCL INFO recvOpId=0x7f72cebbc360 matches expected opId=0x7f72cebbc360
n232-194-226:234887:234903 [3] NCCL INFO Connection to proxy localRank 3 -> connection 0x7f72c0003f60
n232-194-226:234884:234901 [0] NCCL INFO recvOpId=0x7f6516bbc360 matches expected opId=0x7f6516bbc360
n232-194-226:234884:234936 [0] NCCL INFO Received and initiated operation=Setup res=0
n232-194-226:234884:234936 [0] NCCL INFO New proxy recv connection 46 from local rank 0, transport 0
n232-194-226:234884:234936 [0] NCCL INFO proxyProgressAsync opId=0x7f6516bbc360 op.type=1 op.reqBuff=0x7f655402b5a0 op.respSize=16 done
n232-194-226:234884:234901 [0] NCCL INFO ncclPollProxyResponse Received new opId=0x7f6516bbc360
n232-194-226:234884:234901 [0] NCCL INFO recvOpId=0x7f6516bbc360 matches expected opId=0x7f6516bbc360
n232-194-226:234884:234901 [0] NCCL INFO Connection to proxy localRank 0 -> connection 0x7f6554004040
n232-194-226:234884:234936 [0] NCCL INFO Received and initiated operation=Init res=0
n232-194-226:234885:234935 [1] NCCL INFO transport/p2p.cc:204 Cuda Alloc Size 2097152 pointer 0x7f3802a00000
n232-194-226:234885:234935 [1] NCCL INFO Allocated shareable buffer 0x7f3802a00000 size 2097152 ipcDesc 0x7f382800f1c0
n232-194-226:234885:234935 [1] NCCL INFO proxyProgressAsync opId=0x7f3832bbc500 op.type=3 op.reqBuff=0x7f382802eda0 op.respSize=80 done
n232-194-226:234885:234904 [1] NCCL INFO ncclPollProxyResponse Received new opId=0x7f3832bbc500
n232-194-226:234885:234935 [1] NCCL INFO Received and initiated operation=Setup res=0
n232-194-226:234885:234904 [1] NCCL INFO recvOpId=0x7f3832bbc500 matches expected opId=0x7f3832bbc500
n232-194-226:234885:234904 [1] NCCL INFO Channel 01/0 : 1[1] -> 0[0] via P2P/IPC
n232-194-226:234886:234933 [2] NCCL INFO transport/p2p.cc:204 Cuda Alloc Size 2097152 pointer 0x7f135cc00000
n232-194-226:234885:234935 [1] NCCL INFO New proxy send connection 49 from local rank 1, transport 0
n232-194-226:234885:234935 [1] NCCL INFO proxyProgressAsync opId=0x7f3832bbc500 op.type=1 op.reqBuff=0x7f382802eda0 op.respSize=16 done
n232-194-226:234886:234933 [2] NCCL INFO Allocated shareable buffer 0x7f135cc00000 size 2097152 ipcDesc 0x7f138000f1c0
n232-194-226:234886:234933 [2] NCCL INFO proxyProgressAsync opId=0x7f138ebbc360 op.type=3 op.reqBuff=0x7f138002ec10 op.respSize=80 done
n232-194-226:234885:234904 [1] NCCL INFO ncclPollProxyResponse Received new opId=0x7f3832bbc500
n232-194-226:234885:234935 [1] NCCL INFO Received and initiated operation=Init res=0
n232-194-226:234886:234902 [2] NCCL INFO ncclPollProxyResponse Received new opId=0x7f138ebbc360
n232-194-226:234885:234904 [1] NCCL INFO recvOpId=0x7f3832bbc500 matches expected opId=0x7f3832bbc500
n232-194-226:234885:234904 [1] NCCL INFO Connection to proxy localRank 1 -> connection 0x7f38280040a0
n232-194-226:234886:234933 [2] NCCL INFO Received and initiated operation=Setup res=0
n232-194-226:234886:234902 [2] NCCL INFO recvOpId=0x7f138ebbc360 matches expected opId=0x7f138ebbc360
n232-194-226:234886:234902 [2] NCCL INFO Channel 02/0 : 2[2] -> 1[1] via P2P/IPC
n232-194-226:234886:234933 [2] NCCL INFO New proxy send connection 50 from local rank 2, transport 0
n232-194-226:234886:234933 [2] NCCL INFO proxyProgressAsync opId=0x7f138ebbc360 op.type=1 op.reqBuff=0x7f138002ec10 op.respSize=16 done
n232-194-226:234886:234902 [2] NCCL INFO ncclPollProxyResponse Received new opId=0x7f138ebbc360
n232-194-226:234886:234902 [2] NCCL INFO recvOpId=0x7f138ebbc360 matches expected opId=0x7f138ebbc360
n232-194-226:234886:234933 [2] NCCL INFO Received and initiated operation=Init res=0
n232-194-226:234886:234902 [2] NCCL INFO Connection to proxy localRank 2 -> connection 0x7f13800040f0
n232-194-226:234887:234934 [3] NCCL INFO transport/p2p.cc:204 Cuda Alloc Size 2097152 pointer 0x7f72afa00000
n232-194-226:234884:234936 [0] NCCL INFO transport/p2p.cc:204 Cuda Alloc Size 10485760 pointer 0x7f64ed400000
n232-194-226:234887:234934 [3] NCCL INFO Allocated shareable buffer 0x7f72afa00000 size 2097152 ipcDesc 0x7f72c000f1c0
n232-194-226:234887:234934 [3] NCCL INFO proxyProgressAsync opId=0x7f72cebbc360 op.type=3 op.reqBuff=0x7f72c002a410 op.respSize=80 done
n232-194-226:234887:234903 [3] NCCL INFO ncclPollProxyResponse Received new opId=0x7f72cebbc360
n232-194-226:234887:234903 [3] NCCL INFO recvOpId=0x7f72cebbc360 matches expected opId=0x7f72cebbc360
n232-194-226:234887:234934 [3] NCCL INFO Received and initiated operation=Setup res=0
n232-194-226:234887:234903 [3] NCCL INFO Channel 14/0 : 3[3] -> 2[2] via P2P/IPC
n232-194-226:234884:234936 [0] NCCL INFO Allocated shareable buffer 0x7f64ed400000 size 10485760 ipcDesc 0x7f655400f170
n232-194-226:234884:234936 [0] NCCL INFO proxyProgressAsync opId=0x7f6516bbc360 op.type=3 op.reqBuff=0x7f655402d150 op.respSize=80 done
n232-194-226:234884:234901 [0] NCCL INFO ncclPollProxyResponse Received new opId=0x7f6516bbc360
n232-194-226:234884:234936 [0] NCCL INFO Received and initiated operation=Setup res=0
n232-194-226:234884:234901 [0] NCCL INFO recvOpId=0x7f6516bbc360 matches expected opId=0x7f6516bbc360
n232-194-226:234887:234934 [3] NCCL INFO New proxy send connection 46 from local rank 3, transport 0
n232-194-226:234887:234934 [3] NCCL INFO proxyProgressAsync opId=0x7f72cebbc360 op.type=1 op.reqBuff=0x7f72c002a410 op.respSize=16 done
n232-194-226:234887:234903 [3] NCCL INFO ncclPollProxyResponse Received new opId=0x7f72cebbc360
n232-194-226:234887:234903 [3] NCCL INFO recvOpId=0x7f72cebbc360 matches expected opId=0x7f72cebbc360
n232-194-226:234887:234934 [3] NCCL INFO Received and initiated operation=Init res=0
n232-194-226:234884:234936 [0] NCCL INFO New proxy recv connection 47 from local rank 0, transport 0
n232-194-226:234884:234936 [0] NCCL INFO proxyProgressAsync opId=0x7f6516bbc360 op.type=1 op.reqBuff=0x7f655402d150 op.respSize=16 done
n232-194-226:234887:234903 [3] NCCL INFO Connection to proxy localRank 3 -> connection 0x7f72c0003fb0
n232-194-226:234884:234901 [0] NCCL INFO ncclPollProxyResponse Received new opId=0x7f6516bbc360
n232-194-226:234884:234901 [0] NCCL INFO recvOpId=0x7f6516bbc360 matches expected opId=0x7f6516bbc360
n232-194-226:234884:234936 [0] NCCL INFO Received and initiated operation=Init res=0
n232-194-226:234884:234901 [0] NCCL INFO Connection to proxy localRank 0 -> connection 0x7f6554004090
n232-194-226:234885:234935 [1] NCCL INFO transport/p2p.cc:204 Cuda Alloc Size 2097152 pointer 0x7f3802c00000
n232-194-226:234886:234933 [2] NCCL INFO transport/p2p.cc:204 Cuda Alloc Size 2097152 pointer 0x7f135ce00000
n232-194-226:234885:234935 [1] NCCL INFO Allocated shareable buffer 0x7f3802c00000 size 2097152 ipcDesc 0x7f382800f1c0
n232-194-226:234885:234935 [1] NCCL INFO proxyProgressAsync opId=0x7f3832bbc500 op.type=3 op.reqBuff=0x7f382802ede0 op.respSize=80 done
n232-194-226:234885:234904 [1] NCCL INFO ncclPollProxyResponse Received new opId=0x7f3832bbc500
n232-194-226:234885:234935 [1] NCCL INFO Received and initiated operation=Setup res=0
n232-194-226:234885:234904 [1] NCCL INFO recvOpId=0x7f3832bbc500 matches expected opId=0x7f3832bbc500
n232-194-226:234885:234904 [1] NCCL INFO Channel 02/0 : 1[1] -> 0[0] via P2P/IPC
n232-194-226:234886:234933 [2] NCCL INFO Allocated shareable buffer 0x7f135ce00000 size 2097152 ipcDesc 0x7f138000f1c0
n232-194-226:234886:234933 [2] NCCL INFO proxyProgressAsync opId=0x7f138ebbc360 op.type=3 op.reqBuff=0x7f13800307b0 op.respSize=80 done
n232-194-226:234886:234902 [2] NCCL INFO ncclPollProxyResponse Received new opId=0x7f138ebbc360
n232-194-226:234886:234933 [2] NCCL INFO Received and initiated operation=Setup res=0
n232-194-226:234886:234902 [2] NCCL INFO recvOpId=0x7f138ebbc360 matches expected opId=0x7f138ebbc360
n232-194-226:234885:234935 [1] NCCL INFO New proxy send connection 50 from local rank 1, transport 0
n232-194-226:234886:234902 [2] NCCL INFO Channel 03/0 : 2[2] -> 1[1] via P2P/IPC
n232-194-226:234885:234935 [1] NCCL INFO proxyProgressAsync opId=0x7f3832bbc500 op.type=1 op.reqBuff=0x7f382802ede0 op.respSize=16 done
n232-194-226:234885:234904 [1] NCCL INFO ncclPollProxyResponse Received new opId=0x7f3832bbc500
n232-194-226:234885:234904 [1] NCCL INFO recvOpId=0x7f3832bbc500 matches expected opId=0x7f3832bbc500
n232-194-226:234885:234935 [1] NCCL INFO Received and initiated operation=Init res=0
n232-194-226:234885:234904 [1] NCCL INFO Connection to proxy localRank 1 -> connection 0x7f38280040f0
n232-194-226:234886:234933 [2] NCCL INFO New proxy send connection 51 from local rank 2, transport 0
n232-194-226:234886:234933 [2] NCCL INFO proxyProgressAsync opId=0x7f138ebbc360 op.type=1 op.reqBuff=0x7f13800307b0 op.respSize=16 done
n232-194-226:234886:234902 [2] NCCL INFO ncclPollProxyResponse Received new opId=0x7f138ebbc360
n232-194-226:234887:234934 [3] NCCL INFO transport/p2p.cc:204 Cuda Alloc Size 2097152 pointer 0x7f72afc00000
n232-194-226:234886:234902 [2] NCCL INFO recvOpId=0x7f138ebbc360 matches expected opId=0x7f138ebbc360
n232-194-226:234886:234933 [2] NCCL INFO Received and initiated operation=Init res=0
n232-194-226:234886:234902 [2] NCCL INFO Connection to proxy localRank 2 -> connection 0x7f1380004140
n232-194-226:234887:234934 [3] NCCL INFO Allocated shareable buffer 0x7f72afc00000 size 2097152 ipcDesc 0x7f72c000f1c0
n232-194-226:234887:234934 [3] NCCL INFO proxyProgressAsync opId=0x7f72cebbc360 op.type=3 op.reqBuff=0x7f72c002b990 op.respSize=80 done
n232-194-226:234887:234903 [3] NCCL INFO ncclPollProxyResponse Received new opId=0x7f72cebbc360
n232-194-226:234887:234903 [3] NCCL INFO recvOpId=0x7f72cebbc360 matches expected opId=0x7f72cebbc360
n232-194-226:234887:234934 [3] NCCL INFO Received and initiated operation=Setup res=0
n232-194-226:234887:234903 [3] NCCL INFO Channel 15/0 : 3[3] -> 2[2] via P2P/IPC
n232-194-226:234887:234934 [3] NCCL INFO New proxy send connection 47 from local rank 3, transport 0
n232-194-226:234884:234936 [0] NCCL INFO transport/p2p.cc:204 Cuda Alloc Size 10485760 pointer 0x7f64ea000000
n232-194-226:234887:234934 [3] NCCL INFO proxyProgressAsync opId=0x7f72cebbc360 op.type=1 op.reqBuff=0x7f72c002b990 op.respSize=16 done
n232-194-226:234887:234903 [3] NCCL INFO ncclPollProxyResponse Received new opId=0x7f72cebbc360
n232-194-226:234887:234903 [3] NCCL INFO recvOpId=0x7f72cebbc360 matches expected opId=0x7f72cebbc360
n232-194-226:234884:234936 [0] NCCL INFO Allocated shareable buffer 0x7f64ea000000 size 10485760 ipcDesc 0x7f655400f170
n232-194-226:234884:234936 [0] NCCL INFO proxyProgressAsync opId=0x7f6516bbc360 op.type=3 op.reqBuff=0x7f655402d190 op.respSize=80 done
n232-194-226:234887:234903 [3] NCCL INFO Connection to proxy localRank 3 -> connection 0x7f72c0004000
n232-194-226:234887:234934 [3] NCCL INFO Received and initiated operation=Init res=0
n232-194-226:234884:234901 [0] NCCL INFO ncclPollProxyResponse Received new opId=0x7f6516bbc360
n232-194-226:234884:234936 [0] NCCL INFO Received and initiated operation=Setup res=0
n232-194-226:234884:234901 [0] NCCL INFO recvOpId=0x7f6516bbc360 matches expected opId=0x7f6516bbc360
n232-194-226:234885:234935 [1] NCCL INFO transport/p2p.cc:204 Cuda Alloc Size 2097152 pointer 0x7f3802e00000
n232-194-226:234885:234935 [1] NCCL INFO Allocated shareable buffer 0x7f3802e00000 size 2097152 ipcDesc 0x7f382800f1c0
n232-194-226:234885:234935 [1] NCCL INFO proxyProgressAsync opId=0x7f3832bbc500 op.type=3 op.reqBuff=0x7f3828030990 op.respSize=80 done
n232-194-226:234885:234904 [1] NCCL INFO ncclPollProxyResponse Received new opId=0x7f3832bbc500
n232-194-226:234885:234935 [1] NCCL INFO Received and initiated operation=Setup res=0
n232-194-226:234885:234904 [1] NCCL INFO recvOpId=0x7f3832bbc500 matches expected opId=0x7f3832bbc500
n232-194-226:234885:234904 [1] NCCL INFO Channel 03/0 : 1[1] -> 0[0] via P2P/IPC
n232-194-226:234886:234933 [2] NCCL INFO transport/p2p.cc:204 Cuda Alloc Size 2097152 pointer 0x7f135d000000
n232-194-226:234885:234935 [1] NCCL INFO New proxy send connection 51 from local rank 1, transport 0
n232-194-226:234886:234933 [2] NCCL INFO Allocated shareable buffer 0x7f135d000000 size 2097152 ipcDesc 0x7f138000f1c0
n232-194-226:234885:234935 [1] NCCL INFO proxyProgressAsync opId=0x7f3832bbc500 op.type=1 op.reqBuff=0x7f3828030990 op.respSize=16 done
n232-194-226:234886:234933 [2] NCCL INFO proxyProgressAsync opId=0x7f138ebbc360 op.type=3 op.reqBuff=0x7f13800307f0 op.respSize=80 done
n232-194-226:234885:234904 [1] NCCL INFO ncclPollProxyResponse Received new opId=0x7f3832bbc500
n232-194-226:234886:234902 [2] NCCL INFO ncclPollProxyResponse Received new opId=0x7f138ebbc360
n232-194-226:234885:234935 [1] NCCL INFO Received and initiated operation=Init res=0
n232-194-226:234886:234933 [2] NCCL INFO Received and initiated operation=Setup res=0
n232-194-226:234885:234904 [1] NCCL INFO recvOpId=0x7f3832bbc500 matches expected opId=0x7f3832bbc500
n232-194-226:234886:234902 [2] NCCL INFO recvOpId=0x7f138ebbc360 matches expected opId=0x7f138ebbc360
n232-194-226:234885:234904 [1] NCCL INFO Connection to proxy localRank 1 -> connection 0x7f3828004140
n232-194-226:234886:234902 [2] NCCL INFO Channel 04/0 : 2[2] -> 1[1] via P2P/IPC
n232-194-226:234886:234933 [2] NCCL INFO New proxy send connection 52 from local rank 2, transport 0
n232-194-226:234886:234933 [2] NCCL INFO proxyProgressAsync opId=0x7f138ebbc360 op.type=1 op.reqBuff=0x7f13800307f0 op.respSize=16 done
n232-194-226:234886:234902 [2] NCCL INFO ncclPollProxyResponse Received new opId=0x7f138ebbc360
n232-194-226:234887:234934 [3] NCCL INFO transport/p2p.cc:204 Cuda Alloc Size 2097152 pointer 0x7f72afe00000
n232-194-226:234886:234933 [2] NCCL INFO Received and initiated operation=Init res=0
n232-194-226:234886:234902 [2] NCCL INFO recvOpId=0x7f138ebbc360 matches expected opId=0x7f138ebbc360
n232-194-226:234886:234902 [2] NCCL INFO Connection to proxy localRank 2 -> connection 0x7f1380004190
n232-194-226:234887:234934 [3] NCCL INFO Allocated shareable buffer 0x7f72afe00000 size 2097152 ipcDesc 0x7f72c000f1c0
n232-194-226:234887:234934 [3] NCCL INFO proxyProgressAsync opId=0x7f72cebbc360 op.type=3 op.reqBuff=0x7f72c002b9d0 op.respSize=80 done
n232-194-226:234887:234903 [3] NCCL INFO ncclPollProxyResponse Received new opId=0x7f72cebbc360
n232-194-226:234887:234934 [3] NCCL INFO Received and initiated operation=Setup res=0
n232-194-226:234887:234903 [3] NCCL INFO recvOpId=0x7f72cebbc360 matches expected opId=0x7f72cebbc360
n232-194-226:234885:234935 [1] NCCL INFO transport/p2p.cc:204 Cuda Alloc Size 2097152 pointer 0x7f3803000000
n232-194-226:234885:234935 [1] NCCL INFO Allocated shareable buffer 0x7f3803000000 size 2097152 ipcDesc 0x7f382800f1c0
n232-194-226:234885:234935 [1] NCCL INFO proxyProgressAsync opId=0x7f3832bbc500 op.type=3 op.reqBuff=0x7f38280309d0 op.respSize=80 done
n232-194-226:234885:234904 [1] NCCL INFO ncclPollProxyResponse Received new opId=0x7f3832bbc500
n232-194-226:234885:234935 [1] NCCL INFO Received and initiated operation=Setup res=0
n232-194-226:234885:234904 [1] NCCL INFO recvOpId=0x7f3832bbc500 matches expected opId=0x7f3832bbc500
n232-194-226:234885:234904 [1] NCCL INFO Channel 04/0 : 1[1] -> 0[0] via P2P/IPC
n232-194-226:234886:234933 [2] NCCL INFO transport/p2p.cc:204 Cuda Alloc Size 2097152 pointer 0x7f135d200000
n232-194-226:234885:234935 [1] NCCL INFO New proxy send connection 52 from local rank 1, transport 0
n232-194-226:234885:234935 [1] NCCL INFO proxyProgressAsync opId=0x7f3832bbc500 op.type=1 op.reqBuff=0x7f38280309d0 op.respSize=16 done
n232-194-226:234886:234933 [2] NCCL INFO Allocated shareable buffer 0x7f135d200000 size 2097152 ipcDesc 0x7f138000f1c0
n232-194-226:234886:234933 [2] NCCL INFO proxyProgressAsync opId=0x7f138ebbc360 op.type=3 op.reqBuff=0x7f1380031ff0 op.respSize=80 done
n232-194-226:234885:234904 [1] NCCL INFO ncclPollProxyResponse Received new opId=0x7f3832bbc500
n232-194-226:234886:234902 [2] NCCL INFO ncclPollProxyResponse Received new opId=0x7f138ebbc360
n232-194-226:234885:234904 [1] NCCL INFO recvOpId=0x7f3832bbc500 matches expected opId=0x7f3832bbc500
n232-194-226:234885:234935 [1] NCCL INFO Received and initiated operation=Init res=0
n232-194-226:234886:234933 [2] NCCL INFO Received and initiated operation=Setup res=0
n232-194-226:234886:234902 [2] NCCL INFO recvOpId=0x7f138ebbc360 matches expected opId=0x7f138ebbc360
n232-194-226:234886:234902 [2] NCCL INFO Channel 05/0 : 2[2] -> 1[1] via P2P/IPC
n232-194-226:234885:234904 [1] NCCL INFO Connection to proxy localRank 1 -> connection 0x7f3828004190
n232-194-226:234886:234933 [2] NCCL INFO New proxy send connection 53 from local rank 2, transport 0
n232-194-226:234886:234933 [2] NCCL INFO proxyProgressAsync opId=0x7f138ebbc360 op.type=1 op.reqBuff=0x7f1380031ff0 op.respSize=16 done
n232-194-226:234886:234902 [2] NCCL INFO ncclPollProxyResponse Received new opId=0x7f138ebbc360
n232-194-226:234886:234902 [2] NCCL INFO recvOpId=0x7f138ebbc360 matches expected opId=0x7f138ebbc360
n232-194-226:234886:234902 [2] NCCL INFO Connection to proxy localRank 2 -> connection 0x7f13800041e0
n232-194-226:234886:234933 [2] NCCL INFO Received and initiated operation=Init res=0
n232-194-226:234885:234935 [1] NCCL INFO transport/p2p.cc:204 Cuda Alloc Size 2097152 pointer 0x7f3803200000
n232-194-226:234885:234935 [1] NCCL INFO Allocated shareable buffer 0x7f3803200000 size 2097152 ipcDesc 0x7f382800f1c0
n232-194-226:234885:234935 [1] NCCL INFO proxyProgressAsync opId=0x7f3832bbc500 op.type=3 op.reqBuff=0x7f38280321d0 op.respSize=80 done
n232-194-226:234885:234904 [1] NCCL INFO ncclPollProxyResponse Received new opId=0x7f3832bbc500
n232-194-226:234885:234904 [1] NCCL INFO recvOpId=0x7f3832bbc500 matches expected opId=0x7f3832bbc500
n232-194-226:234885:234935 [1] NCCL INFO Received and initiated operation=Setup res=0
n232-194-226:234885:234904 [1] NCCL INFO Channel 05/0 : 1[1] -> 0[0] via P2P/IPC
n232-194-226:234886:234933 [2] NCCL INFO transport/p2p.cc:204 Cuda Alloc Size 2097152 pointer 0x7f135d400000
n232-194-226:234886:234933 [2] NCCL INFO Allocated shareable buffer 0x7f135d400000 size 2097152 ipcDesc 0x7f138000f1c0
n232-194-226:234886:234933 [2] NCCL INFO proxyProgressAsync opId=0x7f138ebbc360 op.type=3 op.reqBuff=0x7f1380032030 op.respSize=80 done
n232-194-226:234886:234902 [2] NCCL INFO ncclPollProxyResponse Received new opId=0x7f138ebbc360
n232-194-226:234885:234935 [1] NCCL INFO New proxy send connection 53 from local rank 1, transport 0
