n232-194-226:234788:234814 [0] NCCL INFO Allocated shareable buffer 0x7f3f3d400000 size 10485760 ipcDesc 0x7f3f6000c160
n232-194-226:234788:234814 [0] NCCL INFO proxyProgressAsync opId=0x7f3f46bba200 op.type=3 op.reqBuff=0x7f3f6000c130 op.respSize=80 done
n232-194-226:234788:234798 [0] NCCL INFO ncclPollProxyResponse Received new opId=0x7f3f46bba200
n232-194-226:234788:234814 [0] NCCL INFO Received and initiated operation=Setup res=0
n232-194-226:234788:234798 [0] NCCL INFO recvOpId=0x7f3f46bba200 matches expected opId=0x7f3f46bba200
n232-194-226:234789:234813 [1] NCCL INFO transport/p2p.cc:204 Cuda Alloc Size 10485760 pointer 0x7f7955400000
n232-194-226:234788:234814 [0] NCCL INFO New proxy recv connection 8 from local rank 0, transport 0
n232-194-226:234788:234814 [0] NCCL INFO proxyProgressAsync opId=0x7f3f46bba200 op.type=1 op.reqBuff=0x7f3f6000c130 op.respSize=16 done
n232-194-226:234789:234813 [1] NCCL INFO Allocated shareable buffer 0x7f7955400000 size 10485760 ipcDesc 0x7f795800c1a0
n232-194-226:234789:234813 [1] NCCL INFO proxyProgressAsync opId=0x7f7962bba1b0 op.type=3 op.reqBuff=0x7f795800c170 op.respSize=80 done
n232-194-226:234788:234798 [0] NCCL INFO ncclPollProxyResponse Received new opId=0x7f3f46bba200
n232-194-226:234789:234797 [1] NCCL INFO ncclPollProxyResponse Received new opId=0x7f7962bba1b0
n232-194-226:234788:234814 [0] NCCL INFO Received and initiated operation=Init res=0
n232-194-226:234789:234813 [1] NCCL INFO Received and initiated operation=Setup res=0
n232-194-226:234788:234798 [0] NCCL INFO recvOpId=0x7f3f46bba200 matches expected opId=0x7f3f46bba200
n232-194-226:234788:234798 [0] NCCL INFO Connection to proxy localRank 0 -> connection 0x7f3f600033e0
n232-194-226:234789:234797 [1] NCCL INFO recvOpId=0x7f7962bba1b0 matches expected opId=0x7f7962bba1b0
n232-194-226:234789:234813 [1] NCCL INFO New proxy recv connection 8 from local rank 1, transport 0
n232-194-226:234789:234813 [1] NCCL INFO proxyProgressAsync opId=0x7f7962bba1b0 op.type=1 op.reqBuff=0x7f795800c170 op.respSize=16 done
n232-194-226:234789:234797 [1] NCCL INFO ncclPollProxyResponse Received new opId=0x7f7962bba1b0
n232-194-226:234789:234813 [1] NCCL INFO Received and initiated operation=Init res=0
n232-194-226:234789:234797 [1] NCCL INFO recvOpId=0x7f7962bba1b0 matches expected opId=0x7f7962bba1b0
n232-194-226:234789:234797 [1] NCCL INFO Connection to proxy localRank 1 -> connection 0x7f79580033d0
n232-194-226:234788:234814 [0] NCCL INFO transport/p2p.cc:204 Cuda Alloc Size 10485760 pointer 0x7f3f3a000000
n232-194-226:234788:234814 [0] NCCL INFO Allocated shareable buffer 0x7f3f3a000000 size 10485760 ipcDesc 0x7f3f6000c160
n232-194-226:234788:234814 [0] NCCL INFO proxyProgressAsync opId=0x7f3f46bba200 op.type=3 op.reqBuff=0x7f3f6000c1f0 op.respSize=80 done
n232-194-226:234788:234798 [0] NCCL INFO ncclPollProxyResponse Received new opId=0x7f3f46bba200
n232-194-226:234788:234814 [0] NCCL INFO Received and initiated operation=Setup res=0
n232-194-226:234788:234798 [0] NCCL INFO recvOpId=0x7f3f46bba200 matches expected opId=0x7f3f46bba200
n232-194-226:234788:234814 [0] NCCL INFO New proxy recv connection 9 from local rank 0, transport 0
n232-194-226:234789:234813 [1] NCCL INFO transport/p2p.cc:204 Cuda Alloc Size 10485760 pointer 0x7f7952000000
n232-194-226:234788:234814 [0] NCCL INFO proxyProgressAsync opId=0x7f3f46bba200 op.type=1 op.reqBuff=0x7f3f6000c1f0 op.respSize=16 done
n232-194-226:234789:234813 [1] NCCL INFO Allocated shareable buffer 0x7f7952000000 size 10485760 ipcDesc 0x7f795800c1a0
n232-194-226:234789:234813 [1] NCCL INFO proxyProgressAsync opId=0x7f7962bba1b0 op.type=3 op.reqBuff=0x7f795800c230 op.respSize=80 done
n232-194-226:234788:234798 [0] NCCL INFO ncclPollProxyResponse Received new opId=0x7f3f46bba200
n232-194-226:234788:234814 [0] NCCL INFO Received and initiated operation=Init res=0
n232-194-226:234789:234797 [1] NCCL INFO ncclPollProxyResponse Received new opId=0x7f7962bba1b0
n232-194-226:234789:234813 [1] NCCL INFO Received and initiated operation=Setup res=0
n232-194-226:234788:234798 [0] NCCL INFO recvOpId=0x7f3f46bba200 matches expected opId=0x7f3f46bba200
n232-194-226:234788:234798 [0] NCCL INFO Connection to proxy localRank 0 -> connection 0x7f3f60003430
n232-194-226:234789:234797 [1] NCCL INFO recvOpId=0x7f7962bba1b0 matches expected opId=0x7f7962bba1b0
n232-194-226:234789:234813 [1] NCCL INFO New proxy recv connection 9 from local rank 1, transport 0
n232-194-226:234789:234813 [1] NCCL INFO proxyProgressAsync opId=0x7f7962bba1b0 op.type=1 op.reqBuff=0x7f795800c230 op.respSize=16 done
n232-194-226:234789:234797 [1] NCCL INFO ncclPollProxyResponse Received new opId=0x7f7962bba1b0
n232-194-226:234789:234813 [1] NCCL INFO Received and initiated operation=Init res=0
n232-194-226:234789:234797 [1] NCCL INFO recvOpId=0x7f7962bba1b0 matches expected opId=0x7f7962bba1b0
n232-194-226:234789:234797 [1] NCCL INFO Connection to proxy localRank 1 -> connection 0x7f7958003420
n232-194-226:234788:234814 [0] NCCL INFO transport/p2p.cc:204 Cuda Alloc Size 10485760 pointer 0x7f3f3aa00000
n232-194-226:234788:234814 [0] NCCL INFO Allocated shareable buffer 0x7f3f3aa00000 size 10485760 ipcDesc 0x7f3f6000c160
n232-194-226:234788:234814 [0] NCCL INFO proxyProgressAsync opId=0x7f3f46bba200 op.type=3 op.reqBuff=0x7f3f6000c230 op.respSize=80 done
n232-194-226:234788:234798 [0] NCCL INFO ncclPollProxyResponse Received new opId=0x7f3f46bba200
n232-194-226:234788:234814 [0] NCCL INFO Received and initiated operation=Setup res=0
n232-194-226:234788:234798 [0] NCCL INFO recvOpId=0x7f3f46bba200 matches expected opId=0x7f3f46bba200
n232-194-226:234789:234813 [1] NCCL INFO transport/p2p.cc:204 Cuda Alloc Size 10485760 pointer 0x7f7952a00000
n232-194-226:234788:234814 [0] NCCL INFO New proxy recv connection 10 from local rank 0, transport 0
n232-194-226:234788:234814 [0] NCCL INFO proxyProgressAsync opId=0x7f3f46bba200 op.type=1 op.reqBuff=0x7f3f6000c230 op.respSize=16 done
n232-194-226:234789:234813 [1] NCCL INFO Allocated shareable buffer 0x7f7952a00000 size 10485760 ipcDesc 0x7f795800c1a0
n232-194-226:234789:234813 [1] NCCL INFO proxyProgressAsync opId=0x7f7962bba1b0 op.type=3 op.reqBuff=0x7f795800c270 op.respSize=80 done
n232-194-226:234788:234798 [0] NCCL INFO ncclPollProxyResponse Received new opId=0x7f3f46bba200
n232-194-226:234789:234797 [1] NCCL INFO ncclPollProxyResponse Received new opId=0x7f7962bba1b0
n232-194-226:234788:234814 [0] NCCL INFO Received and initiated operation=Init res=0
n232-194-226:234789:234813 [1] NCCL INFO Received and initiated operation=Setup res=0
n232-194-226:234788:234798 [0] NCCL INFO recvOpId=0x7f3f46bba200 matches expected opId=0x7f3f46bba200
n232-194-226:234789:234797 [1] NCCL INFO recvOpId=0x7f7962bba1b0 matches expected opId=0x7f7962bba1b0
n232-194-226:234788:234798 [0] NCCL INFO Connection to proxy localRank 0 -> connection 0x7f3f60003480
n232-194-226:234789:234813 [1] NCCL INFO New proxy recv connection 10 from local rank 1, transport 0
n232-194-226:234789:234813 [1] NCCL INFO proxyProgressAsync opId=0x7f7962bba1b0 op.type=1 op.reqBuff=0x7f795800c270 op.respSize=16 done
n232-194-226:234789:234797 [1] NCCL INFO ncclPollProxyResponse Received new opId=0x7f7962bba1b0
n232-194-226:234789:234813 [1] NCCL INFO Received and initiated operation=Init res=0
n232-194-226:234789:234797 [1] NCCL INFO recvOpId=0x7f7962bba1b0 matches expected opId=0x7f7962bba1b0
n232-194-226:234789:234797 [1] NCCL INFO Connection to proxy localRank 1 -> connection 0x7f7958003470
n232-194-226:234788:234814 [0] NCCL INFO transport/p2p.cc:204 Cuda Alloc Size 10485760 pointer 0x7f3f3b400000
n232-194-226:234788:234814 [0] NCCL INFO Allocated shareable buffer 0x7f3f3b400000 size 10485760 ipcDesc 0x7f3f6000c160
n232-194-226:234788:234814 [0] NCCL INFO proxyProgressAsync opId=0x7f3f46bba200 op.type=3 op.reqBuff=0x7f3f6000ddc0 op.respSize=80 done
n232-194-226:234788:234798 [0] NCCL INFO ncclPollProxyResponse Received new opId=0x7f3f46bba200
n232-194-226:234788:234814 [0] NCCL INFO Received and initiated operation=Setup res=0
n232-194-226:234788:234798 [0] NCCL INFO recvOpId=0x7f3f46bba200 matches expected opId=0x7f3f46bba200
n232-194-226:234789:234813 [1] NCCL INFO transport/p2p.cc:204 Cuda Alloc Size 10485760 pointer 0x7f7953400000
n232-194-226:234789:234813 [1] NCCL INFO Allocated shareable buffer 0x7f7953400000 size 10485760 ipcDesc 0x7f795800c1a0
n232-194-226:234789:234813 [1] NCCL INFO proxyProgressAsync opId=0x7f7962bba1b0 op.type=3 op.reqBuff=0x7f795800de00 op.respSize=80 done
n232-194-226:234788:234814 [0] NCCL INFO New proxy recv connection 11 from local rank 0, transport 0
n232-194-226:234788:234814 [0] NCCL INFO proxyProgressAsync opId=0x7f3f46bba200 op.type=1 op.reqBuff=0x7f3f6000ddc0 op.respSize=16 done
n232-194-226:234789:234797 [1] NCCL INFO ncclPollProxyResponse Received new opId=0x7f7962bba1b0
n232-194-226:234788:234798 [0] NCCL INFO ncclPollProxyResponse Received new opId=0x7f3f46bba200
n232-194-226:234789:234813 [1] NCCL INFO Received and initiated operation=Setup res=0
n232-194-226:234788:234814 [0] NCCL INFO Received and initiated operation=Init res=0
n232-194-226:234789:234797 [1] NCCL INFO recvOpId=0x7f7962bba1b0 matches expected opId=0x7f7962bba1b0
n232-194-226:234788:234798 [0] NCCL INFO recvOpId=0x7f3f46bba200 matches expected opId=0x7f3f46bba200
n232-194-226:234788:234798 [0] NCCL INFO Connection to proxy localRank 0 -> connection 0x7f3f600034d0
n232-194-226:234789:234813 [1] NCCL INFO New proxy recv connection 11 from local rank 1, transport 0
n232-194-226:234789:234813 [1] NCCL INFO proxyProgressAsync opId=0x7f7962bba1b0 op.type=1 op.reqBuff=0x7f795800de00 op.respSize=16 done
n232-194-226:234789:234797 [1] NCCL INFO ncclPollProxyResponse Received new opId=0x7f7962bba1b0
n232-194-226:234789:234813 [1] NCCL INFO Received and initiated operation=Init res=0
n232-194-226:234789:234797 [1] NCCL INFO recvOpId=0x7f7962bba1b0 matches expected opId=0x7f7962bba1b0
n232-194-226:234789:234797 [1] NCCL INFO Connection to proxy localRank 1 -> connection 0x7f79580034c0
n232-194-226:234788:234814 [0] NCCL INFO transport/p2p.cc:204 Cuda Alloc Size 10485760 pointer 0x7f3f38000000
n232-194-226:234788:234814 [0] NCCL INFO Allocated shareable buffer 0x7f3f38000000 size 10485760 ipcDesc 0x7f3f6000c160
n232-194-226:234788:234814 [0] NCCL INFO proxyProgressAsync opId=0x7f3f46bba200 op.type=3 op.reqBuff=0x7f3f6000de00 op.respSize=80 done
n232-194-226:234788:234798 [0] NCCL INFO ncclPollProxyResponse Received new opId=0x7f3f46bba200
n232-194-226:234788:234814 [0] NCCL INFO Received and initiated operation=Setup res=0
n232-194-226:234788:234798 [0] NCCL INFO recvOpId=0x7f3f46bba200 matches expected opId=0x7f3f46bba200
n232-194-226:234789:234813 [1] NCCL INFO transport/p2p.cc:204 Cuda Alloc Size 10485760 pointer 0x7f7950000000
n232-194-226:234788:234814 [0] NCCL INFO New proxy recv connection 12 from local rank 0, transport 0
n232-194-226:234788:234814 [0] NCCL INFO proxyProgressAsync opId=0x7f3f46bba200 op.type=1 op.reqBuff=0x7f3f6000de00 op.respSize=16 done
n232-194-226:234789:234813 [1] NCCL INFO Allocated shareable buffer 0x7f7950000000 size 10485760 ipcDesc 0x7f795800c1a0
n232-194-226:234789:234813 [1] NCCL INFO proxyProgressAsync opId=0x7f7962bba1b0 op.type=3 op.reqBuff=0x7f795800de40 op.respSize=80 done
n232-194-226:234788:234798 [0] NCCL INFO ncclPollProxyResponse Received new opId=0x7f3f46bba200
n232-194-226:234788:234814 [0] NCCL INFO Received and initiated operation=Init res=0
n232-194-226:234789:234797 [1] NCCL INFO ncclPollProxyResponse Received new opId=0x7f7962bba1b0
n232-194-226:234788:234798 [0] NCCL INFO recvOpId=0x7f3f46bba200 matches expected opId=0x7f3f46bba200
n232-194-226:234788:234798 [0] NCCL INFO Connection to proxy localRank 0 -> connection 0x7f3f60003520
n232-194-226:234789:234813 [1] NCCL INFO Received and initiated operation=Setup res=0
n232-194-226:234789:234797 [1] NCCL INFO recvOpId=0x7f7962bba1b0 matches expected opId=0x7f7962bba1b0
n232-194-226:234789:234813 [1] NCCL INFO New proxy recv connection 12 from local rank 1, transport 0
n232-194-226:234789:234813 [1] NCCL INFO proxyProgressAsync opId=0x7f7962bba1b0 op.type=1 op.reqBuff=0x7f795800de40 op.respSize=16 done
n232-194-226:234789:234797 [1] NCCL INFO ncclPollProxyResponse Received new opId=0x7f7962bba1b0
n232-194-226:234789:234813 [1] NCCL INFO Received and initiated operation=Init res=0
n232-194-226:234789:234797 [1] NCCL INFO recvOpId=0x7f7962bba1b0 matches expected opId=0x7f7962bba1b0
n232-194-226:234789:234797 [1] NCCL INFO Connection to proxy localRank 1 -> connection 0x7f7958003510
n232-194-226:234788:234814 [0] NCCL INFO transport/p2p.cc:204 Cuda Alloc Size 10485760 pointer 0x7f3f38a00000
n232-194-226:234788:234814 [0] NCCL INFO Allocated shareable buffer 0x7f3f38a00000 size 10485760 ipcDesc 0x7f3f6000c160
n232-194-226:234788:234814 [0] NCCL INFO proxyProgressAsync opId=0x7f3f46bba200 op.type=3 op.reqBuff=0x7f3f6000f580 op.respSize=80 done
n232-194-226:234788:234798 [0] NCCL INFO ncclPollProxyResponse Received new opId=0x7f3f46bba200
n232-194-226:234788:234814 [0] NCCL INFO Received and initiated operation=Setup res=0
n232-194-226:234788:234798 [0] NCCL INFO recvOpId=0x7f3f46bba200 matches expected opId=0x7f3f46bba200
n232-194-226:234789:234813 [1] NCCL INFO transport/p2p.cc:204 Cuda Alloc Size 10485760 pointer 0x7f7950a00000
n232-194-226:234788:234814 [0] NCCL INFO New proxy recv connection 13 from local rank 0, transport 0
n232-194-226:234788:234814 [0] NCCL INFO proxyProgressAsync opId=0x7f3f46bba200 op.type=1 op.reqBuff=0x7f3f6000f580 op.respSize=16 done
n232-194-226:234789:234813 [1] NCCL INFO Allocated shareable buffer 0x7f7950a00000 size 10485760 ipcDesc 0x7f795800c1a0
n232-194-226:234789:234813 [1] NCCL INFO proxyProgressAsync opId=0x7f7962bba1b0 op.type=3 op.reqBuff=0x7f795800f5c0 op.respSize=80 done
n232-194-226:234788:234798 [0] NCCL INFO ncclPollProxyResponse Received new opId=0x7f3f46bba200
n232-194-226:234788:234814 [0] NCCL INFO Received and initiated operation=Init res=0
n232-194-226:234789:234797 [1] NCCL INFO ncclPollProxyResponse Received new opId=0x7f7962bba1b0
n232-194-226:234788:234798 [0] NCCL INFO recvOpId=0x7f3f46bba200 matches expected opId=0x7f3f46bba200
n232-194-226:234789:234813 [1] NCCL INFO Received and initiated operation=Setup res=0
n232-194-226:234788:234798 [0] NCCL INFO Connection to proxy localRank 0 -> connection 0x7f3f60003570
n232-194-226:234789:234797 [1] NCCL INFO recvOpId=0x7f7962bba1b0 matches expected opId=0x7f7962bba1b0
n232-194-226:234789:234813 [1] NCCL INFO New proxy recv connection 13 from local rank 1, transport 0
n232-194-226:234789:234813 [1] NCCL INFO proxyProgressAsync opId=0x7f7962bba1b0 op.type=1 op.reqBuff=0x7f795800f5c0 op.respSize=16 done
n232-194-226:234789:234797 [1] NCCL INFO ncclPollProxyResponse Received new opId=0x7f7962bba1b0
n232-194-226:234789:234813 [1] NCCL INFO Received and initiated operation=Init res=0
n232-194-226:234789:234797 [1] NCCL INFO recvOpId=0x7f7962bba1b0 matches expected opId=0x7f7962bba1b0
n232-194-226:234789:234797 [1] NCCL INFO Connection to proxy localRank 1 -> connection 0x7f7958003560
n232-194-226:234788:234814 [0] NCCL INFO transport/p2p.cc:204 Cuda Alloc Size 10485760 pointer 0x7f3f39400000
n232-194-226:234788:234814 [0] NCCL INFO Allocated shareable buffer 0x7f3f39400000 size 10485760 ipcDesc 0x7f3f6000c160
n232-194-226:234788:234814 [0] NCCL INFO proxyProgressAsync opId=0x7f3f46bba200 op.type=3 op.reqBuff=0x7f3f6000f5c0 op.respSize=80 done
n232-194-226:234788:234798 [0] NCCL INFO ncclPollProxyResponse Received new opId=0x7f3f46bba200
n232-194-226:234788:234798 [0] NCCL INFO recvOpId=0x7f3f46bba200 matches expected opId=0x7f3f46bba200
n232-194-226:234788:234814 [0] NCCL INFO Received and initiated operation=Setup res=0
n232-194-226:234789:234813 [1] NCCL INFO transport/p2p.cc:204 Cuda Alloc Size 10485760 pointer 0x7f7951400000
n232-194-226:234789:234813 [1] NCCL INFO Allocated shareable buffer 0x7f7951400000 size 10485760 ipcDesc 0x7f795800c1a0
n232-194-226:234789:234813 [1] NCCL INFO proxyProgressAsync opId=0x7f7962bba1b0 op.type=3 op.reqBuff=0x7f795800f600 op.respSize=80 done
n232-194-226:234788:234814 [0] NCCL INFO New proxy recv connection 14 from local rank 0, transport 0
n232-194-226:234788:234814 [0] NCCL INFO proxyProgressAsync opId=0x7f3f46bba200 op.type=1 op.reqBuff=0x7f3f6000f5c0 op.respSize=16 done
n232-194-226:234789:234797 [1] NCCL INFO ncclPollProxyResponse Received new opId=0x7f7962bba1b0
n232-194-226:234788:234798 [0] NCCL INFO ncclPollProxyResponse Received new opId=0x7f3f46bba200
n232-194-226:234789:234813 [1] NCCL INFO Received and initiated operation=Setup res=0
n232-194-226:234788:234814 [0] NCCL INFO Received and initiated operation=Init res=0
n232-194-226:234789:234797 [1] NCCL INFO recvOpId=0x7f7962bba1b0 matches expected opId=0x7f7962bba1b0
n232-194-226:234788:234798 [0] NCCL INFO recvOpId=0x7f3f46bba200 matches expected opId=0x7f3f46bba200
n232-194-226:234788:234798 [0] NCCL INFO Connection to proxy localRank 0 -> connection 0x7f3f600035c0
n232-194-226:234789:234813 [1] NCCL INFO New proxy recv connection 14 from local rank 1, transport 0
n232-194-226:234789:234813 [1] NCCL INFO proxyProgressAsync opId=0x7f7962bba1b0 op.type=1 op.reqBuff=0x7f795800f600 op.respSize=16 done
n232-194-226:234789:234797 [1] NCCL INFO ncclPollProxyResponse Received new opId=0x7f7962bba1b0
n232-194-226:234789:234813 [1] NCCL INFO Received and initiated operation=Init res=0
n232-194-226:234789:234797 [1] NCCL INFO recvOpId=0x7f7962bba1b0 matches expected opId=0x7f7962bba1b0
n232-194-226:234789:234797 [1] NCCL INFO Connection to proxy localRank 1 -> connection 0x7f79580035b0
n232-194-226:234788:234814 [0] NCCL INFO transport/p2p.cc:204 Cuda Alloc Size 10485760 pointer 0x7f3f36000000
n232-194-226:234788:234814 [0] NCCL INFO Allocated shareable buffer 0x7f3f36000000 size 10485760 ipcDesc 0x7f3f6000c160
n232-194-226:234788:234814 [0] NCCL INFO proxyProgressAsync opId=0x7f3f46bba200 op.type=3 op.reqBuff=0x7f3f600110f0 op.respSize=80 done
n232-194-226:234788:234798 [0] NCCL INFO ncclPollProxyResponse Received new opId=0x7f3f46bba200
n232-194-226:234788:234814 [0] NCCL INFO Received and initiated operation=Setup res=0
n232-194-226:234788:234798 [0] NCCL INFO recvOpId=0x7f3f46bba200 matches expected opId=0x7f3f46bba200
n232-194-226:234789:234813 [1] NCCL INFO transport/p2p.cc:204 Cuda Alloc Size 10485760 pointer 0x7f794e000000
n232-194-226:234788:234814 [0] NCCL INFO New proxy recv connection 15 from local rank 0, transport 0
n232-194-226:234788:234814 [0] NCCL INFO proxyProgressAsync opId=0x7f3f46bba200 op.type=1 op.reqBuff=0x7f3f600110f0 op.respSize=16 done
n232-194-226:234789:234813 [1] NCCL INFO Allocated shareable buffer 0x7f794e000000 size 10485760 ipcDesc 0x7f795800c1a0
n232-194-226:234789:234813 [1] NCCL INFO proxyProgressAsync opId=0x7f7962bba1b0 op.type=3 op.reqBuff=0x7f7958011130 op.respSize=80 done
n232-194-226:234788:234798 [0] NCCL INFO ncclPollProxyResponse Received new opId=0x7f3f46bba200
n232-194-226:234789:234797 [1] NCCL INFO ncclPollProxyResponse Received new opId=0x7f7962bba1b0
n232-194-226:234788:234814 [0] NCCL INFO Received and initiated operation=Init res=0
n232-194-226:234789:234813 [1] NCCL INFO Received and initiated operation=Setup res=0
n232-194-226:234788:234798 [0] NCCL INFO recvOpId=0x7f3f46bba200 matches expected opId=0x7f3f46bba200
n232-194-226:234788:234798 [0] NCCL INFO Connection to proxy localRank 0 -> connection 0x7f3f60003610
n232-194-226:234789:234797 [1] NCCL INFO recvOpId=0x7f7962bba1b0 matches expected opId=0x7f7962bba1b0
n232-194-226:234789:234813 [1] NCCL INFO New proxy recv connection 15 from local rank 1, transport 0
n232-194-226:234789:234813 [1] NCCL INFO proxyProgressAsync opId=0x7f7962bba1b0 op.type=1 op.reqBuff=0x7f7958011130 op.respSize=16 done
n232-194-226:234789:234797 [1] NCCL INFO ncclPollProxyResponse Received new opId=0x7f7962bba1b0
n232-194-226:234789:234813 [1] NCCL INFO Received and initiated operation=Init res=0
n232-194-226:234789:234797 [1] NCCL INFO recvOpId=0x7f7962bba1b0 matches expected opId=0x7f7962bba1b0
n232-194-226:234789:234797 [1] NCCL INFO Connection to proxy localRank 1 -> connection 0x7f7958003600
n232-194-226:234788:234814 [0] NCCL INFO transport/p2p.cc:204 Cuda Alloc Size 10485760 pointer 0x7f3f36a00000
n232-194-226:234788:234814 [0] NCCL INFO Allocated shareable buffer 0x7f3f36a00000 size 10485760 ipcDesc 0x7f3f6000c160
n232-194-226:234788:234814 [0] NCCL INFO proxyProgressAsync opId=0x7f3f46bba200 op.type=3 op.reqBuff=0x7f3f60011130 op.respSize=80 done
n232-194-226:234788:234798 [0] NCCL INFO ncclPollProxyResponse Received new opId=0x7f3f46bba200
n232-194-226:234788:234814 [0] NCCL INFO Received and initiated operation=Setup res=0
n232-194-226:234788:234798 [0] NCCL INFO recvOpId=0x7f3f46bba200 matches expected opId=0x7f3f46bba200
n232-194-226:234788:234798 [0] NCCL INFO Channel 00/0 : 0[0] -> 1[1] via P2P/IPC
n232-194-226:234789:234813 [1] NCCL INFO transport/p2p.cc:204 Cuda Alloc Size 10485760 pointer 0x7f794ea00000
n232-194-226:234789:234813 [1] NCCL INFO Allocated shareable buffer 0x7f794ea00000 size 10485760 ipcDesc 0x7f795800c1a0
n232-194-226:234789:234813 [1] NCCL INFO proxyProgressAsync opId=0x7f7962bba1b0 op.type=3 op.reqBuff=0x7f7958011170 op.respSize=80 done
n232-194-226:234788:234814 [0] NCCL INFO New proxy send connection 16 from local rank 0, transport 0
n232-194-226:234788:234814 [0] NCCL INFO proxyProgressAsync opId=0x7f3f46bba200 op.type=1 op.reqBuff=0x7f3f60011130 op.respSize=16 done
n232-194-226:234789:234797 [1] NCCL INFO ncclPollProxyResponse Received new opId=0x7f7962bba1b0
n232-194-226:234788:234798 [0] NCCL INFO ncclPollProxyResponse Received new opId=0x7f3f46bba200
n232-194-226:234789:234813 [1] NCCL INFO Received and initiated operation=Setup res=0
n232-194-226:234788:234814 [0] NCCL INFO Received and initiated operation=Init res=0
n232-194-226:234789:234797 [1] NCCL INFO recvOpId=0x7f7962bba1b0 matches expected opId=0x7f7962bba1b0
n232-194-226:234788:234798 [0] NCCL INFO recvOpId=0x7f3f46bba200 matches expected opId=0x7f3f46bba200
n232-194-226:234788:234798 [0] NCCL INFO Connection to proxy localRank 0 -> connection 0x7f3f60003660
n232-194-226:234789:234797 [1] NCCL INFO Channel 00/0 : 1[1] -> 0[0] via P2P/IPC
n232-194-226:234789:234813 [1] NCCL INFO New proxy send connection 16 from local rank 1, transport 0
n232-194-226:234789:234813 [1] NCCL INFO proxyProgressAsync opId=0x7f7962bba1b0 op.type=1 op.reqBuff=0x7f7958011170 op.respSize=16 done
n232-194-226:234789:234797 [1] NCCL INFO ncclPollProxyResponse Received new opId=0x7f7962bba1b0
n232-194-226:234789:234813 [1] NCCL INFO Received and initiated operation=Init res=0
n232-194-226:234789:234797 [1] NCCL INFO recvOpId=0x7f7962bba1b0 matches expected opId=0x7f7962bba1b0
n232-194-226:234789:234797 [1] NCCL INFO Connection to proxy localRank 1 -> connection 0x7f7958003650
n232-194-226:234788:234814 [0] NCCL INFO transport/p2p.cc:204 Cuda Alloc Size 2097152 pointer 0x7f3f37400000
n232-194-226:234788:234814 [0] NCCL INFO Allocated shareable buffer 0x7f3f37400000 size 2097152 ipcDesc 0x7f3f6000c160
n232-194-226:234788:234814 [0] NCCL INFO proxyProgressAsync opId=0x7f3f46bba200 op.type=3 op.reqBuff=0x7f3f60012c60 op.respSize=80 done
n232-194-226:234788:234798 [0] NCCL INFO ncclPollProxyResponse Received new opId=0x7f3f46bba200
n232-194-226:234788:234814 [0] NCCL INFO Received and initiated operation=Setup res=0
n232-194-226:234788:234798 [0] NCCL INFO recvOpId=0x7f3f46bba200 matches expected opId=0x7f3f46bba200
n232-194-226:234788:234798 [0] NCCL INFO Channel 01/0 : 0[0] -> 1[1] via P2P/IPC
n232-194-226:234789:234813 [1] NCCL INFO transport/p2p.cc:204 Cuda Alloc Size 2097152 pointer 0x7f794f400000
n232-194-226:234789:234813 [1] NCCL INFO Allocated shareable buffer 0x7f794f400000 size 2097152 ipcDesc 0x7f795800c1a0
n232-194-226:234789:234813 [1] NCCL INFO proxyProgressAsync opId=0x7f7962bba1b0 op.type=3 op.reqBuff=0x7f7958012ca0 op.respSize=80 done
n232-194-226:234788:234814 [0] NCCL INFO New proxy send connection 17 from local rank 0, transport 0
n232-194-226:234788:234814 [0] NCCL INFO proxyProgressAsync opId=0x7f3f46bba200 op.type=1 op.reqBuff=0x7f3f60012c60 op.respSize=16 done
n232-194-226:234789:234797 [1] NCCL INFO ncclPollProxyResponse Received new opId=0x7f7962bba1b0
n232-194-226:234788:234798 [0] NCCL INFO ncclPollProxyResponse Received new opId=0x7f3f46bba200
n232-194-226:234789:234813 [1] NCCL INFO Received and initiated operation=Setup res=0
n232-194-226:234788:234814 [0] NCCL INFO Received and initiated operation=Init res=0
n232-194-226:234789:234797 [1] NCCL INFO recvOpId=0x7f7962bba1b0 matches expected opId=0x7f7962bba1b0
n232-194-226:234788:234798 [0] NCCL INFO recvOpId=0x7f3f46bba200 matches expected opId=0x7f3f46bba200
n232-194-226:234788:234798 [0] NCCL INFO Connection to proxy localRank 0 -> connection 0x7f3f600036b0
n232-194-226:234789:234797 [1] NCCL INFO Channel 01/0 : 1[1] -> 0[0] via P2P/IPC
n232-194-226:234789:234813 [1] NCCL INFO New proxy send connection 17 from local rank 1, transport 0
n232-194-226:234789:234813 [1] NCCL INFO proxyProgressAsync opId=0x7f7962bba1b0 op.type=1 op.reqBuff=0x7f7958012ca0 op.respSize=16 done
n232-194-226:234789:234797 [1] NCCL INFO ncclPollProxyResponse Received new opId=0x7f7962bba1b0
n232-194-226:234789:234813 [1] NCCL INFO Received and initiated operation=Init res=0
n232-194-226:234789:234797 [1] NCCL INFO recvOpId=0x7f7962bba1b0 matches expected opId=0x7f7962bba1b0
n232-194-226:234789:234797 [1] NCCL INFO Connection to proxy localRank 1 -> connection 0x7f79580036a0
n232-194-226:234788:234814 [0] NCCL INFO transport/p2p.cc:204 Cuda Alloc Size 2097152 pointer 0x7f3f37600000
n232-194-226:234788:234814 [0] NCCL INFO Allocated shareable buffer 0x7f3f37600000 size 2097152 ipcDesc 0x7f3f6000c160
n232-194-226:234788:234814 [0] NCCL INFO proxyProgressAsync opId=0x7f3f46bba200 op.type=3 op.reqBuff=0x7f3f60012ca0 op.respSize=80 done
n232-194-226:234788:234798 [0] NCCL INFO ncclPollProxyResponse Received new opId=0x7f3f46bba200
n232-194-226:234788:234814 [0] NCCL INFO Received and initiated operation=Setup res=0
n232-194-226:234788:234798 [0] NCCL INFO recvOpId=0x7f3f46bba200 matches expected opId=0x7f3f46bba200
n232-194-226:234788:234798 [0] NCCL INFO Channel 02/0 : 0[0] -> 1[1] via P2P/IPC
n232-194-226:234789:234813 [1] NCCL INFO transport/p2p.cc:204 Cuda Alloc Size 2097152 pointer 0x7f794f600000
n232-194-226:234789:234813 [1] NCCL INFO Allocated shareable buffer 0x7f794f600000 size 2097152 ipcDesc 0x7f795800c1a0
n232-194-226:234789:234813 [1] NCCL INFO proxyProgressAsync opId=0x7f7962bba1b0 op.type=3 op.reqBuff=0x7f7958012ce0 op.respSize=80 done
n232-194-226:234788:234814 [0] NCCL INFO New proxy send connection 18 from local rank 0, transport 0
n232-194-226:234788:234814 [0] NCCL INFO proxyProgressAsync opId=0x7f3f46bba200 op.type=1 op.reqBuff=0x7f3f60012ca0 op.respSize=16 done
n232-194-226:234789:234797 [1] NCCL INFO ncclPollProxyResponse Received new opId=0x7f7962bba1b0
n232-194-226:234788:234798 [0] NCCL INFO ncclPollProxyResponse Received new opId=0x7f3f46bba200
n232-194-226:234789:234813 [1] NCCL INFO Received and initiated operation=Setup res=0
n232-194-226:234788:234814 [0] NCCL INFO Received and initiated operation=Init res=0
n232-194-226:234789:234797 [1] NCCL INFO recvOpId=0x7f7962bba1b0 matches expected opId=0x7f7962bba1b0
n232-194-226:234788:234798 [0] NCCL INFO recvOpId=0x7f3f46bba200 matches expected opId=0x7f3f46bba200
n232-194-226:234788:234798 [0] NCCL INFO Connection to proxy localRank 0 -> connection 0x7f3f60003700
n232-194-226:234789:234797 [1] NCCL INFO Channel 02/0 : 1[1] -> 0[0] via P2P/IPC
n232-194-226:234789:234813 [1] NCCL INFO New proxy send connection 18 from local rank 1, transport 0
n232-194-226:234789:234813 [1] NCCL INFO proxyProgressAsync opId=0x7f7962bba1b0 op.type=1 op.reqBuff=0x7f7958012ce0 op.respSize=16 done
n232-194-226:234789:234797 [1] NCCL INFO ncclPollProxyResponse Received new opId=0x7f7962bba1b0
n232-194-226:234789:234813 [1] NCCL INFO Received and initiated operation=Init res=0
n232-194-226:234789:234797 [1] NCCL INFO recvOpId=0x7f7962bba1b0 matches expected opId=0x7f7962bba1b0
n232-194-226:234789:234797 [1] NCCL INFO Connection to proxy localRank 1 -> connection 0x7f79580036f0
n232-194-226:234788:234814 [0] NCCL INFO transport/p2p.cc:204 Cuda Alloc Size 2097152 pointer 0x7f3f37800000
n232-194-226:234788:234814 [0] NCCL INFO Allocated shareable buffer 0x7f3f37800000 size 2097152 ipcDesc 0x7f3f6000c160
n232-194-226:234788:234814 [0] NCCL INFO proxyProgressAsync opId=0x7f3f46bba200 op.type=3 op.reqBuff=0x7f3f60014420 op.respSize=80 done
n232-194-226:234788:234798 [0] NCCL INFO ncclPollProxyResponse Received new opId=0x7f3f46bba200
n232-194-226:234788:234814 [0] NCCL INFO Received and initiated operation=Setup res=0
n232-194-226:234788:234798 [0] NCCL INFO recvOpId=0x7f3f46bba200 matches expected opId=0x7f3f46bba200
n232-194-226:234788:234798 [0] NCCL INFO Channel 03/0 : 0[0] -> 1[1] via P2P/IPC
n232-194-226:234789:234813 [1] NCCL INFO transport/p2p.cc:204 Cuda Alloc Size 2097152 pointer 0x7f794f800000
n232-194-226:234789:234813 [1] NCCL INFO Allocated shareable buffer 0x7f794f800000 size 2097152 ipcDesc 0x7f795800c1a0
n232-194-226:234789:234813 [1] NCCL INFO proxyProgressAsync opId=0x7f7962bba1b0 op.type=3 op.reqBuff=0x7f7958014460 op.respSize=80 done
n232-194-226:234788:234814 [0] NCCL INFO New proxy send connection 19 from local rank 0, transport 0
n232-194-226:234788:234814 [0] NCCL INFO proxyProgressAsync opId=0x7f3f46bba200 op.type=1 op.reqBuff=0x7f3f60014420 op.respSize=16 done
n232-194-226:234789:234797 [1] NCCL INFO ncclPollProxyResponse Received new opId=0x7f7962bba1b0
n232-194-226:234788:234798 [0] NCCL INFO ncclPollProxyResponse Received new opId=0x7f3f46bba200
n232-194-226:234789:234813 [1] NCCL INFO Received and initiated operation=Setup res=0
n232-194-226:234788:234814 [0] NCCL INFO Received and initiated operation=Init res=0
n232-194-226:234789:234797 [1] NCCL INFO recvOpId=0x7f7962bba1b0 matches expected opId=0x7f7962bba1b0
n232-194-226:234788:234798 [0] NCCL INFO recvOpId=0x7f3f46bba200 matches expected opId=0x7f3f46bba200
n232-194-226:234788:234798 [0] NCCL INFO Connection to proxy localRank 0 -> connection 0x7f3f60003750
n232-194-226:234789:234797 [1] NCCL INFO Channel 03/0 : 1[1] -> 0[0] via P2P/IPC
n232-194-226:234789:234813 [1] NCCL INFO New proxy send connection 19 from local rank 1, transport 0
n232-194-226:234789:234813 [1] NCCL INFO proxyProgressAsync opId=0x7f7962bba1b0 op.type=1 op.reqBuff=0x7f7958014460 op.respSize=16 done
n232-194-226:234789:234797 [1] NCCL INFO ncclPollProxyResponse Received new opId=0x7f7962bba1b0
n232-194-226:234789:234813 [1] NCCL INFO Received and initiated operation=Init res=0
n232-194-226:234789:234797 [1] NCCL INFO recvOpId=0x7f7962bba1b0 matches expected opId=0x7f7962bba1b0
n232-194-226:234789:234797 [1] NCCL INFO Connection to proxy localRank 1 -> connection 0x7f7958003740
n232-194-226:234788:234814 [0] NCCL INFO transport/p2p.cc:204 Cuda Alloc Size 2097152 pointer 0x7f3f37a00000
n232-194-226:234788:234814 [0] NCCL INFO Allocated shareable buffer 0x7f3f37a00000 size 2097152 ipcDesc 0x7f3f6000c160
n232-194-226:234788:234814 [0] NCCL INFO proxyProgressAsync opId=0x7f3f46bba200 op.type=3 op.reqBuff=0x7f3f60014460 op.respSize=80 done
n232-194-226:234788:234798 [0] NCCL INFO ncclPollProxyResponse Received new opId=0x7f3f46bba200
n232-194-226:234788:234814 [0] NCCL INFO Received and initiated operation=Setup res=0
n232-194-226:234788:234798 [0] NCCL INFO recvOpId=0x7f3f46bba200 matches expected opId=0x7f3f46bba200
n232-194-226:234788:234798 [0] NCCL INFO Channel 04/0 : 0[0] -> 1[1] via P2P/IPC
n232-194-226:234789:234813 [1] NCCL INFO transport/p2p.cc:204 Cuda Alloc Size 2097152 pointer 0x7f794fa00000
n232-194-226:234789:234813 [1] NCCL INFO Allocated shareable buffer 0x7f794fa00000 size 2097152 ipcDesc 0x7f795800c1a0
n232-194-226:234789:234813 [1] NCCL INFO proxyProgressAsync opId=0x7f7962bba1b0 op.type=3 op.reqBuff=0x7f79580144a0 op.respSize=80 done
n232-194-226:234788:234814 [0] NCCL INFO New proxy send connection 20 from local rank 0, transport 0
n232-194-226:234788:234814 [0] NCCL INFO proxyProgressAsync opId=0x7f3f46bba200 op.type=1 op.reqBuff=0x7f3f60014460 op.respSize=16 done
n232-194-226:234789:234797 [1] NCCL INFO ncclPollProxyResponse Received new opId=0x7f7962bba1b0
n232-194-226:234788:234798 [0] NCCL INFO ncclPollProxyResponse Received new opId=0x7f3f46bba200
n232-194-226:234789:234813 [1] NCCL INFO Received and initiated operation=Setup res=0
n232-194-226:234788:234814 [0] NCCL INFO Received and initiated operation=Init res=0
n232-194-226:234789:234797 [1] NCCL INFO recvOpId=0x7f7962bba1b0 matches expected opId=0x7f7962bba1b0
n232-194-226:234788:234798 [0] NCCL INFO recvOpId=0x7f3f46bba200 matches expected opId=0x7f3f46bba200
n232-194-226:234788:234798 [0] NCCL INFO Connection to proxy localRank 0 -> connection 0x7f3f600037a0
n232-194-226:234789:234797 [1] NCCL INFO Channel 04/0 : 1[1] -> 0[0] via P2P/IPC
n232-194-226:234789:234813 [1] NCCL INFO New proxy send connection 20 from local rank 1, transport 0
n232-194-226:234789:234813 [1] NCCL INFO proxyProgressAsync opId=0x7f7962bba1b0 op.type=1 op.reqBuff=0x7f79580144a0 op.respSize=16 done
n232-194-226:234789:234797 [1] NCCL INFO ncclPollProxyResponse Received new opId=0x7f7962bba1b0
n232-194-226:234789:234813 [1] NCCL INFO Received and initiated operation=Init res=0
n232-194-226:234789:234797 [1] NCCL INFO recvOpId=0x7f7962bba1b0 matches expected opId=0x7f7962bba1b0
n232-194-226:234789:234797 [1] NCCL INFO Connection to proxy localRank 1 -> connection 0x7f7958003790
n232-194-226:234788:234814 [0] NCCL INFO transport/p2p.cc:204 Cuda Alloc Size 2097152 pointer 0x7f3f37c00000
n232-194-226:234788:234814 [0] NCCL INFO Allocated shareable buffer 0x7f3f37c00000 size 2097152 ipcDesc 0x7f3f6000c160
n232-194-226:234788:234814 [0] NCCL INFO proxyProgressAsync opId=0x7f3f46bba200 op.type=3 op.reqBuff=0x7f3f60015be0 op.respSize=80 done
n232-194-226:234788:234798 [0] NCCL INFO ncclPollProxyResponse Received new opId=0x7f3f46bba200
n232-194-226:234788:234814 [0] NCCL INFO Received and initiated operation=Setup res=0
n232-194-226:234788:234798 [0] NCCL INFO recvOpId=0x7f3f46bba200 matches expected opId=0x7f3f46bba200
n232-194-226:234788:234798 [0] NCCL INFO Channel 05/0 : 0[0] -> 1[1] via P2P/IPC
n232-194-226:234789:234813 [1] NCCL INFO transport/p2p.cc:204 Cuda Alloc Size 2097152 pointer 0x7f794fc00000
n232-194-226:234789:234813 [1] NCCL INFO Allocated shareable buffer 0x7f794fc00000 size 2097152 ipcDesc 0x7f795800c1a0
n232-194-226:234789:234813 [1] NCCL INFO proxyProgressAsync opId=0x7f7962bba1b0 op.type=3 op.reqBuff=0x7f7958015c20 op.respSize=80 done
n232-194-226:234788:234814 [0] NCCL INFO New proxy send connection 21 from local rank 0, transport 0
n232-194-226:234788:234814 [0] NCCL INFO proxyProgressAsync opId=0x7f3f46bba200 op.type=1 op.reqBuff=0x7f3f60015be0 op.respSize=16 done
n232-194-226:234789:234797 [1] NCCL INFO ncclPollProxyResponse Received new opId=0x7f7962bba1b0
n232-194-226:234789:234813 [1] NCCL INFO Received and initiated operation=Setup res=0
n232-194-226:234788:234798 [0] NCCL INFO ncclPollProxyResponse Received new opId=0x7f3f46bba200
n232-194-226:234788:234814 [0] NCCL INFO Received and initiated operation=Init res=0
n232-194-226:234789:234797 [1] NCCL INFO recvOpId=0x7f7962bba1b0 matches expected opId=0x7f7962bba1b0
n232-194-226:234788:234798 [0] NCCL INFO recvOpId=0x7f3f46bba200 matches expected opId=0x7f3f46bba200
n232-194-226:234789:234797 [1] NCCL INFO Channel 05/0 : 1[1] -> 0[0] via P2P/IPC
n232-194-226:234788:234798 [0] NCCL INFO Connection to proxy localRank 0 -> connection 0x7f3f600037f0
n232-194-226:234789:234813 [1] NCCL INFO New proxy send connection 21 from local rank 1, transport 0
n232-194-226:234789:234813 [1] NCCL INFO proxyProgressAsync opId=0x7f7962bba1b0 op.type=1 op.reqBuff=0x7f7958015c20 op.respSize=16 done
n232-194-226:234789:234797 [1] NCCL INFO ncclPollProxyResponse Received new opId=0x7f7962bba1b0
n232-194-226:234789:234813 [1] NCCL INFO Received and initiated operation=Init res=0
n232-194-226:234789:234797 [1] NCCL INFO recvOpId=0x7f7962bba1b0 matches expected opId=0x7f7962bba1b0
n232-194-226:234789:234797 [1] NCCL INFO Connection to proxy localRank 1 -> connection 0x7f79580037e0
n232-194-226:234788:234814 [0] NCCL INFO transport/p2p.cc:204 Cuda Alloc Size 2097152 pointer 0x7f3f37e00000
n232-194-226:234788:234814 [0] NCCL INFO Allocated shareable buffer 0x7f3f37e00000 size 2097152 ipcDesc 0x7f3f6000c160
n232-194-226:234788:234814 [0] NCCL INFO proxyProgressAsync opId=0x7f3f46bba200 op.type=3 op.reqBuff=0x7f3f60015c20 op.respSize=80 done
n232-194-226:234788:234798 [0] NCCL INFO ncclPollProxyResponse Received new opId=0x7f3f46bba200
n232-194-226:234788:234814 [0] NCCL INFO Received and initiated operation=Setup res=0
n232-194-226:234788:234798 [0] NCCL INFO recvOpId=0x7f3f46bba200 matches expected opId=0x7f3f46bba200
n232-194-226:234788:234798 [0] NCCL INFO Channel 06/0 : 0[0] -> 1[1] via P2P/IPC
n232-194-226:234789:234813 [1] NCCL INFO transport/p2p.cc:204 Cuda Alloc Size 2097152 pointer 0x7f794fe00000
n232-194-226:234789:234813 [1] NCCL INFO Allocated shareable buffer 0x7f794fe00000 size 2097152 ipcDesc 0x7f795800c1a0
n232-194-226:234789:234813 [1] NCCL INFO proxyProgressAsync opId=0x7f7962bba1b0 op.type=3 op.reqBuff=0x7f7958015c60 op.respSize=80 done
n232-194-226:234788:234814 [0] NCCL INFO New proxy send connection 22 from local rank 0, transport 0
n232-194-226:234789:234797 [1] NCCL INFO ncclPollProxyResponse Received new opId=0x7f7962bba1b0
n232-194-226:234788:234814 [0] NCCL INFO proxyProgressAsync opId=0x7f3f46bba200 op.type=1 op.reqBuff=0x7f3f60015c20 op.respSize=16 done
n232-194-226:234789:234813 [1] NCCL INFO Received and initiated operation=Setup res=0
n232-194-226:234788:234798 [0] NCCL INFO ncclPollProxyResponse Received new opId=0x7f3f46bba200
n232-194-226:234789:234797 [1] NCCL INFO recvOpId=0x7f7962bba1b0 matches expected opId=0x7f7962bba1b0
n232-194-226:234788:234814 [0] NCCL INFO Received and initiated operation=Init res=0
n232-194-226:234789:234797 [1] NCCL INFO Channel 06/0 : 1[1] -> 0[0] via P2P/IPC
n232-194-226:234788:234798 [0] NCCL INFO recvOpId=0x7f3f46bba200 matches expected opId=0x7f3f46bba200
n232-194-226:234788:234798 [0] NCCL INFO Connection to proxy localRank 0 -> connection 0x7f3f60003840
n232-194-226:234789:234813 [1] NCCL INFO New proxy send connection 22 from local rank 1, transport 0
n232-194-226:234789:234813 [1] NCCL INFO proxyProgressAsync opId=0x7f7962bba1b0 op.type=1 op.reqBuff=0x7f7958015c60 op.respSize=16 done
n232-194-226:234789:234797 [1] NCCL INFO ncclPollProxyResponse Received new opId=0x7f7962bba1b0
n232-194-226:234789:234813 [1] NCCL INFO Received and initiated operation=Init res=0
n232-194-226:234789:234797 [1] NCCL INFO recvOpId=0x7f7962bba1b0 matches expected opId=0x7f7962bba1b0
n232-194-226:234789:234797 [1] NCCL INFO Connection to proxy localRank 1 -> connection 0x7f7958003830
n232-194-226:234788:234814 [0] NCCL INFO transport/p2p.cc:204 Cuda Alloc Size 2097152 pointer 0x7f3f39e00000
n232-194-226:234788:234814 [0] NCCL INFO Allocated shareable buffer 0x7f3f39e00000 size 2097152 ipcDesc 0x7f3f6000c160
n232-194-226:234788:234814 [0] NCCL INFO proxyProgressAsync opId=0x7f3f46bba200 op.type=3 op.reqBuff=0x7f3f600173a0 op.respSize=80 done
n232-194-226:234788:234798 [0] NCCL INFO ncclPollProxyResponse Received new opId=0x7f3f46bba200
n232-194-226:234788:234814 [0] NCCL INFO Received and initiated operation=Setup res=0
n232-194-226:234788:234798 [0] NCCL INFO recvOpId=0x7f3f46bba200 matches expected opId=0x7f3f46bba200
n232-194-226:234788:234798 [0] NCCL INFO Channel 07/0 : 0[0] -> 1[1] via P2P/IPC
n232-194-226:234789:234813 [1] NCCL INFO transport/p2p.cc:204 Cuda Alloc Size 2097152 pointer 0x7f7951e00000
n232-194-226:234789:234813 [1] NCCL INFO Allocated shareable buffer 0x7f7951e00000 size 2097152 ipcDesc 0x7f795800c1a0
n232-194-226:234789:234813 [1] NCCL INFO proxyProgressAsync opId=0x7f7962bba1b0 op.type=3 op.reqBuff=0x7f79580173e0 op.respSize=80 done
n232-194-226:234789:234797 [1] NCCL INFO ncclPollProxyResponse Received new opId=0x7f7962bba1b0
n232-194-226:234788:234814 [0] NCCL INFO New proxy send connection 23 from local rank 0, transport 0
n232-194-226:234788:234814 [0] NCCL INFO proxyProgressAsync opId=0x7f3f46bba200 op.type=1 op.reqBuff=0x7f3f600173a0 op.respSize=16 done
n232-194-226:234789:234813 [1] NCCL INFO Received and initiated operation=Setup res=0
n232-194-226:234788:234798 [0] NCCL INFO ncclPollProxyResponse Received new opId=0x7f3f46bba200
n232-194-226:234789:234797 [1] NCCL INFO recvOpId=0x7f7962bba1b0 matches expected opId=0x7f7962bba1b0
n232-194-226:234788:234814 [0] NCCL INFO Received and initiated operation=Init res=0
n232-194-226:234789:234797 [1] NCCL INFO Channel 07/0 : 1[1] -> 0[0] via P2P/IPC
n232-194-226:234788:234798 [0] NCCL INFO recvOpId=0x7f3f46bba200 matches expected opId=0x7f3f46bba200
n232-194-226:234788:234798 [0] NCCL INFO Connection to proxy localRank 0 -> connection 0x7f3f60003890
n232-194-226:234789:234813 [1] NCCL INFO New proxy send connection 23 from local rank 1, transport 0
n232-194-226:234789:234813 [1] NCCL INFO proxyProgressAsync opId=0x7f7962bba1b0 op.type=1 op.reqBuff=0x7f79580173e0 op.respSize=16 done
n232-194-226:234789:234797 [1] NCCL INFO ncclPollProxyResponse Received new opId=0x7f7962bba1b0
n232-194-226:234789:234813 [1] NCCL INFO Received and initiated operation=Init res=0
n232-194-226:234789:234797 [1] NCCL INFO recvOpId=0x7f7962bba1b0 matches expected opId=0x7f7962bba1b0
n232-194-226:234789:234797 [1] NCCL INFO Connection to proxy localRank 1 -> connection 0x7f7958003880
n232-194-226:234788:234814 [0] NCCL INFO transport/p2p.cc:204 Cuda Alloc Size 2097152 pointer 0x7f3f3be00000
n232-194-226:234788:234814 [0] NCCL INFO Allocated shareable buffer 0x7f3f3be00000 size 2097152 ipcDesc 0x7f3f6000c160
n232-194-226:234788:234814 [0] NCCL INFO proxyProgressAsync opId=0x7f3f46bba200 op.type=3 op.reqBuff=0x7f3f600173e0 op.respSize=80 done
n232-194-226:234788:234798 [0] NCCL INFO ncclPollProxyResponse Received new opId=0x7f3f46bba200
n232-194-226:234788:234814 [0] NCCL INFO Received and initiated operation=Setup res=0
n232-194-226:234788:234798 [0] NCCL INFO recvOpId=0x7f3f46bba200 matches expected opId=0x7f3f46bba200
n232-194-226:234788:234798 [0] NCCL INFO Channel 08/0 : 0[0] -> 1[1] via P2P/IPC
n232-194-226:234789:234813 [1] NCCL INFO transport/p2p.cc:204 Cuda Alloc Size 2097152 pointer 0x7f7953e00000
n232-194-226:234789:234813 [1] NCCL INFO Allocated shareable buffer 0x7f7953e00000 size 2097152 ipcDesc 0x7f795800c1a0
n232-194-226:234789:234813 [1] NCCL INFO proxyProgressAsync opId=0x7f7962bba1b0 op.type=3 op.reqBuff=0x7f7958017420 op.respSize=80 done
n232-194-226:234788:234814 [0] NCCL INFO New proxy send connection 24 from local rank 0, transport 0
n232-194-226:234789:234797 [1] NCCL INFO ncclPollProxyResponse Received new opId=0x7f7962bba1b0
n232-194-226:234788:234814 [0] NCCL INFO proxyProgressAsync opId=0x7f3f46bba200 op.type=1 op.reqBuff=0x7f3f600173e0 op.respSize=16 done
n232-194-226:234789:234813 [1] NCCL INFO Received and initiated operation=Setup res=0
n232-194-226:234788:234798 [0] NCCL INFO ncclPollProxyResponse Received new opId=0x7f3f46bba200
n232-194-226:234789:234797 [1] NCCL INFO recvOpId=0x7f7962bba1b0 matches expected opId=0x7f7962bba1b0
n232-194-226:234788:234814 [0] NCCL INFO Received and initiated operation=Init res=0
n232-194-226:234789:234797 [1] NCCL INFO Channel 08/0 : 1[1] -> 0[0] via P2P/IPC
n232-194-226:234788:234798 [0] NCCL INFO recvOpId=0x7f3f46bba200 matches expected opId=0x7f3f46bba200
n232-194-226:234788:234798 [0] NCCL INFO Connection to proxy localRank 0 -> connection 0x7f3f600038e0
n232-194-226:234789:234813 [1] NCCL INFO New proxy send connection 24 from local rank 1, transport 0
n232-194-226:234789:234813 [1] NCCL INFO proxyProgressAsync opId=0x7f7962bba1b0 op.type=1 op.reqBuff=0x7f7958017420 op.respSize=16 done
n232-194-226:234789:234797 [1] NCCL INFO ncclPollProxyResponse Received new opId=0x7f7962bba1b0
n232-194-226:234789:234813 [1] NCCL INFO Received and initiated operation=Init res=0
n232-194-226:234789:234797 [1] NCCL INFO recvOpId=0x7f7962bba1b0 matches expected opId=0x7f7962bba1b0
n232-194-226:234789:234797 [1] NCCL INFO Connection to proxy localRank 1 -> connection 0x7f79580038d0
n232-194-226:234788:234814 [0] NCCL INFO transport/p2p.cc:204 Cuda Alloc Size 2097152 pointer 0x7f3f3de00000
n232-194-226:234788:234814 [0] NCCL INFO Allocated shareable buffer 0x7f3f3de00000 size 2097152 ipcDesc 0x7f3f6000c160
n232-194-226:234788:234814 [0] NCCL INFO proxyProgressAsync opId=0x7f3f46bba200 op.type=3 op.reqBuff=0x7f3f60018660 op.respSize=80 done
n232-194-226:234788:234798 [0] NCCL INFO ncclPollProxyResponse Received new opId=0x7f3f46bba200
n232-194-226:234788:234814 [0] NCCL INFO Received and initiated operation=Setup res=0
n232-194-226:234788:234798 [0] NCCL INFO recvOpId=0x7f3f46bba200 matches expected opId=0x7f3f46bba200
n232-194-226:234788:234798 [0] NCCL INFO Channel 09/0 : 0[0] -> 1[1] via P2P/IPC
n232-194-226:234789:234813 [1] NCCL INFO transport/p2p.cc:204 Cuda Alloc Size 2097152 pointer 0x7f7955e00000
n232-194-226:234789:234813 [1] NCCL INFO Allocated shareable buffer 0x7f7955e00000 size 2097152 ipcDesc 0x7f795800c1a0
n232-194-226:234789:234813 [1] NCCL INFO proxyProgressAsync opId=0x7f7962bba1b0 op.type=3 op.reqBuff=0x7f79580186a0 op.respSize=80 done
n232-194-226:234788:234814 [0] NCCL INFO New proxy send connection 25 from local rank 0, transport 0
n232-194-226:234789:234797 [1] NCCL INFO ncclPollProxyResponse Received new opId=0x7f7962bba1b0
n232-194-226:234788:234814 [0] NCCL INFO proxyProgressAsync opId=0x7f3f46bba200 op.type=1 op.reqBuff=0x7f3f60018660 op.respSize=16 done
n232-194-226:234789:234813 [1] NCCL INFO Received and initiated operation=Setup res=0
n232-194-226:234788:234798 [0] NCCL INFO ncclPollProxyResponse Received new opId=0x7f3f46bba200
n232-194-226:234789:234797 [1] NCCL INFO recvOpId=0x7f7962bba1b0 matches expected opId=0x7f7962bba1b0
n232-194-226:234788:234814 [0] NCCL INFO Received and initiated operation=Init res=0
n232-194-226:234789:234797 [1] NCCL INFO Channel 09/0 : 1[1] -> 0[0] via P2P/IPC
n232-194-226:234788:234798 [0] NCCL INFO recvOpId=0x7f3f46bba200 matches expected opId=0x7f3f46bba200
n232-194-226:234788:234798 [0] NCCL INFO Connection to proxy localRank 0 -> connection 0x7f3f60003930
n232-194-226:234789:234813 [1] NCCL INFO New proxy send connection 25 from local rank 1, transport 0
n232-194-226:234789:234813 [1] NCCL INFO proxyProgressAsync opId=0x7f7962bba1b0 op.type=1 op.reqBuff=0x7f79580186a0 op.respSize=16 done
n232-194-226:234789:234797 [1] NCCL INFO ncclPollProxyResponse Received new opId=0x7f7962bba1b0
n232-194-226:234789:234813 [1] NCCL INFO Received and initiated operation=Init res=0
n232-194-226:234789:234797 [1] NCCL INFO recvOpId=0x7f7962bba1b0 matches expected opId=0x7f7962bba1b0
n232-194-226:234789:234797 [1] NCCL INFO Connection to proxy localRank 1 -> connection 0x7f7958003920
n232-194-226:234788:234814 [0] NCCL INFO transport/p2p.cc:204 Cuda Alloc Size 2097152 pointer 0x7f3f3fe00000
n232-194-226:234788:234814 [0] NCCL INFO Allocated shareable buffer 0x7f3f3fe00000 size 2097152 ipcDesc 0x7f3f6000c160
n232-194-226:234788:234814 [0] NCCL INFO proxyProgressAsync opId=0x7f3f46bba200 op.type=3 op.reqBuff=0x7f3f600186a0 op.respSize=80 done
n232-194-226:234788:234798 [0] NCCL INFO ncclPollProxyResponse Received new opId=0x7f3f46bba200
n232-194-226:234788:234814 [0] NCCL INFO Received and initiated operation=Setup res=0
n232-194-226:234788:234798 [0] NCCL INFO recvOpId=0x7f3f46bba200 matches expected opId=0x7f3f46bba200
n232-194-226:234788:234798 [0] NCCL INFO Channel 10/0 : 0[0] -> 1[1] via P2P/IPC
n232-194-226:234789:234813 [1] NCCL INFO transport/p2p.cc:204 Cuda Alloc Size 2097152 pointer 0x7f7957e00000
n232-194-226:234789:234813 [1] NCCL INFO Allocated shareable buffer 0x7f7957e00000 size 2097152 ipcDesc 0x7f795800c1a0
n232-194-226:234789:234813 [1] NCCL INFO proxyProgressAsync opId=0x7f7962bba1b0 op.type=3 op.reqBuff=0x7f79580186e0 op.respSize=80 done
n232-194-226:234788:234814 [0] NCCL INFO New proxy send connection 26 from local rank 0, transport 0
n232-194-226:234788:234814 [0] NCCL INFO proxyProgressAsync opId=0x7f3f46bba200 op.type=1 op.reqBuff=0x7f3f600186a0 op.respSize=16 done
n232-194-226:234789:234797 [1] NCCL INFO ncclPollProxyResponse Received new opId=0x7f7962bba1b0
n232-194-226:234788:234798 [0] NCCL INFO ncclPollProxyResponse Received new opId=0x7f3f46bba200
n232-194-226:234789:234813 [1] NCCL INFO Received and initiated operation=Setup res=0
n232-194-226:234788:234814 [0] NCCL INFO Received and initiated operation=Init res=0
n232-194-226:234789:234797 [1] NCCL INFO recvOpId=0x7f7962bba1b0 matches expected opId=0x7f7962bba1b0
n232-194-226:234788:234798 [0] NCCL INFO recvOpId=0x7f3f46bba200 matches expected opId=0x7f3f46bba200
n232-194-226:234788:234798 [0] NCCL INFO Connection to proxy localRank 0 -> connection 0x7f3f60003980
n232-194-226:234789:234797 [1] NCCL INFO Channel 10/0 : 1[1] -> 0[0] via P2P/IPC
n232-194-226:234789:234813 [1] NCCL INFO New proxy send connection 26 from local rank 1, transport 0
n232-194-226:234789:234813 [1] NCCL INFO proxyProgressAsync opId=0x7f7962bba1b0 op.type=1 op.reqBuff=0x7f79580186e0 op.respSize=16 done
n232-194-226:234789:234797 [1] NCCL INFO ncclPollProxyResponse Received new opId=0x7f7962bba1b0
n232-194-226:234789:234813 [1] NCCL INFO Received and initiated operation=Init res=0
n232-194-226:234789:234797 [1] NCCL INFO recvOpId=0x7f7962bba1b0 matches expected opId=0x7f7962bba1b0
n232-194-226:234789:234797 [1] NCCL INFO Connection to proxy localRank 1 -> connection 0x7f7958003970
