proj186:3271615:3271704 [1] NCCL INFO Received and initiated operation=Init res=0
proj186:3271614:3271705 [0] NCCL INFO transport/p2p.cc:204 Cuda Alloc Size 6291456 pointer 0x7f8cdf800000
proj186:3271614:3271705 [0] NCCL INFO Allocated shareable buffer 0x7f8cdf800000 size 6291456 ipcDesc 0x7f8cf400bbc0
proj186:3271614:3271705 [0] NCCL INFO proxyProgressAsync opId=0x7f8ce61cb3a0 op.type=3 op.reqBuff=0x7f8cf400d3b0 op.respSize=80 done
proj186:3271614:3271702 [0] NCCL INFO ncclPollProxyResponse Received new opId=0x7f8ce61cb3a0
proj186:3271614:3271702 [0] NCCL INFO recvOpId=0x7f8ce61cb3a0 matches expected opId=0x7f8ce61cb3a0
proj186:3271614:3271705 [0] NCCL INFO Received and initiated operation=Setup res=0
proj186:3271615:3271704 [1] NCCL INFO transport/p2p.cc:204 Cuda Alloc Size 6291456 pointer 0x7fe7c2600000
proj186:3271615:3271704 [1] NCCL INFO Allocated shareable buffer 0x7fe7c2600000 size 6291456 ipcDesc 0x7fe7c800bc50
proj186:3271615:3271704 [1] NCCL INFO proxyProgressAsync opId=0x7fe7d21cb3a0 op.type=3 op.reqBuff=0x7fe7c800efb0 op.respSize=80 done
proj186:3271614:3271705 [0] NCCL INFO New proxy recv connection 10 from local rank 0, transport 0
proj186:3271614:3271705 [0] NCCL INFO proxyProgressAsync opId=0x7f8ce61cb3a0 op.type=1 op.reqBuff=0x7f8cf400d3b0 op.respSize=16 done
proj186:3271615:3271703 [1] NCCL INFO ncclPollProxyResponse Received new opId=0x7fe7d21cb3a0
proj186:3271614:3271702 [0] NCCL INFO ncclPollProxyResponse Received new opId=0x7f8ce61cb3a0
proj186:3271615:3271703 [1] NCCL INFO recvOpId=0x7fe7d21cb3a0 matches expected opId=0x7fe7d21cb3a0
proj186:3271614:3271702 [0] NCCL INFO recvOpId=0x7f8ce61cb3a0 matches expected opId=0x7f8ce61cb3a0
proj186:3271614:3271702 [0] NCCL INFO Connection to proxy localRank 0 -> connection 0x7f8cf4003480
proj186:3271615:3271704 [1] NCCL INFO Received and initiated operation=Setup res=0
proj186:3271614:3271705 [0] NCCL INFO Received and initiated operation=Init res=0
proj186:3271615:3271704 [1] NCCL INFO New proxy recv connection 12 from local rank 1, transport 0
proj186:3271615:3271704 [1] NCCL INFO proxyProgressAsync opId=0x7fe7d21cb3a0 op.type=1 op.reqBuff=0x7fe7c800efb0 op.respSize=16 done
proj186:3271615:3271703 [1] NCCL INFO ncclPollProxyResponse Received new opId=0x7fe7d21cb3a0
proj186:3271615:3271703 [1] NCCL INFO recvOpId=0x7fe7d21cb3a0 matches expected opId=0x7fe7d21cb3a0
proj186:3271615:3271703 [1] NCCL INFO Connection to proxy localRank 1 -> connection 0x7fe7c8003510
proj186:3271615:3271704 [1] NCCL INFO Received and initiated operation=Init res=0
proj186:3271614:3271705 [0] NCCL INFO transport/p2p.cc:204 Cuda Alloc Size 6291456 pointer 0x7f8cdc000000
proj186:3271614:3271705 [0] NCCL INFO Allocated shareable buffer 0x7f8cdc000000 size 6291456 ipcDesc 0x7f8cf400bbc0
proj186:3271614:3271705 [0] NCCL INFO proxyProgressAsync opId=0x7f8ce61cb3a0 op.type=3 op.reqBuff=0x7f8cf400df90 op.respSize=80 done
proj186:3271614:3271702 [0] NCCL INFO ncclPollProxyResponse Received new opId=0x7f8ce61cb3a0
proj186:3271615:3271704 [1] NCCL INFO transport/p2p.cc:204 Cuda Alloc Size 6291456 pointer 0x7fe7c2c00000
proj186:3271614:3271702 [0] NCCL INFO recvOpId=0x7f8ce61cb3a0 matches expected opId=0x7f8ce61cb3a0
proj186:3271614:3271705 [0] NCCL INFO Received and initiated operation=Setup res=0
proj186:3271615:3271704 [1] NCCL INFO Allocated shareable buffer 0x7fe7c2c00000 size 6291456 ipcDesc 0x7fe7c800bc50
proj186:3271615:3271704 [1] NCCL INFO proxyProgressAsync opId=0x7fe7d21cb3a0 op.type=3 op.reqBuff=0x7fe7c800fb90 op.respSize=80 done
proj186:3271615:3271703 [1] NCCL INFO ncclPollProxyResponse Received new opId=0x7fe7d21cb3a0
proj186:3271615:3271703 [1] NCCL INFO recvOpId=0x7fe7d21cb3a0 matches expected opId=0x7fe7d21cb3a0
proj186:3271615:3271704 [1] NCCL INFO Received and initiated operation=Setup res=0
proj186:3271614:3271705 [0] NCCL INFO New proxy recv connection 11 from local rank 0, transport 0
proj186:3271614:3271705 [0] NCCL INFO proxyProgressAsync opId=0x7f8ce61cb3a0 op.type=1 op.reqBuff=0x7f8cf400df90 op.respSize=16 done
proj186:3271614:3271702 [0] NCCL INFO ncclPollProxyResponse Received new opId=0x7f8ce61cb3a0
proj186:3271614:3271702 [0] NCCL INFO recvOpId=0x7f8ce61cb3a0 matches expected opId=0x7f8ce61cb3a0
proj186:3271614:3271702 [0] NCCL INFO Connection to proxy localRank 0 -> connection 0x7f8cf40034d0
proj186:3271614:3271705 [0] NCCL INFO Received and initiated operation=Init res=0
proj186:3271615:3271704 [1] NCCL INFO New proxy recv connection 13 from local rank 1, transport 0
proj186:3271615:3271704 [1] NCCL INFO proxyProgressAsync opId=0x7fe7d21cb3a0 op.type=1 op.reqBuff=0x7fe7c800fb90 op.respSize=16 done
proj186:3271615:3271703 [1] NCCL INFO ncclPollProxyResponse Received new opId=0x7fe7d21cb3a0
proj186:3271615:3271703 [1] NCCL INFO recvOpId=0x7fe7d21cb3a0 matches expected opId=0x7fe7d21cb3a0
proj186:3271615:3271703 [1] NCCL INFO Connection to proxy localRank 1 -> connection 0x7fe7c8003560
proj186:3271615:3271704 [1] NCCL INFO Received and initiated operation=Init res=0
proj186:3271614:3271705 [0] NCCL INFO transport/p2p.cc:204 Cuda Alloc Size 6291456 pointer 0x7f8cdc600000
proj186:3271614:3271705 [0] NCCL INFO Allocated shareable buffer 0x7f8cdc600000 size 6291456 ipcDesc 0x7f8cf400bbc0
proj186:3271614:3271705 [0] NCCL INFO proxyProgressAsync opId=0x7f8ce61cb3a0 op.type=3 op.reqBuff=0x7f8cf400ef20 op.respSize=80 done
proj186:3271614:3271702 [0] NCCL INFO ncclPollProxyResponse Received new opId=0x7f8ce61cb3a0
proj186:3271614:3271702 [0] NCCL INFO recvOpId=0x7f8ce61cb3a0 matches expected opId=0x7f8ce61cb3a0
proj186:3271615:3271704 [1] NCCL INFO transport/p2p.cc:204 Cuda Alloc Size 6291456 pointer 0x7fe7c3200000
proj186:3271614:3271705 [0] NCCL INFO Received and initiated operation=Setup res=0
proj186:3271615:3271704 [1] NCCL INFO Allocated shareable buffer 0x7fe7c3200000 size 6291456 ipcDesc 0x7fe7c800bc50
proj186:3271615:3271704 [1] NCCL INFO proxyProgressAsync opId=0x7fe7d21cb3a0 op.type=3 op.reqBuff=0x7fe7c8010770 op.respSize=80 done
proj186:3271615:3271703 [1] NCCL INFO ncclPollProxyResponse Received new opId=0x7fe7d21cb3a0
proj186:3271615:3271703 [1] NCCL INFO recvOpId=0x7fe7d21cb3a0 matches expected opId=0x7fe7d21cb3a0
proj186:3271615:3271704 [1] NCCL INFO Received and initiated operation=Setup res=0
proj186:3271614:3271705 [0] NCCL INFO New proxy recv connection 12 from local rank 0, transport 0
proj186:3271614:3271705 [0] NCCL INFO proxyProgressAsync opId=0x7f8ce61cb3a0 op.type=1 op.reqBuff=0x7f8cf400ef20 op.respSize=16 done
proj186:3271614:3271702 [0] NCCL INFO ncclPollProxyResponse Received new opId=0x7f8ce61cb3a0
proj186:3271614:3271705 [0] NCCL INFO Received and initiated operation=Init res=0
proj186:3271614:3271702 [0] NCCL INFO recvOpId=0x7f8ce61cb3a0 matches expected opId=0x7f8ce61cb3a0
proj186:3271614:3271702 [0] NCCL INFO Connection to proxy localRank 0 -> connection 0x7f8cf4003520
proj186:3271615:3271704 [1] NCCL INFO New proxy recv connection 14 from local rank 1, transport 0
proj186:3271615:3271704 [1] NCCL INFO proxyProgressAsync opId=0x7fe7d21cb3a0 op.type=1 op.reqBuff=0x7fe7c8010770 op.respSize=16 done
proj186:3271615:3271703 [1] NCCL INFO ncclPollProxyResponse Received new opId=0x7fe7d21cb3a0
proj186:3271615:3271703 [1] NCCL INFO recvOpId=0x7fe7d21cb3a0 matches expected opId=0x7fe7d21cb3a0
proj186:3271615:3271703 [1] NCCL INFO Connection to proxy localRank 1 -> connection 0x7fe7c80035b0
proj186:3271615:3271704 [1] NCCL INFO Received and initiated operation=Init res=0
proj186:3271614:3271705 [0] NCCL INFO transport/p2p.cc:204 Cuda Alloc Size 6291456 pointer 0x7f8cdcc00000
proj186:3271614:3271705 [0] NCCL INFO Allocated shareable buffer 0x7f8cdcc00000 size 6291456 ipcDesc 0x7f8cf400bbc0
proj186:3271614:3271705 [0] NCCL INFO proxyProgressAsync opId=0x7f8ce61cb3a0 op.type=3 op.reqBuff=0x7f8cf400fb00 op.respSize=80 done
proj186:3271614:3271702 [0] NCCL INFO ncclPollProxyResponse Received new opId=0x7f8ce61cb3a0
proj186:3271614:3271702 [0] NCCL INFO recvOpId=0x7f8ce61cb3a0 matches expected opId=0x7f8ce61cb3a0
proj186:3271614:3271705 [0] NCCL INFO Received and initiated operation=Setup res=0
proj186:3271615:3271704 [1] NCCL INFO transport/p2p.cc:204 Cuda Alloc Size 6291456 pointer 0x7fe7c3800000
proj186:3271615:3271704 [1] NCCL INFO Allocated shareable buffer 0x7fe7c3800000 size 6291456 ipcDesc 0x7fe7c800bc50
proj186:3271615:3271704 [1] NCCL INFO proxyProgressAsync opId=0x7fe7d21cb3a0 op.type=3 op.reqBuff=0x7fe7c8011350 op.respSize=80 done
proj186:3271615:3271703 [1] NCCL INFO ncclPollProxyResponse Received new opId=0x7fe7d21cb3a0
proj186:3271615:3271703 [1] NCCL INFO recvOpId=0x7fe7d21cb3a0 matches expected opId=0x7fe7d21cb3a0
proj186:3271614:3271705 [0] NCCL INFO New proxy recv connection 13 from local rank 0, transport 0
proj186:3271614:3271705 [0] NCCL INFO proxyProgressAsync opId=0x7f8ce61cb3a0 op.type=1 op.reqBuff=0x7f8cf400fb00 op.respSize=16 done
proj186:3271615:3271704 [1] NCCL INFO Received and initiated operation=Setup res=0
proj186:3271614:3271702 [0] NCCL INFO ncclPollProxyResponse Received new opId=0x7f8ce61cb3a0
proj186:3271614:3271702 [0] NCCL INFO recvOpId=0x7f8ce61cb3a0 matches expected opId=0x7f8ce61cb3a0
proj186:3271614:3271702 [0] NCCL INFO Connection to proxy localRank 0 -> connection 0x7f8cf4003570
proj186:3271614:3271705 [0] NCCL INFO Received and initiated operation=Init res=0
proj186:3271615:3271704 [1] NCCL INFO New proxy recv connection 15 from local rank 1, transport 0
proj186:3271615:3271704 [1] NCCL INFO proxyProgressAsync opId=0x7fe7d21cb3a0 op.type=1 op.reqBuff=0x7fe7c8011350 op.respSize=16 done
proj186:3271615:3271703 [1] NCCL INFO ncclPollProxyResponse Received new opId=0x7fe7d21cb3a0
proj186:3271615:3271703 [1] NCCL INFO recvOpId=0x7fe7d21cb3a0 matches expected opId=0x7fe7d21cb3a0
proj186:3271615:3271704 [1] NCCL INFO Received and initiated operation=Init res=0
proj186:3271615:3271703 [1] NCCL INFO Connection to proxy localRank 1 -> connection 0x7fe7c8003600
proj186:3271614:3271705 [0] NCCL INFO transport/p2p.cc:204 Cuda Alloc Size 6291456 pointer 0x7f8cdd200000
proj186:3271614:3271705 [0] NCCL INFO Allocated shareable buffer 0x7f8cdd200000 size 6291456 ipcDesc 0x7f8cf400bbc0
proj186:3271614:3271705 [0] NCCL INFO proxyProgressAsync opId=0x7f8ce61cb3a0 op.type=3 op.reqBuff=0x7f8cf40106e0 op.respSize=80 done
proj186:3271614:3271702 [0] NCCL INFO ncclPollProxyResponse Received new opId=0x7f8ce61cb3a0
proj186:3271614:3271702 [0] NCCL INFO recvOpId=0x7f8ce61cb3a0 matches expected opId=0x7f8ce61cb3a0
proj186:3271614:3271705 [0] NCCL INFO Received and initiated operation=Setup res=0
proj186:3271615:3271704 [1] NCCL INFO transport/p2p.cc:204 Cuda Alloc Size 6291456 pointer 0x7fe7c0000000
proj186:3271615:3271704 [1] NCCL INFO Allocated shareable buffer 0x7fe7c0000000 size 6291456 ipcDesc 0x7fe7c800bc50
proj186:3271615:3271704 [1] NCCL INFO proxyProgressAsync opId=0x7fe7d21cb3a0 op.type=3 op.reqBuff=0x7fe7c8011f30 op.respSize=80 done
proj186:3271614:3271705 [0] NCCL INFO New proxy recv connection 14 from local rank 0, transport 0
proj186:3271614:3271705 [0] NCCL INFO proxyProgressAsync opId=0x7f8ce61cb3a0 op.type=1 op.reqBuff=0x7f8cf40106e0 op.respSize=16 done
proj186:3271614:3271702 [0] NCCL INFO ncclPollProxyResponse Received new opId=0x7f8ce61cb3a0
proj186:3271615:3271703 [1] NCCL INFO ncclPollProxyResponse Received new opId=0x7fe7d21cb3a0
proj186:3271614:3271702 [0] NCCL INFO recvOpId=0x7f8ce61cb3a0 matches expected opId=0x7f8ce61cb3a0
proj186:3271614:3271702 [0] NCCL INFO Connection to proxy localRank 0 -> connection 0x7f8cf40035c0
proj186:3271615:3271703 [1] NCCL INFO recvOpId=0x7fe7d21cb3a0 matches expected opId=0x7fe7d21cb3a0
proj186:3271614:3271705 [0] NCCL INFO Received and initiated operation=Init res=0
proj186:3271615:3271704 [1] NCCL INFO Received and initiated operation=Setup res=0
proj186:3271615:3271703 [1] NCCL INFO Channel 00/0 : 1[1] -> 0[0] via P2P/IPC/read
proj186:3271615:3271704 [1] NCCL INFO New proxy send connection 16 from local rank 1, transport 0
proj186:3271615:3271704 [1] NCCL INFO proxyProgressAsync opId=0x7fe7d21cb3a0 op.type=1 op.reqBuff=0x7fe7c8011f30 op.respSize=16 done
proj186:3271615:3271703 [1] NCCL INFO ncclPollProxyResponse Received new opId=0x7fe7d21cb3a0
proj186:3271615:3271703 [1] NCCL INFO recvOpId=0x7fe7d21cb3a0 matches expected opId=0x7fe7d21cb3a0
proj186:3271615:3271703 [1] NCCL INFO Connection to proxy localRank 1 -> connection 0x7fe7c8003650
proj186:3271615:3271704 [1] NCCL INFO Received and initiated operation=Init res=0
proj186:3271614:3271705 [0] NCCL INFO transport/p2p.cc:204 Cuda Alloc Size 6291456 pointer 0x7f8cdd800000
proj186:3271614:3271705 [0] NCCL INFO Allocated shareable buffer 0x7f8cdd800000 size 6291456 ipcDesc 0x7f8cf400bbc0
proj186:3271614:3271705 [0] NCCL INFO proxyProgressAsync opId=0x7f8ce61cb3a0 op.type=3 op.reqBuff=0x7f8cf40112c0 op.respSize=80 done
proj186:3271614:3271702 [0] NCCL INFO ncclPollProxyResponse Received new opId=0x7f8ce61cb3a0
proj186:3271614:3271702 [0] NCCL INFO recvOpId=0x7f8ce61cb3a0 matches expected opId=0x7f8ce61cb3a0
proj186:3271614:3271705 [0] NCCL INFO Received and initiated operation=Setup res=0
proj186:3271615:3271704 [1] NCCL INFO transport/p2p.cc:204 Cuda Alloc Size 6291456 pointer 0x7fe7c0600000
proj186:3271615:3271704 [1] NCCL INFO Allocated shareable buffer 0x7fe7c0600000 size 6291456 ipcDesc 0x7fe7c800bc50
proj186:3271615:3271704 [1] NCCL INFO proxyProgressAsync opId=0x7fe7d21cb3a0 op.type=3 op.reqBuff=0x7fe7c8012ec0 op.respSize=80 done
proj186:3271614:3271705 [0] NCCL INFO New proxy recv connection 15 from local rank 0, transport 0
proj186:3271614:3271705 [0] NCCL INFO proxyProgressAsync opId=0x7f8ce61cb3a0 op.type=1 op.reqBuff=0x7f8cf40112c0 op.respSize=16 done
proj186:3271615:3271703 [1] NCCL INFO ncclPollProxyResponse Received new opId=0x7fe7d21cb3a0
proj186:3271614:3271702 [0] NCCL INFO ncclPollProxyResponse Received new opId=0x7f8ce61cb3a0
proj186:3271615:3271703 [1] NCCL INFO recvOpId=0x7fe7d21cb3a0 matches expected opId=0x7fe7d21cb3a0
proj186:3271615:3271704 [1] NCCL INFO Received and initiated operation=Setup res=0
proj186:3271615:3271703 [1] NCCL INFO Channel 01/0 : 1[1] -> 0[0] via P2P/IPC/read
proj186:3271614:3271702 [0] NCCL INFO recvOpId=0x7f8ce61cb3a0 matches expected opId=0x7f8ce61cb3a0
proj186:3271614:3271702 [0] NCCL INFO Connection to proxy localRank 0 -> connection 0x7f8cf4003610
proj186:3271614:3271705 [0] NCCL INFO Received and initiated operation=Init res=0
proj186:3271615:3271704 [1] NCCL INFO New proxy send connection 17 from local rank 1, transport 0
proj186:3271615:3271704 [1] NCCL INFO proxyProgressAsync opId=0x7fe7d21cb3a0 op.type=1 op.reqBuff=0x7fe7c8012ec0 op.respSize=16 done
proj186:3271615:3271703 [1] NCCL INFO ncclPollProxyResponse Received new opId=0x7fe7d21cb3a0
proj186:3271615:3271703 [1] NCCL INFO recvOpId=0x7fe7d21cb3a0 matches expected opId=0x7fe7d21cb3a0
proj186:3271615:3271703 [1] NCCL INFO Connection to proxy localRank 1 -> connection 0x7fe7c80036a0
proj186:3271615:3271704 [1] NCCL INFO Received and initiated operation=Init res=0
proj186:3271614:3271705 [0] NCCL INFO transport/p2p.cc:204 Cuda Alloc Size 6291456 pointer 0x7f8cda000000
proj186:3271614:3271705 [0] NCCL INFO Allocated shareable buffer 0x7f8cda000000 size 6291456 ipcDesc 0x7f8cf400bbc0
proj186:3271614:3271705 [0] NCCL INFO proxyProgressAsync opId=0x7f8ce61cb3a0 op.type=3 op.reqBuff=0x7f8cf4011ea0 op.respSize=80 done
proj186:3271614:3271702 [0] NCCL INFO ncclPollProxyResponse Received new opId=0x7f8ce61cb3a0
proj186:3271614:3271702 [0] NCCL INFO recvOpId=0x7f8ce61cb3a0 matches expected opId=0x7f8ce61cb3a0
proj186:3271615:3271704 [1] NCCL INFO transport/p2p.cc:204 Cuda Alloc Size 6291456 pointer 0x7fe7c0c00000
proj186:3271614:3271705 [0] NCCL INFO Received and initiated operation=Setup res=0
proj186:3271614:3271702 [0] NCCL INFO Channel 00/0 : 0[0] -> 1[1] via P2P/IPC/read
proj186:3271615:3271704 [1] NCCL INFO Allocated shareable buffer 0x7fe7c0c00000 size 6291456 ipcDesc 0x7fe7c800bc50
proj186:3271615:3271704 [1] NCCL INFO proxyProgressAsync opId=0x7fe7d21cb3a0 op.type=3 op.reqBuff=0x7fe7c8013aa0 op.respSize=80 done
proj186:3271615:3271703 [1] NCCL INFO ncclPollProxyResponse Received new opId=0x7fe7d21cb3a0
proj186:3271615:3271703 [1] NCCL INFO recvOpId=0x7fe7d21cb3a0 matches expected opId=0x7fe7d21cb3a0
proj186:3271615:3271703 [1] NCCL INFO Channel 02/0 : 1[1] -> 0[0] via P2P/IPC/read
proj186:3271615:3271704 [1] NCCL INFO Received and initiated operation=Setup res=0
proj186:3271614:3271705 [0] NCCL INFO New proxy send connection 16 from local rank 0, transport 0
proj186:3271614:3271705 [0] NCCL INFO proxyProgressAsync opId=0x7f8ce61cb3a0 op.type=1 op.reqBuff=0x7f8cf4011ea0 op.respSize=16 done
proj186:3271614:3271702 [0] NCCL INFO ncclPollProxyResponse Received new opId=0x7f8ce61cb3a0
proj186:3271614:3271702 [0] NCCL INFO recvOpId=0x7f8ce61cb3a0 matches expected opId=0x7f8ce61cb3a0
proj186:3271614:3271702 [0] NCCL INFO Connection to proxy localRank 0 -> connection 0x7f8cf4003660
proj186:3271614:3271705 [0] NCCL INFO Received and initiated operation=Init res=0
proj186:3271615:3271704 [1] NCCL INFO New proxy send connection 18 from local rank 1, transport 0
proj186:3271615:3271704 [1] NCCL INFO proxyProgressAsync opId=0x7fe7d21cb3a0 op.type=1 op.reqBuff=0x7fe7c8013aa0 op.respSize=16 done
proj186:3271615:3271703 [1] NCCL INFO ncclPollProxyResponse Received new opId=0x7fe7d21cb3a0
proj186:3271615:3271703 [1] NCCL INFO recvOpId=0x7fe7d21cb3a0 matches expected opId=0x7fe7d21cb3a0
proj186:3271615:3271704 [1] NCCL INFO Received and initiated operation=Init res=0
proj186:3271615:3271703 [1] NCCL INFO Connection to proxy localRank 1 -> connection 0x7fe7c80036f0
proj186:3271614:3271705 [0] NCCL INFO transport/p2p.cc:204 Cuda Alloc Size 6291456 pointer 0x7f8cda600000
proj186:3271614:3271705 [0] NCCL INFO Allocated shareable buffer 0x7f8cda600000 size 6291456 ipcDesc 0x7f8cf400bbc0
proj186:3271614:3271705 [0] NCCL INFO proxyProgressAsync opId=0x7f8ce61cb3a0 op.type=3 op.reqBuff=0x7f8cf4012e30 op.respSize=80 done
proj186:3271614:3271702 [0] NCCL INFO ncclPollProxyResponse Received new opId=0x7f8ce61cb3a0
proj186:3271614:3271702 [0] NCCL INFO recvOpId=0x7f8ce61cb3a0 matches expected opId=0x7f8ce61cb3a0
proj186:3271614:3271705 [0] NCCL INFO Received and initiated operation=Setup res=0
proj186:3271614:3271702 [0] NCCL INFO Channel 01/0 : 0[0] -> 1[1] via P2P/IPC/read
proj186:3271615:3271704 [1] NCCL INFO transport/p2p.cc:204 Cuda Alloc Size 6291456 pointer 0x7fe7c1200000
proj186:3271615:3271704 [1] NCCL INFO Allocated shareable buffer 0x7fe7c1200000 size 6291456 ipcDesc 0x7fe7c800bc50
proj186:3271615:3271704 [1] NCCL INFO proxyProgressAsync opId=0x7fe7d21cb3a0 op.type=3 op.reqBuff=0x7fe7c8014680 op.respSize=80 done
proj186:3271614:3271705 [0] NCCL INFO New proxy send connection 17 from local rank 0, transport 0
proj186:3271614:3271705 [0] NCCL INFO proxyProgressAsync opId=0x7f8ce61cb3a0 op.type=1 op.reqBuff=0x7f8cf4012e30 op.respSize=16 done
proj186:3271615:3271703 [1] NCCL INFO ncclPollProxyResponse Received new opId=0x7fe7d21cb3a0
proj186:3271614:3271702 [0] NCCL INFO ncclPollProxyResponse Received new opId=0x7f8ce61cb3a0
proj186:3271615:3271703 [1] NCCL INFO recvOpId=0x7fe7d21cb3a0 matches expected opId=0x7fe7d21cb3a0
proj186:3271615:3271704 [1] NCCL INFO Received and initiated operation=Setup res=0
proj186:3271615:3271703 [1] NCCL INFO Channel 03/0 : 1[1] -> 0[0] via P2P/IPC/read
proj186:3271614:3271702 [0] NCCL INFO recvOpId=0x7f8ce61cb3a0 matches expected opId=0x7f8ce61cb3a0
proj186:3271614:3271702 [0] NCCL INFO Connection to proxy localRank 0 -> connection 0x7f8cf40036b0
proj186:3271614:3271705 [0] NCCL INFO Received and initiated operation=Init res=0
proj186:3271615:3271704 [1] NCCL INFO New proxy send connection 19 from local rank 1, transport 0
proj186:3271615:3271704 [1] NCCL INFO proxyProgressAsync opId=0x7fe7d21cb3a0 op.type=1 op.reqBuff=0x7fe7c8014680 op.respSize=16 done
proj186:3271615:3271703 [1] NCCL INFO ncclPollProxyResponse Received new opId=0x7fe7d21cb3a0
proj186:3271615:3271703 [1] NCCL INFO recvOpId=0x7fe7d21cb3a0 matches expected opId=0x7fe7d21cb3a0
proj186:3271615:3271703 [1] NCCL INFO Connection to proxy localRank 1 -> connection 0x7fe7c8003740
proj186:3271615:3271704 [1] NCCL INFO Received and initiated operation=Init res=0
proj186:3271614:3271705 [0] NCCL INFO transport/p2p.cc:204 Cuda Alloc Size 6291456 pointer 0x7f8cdac00000
proj186:3271614:3271705 [0] NCCL INFO Allocated shareable buffer 0x7f8cdac00000 size 6291456 ipcDesc 0x7f8cf400bbc0
proj186:3271614:3271705 [0] NCCL INFO proxyProgressAsync opId=0x7f8ce61cb3a0 op.type=3 op.reqBuff=0x7f8cf4013a10 op.respSize=80 done
proj186:3271614:3271702 [0] NCCL INFO ncclPollProxyResponse Received new opId=0x7f8ce61cb3a0
proj186:3271614:3271702 [0] NCCL INFO recvOpId=0x7f8ce61cb3a0 matches expected opId=0x7f8ce61cb3a0
proj186:3271614:3271705 [0] NCCL INFO Received and initiated operation=Setup res=0
proj186:3271614:3271702 [0] NCCL INFO Channel 02/0 : 0[0] -> 1[1] via P2P/IPC/read
proj186:3271615:3271704 [1] NCCL INFO transport/p2p.cc:204 Cuda Alloc Size 6291456 pointer 0x7fe7c1800000
proj186:3271615:3271704 [1] NCCL INFO Allocated shareable buffer 0x7fe7c1800000 size 6291456 ipcDesc 0x7fe7c800bc50
proj186:3271615:3271704 [1] NCCL INFO proxyProgressAsync opId=0x7fe7d21cb3a0 op.type=3 op.reqBuff=0x7fe7c8015260 op.respSize=80 done
proj186:3271614:3271705 [0] NCCL INFO New proxy send connection 18 from local rank 0, transport 0
proj186:3271614:3271705 [0] NCCL INFO proxyProgressAsync opId=0x7f8ce61cb3a0 op.type=1 op.reqBuff=0x7f8cf4013a10 op.respSize=16 done
proj186:3271615:3271703 [1] NCCL INFO ncclPollProxyResponse Received new opId=0x7fe7d21cb3a0
proj186:3271614:3271702 [0] NCCL INFO ncclPollProxyResponse Received new opId=0x7f8ce61cb3a0
proj186:3271615:3271703 [1] NCCL INFO recvOpId=0x7fe7d21cb3a0 matches expected opId=0x7fe7d21cb3a0
proj186:3271614:3271702 [0] NCCL INFO recvOpId=0x7f8ce61cb3a0 matches expected opId=0x7f8ce61cb3a0
proj186:3271615:3271704 [1] NCCL INFO Received and initiated operation=Setup res=0
proj186:3271614:3271705 [0] NCCL INFO Received and initiated operation=Init res=0
proj186:3271615:3271703 [1] NCCL INFO Channel 04/0 : 1[1] -> 0[0] via P2P/IPC/read
proj186:3271614:3271702 [0] NCCL INFO Connection to proxy localRank 0 -> connection 0x7f8cf4003700
proj186:3271615:3271704 [1] NCCL INFO New proxy send connection 20 from local rank 1, transport 0
proj186:3271615:3271704 [1] NCCL INFO proxyProgressAsync opId=0x7fe7d21cb3a0 op.type=1 op.reqBuff=0x7fe7c8015260 op.respSize=16 done
proj186:3271615:3271703 [1] NCCL INFO ncclPollProxyResponse Received new opId=0x7fe7d21cb3a0
proj186:3271615:3271703 [1] NCCL INFO recvOpId=0x7fe7d21cb3a0 matches expected opId=0x7fe7d21cb3a0
proj186:3271615:3271703 [1] NCCL INFO Connection to proxy localRank 1 -> connection 0x7fe7c8003790
proj186:3271615:3271704 [1] NCCL INFO Received and initiated operation=Init res=0
proj186:3271614:3271705 [0] NCCL INFO transport/p2p.cc:204 Cuda Alloc Size 6291456 pointer 0x7f8cdb200000
proj186:3271614:3271705 [0] NCCL INFO Allocated shareable buffer 0x7f8cdb200000 size 6291456 ipcDesc 0x7f8cf400bbc0
proj186:3271614:3271705 [0] NCCL INFO proxyProgressAsync opId=0x7f8ce61cb3a0 op.type=3 op.reqBuff=0x7f8cf40145f0 op.respSize=80 done
proj186:3271614:3271702 [0] NCCL INFO ncclPollProxyResponse Received new opId=0x7f8ce61cb3a0
proj186:3271614:3271702 [0] NCCL INFO recvOpId=0x7f8ce61cb3a0 matches expected opId=0x7f8ce61cb3a0
proj186:3271614:3271705 [0] NCCL INFO Received and initiated operation=Setup res=0
proj186:3271614:3271702 [0] NCCL INFO Channel 03/0 : 0[0] -> 1[1] via P2P/IPC/read
proj186:3271614:3271705 [0] NCCL INFO New proxy send connection 19 from local rank 0, transport 0
proj186:3271614:3271705 [0] NCCL INFO proxyProgressAsync opId=0x7f8ce61cb3a0 op.type=1 op.reqBuff=0x7f8cf40145f0 op.respSize=16 done
proj186:3271614:3271702 [0] NCCL INFO ncclPollProxyResponse Received new opId=0x7f8ce61cb3a0
proj186:3271614:3271702 [0] NCCL INFO recvOpId=0x7f8ce61cb3a0 matches expected opId=0x7f8ce61cb3a0
proj186:3271614:3271705 [0] NCCL INFO Received and initiated operation=Init res=0
proj186:3271614:3271702 [0] NCCL INFO Connection to proxy localRank 0 -> connection 0x7f8cf4003750
proj186:3271615:3271704 [1] NCCL INFO transport/p2p.cc:204 Cuda Alloc Size 6291456 pointer 0x7fe7be000000
proj186:3271615:3271704 [1] NCCL INFO Allocated shareable buffer 0x7fe7be000000 size 6291456 ipcDesc 0x7fe7c800bc50
proj186:3271615:3271704 [1] NCCL INFO proxyProgressAsync opId=0x7fe7d21cb3a0 op.type=3 op.reqBuff=0x7fe7c8015e40 op.respSize=80 done
proj186:3271615:3271703 [1] NCCL INFO ncclPollProxyResponse Received new opId=0x7fe7d21cb3a0
proj186:3271615:3271703 [1] NCCL INFO recvOpId=0x7fe7d21cb3a0 matches expected opId=0x7fe7d21cb3a0
proj186:3271615:3271704 [1] NCCL INFO Received and initiated operation=Setup res=0
proj186:3271615:3271703 [1] NCCL INFO Channel 05/0 : 1[1] -> 0[0] via P2P/IPC/read
proj186:3271615:3271704 [1] NCCL INFO New proxy send connection 21 from local rank 1, transport 0
proj186:3271615:3271704 [1] NCCL INFO proxyProgressAsync opId=0x7fe7d21cb3a0 op.type=1 op.reqBuff=0x7fe7c8015e40 op.respSize=16 done
proj186:3271615:3271703 [1] NCCL INFO ncclPollProxyResponse Received new opId=0x7fe7d21cb3a0
proj186:3271615:3271703 [1] NCCL INFO recvOpId=0x7fe7d21cb3a0 matches expected opId=0x7fe7d21cb3a0
proj186:3271615:3271703 [1] NCCL INFO Connection to proxy localRank 1 -> connection 0x7fe7c80037e0
proj186:3271615:3271704 [1] NCCL INFO Received and initiated operation=Init res=0
proj186:3271615:3271704 [1] NCCL INFO transport/p2p.cc:204 Cuda Alloc Size 6291456 pointer 0x7fe7be600000
proj186:3271615:3271704 [1] NCCL INFO Allocated shareable buffer 0x7fe7be600000 size 6291456 ipcDesc 0x7fe7c800bc50
proj186:3271615:3271704 [1] NCCL INFO proxyProgressAsync opId=0x7fe7d21cb3a0 op.type=3 op.reqBuff=0x7fe7c8016dd0 op.respSize=80 done
proj186:3271615:3271703 [1] NCCL INFO ncclPollProxyResponse Received new opId=0x7fe7d21cb3a0
proj186:3271615:3271703 [1] NCCL INFO recvOpId=0x7fe7d21cb3a0 matches expected opId=0x7fe7d21cb3a0
proj186:3271615:3271704 [1] NCCL INFO Received and initiated operation=Setup res=0
proj186:3271615:3271703 [1] NCCL INFO Channel 06/0 : 1[1] -> 0[0] via P2P/IPC/read
proj186:3271615:3271704 [1] NCCL INFO New proxy send connection 22 from local rank 1, transport 0
proj186:3271615:3271704 [1] NCCL INFO proxyProgressAsync opId=0x7fe7d21cb3a0 op.type=1 op.reqBuff=0x7fe7c8016dd0 op.respSize=16 done
proj186:3271615:3271703 [1] NCCL INFO ncclPollProxyResponse Received new opId=0x7fe7d21cb3a0
proj186:3271615:3271703 [1] NCCL INFO recvOpId=0x7fe7d21cb3a0 matches expected opId=0x7fe7d21cb3a0
proj186:3271615:3271703 [1] NCCL INFO Connection to proxy localRank 1 -> connection 0x7fe7c8003830
proj186:3271615:3271704 [1] NCCL INFO Received and initiated operation=Init res=0
proj186:3271614:3271705 [0] NCCL INFO transport/p2p.cc:204 Cuda Alloc Size 6291456 pointer 0x7f8cdb800000
proj186:3271614:3271705 [0] NCCL INFO Allocated shareable buffer 0x7f8cdb800000 size 6291456 ipcDesc 0x7f8cf400bbc0
proj186:3271614:3271705 [0] NCCL INFO proxyProgressAsync opId=0x7f8ce61cb3a0 op.type=3 op.reqBuff=0x7f8cf40151d0 op.respSize=80 done
proj186:3271614:3271702 [0] NCCL INFO ncclPollProxyResponse Received new opId=0x7f8ce61cb3a0
proj186:3271614:3271702 [0] NCCL INFO recvOpId=0x7f8ce61cb3a0 matches expected opId=0x7f8ce61cb3a0
proj186:3271614:3271705 [0] NCCL INFO Received and initiated operation=Setup res=0
proj186:3271614:3271702 [0] NCCL INFO Channel 04/0 : 0[0] -> 1[1] via P2P/IPC/read
proj186:3271614:3271705 [0] NCCL INFO New proxy send connection 20 from local rank 0, transport 0
proj186:3271614:3271705 [0] NCCL INFO proxyProgressAsync opId=0x7f8ce61cb3a0 op.type=1 op.reqBuff=0x7f8cf40151d0 op.respSize=16 done
proj186:3271614:3271702 [0] NCCL INFO ncclPollProxyResponse Received new opId=0x7f8ce61cb3a0
proj186:3271614:3271702 [0] NCCL INFO recvOpId=0x7f8ce61cb3a0 matches expected opId=0x7f8ce61cb3a0
proj186:3271614:3271702 [0] NCCL INFO Connection to proxy localRank 0 -> connection 0x7f8cf40037a0
proj186:3271614:3271705 [0] NCCL INFO Received and initiated operation=Init res=0
proj186:3271615:3271704 [1] NCCL INFO transport/p2p.cc:204 Cuda Alloc Size 6291456 pointer 0x7fe7bec00000
proj186:3271615:3271704 [1] NCCL INFO Allocated shareable buffer 0x7fe7bec00000 size 6291456 ipcDesc 0x7fe7c800bc50
proj186:3271615:3271704 [1] NCCL INFO proxyProgressAsync opId=0x7fe7d21cb3a0 op.type=3 op.reqBuff=0x7fe7c80179b0 op.respSize=80 done
proj186:3271615:3271703 [1] NCCL INFO ncclPollProxyResponse Received new opId=0x7fe7d21cb3a0
proj186:3271615:3271703 [1] NCCL INFO recvOpId=0x7fe7d21cb3a0 matches expected opId=0x7fe7d21cb3a0
proj186:3271615:3271704 [1] NCCL INFO Received and initiated operation=Setup res=0
proj186:3271615:3271703 [1] NCCL INFO Channel 07/0 : 1[1] -> 0[0] via P2P/IPC/read
proj186:3271615:3271704 [1] NCCL INFO New proxy send connection 23 from local rank 1, transport 0
proj186:3271615:3271704 [1] NCCL INFO proxyProgressAsync opId=0x7fe7d21cb3a0 op.type=1 op.reqBuff=0x7fe7c80179b0 op.respSize=16 done
proj186:3271615:3271703 [1] NCCL INFO ncclPollProxyResponse Received new opId=0x7fe7d21cb3a0
proj186:3271615:3271703 [1] NCCL INFO recvOpId=0x7fe7d21cb3a0 matches expected opId=0x7fe7d21cb3a0
proj186:3271615:3271703 [1] NCCL INFO Connection to proxy localRank 1 -> connection 0x7fe7c8003880
proj186:3271615:3271704 [1] NCCL INFO Received and initiated operation=Init res=0
proj186:3271614:3271705 [0] NCCL INFO transport/p2p.cc:204 Cuda Alloc Size 6291456 pointer 0x7f8cd8000000
proj186:3271614:3271705 [0] NCCL INFO Allocated shareable buffer 0x7f8cd8000000 size 6291456 ipcDesc 0x7f8cf400bbc0
proj186:3271614:3271705 [0] NCCL INFO proxyProgressAsync opId=0x7f8ce61cb3a0 op.type=3 op.reqBuff=0x7f8cf4015db0 op.respSize=80 done
proj186:3271614:3271702 [0] NCCL INFO ncclPollProxyResponse Received new opId=0x7f8ce61cb3a0
proj186:3271614:3271702 [0] NCCL INFO recvOpId=0x7f8ce61cb3a0 matches expected opId=0x7f8ce61cb3a0
proj186:3271614:3271705 [0] NCCL INFO Received and initiated operation=Setup res=0
proj186:3271614:3271702 [0] NCCL INFO Channel 05/0 : 0[0] -> 1[1] via P2P/IPC/read
proj186:3271614:3271705 [0] NCCL INFO New proxy send connection 21 from local rank 0, transport 0
proj186:3271614:3271705 [0] NCCL INFO proxyProgressAsync opId=0x7f8ce61cb3a0 op.type=1 op.reqBuff=0x7f8cf4015db0 op.respSize=16 done
proj186:3271614:3271702 [0] NCCL INFO ncclPollProxyResponse Received new opId=0x7f8ce61cb3a0
proj186:3271614:3271702 [0] NCCL INFO recvOpId=0x7f8ce61cb3a0 matches expected opId=0x7f8ce61cb3a0
proj186:3271614:3271705 [0] NCCL INFO Received and initiated operation=Init res=0
proj186:3271614:3271702 [0] NCCL INFO Connection to proxy localRank 0 -> connection 0x7f8cf40037f0
proj186:3271615:3271704 [1] NCCL INFO transport/p2p.cc:204 Cuda Alloc Size 6291456 pointer 0x7fe7bf200000
proj186:3271615:3271704 [1] NCCL INFO Allocated shareable buffer 0x7fe7bf200000 size 6291456 ipcDesc 0x7fe7c800bc50
proj186:3271615:3271704 [1] NCCL INFO proxyProgressAsync opId=0x7fe7d21cb3a0 op.type=3 op.reqBuff=0x7fe7c8018590 op.respSize=80 done
proj186:3271615:3271703 [1] NCCL INFO ncclPollProxyResponse Received new opId=0x7fe7d21cb3a0
proj186:3271615:3271703 [1] NCCL INFO recvOpId=0x7fe7d21cb3a0 matches expected opId=0x7fe7d21cb3a0
proj186:3271615:3271704 [1] NCCL INFO Received and initiated operation=Setup res=0
proj186:3271615:3271703 [1] NCCL INFO Channel 08/0 : 1[1] -> 0[0] via P2P/IPC/read
proj186:3271615:3271704 [1] NCCL INFO New proxy send connection 24 from local rank 1, transport 0
proj186:3271615:3271704 [1] NCCL INFO proxyProgressAsync opId=0x7fe7d21cb3a0 op.type=1 op.reqBuff=0x7fe7c8018590 op.respSize=16 done
proj186:3271615:3271703 [1] NCCL INFO ncclPollProxyResponse Received new opId=0x7fe7d21cb3a0
proj186:3271615:3271703 [1] NCCL INFO recvOpId=0x7fe7d21cb3a0 matches expected opId=0x7fe7d21cb3a0
proj186:3271615:3271704 [1] NCCL INFO Received and initiated operation=Init res=0
proj186:3271615:3271703 [1] NCCL INFO Connection to proxy localRank 1 -> connection 0x7fe7c80038d0
proj186:3271614:3271705 [0] NCCL INFO transport/p2p.cc:204 Cuda Alloc Size 6291456 pointer 0x7f8cd8600000
proj186:3271614:3271705 [0] NCCL INFO Allocated shareable buffer 0x7f8cd8600000 size 6291456 ipcDesc 0x7f8cf400bbc0
proj186:3271614:3271705 [0] NCCL INFO proxyProgressAsync opId=0x7f8ce61cb3a0 op.type=3 op.reqBuff=0x7f8cf4016d40 op.respSize=80 done
proj186:3271614:3271702 [0] NCCL INFO ncclPollProxyResponse Received new opId=0x7f8ce61cb3a0
proj186:3271614:3271702 [0] NCCL INFO recvOpId=0x7f8ce61cb3a0 matches expected opId=0x7f8ce61cb3a0
proj186:3271614:3271705 [0] NCCL INFO Received and initiated operation=Setup res=0
proj186:3271614:3271702 [0] NCCL INFO Channel 06/0 : 0[0] -> 1[1] via P2P/IPC/read
proj186:3271614:3271705 [0] NCCL INFO New proxy send connection 22 from local rank 0, transport 0
proj186:3271614:3271705 [0] NCCL INFO proxyProgressAsync opId=0x7f8ce61cb3a0 op.type=1 op.reqBuff=0x7f8cf4016d40 op.respSize=16 done
proj186:3271614:3271702 [0] NCCL INFO ncclPollProxyResponse Received new opId=0x7f8ce61cb3a0
proj186:3271615:3271704 [1] NCCL INFO transport/p2p.cc:204 Cuda Alloc Size 6291456 pointer 0x7fe7bf800000
proj186:3271614:3271702 [0] NCCL INFO recvOpId=0x7f8ce61cb3a0 matches expected opId=0x7f8ce61cb3a0
proj186:3271614:3271705 [0] NCCL INFO Received and initiated operation=Init res=0
proj186:3271615:3271704 [1] NCCL INFO Allocated shareable buffer 0x7fe7bf800000 size 6291456 ipcDesc 0x7fe7c800bc50
proj186:3271615:3271704 [1] NCCL INFO proxyProgressAsync opId=0x7fe7d21cb3a0 op.type=3 op.reqBuff=0x7fe7c8019170 op.respSize=80 done
proj186:3271614:3271702 [0] NCCL INFO Connection to proxy localRank 0 -> connection 0x7f8cf4003840
proj186:3271615:3271703 [1] NCCL INFO ncclPollProxyResponse Received new opId=0x7fe7d21cb3a0
proj186:3271615:3271703 [1] NCCL INFO recvOpId=0x7fe7d21cb3a0 matches expected opId=0x7fe7d21cb3a0
proj186:3271615:3271704 [1] NCCL INFO Received and initiated operation=Setup res=0
proj186:3271615:3271703 [1] NCCL INFO Channel 09/0 : 1[1] -> 0[0] via P2P/IPC/read
proj186:3271615:3271704 [1] NCCL INFO New proxy send connection 25 from local rank 1, transport 0
proj186:3271615:3271704 [1] NCCL INFO proxyProgressAsync opId=0x7fe7d21cb3a0 op.type=1 op.reqBuff=0x7fe7c8019170 op.respSize=16 done
proj186:3271615:3271703 [1] NCCL INFO ncclPollProxyResponse Received new opId=0x7fe7d21cb3a0
proj186:3271615:3271703 [1] NCCL INFO recvOpId=0x7fe7d21cb3a0 matches expected opId=0x7fe7d21cb3a0
proj186:3271615:3271703 [1] NCCL INFO Connection to proxy localRank 1 -> connection 0x7fe7c8003920
proj186:3271615:3271704 [1] NCCL INFO Received and initiated operation=Init res=0
proj186:3271614:3271705 [0] NCCL INFO transport/p2p.cc:204 Cuda Alloc Size 6291456 pointer 0x7f8cd8c00000
proj186:3271614:3271705 [0] NCCL INFO Allocated shareable buffer 0x7f8cd8c00000 size 6291456 ipcDesc 0x7f8cf400bbc0
proj186:3271614:3271705 [0] NCCL INFO proxyProgressAsync opId=0x7f8ce61cb3a0 op.type=3 op.reqBuff=0x7f8cf4017920 op.respSize=80 done
proj186:3271614:3271702 [0] NCCL INFO ncclPollProxyResponse Received new opId=0x7f8ce61cb3a0
proj186:3271614:3271702 [0] NCCL INFO recvOpId=0x7f8ce61cb3a0 matches expected opId=0x7f8ce61cb3a0
proj186:3271614:3271705 [0] NCCL INFO Received and initiated operation=Setup res=0
proj186:3271614:3271702 [0] NCCL INFO Channel 07/0 : 0[0] -> 1[1] via P2P/IPC/read
proj186:3271614:3271705 [0] NCCL INFO New proxy send connection 23 from local rank 0, transport 0
proj186:3271614:3271705 [0] NCCL INFO proxyProgressAsync opId=0x7f8ce61cb3a0 op.type=1 op.reqBuff=0x7f8cf4017920 op.respSize=16 done
proj186:3271614:3271702 [0] NCCL INFO ncclPollProxyResponse Received new opId=0x7f8ce61cb3a0
proj186:3271615:3271704 [1] NCCL INFO transport/p2p.cc:204 Cuda Alloc Size 6291456 pointer 0x7fe7bc000000
proj186:3271614:3271702 [0] NCCL INFO recvOpId=0x7f8ce61cb3a0 matches expected opId=0x7f8ce61cb3a0
proj186:3271614:3271702 [0] NCCL INFO Connection to proxy localRank 0 -> connection 0x7f8cf4003890
proj186:3271614:3271705 [0] NCCL INFO Received and initiated operation=Init res=0
proj186:3271615:3271704 [1] NCCL INFO Allocated shareable buffer 0x7fe7bc000000 size 6291456 ipcDesc 0x7fe7c800bc50
proj186:3271615:3271704 [1] NCCL INFO proxyProgressAsync opId=0x7fe7d21cb3a0 op.type=3 op.reqBuff=0x7fe7c8019d50 op.respSize=80 done
proj186:3271615:3271703 [1] NCCL INFO ncclPollProxyResponse Received new opId=0x7fe7d21cb3a0
proj186:3271615:3271703 [1] NCCL INFO recvOpId=0x7fe7d21cb3a0 matches expected opId=0x7fe7d21cb3a0
proj186:3271615:3271704 [1] NCCL INFO Received and initiated operation=Setup res=0
proj186:3271615:3271703 [1] NCCL INFO Channel 10/0 : 1[1] -> 0[0] via P2P/IPC/read
proj186:3271615:3271704 [1] NCCL INFO New proxy send connection 26 from local rank 1, transport 0
proj186:3271615:3271704 [1] NCCL INFO proxyProgressAsync opId=0x7fe7d21cb3a0 op.type=1 op.reqBuff=0x7fe7c8019d50 op.respSize=16 done
proj186:3271615:3271703 [1] NCCL INFO ncclPollProxyResponse Received new opId=0x7fe7d21cb3a0
proj186:3271615:3271703 [1] NCCL INFO recvOpId=0x7fe7d21cb3a0 matches expected opId=0x7fe7d21cb3a0
proj186:3271615:3271703 [1] NCCL INFO Connection to proxy localRank 1 -> connection 0x7fe7c8003970
proj186:3271615:3271704 [1] NCCL INFO Received and initiated operation=Init res=0
proj186:3271614:3271705 [0] NCCL INFO transport/p2p.cc:204 Cuda Alloc Size 6291456 pointer 0x7f8cd9200000
proj186:3271614:3271705 [0] NCCL INFO Allocated shareable buffer 0x7f8cd9200000 size 6291456 ipcDesc 0x7f8cf400bbc0
proj186:3271614:3271705 [0] NCCL INFO proxyProgressAsync opId=0x7f8ce61cb3a0 op.type=3 op.reqBuff=0x7f8cf4018500 op.respSize=80 done
proj186:3271614:3271702 [0] NCCL INFO ncclPollProxyResponse Received new opId=0x7f8ce61cb3a0
proj186:3271614:3271702 [0] NCCL INFO recvOpId=0x7f8ce61cb3a0 matches expected opId=0x7f8ce61cb3a0
proj186:3271614:3271705 [0] NCCL INFO Received and initiated operation=Setup res=0
proj186:3271614:3271702 [0] NCCL INFO Channel 08/0 : 0[0] -> 1[1] via P2P/IPC/read
proj186:3271614:3271705 [0] NCCL INFO New proxy send connection 24 from local rank 0, transport 0
proj186:3271614:3271705 [0] NCCL INFO proxyProgressAsync opId=0x7f8ce61cb3a0 op.type=1 op.reqBuff=0x7f8cf4018500 op.respSize=16 done
proj186:3271615:3271704 [1] NCCL INFO transport/p2p.cc:204 Cuda Alloc Size 6291456 pointer 0x7fe7bc600000
proj186:3271614:3271702 [0] NCCL INFO ncclPollProxyResponse Received new opId=0x7f8ce61cb3a0
proj186:3271615:3271704 [1] NCCL INFO Allocated shareable buffer 0x7fe7bc600000 size 6291456 ipcDesc 0x7fe7c800bc50
proj186:3271615:3271704 [1] NCCL INFO proxyProgressAsync opId=0x7fe7d21cb3a0 op.type=3 op.reqBuff=0x7fe7c801ace0 op.respSize=80 done
proj186:3271614:3271702 [0] NCCL INFO recvOpId=0x7f8ce61cb3a0 matches expected opId=0x7f8ce61cb3a0
proj186:3271614:3271705 [0] NCCL INFO Received and initiated operation=Init res=0
proj186:3271614:3271702 [0] NCCL INFO Connection to proxy localRank 0 -> connection 0x7f8cf40038e0
proj186:3271615:3271703 [1] NCCL INFO ncclPollProxyResponse Received new opId=0x7fe7d21cb3a0
proj186:3271615:3271703 [1] NCCL INFO recvOpId=0x7fe7d21cb3a0 matches expected opId=0x7fe7d21cb3a0
proj186:3271615:3271704 [1] NCCL INFO Received and initiated operation=Setup res=0
proj186:3271615:3271703 [1] NCCL INFO Channel 11/0 : 1[1] -> 0[0] via P2P/IPC/read
proj186:3271615:3271704 [1] NCCL INFO New proxy send connection 27 from local rank 1, transport 0
proj186:3271615:3271704 [1] NCCL INFO proxyProgressAsync opId=0x7fe7d21cb3a0 op.type=1 op.reqBuff=0x7fe7c801ace0 op.respSize=16 done
proj186:3271615:3271703 [1] NCCL INFO ncclPollProxyResponse Received new opId=0x7fe7d21cb3a0
proj186:3271615:3271703 [1] NCCL INFO recvOpId=0x7fe7d21cb3a0 matches expected opId=0x7fe7d21cb3a0
proj186:3271615:3271704 [1] NCCL INFO Received and initiated operation=Init res=0
proj186:3271615:3271703 [1] NCCL INFO Connection to proxy localRank 1 -> connection 0x7fe7c80039c0
proj186:3271614:3271705 [0] NCCL INFO transport/p2p.cc:204 Cuda Alloc Size 6291456 pointer 0x7f8cd9800000
proj186:3271614:3271705 [0] NCCL INFO Allocated shareable buffer 0x7f8cd9800000 size 6291456 ipcDesc 0x7f8cf400bbc0
proj186:3271614:3271705 [0] NCCL INFO proxyProgressAsync opId=0x7f8ce61cb3a0 op.type=3 op.reqBuff=0x7f8cf40190e0 op.respSize=80 done
proj186:3271614:3271702 [0] NCCL INFO ncclPollProxyResponse Received new opId=0x7f8ce61cb3a0
proj186:3271614:3271702 [0] NCCL INFO recvOpId=0x7f8ce61cb3a0 matches expected opId=0x7f8ce61cb3a0
proj186:3271614:3271705 [0] NCCL INFO Received and initiated operation=Setup res=0
proj186:3271614:3271702 [0] NCCL INFO Channel 09/0 : 0[0] -> 1[1] via P2P/IPC/read
proj186:3271614:3271705 [0] NCCL INFO New proxy send connection 25 from local rank 0, transport 0
proj186:3271614:3271705 [0] NCCL INFO proxyProgressAsync opId=0x7f8ce61cb3a0 op.type=1 op.reqBuff=0x7f8cf40190e0 op.respSize=16 done
proj186:3271614:3271702 [0] NCCL INFO ncclPollProxyResponse Received new opId=0x7f8ce61cb3a0
proj186:3271615:3271704 [1] NCCL INFO transport/p2p.cc:204 Cuda Alloc Size 6291456 pointer 0x7fe7bcc00000
proj186:3271614:3271702 [0] NCCL INFO recvOpId=0x7f8ce61cb3a0 matches expected opId=0x7f8ce61cb3a0
proj186:3271614:3271705 [0] NCCL INFO Received and initiated operation=Init res=0
proj186:3271615:3271704 [1] NCCL INFO Allocated shareable buffer 0x7fe7bcc00000 size 6291456 ipcDesc 0x7fe7c800bc50
proj186:3271615:3271704 [1] NCCL INFO proxyProgressAsync opId=0x7fe7d21cb3a0 op.type=3 op.reqBuff=0x7fe7c801b8c0 op.respSize=80 done
proj186:3271614:3271702 [0] NCCL INFO Connection to proxy localRank 0 -> connection 0x7f8cf4003930
proj186:3271615:3271703 [1] NCCL INFO ncclPollProxyResponse Received new opId=0x7fe7d21cb3a0
proj186:3271615:3271703 [1] NCCL INFO recvOpId=0x7fe7d21cb3a0 matches expected opId=0x7fe7d21cb3a0
proj186:3271615:3271704 [1] NCCL INFO Received and initiated operation=Setup res=0
proj186:3271615:3271703 [1] NCCL INFO Channel 12/0 : 1[1] -> 0[0] via P2P/IPC/read
proj186:3271615:3271704 [1] NCCL INFO New proxy send connection 28 from local rank 1, transport 0
proj186:3271615:3271704 [1] NCCL INFO proxyProgressAsync opId=0x7fe7d21cb3a0 op.type=1 op.reqBuff=0x7fe7c801b8c0 op.respSize=16 done
proj186:3271615:3271703 [1] NCCL INFO ncclPollProxyResponse Received new opId=0x7fe7d21cb3a0
proj186:3271615:3271703 [1] NCCL INFO recvOpId=0x7fe7d21cb3a0 matches expected opId=0x7fe7d21cb3a0
proj186:3271615:3271703 [1] NCCL INFO Connection to proxy localRank 1 -> connection 0x7fe7c8003a10
proj186:3271615:3271704 [1] NCCL INFO Received and initiated operation=Init res=0
proj186:3271614:3271705 [0] NCCL INFO transport/p2p.cc:204 Cuda Alloc Size 6291456 pointer 0x7f8cd6000000
proj186:3271614:3271705 [0] NCCL INFO Allocated shareable buffer 0x7f8cd6000000 size 6291456 ipcDesc 0x7f8cf400bbc0
proj186:3271614:3271705 [0] NCCL INFO proxyProgressAsync opId=0x7f8ce61cb3a0 op.type=3 op.reqBuff=0x7f8cf4019cc0 op.respSize=80 done
proj186:3271614:3271702 [0] NCCL INFO ncclPollProxyResponse Received new opId=0x7f8ce61cb3a0
proj186:3271614:3271702 [0] NCCL INFO recvOpId=0x7f8ce61cb3a0 matches expected opId=0x7f8ce61cb3a0
proj186:3271614:3271705 [0] NCCL INFO Received and initiated operation=Setup res=0
proj186:3271614:3271702 [0] NCCL INFO Channel 10/0 : 0[0] -> 1[1] via P2P/IPC/read
proj186:3271615:3271704 [1] NCCL INFO transport/p2p.cc:204 Cuda Alloc Size 6291456 pointer 0x7fe7bd200000
proj186:3271614:3271705 [0] NCCL INFO New proxy send connection 26 from local rank 0, transport 0
proj186:3271614:3271705 [0] NCCL INFO proxyProgressAsync opId=0x7f8ce61cb3a0 op.type=1 op.reqBuff=0x7f8cf4019cc0 op.respSize=16 done
proj186:3271615:3271704 [1] NCCL INFO Allocated shareable buffer 0x7fe7bd200000 size 6291456 ipcDesc 0x7fe7c800bc50
proj186:3271615:3271704 [1] NCCL INFO proxyProgressAsync opId=0x7fe7d21cb3a0 op.type=3 op.reqBuff=0x7fe7c801c4a0 op.respSize=80 done
proj186:3271614:3271702 [0] NCCL INFO ncclPollProxyResponse Received new opId=0x7f8ce61cb3a0
proj186:3271615:3271703 [1] NCCL INFO ncclPollProxyResponse Received new opId=0x7fe7d21cb3a0
proj186:3271614:3271702 [0] NCCL INFO recvOpId=0x7f8ce61cb3a0 matches expected opId=0x7f8ce61cb3a0
proj186:3271614:3271705 [0] NCCL INFO Received and initiated operation=Init res=0
proj186:3271615:3271703 [1] NCCL INFO recvOpId=0x7fe7d21cb3a0 matches expected opId=0x7fe7d21cb3a0
proj186:3271614:3271702 [0] NCCL INFO Connection to proxy localRank 0 -> connection 0x7f8cf4003980
proj186:3271615:3271704 [1] NCCL INFO Received and initiated operation=Setup res=0
proj186:3271615:3271703 [1] NCCL INFO Channel 13/0 : 1[1] -> 0[0] via P2P/IPC/read
proj186:3271615:3271704 [1] NCCL INFO New proxy send connection 29 from local rank 1, transport 0
proj186:3271615:3271704 [1] NCCL INFO proxyProgressAsync opId=0x7fe7d21cb3a0 op.type=1 op.reqBuff=0x7fe7c801c4a0 op.respSize=16 done
proj186:3271615:3271703 [1] NCCL INFO ncclPollProxyResponse Received new opId=0x7fe7d21cb3a0
proj186:3271615:3271703 [1] NCCL INFO recvOpId=0x7fe7d21cb3a0 matches expected opId=0x7fe7d21cb3a0
proj186:3271615:3271703 [1] NCCL INFO Connection to proxy localRank 1 -> connection 0x7fe7c8003a60
proj186:3271615:3271704 [1] NCCL INFO Received and initiated operation=Init res=0
proj186:3271614:3271705 [0] NCCL INFO transport/p2p.cc:204 Cuda Alloc Size 6291456 pointer 0x7f8cd6600000
proj186:3271614:3271705 [0] NCCL INFO Allocated shareable buffer 0x7f8cd6600000 size 6291456 ipcDesc 0x7f8cf400bbc0
proj186:3271614:3271705 [0] NCCL INFO proxyProgressAsync opId=0x7f8ce61cb3a0 op.type=3 op.reqBuff=0x7f8cf401ac50 op.respSize=80 done
proj186:3271614:3271702 [0] NCCL INFO ncclPollProxyResponse Received new opId=0x7f8ce61cb3a0
proj186:3271614:3271702 [0] NCCL INFO recvOpId=0x7f8ce61cb3a0 matches expected opId=0x7f8ce61cb3a0
proj186:3271614:3271705 [0] NCCL INFO Received and initiated operation=Setup res=0
proj186:3271614:3271702 [0] NCCL INFO Channel 11/0 : 0[0] -> 1[1] via P2P/IPC/read
proj186:3271615:3271704 [1] NCCL INFO transport/p2p.cc:204 Cuda Alloc Size 6291456 pointer 0x7fe7bd800000
proj186:3271615:3271704 [1] NCCL INFO Allocated shareable buffer 0x7fe7bd800000 size 6291456 ipcDesc 0x7fe7c800bc50
proj186:3271615:3271704 [1] NCCL INFO proxyProgressAsync opId=0x7fe7d21cb3a0 op.type=3 op.reqBuff=0x7fe7c801d080 op.respSize=80 done
proj186:3271615:3271703 [1] NCCL INFO ncclPollProxyResponse Received new opId=0x7fe7d21cb3a0
proj186:3271614:3271705 [0] NCCL INFO New proxy send connection 27 from local rank 0, transport 0
proj186:3271614:3271705 [0] NCCL INFO proxyProgressAsync opId=0x7f8ce61cb3a0 op.type=1 op.reqBuff=0x7f8cf401ac50 op.respSize=16 done
proj186:3271614:3271702 [0] NCCL INFO ncclPollProxyResponse Received new opId=0x7f8ce61cb3a0
proj186:3271615:3271703 [1] NCCL INFO recvOpId=0x7fe7d21cb3a0 matches expected opId=0x7fe7d21cb3a0
proj186:3271615:3271704 [1] NCCL INFO Received and initiated operation=Setup res=0
proj186:3271615:3271703 [1] NCCL INFO Channel 14/0 : 1[1] -> 0[0] via P2P/IPC/read
proj186:3271614:3271702 [0] NCCL INFO recvOpId=0x7f8ce61cb3a0 matches expected opId=0x7f8ce61cb3a0
proj186:3271614:3271705 [0] NCCL INFO Received and initiated operation=Init res=0
proj186:3271614:3271702 [0] NCCL INFO Connection to proxy localRank 0 -> connection 0x7f8cf40039d0
proj186:3271615:3271704 [1] NCCL INFO New proxy send connection 30 from local rank 1, transport 0
proj186:3271615:3271704 [1] NCCL INFO proxyProgressAsync opId=0x7fe7d21cb3a0 op.type=1 op.reqBuff=0x7fe7c801d080 op.respSize=16 done
proj186:3271615:3271703 [1] NCCL INFO ncclPollProxyResponse Received new opId=0x7fe7d21cb3a0
proj186:3271615:3271703 [1] NCCL INFO recvOpId=0x7fe7d21cb3a0 matches expected opId=0x7fe7d21cb3a0
proj186:3271615:3271703 [1] NCCL INFO Connection to proxy localRank 1 -> connection 0x7fe7c8003ab0
proj186:3271615:3271704 [1] NCCL INFO Received and initiated operation=Init res=0
proj186:3271614:3271705 [0] NCCL INFO transport/p2p.cc:204 Cuda Alloc Size 6291456 pointer 0x7f8cd6c00000
proj186:3271614:3271705 [0] NCCL INFO Allocated shareable buffer 0x7f8cd6c00000 size 6291456 ipcDesc 0x7f8cf400bbc0
proj186:3271614:3271705 [0] NCCL INFO proxyProgressAsync opId=0x7f8ce61cb3a0 op.type=3 op.reqBuff=0x7f8cf401b830 op.respSize=80 done
proj186:3271614:3271702 [0] NCCL INFO ncclPollProxyResponse Received new opId=0x7f8ce61cb3a0
proj186:3271614:3271702 [0] NCCL INFO recvOpId=0x7f8ce61cb3a0 matches expected opId=0x7f8ce61cb3a0
proj186:3271614:3271705 [0] NCCL INFO Received and initiated operation=Setup res=0
proj186:3271614:3271702 [0] NCCL INFO Channel 12/0 : 0[0] -> 1[1] via P2P/IPC/read
proj186:3271615:3271704 [1] NCCL INFO transport/p2p.cc:204 Cuda Alloc Size 6291456 pointer 0x7fe7ba000000
proj186:3271615:3271704 [1] NCCL INFO Allocated shareable buffer 0x7fe7ba000000 size 6291456 ipcDesc 0x7fe7c800bc50
proj186:3271615:3271704 [1] NCCL INFO proxyProgressAsync opId=0x7fe7d21cb3a0 op.type=3 op.reqBuff=0x7fe7c801dc60 op.respSize=80 done
proj186:3271614:3271705 [0] NCCL INFO New proxy send connection 28 from local rank 0, transport 0
proj186:3271614:3271705 [0] NCCL INFO proxyProgressAsync opId=0x7f8ce61cb3a0 op.type=1 op.reqBuff=0x7f8cf401b830 op.respSize=16 done
proj186:3271614:3271702 [0] NCCL INFO ncclPollProxyResponse Received new opId=0x7f8ce61cb3a0
proj186:3271615:3271703 [1] NCCL INFO ncclPollProxyResponse Received new opId=0x7fe7d21cb3a0
proj186:3271614:3271702 [0] NCCL INFO recvOpId=0x7f8ce61cb3a0 matches expected opId=0x7f8ce61cb3a0
proj186:3271614:3271702 [0] NCCL INFO Connection to proxy localRank 0 -> connection 0x7f8cf4003a20
proj186:3271614:3271705 [0] NCCL INFO Received and initiated operation=Init res=0
proj186:3271615:3271703 [1] NCCL INFO recvOpId=0x7fe7d21cb3a0 matches expected opId=0x7fe7d21cb3a0
proj186:3271615:3271704 [1] NCCL INFO Received and initiated operation=Setup res=0
