proj186:3271614:3271614 [0] NCCL INFO AllReduce: opCount 51 sendbuff 0x7f8d11200c00 recvbuff 0x7f8d11200c00 count 1024 datatype 7 op 0 root 0 comm 0x753fd00 [nranks=2] stream 0x6f9f860
proj186:3271615:3271615 [1] NCCL INFO AllReduce: opCount 51 sendbuff 0x7fe7f9200c00 recvbuff 0x7fe7f9200c00 count 1024 datatype 7 op 0 root 0 comm 0x8e6f640 [nranks=2] stream 0x8e733d0
proj186:3271615:3271615 [1] NCCL INFO AllReduce: opCount 52 sendbuff 0x7fe7f9200200 recvbuff 0x7fe7f9200200 count 1 datatype 1 op 0 root 0 comm 0x8e6f640 [nranks=2] stream 0x8e733d0
proj186:3271614:3271614 [0] NCCL INFO AllReduce: opCount 52 sendbuff 0x7f8d11200200 recvbuff 0x7f8d11200200 count 1 datatype 1 op 0 root 0 comm 0x753fd00 [nranks=2] stream 0x6f9f860
proj186:3271615:3271615 [1] NCCL INFO AllReduce: opCount 53 sendbuff 0x7fe7f9200c00 recvbuff 0x7fe7f9200c00 count 1024 datatype 7 op 0 root 0 comm 0x8e6f640 [nranks=2] stream 0x8e733d0
proj186:3271614:3271614 [0] NCCL INFO AllReduce: opCount 53 sendbuff 0x7f8d11200c00 recvbuff 0x7f8d11200c00 count 1024 datatype 7 op 0 root 0 comm 0x753fd00 [nranks=2] stream 0x6f9f860
proj186:3271615:3271615 [1] NCCL INFO AllReduce: opCount 54 sendbuff 0x7fe7f9200000 recvbuff 0x7fe7f9200000 count 1 datatype 1 op 0 root 0 comm 0x8e6f640 [nranks=2] stream 0x8e733d0
proj186:3271614:3271614 [0] NCCL INFO AllReduce: opCount 54 sendbuff 0x7f8d11200000 recvbuff 0x7f8d11200000 count 1 datatype 1 op 0 root 0 comm 0x753fd00 [nranks=2] stream 0x6f9f860
proj186:3271615:3271615 [1] NCCL INFO AllReduce: opCount 55 sendbuff 0x7fe7f9200c00 recvbuff 0x7fe7f9200c00 count 1024 datatype 7 op 0 root 0 comm 0x8e6f640 [nranks=2] stream 0x8e733d0
proj186:3271614:3271614 [0] NCCL INFO AllReduce: opCount 55 sendbuff 0x7f8d11200c00 recvbuff 0x7f8d11200c00 count 1024 datatype 7 op 0 root 0 comm 0x753fd00 [nranks=2] stream 0x6f9f860
proj186:3271614:3271614 [0] NCCL INFO AllReduce: opCount 56 sendbuff 0x7f8d11200200 recvbuff 0x7f8d11200200 count 1 datatype 1 op 0 root 0 comm 0x753fd00 [nranks=2] stream 0x6f9f860
proj186:3271615:3271615 [1] NCCL INFO AllReduce: opCount 56 sendbuff 0x7fe7f9200200 recvbuff 0x7fe7f9200200 count 1 datatype 1 op 0 root 0 comm 0x8e6f640 [nranks=2] stream 0x8e733d0
proj186:3271614:3271614 [0] NCCL INFO AllReduce: opCount 57 sendbuff 0x7f8d11200c00 recvbuff 0x7f8d11200c00 count 1024 datatype 7 op 0 root 0 comm 0x753fd00 [nranks=2] stream 0x6f9f860
proj186:3271615:3271615 [1] NCCL INFO AllReduce: opCount 57 sendbuff 0x7fe7f9200c00 recvbuff 0x7fe7f9200c00 count 1024 datatype 7 op 0 root 0 comm 0x8e6f640 [nranks=2] stream 0x8e733d0
proj186:3271614:3271614 [0] NCCL INFO AllReduce: opCount 58 sendbuff 0x7f8d11200000 recvbuff 0x7f8d11200000 count 1 datatype 1 op 0 root 0 comm 0x753fd00 [nranks=2] stream 0x6f9f860
proj186:3271615:3271615 [1] NCCL INFO AllReduce: opCount 58 sendbuff 0x7fe7f9200000 recvbuff 0x7fe7f9200000 count 1 datatype 1 op 0 root 0 comm 0x8e6f640 [nranks=2] stream 0x8e733d0
proj186:3271614:3271614 [0] NCCL INFO AllReduce: opCount 59 sendbuff 0x7f8d11200c00 recvbuff 0x7f8d11200c00 count 1024 datatype 7 op 0 root 0 comm 0x753fd00 [nranks=2] stream 0x6f9f860
proj186:3271615:3271615 [1] NCCL INFO AllReduce: opCount 59 sendbuff 0x7fe7f9200c00 recvbuff 0x7fe7f9200c00 count 1024 datatype 7 op 0 root 0 comm 0x8e6f640 [nranks=2] stream 0x8e733d0
        4K        1024     float     sum     N/A     57.10     0.57     0.57       0
proj186:3271615:3271615 [1] NCCL INFO AllReduce: opCount 5a sendbuff 0x7fe7f9200400 recvbuff 0x7fe7f9200400 count 2048 datatype 7 op 0 root 0 comm 0x8e6f640 [nranks=2] stream 0x8e733d0
proj186:3271614:3271614 [0] NCCL INFO AllReduce: opCount 5a sendbuff 0x7f8d11200400 recvbuff 0x7f8d11200400 count 2048 datatype 7 op 0 root 0 comm 0x753fd00 [nranks=2] stream 0x6f9f860
proj186:3271615:3271615 [1] NCCL INFO AllReduce: opCount 5b sendbuff 0x7fe7f9200400 recvbuff 0x7fe7f9200400 count 2048 datatype 7 op 0 root 0 comm 0x8e6f640 [nranks=2] stream 0x8e733d0
proj186:3271614:3271614 [0] NCCL INFO AllReduce: opCount 5b sendbuff 0x7f8d11200400 recvbuff 0x7f8d11200400 count 2048 datatype 7 op 0 root 0 comm 0x753fd00 [nranks=2] stream 0x6f9f860
proj186:3271615:3271615 [1] NCCL INFO AllReduce: opCount 5c sendbuff 0x7fe7f9200400 recvbuff 0x7fe7f9200400 count 2048 datatype 7 op 0 root 0 comm 0x8e6f640 [nranks=2] stream 0x8e733d0
proj186:3271614:3271614 [0] NCCL INFO AllReduce: opCount 5c sendbuff 0x7f8d11200400 recvbuff 0x7f8d11200400 count 2048 datatype 7 op 0 root 0 comm 0x753fd00 [nranks=2] stream 0x6f9f860
proj186:3271615:3271615 [1] NCCL INFO AllReduce: opCount 5d sendbuff 0x7fe7f9200400 recvbuff 0x7fe7f9200400 count 2048 datatype 7 op 0 root 0 comm 0x8e6f640 [nranks=2] stream 0x8e733d0
proj186:3271614:3271614 [0] NCCL INFO AllReduce: opCount 5d sendbuff 0x7f8d11200400 recvbuff 0x7f8d11200400 count 2048 datatype 7 op 0 root 0 comm 0x753fd00 [nranks=2] stream 0x6f9f860
proj186:3271615:3271615 [1] NCCL INFO AllReduce: opCount 5e sendbuff 0x7fe7f9200400 recvbuff 0x7fe7f9200400 count 2048 datatype 7 op 0 root 0 comm 0x8e6f640 [nranks=2] stream 0x8e733d0
proj186:3271614:3271614 [0] NCCL INFO AllReduce: opCount 5e sendbuff 0x7f8d11200400 recvbuff 0x7f8d11200400 count 2048 datatype 7 op 0 root 0 comm 0x753fd00 [nranks=2] stream 0x6f9f860
proj186:3271615:3271615 [1] NCCL INFO AllReduce: opCount 5f sendbuff 0x7fe7f9200200 recvbuff 0x7fe7f9200200 count 1 datatype 1 op 0 root 0 comm 0x8e6f640 [nranks=2] stream 0x8e733d0
proj186:3271614:3271614 [0] NCCL INFO AllReduce: opCount 5f sendbuff 0x7f8d11200200 recvbuff 0x7f8d11200200 count 1 datatype 1 op 0 root 0 comm 0x753fd00 [nranks=2] stream 0x6f9f860
proj186:3271615:3271615 [1] NCCL INFO AllReduce: opCount 60 sendbuff 0x7fe7f9200400 recvbuff 0x7fe7f9200400 count 2048 datatype 7 op 0 root 0 comm 0x8e6f640 [nranks=2] stream 0x8e733d0
proj186:3271614:3271614 [0] NCCL INFO AllReduce: opCount 60 sendbuff 0x7f8d11200400 recvbuff 0x7f8d11200400 count 2048 datatype 7 op 0 root 0 comm 0x753fd00 [nranks=2] stream 0x6f9f860
proj186:3271615:3271615 [1] NCCL INFO AllReduce: opCount 61 sendbuff 0x7fe7f9200000 recvbuff 0x7fe7f9200000 count 1 datatype 1 op 0 root 0 comm 0x8e6f640 [nranks=2] stream 0x8e733d0
proj186:3271614:3271614 [0] NCCL INFO AllReduce: opCount 61 sendbuff 0x7f8d11200000 recvbuff 0x7f8d11200000 count 1 datatype 1 op 0 root 0 comm 0x753fd00 [nranks=2] stream 0x6f9f860
proj186:3271614:3271614 [0] NCCL INFO AllReduce: opCount 62 sendbuff 0x7f8d11200400 recvbuff 0x7f8d11200400 count 2048 datatype 7 op 0 root 0 comm 0x753fd00 [nranks=2] stream 0x6f9f860
proj186:3271615:3271615 [1] NCCL INFO AllReduce: opCount 62 sendbuff 0x7fe7f9200400 recvbuff 0x7fe7f9200400 count 2048 datatype 7 op 0 root 0 comm 0x8e6f640 [nranks=2] stream 0x8e733d0
proj186:3271614:3271614 [0] NCCL INFO AllReduce: opCount 63 sendbuff 0x7f8d11200200 recvbuff 0x7f8d11200200 count 1 datatype 1 op 0 root 0 comm 0x753fd00 [nranks=2] stream 0x6f9f860
proj186:3271615:3271615 [1] NCCL INFO AllReduce: opCount 63 sendbuff 0x7fe7f9200200 recvbuff 0x7fe7f9200200 count 1 datatype 1 op 0 root 0 comm 0x8e6f640 [nranks=2] stream 0x8e733d0
proj186:3271614:3271614 [0] NCCL INFO AllReduce: opCount 64 sendbuff 0x7f8d11200400 recvbuff 0x7f8d11200400 count 2048 datatype 7 op 0 root 0 comm 0x753fd00 [nranks=2] stream 0x6f9f860
proj186:3271615:3271615 [1] NCCL INFO AllReduce: opCount 64 sendbuff 0x7fe7f9200400 recvbuff 0x7fe7f9200400 count 2048 datatype 7 op 0 root 0 comm 0x8e6f640 [nranks=2] stream 0x8e733d0
proj186:3271614:3271614 [0] NCCL INFO AllReduce: opCount 65 sendbuff 0x7f8d11200000 recvbuff 0x7f8d11200000 count 1 datatype 1 op 0 root 0 comm 0x753fd00 [nranks=2] stream 0x6f9f860
proj186:3271615:3271615 [1] NCCL INFO AllReduce: opCount 65 sendbuff 0x7fe7f9200000 recvbuff 0x7fe7f9200000 count 1 datatype 1 op 0 root 0 comm 0x8e6f640 [nranks=2] stream 0x8e733d0
proj186:3271614:3271614 [0] NCCL INFO AllReduce: opCount 66 sendbuff 0x7f8d11200400 recvbuff 0x7f8d11200400 count 2048 datatype 7 op 0 root 0 comm 0x753fd00 [nranks=2] stream 0x6f9f860
proj186:3271615:3271615 [1] NCCL INFO AllReduce: opCount 66 sendbuff 0x7fe7f9200400 recvbuff 0x7fe7f9200400 count 2048 datatype 7 op 0 root 0 comm 0x8e6f640 [nranks=2] stream 0x8e733d0
proj186:3271615:3271615 [1] NCCL INFO AllReduce: opCount 67 sendbuff 0x7fe7f9200200 recvbuff 0x7fe7f9200200 count 1 datatype 1 op 0 root 0 comm 0x8e6f640 [nranks=2] stream 0x8e733d0
proj186:3271614:3271614 [0] NCCL INFO AllReduce: opCount 67 sendbuff 0x7f8d11200200 recvbuff 0x7f8d11200200 count 1 datatype 1 op 0 root 0 comm 0x753fd00 [nranks=2] stream 0x6f9f860
proj186:3271615:3271615 [1] NCCL INFO AllReduce: opCount 68 sendbuff 0x7fe7f9200400 recvbuff 0x7fe7f9200400 count 2048 datatype 7 op 0 root 0 comm 0x8e6f640 [nranks=2] stream 0x8e733d0
proj186:3271614:3271614 [0] NCCL INFO AllReduce: opCount 68 sendbuff 0x7f8d11200400 recvbuff 0x7f8d11200400 count 2048 datatype 7 op 0 root 0 comm 0x753fd00 [nranks=2] stream 0x6f9f860
proj186:3271614:3271614 [0] NCCL INFO AllReduce: opCount 69 sendbuff 0x7f8d11200000 recvbuff 0x7f8d11200000 count 1 datatype 1 op 0 root 0 comm 0x753fd00 [nranks=2] stream 0x6f9f860
proj186:3271615:3271615 [1] NCCL INFO AllReduce: opCount 69 sendbuff 0x7fe7f9200000 recvbuff 0x7fe7f9200000 count 1 datatype 1 op 0 root 0 comm 0x8e6f640 [nranks=2] stream 0x8e733d0
proj186:3271614:3271614 [0] NCCL INFO AllReduce: opCount 6a sendbuff 0x7f8d11200400 recvbuff 0x7f8d11200400 count 2048 datatype 7 op 0 root 0 comm 0x753fd00 [nranks=2] stream 0x6f9f860
proj186:3271615:3271615 [1] NCCL INFO AllReduce: opCount 6a sendbuff 0x7fe7f9200400 recvbuff 0x7fe7f9200400 count 2048 datatype 7 op 0 root 0 comm 0x8e6f640 [nranks=2] stream 0x8e733d0
proj186:3271614:3271614 [0] NCCL INFO AllReduce: opCount 6b sendbuff 0x7f8d11200200 recvbuff 0x7f8d11200200 count 1 datatype 1 op 0 root 0 comm 0x753fd00 [nranks=2] stream 0x6f9f860
proj186:3271615:3271615 [1] NCCL INFO AllReduce: opCount 6b sendbuff 0x7fe7f9200200 recvbuff 0x7fe7f9200200 count 1 datatype 1 op 0 root 0 comm 0x8e6f640 [nranks=2] stream 0x8e733d0
proj186:3271614:3271614 [0] NCCL INFO AllReduce: opCount 6c sendbuff 0x7f8d11200400 recvbuff 0x7f8d11200400 count 2048 datatype 7 op 0 root 0 comm 0x753fd00 [nranks=2] stream 0x6f9f860
proj186:3271615:3271615 [1] NCCL INFO AllReduce: opCount 6c sendbuff 0x7fe7f9200400 recvbuff 0x7fe7f9200400 count 2048 datatype 7 op 0 root 0 comm 0x8e6f640 [nranks=2] stream 0x8e733d0
proj186:3271615:3271615 [1] NCCL INFO AllReduce: opCount 6d sendbuff 0x7fe7f9200000 recvbuff 0x7fe7f9200000 count 1 datatype 1 op 0 root 0 comm 0x8e6f640 [nranks=2] stream 0x8e733d0
proj186:3271614:3271614 [0] NCCL INFO AllReduce: opCount 6d sendbuff 0x7f8d11200000 recvbuff 0x7f8d11200000 count 1 datatype 1 op 0 root 0 comm 0x753fd00 [nranks=2] stream 0x6f9f860
proj186:3271615:3271615 [1] NCCL INFO AllReduce: opCount 6e sendbuff 0x7fe7f9200400 recvbuff 0x7fe7f9200400 count 2048 datatype 7 op 0 root 0 comm 0x8e6f640 [nranks=2] stream 0x8e733d0
proj186:3271614:3271614 [0] NCCL INFO AllReduce: opCount 6e sendbuff 0x7f8d11200400 recvbuff 0x7f8d11200400 count 2048 datatype 7 op 0 root 0 comm 0x753fd00 [nranks=2] stream 0x6f9f860
proj186:3271615:3271615 [1] NCCL INFO AllReduce: opCount 6f sendbuff 0x7fe7f9200200 recvbuff 0x7fe7f9200200 count 1 datatype 1 op 0 root 0 comm 0x8e6f640 [nranks=2] stream 0x8e733d0
proj186:3271614:3271614 [0] NCCL INFO AllReduce: opCount 6f sendbuff 0x7f8d11200200 recvbuff 0x7f8d11200200 count 1 datatype 1 op 0 root 0 comm 0x753fd00 [nranks=2] stream 0x6f9f860
proj186:3271614:3271614 [0] NCCL INFO AllReduce: opCount 70 sendbuff 0x7f8d11200400 recvbuff 0x7f8d11200400 count 2048 datatype 7 op 0 root 0 comm 0x753fd00 [nranks=2] stream 0x6f9f860
proj186:3271615:3271615 [1] NCCL INFO AllReduce: opCount 70 sendbuff 0x7fe7f9200400 recvbuff 0x7fe7f9200400 count 2048 datatype 7 op 0 root 0 comm 0x8e6f640 [nranks=2] stream 0x8e733d0
proj186:3271615:3271615 [1] NCCL INFO AllReduce: opCount 71 sendbuff 0x7fe7f9200000 recvbuff 0x7fe7f9200000 count 1 datatype 1 op 0 root 0 comm 0x8e6f640 [nranks=2] stream 0x8e733d0
proj186:3271614:3271614 [0] NCCL INFO AllReduce: opCount 71 sendbuff 0x7f8d11200000 recvbuff 0x7f8d11200000 count 1 datatype 1 op 0 root 0 comm 0x753fd00 [nranks=2] stream 0x6f9f860
proj186:3271615:3271615 [1] NCCL INFO AllReduce: opCount 72 sendbuff 0x7fe7f9200400 recvbuff 0x7fe7f9200400 count 2048 datatype 7 op 0 root 0 comm 0x8e6f640 [nranks=2] stream 0x8e733d0
proj186:3271614:3271614 [0] NCCL INFO AllReduce: opCount 72 sendbuff 0x7f8d11200400 recvbuff 0x7f8d11200400 count 2048 datatype 7 op 0 root 0 comm 0x753fd00 [nranks=2] stream 0x6f9f860
proj186:3271615:3271615 [1] NCCL INFO AllReduce: opCount 73 sendbuff 0x7fe7f9200200 recvbuff 0x7fe7f9200200 count 1 datatype 1 op 0 root 0 comm 0x8e6f640 [nranks=2] stream 0x8e733d0
proj186:3271614:3271614 [0] NCCL INFO AllReduce: opCount 73 sendbuff 0x7f8d11200200 recvbuff 0x7f8d11200200 count 1 datatype 1 op 0 root 0 comm 0x753fd00 [nranks=2] stream 0x6f9f860
proj186:3271614:3271614 [0] NCCL INFO AllReduce: opCount 74 sendbuff 0x7f8d11200400 recvbuff 0x7f8d11200400 count 2048 datatype 7 op 0 root 0 comm 0x753fd00 [nranks=2] stream 0x6f9f860
proj186:3271615:3271615 [1] NCCL INFO AllReduce: opCount 74 sendbuff 0x7fe7f9200400 recvbuff 0x7fe7f9200400 count 2048 datatype 7 op 0 root 0 comm 0x8e6f640 [nranks=2] stream 0x8e733d0
proj186:3271614:3271614 [0] NCCL INFO AllReduce: opCount 75 sendbuff 0x7f8d11200000 recvbuff 0x7f8d11200000 count 1 datatype 1 op 0 root 0 comm 0x753fd00 [nranks=2] stream 0x6f9f860
proj186:3271615:3271615 [1] NCCL INFO AllReduce: opCount 75 sendbuff 0x7fe7f9200000 recvbuff 0x7fe7f9200000 count 1 datatype 1 op 0 root 0 comm 0x8e6f640 [nranks=2] stream 0x8e733d0
proj186:3271614:3271614 [0] NCCL INFO AllReduce: opCount 76 sendbuff 0x7f8d11200400 recvbuff 0x7f8d11200400 count 2048 datatype 7 op 0 root 0 comm 0x753fd00 [nranks=2] stream 0x6f9f860
proj186:3271615:3271615 [1] NCCL INFO AllReduce: opCount 76 sendbuff 0x7fe7f9200400 recvbuff 0x7fe7f9200400 count 2048 datatype 7 op 0 root 0 comm 0x8e6f640 [nranks=2] stream 0x8e733d0
proj186:3271614:3271614 [0] NCCL INFO AllReduce: opCount 77 sendbuff 0x7f8d11200200 recvbuff 0x7f8d11200200 count 1 datatype 1 op 0 root 0 comm 0x753fd00 [nranks=2] stream 0x6f9f860
proj186:3271615:3271615 [1] NCCL INFO AllReduce: opCount 77 sendbuff 0x7fe7f9200200 recvbuff 0x7fe7f9200200 count 1 datatype 1 op 0 root 0 comm 0x8e6f640 [nranks=2] stream 0x8e733d0
proj186:3271614:3271614 [0] NCCL INFO AllReduce: opCount 78 sendbuff 0x7f8d11200400 recvbuff 0x7f8d11200400 count 2048 datatype 7 op 0 root 0 comm 0x753fd00 [nranks=2] stream 0x6f9f860
proj186:3271615:3271615 [1] NCCL INFO AllReduce: opCount 78 sendbuff 0x7fe7f9200400 recvbuff 0x7fe7f9200400 count 2048 datatype 7 op 0 root 0 comm 0x8e6f640 [nranks=2] stream 0x8e733d0
proj186:3271614:3271614 [0] NCCL INFO AllReduce: opCount 79 sendbuff 0x7f8d11200000 recvbuff 0x7f8d11200000 count 1 datatype 1 op 0 root 0 comm 0x753fd00 [nranks=2] stream 0x6f9f860
proj186:3271615:3271615 [1] NCCL INFO AllReduce: opCount 79 sendbuff 0x7fe7f9200000 recvbuff 0x7fe7f9200000 count 1 datatype 1 op 0 root 0 comm 0x8e6f640 [nranks=2] stream 0x8e733d0
proj186:3271614:3271614 [0] NCCL INFO AllReduce: opCount 7a sendbuff 0x7f8d11200400 recvbuff 0x7f8d11200400 count 2048 datatype 7 op 0 root 0 comm 0x753fd00 [nranks=2] stream 0x6f9f860
proj186:3271615:3271615 [1] NCCL INFO AllReduce: opCount 7a sendbuff 0x7fe7f9200400 recvbuff 0x7fe7f9200400 count 2048 datatype 7 op 0 root 0 comm 0x8e6f640 [nranks=2] stream 0x8e733d0
proj186:3271614:3271614 [0] NCCL INFO AllReduce: opCount 7b sendbuff 0x7f8d11200200 recvbuff 0x7f8d11200200 count 1 datatype 1 op 0 root 0 comm 0x753fd00 [nranks=2] stream 0x6f9f860
proj186:3271615:3271615 [1] NCCL INFO AllReduce: opCount 7b sendbuff 0x7fe7f9200200 recvbuff 0x7fe7f9200200 count 1 datatype 1 op 0 root 0 comm 0x8e6f640 [nranks=2] stream 0x8e733d0
proj186:3271614:3271614 [0] NCCL INFO AllReduce: opCount 7c sendbuff 0x7f8d11200400 recvbuff 0x7f8d11200400 count 2048 datatype 7 op 0 root 0 comm 0x753fd00 [nranks=2] stream 0x6f9f860
proj186:3271615:3271615 [1] NCCL INFO AllReduce: opCount 7c sendbuff 0x7fe7f9200400 recvbuff 0x7fe7f9200400 count 2048 datatype 7 op 0 root 0 comm 0x8e6f640 [nranks=2] stream 0x8e733d0
proj186:3271614:3271614 [0] NCCL INFO AllReduce: opCount 7d sendbuff 0x7f8d11200000 recvbuff 0x7f8d11200000 count 1 datatype 1 op 0 root 0 comm 0x753fd00 [nranks=2] stream 0x6f9f860
proj186:3271615:3271615 [1] NCCL INFO AllReduce: opCount 7d sendbuff 0x7fe7f9200000 recvbuff 0x7fe7f9200000 count 1 datatype 1 op 0 root 0 comm 0x8e6f640 [nranks=2] stream 0x8e733d0
proj186:3271614:3271614 [0] NCCL INFO AllReduce: opCount 7e sendbuff 0x7f8d11200400 recvbuff 0x7f8d11200400 count 2048 datatype 7 op 0 root 0 comm 0x753fd00 [nranks=2] stream 0x6f9f860
proj186:3271615:3271615 [1] NCCL INFO AllReduce: opCount 7e sendbuff 0x7fe7f9200400 recvbuff 0x7fe7f9200400 count 2048 datatype 7 op 0 root 0 comm 0x8e6f640 [nranks=2] stream 0x8e733d0
proj186:3271614:3271614 [0] NCCL INFO AllReduce: opCount 7f sendbuff 0x7f8d11200200 recvbuff 0x7f8d11200200 count 1 datatype 1 op 0 root 0 comm 0x753fd00 [nranks=2] stream 0x6f9f860
proj186:3271615:3271615 [1] NCCL INFO AllReduce: opCount 7f sendbuff 0x7fe7f9200200 recvbuff 0x7fe7f9200200 count 1 datatype 1 op 0 root 0 comm 0x8e6f640 [nranks=2] stream 0x8e733d0
proj186:3271614:3271614 [0] NCCL INFO AllReduce: opCount 80 sendbuff 0x7f8d11200400 recvbuff 0x7f8d11200400 count 2048 datatype 7 op 0 root 0 comm 0x753fd00 [nranks=2] stream 0x6f9f860
proj186:3271615:3271615 [1] NCCL INFO AllReduce: opCount 80 sendbuff 0x7fe7f9200400 recvbuff 0x7fe7f9200400 count 2048 datatype 7 op 0 root 0 comm 0x8e6f640 [nranks=2] stream 0x8e733d0
proj186:3271614:3271614 [0] NCCL INFO AllReduce: opCount 81 sendbuff 0x7f8d11200000 recvbuff 0x7f8d11200000 count 1 datatype 1 op 0 root 0 comm 0x753fd00 [nranks=2] stream 0x6f9f860
proj186:3271615:3271615 [1] NCCL INFO AllReduce: opCount 81 sendbuff 0x7fe7f9200000 recvbuff 0x7fe7f9200000 count 1 datatype 1 op 0 root 0 comm 0x8e6f640 [nranks=2] stream 0x8e733d0
proj186:3271615:3271615 [1] NCCL INFO AllReduce: opCount 82 sendbuff 0x7fe7f9200400 recvbuff 0x7fe7f9200400 count 2048 datatype 7 op 0 root 0 comm 0x8e6f640 [nranks=2] stream 0x8e733d0
proj186:3271614:3271614 [0] NCCL INFO AllReduce: opCount 82 sendbuff 0x7f8d11200400 recvbuff 0x7f8d11200400 count 2048 datatype 7 op 0 root 0 comm 0x753fd00 [nranks=2] stream 0x6f9f860
proj186:3271615:3271615 [1] NCCL INFO AllReduce: opCount 83 sendbuff 0x7fe7f9200200 recvbuff 0x7fe7f9200200 count 1 datatype 1 op 0 root 0 comm 0x8e6f640 [nranks=2] stream 0x8e733d0
proj186:3271614:3271614 [0] NCCL INFO AllReduce: opCount 83 sendbuff 0x7f8d11200200 recvbuff 0x7f8d11200200 count 1 datatype 1 op 0 root 0 comm 0x753fd00 [nranks=2] stream 0x6f9f860
proj186:3271614:3271614 [0] NCCL INFO AllReduce: opCount 84 sendbuff 0x7f8d11200400 recvbuff 0x7f8d11200400 count 2048 datatype 7 op 0 root 0 comm 0x753fd00 [nranks=2] stream 0x6f9f860
proj186:3271615:3271615 [1] NCCL INFO AllReduce: opCount 84 sendbuff 0x7fe7f9200400 recvbuff 0x7fe7f9200400 count 2048 datatype 7 op 0 root 0 comm 0x8e6f640 [nranks=2] stream 0x8e733d0
proj186:3271614:3271614 [0] NCCL INFO AllReduce: opCount 85 sendbuff 0x7f8d11200000 recvbuff 0x7f8d11200000 count 1 datatype 1 op 0 root 0 comm 0x753fd00 [nranks=2] stream 0x6f9f860
proj186:3271615:3271615 [1] NCCL INFO AllReduce: opCount 85 sendbuff 0x7fe7f9200000 recvbuff 0x7fe7f9200000 count 1 datatype 1 op 0 root 0 comm 0x8e6f640 [nranks=2] stream 0x8e733d0
proj186:3271614:3271614 [0] NCCL INFO AllReduce: opCount 86 sendbuff 0x7f8d11200400 recvbuff 0x7f8d11200400 count 2048 datatype 7 op 0 root 0 comm 0x753fd00 [nranks=2] stream 0x6f9f860
proj186:3271615:3271615 [1] NCCL INFO AllReduce: opCount 86 sendbuff 0x7fe7f9200400 recvbuff 0x7fe7f9200400 count 2048 datatype 7 op 0 root 0 comm 0x8e6f640 [nranks=2] stream 0x8e733d0
        8K        2048     float     sum     N/A     55.02     1.19     1.19       0
proj186:3271614:3271614 [0] NCCL INFO AllReduce: opCount 87 sendbuff 0x7f8d11200400 recvbuff 0x7f8d11200400 count 4096 datatype 7 op 0 root 0 comm 0x753fd00 [nranks=2] stream 0x6f9f860
proj186:3271615:3271615 [1] NCCL INFO AllReduce: opCount 87 sendbuff 0x7fe7f9200400 recvbuff 0x7fe7f9200400 count 4096 datatype 7 op 0 root 0 comm 0x8e6f640 [nranks=2] stream 0x8e733d0
proj186:3271614:3271614 [0] NCCL INFO AllReduce: opCount 88 sendbuff 0x7f8d11200400 recvbuff 0x7f8d11200400 count 4096 datatype 7 op 0 root 0 comm 0x753fd00 [nranks=2] stream 0x6f9f860
proj186:3271615:3271615 [1] NCCL INFO AllReduce: opCount 88 sendbuff 0x7fe7f9200400 recvbuff 0x7fe7f9200400 count 4096 datatype 7 op 0 root 0 comm 0x8e6f640 [nranks=2] stream 0x8e733d0
proj186:3271614:3271614 [0] NCCL INFO AllReduce: opCount 89 sendbuff 0x7f8d11200400 recvbuff 0x7f8d11200400 count 4096 datatype 7 op 0 root 0 comm 0x753fd00 [nranks=2] stream 0x6f9f860
proj186:3271615:3271615 [1] NCCL INFO AllReduce: opCount 89 sendbuff 0x7fe7f9200400 recvbuff 0x7fe7f9200400 count 4096 datatype 7 op 0 root 0 comm 0x8e6f640 [nranks=2] stream 0x8e733d0
proj186:3271614:3271614 [0] NCCL INFO AllReduce: opCount 8a sendbuff 0x7f8d11200400 recvbuff 0x7f8d11200400 count 4096 datatype 7 op 0 root 0 comm 0x753fd00 [nranks=2] stream 0x6f9f860
proj186:3271615:3271615 [1] NCCL INFO AllReduce: opCount 8a sendbuff 0x7fe7f9200400 recvbuff 0x7fe7f9200400 count 4096 datatype 7 op 0 root 0 comm 0x8e6f640 [nranks=2] stream 0x8e733d0
proj186:3271614:3271614 [0] NCCL INFO AllReduce: opCount 8b sendbuff 0x7f8d11200400 recvbuff 0x7f8d11200400 count 4096 datatype 7 op 0 root 0 comm 0x753fd00 [nranks=2] stream 0x6f9f860
proj186:3271615:3271615 [1] NCCL INFO AllReduce: opCount 8b sendbuff 0x7fe7f9200400 recvbuff 0x7fe7f9200400 count 4096 datatype 7 op 0 root 0 comm 0x8e6f640 [nranks=2] stream 0x8e733d0
proj186:3271614:3271614 [0] NCCL INFO AllReduce: opCount 8c sendbuff 0x7f8d11200200 recvbuff 0x7f8d11200200 count 1 datatype 1 op 0 root 0 comm 0x753fd00 [nranks=2] stream 0x6f9f860
proj186:3271615:3271615 [1] NCCL INFO AllReduce: opCount 8c sendbuff 0x7fe7f9200200 recvbuff 0x7fe7f9200200 count 1 datatype 1 op 0 root 0 comm 0x8e6f640 [nranks=2] stream 0x8e733d0
proj186:3271614:3271614 [0] NCCL INFO AllReduce: opCount 8d sendbuff 0x7f8d11200400 recvbuff 0x7f8d11200400 count 4096 datatype 7 op 0 root 0 comm 0x753fd00 [nranks=2] stream 0x6f9f860
proj186:3271615:3271615 [1] NCCL INFO AllReduce: opCount 8d sendbuff 0x7fe7f9200400 recvbuff 0x7fe7f9200400 count 4096 datatype 7 op 0 root 0 comm 0x8e6f640 [nranks=2] stream 0x8e733d0
proj186:3271614:3271614 [0] NCCL INFO AllReduce: opCount 8e sendbuff 0x7f8d11200000 recvbuff 0x7f8d11200000 count 1 datatype 1 op 0 root 0 comm 0x753fd00 [nranks=2] stream 0x6f9f860
proj186:3271615:3271615 [1] NCCL INFO AllReduce: opCount 8e sendbuff 0x7fe7f9200000 recvbuff 0x7fe7f9200000 count 1 datatype 1 op 0 root 0 comm 0x8e6f640 [nranks=2] stream 0x8e733d0
proj186:3271614:3271614 [0] NCCL INFO AllReduce: opCount 8f sendbuff 0x7f8d11200400 recvbuff 0x7f8d11200400 count 4096 datatype 7 op 0 root 0 comm 0x753fd00 [nranks=2] stream 0x6f9f860
proj186:3271615:3271615 [1] NCCL INFO AllReduce: opCount 8f sendbuff 0x7fe7f9200400 recvbuff 0x7fe7f9200400 count 4096 datatype 7 op 0 root 0 comm 0x8e6f640 [nranks=2] stream 0x8e733d0
proj186:3271615:3271615 [1] NCCL INFO AllReduce: opCount 90 sendbuff 0x7fe7f9200200 recvbuff 0x7fe7f9200200 count 1 datatype 1 op 0 root 0 comm 0x8e6f640 [nranks=2] stream 0x8e733d0
proj186:3271614:3271614 [0] NCCL INFO AllReduce: opCount 90 sendbuff 0x7f8d11200200 recvbuff 0x7f8d11200200 count 1 datatype 1 op 0 root 0 comm 0x753fd00 [nranks=2] stream 0x6f9f860
proj186:3271615:3271615 [1] NCCL INFO AllReduce: opCount 91 sendbuff 0x7fe7f9200400 recvbuff 0x7fe7f9200400 count 4096 datatype 7 op 0 root 0 comm 0x8e6f640 [nranks=2] stream 0x8e733d0
proj186:3271614:3271614 [0] NCCL INFO AllReduce: opCount 91 sendbuff 0x7f8d11200400 recvbuff 0x7f8d11200400 count 4096 datatype 7 op 0 root 0 comm 0x753fd00 [nranks=2] stream 0x6f9f860
proj186:3271614:3271614 [0] NCCL INFO AllReduce: opCount 92 sendbuff 0x7f8d11200000 recvbuff 0x7f8d11200000 count 1 datatype 1 op 0 root 0 comm 0x753fd00 [nranks=2] stream 0x6f9f860
proj186:3271615:3271615 [1] NCCL INFO AllReduce: opCount 92 sendbuff 0x7fe7f9200000 recvbuff 0x7fe7f9200000 count 1 datatype 1 op 0 root 0 comm 0x8e6f640 [nranks=2] stream 0x8e733d0
proj186:3271614:3271614 [0] NCCL INFO AllReduce: opCount 93 sendbuff 0x7f8d11200400 recvbuff 0x7f8d11200400 count 4096 datatype 7 op 0 root 0 comm 0x753fd00 [nranks=2] stream 0x6f9f860
proj186:3271615:3271615 [1] NCCL INFO AllReduce: opCount 93 sendbuff 0x7fe7f9200400 recvbuff 0x7fe7f9200400 count 4096 datatype 7 op 0 root 0 comm 0x8e6f640 [nranks=2] stream 0x8e733d0
proj186:3271614:3271614 [0] NCCL INFO AllReduce: opCount 94 sendbuff 0x7f8d11200200 recvbuff 0x7f8d11200200 count 1 datatype 1 op 0 root 0 comm 0x753fd00 [nranks=2] stream 0x6f9f860
proj186:3271615:3271615 [1] NCCL INFO AllReduce: opCount 94 sendbuff 0x7fe7f9200200 recvbuff 0x7fe7f9200200 count 1 datatype 1 op 0 root 0 comm 0x8e6f640 [nranks=2] stream 0x8e733d0
proj186:3271614:3271614 [0] NCCL INFO AllReduce: opCount 95 sendbuff 0x7f8d11200400 recvbuff 0x7f8d11200400 count 4096 datatype 7 op 0 root 0 comm 0x753fd00 [nranks=2] stream 0x6f9f860
proj186:3271615:3271615 [1] NCCL INFO AllReduce: opCount 95 sendbuff 0x7fe7f9200400 recvbuff 0x7fe7f9200400 count 4096 datatype 7 op 0 root 0 comm 0x8e6f640 [nranks=2] stream 0x8e733d0
proj186:3271614:3271614 [0] NCCL INFO AllReduce: opCount 96 sendbuff 0x7f8d11200000 recvbuff 0x7f8d11200000 count 1 datatype 1 op 0 root 0 comm 0x753fd00 [nranks=2] stream 0x6f9f860
proj186:3271615:3271615 [1] NCCL INFO AllReduce: opCount 96 sendbuff 0x7fe7f9200000 recvbuff 0x7fe7f9200000 count 1 datatype 1 op 0 root 0 comm 0x8e6f640 [nranks=2] stream 0x8e733d0
proj186:3271614:3271614 [0] NCCL INFO AllReduce: opCount 97 sendbuff 0x7f8d11200400 recvbuff 0x7f8d11200400 count 4096 datatype 7 op 0 root 0 comm 0x753fd00 [nranks=2] stream 0x6f9f860
proj186:3271615:3271615 [1] NCCL INFO AllReduce: opCount 97 sendbuff 0x7fe7f9200400 recvbuff 0x7fe7f9200400 count 4096 datatype 7 op 0 root 0 comm 0x8e6f640 [nranks=2] stream 0x8e733d0
proj186:3271615:3271615 [1] NCCL INFO AllReduce: opCount 98 sendbuff 0x7fe7f9200200 recvbuff 0x7fe7f9200200 count 1 datatype 1 op 0 root 0 comm 0x8e6f640 [nranks=2] stream 0x8e733d0
proj186:3271614:3271614 [0] NCCL INFO AllReduce: opCount 98 sendbuff 0x7f8d11200200 recvbuff 0x7f8d11200200 count 1 datatype 1 op 0 root 0 comm 0x753fd00 [nranks=2] stream 0x6f9f860
proj186:3271615:3271615 [1] NCCL INFO AllReduce: opCount 99 sendbuff 0x7fe7f9200400 recvbuff 0x7fe7f9200400 count 4096 datatype 7 op 0 root 0 comm 0x8e6f640 [nranks=2] stream 0x8e733d0
proj186:3271614:3271614 [0] NCCL INFO AllReduce: opCount 99 sendbuff 0x7f8d11200400 recvbuff 0x7f8d11200400 count 4096 datatype 7 op 0 root 0 comm 0x753fd00 [nranks=2] stream 0x6f9f860
proj186:3271614:3271614 [0] NCCL INFO AllReduce: opCount 9a sendbuff 0x7f8d11200000 recvbuff 0x7f8d11200000 count 1 datatype 1 op 0 root 0 comm 0x753fd00 [nranks=2] stream 0x6f9f860
proj186:3271615:3271615 [1] NCCL INFO AllReduce: opCount 9a sendbuff 0x7fe7f9200000 recvbuff 0x7fe7f9200000 count 1 datatype 1 op 0 root 0 comm 0x8e6f640 [nranks=2] stream 0x8e733d0
proj186:3271614:3271614 [0] NCCL INFO AllReduce: opCount 9b sendbuff 0x7f8d11200400 recvbuff 0x7f8d11200400 count 4096 datatype 7 op 0 root 0 comm 0x753fd00 [nranks=2] stream 0x6f9f860
proj186:3271615:3271615 [1] NCCL INFO AllReduce: opCount 9b sendbuff 0x7fe7f9200400 recvbuff 0x7fe7f9200400 count 4096 datatype 7 op 0 root 0 comm 0x8e6f640 [nranks=2] stream 0x8e733d0
proj186:3271614:3271614 [0] NCCL INFO AllReduce: opCount 9c sendbuff 0x7f8d11200200 recvbuff 0x7f8d11200200 count 1 datatype 1 op 0 root 0 comm 0x753fd00 [nranks=2] stream 0x6f9f860
proj186:3271615:3271615 [1] NCCL INFO AllReduce: opCount 9c sendbuff 0x7fe7f9200200 recvbuff 0x7fe7f9200200 count 1 datatype 1 op 0 root 0 comm 0x8e6f640 [nranks=2] stream 0x8e733d0
proj186:3271614:3271614 [0] NCCL INFO AllReduce: opCount 9d sendbuff 0x7f8d11200400 recvbuff 0x7f8d11200400 count 4096 datatype 7 op 0 root 0 comm 0x753fd00 [nranks=2] stream 0x6f9f860
proj186:3271615:3271615 [1] NCCL INFO AllReduce: opCount 9d sendbuff 0x7fe7f9200400 recvbuff 0x7fe7f9200400 count 4096 datatype 7 op 0 root 0 comm 0x8e6f640 [nranks=2] stream 0x8e733d0
proj186:3271615:3271615 [1] NCCL INFO AllReduce: opCount 9e sendbuff 0x7fe7f9200000 recvbuff 0x7fe7f9200000 count 1 datatype 1 op 0 root 0 comm 0x8e6f640 [nranks=2] stream 0x8e733d0
proj186:3271614:3271614 [0] NCCL INFO AllReduce: opCount 9e sendbuff 0x7f8d11200000 recvbuff 0x7f8d11200000 count 1 datatype 1 op 0 root 0 comm 0x753fd00 [nranks=2] stream 0x6f9f860
proj186:3271615:3271615 [1] NCCL INFO AllReduce: opCount 9f sendbuff 0x7fe7f9200400 recvbuff 0x7fe7f9200400 count 4096 datatype 7 op 0 root 0 comm 0x8e6f640 [nranks=2] stream 0x8e733d0
proj186:3271614:3271614 [0] NCCL INFO AllReduce: opCount 9f sendbuff 0x7f8d11200400 recvbuff 0x7f8d11200400 count 4096 datatype 7 op 0 root 0 comm 0x753fd00 [nranks=2] stream 0x6f9f860
proj186:3271615:3271615 [1] NCCL INFO AllReduce: opCount a0 sendbuff 0x7fe7f9200200 recvbuff 0x7fe7f9200200 count 1 datatype 1 op 0 root 0 comm 0x8e6f640 [nranks=2] stream 0x8e733d0
proj186:3271614:3271614 [0] NCCL INFO AllReduce: opCount a0 sendbuff 0x7f8d11200200 recvbuff 0x7f8d11200200 count 1 datatype 1 op 0 root 0 comm 0x753fd00 [nranks=2] stream 0x6f9f860
proj186:3271615:3271615 [1] NCCL INFO AllReduce: opCount a1 sendbuff 0x7fe7f9200400 recvbuff 0x7fe7f9200400 count 4096 datatype 7 op 0 root 0 comm 0x8e6f640 [nranks=2] stream 0x8e733d0
proj186:3271614:3271614 [0] NCCL INFO AllReduce: opCount a1 sendbuff 0x7f8d11200400 recvbuff 0x7f8d11200400 count 4096 datatype 7 op 0 root 0 comm 0x753fd00 [nranks=2] stream 0x6f9f860
proj186:3271615:3271615 [1] NCCL INFO AllReduce: opCount a2 sendbuff 0x7fe7f9200000 recvbuff 0x7fe7f9200000 count 1 datatype 1 op 0 root 0 comm 0x8e6f640 [nranks=2] stream 0x8e733d0
proj186:3271614:3271614 [0] NCCL INFO AllReduce: opCount a2 sendbuff 0x7f8d11200000 recvbuff 0x7f8d11200000 count 1 datatype 1 op 0 root 0 comm 0x753fd00 [nranks=2] stream 0x6f9f860
proj186:3271615:3271615 [1] NCCL INFO AllReduce: opCount a3 sendbuff 0x7fe7f9200400 recvbuff 0x7fe7f9200400 count 4096 datatype 7 op 0 root 0 comm 0x8e6f640 [nranks=2] stream 0x8e733d0
proj186:3271614:3271614 [0] NCCL INFO AllReduce: opCount a3 sendbuff 0x7f8d11200400 recvbuff 0x7f8d11200400 count 4096 datatype 7 op 0 root 0 comm 0x753fd00 [nranks=2] stream 0x6f9f860
proj186:3271615:3271615 [1] NCCL INFO AllReduce: opCount a4 sendbuff 0x7fe7f9200200 recvbuff 0x7fe7f9200200 count 1 datatype 1 op 0 root 0 comm 0x8e6f640 [nranks=2] stream 0x8e733d0
proj186:3271614:3271614 [0] NCCL INFO AllReduce: opCount a4 sendbuff 0x7f8d11200200 recvbuff 0x7f8d11200200 count 1 datatype 1 op 0 root 0 comm 0x753fd00 [nranks=2] stream 0x6f9f860
proj186:3271614:3271614 [0] NCCL INFO AllReduce: opCount a5 sendbuff 0x7f8d11200400 recvbuff 0x7f8d11200400 count 4096 datatype 7 op 0 root 0 comm 0x753fd00 [nranks=2] stream 0x6f9f860
proj186:3271615:3271615 [1] NCCL INFO AllReduce: opCount a5 sendbuff 0x7fe7f9200400 recvbuff 0x7fe7f9200400 count 4096 datatype 7 op 0 root 0 comm 0x8e6f640 [nranks=2] stream 0x8e733d0
proj186:3271614:3271614 [0] NCCL INFO AllReduce: opCount a6 sendbuff 0x7f8d11200000 recvbuff 0x7f8d11200000 count 1 datatype 1 op 0 root 0 comm 0x753fd00 [nranks=2] stream 0x6f9f860
proj186:3271615:3271615 [1] NCCL INFO AllReduce: opCount a6 sendbuff 0x7fe7f9200000 recvbuff 0x7fe7f9200000 count 1 datatype 1 op 0 root 0 comm 0x8e6f640 [nranks=2] stream 0x8e733d0
proj186:3271614:3271614 [0] NCCL INFO AllReduce: opCount a7 sendbuff 0x7f8d11200400 recvbuff 0x7f8d11200400 count 4096 datatype 7 op 0 root 0 comm 0x753fd00 [nranks=2] stream 0x6f9f860
proj186:3271615:3271615 [1] NCCL INFO AllReduce: opCount a7 sendbuff 0x7fe7f9200400 recvbuff 0x7fe7f9200400 count 4096 datatype 7 op 0 root 0 comm 0x8e6f640 [nranks=2] stream 0x8e733d0
proj186:3271614:3271614 [0] NCCL INFO AllReduce: opCount a8 sendbuff 0x7f8d11200200 recvbuff 0x7f8d11200200 count 1 datatype 1 op 0 root 0 comm 0x753fd00 [nranks=2] stream 0x6f9f860
proj186:3271615:3271615 [1] NCCL INFO AllReduce: opCount a8 sendbuff 0x7fe7f9200200 recvbuff 0x7fe7f9200200 count 1 datatype 1 op 0 root 0 comm 0x8e6f640 [nranks=2] stream 0x8e733d0
proj186:3271614:3271614 [0] NCCL INFO AllReduce: opCount a9 sendbuff 0x7f8d11200400 recvbuff 0x7f8d11200400 count 4096 datatype 7 op 0 root 0 comm 0x753fd00 [nranks=2] stream 0x6f9f860
proj186:3271615:3271615 [1] NCCL INFO AllReduce: opCount a9 sendbuff 0x7fe7f9200400 recvbuff 0x7fe7f9200400 count 4096 datatype 7 op 0 root 0 comm 0x8e6f640 [nranks=2] stream 0x8e733d0
proj186:3271614:3271614 [0] NCCL INFO AllReduce: opCount aa sendbuff 0x7f8d11200000 recvbuff 0x7f8d11200000 count 1 datatype 1 op 0 root 0 comm 0x753fd00 [nranks=2] stream 0x6f9f860
proj186:3271615:3271615 [1] NCCL INFO AllReduce: opCount aa sendbuff 0x7fe7f9200000 recvbuff 0x7fe7f9200000 count 1 datatype 1 op 0 root 0 comm 0x8e6f640 [nranks=2] stream 0x8e733d0
proj186:3271614:3271614 [0] NCCL INFO AllReduce: opCount ab sendbuff 0x7f8d11200400 recvbuff 0x7f8d11200400 count 4096 datatype 7 op 0 root 0 comm 0x753fd00 [nranks=2] stream 0x6f9f860
proj186:3271615:3271615 [1] NCCL INFO AllReduce: opCount ab sendbuff 0x7fe7f9200400 recvbuff 0x7fe7f9200400 count 4096 datatype 7 op 0 root 0 comm 0x8e6f640 [nranks=2] stream 0x8e733d0
proj186:3271615:3271615 [1] NCCL INFO AllReduce: opCount ac sendbuff 0x7fe7f9200200 recvbuff 0x7fe7f9200200 count 1 datatype 1 op 0 root 0 comm 0x8e6f640 [nranks=2] stream 0x8e733d0
proj186:3271614:3271614 [0] NCCL INFO AllReduce: opCount ac sendbuff 0x7f8d11200200 recvbuff 0x7f8d11200200 count 1 datatype 1 op 0 root 0 comm 0x753fd00 [nranks=2] stream 0x6f9f860
proj186:3271615:3271615 [1] NCCL INFO AllReduce: opCount ad sendbuff 0x7fe7f9200400 recvbuff 0x7fe7f9200400 count 4096 datatype 7 op 0 root 0 comm 0x8e6f640 [nranks=2] stream 0x8e733d0
proj186:3271614:3271614 [0] NCCL INFO AllReduce: opCount ad sendbuff 0x7f8d11200400 recvbuff 0x7f8d11200400 count 4096 datatype 7 op 0 root 0 comm 0x753fd00 [nranks=2] stream 0x6f9f860
proj186:3271615:3271615 [1] NCCL INFO AllReduce: opCount ae sendbuff 0x7fe7f9200000 recvbuff 0x7fe7f9200000 count 1 datatype 1 op 0 root 0 comm 0x8e6f640 [nranks=2] stream 0x8e733d0
proj186:3271614:3271614 [0] NCCL INFO AllReduce: opCount ae sendbuff 0x7f8d11200000 recvbuff 0x7f8d11200000 count 1 datatype 1 op 0 root 0 comm 0x753fd00 [nranks=2] stream 0x6f9f860
proj186:3271615:3271615 [1] NCCL INFO AllReduce: opCount af sendbuff 0x7fe7f9200400 recvbuff 0x7fe7f9200400 count 4096 datatype 7 op 0 root 0 comm 0x8e6f640 [nranks=2] stream 0x8e733d0
proj186:3271614:3271614 [0] NCCL INFO AllReduce: opCount af sendbuff 0x7f8d11200400 recvbuff 0x7f8d11200400 count 4096 datatype 7 op 0 root 0 comm 0x753fd00 [nranks=2] stream 0x6f9f860
proj186:3271614:3271614 [0] NCCL INFO AllReduce: opCount b0 sendbuff 0x7f8d11200200 recvbuff 0x7f8d11200200 count 1 datatype 1 op 0 root 0 comm 0x753fd00 [nranks=2] stream 0x6f9f860
proj186:3271615:3271615 [1] NCCL INFO AllReduce: opCount b0 sendbuff 0x7fe7f9200200 recvbuff 0x7fe7f9200200 count 1 datatype 1 op 0 root 0 comm 0x8e6f640 [nranks=2] stream 0x8e733d0
proj186:3271614:3271614 [0] NCCL INFO AllReduce: opCount b1 sendbuff 0x7f8d11200400 recvbuff 0x7f8d11200400 count 4096 datatype 7 op 0 root 0 comm 0x753fd00 [nranks=2] stream 0x6f9f860
proj186:3271615:3271615 [1] NCCL INFO AllReduce: opCount b1 sendbuff 0x7fe7f9200400 recvbuff 0x7fe7f9200400 count 4096 datatype 7 op 0 root 0 comm 0x8e6f640 [nranks=2] stream 0x8e733d0
proj186:3271614:3271614 [0] NCCL INFO AllReduce: opCount b2 sendbuff 0x7f8d11200000 recvbuff 0x7f8d11200000 count 1 datatype 1 op 0 root 0 comm 0x753fd00 [nranks=2] stream 0x6f9f860
proj186:3271615:3271615 [1] NCCL INFO AllReduce: opCount b2 sendbuff 0x7fe7f9200000 recvbuff 0x7fe7f9200000 count 1 datatype 1 op 0 root 0 comm 0x8e6f640 [nranks=2] stream 0x8e733d0
proj186:3271614:3271614 [0] NCCL INFO AllReduce: opCount b3 sendbuff 0x7f8d11200400 recvbuff 0x7f8d11200400 count 4096 datatype 7 op 0 root 0 comm 0x753fd00 [nranks=2] stream 0x6f9f860
proj186:3271615:3271615 [1] NCCL INFO AllReduce: opCount b3 sendbuff 0x7fe7f9200400 recvbuff 0x7fe7f9200400 count 4096 datatype 7 op 0 root 0 comm 0x8e6f640 [nranks=2] stream 0x8e733d0
       16K        4096     float     sum     N/A     56.53     2.32     2.32       0
proj186:3271615:3271615 [1] NCCL INFO AllReduce: opCount b4 sendbuff 0x7fe7f9200400 recvbuff 0x7fe7f9200400 count 8192 datatype 7 op 0 root 0 comm 0x8e6f640 [nranks=2] stream 0x8e733d0
proj186:3271614:3271614 [0] NCCL INFO AllReduce: opCount b4 sendbuff 0x7f8d11200400 recvbuff 0x7f8d11200400 count 8192 datatype 7 op 0 root 0 comm 0x753fd00 [nranks=2] stream 0x6f9f860
proj186:3271614:3271614 [0] NCCL INFO AllReduce: opCount b5 sendbuff 0x7f8d11200400 recvbuff 0x7f8d11200400 count 8192 datatype 7 op 0 root 0 comm 0x753fd00 [nranks=2] stream 0x6f9f860
proj186:3271615:3271615 [1] NCCL INFO AllReduce: opCount b5 sendbuff 0x7fe7f9200400 recvbuff 0x7fe7f9200400 count 8192 datatype 7 op 0 root 0 comm 0x8e6f640 [nranks=2] stream 0x8e733d0
proj186:3271614:3271614 [0] NCCL INFO AllReduce: opCount b6 sendbuff 0x7f8d11200400 recvbuff 0x7f8d11200400 count 8192 datatype 7 op 0 root 0 comm 0x753fd00 [nranks=2] stream 0x6f9f860
proj186:3271615:3271615 [1] NCCL INFO AllReduce: opCount b6 sendbuff 0x7fe7f9200400 recvbuff 0x7fe7f9200400 count 8192 datatype 7 op 0 root 0 comm 0x8e6f640 [nranks=2] stream 0x8e733d0
proj186:3271614:3271614 [0] NCCL INFO AllReduce: opCount b7 sendbuff 0x7f8d11200400 recvbuff 0x7f8d11200400 count 8192 datatype 7 op 0 root 0 comm 0x753fd00 [nranks=2] stream 0x6f9f860
proj186:3271615:3271615 [1] NCCL INFO AllReduce: opCount b7 sendbuff 0x7fe7f9200400 recvbuff 0x7fe7f9200400 count 8192 datatype 7 op 0 root 0 comm 0x8e6f640 [nranks=2] stream 0x8e733d0
proj186:3271614:3271614 [0] NCCL INFO AllReduce: opCount b8 sendbuff 0x7f8d11200400 recvbuff 0x7f8d11200400 count 8192 datatype 7 op 0 root 0 comm 0x753fd00 [nranks=2] stream 0x6f9f860
proj186:3271615:3271615 [1] NCCL INFO AllReduce: opCount b8 sendbuff 0x7fe7f9200400 recvbuff 0x7fe7f9200400 count 8192 datatype 7 op 0 root 0 comm 0x8e6f640 [nranks=2] stream 0x8e733d0
proj186:3271614:3271614 [0] NCCL INFO AllReduce: opCount b9 sendbuff 0x7f8d11200200 recvbuff 0x7f8d11200200 count 1 datatype 1 op 0 root 0 comm 0x753fd00 [nranks=2] stream 0x6f9f860
proj186:3271615:3271615 [1] NCCL INFO AllReduce: opCount b9 sendbuff 0x7fe7f9200200 recvbuff 0x7fe7f9200200 count 1 datatype 1 op 0 root 0 comm 0x8e6f640 [nranks=2] stream 0x8e733d0
proj186:3271614:3271614 [0] NCCL INFO AllReduce: opCount ba sendbuff 0x7f8d11200400 recvbuff 0x7f8d11200400 count 8192 datatype 7 op 0 root 0 comm 0x753fd00 [nranks=2] stream 0x6f9f860
proj186:3271615:3271615 [1] NCCL INFO AllReduce: opCount ba sendbuff 0x7fe7f9200400 recvbuff 0x7fe7f9200400 count 8192 datatype 7 op 0 root 0 comm 0x8e6f640 [nranks=2] stream 0x8e733d0
proj186:3271614:3271614 [0] NCCL INFO AllReduce: opCount bb sendbuff 0x7f8d11200000 recvbuff 0x7f8d11200000 count 1 datatype 1 op 0 root 0 comm 0x753fd00 [nranks=2] stream 0x6f9f860
proj186:3271615:3271615 [1] NCCL INFO AllReduce: opCount bb sendbuff 0x7fe7f9200000 recvbuff 0x7fe7f9200000 count 1 datatype 1 op 0 root 0 comm 0x8e6f640 [nranks=2] stream 0x8e733d0
proj186:3271614:3271614 [0] NCCL INFO AllReduce: opCount bc sendbuff 0x7f8d11200400 recvbuff 0x7f8d11200400 count 8192 datatype 7 op 0 root 0 comm 0x753fd00 [nranks=2] stream 0x6f9f860
proj186:3271615:3271615 [1] NCCL INFO AllReduce: opCount bc sendbuff 0x7fe7f9200400 recvbuff 0x7fe7f9200400 count 8192 datatype 7 op 0 root 0 comm 0x8e6f640 [nranks=2] stream 0x8e733d0
proj186:3271614:3271614 [0] NCCL INFO AllReduce: opCount bd sendbuff 0x7f8d11200200 recvbuff 0x7f8d11200200 count 1 datatype 1 op 0 root 0 comm 0x753fd00 [nranks=2] stream 0x6f9f860
proj186:3271615:3271615 [1] NCCL INFO AllReduce: opCount bd sendbuff 0x7fe7f9200200 recvbuff 0x7fe7f9200200 count 1 datatype 1 op 0 root 0 comm 0x8e6f640 [nranks=2] stream 0x8e733d0
proj186:3271614:3271614 [0] NCCL INFO AllReduce: opCount be sendbuff 0x7f8d11200400 recvbuff 0x7f8d11200400 count 8192 datatype 7 op 0 root 0 comm 0x753fd00 [nranks=2] stream 0x6f9f860
proj186:3271615:3271615 [1] NCCL INFO AllReduce: opCount be sendbuff 0x7fe7f9200400 recvbuff 0x7fe7f9200400 count 8192 datatype 7 op 0 root 0 comm 0x8e6f640 [nranks=2] stream 0x8e733d0
proj186:3271614:3271614 [0] NCCL INFO AllReduce: opCount bf sendbuff 0x7f8d11200000 recvbuff 0x7f8d11200000 count 1 datatype 1 op 0 root 0 comm 0x753fd00 [nranks=2] stream 0x6f9f860
proj186:3271615:3271615 [1] NCCL INFO AllReduce: opCount bf sendbuff 0x7fe7f9200000 recvbuff 0x7fe7f9200000 count 1 datatype 1 op 0 root 0 comm 0x8e6f640 [nranks=2] stream 0x8e733d0
proj186:3271614:3271614 [0] NCCL INFO AllReduce: opCount c0 sendbuff 0x7f8d11200400 recvbuff 0x7f8d11200400 count 8192 datatype 7 op 0 root 0 comm 0x753fd00 [nranks=2] stream 0x6f9f860
proj186:3271615:3271615 [1] NCCL INFO AllReduce: opCount c0 sendbuff 0x7fe7f9200400 recvbuff 0x7fe7f9200400 count 8192 datatype 7 op 0 root 0 comm 0x8e6f640 [nranks=2] stream 0x8e733d0
proj186:3271614:3271614 [0] NCCL INFO AllReduce: opCount c1 sendbuff 0x7f8d11200200 recvbuff 0x7f8d11200200 count 1 datatype 1 op 0 root 0 comm 0x753fd00 [nranks=2] stream 0x6f9f860
proj186:3271615:3271615 [1] NCCL INFO AllReduce: opCount c1 sendbuff 0x7fe7f9200200 recvbuff 0x7fe7f9200200 count 1 datatype 1 op 0 root 0 comm 0x8e6f640 [nranks=2] stream 0x8e733d0
proj186:3271614:3271614 [0] NCCL INFO AllReduce: opCount c2 sendbuff 0x7f8d11200400 recvbuff 0x7f8d11200400 count 8192 datatype 7 op 0 root 0 comm 0x753fd00 [nranks=2] stream 0x6f9f860
proj186:3271615:3271615 [1] NCCL INFO AllReduce: opCount c2 sendbuff 0x7fe7f9200400 recvbuff 0x7fe7f9200400 count 8192 datatype 7 op 0 root 0 comm 0x8e6f640 [nranks=2] stream 0x8e733d0
proj186:3271614:3271614 [0] NCCL INFO AllReduce: opCount c3 sendbuff 0x7f8d11200000 recvbuff 0x7f8d11200000 count 1 datatype 1 op 0 root 0 comm 0x753fd00 [nranks=2] stream 0x6f9f860
proj186:3271615:3271615 [1] NCCL INFO AllReduce: opCount c3 sendbuff 0x7fe7f9200000 recvbuff 0x7fe7f9200000 count 1 datatype 1 op 0 root 0 comm 0x8e6f640 [nranks=2] stream 0x8e733d0
proj186:3271615:3271615 [1] NCCL INFO AllReduce: opCount c4 sendbuff 0x7fe7f9200400 recvbuff 0x7fe7f9200400 count 8192 datatype 7 op 0 root 0 comm 0x8e6f640 [nranks=2] stream 0x8e733d0
proj186:3271614:3271614 [0] NCCL INFO AllReduce: opCount c4 sendbuff 0x7f8d11200400 recvbuff 0x7f8d11200400 count 8192 datatype 7 op 0 root 0 comm 0x753fd00 [nranks=2] stream 0x6f9f860
proj186:3271614:3271614 [0] NCCL INFO AllReduce: opCount c5 sendbuff 0x7f8d11200200 recvbuff 0x7f8d11200200 count 1 datatype 1 op 0 root 0 comm 0x753fd00 [nranks=2] stream 0x6f9f860
proj186:3271615:3271615 [1] NCCL INFO AllReduce: opCount c5 sendbuff 0x7fe7f9200200 recvbuff 0x7fe7f9200200 count 1 datatype 1 op 0 root 0 comm 0x8e6f640 [nranks=2] stream 0x8e733d0
proj186:3271614:3271614 [0] NCCL INFO AllReduce: opCount c6 sendbuff 0x7f8d11200400 recvbuff 0x7f8d11200400 count 8192 datatype 7 op 0 root 0 comm 0x753fd00 [nranks=2] stream 0x6f9f860
proj186:3271615:3271615 [1] NCCL INFO AllReduce: opCount c6 sendbuff 0x7fe7f9200400 recvbuff 0x7fe7f9200400 count 8192 datatype 7 op 0 root 0 comm 0x8e6f640 [nranks=2] stream 0x8e733d0
proj186:3271615:3271615 [1] NCCL INFO AllReduce: opCount c7 sendbuff 0x7fe7f9200000 recvbuff 0x7fe7f9200000 count 1 datatype 1 op 0 root 0 comm 0x8e6f640 [nranks=2] stream 0x8e733d0
proj186:3271614:3271614 [0] NCCL INFO AllReduce: opCount c7 sendbuff 0x7f8d11200000 recvbuff 0x7f8d11200000 count 1 datatype 1 op 0 root 0 comm 0x753fd00 [nranks=2] stream 0x6f9f860
proj186:3271615:3271615 [1] NCCL INFO AllReduce: opCount c8 sendbuff 0x7fe7f9200400 recvbuff 0x7fe7f9200400 count 8192 datatype 7 op 0 root 0 comm 0x8e6f640 [nranks=2] stream 0x8e733d0
proj186:3271614:3271614 [0] NCCL INFO AllReduce: opCount c8 sendbuff 0x7f8d11200400 recvbuff 0x7f8d11200400 count 8192 datatype 7 op 0 root 0 comm 0x753fd00 [nranks=2] stream 0x6f9f860
proj186:3271614:3271614 [0] NCCL INFO AllReduce: opCount c9 sendbuff 0x7f8d11200200 recvbuff 0x7f8d11200200 count 1 datatype 1 op 0 root 0 comm 0x753fd00 [nranks=2] stream 0x6f9f860
proj186:3271615:3271615 [1] NCCL INFO AllReduce: opCount c9 sendbuff 0x7fe7f9200200 recvbuff 0x7fe7f9200200 count 1 datatype 1 op 0 root 0 comm 0x8e6f640 [nranks=2] stream 0x8e733d0
proj186:3271614:3271614 [0] NCCL INFO AllReduce: opCount ca sendbuff 0x7f8d11200400 recvbuff 0x7f8d11200400 count 8192 datatype 7 op 0 root 0 comm 0x753fd00 [nranks=2] stream 0x6f9f860
proj186:3271615:3271615 [1] NCCL INFO AllReduce: opCount ca sendbuff 0x7fe7f9200400 recvbuff 0x7fe7f9200400 count 8192 datatype 7 op 0 root 0 comm 0x8e6f640 [nranks=2] stream 0x8e733d0
proj186:3271615:3271615 [1] NCCL INFO AllReduce: opCount cb sendbuff 0x7fe7f9200000 recvbuff 0x7fe7f9200000 count 1 datatype 1 op 0 root 0 comm 0x8e6f640 [nranks=2] stream 0x8e733d0
proj186:3271614:3271614 [0] NCCL INFO AllReduce: opCount cb sendbuff 0x7f8d11200000 recvbuff 0x7f8d11200000 count 1 datatype 1 op 0 root 0 comm 0x753fd00 [nranks=2] stream 0x6f9f860
proj186:3271615:3271615 [1] NCCL INFO AllReduce: opCount cc sendbuff 0x7fe7f9200400 recvbuff 0x7fe7f9200400 count 8192 datatype 7 op 0 root 0 comm 0x8e6f640 [nranks=2] stream 0x8e733d0
proj186:3271614:3271614 [0] NCCL INFO AllReduce: opCount cc sendbuff 0x7f8d11200400 recvbuff 0x7f8d11200400 count 8192 datatype 7 op 0 root 0 comm 0x753fd00 [nranks=2] stream 0x6f9f860
proj186:3271615:3271615 [1] NCCL INFO AllReduce: opCount cd sendbuff 0x7fe7f9200200 recvbuff 0x7fe7f9200200 count 1 datatype 1 op 0 root 0 comm 0x8e6f640 [nranks=2] stream 0x8e733d0
proj186:3271614:3271614 [0] NCCL INFO AllReduce: opCount cd sendbuff 0x7f8d11200200 recvbuff 0x7f8d11200200 count 1 datatype 1 op 0 root 0 comm 0x753fd00 [nranks=2] stream 0x6f9f860
proj186:3271615:3271615 [1] NCCL INFO AllReduce: opCount ce sendbuff 0x7fe7f9200400 recvbuff 0x7fe7f9200400 count 8192 datatype 7 op 0 root 0 comm 0x8e6f640 [nranks=2] stream 0x8e733d0
proj186:3271614:3271614 [0] NCCL INFO AllReduce: opCount ce sendbuff 0x7f8d11200400 recvbuff 0x7f8d11200400 count 8192 datatype 7 op 0 root 0 comm 0x753fd00 [nranks=2] stream 0x6f9f860
proj186:3271615:3271615 [1] NCCL INFO AllReduce: opCount cf sendbuff 0x7fe7f9200000 recvbuff 0x7fe7f9200000 count 1 datatype 1 op 0 root 0 comm 0x8e6f640 [nranks=2] stream 0x8e733d0
proj186:3271614:3271614 [0] NCCL INFO AllReduce: opCount cf sendbuff 0x7f8d11200000 recvbuff 0x7f8d11200000 count 1 datatype 1 op 0 root 0 comm 0x753fd00 [nranks=2] stream 0x6f9f860
proj186:3271615:3271615 [1] NCCL INFO AllReduce: opCount d0 sendbuff 0x7fe7f9200400 recvbuff 0x7fe7f9200400 count 8192 datatype 7 op 0 root 0 comm 0x8e6f640 [nranks=2] stream 0x8e733d0
proj186:3271614:3271614 [0] NCCL INFO AllReduce: opCount d0 sendbuff 0x7f8d11200400 recvbuff 0x7f8d11200400 count 8192 datatype 7 op 0 root 0 comm 0x753fd00 [nranks=2] stream 0x6f9f860
proj186:3271614:3271614 [0] NCCL INFO AllReduce: opCount d1 sendbuff 0x7f8d11200200 recvbuff 0x7f8d11200200 count 1 datatype 1 op 0 root 0 comm 0x753fd00 [nranks=2] stream 0x6f9f860
proj186:3271615:3271615 [1] NCCL INFO AllReduce: opCount d1 sendbuff 0x7fe7f9200200 recvbuff 0x7fe7f9200200 count 1 datatype 1 op 0 root 0 comm 0x8e6f640 [nranks=2] stream 0x8e733d0
proj186:3271614:3271614 [0] NCCL INFO AllReduce: opCount d2 sendbuff 0x7f8d11200400 recvbuff 0x7f8d11200400 count 8192 datatype 7 op 0 root 0 comm 0x753fd00 [nranks=2] stream 0x6f9f860
proj186:3271615:3271615 [1] NCCL INFO AllReduce: opCount d2 sendbuff 0x7fe7f9200400 recvbuff 0x7fe7f9200400 count 8192 datatype 7 op 0 root 0 comm 0x8e6f640 [nranks=2] stream 0x8e733d0
proj186:3271615:3271615 [1] NCCL INFO AllReduce: opCount d3 sendbuff 0x7fe7f9200000 recvbuff 0x7fe7f9200000 count 1 datatype 1 op 0 root 0 comm 0x8e6f640 [nranks=2] stream 0x8e733d0
proj186:3271614:3271614 [0] NCCL INFO AllReduce: opCount d3 sendbuff 0x7f8d11200000 recvbuff 0x7f8d11200000 count 1 datatype 1 op 0 root 0 comm 0x753fd00 [nranks=2] stream 0x6f9f860
proj186:3271615:3271615 [1] NCCL INFO AllReduce: opCount d4 sendbuff 0x7fe7f9200400 recvbuff 0x7fe7f9200400 count 8192 datatype 7 op 0 root 0 comm 0x8e6f640 [nranks=2] stream 0x8e733d0
proj186:3271614:3271614 [0] NCCL INFO AllReduce: opCount d4 sendbuff 0x7f8d11200400 recvbuff 0x7f8d11200400 count 8192 datatype 7 op 0 root 0 comm 0x753fd00 [nranks=2] stream 0x6f9f860
proj186:3271614:3271614 [0] NCCL INFO AllReduce: opCount d5 sendbuff 0x7f8d11200200 recvbuff 0x7f8d11200200 count 1 datatype 1 op 0 root 0 comm 0x753fd00 [nranks=2] stream 0x6f9f860
proj186:3271615:3271615 [1] NCCL INFO AllReduce: opCount d5 sendbuff 0x7fe7f9200200 recvbuff 0x7fe7f9200200 count 1 datatype 1 op 0 root 0 comm 0x8e6f640 [nranks=2] stream 0x8e733d0
proj186:3271614:3271614 [0] NCCL INFO AllReduce: opCount d6 sendbuff 0x7f8d11200400 recvbuff 0x7f8d11200400 count 8192 datatype 7 op 0 root 0 comm 0x753fd00 [nranks=2] stream 0x6f9f860
proj186:3271615:3271615 [1] NCCL INFO AllReduce: opCount d6 sendbuff 0x7fe7f9200400 recvbuff 0x7fe7f9200400 count 8192 datatype 7 op 0 root 0 comm 0x8e6f640 [nranks=2] stream 0x8e733d0
proj186:3271615:3271615 [1] NCCL INFO AllReduce: opCount d7 sendbuff 0x7fe7f9200000 recvbuff 0x7fe7f9200000 count 1 datatype 1 op 0 root 0 comm 0x8e6f640 [nranks=2] stream 0x8e733d0
proj186:3271614:3271614 [0] NCCL INFO AllReduce: opCount d7 sendbuff 0x7f8d11200000 recvbuff 0x7f8d11200000 count 1 datatype 1 op 0 root 0 comm 0x753fd00 [nranks=2] stream 0x6f9f860
