n232-194-226:235012:235047 [4] NCCL INFO recvOpId=0x7ff826bbc510 matches expected opId=0x7ff826bbc510
n232-194-226:235012:235106 [4] NCCL INFO New proxy recv connection 13 from local rank 4, transport 0
n232-194-226:235012:235106 [4] NCCL INFO proxyProgressAsync opId=0x7ff826bbc510 op.type=1 op.reqBuff=0x7ff81c01c2e0 op.respSize=16 done
n232-194-226:235012:235047 [4] NCCL INFO ncclPollProxyResponse Received new opId=0x7ff826bbc510
n232-194-226:235012:235106 [4] NCCL INFO Received and initiated operation=Init res=0
n232-194-226:235012:235047 [4] NCCL INFO recvOpId=0x7ff826bbc510 matches expected opId=0x7ff826bbc510
n232-194-226:235012:235047 [4] NCCL INFO Connection to proxy localRank 4 -> connection 0x7ff81c003560
n232-194-226:235011:235108 [3] NCCL INFO transport/p2p.cc:204 Cuda Alloc Size 10485760 pointer 0x7f844a000000
n232-194-226:235010:235111 [2] NCCL INFO transport/p2p.cc:204 Cuda Alloc Size 10485760 pointer 0x7faf40000000
n232-194-226:235015:235107 [7] NCCL INFO transport/p2p.cc:204 Cuda Alloc Size 10485760 pointer 0x7fe181400000
n232-194-226:235011:235108 [3] NCCL INFO Allocated shareable buffer 0x7f844a000000 size 10485760 ipcDesc 0x7f844c013d40
n232-194-226:235013:235105 [5] NCCL INFO transport/p2p.cc:204 Cuda Alloc Size 2097152 pointer 0x7f4b43600000
n232-194-226:235011:235108 [3] NCCL INFO proxyProgressAsync opId=0x7f8456bbc6f0 op.type=3 op.reqBuff=0x7f844c013cd0 op.respSize=80 done
n232-194-226:235011:235042 [3] NCCL INFO ncclPollProxyResponse Received new opId=0x7f8456bbc6f0
n232-194-226:235011:235042 [3] NCCL INFO recvOpId=0x7f8456bbc6f0 matches expected opId=0x7f8456bbc6f0
n232-194-226:235011:235108 [3] NCCL INFO Received and initiated operation=Setup res=0
n232-194-226:235010:235111 [2] NCCL INFO Allocated shareable buffer 0x7faf40000000 size 10485760 ipcDesc 0x7faf48018bc0
n232-194-226:235010:235111 [2] NCCL INFO proxyProgressAsync opId=0x7faf52bbc6f0 op.type=3 op.reqBuff=0x7faf4801a9e0 op.respSize=80 done
n232-194-226:235010:235043 [2] NCCL INFO ncclPollProxyResponse Received new opId=0x7faf52bbc6f0
n232-194-226:235011:235108 [3] NCCL INFO New proxy recv connection 3 from local rank 3, transport 0
n232-194-226:235011:235108 [3] NCCL INFO proxyProgressAsync opId=0x7f8456bbc6f0 op.type=1 op.reqBuff=0x7f844c013cd0 op.respSize=16 done
n232-194-226:235011:235042 [3] NCCL INFO ncclPollProxyResponse Received new opId=0x7f8456bbc6f0
n232-194-226:235010:235043 [2] NCCL INFO recvOpId=0x7faf52bbc6f0 matches expected opId=0x7faf52bbc6f0
n232-194-226:235010:235111 [2] NCCL INFO Received and initiated operation=Setup res=0
n232-194-226:235011:235108 [3] NCCL INFO Received and initiated operation=Init res=0
n232-194-226:235011:235042 [3] NCCL INFO recvOpId=0x7f8456bbc6f0 matches expected opId=0x7f8456bbc6f0
n232-194-226:235011:235042 [3] NCCL INFO Connection to proxy localRank 3 -> connection 0x7f844c003240
n232-194-226:235015:235107 [7] NCCL INFO Allocated shareable buffer 0x7fe181400000 size 10485760 ipcDesc 0x7fe188018bc0
n232-194-226:235015:235107 [7] NCCL INFO proxyProgressAsync opId=0x7fe192bbc510 op.type=3 op.reqBuff=0x7fe18801c320 op.respSize=80 done
n232-194-226:235015:235045 [7] NCCL INFO ncclPollProxyResponse Received new opId=0x7fe192bbc510
n232-194-226:235015:235107 [7] NCCL INFO Received and initiated operation=Setup res=0
n232-194-226:235010:235111 [2] NCCL INFO New proxy recv connection 12 from local rank 2, transport 0
n232-194-226:235015:235045 [7] NCCL INFO recvOpId=0x7fe192bbc510 matches expected opId=0x7fe192bbc510
n232-194-226:235010:235111 [2] NCCL INFO proxyProgressAsync opId=0x7faf52bbc6f0 op.type=1 op.reqBuff=0x7faf4801a9e0 op.respSize=16 done
n232-194-226:235010:235043 [2] NCCL INFO ncclPollProxyResponse Received new opId=0x7faf52bbc6f0
n232-194-226:235013:235105 [5] NCCL INFO Allocated shareable buffer 0x7f4b43600000 size 2097152 ipcDesc 0x7f4b4c018bc0
n232-194-226:235013:235105 [5] NCCL INFO proxyProgressAsync opId=0x7f4b56bbc6f0 op.type=3 op.reqBuff=0x7f4b4c01fd00 op.respSize=80 done
n232-194-226:235010:235043 [2] NCCL INFO recvOpId=0x7faf52bbc6f0 matches expected opId=0x7faf52bbc6f0
n232-194-226:235013:235046 [5] NCCL INFO ncclPollProxyResponse Received new opId=0x7f4b56bbc6f0
n232-194-226:235010:235043 [2] NCCL INFO Connection to proxy localRank 2 -> connection 0x7faf48003510
n232-194-226:235010:235111 [2] NCCL INFO Received and initiated operation=Init res=0
n232-194-226:235013:235105 [5] NCCL INFO Received and initiated operation=Setup res=0
n232-194-226:235008:235110 [0] NCCL INFO transport/p2p.cc:204 Cuda Alloc Size 10485760 pointer 0x7fec48a00000
n232-194-226:235015:235107 [7] NCCL INFO New proxy recv connection 14 from local rank 7, transport 0
n232-194-226:235015:235107 [7] NCCL INFO proxyProgressAsync opId=0x7fe192bbc510 op.type=1 op.reqBuff=0x7fe18801c320 op.respSize=16 done
n232-194-226:235013:235046 [5] NCCL INFO recvOpId=0x7f4b56bbc6f0 matches expected opId=0x7f4b56bbc6f0
n232-194-226:235015:235045 [7] NCCL INFO ncclPollProxyResponse Received new opId=0x7fe192bbc510
n232-194-226:235013:235046 [5] NCCL INFO Channel 02/0 : 5[5] -> 6[6] via P2P/IPC
n232-194-226:235015:235045 [7] NCCL INFO recvOpId=0x7fe192bbc510 matches expected opId=0x7fe192bbc510
n232-194-226:235015:235045 [7] NCCL INFO Connection to proxy localRank 7 -> connection 0x7fe1880035b0
n232-194-226:235015:235107 [7] NCCL INFO Received and initiated operation=Init res=0
n232-194-226:235013:235105 [5] NCCL INFO New proxy send connection 18 from local rank 5, transport 0
n232-194-226:235013:235105 [5] NCCL INFO proxyProgressAsync opId=0x7f4b56bbc6f0 op.type=1 op.reqBuff=0x7f4b4c01fd00 op.respSize=16 done
n232-194-226:235013:235046 [5] NCCL INFO ncclPollProxyResponse Received new opId=0x7f4b56bbc6f0
n232-194-226:235013:235046 [5] NCCL INFO recvOpId=0x7f4b56bbc6f0 matches expected opId=0x7f4b56bbc6f0
n232-194-226:235013:235105 [5] NCCL INFO Received and initiated operation=Init res=0
n232-194-226:235013:235046 [5] NCCL INFO Connection to proxy localRank 5 -> connection 0x7f4b4c0036f0
n232-194-226:235014:235109 [6] NCCL INFO transport/p2p.cc:204 Cuda Alloc Size 10485760 pointer 0x7faa30a00000
n232-194-226:235008:235110 [0] NCCL INFO Allocated shareable buffer 0x7fec48a00000 size 10485760 ipcDesc 0x7fec64014f40
n232-194-226:235008:235110 [0] NCCL INFO proxyProgressAsync opId=0x7fec4ebbc510 op.type=3 op.reqBuff=0x7fec64014ed0 op.respSize=80 done
n232-194-226:235008:235044 [0] NCCL INFO ncclPollProxyResponse Received new opId=0x7fec4ebbc510
n232-194-226:235012:235106 [4] NCCL INFO transport/p2p.cc:204 Cuda Alloc Size 10485760 pointer 0x7ff815400000
n232-194-226:235008:235110 [0] NCCL INFO Received and initiated operation=Setup res=0
n232-194-226:235008:235044 [0] NCCL INFO recvOpId=0x7fec4ebbc510 matches expected opId=0x7fec4ebbc510
n232-194-226:235008:235110 [0] NCCL INFO New proxy recv connection 4 from local rank 0, transport 0
n232-194-226:235008:235110 [0] NCCL INFO proxyProgressAsync opId=0x7fec4ebbc510 op.type=1 op.reqBuff=0x7fec64014ed0 op.respSize=16 done
n232-194-226:235008:235044 [0] NCCL INFO ncclPollProxyResponse Received new opId=0x7fec4ebbc510
n232-194-226:235009:235112 [1] NCCL INFO transport/p2p.cc:204 Cuda Alloc Size 10485760 pointer 0x7fd918a00000
n232-194-226:235008:235110 [0] NCCL INFO Received and initiated operation=Init res=0
n232-194-226:235008:235044 [0] NCCL INFO recvOpId=0x7fec4ebbc510 matches expected opId=0x7fec4ebbc510
n232-194-226:235008:235044 [0] NCCL INFO Connection to proxy localRank 0 -> connection 0x7fec64003290
n232-194-226:235014:235109 [6] NCCL INFO Allocated shareable buffer 0x7faa30a00000 size 10485760 ipcDesc 0x7faa38018bc0
n232-194-226:235014:235109 [6] NCCL INFO proxyProgressAsync opId=0x7faa42bbc6f0 op.type=3 op.reqBuff=0x7faa3801c2e0 op.respSize=80 done
n232-194-226:235014:235041 [6] NCCL INFO ncclPollProxyResponse Received new opId=0x7faa42bbc6f0
n232-194-226:235014:235109 [6] NCCL INFO Received and initiated operation=Setup res=0
n232-194-226:235014:235041 [6] NCCL INFO recvOpId=0x7faa42bbc6f0 matches expected opId=0x7faa42bbc6f0
n232-194-226:235012:235106 [4] NCCL INFO Allocated shareable buffer 0x7ff815400000 size 10485760 ipcDesc 0x7ff81c018bc0
n232-194-226:235012:235106 [4] NCCL INFO proxyProgressAsync opId=0x7ff826bbc510 op.type=3 op.reqBuff=0x7ff81c01c320 op.respSize=80 done
n232-194-226:235012:235047 [4] NCCL INFO ncclPollProxyResponse Received new opId=0x7ff826bbc510
n232-194-226:235014:235109 [6] NCCL INFO New proxy recv connection 13 from local rank 6, transport 0
n232-194-226:235012:235106 [4] NCCL INFO Received and initiated operation=Setup res=0
n232-194-226:235014:235109 [6] NCCL INFO proxyProgressAsync opId=0x7faa42bbc6f0 op.type=1 op.reqBuff=0x7faa3801c2e0 op.respSize=16 done
n232-194-226:235012:235047 [4] NCCL INFO recvOpId=0x7ff826bbc510 matches expected opId=0x7ff826bbc510
n232-194-226:235014:235041 [6] NCCL INFO ncclPollProxyResponse Received new opId=0x7faa42bbc6f0
n232-194-226:235014:235109 [6] NCCL INFO Received and initiated operation=Init res=0
n232-194-226:235014:235041 [6] NCCL INFO recvOpId=0x7faa42bbc6f0 matches expected opId=0x7faa42bbc6f0
n232-194-226:235014:235041 [6] NCCL INFO Connection to proxy localRank 6 -> connection 0x7faa38003560
n232-194-226:235009:235112 [1] NCCL INFO Allocated shareable buffer 0x7fd918a00000 size 10485760 ipcDesc 0x7fd920018bc0
n232-194-226:235009:235112 [1] NCCL INFO proxyProgressAsync opId=0x7fd92abbc6f0 op.type=3 op.reqBuff=0x7fd92001c2e0 op.respSize=80 done
n232-194-226:235012:235106 [4] NCCL INFO New proxy recv connection 14 from local rank 4, transport 0
n232-194-226:235012:235106 [4] NCCL INFO proxyProgressAsync opId=0x7ff826bbc510 op.type=1 op.reqBuff=0x7ff81c01c320 op.respSize=16 done
n232-194-226:235009:235048 [1] NCCL INFO ncclPollProxyResponse Received new opId=0x7fd92abbc6f0
n232-194-226:235009:235112 [1] NCCL INFO Received and initiated operation=Setup res=0
n232-194-226:235012:235047 [4] NCCL INFO ncclPollProxyResponse Received new opId=0x7ff826bbc510
n232-194-226:235012:235106 [4] NCCL INFO Received and initiated operation=Init res=0
n232-194-226:235009:235048 [1] NCCL INFO recvOpId=0x7fd92abbc6f0 matches expected opId=0x7fd92abbc6f0
n232-194-226:235012:235047 [4] NCCL INFO recvOpId=0x7ff826bbc510 matches expected opId=0x7ff826bbc510
n232-194-226:235012:235047 [4] NCCL INFO Connection to proxy localRank 4 -> connection 0x7ff81c0035b0
n232-194-226:235009:235112 [1] NCCL INFO New proxy recv connection 13 from local rank 1, transport 0
n232-194-226:235009:235112 [1] NCCL INFO proxyProgressAsync opId=0x7fd92abbc6f0 op.type=1 op.reqBuff=0x7fd92001c2e0 op.respSize=16 done
n232-194-226:235009:235048 [1] NCCL INFO ncclPollProxyResponse Received new opId=0x7fd92abbc6f0
n232-194-226:235009:235112 [1] NCCL INFO Received and initiated operation=Init res=0
n232-194-226:235009:235048 [1] NCCL INFO recvOpId=0x7fd92abbc6f0 matches expected opId=0x7fd92abbc6f0
n232-194-226:235009:235048 [1] NCCL INFO Connection to proxy localRank 1 -> connection 0x7fd920003560
n232-194-226:235011:235108 [3] NCCL INFO transport/p2p.cc:204 Cuda Alloc Size 10485760 pointer 0x7f844aa00000
n232-194-226:235010:235111 [2] NCCL INFO transport/p2p.cc:204 Cuda Alloc Size 10485760 pointer 0x7faf40a00000
n232-194-226:235015:235107 [7] NCCL INFO transport/p2p.cc:204 Cuda Alloc Size 10485760 pointer 0x7fe17e000000
n232-194-226:235011:235108 [3] NCCL INFO Allocated shareable buffer 0x7f844aa00000 size 10485760 ipcDesc 0x7f844c014fe0
n232-194-226:235011:235108 [3] NCCL INFO proxyProgressAsync opId=0x7f8456bbc6f0 op.type=3 op.reqBuff=0x7f844c014f70 op.respSize=80 done
n232-194-226:235011:235042 [3] NCCL INFO ncclPollProxyResponse Received new opId=0x7f8456bbc6f0
n232-194-226:235011:235042 [3] NCCL INFO recvOpId=0x7f8456bbc6f0 matches expected opId=0x7f8456bbc6f0
n232-194-226:235011:235108 [3] NCCL INFO Received and initiated operation=Setup res=0
n232-194-226:235010:235111 [2] NCCL INFO Allocated shareable buffer 0x7faf40a00000 size 10485760 ipcDesc 0x7faf48018bc0
n232-194-226:235010:235111 [2] NCCL INFO proxyProgressAsync opId=0x7faf52bbc6f0 op.type=3 op.reqBuff=0x7faf4801c2e0 op.respSize=80 done
n232-194-226:235013:235105 [5] NCCL INFO transport/p2p.cc:204 Cuda Alloc Size 2097152 pointer 0x7f4b43800000
n232-194-226:235010:235043 [2] NCCL INFO ncclPollProxyResponse Received new opId=0x7faf52bbc6f0
n232-194-226:235010:235043 [2] NCCL INFO recvOpId=0x7faf52bbc6f0 matches expected opId=0x7faf52bbc6f0
n232-194-226:235010:235111 [2] NCCL INFO Received and initiated operation=Setup res=0
n232-194-226:235011:235108 [3] NCCL INFO New proxy recv connection 4 from local rank 3, transport 0
n232-194-226:235011:235108 [3] NCCL INFO proxyProgressAsync opId=0x7f8456bbc6f0 op.type=1 op.reqBuff=0x7f844c014f70 op.respSize=16 done
n232-194-226:235015:235107 [7] NCCL INFO Allocated shareable buffer 0x7fe17e000000 size 10485760 ipcDesc 0x7fe188018bc0
n232-194-226:235015:235107 [7] NCCL INFO proxyProgressAsync opId=0x7fe192bbc510 op.type=3 op.reqBuff=0x7fe18801dfd0 op.respSize=80 done
n232-194-226:235011:235042 [3] NCCL INFO ncclPollProxyResponse Received new opId=0x7f8456bbc6f0
n232-194-226:235015:235045 [7] NCCL INFO ncclPollProxyResponse Received new opId=0x7fe192bbc510
n232-194-226:235011:235108 [3] NCCL INFO Received and initiated operation=Init res=0
n232-194-226:235015:235107 [7] NCCL INFO Received and initiated operation=Setup res=0
n232-194-226:235015:235045 [7] NCCL INFO recvOpId=0x7fe192bbc510 matches expected opId=0x7fe192bbc510
n232-194-226:235010:235111 [2] NCCL INFO New proxy recv connection 13 from local rank 2, transport 0
n232-194-226:235011:235042 [3] NCCL INFO recvOpId=0x7f8456bbc6f0 matches expected opId=0x7f8456bbc6f0
n232-194-226:235010:235111 [2] NCCL INFO proxyProgressAsync opId=0x7faf52bbc6f0 op.type=1 op.reqBuff=0x7faf4801c2e0 op.respSize=16 done
n232-194-226:235011:235042 [3] NCCL INFO Connection to proxy localRank 3 -> connection 0x7f844c003290
n232-194-226:235010:235043 [2] NCCL INFO ncclPollProxyResponse Received new opId=0x7faf52bbc6f0
n232-194-226:235010:235111 [2] NCCL INFO Received and initiated operation=Init res=0
n232-194-226:235010:235043 [2] NCCL INFO recvOpId=0x7faf52bbc6f0 matches expected opId=0x7faf52bbc6f0
n232-194-226:235010:235043 [2] NCCL INFO Connection to proxy localRank 2 -> connection 0x7faf48003560
n232-194-226:235008:235110 [0] NCCL INFO transport/p2p.cc:204 Cuda Alloc Size 10485760 pointer 0x7fec49400000
n232-194-226:235015:235107 [7] NCCL INFO New proxy recv connection 15 from local rank 7, transport 0
n232-194-226:235015:235107 [7] NCCL INFO proxyProgressAsync opId=0x7fe192bbc510 op.type=1 op.reqBuff=0x7fe18801dfd0 op.respSize=16 done
n232-194-226:235015:235045 [7] NCCL INFO ncclPollProxyResponse Received new opId=0x7fe192bbc510
n232-194-226:235015:235107 [7] NCCL INFO Received and initiated operation=Init res=0
n232-194-226:235015:235045 [7] NCCL INFO recvOpId=0x7fe192bbc510 matches expected opId=0x7fe192bbc510
n232-194-226:235015:235045 [7] NCCL INFO Connection to proxy localRank 7 -> connection 0x7fe188003600
n232-194-226:235013:235105 [5] NCCL INFO Allocated shareable buffer 0x7f4b43800000 size 2097152 ipcDesc 0x7f4b4c018bc0
n232-194-226:235013:235105 [5] NCCL INFO proxyProgressAsync opId=0x7f4b56bbc6f0 op.type=3 op.reqBuff=0x7f4b4c021600 op.respSize=80 done
n232-194-226:235013:235046 [5] NCCL INFO ncclPollProxyResponse Received new opId=0x7f4b56bbc6f0
n232-194-226:235013:235105 [5] NCCL INFO Received and initiated operation=Setup res=0
n232-194-226:235013:235046 [5] NCCL INFO recvOpId=0x7f4b56bbc6f0 matches expected opId=0x7f4b56bbc6f0
n232-194-226:235013:235046 [5] NCCL INFO Channel 03/0 : 5[5] -> 6[6] via P2P/IPC
n232-194-226:235008:235110 [0] NCCL INFO Allocated shareable buffer 0x7fec49400000 size 10485760 ipcDesc 0x7fec64015d70
n232-194-226:235008:235110 [0] NCCL INFO proxyProgressAsync opId=0x7fec4ebbc510 op.type=3 op.reqBuff=0x7fec64015d00 op.respSize=80 done
n232-194-226:235008:235044 [0] NCCL INFO ncclPollProxyResponse Received new opId=0x7fec4ebbc510
n232-194-226:235008:235044 [0] NCCL INFO recvOpId=0x7fec4ebbc510 matches expected opId=0x7fec4ebbc510
n232-194-226:235008:235110 [0] NCCL INFO Received and initiated operation=Setup res=0
n232-194-226:235013:235105 [5] NCCL INFO New proxy send connection 19 from local rank 5, transport 0
n232-194-226:235013:235105 [5] NCCL INFO proxyProgressAsync opId=0x7f4b56bbc6f0 op.type=1 op.reqBuff=0x7f4b4c021600 op.respSize=16 done
n232-194-226:235013:235046 [5] NCCL INFO ncclPollProxyResponse Received new opId=0x7f4b56bbc6f0
n232-194-226:235014:235109 [6] NCCL INFO transport/p2p.cc:204 Cuda Alloc Size 10485760 pointer 0x7faa31400000
n232-194-226:235013:235046 [5] NCCL INFO recvOpId=0x7f4b56bbc6f0 matches expected opId=0x7f4b56bbc6f0
n232-194-226:235013:235105 [5] NCCL INFO Received and initiated operation=Init res=0
n232-194-226:235013:235046 [5] NCCL INFO Connection to proxy localRank 5 -> connection 0x7f4b4c003740
n232-194-226:235008:235110 [0] NCCL INFO New proxy recv connection 5 from local rank 0, transport 0
n232-194-226:235008:235110 [0] NCCL INFO proxyProgressAsync opId=0x7fec4ebbc510 op.type=1 op.reqBuff=0x7fec64015d00 op.respSize=16 done
n232-194-226:235008:235044 [0] NCCL INFO ncclPollProxyResponse Received new opId=0x7fec4ebbc510
n232-194-226:235008:235110 [0] NCCL INFO Received and initiated operation=Init res=0
n232-194-226:235012:235106 [4] NCCL INFO transport/p2p.cc:204 Cuda Alloc Size 10485760 pointer 0x7ff812000000
n232-194-226:235008:235044 [0] NCCL INFO recvOpId=0x7fec4ebbc510 matches expected opId=0x7fec4ebbc510
n232-194-226:235008:235044 [0] NCCL INFO Connection to proxy localRank 0 -> connection 0x7fec640032e0
n232-194-226:235014:235109 [6] NCCL INFO Allocated shareable buffer 0x7faa31400000 size 10485760 ipcDesc 0x7faa38018bc0
n232-194-226:235014:235109 [6] NCCL INFO proxyProgressAsync opId=0x7faa42bbc6f0 op.type=3 op.reqBuff=0x7faa3801c320 op.respSize=80 done
n232-194-226:235014:235041 [6] NCCL INFO ncclPollProxyResponse Received new opId=0x7faa42bbc6f0
n232-194-226:235009:235112 [1] NCCL INFO transport/p2p.cc:204 Cuda Alloc Size 10485760 pointer 0x7fd919400000
n232-194-226:235014:235109 [6] NCCL INFO Received and initiated operation=Setup res=0
n232-194-226:235014:235041 [6] NCCL INFO recvOpId=0x7faa42bbc6f0 matches expected opId=0x7faa42bbc6f0
n232-194-226:235012:235106 [4] NCCL INFO Allocated shareable buffer 0x7ff812000000 size 10485760 ipcDesc 0x7ff81c018bc0
n232-194-226:235012:235106 [4] NCCL INFO proxyProgressAsync opId=0x7ff826bbc510 op.type=3 op.reqBuff=0x7ff81c01dfd0 op.respSize=80 done
n232-194-226:235012:235047 [4] NCCL INFO ncclPollProxyResponse Received new opId=0x7ff826bbc510
n232-194-226:235012:235106 [4] NCCL INFO Received and initiated operation=Setup res=0
n232-194-226:235012:235047 [4] NCCL INFO recvOpId=0x7ff826bbc510 matches expected opId=0x7ff826bbc510
n232-194-226:235014:235109 [6] NCCL INFO New proxy recv connection 14 from local rank 6, transport 0
n232-194-226:235014:235109 [6] NCCL INFO proxyProgressAsync opId=0x7faa42bbc6f0 op.type=1 op.reqBuff=0x7faa3801c320 op.respSize=16 done
n232-194-226:235014:235041 [6] NCCL INFO ncclPollProxyResponse Received new opId=0x7faa42bbc6f0
n232-194-226:235014:235109 [6] NCCL INFO Received and initiated operation=Init res=0
n232-194-226:235014:235041 [6] NCCL INFO recvOpId=0x7faa42bbc6f0 matches expected opId=0x7faa42bbc6f0
n232-194-226:235014:235041 [6] NCCL INFO Connection to proxy localRank 6 -> connection 0x7faa380035b0
n232-194-226:235009:235112 [1] NCCL INFO Allocated shareable buffer 0x7fd919400000 size 10485760 ipcDesc 0x7fd920018bc0
n232-194-226:235012:235106 [4] NCCL INFO New proxy recv connection 15 from local rank 4, transport 0
n232-194-226:235009:235112 [1] NCCL INFO proxyProgressAsync opId=0x7fd92abbc6f0 op.type=3 op.reqBuff=0x7fd92001c320 op.respSize=80 done
n232-194-226:235012:235106 [4] NCCL INFO proxyProgressAsync opId=0x7ff826bbc510 op.type=1 op.reqBuff=0x7ff81c01dfd0 op.respSize=16 done
n232-194-226:235012:235047 [4] NCCL INFO ncclPollProxyResponse Received new opId=0x7ff826bbc510
n232-194-226:235009:235048 [1] NCCL INFO ncclPollProxyResponse Received new opId=0x7fd92abbc6f0
n232-194-226:235012:235106 [4] NCCL INFO Received and initiated operation=Init res=0
n232-194-226:235009:235112 [1] NCCL INFO Received and initiated operation=Setup res=0
n232-194-226:235009:235048 [1] NCCL INFO recvOpId=0x7fd92abbc6f0 matches expected opId=0x7fd92abbc6f0
n232-194-226:235012:235047 [4] NCCL INFO recvOpId=0x7ff826bbc510 matches expected opId=0x7ff826bbc510
n232-194-226:235012:235047 [4] NCCL INFO Connection to proxy localRank 4 -> connection 0x7ff81c003600
n232-194-226:235009:235112 [1] NCCL INFO New proxy recv connection 14 from local rank 1, transport 0
n232-194-226:235009:235112 [1] NCCL INFO proxyProgressAsync opId=0x7fd92abbc6f0 op.type=1 op.reqBuff=0x7fd92001c320 op.respSize=16 done
n232-194-226:235009:235048 [1] NCCL INFO ncclPollProxyResponse Received new opId=0x7fd92abbc6f0
n232-194-226:235009:235048 [1] NCCL INFO recvOpId=0x7fd92abbc6f0 matches expected opId=0x7fd92abbc6f0
n232-194-226:235009:235048 [1] NCCL INFO Connection to proxy localRank 1 -> connection 0x7fd9200035b0
n232-194-226:235009:235112 [1] NCCL INFO Received and initiated operation=Init res=0
n232-194-226:235010:235111 [2] NCCL INFO transport/p2p.cc:204 Cuda Alloc Size 10485760 pointer 0x7faf41400000
n232-194-226:235011:235108 [3] NCCL INFO transport/p2p.cc:204 Cuda Alloc Size 10485760 pointer 0x7f844b400000
n232-194-226:235015:235107 [7] NCCL INFO transport/p2p.cc:204 Cuda Alloc Size 10485760 pointer 0x7fe17ea00000
n232-194-226:235010:235111 [2] NCCL INFO Allocated shareable buffer 0x7faf41400000 size 10485760 ipcDesc 0x7faf48018bc0
n232-194-226:235010:235111 [2] NCCL INFO proxyProgressAsync opId=0x7faf52bbc6f0 op.type=3 op.reqBuff=0x7faf4801c320 op.respSize=80 done
n232-194-226:235010:235043 [2] NCCL INFO ncclPollProxyResponse Received new opId=0x7faf52bbc6f0
n232-194-226:235010:235111 [2] NCCL INFO Received and initiated operation=Setup res=0
n232-194-226:235010:235043 [2] NCCL INFO recvOpId=0x7faf52bbc6f0 matches expected opId=0x7faf52bbc6f0
n232-194-226:235011:235108 [3] NCCL INFO Allocated shareable buffer 0x7f844b400000 size 10485760 ipcDesc 0x7f844c015e10
n232-194-226:235011:235108 [3] NCCL INFO proxyProgressAsync opId=0x7f8456bbc6f0 op.type=3 op.reqBuff=0x7f844c015da0 op.respSize=80 done
n232-194-226:235011:235042 [3] NCCL INFO ncclPollProxyResponse Received new opId=0x7f8456bbc6f0
n232-194-226:235010:235111 [2] NCCL INFO New proxy recv connection 14 from local rank 2, transport 0
n232-194-226:235010:235111 [2] NCCL INFO proxyProgressAsync opId=0x7faf52bbc6f0 op.type=1 op.reqBuff=0x7faf4801c320 op.respSize=16 done
n232-194-226:235011:235042 [3] NCCL INFO recvOpId=0x7f8456bbc6f0 matches expected opId=0x7f8456bbc6f0
n232-194-226:235011:235108 [3] NCCL INFO Received and initiated operation=Setup res=0
n232-194-226:235010:235043 [2] NCCL INFO ncclPollProxyResponse Received new opId=0x7faf52bbc6f0
n232-194-226:235010:235111 [2] NCCL INFO Received and initiated operation=Init res=0
n232-194-226:235010:235043 [2] NCCL INFO recvOpId=0x7faf52bbc6f0 matches expected opId=0x7faf52bbc6f0
n232-194-226:235013:235105 [5] NCCL INFO transport/p2p.cc:204 Cuda Alloc Size 2097152 pointer 0x7f4b43a00000
n232-194-226:235010:235043 [2] NCCL INFO Connection to proxy localRank 2 -> connection 0x7faf480035b0
n232-194-226:235011:235108 [3] NCCL INFO New proxy recv connection 5 from local rank 3, transport 0
n232-194-226:235011:235108 [3] NCCL INFO proxyProgressAsync opId=0x7f8456bbc6f0 op.type=1 op.reqBuff=0x7f844c015da0 op.respSize=16 done
n232-194-226:235015:235107 [7] NCCL INFO Allocated shareable buffer 0x7fe17ea00000 size 10485760 ipcDesc 0x7fe188018bc0
n232-194-226:235015:235107 [7] NCCL INFO proxyProgressAsync opId=0x7fe192bbc510 op.type=3 op.reqBuff=0x7fe18801e010 op.respSize=80 done
n232-194-226:235011:235042 [3] NCCL INFO ncclPollProxyResponse Received new opId=0x7f8456bbc6f0
n232-194-226:235015:235045 [7] NCCL INFO ncclPollProxyResponse Received new opId=0x7fe192bbc510
n232-194-226:235011:235108 [3] NCCL INFO Received and initiated operation=Init res=0
n232-194-226:235015:235107 [7] NCCL INFO Received and initiated operation=Setup res=0
n232-194-226:235015:235045 [7] NCCL INFO recvOpId=0x7fe192bbc510 matches expected opId=0x7fe192bbc510
n232-194-226:235011:235042 [3] NCCL INFO recvOpId=0x7f8456bbc6f0 matches expected opId=0x7f8456bbc6f0
n232-194-226:235011:235042 [3] NCCL INFO Connection to proxy localRank 3 -> connection 0x7f844c0032e0
n232-194-226:235015:235045 [7] NCCL INFO Channel 00/0 : 7[7] -> 0[0] via P2P/IPC
n232-194-226:235008:235110 [0] NCCL INFO transport/p2p.cc:204 Cuda Alloc Size 10485760 pointer 0x7fec46000000
n232-194-226:235015:235107 [7] NCCL INFO New proxy send connection 16 from local rank 7, transport 0
n232-194-226:235015:235107 [7] NCCL INFO proxyProgressAsync opId=0x7fe192bbc510 op.type=1 op.reqBuff=0x7fe18801e010 op.respSize=16 done
n232-194-226:235015:235045 [7] NCCL INFO ncclPollProxyResponse Received new opId=0x7fe192bbc510
n232-194-226:235015:235045 [7] NCCL INFO recvOpId=0x7fe192bbc510 matches expected opId=0x7fe192bbc510
n232-194-226:235015:235107 [7] NCCL INFO Received and initiated operation=Init res=0
n232-194-226:235015:235045 [7] NCCL INFO Connection to proxy localRank 7 -> connection 0x7fe188003650
n232-194-226:235013:235105 [5] NCCL INFO Allocated shareable buffer 0x7f4b43a00000 size 2097152 ipcDesc 0x7f4b4c018bc0
n232-194-226:235013:235105 [5] NCCL INFO proxyProgressAsync opId=0x7f4b56bbc6f0 op.type=3 op.reqBuff=0x7f4b4c021640 op.respSize=80 done
n232-194-226:235013:235046 [5] NCCL INFO ncclPollProxyResponse Received new opId=0x7f4b56bbc6f0
n232-194-226:235013:235105 [5] NCCL INFO Received and initiated operation=Setup res=0
n232-194-226:235013:235046 [5] NCCL INFO recvOpId=0x7f4b56bbc6f0 matches expected opId=0x7f4b56bbc6f0
n232-194-226:235013:235046 [5] NCCL INFO Channel 04/0 : 5[5] -> 6[6] via P2P/IPC
n232-194-226:235008:235110 [0] NCCL INFO Allocated shareable buffer 0x7fec46000000 size 10485760 ipcDesc 0x7fec64016ba0
n232-194-226:235013:235105 [5] NCCL INFO New proxy send connection 20 from local rank 5, transport 0
n232-194-226:235013:235105 [5] NCCL INFO proxyProgressAsync opId=0x7f4b56bbc6f0 op.type=1 op.reqBuff=0x7f4b4c021640 op.respSize=16 done
n232-194-226:235008:235110 [0] NCCL INFO proxyProgressAsync opId=0x7fec4ebbc510 op.type=3 op.reqBuff=0x7fec64016b30 op.respSize=80 done
n232-194-226:235013:235046 [5] NCCL INFO ncclPollProxyResponse Received new opId=0x7f4b56bbc6f0
n232-194-226:235008:235044 [0] NCCL INFO ncclPollProxyResponse Received new opId=0x7fec4ebbc510
n232-194-226:235013:235105 [5] NCCL INFO Received and initiated operation=Init res=0
n232-194-226:235008:235110 [0] NCCL INFO Received and initiated operation=Setup res=0
n232-194-226:235013:235046 [5] NCCL INFO recvOpId=0x7f4b56bbc6f0 matches expected opId=0x7f4b56bbc6f0
n232-194-226:235013:235046 [5] NCCL INFO Connection to proxy localRank 5 -> connection 0x7f4b4c003790
n232-194-226:235008:235044 [0] NCCL INFO recvOpId=0x7fec4ebbc510 matches expected opId=0x7fec4ebbc510
n232-194-226:235014:235109 [6] NCCL INFO transport/p2p.cc:204 Cuda Alloc Size 10485760 pointer 0x7faa2e000000
n232-194-226:235008:235110 [0] NCCL INFO New proxy recv connection 6 from local rank 0, transport 0
n232-194-226:235008:235110 [0] NCCL INFO proxyProgressAsync opId=0x7fec4ebbc510 op.type=1 op.reqBuff=0x7fec64016b30 op.respSize=16 done
n232-194-226:235008:235044 [0] NCCL INFO ncclPollProxyResponse Received new opId=0x7fec4ebbc510
n232-194-226:235012:235106 [4] NCCL INFO transport/p2p.cc:204 Cuda Alloc Size 10485760 pointer 0x7ff812a00000
n232-194-226:235008:235044 [0] NCCL INFO recvOpId=0x7fec4ebbc510 matches expected opId=0x7fec4ebbc510
n232-194-226:235008:235110 [0] NCCL INFO Received and initiated operation=Init res=0
n232-194-226:235008:235044 [0] NCCL INFO Connection to proxy localRank 0 -> connection 0x7fec64003330
n232-194-226:235009:235112 [1] NCCL INFO transport/p2p.cc:204 Cuda Alloc Size 10485760 pointer 0x7fd916000000
n232-194-226:235009:235112 [1] NCCL INFO Allocated shareable buffer 0x7fd916000000 size 10485760 ipcDesc 0x7fd920018bc0
n232-194-226:235009:235112 [1] NCCL INFO proxyProgressAsync opId=0x7fd92abbc6f0 op.type=3 op.reqBuff=0x7fd92001dfd0 op.respSize=80 done
n232-194-226:235014:235109 [6] NCCL INFO Allocated shareable buffer 0x7faa2e000000 size 10485760 ipcDesc 0x7faa38018bc0
n232-194-226:235009:235048 [1] NCCL INFO ncclPollProxyResponse Received new opId=0x7fd92abbc6f0
n232-194-226:235014:235109 [6] NCCL INFO proxyProgressAsync opId=0x7faa42bbc6f0 op.type=3 op.reqBuff=0x7faa3801dfd0 op.respSize=80 done
n232-194-226:235009:235112 [1] NCCL INFO Received and initiated operation=Setup res=0
n232-194-226:235014:235041 [6] NCCL INFO ncclPollProxyResponse Received new opId=0x7faa42bbc6f0
n232-194-226:235009:235048 [1] NCCL INFO recvOpId=0x7fd92abbc6f0 matches expected opId=0x7fd92abbc6f0
n232-194-226:235014:235109 [6] NCCL INFO Received and initiated operation=Setup res=0
n232-194-226:235012:235106 [4] NCCL INFO Allocated shareable buffer 0x7ff812a00000 size 10485760 ipcDesc 0x7ff81c018bc0
n232-194-226:235012:235106 [4] NCCL INFO proxyProgressAsync opId=0x7ff826bbc510 op.type=3 op.reqBuff=0x7ff81c01e010 op.respSize=80 done
n232-194-226:235014:235041 [6] NCCL INFO recvOpId=0x7faa42bbc6f0 matches expected opId=0x7faa42bbc6f0
n232-194-226:235012:235047 [4] NCCL INFO ncclPollProxyResponse Received new opId=0x7ff826bbc510
n232-194-226:235012:235106 [4] NCCL INFO Received and initiated operation=Setup res=0
n232-194-226:235012:235047 [4] NCCL INFO recvOpId=0x7ff826bbc510 matches expected opId=0x7ff826bbc510
n232-194-226:235009:235112 [1] NCCL INFO New proxy recv connection 15 from local rank 1, transport 0
n232-194-226:235009:235112 [1] NCCL INFO proxyProgressAsync opId=0x7fd92abbc6f0 op.type=1 op.reqBuff=0x7fd92001dfd0 op.respSize=16 done
n232-194-226:235009:235048 [1] NCCL INFO ncclPollProxyResponse Received new opId=0x7fd92abbc6f0
n232-194-226:235012:235047 [4] NCCL INFO Channel 00/0 : 4[4] -> 5[5] via P2P/IPC
n232-194-226:235009:235048 [1] NCCL INFO recvOpId=0x7fd92abbc6f0 matches expected opId=0x7fd92abbc6f0
n232-194-226:235009:235112 [1] NCCL INFO Received and initiated operation=Init res=0
n232-194-226:235009:235048 [1] NCCL INFO Connection to proxy localRank 1 -> connection 0x7fd920003600
n232-194-226:235014:235109 [6] NCCL INFO New proxy recv connection 15 from local rank 6, transport 0
n232-194-226:235014:235109 [6] NCCL INFO proxyProgressAsync opId=0x7faa42bbc6f0 op.type=1 op.reqBuff=0x7faa3801dfd0 op.respSize=16 done
n232-194-226:235014:235041 [6] NCCL INFO ncclPollProxyResponse Received new opId=0x7faa42bbc6f0
n232-194-226:235014:235109 [6] NCCL INFO Received and initiated operation=Init res=0
n232-194-226:235014:235041 [6] NCCL INFO recvOpId=0x7faa42bbc6f0 matches expected opId=0x7faa42bbc6f0
n232-194-226:235014:235041 [6] NCCL INFO Connection to proxy localRank 6 -> connection 0x7faa38003600
n232-194-226:235012:235106 [4] NCCL INFO New proxy send connection 16 from local rank 4, transport 0
n232-194-226:235012:235106 [4] NCCL INFO proxyProgressAsync opId=0x7ff826bbc510 op.type=1 op.reqBuff=0x7ff81c01e010 op.respSize=16 done
n232-194-226:235012:235047 [4] NCCL INFO ncclPollProxyResponse Received new opId=0x7ff826bbc510
n232-194-226:235012:235106 [4] NCCL INFO Received and initiated operation=Init res=0
n232-194-226:235012:235047 [4] NCCL INFO recvOpId=0x7ff826bbc510 matches expected opId=0x7ff826bbc510
n232-194-226:235012:235047 [4] NCCL INFO Connection to proxy localRank 4 -> connection 0x7ff81c003650
n232-194-226:235010:235111 [2] NCCL INFO transport/p2p.cc:204 Cuda Alloc Size 10485760 pointer 0x7faf3e000000
n232-194-226:235011:235108 [3] NCCL INFO transport/p2p.cc:204 Cuda Alloc Size 10485760 pointer 0x7f8448000000
n232-194-226:235015:235107 [7] NCCL INFO transport/p2p.cc:204 Cuda Alloc Size 2097152 pointer 0x7fe17f400000
n232-194-226:235010:235111 [2] NCCL INFO Allocated shareable buffer 0x7faf3e000000 size 10485760 ipcDesc 0x7faf48018bc0
n232-194-226:235010:235111 [2] NCCL INFO proxyProgressAsync opId=0x7faf52bbc6f0 op.type=3 op.reqBuff=0x7faf4801dfd0 op.respSize=80 done
n232-194-226:235010:235043 [2] NCCL INFO ncclPollProxyResponse Received new opId=0x7faf52bbc6f0
n232-194-226:235010:235111 [2] NCCL INFO Received and initiated operation=Setup res=0
n232-194-226:235010:235043 [2] NCCL INFO recvOpId=0x7faf52bbc6f0 matches expected opId=0x7faf52bbc6f0
n232-194-226:235011:235108 [3] NCCL INFO Allocated shareable buffer 0x7f8448000000 size 10485760 ipcDesc 0x7f844c016c40
n232-194-226:235011:235108 [3] NCCL INFO proxyProgressAsync opId=0x7f8456bbc6f0 op.type=3 op.reqBuff=0x7f844c016bd0 op.respSize=80 done
n232-194-226:235011:235042 [3] NCCL INFO ncclPollProxyResponse Received new opId=0x7f8456bbc6f0
n232-194-226:235011:235108 [3] NCCL INFO Received and initiated operation=Setup res=0
n232-194-226:235011:235042 [3] NCCL INFO recvOpId=0x7f8456bbc6f0 matches expected opId=0x7f8456bbc6f0
n232-194-226:235010:235111 [2] NCCL INFO New proxy recv connection 15 from local rank 2, transport 0
n232-194-226:235010:235111 [2] NCCL INFO proxyProgressAsync opId=0x7faf52bbc6f0 op.type=1 op.reqBuff=0x7faf4801dfd0 op.respSize=16 done
n232-194-226:235013:235105 [5] NCCL INFO transport/p2p.cc:204 Cuda Alloc Size 2097152 pointer 0x7f4b43c00000
n232-194-226:235010:235043 [2] NCCL INFO ncclPollProxyResponse Received new opId=0x7faf52bbc6f0
n232-194-226:235010:235111 [2] NCCL INFO Received and initiated operation=Init res=0
n232-194-226:235010:235043 [2] NCCL INFO recvOpId=0x7faf52bbc6f0 matches expected opId=0x7faf52bbc6f0
n232-194-226:235010:235043 [2] NCCL INFO Connection to proxy localRank 2 -> connection 0x7faf48003600
n232-194-226:235011:235108 [3] NCCL INFO New proxy recv connection 6 from local rank 3, transport 0
n232-194-226:235011:235108 [3] NCCL INFO proxyProgressAsync opId=0x7f8456bbc6f0 op.type=1 op.reqBuff=0x7f844c016bd0 op.respSize=16 done
n232-194-226:235011:235042 [3] NCCL INFO ncclPollProxyResponse Received new opId=0x7f8456bbc6f0
n232-194-226:235015:235107 [7] NCCL INFO Allocated shareable buffer 0x7fe17f400000 size 2097152 ipcDesc 0x7fe188018bc0
n232-194-226:235015:235107 [7] NCCL INFO proxyProgressAsync opId=0x7fe192bbc510 op.type=3 op.reqBuff=0x7fe18801fcc0 op.respSize=80 done
n232-194-226:235011:235042 [3] NCCL INFO recvOpId=0x7f8456bbc6f0 matches expected opId=0x7f8456bbc6f0
n232-194-226:235011:235108 [3] NCCL INFO Received and initiated operation=Init res=0
n232-194-226:235011:235042 [3] NCCL INFO Connection to proxy localRank 3 -> connection 0x7f844c003330
n232-194-226:235015:235045 [7] NCCL INFO ncclPollProxyResponse Received new opId=0x7fe192bbc510
n232-194-226:235015:235107 [7] NCCL INFO Received and initiated operation=Setup res=0
n232-194-226:235015:235045 [7] NCCL INFO recvOpId=0x7fe192bbc510 matches expected opId=0x7fe192bbc510
n232-194-226:235015:235045 [7] NCCL INFO Channel 01/0 : 7[7] -> 0[0] via P2P/IPC
n232-194-226:235008:235110 [0] NCCL INFO transport/p2p.cc:204 Cuda Alloc Size 10485760 pointer 0x7fec46a00000
n232-194-226:235015:235107 [7] NCCL INFO New proxy send connection 17 from local rank 7, transport 0
n232-194-226:235015:235107 [7] NCCL INFO proxyProgressAsync opId=0x7fe192bbc510 op.type=1 op.reqBuff=0x7fe18801fcc0 op.respSize=16 done
n232-194-226:235015:235045 [7] NCCL INFO ncclPollProxyResponse Received new opId=0x7fe192bbc510
n232-194-226:235015:235045 [7] NCCL INFO recvOpId=0x7fe192bbc510 matches expected opId=0x7fe192bbc510
n232-194-226:235015:235045 [7] NCCL INFO Connection to proxy localRank 7 -> connection 0x7fe1880036a0
n232-194-226:235015:235107 [7] NCCL INFO Received and initiated operation=Init res=0
n232-194-226:235013:235105 [5] NCCL INFO Allocated shareable buffer 0x7f4b43c00000 size 2097152 ipcDesc 0x7f4b4c018bc0
n232-194-226:235013:235105 [5] NCCL INFO proxyProgressAsync opId=0x7f4b56bbc6f0 op.type=3 op.reqBuff=0x7f4b4c022f40 op.respSize=80 done
n232-194-226:235013:235046 [5] NCCL INFO ncclPollProxyResponse Received new opId=0x7f4b56bbc6f0
n232-194-226:235013:235046 [5] NCCL INFO recvOpId=0x7f4b56bbc6f0 matches expected opId=0x7f4b56bbc6f0
n232-194-226:235013:235105 [5] NCCL INFO Received and initiated operation=Setup res=0
n232-194-226:235013:235046 [5] NCCL INFO Channel 05/0 : 5[5] -> 6[6] via P2P/IPC
n232-194-226:235013:235105 [5] NCCL INFO New proxy send connection 21 from local rank 5, transport 0
n232-194-226:235013:235105 [5] NCCL INFO proxyProgressAsync opId=0x7f4b56bbc6f0 op.type=1 op.reqBuff=0x7f4b4c022f40 op.respSize=16 done
n232-194-226:235013:235046 [5] NCCL INFO ncclPollProxyResponse Received new opId=0x7f4b56bbc6f0
n232-194-226:235013:235046 [5] NCCL INFO recvOpId=0x7f4b56bbc6f0 matches expected opId=0x7f4b56bbc6f0
n232-194-226:235013:235105 [5] NCCL INFO Received and initiated operation=Init res=0
n232-194-226:235013:235046 [5] NCCL INFO Connection to proxy localRank 5 -> connection 0x7f4b4c0037e0
n232-194-226:235008:235110 [0] NCCL INFO Allocated shareable buffer 0x7fec46a00000 size 10485760 ipcDesc 0x7fec64017d80
n232-194-226:235008:235110 [0] NCCL INFO proxyProgressAsync opId=0x7fec4ebbc510 op.type=3 op.reqBuff=0x7fec64017d10 op.respSize=80 done
n232-194-226:235008:235044 [0] NCCL INFO ncclPollProxyResponse Received new opId=0x7fec4ebbc510
n232-194-226:235008:235110 [0] NCCL INFO Received and initiated operation=Setup res=0
n232-194-226:235008:235044 [0] NCCL INFO recvOpId=0x7fec4ebbc510 matches expected opId=0x7fec4ebbc510
n232-194-226:235009:235112 [1] NCCL INFO transport/p2p.cc:204 Cuda Alloc Size 10485760 pointer 0x7fd916a00000
n232-194-226:235008:235110 [0] NCCL INFO New proxy recv connection 7 from local rank 0, transport 0
n232-194-226:235008:235110 [0] NCCL INFO proxyProgressAsync opId=0x7fec4ebbc510 op.type=1 op.reqBuff=0x7fec64017d10 op.respSize=16 done
n232-194-226:235008:235044 [0] NCCL INFO ncclPollProxyResponse Received new opId=0x7fec4ebbc510
n232-194-226:235008:235110 [0] NCCL INFO Received and initiated operation=Init res=0
n232-194-226:235008:235044 [0] NCCL INFO recvOpId=0x7fec4ebbc510 matches expected opId=0x7fec4ebbc510
n232-194-226:235008:235044 [0] NCCL INFO Connection to proxy localRank 0 -> connection 0x7fec64003380
n232-194-226:235014:235109 [6] NCCL INFO transport/p2p.cc:204 Cuda Alloc Size 10485760 pointer 0x7faa2ea00000
n232-194-226:235012:235106 [4] NCCL INFO transport/p2p.cc:204 Cuda Alloc Size 2097152 pointer 0x7ff813400000
n232-194-226:235009:235112 [1] NCCL INFO Allocated shareable buffer 0x7fd916a00000 size 10485760 ipcDesc 0x7fd920018bc0
n232-194-226:235009:235112 [1] NCCL INFO proxyProgressAsync opId=0x7fd92abbc6f0 op.type=3 op.reqBuff=0x7fd92001e010 op.respSize=80 done
n232-194-226:235009:235048 [1] NCCL INFO ncclPollProxyResponse Received new opId=0x7fd92abbc6f0
n232-194-226:235009:235112 [1] NCCL INFO Received and initiated operation=Setup res=0
n232-194-226:235009:235048 [1] NCCL INFO recvOpId=0x7fd92abbc6f0 matches expected opId=0x7fd92abbc6f0
n232-194-226:235009:235048 [1] NCCL INFO Channel 00/0 : 1[1] -> 2[2] via P2P/IPC
n232-194-226:235014:235109 [6] NCCL INFO Allocated shareable buffer 0x7faa2ea00000 size 10485760 ipcDesc 0x7faa38018bc0
n232-194-226:235014:235109 [6] NCCL INFO proxyProgressAsync opId=0x7faa42bbc6f0 op.type=3 op.reqBuff=0x7faa3801e010 op.respSize=80 done
n232-194-226:235014:235041 [6] NCCL INFO ncclPollProxyResponse Received new opId=0x7faa42bbc6f0
n232-194-226:235014:235109 [6] NCCL INFO Received and initiated operation=Setup res=0
n232-194-226:235014:235041 [6] NCCL INFO recvOpId=0x7faa42bbc6f0 matches expected opId=0x7faa42bbc6f0
n232-194-226:235009:235112 [1] NCCL INFO New proxy send connection 16 from local rank 1, transport 0
n232-194-226:235009:235112 [1] NCCL INFO proxyProgressAsync opId=0x7fd92abbc6f0 op.type=1 op.reqBuff=0x7fd92001e010 op.respSize=16 done
n232-194-226:235009:235048 [1] NCCL INFO ncclPollProxyResponse Received new opId=0x7fd92abbc6f0
n232-194-226:235009:235112 [1] NCCL INFO Received and initiated operation=Init res=0
n232-194-226:235009:235048 [1] NCCL INFO recvOpId=0x7fd92abbc6f0 matches expected opId=0x7fd92abbc6f0
n232-194-226:235009:235048 [1] NCCL INFO Connection to proxy localRank 1 -> connection 0x7fd920003650
n232-194-226:235014:235041 [6] NCCL INFO Channel 00/0 : 6[6] -> 7[7] via P2P/IPC
n232-194-226:235012:235106 [4] NCCL INFO Allocated shareable buffer 0x7ff813400000 size 2097152 ipcDesc 0x7ff81c018bc0
n232-194-226:235012:235106 [4] NCCL INFO proxyProgressAsync opId=0x7ff826bbc510 op.type=3 op.reqBuff=0x7ff81c01fcc0 op.respSize=80 done
n232-194-226:235012:235047 [4] NCCL INFO ncclPollProxyResponse Received new opId=0x7ff826bbc510
n232-194-226:235014:235109 [6] NCCL INFO New proxy send connection 16 from local rank 6, transport 0
n232-194-226:235012:235106 [4] NCCL INFO Received and initiated operation=Setup res=0
n232-194-226:235014:235109 [6] NCCL INFO proxyProgressAsync opId=0x7faa42bbc6f0 op.type=1 op.reqBuff=0x7faa3801e010 op.respSize=16 done
n232-194-226:235012:235047 [4] NCCL INFO recvOpId=0x7ff826bbc510 matches expected opId=0x7ff826bbc510
n232-194-226:235014:235041 [6] NCCL INFO ncclPollProxyResponse Received new opId=0x7faa42bbc6f0
n232-194-226:235014:235109 [6] NCCL INFO Received and initiated operation=Init res=0
n232-194-226:235014:235041 [6] NCCL INFO recvOpId=0x7faa42bbc6f0 matches expected opId=0x7faa42bbc6f0
n232-194-226:235012:235047 [4] NCCL INFO Channel 01/0 : 4[4] -> 5[5] via P2P/IPC
n232-194-226:235014:235041 [6] NCCL INFO Connection to proxy localRank 6 -> connection 0x7faa38003650
n232-194-226:235012:235106 [4] NCCL INFO New proxy send connection 17 from local rank 4, transport 0
n232-194-226:235012:235106 [4] NCCL INFO proxyProgressAsync opId=0x7ff826bbc510 op.type=1 op.reqBuff=0x7ff81c01fcc0 op.respSize=16 done
n232-194-226:235012:235047 [4] NCCL INFO ncclPollProxyResponse Received new opId=0x7ff826bbc510
n232-194-226:235012:235106 [4] NCCL INFO Received and initiated operation=Init res=0
n232-194-226:235012:235047 [4] NCCL INFO recvOpId=0x7ff826bbc510 matches expected opId=0x7ff826bbc510
n232-194-226:235012:235047 [4] NCCL INFO Connection to proxy localRank 4 -> connection 0x7ff81c0036a0
n232-194-226:235010:235111 [2] NCCL INFO transport/p2p.cc:204 Cuda Alloc Size 10485760 pointer 0x7faf3ea00000
n232-194-226:235011:235108 [3] NCCL INFO transport/p2p.cc:204 Cuda Alloc Size 10485760 pointer 0x7f8448a00000
n232-194-226:235015:235107 [7] NCCL INFO transport/p2p.cc:204 Cuda Alloc Size 2097152 pointer 0x7fe17f600000
n232-194-226:235010:235111 [2] NCCL INFO Allocated shareable buffer 0x7faf3ea00000 size 10485760 ipcDesc 0x7faf48018bc0
n232-194-226:235010:235111 [2] NCCL INFO proxyProgressAsync opId=0x7faf52bbc6f0 op.type=3 op.reqBuff=0x7faf4801e010 op.respSize=80 done
n232-194-226:235010:235043 [2] NCCL INFO ncclPollProxyResponse Received new opId=0x7faf52bbc6f0
n232-194-226:235010:235111 [2] NCCL INFO Received and initiated operation=Setup res=0
n232-194-226:235010:235043 [2] NCCL INFO recvOpId=0x7faf52bbc6f0 matches expected opId=0x7faf52bbc6f0
n232-194-226:235010:235043 [2] NCCL INFO Channel 00/0 : 2[2] -> 3[3] via P2P/IPC
n232-194-226:235011:235108 [3] NCCL INFO Allocated shareable buffer 0x7f8448a00000 size 10485760 ipcDesc 0x7f844c017e20
n232-194-226:235011:235108 [3] NCCL INFO proxyProgressAsync opId=0x7f8456bbc6f0 op.type=3 op.reqBuff=0x7f844c017db0 op.respSize=80 done
n232-194-226:235011:235042 [3] NCCL INFO ncclPollProxyResponse Received new opId=0x7f8456bbc6f0
n232-194-226:235011:235042 [3] NCCL INFO recvOpId=0x7f8456bbc6f0 matches expected opId=0x7f8456bbc6f0
n232-194-226:235010:235111 [2] NCCL INFO New proxy send connection 16 from local rank 2, transport 0
n232-194-226:235010:235111 [2] NCCL INFO proxyProgressAsync opId=0x7faf52bbc6f0 op.type=1 op.reqBuff=0x7faf4801e010 op.respSize=16 done
n232-194-226:235011:235108 [3] NCCL INFO Received and initiated operation=Setup res=0
n232-194-226:235010:235043 [2] NCCL INFO ncclPollProxyResponse Received new opId=0x7faf52bbc6f0
n232-194-226:235013:235105 [5] NCCL INFO transport/p2p.cc:204 Cuda Alloc Size 2097152 pointer 0x7f4b43e00000
n232-194-226:235015:235107 [7] NCCL INFO Allocated shareable buffer 0x7fe17f600000 size 2097152 ipcDesc 0x7fe188018bc0
n232-194-226:235010:235111 [2] NCCL INFO Received and initiated operation=Init res=0
n232-194-226:235015:235107 [7] NCCL INFO proxyProgressAsync opId=0x7fe192bbc510 op.type=3 op.reqBuff=0x7fe18801fd00 op.respSize=80 done
n232-194-226:235010:235043 [2] NCCL INFO recvOpId=0x7faf52bbc6f0 matches expected opId=0x7faf52bbc6f0
n232-194-226:235010:235043 [2] NCCL INFO Connection to proxy localRank 2 -> connection 0x7faf48003650
n232-194-226:235015:235045 [7] NCCL INFO ncclPollProxyResponse Received new opId=0x7fe192bbc510
n232-194-226:235015:235107 [7] NCCL INFO Received and initiated operation=Setup res=0
n232-194-226:235011:235108 [3] NCCL INFO New proxy recv connection 7 from local rank 3, transport 0
n232-194-226:235011:235108 [3] NCCL INFO proxyProgressAsync opId=0x7f8456bbc6f0 op.type=1 op.reqBuff=0x7f844c017db0 op.respSize=16 done
n232-194-226:235015:235045 [7] NCCL INFO recvOpId=0x7fe192bbc510 matches expected opId=0x7fe192bbc510
n232-194-226:235011:235042 [3] NCCL INFO ncclPollProxyResponse Received new opId=0x7f8456bbc6f0
n232-194-226:235015:235045 [7] NCCL INFO Channel 02/0 : 7[7] -> 0[0] via P2P/IPC
n232-194-226:235011:235108 [3] NCCL INFO Received and initiated operation=Init res=0
n232-194-226:235011:235042 [3] NCCL INFO recvOpId=0x7f8456bbc6f0 matches expected opId=0x7f8456bbc6f0
n232-194-226:235011:235042 [3] NCCL INFO Connection to proxy localRank 3 -> connection 0x7f844c003380
n232-194-226:235015:235107 [7] NCCL INFO New proxy send connection 18 from local rank 7, transport 0
n232-194-226:235015:235107 [7] NCCL INFO proxyProgressAsync opId=0x7fe192bbc510 op.type=1 op.reqBuff=0x7fe18801fd00 op.respSize=16 done
n232-194-226:235008:235110 [0] NCCL INFO transport/p2p.cc:204 Cuda Alloc Size 10485760 pointer 0x7fec47400000
n232-194-226:235015:235045 [7] NCCL INFO ncclPollProxyResponse Received new opId=0x7fe192bbc510
n232-194-226:235015:235045 [7] NCCL INFO recvOpId=0x7fe192bbc510 matches expected opId=0x7fe192bbc510
n232-194-226:235015:235045 [7] NCCL INFO Connection to proxy localRank 7 -> connection 0x7fe1880036f0
n232-194-226:235015:235107 [7] NCCL INFO Received and initiated operation=Init res=0
n232-194-226:235013:235105 [5] NCCL INFO Allocated shareable buffer 0x7f4b43e00000 size 2097152 ipcDesc 0x7f4b4c018bc0
n232-194-226:235013:235105 [5] NCCL INFO proxyProgressAsync opId=0x7f4b56bbc6f0 op.type=3 op.reqBuff=0x7f4b4c022f80 op.respSize=80 done
n232-194-226:235013:235046 [5] NCCL INFO ncclPollProxyResponse Received new opId=0x7f4b56bbc6f0
n232-194-226:235013:235105 [5] NCCL INFO Received and initiated operation=Setup res=0
n232-194-226:235013:235046 [5] NCCL INFO recvOpId=0x7f4b56bbc6f0 matches expected opId=0x7f4b56bbc6f0
n232-194-226:235013:235046 [5] NCCL INFO Channel 06/0 : 5[5] -> 6[6] via P2P/IPC
n232-194-226:235013:235105 [5] NCCL INFO New proxy send connection 22 from local rank 5, transport 0
n232-194-226:235013:235105 [5] NCCL INFO proxyProgressAsync opId=0x7f4b56bbc6f0 op.type=1 op.reqBuff=0x7f4b4c022f80 op.respSize=16 done
n232-194-226:235008:235110 [0] NCCL INFO Allocated shareable buffer 0x7fec47400000 size 10485760 ipcDesc 0x7fec64018b70
n232-194-226:235008:235110 [0] NCCL INFO proxyProgressAsync opId=0x7fec4ebbc510 op.type=3 op.reqBuff=0x7fec64018b40 op.respSize=80 done
n232-194-226:235013:235046 [5] NCCL INFO ncclPollProxyResponse Received new opId=0x7f4b56bbc6f0
n232-194-226:235008:235044 [0] NCCL INFO ncclPollProxyResponse Received new opId=0x7fec4ebbc510
n232-194-226:235013:235105 [5] NCCL INFO Received and initiated operation=Init res=0
n232-194-226:235013:235046 [5] NCCL INFO recvOpId=0x7f4b56bbc6f0 matches expected opId=0x7f4b56bbc6f0
n232-194-226:235013:235046 [5] NCCL INFO Connection to proxy localRank 5 -> connection 0x7f4b4c003830
n232-194-226:235008:235110 [0] NCCL INFO Received and initiated operation=Setup res=0
n232-194-226:235008:235044 [0] NCCL INFO recvOpId=0x7fec4ebbc510 matches expected opId=0x7fec4ebbc510
n232-194-226:235008:235110 [0] NCCL INFO New proxy recv connection 8 from local rank 0, transport 0
n232-194-226:235008:235110 [0] NCCL INFO proxyProgressAsync opId=0x7fec4ebbc510 op.type=1 op.reqBuff=0x7fec64018b40 op.respSize=16 done
n232-194-226:235008:235044 [0] NCCL INFO ncclPollProxyResponse Received new opId=0x7fec4ebbc510
n232-194-226:235008:235044 [0] NCCL INFO recvOpId=0x7fec4ebbc510 matches expected opId=0x7fec4ebbc510
n232-194-226:235008:235044 [0] NCCL INFO Connection to proxy localRank 0 -> connection 0x7fec640033d0
n232-194-226:235008:235110 [0] NCCL INFO Received and initiated operation=Init res=0
n232-194-226:235009:235112 [1] NCCL INFO transport/p2p.cc:204 Cuda Alloc Size 2097152 pointer 0x7fd917400000
n232-194-226:235014:235109 [6] NCCL INFO transport/p2p.cc:204 Cuda Alloc Size 2097152 pointer 0x7faa2f400000
n232-194-226:235012:235106 [4] NCCL INFO transport/p2p.cc:204 Cuda Alloc Size 2097152 pointer 0x7ff813600000
n232-194-226:235009:235112 [1] NCCL INFO Allocated shareable buffer 0x7fd917400000 size 2097152 ipcDesc 0x7fd920018bc0
n232-194-226:235009:235112 [1] NCCL INFO proxyProgressAsync opId=0x7fd92abbc6f0 op.type=3 op.reqBuff=0x7fd92001fcc0 op.respSize=80 done
n232-194-226:235009:235048 [1] NCCL INFO ncclPollProxyResponse Received new opId=0x7fd92abbc6f0
n232-194-226:235009:235048 [1] NCCL INFO recvOpId=0x7fd92abbc6f0 matches expected opId=0x7fd92abbc6f0
n232-194-226:235009:235112 [1] NCCL INFO Received and initiated operation=Setup res=0
n232-194-226:235009:235048 [1] NCCL INFO Channel 01/0 : 1[1] -> 2[2] via P2P/IPC
n232-194-226:235009:235112 [1] NCCL INFO New proxy send connection 17 from local rank 1, transport 0
n232-194-226:235009:235112 [1] NCCL INFO proxyProgressAsync opId=0x7fd92abbc6f0 op.type=1 op.reqBuff=0x7fd92001fcc0 op.respSize=16 done
