n232-194-226:235012:235047 [4] NCCL INFO ncclPollProxyResponse Received new opId=0x7ff826bbc510
n232-194-226:235012:235106 [4] NCCL INFO Received and initiated operation=Init res=0
n232-194-226:235012:235047 [4] NCCL INFO recvOpId=0x7ff826bbc510 matches expected opId=0x7ff826bbc510
n232-194-226:235012:235047 [4] NCCL INFO Connection to proxy localRank 4 -> connection 0x7ff81c0039c0
n232-194-226:235013:235105 [5] NCCL INFO transport/p2p.cc:204 Cuda Alloc Size 2097152 pointer 0x7f4b40600000
n232-194-226:235013:235105 [5] NCCL INFO Allocated shareable buffer 0x7f4b40600000 size 2097152 ipcDesc 0x7f4b4c018bc0
n232-194-226:235013:235105 [5] NCCL INFO proxyProgressAsync opId=0x7f4b56bbc6f0 op.type=3 op.reqBuff=0x7f4b4c02a630 op.respSize=80 done
n232-194-226:235015:235107 [7] NCCL INFO transport/p2p.cc:204 Cuda Alloc Size 2097152 pointer 0x7fe18fe00000
n232-194-226:235013:235046 [5] NCCL INFO ncclPollProxyResponse Received new opId=0x7f4b56bbc6f0
n232-194-226:235013:235046 [5] NCCL INFO recvOpId=0x7f4b56bbc6f0 matches expected opId=0x7f4b56bbc6f0
n232-194-226:235013:235105 [5] NCCL INFO Received and initiated operation=Setup res=0
n232-194-226:235008:235110 [0] NCCL INFO transport/p2p.cc:204 Cuda Alloc Size 2097152 pointer 0x7fec41600000
n232-194-226:235011:235108 [3] NCCL INFO transport/p2p.cc:204 Cuda Alloc Size 2097152 pointer 0x7f8443400000
n232-194-226:235015:235107 [7] NCCL INFO Allocated shareable buffer 0x7fe18fe00000 size 2097152 ipcDesc 0x7fe188018bc0
n232-194-226:235015:235107 [7] NCCL INFO proxyProgressAsync opId=0x7fe192bbc510 op.type=3 op.reqBuff=0x7fe188027140 op.respSize=80 done
n232-194-226:235015:235045 [7] NCCL INFO ncclPollProxyResponse Received new opId=0x7fe192bbc510
n232-194-226:235015:235045 [7] NCCL INFO recvOpId=0x7fe192bbc510 matches expected opId=0x7fe192bbc510
n232-194-226:235015:235107 [7] NCCL INFO Received and initiated operation=Setup res=0
n232-194-226:235008:235110 [0] NCCL INFO Allocated shareable buffer 0x7fec41600000 size 2097152 ipcDesc 0x7fec64018b70
n232-194-226:235015:235045 [7] NCCL INFO Channel 12/0 : 7[7] -> 0[0] via P2P/IPC
n232-194-226:235008:235110 [0] NCCL INFO proxyProgressAsync opId=0x7fec4ebbc510 op.type=3 op.reqBuff=0x7fec6401fcb0 op.respSize=80 done
n232-194-226:235008:235044 [0] NCCL INFO ncclPollProxyResponse Received new opId=0x7fec4ebbc510
n232-194-226:235008:235110 [0] NCCL INFO Received and initiated operation=Setup res=0
n232-194-226:235008:235044 [0] NCCL INFO recvOpId=0x7fec4ebbc510 matches expected opId=0x7fec4ebbc510
n232-194-226:235008:235044 [0] NCCL INFO Channel 02/0 : 0[0] -> 1[1] via P2P/IPC
n232-194-226:235015:235107 [7] NCCL INFO New proxy send connection 28 from local rank 7, transport 0
n232-194-226:235015:235107 [7] NCCL INFO proxyProgressAsync opId=0x7fe192bbc510 op.type=1 op.reqBuff=0x7fe188027140 op.respSize=16 done
n232-194-226:235015:235045 [7] NCCL INFO ncclPollProxyResponse Received new opId=0x7fe192bbc510
n232-194-226:235015:235107 [7] NCCL INFO Received and initiated operation=Init res=0
n232-194-226:235015:235045 [7] NCCL INFO recvOpId=0x7fe192bbc510 matches expected opId=0x7fe192bbc510
n232-194-226:235008:235110 [0] NCCL INFO New proxy send connection 18 from local rank 0, transport 0
n232-194-226:235015:235045 [7] NCCL INFO Connection to proxy localRank 7 -> connection 0x7fe188003a10
n232-194-226:235008:235110 [0] NCCL INFO proxyProgressAsync opId=0x7fec4ebbc510 op.type=1 op.reqBuff=0x7fec6401fcb0 op.respSize=16 done
n232-194-226:235008:235044 [0] NCCL INFO ncclPollProxyResponse Received new opId=0x7fec4ebbc510
n232-194-226:235008:235110 [0] NCCL INFO Received and initiated operation=Init res=0
n232-194-226:235008:235044 [0] NCCL INFO recvOpId=0x7fec4ebbc510 matches expected opId=0x7fec4ebbc510
n232-194-226:235008:235044 [0] NCCL INFO Connection to proxy localRank 0 -> connection 0x7fec640036f0
n232-194-226:235011:235108 [3] NCCL INFO Allocated shareable buffer 0x7f8443400000 size 2097152 ipcDesc 0x7f844c018bc0
n232-194-226:235011:235108 [3] NCCL INFO proxyProgressAsync opId=0x7f8456bbc6f0 op.type=3 op.reqBuff=0x7f844c01fcc0 op.respSize=80 done
n232-194-226:235011:235042 [3] NCCL INFO ncclPollProxyResponse Received new opId=0x7f8456bbc6f0
n232-194-226:235011:235042 [3] NCCL INFO recvOpId=0x7f8456bbc6f0 matches expected opId=0x7f8456bbc6f0
n232-194-226:235011:235108 [3] NCCL INFO Received and initiated operation=Setup res=0
n232-194-226:235011:235042 [3] NCCL INFO Channel 01/0 : 3[3] -> 4[4] via P2P/IPC
n232-194-226:235009:235112 [1] NCCL INFO transport/p2p.cc:204 Cuda Alloc Size 2097152 pointer 0x7fd927c00000
n232-194-226:235011:235108 [3] NCCL INFO New proxy send connection 17 from local rank 3, transport 0
n232-194-226:235011:235108 [3] NCCL INFO proxyProgressAsync opId=0x7f8456bbc6f0 op.type=1 op.reqBuff=0x7f844c01fcc0 op.respSize=16 done
n232-194-226:235011:235042 [3] NCCL INFO ncclPollProxyResponse Received new opId=0x7f8456bbc6f0
n232-194-226:235011:235108 [3] NCCL INFO Received and initiated operation=Init res=0
n232-194-226:235011:235042 [3] NCCL INFO recvOpId=0x7f8456bbc6f0 matches expected opId=0x7f8456bbc6f0
n232-194-226:235011:235042 [3] NCCL INFO Connection to proxy localRank 3 -> connection 0x7f844c0036a0
n232-194-226:235014:235109 [6] NCCL INFO transport/p2p.cc:204 Cuda Alloc Size 2097152 pointer 0x7faa3fc00000
n232-194-226:235009:235112 [1] NCCL INFO Allocated shareable buffer 0x7fd927c00000 size 2097152 ipcDesc 0x7fd920018bc0
n232-194-226:235009:235112 [1] NCCL INFO proxyProgressAsync opId=0x7fd92abbc6f0 op.type=3 op.reqBuff=0x7fd920027100 op.respSize=80 done
n232-194-226:235009:235048 [1] NCCL INFO ncclPollProxyResponse Received new opId=0x7fd92abbc6f0
n232-194-226:235009:235048 [1] NCCL INFO recvOpId=0x7fd92abbc6f0 matches expected opId=0x7fd92abbc6f0
n232-194-226:235009:235112 [1] NCCL INFO Received and initiated operation=Setup res=0
n232-194-226:235009:235048 [1] NCCL INFO Channel 11/0 : 1[1] -> 2[2] via P2P/IPC
n232-194-226:235014:235109 [6] NCCL INFO Allocated shareable buffer 0x7faa3fc00000 size 2097152 ipcDesc 0x7faa38018bc0
n232-194-226:235014:235109 [6] NCCL INFO proxyProgressAsync opId=0x7faa42bbc6f0 op.type=3 op.reqBuff=0x7faa38027100 op.respSize=80 done
n232-194-226:235014:235041 [6] NCCL INFO ncclPollProxyResponse Received new opId=0x7faa42bbc6f0
n232-194-226:235014:235109 [6] NCCL INFO Received and initiated operation=Setup res=0
n232-194-226:235014:235041 [6] NCCL INFO recvOpId=0x7faa42bbc6f0 matches expected opId=0x7faa42bbc6f0
n232-194-226:235009:235112 [1] NCCL INFO New proxy send connection 27 from local rank 1, transport 0
n232-194-226:235009:235112 [1] NCCL INFO proxyProgressAsync opId=0x7fd92abbc6f0 op.type=1 op.reqBuff=0x7fd920027100 op.respSize=16 done
n232-194-226:235009:235048 [1] NCCL INFO ncclPollProxyResponse Received new opId=0x7fd92abbc6f0
n232-194-226:235012:235106 [4] NCCL INFO transport/p2p.cc:204 Cuda Alloc Size 2097152 pointer 0x7ff823e00000
n232-194-226:235014:235041 [6] NCCL INFO Channel 11/0 : 6[6] -> 7[7] via P2P/IPC
n232-194-226:235009:235112 [1] NCCL INFO Received and initiated operation=Init res=0
n232-194-226:235009:235048 [1] NCCL INFO recvOpId=0x7fd92abbc6f0 matches expected opId=0x7fd92abbc6f0
n232-194-226:235009:235048 [1] NCCL INFO Connection to proxy localRank 1 -> connection 0x7fd9200039c0
n232-194-226:235014:235109 [6] NCCL INFO New proxy send connection 27 from local rank 6, transport 0
n232-194-226:235014:235109 [6] NCCL INFO proxyProgressAsync opId=0x7faa42bbc6f0 op.type=1 op.reqBuff=0x7faa38027100 op.respSize=16 done
n232-194-226:235014:235041 [6] NCCL INFO ncclPollProxyResponse Received new opId=0x7faa42bbc6f0
n232-194-226:235014:235109 [6] NCCL INFO Received and initiated operation=Init res=0
n232-194-226:235012:235106 [4] NCCL INFO Allocated shareable buffer 0x7ff823e00000 size 2097152 ipcDesc 0x7ff81c018bc0
n232-194-226:235012:235106 [4] NCCL INFO proxyProgressAsync opId=0x7ff826bbc510 op.type=3 op.reqBuff=0x7ff81c027140 op.respSize=80 done
n232-194-226:235014:235041 [6] NCCL INFO recvOpId=0x7faa42bbc6f0 matches expected opId=0x7faa42bbc6f0
n232-194-226:235014:235041 [6] NCCL INFO Connection to proxy localRank 6 -> connection 0x7faa380039c0
n232-194-226:235012:235047 [4] NCCL INFO ncclPollProxyResponse Received new opId=0x7ff826bbc510
n232-194-226:235012:235106 [4] NCCL INFO Received and initiated operation=Setup res=0
n232-194-226:235012:235047 [4] NCCL INFO recvOpId=0x7ff826bbc510 matches expected opId=0x7ff826bbc510
n232-194-226:235012:235047 [4] NCCL INFO Channel 12/0 : 4[4] -> 5[5] via P2P/IPC
n232-194-226:235010:235111 [2] NCCL INFO transport/p2p.cc:204 Cuda Alloc Size 2097152 pointer 0x7faf4fc00000
n232-194-226:235012:235106 [4] NCCL INFO New proxy send connection 28 from local rank 4, transport 0
n232-194-226:235012:235106 [4] NCCL INFO proxyProgressAsync opId=0x7ff826bbc510 op.type=1 op.reqBuff=0x7ff81c027140 op.respSize=16 done
n232-194-226:235012:235047 [4] NCCL INFO ncclPollProxyResponse Received new opId=0x7ff826bbc510
n232-194-226:235012:235106 [4] NCCL INFO Received and initiated operation=Init res=0
n232-194-226:235012:235047 [4] NCCL INFO recvOpId=0x7ff826bbc510 matches expected opId=0x7ff826bbc510
n232-194-226:235012:235047 [4] NCCL INFO Connection to proxy localRank 4 -> connection 0x7ff81c003a10
n232-194-226:235010:235111 [2] NCCL INFO Allocated shareable buffer 0x7faf4fc00000 size 2097152 ipcDesc 0x7faf48018bc0
n232-194-226:235010:235111 [2] NCCL INFO proxyProgressAsync opId=0x7faf52bbc6f0 op.type=3 op.reqBuff=0x7faf48027100 op.respSize=80 done
n232-194-226:235010:235043 [2] NCCL INFO ncclPollProxyResponse Received new opId=0x7faf52bbc6f0
n232-194-226:235010:235111 [2] NCCL INFO Received and initiated operation=Setup res=0
n232-194-226:235010:235043 [2] NCCL INFO recvOpId=0x7faf52bbc6f0 matches expected opId=0x7faf52bbc6f0
n232-194-226:235015:235107 [7] NCCL INFO transport/p2p.cc:204 Cuda Alloc Size 2097152 pointer 0x7fe17c000000
n232-194-226:235010:235043 [2] NCCL INFO Channel 11/0 : 2[2] -> 3[3] via P2P/IPC
n232-194-226:235010:235111 [2] NCCL INFO New proxy send connection 27 from local rank 2, transport 0
n232-194-226:235010:235111 [2] NCCL INFO proxyProgressAsync opId=0x7faf52bbc6f0 op.type=1 op.reqBuff=0x7faf48027100 op.respSize=16 done
n232-194-226:235008:235110 [0] NCCL INFO transport/p2p.cc:204 Cuda Alloc Size 2097152 pointer 0x7fec41800000
n232-194-226:235010:235043 [2] NCCL INFO ncclPollProxyResponse Received new opId=0x7faf52bbc6f0
n232-194-226:235010:235111 [2] NCCL INFO Received and initiated operation=Init res=0
n232-194-226:235010:235043 [2] NCCL INFO recvOpId=0x7faf52bbc6f0 matches expected opId=0x7faf52bbc6f0
n232-194-226:235010:235043 [2] NCCL INFO Connection to proxy localRank 2 -> connection 0x7faf480039c0
n232-194-226:235015:235107 [7] NCCL INFO Allocated shareable buffer 0x7fe17c000000 size 2097152 ipcDesc 0x7fe188018bc0
n232-194-226:235015:235107 [7] NCCL INFO proxyProgressAsync opId=0x7fe192bbc510 op.type=3 op.reqBuff=0x7fe1880289a0 op.respSize=80 done
n232-194-226:235015:235045 [7] NCCL INFO ncclPollProxyResponse Received new opId=0x7fe192bbc510
n232-194-226:235015:235045 [7] NCCL INFO recvOpId=0x7fe192bbc510 matches expected opId=0x7fe192bbc510
n232-194-226:235015:235107 [7] NCCL INFO Received and initiated operation=Setup res=0
n232-194-226:235008:235110 [0] NCCL INFO Allocated shareable buffer 0x7fec41800000 size 2097152 ipcDesc 0x7fec64018b70
n232-194-226:235015:235045 [7] NCCL INFO Channel 13/0 : 7[7] -> 0[0] via P2P/IPC
n232-194-226:235008:235110 [0] NCCL INFO proxyProgressAsync opId=0x7fec4ebbc510 op.type=3 op.reqBuff=0x7fec640215b0 op.respSize=80 done
n232-194-226:235008:235044 [0] NCCL INFO ncclPollProxyResponse Received new opId=0x7fec4ebbc510
n232-194-226:235008:235044 [0] NCCL INFO recvOpId=0x7fec4ebbc510 matches expected opId=0x7fec4ebbc510
n232-194-226:235008:235110 [0] NCCL INFO Received and initiated operation=Setup res=0
n232-194-226:235008:235044 [0] NCCL INFO Channel 03/0 : 0[0] -> 1[1] via P2P/IPC
n232-194-226:235015:235107 [7] NCCL INFO New proxy send connection 29 from local rank 7, transport 0
n232-194-226:235015:235107 [7] NCCL INFO proxyProgressAsync opId=0x7fe192bbc510 op.type=1 op.reqBuff=0x7fe1880289a0 op.respSize=16 done
n232-194-226:235015:235045 [7] NCCL INFO ncclPollProxyResponse Received new opId=0x7fe192bbc510
n232-194-226:235015:235107 [7] NCCL INFO Received and initiated operation=Init res=0
n232-194-226:235015:235045 [7] NCCL INFO recvOpId=0x7fe192bbc510 matches expected opId=0x7fe192bbc510
n232-194-226:235011:235108 [3] NCCL INFO transport/p2p.cc:204 Cuda Alloc Size 2097152 pointer 0x7f8443600000
n232-194-226:235015:235045 [7] NCCL INFO Connection to proxy localRank 7 -> connection 0x7fe188003a60
n232-194-226:235008:235110 [0] NCCL INFO New proxy send connection 19 from local rank 0, transport 0
n232-194-226:235008:235110 [0] NCCL INFO proxyProgressAsync opId=0x7fec4ebbc510 op.type=1 op.reqBuff=0x7fec640215b0 op.respSize=16 done
n232-194-226:235008:235044 [0] NCCL INFO ncclPollProxyResponse Received new opId=0x7fec4ebbc510
n232-194-226:235008:235110 [0] NCCL INFO Received and initiated operation=Init res=0
n232-194-226:235008:235044 [0] NCCL INFO recvOpId=0x7fec4ebbc510 matches expected opId=0x7fec4ebbc510
n232-194-226:235008:235044 [0] NCCL INFO Connection to proxy localRank 0 -> connection 0x7fec64003740
n232-194-226:235011:235108 [3] NCCL INFO Allocated shareable buffer 0x7f8443600000 size 2097152 ipcDesc 0x7f844c018bc0
n232-194-226:235011:235108 [3] NCCL INFO proxyProgressAsync opId=0x7f8456bbc6f0 op.type=3 op.reqBuff=0x7f844c01fd00 op.respSize=80 done
n232-194-226:235011:235042 [3] NCCL INFO ncclPollProxyResponse Received new opId=0x7f8456bbc6f0
n232-194-226:235011:235108 [3] NCCL INFO Received and initiated operation=Setup res=0
n232-194-226:235011:235042 [3] NCCL INFO recvOpId=0x7f8456bbc6f0 matches expected opId=0x7f8456bbc6f0
n232-194-226:235011:235042 [3] NCCL INFO Channel 02/0 : 3[3] -> 4[4] via P2P/IPC
n232-194-226:235009:235112 [1] NCCL INFO transport/p2p.cc:204 Cuda Alloc Size 2097152 pointer 0x7fd927e00000
n232-194-226:235011:235108 [3] NCCL INFO New proxy send connection 18 from local rank 3, transport 0
n232-194-226:235011:235108 [3] NCCL INFO proxyProgressAsync opId=0x7f8456bbc6f0 op.type=1 op.reqBuff=0x7f844c01fd00 op.respSize=16 done
n232-194-226:235014:235109 [6] NCCL INFO transport/p2p.cc:204 Cuda Alloc Size 2097152 pointer 0x7faa3fe00000
n232-194-226:235011:235042 [3] NCCL INFO ncclPollProxyResponse Received new opId=0x7f8456bbc6f0
n232-194-226:235011:235108 [3] NCCL INFO Received and initiated operation=Init res=0
n232-194-226:235011:235042 [3] NCCL INFO recvOpId=0x7f8456bbc6f0 matches expected opId=0x7f8456bbc6f0
n232-194-226:235011:235042 [3] NCCL INFO Connection to proxy localRank 3 -> connection 0x7f844c0036f0
n232-194-226:235009:235112 [1] NCCL INFO Allocated shareable buffer 0x7fd927e00000 size 2097152 ipcDesc 0x7fd920018bc0
n232-194-226:235009:235112 [1] NCCL INFO proxyProgressAsync opId=0x7fd92abbc6f0 op.type=3 op.reqBuff=0x7fd920027140 op.respSize=80 done
n232-194-226:235009:235048 [1] NCCL INFO ncclPollProxyResponse Received new opId=0x7fd92abbc6f0
n232-194-226:235009:235112 [1] NCCL INFO Received and initiated operation=Setup res=0
n232-194-226:235009:235048 [1] NCCL INFO recvOpId=0x7fd92abbc6f0 matches expected opId=0x7fd92abbc6f0
n232-194-226:235009:235048 [1] NCCL INFO Channel 12/0 : 1[1] -> 2[2] via P2P/IPC
n232-194-226:235014:235109 [6] NCCL INFO Allocated shareable buffer 0x7faa3fe00000 size 2097152 ipcDesc 0x7faa38018bc0
n232-194-226:235014:235109 [6] NCCL INFO proxyProgressAsync opId=0x7faa42bbc6f0 op.type=3 op.reqBuff=0x7faa38027140 op.respSize=80 done
n232-194-226:235014:235041 [6] NCCL INFO ncclPollProxyResponse Received new opId=0x7faa42bbc6f0
n232-194-226:235014:235109 [6] NCCL INFO Received and initiated operation=Setup res=0
n232-194-226:235014:235041 [6] NCCL INFO recvOpId=0x7faa42bbc6f0 matches expected opId=0x7faa42bbc6f0
n232-194-226:235009:235112 [1] NCCL INFO New proxy send connection 28 from local rank 1, transport 0
n232-194-226:235009:235112 [1] NCCL INFO proxyProgressAsync opId=0x7fd92abbc6f0 op.type=1 op.reqBuff=0x7fd920027140 op.respSize=16 done
n232-194-226:235009:235048 [1] NCCL INFO ncclPollProxyResponse Received new opId=0x7fd92abbc6f0
n232-194-226:235009:235112 [1] NCCL INFO Received and initiated operation=Init res=0
n232-194-226:235009:235048 [1] NCCL INFO recvOpId=0x7fd92abbc6f0 matches expected opId=0x7fd92abbc6f0
n232-194-226:235009:235048 [1] NCCL INFO Connection to proxy localRank 1 -> connection 0x7fd920003a10
n232-194-226:235014:235041 [6] NCCL INFO Channel 12/0 : 6[6] -> 7[7] via P2P/IPC
n232-194-226:235012:235106 [4] NCCL INFO transport/p2p.cc:204 Cuda Alloc Size 2097152 pointer 0x7ff810000000
n232-194-226:235014:235109 [6] NCCL INFO New proxy send connection 28 from local rank 6, transport 0
n232-194-226:235014:235109 [6] NCCL INFO proxyProgressAsync opId=0x7faa42bbc6f0 op.type=1 op.reqBuff=0x7faa38027140 op.respSize=16 done
n232-194-226:235014:235041 [6] NCCL INFO ncclPollProxyResponse Received new opId=0x7faa42bbc6f0
n232-194-226:235014:235109 [6] NCCL INFO Received and initiated operation=Init res=0
n232-194-226:235014:235041 [6] NCCL INFO recvOpId=0x7faa42bbc6f0 matches expected opId=0x7faa42bbc6f0
n232-194-226:235014:235041 [6] NCCL INFO Connection to proxy localRank 6 -> connection 0x7faa38003a10
n232-194-226:235012:235106 [4] NCCL INFO Allocated shareable buffer 0x7ff810000000 size 2097152 ipcDesc 0x7ff81c018bc0
n232-194-226:235012:235106 [4] NCCL INFO proxyProgressAsync opId=0x7ff826bbc510 op.type=3 op.reqBuff=0x7ff81c0289a0 op.respSize=80 done
n232-194-226:235012:235047 [4] NCCL INFO ncclPollProxyResponse Received new opId=0x7ff826bbc510
n232-194-226:235012:235106 [4] NCCL INFO Received and initiated operation=Setup res=0
n232-194-226:235012:235047 [4] NCCL INFO recvOpId=0x7ff826bbc510 matches expected opId=0x7ff826bbc510
n232-194-226:235010:235111 [2] NCCL INFO transport/p2p.cc:204 Cuda Alloc Size 2097152 pointer 0x7faf4fe00000
n232-194-226:235012:235047 [4] NCCL INFO Channel 13/0 : 4[4] -> 5[5] via P2P/IPC
n232-194-226:235012:235106 [4] NCCL INFO New proxy send connection 29 from local rank 4, transport 0
n232-194-226:235012:235106 [4] NCCL INFO proxyProgressAsync opId=0x7ff826bbc510 op.type=1 op.reqBuff=0x7ff81c0289a0 op.respSize=16 done
n232-194-226:235012:235047 [4] NCCL INFO ncclPollProxyResponse Received new opId=0x7ff826bbc510
n232-194-226:235012:235106 [4] NCCL INFO Received and initiated operation=Init res=0
n232-194-226:235012:235047 [4] NCCL INFO recvOpId=0x7ff826bbc510 matches expected opId=0x7ff826bbc510
n232-194-226:235012:235047 [4] NCCL INFO Connection to proxy localRank 4 -> connection 0x7ff81c003a60
n232-194-226:235015:235107 [7] NCCL INFO transport/p2p.cc:204 Cuda Alloc Size 2097152 pointer 0x7fe17c200000
n232-194-226:235010:235111 [2] NCCL INFO Allocated shareable buffer 0x7faf4fe00000 size 2097152 ipcDesc 0x7faf48018bc0
n232-194-226:235010:235111 [2] NCCL INFO proxyProgressAsync opId=0x7faf52bbc6f0 op.type=3 op.reqBuff=0x7faf48027140 op.respSize=80 done
n232-194-226:235010:235043 [2] NCCL INFO ncclPollProxyResponse Received new opId=0x7faf52bbc6f0
n232-194-226:235010:235043 [2] NCCL INFO recvOpId=0x7faf52bbc6f0 matches expected opId=0x7faf52bbc6f0
n232-194-226:235010:235111 [2] NCCL INFO Received and initiated operation=Setup res=0
n232-194-226:235010:235043 [2] NCCL INFO Channel 12/0 : 2[2] -> 3[3] via P2P/IPC
n232-194-226:235010:235111 [2] NCCL INFO New proxy send connection 28 from local rank 2, transport 0
n232-194-226:235010:235111 [2] NCCL INFO proxyProgressAsync opId=0x7faf52bbc6f0 op.type=1 op.reqBuff=0x7faf48027140 op.respSize=16 done
n232-194-226:235010:235043 [2] NCCL INFO ncclPollProxyResponse Received new opId=0x7faf52bbc6f0
n232-194-226:235010:235043 [2] NCCL INFO recvOpId=0x7faf52bbc6f0 matches expected opId=0x7faf52bbc6f0
n232-194-226:235010:235111 [2] NCCL INFO Received and initiated operation=Init res=0
n232-194-226:235015:235107 [7] NCCL INFO Allocated shareable buffer 0x7fe17c200000 size 2097152 ipcDesc 0x7fe188018bc0
n232-194-226:235010:235043 [2] NCCL INFO Connection to proxy localRank 2 -> connection 0x7faf48003a10
n232-194-226:235015:235107 [7] NCCL INFO proxyProgressAsync opId=0x7fe192bbc510 op.type=3 op.reqBuff=0x7fe1880289e0 op.respSize=80 done
n232-194-226:235008:235110 [0] NCCL INFO transport/p2p.cc:204 Cuda Alloc Size 2097152 pointer 0x7fec41a00000
n232-194-226:235015:235045 [7] NCCL INFO ncclPollProxyResponse Received new opId=0x7fe192bbc510
n232-194-226:235015:235107 [7] NCCL INFO Received and initiated operation=Setup res=0
n232-194-226:235015:235045 [7] NCCL INFO recvOpId=0x7fe192bbc510 matches expected opId=0x7fe192bbc510
n232-194-226:235015:235045 [7] NCCL INFO Channel 14/0 : 7[7] -> 0[0] via P2P/IPC
n232-194-226:235015:235107 [7] NCCL INFO New proxy send connection 30 from local rank 7, transport 0
n232-194-226:235015:235107 [7] NCCL INFO proxyProgressAsync opId=0x7fe192bbc510 op.type=1 op.reqBuff=0x7fe1880289e0 op.respSize=16 done
n232-194-226:235015:235045 [7] NCCL INFO ncclPollProxyResponse Received new opId=0x7fe192bbc510
n232-194-226:235015:235045 [7] NCCL INFO recvOpId=0x7fe192bbc510 matches expected opId=0x7fe192bbc510
n232-194-226:235015:235045 [7] NCCL INFO Connection to proxy localRank 7 -> connection 0x7fe188003ab0
n232-194-226:235015:235107 [7] NCCL INFO Received and initiated operation=Init res=0
n232-194-226:235011:235108 [3] NCCL INFO transport/p2p.cc:204 Cuda Alloc Size 2097152 pointer 0x7f8443800000
n232-194-226:235008:235110 [0] NCCL INFO Allocated shareable buffer 0x7fec41a00000 size 2097152 ipcDesc 0x7fec64018b70
n232-194-226:235008:235110 [0] NCCL INFO proxyProgressAsync opId=0x7fec4ebbc510 op.type=3 op.reqBuff=0x7fec640215f0 op.respSize=80 done
n232-194-226:235008:235044 [0] NCCL INFO ncclPollProxyResponse Received new opId=0x7fec4ebbc510
n232-194-226:235008:235044 [0] NCCL INFO recvOpId=0x7fec4ebbc510 matches expected opId=0x7fec4ebbc510
n232-194-226:235008:235110 [0] NCCL INFO Received and initiated operation=Setup res=0
n232-194-226:235008:235044 [0] NCCL INFO Channel 04/0 : 0[0] -> 1[1] via P2P/IPC
n232-194-226:235008:235110 [0] NCCL INFO New proxy send connection 20 from local rank 0, transport 0
n232-194-226:235008:235110 [0] NCCL INFO proxyProgressAsync opId=0x7fec4ebbc510 op.type=1 op.reqBuff=0x7fec640215f0 op.respSize=16 done
n232-194-226:235008:235044 [0] NCCL INFO ncclPollProxyResponse Received new opId=0x7fec4ebbc510
n232-194-226:235008:235110 [0] NCCL INFO Received and initiated operation=Init res=0
n232-194-226:235008:235044 [0] NCCL INFO recvOpId=0x7fec4ebbc510 matches expected opId=0x7fec4ebbc510
n232-194-226:235008:235044 [0] NCCL INFO Connection to proxy localRank 0 -> connection 0x7fec64003790
n232-194-226:235011:235108 [3] NCCL INFO Allocated shareable buffer 0x7f8443800000 size 2097152 ipcDesc 0x7f844c018bc0
n232-194-226:235011:235108 [3] NCCL INFO proxyProgressAsync opId=0x7f8456bbc6f0 op.type=3 op.reqBuff=0x7f844c021600 op.respSize=80 done
n232-194-226:235011:235042 [3] NCCL INFO ncclPollProxyResponse Received new opId=0x7f8456bbc6f0
n232-194-226:235011:235042 [3] NCCL INFO recvOpId=0x7f8456bbc6f0 matches expected opId=0x7f8456bbc6f0
n232-194-226:235011:235108 [3] NCCL INFO Received and initiated operation=Setup res=0
n232-194-226:235011:235042 [3] NCCL INFO Channel 03/0 : 3[3] -> 4[4] via P2P/IPC
n232-194-226:235009:235112 [1] NCCL INFO transport/p2p.cc:204 Cuda Alloc Size 2097152 pointer 0x7fd914000000
n232-194-226:235011:235108 [3] NCCL INFO New proxy send connection 19 from local rank 3, transport 0
n232-194-226:235011:235108 [3] NCCL INFO proxyProgressAsync opId=0x7f8456bbc6f0 op.type=1 op.reqBuff=0x7f844c021600 op.respSize=16 done
n232-194-226:235011:235042 [3] NCCL INFO ncclPollProxyResponse Received new opId=0x7f8456bbc6f0
n232-194-226:235011:235108 [3] NCCL INFO Received and initiated operation=Init res=0
n232-194-226:235011:235042 [3] NCCL INFO recvOpId=0x7f8456bbc6f0 matches expected opId=0x7f8456bbc6f0
n232-194-226:235011:235042 [3] NCCL INFO Connection to proxy localRank 3 -> connection 0x7f844c003740
n232-194-226:235014:235109 [6] NCCL INFO transport/p2p.cc:204 Cuda Alloc Size 2097152 pointer 0x7faa2c000000
n232-194-226:235009:235112 [1] NCCL INFO Allocated shareable buffer 0x7fd914000000 size 2097152 ipcDesc 0x7fd920018bc0
n232-194-226:235009:235112 [1] NCCL INFO proxyProgressAsync opId=0x7fd92abbc6f0 op.type=3 op.reqBuff=0x7fd9200289a0 op.respSize=80 done
n232-194-226:235009:235048 [1] NCCL INFO ncclPollProxyResponse Received new opId=0x7fd92abbc6f0
n232-194-226:235009:235112 [1] NCCL INFO Received and initiated operation=Setup res=0
n232-194-226:235009:235048 [1] NCCL INFO recvOpId=0x7fd92abbc6f0 matches expected opId=0x7fd92abbc6f0
n232-194-226:235009:235048 [1] NCCL INFO Channel 13/0 : 1[1] -> 2[2] via P2P/IPC
n232-194-226:235014:235109 [6] NCCL INFO Allocated shareable buffer 0x7faa2c000000 size 2097152 ipcDesc 0x7faa38018bc0
n232-194-226:235014:235109 [6] NCCL INFO proxyProgressAsync opId=0x7faa42bbc6f0 op.type=3 op.reqBuff=0x7faa380289a0 op.respSize=80 done
n232-194-226:235014:235041 [6] NCCL INFO ncclPollProxyResponse Received new opId=0x7faa42bbc6f0
n232-194-226:235009:235112 [1] NCCL INFO New proxy send connection 29 from local rank 1, transport 0
n232-194-226:235009:235112 [1] NCCL INFO proxyProgressAsync opId=0x7fd92abbc6f0 op.type=1 op.reqBuff=0x7fd9200289a0 op.respSize=16 done
n232-194-226:235014:235109 [6] NCCL INFO Received and initiated operation=Setup res=0
n232-194-226:235014:235041 [6] NCCL INFO recvOpId=0x7faa42bbc6f0 matches expected opId=0x7faa42bbc6f0
n232-194-226:235009:235048 [1] NCCL INFO ncclPollProxyResponse Received new opId=0x7fd92abbc6f0
n232-194-226:235012:235106 [4] NCCL INFO transport/p2p.cc:204 Cuda Alloc Size 2097152 pointer 0x7ff810200000
n232-194-226:235009:235048 [1] NCCL INFO recvOpId=0x7fd92abbc6f0 matches expected opId=0x7fd92abbc6f0
n232-194-226:235009:235048 [1] NCCL INFO Connection to proxy localRank 1 -> connection 0x7fd920003a60
n232-194-226:235009:235112 [1] NCCL INFO Received and initiated operation=Init res=0
n232-194-226:235014:235041 [6] NCCL INFO Channel 13/0 : 6[6] -> 7[7] via P2P/IPC
n232-194-226:235014:235109 [6] NCCL INFO New proxy send connection 29 from local rank 6, transport 0
n232-194-226:235014:235109 [6] NCCL INFO proxyProgressAsync opId=0x7faa42bbc6f0 op.type=1 op.reqBuff=0x7faa380289a0 op.respSize=16 done
n232-194-226:235014:235041 [6] NCCL INFO ncclPollProxyResponse Received new opId=0x7faa42bbc6f0
n232-194-226:235014:235109 [6] NCCL INFO Received and initiated operation=Init res=0
n232-194-226:235014:235041 [6] NCCL INFO recvOpId=0x7faa42bbc6f0 matches expected opId=0x7faa42bbc6f0
n232-194-226:235014:235041 [6] NCCL INFO Connection to proxy localRank 6 -> connection 0x7faa38003a60
n232-194-226:235012:235106 [4] NCCL INFO Allocated shareable buffer 0x7ff810200000 size 2097152 ipcDesc 0x7ff81c018bc0
n232-194-226:235012:235106 [4] NCCL INFO proxyProgressAsync opId=0x7ff826bbc510 op.type=3 op.reqBuff=0x7ff81c0289e0 op.respSize=80 done
n232-194-226:235012:235047 [4] NCCL INFO ncclPollProxyResponse Received new opId=0x7ff826bbc510
n232-194-226:235012:235106 [4] NCCL INFO Received and initiated operation=Setup res=0
n232-194-226:235012:235047 [4] NCCL INFO recvOpId=0x7ff826bbc510 matches expected opId=0x7ff826bbc510
n232-194-226:235012:235047 [4] NCCL INFO Channel 14/0 : 4[4] -> 5[5] via P2P/IPC
n232-194-226:235010:235111 [2] NCCL INFO transport/p2p.cc:204 Cuda Alloc Size 2097152 pointer 0x7faf3c000000
n232-194-226:235012:235106 [4] NCCL INFO New proxy send connection 30 from local rank 4, transport 0
n232-194-226:235012:235106 [4] NCCL INFO proxyProgressAsync opId=0x7ff826bbc510 op.type=1 op.reqBuff=0x7ff81c0289e0 op.respSize=16 done
n232-194-226:235012:235047 [4] NCCL INFO ncclPollProxyResponse Received new opId=0x7ff826bbc510
n232-194-226:235012:235106 [4] NCCL INFO Received and initiated operation=Init res=0
n232-194-226:235012:235047 [4] NCCL INFO recvOpId=0x7ff826bbc510 matches expected opId=0x7ff826bbc510
n232-194-226:235012:235047 [4] NCCL INFO Connection to proxy localRank 4 -> connection 0x7ff81c003ab0
n232-194-226:235015:235107 [7] NCCL INFO transport/p2p.cc:204 Cuda Alloc Size 2097152 pointer 0x7fe17c400000
n232-194-226:235010:235111 [2] NCCL INFO Allocated shareable buffer 0x7faf3c000000 size 2097152 ipcDesc 0x7faf48018bc0
n232-194-226:235010:235111 [2] NCCL INFO proxyProgressAsync opId=0x7faf52bbc6f0 op.type=3 op.reqBuff=0x7faf480289a0 op.respSize=80 done
n232-194-226:235010:235043 [2] NCCL INFO ncclPollProxyResponse Received new opId=0x7faf52bbc6f0
n232-194-226:235010:235111 [2] NCCL INFO Received and initiated operation=Setup res=0
n232-194-226:235010:235043 [2] NCCL INFO recvOpId=0x7faf52bbc6f0 matches expected opId=0x7faf52bbc6f0
n232-194-226:235010:235043 [2] NCCL INFO Channel 13/0 : 2[2] -> 3[3] via P2P/IPC
n232-194-226:235015:235107 [7] NCCL INFO Allocated shareable buffer 0x7fe17c400000 size 2097152 ipcDesc 0x7fe188018bc0
n232-194-226:235015:235107 [7] NCCL INFO proxyProgressAsync opId=0x7fe192bbc510 op.type=3 op.reqBuff=0x7fe18802a5f0 op.respSize=80 done
n232-194-226:235015:235045 [7] NCCL INFO ncclPollProxyResponse Received new opId=0x7fe192bbc510
n232-194-226:235010:235111 [2] NCCL INFO New proxy send connection 29 from local rank 2, transport 0
n232-194-226:235015:235107 [7] NCCL INFO Received and initiated operation=Setup res=0
n232-194-226:235010:235111 [2] NCCL INFO proxyProgressAsync opId=0x7faf52bbc6f0 op.type=1 op.reqBuff=0x7faf480289a0 op.respSize=16 done
n232-194-226:235015:235045 [7] NCCL INFO recvOpId=0x7fe192bbc510 matches expected opId=0x7fe192bbc510
n232-194-226:235008:235110 [0] NCCL INFO transport/p2p.cc:204 Cuda Alloc Size 2097152 pointer 0x7fec41c00000
n232-194-226:235010:235043 [2] NCCL INFO ncclPollProxyResponse Received new opId=0x7faf52bbc6f0
n232-194-226:235015:235045 [7] NCCL INFO Channel 15/0 : 7[7] -> 0[0] via P2P/IPC
n232-194-226:235010:235111 [2] NCCL INFO Received and initiated operation=Init res=0
n232-194-226:235010:235043 [2] NCCL INFO recvOpId=0x7faf52bbc6f0 matches expected opId=0x7faf52bbc6f0
n232-194-226:235010:235043 [2] NCCL INFO Connection to proxy localRank 2 -> connection 0x7faf48003a60
n232-194-226:235015:235107 [7] NCCL INFO New proxy send connection 31 from local rank 7, transport 0
n232-194-226:235015:235107 [7] NCCL INFO proxyProgressAsync opId=0x7fe192bbc510 op.type=1 op.reqBuff=0x7fe18802a5f0 op.respSize=16 done
n232-194-226:235015:235045 [7] NCCL INFO ncclPollProxyResponse Received new opId=0x7fe192bbc510
n232-194-226:235015:235107 [7] NCCL INFO Received and initiated operation=Init res=0
n232-194-226:235015:235045 [7] NCCL INFO recvOpId=0x7fe192bbc510 matches expected opId=0x7fe192bbc510
n232-194-226:235011:235108 [3] NCCL INFO transport/p2p.cc:204 Cuda Alloc Size 2097152 pointer 0x7f8443a00000
n232-194-226:235015:235045 [7] NCCL INFO Connection to proxy localRank 7 -> connection 0x7fe188003b00
n232-194-226:235008:235110 [0] NCCL INFO Allocated shareable buffer 0x7fec41c00000 size 2097152 ipcDesc 0x7fec64018b70
n232-194-226:235008:235110 [0] NCCL INFO proxyProgressAsync opId=0x7fec4ebbc510 op.type=3 op.reqBuff=0x7fec64022ef0 op.respSize=80 done
n232-194-226:235008:235044 [0] NCCL INFO ncclPollProxyResponse Received new opId=0x7fec4ebbc510
n232-194-226:235008:235044 [0] NCCL INFO recvOpId=0x7fec4ebbc510 matches expected opId=0x7fec4ebbc510
n232-194-226:235008:235110 [0] NCCL INFO Received and initiated operation=Setup res=0
n232-194-226:235008:235044 [0] NCCL INFO Channel 05/0 : 0[0] -> 1[1] via P2P/IPC
n232-194-226:235011:235108 [3] NCCL INFO Allocated shareable buffer 0x7f8443a00000 size 2097152 ipcDesc 0x7f844c018bc0
n232-194-226:235008:235110 [0] NCCL INFO New proxy send connection 21 from local rank 0, transport 0
n232-194-226:235008:235110 [0] NCCL INFO proxyProgressAsync opId=0x7fec4ebbc510 op.type=1 op.reqBuff=0x7fec64022ef0 op.respSize=16 done
n232-194-226:235011:235108 [3] NCCL INFO proxyProgressAsync opId=0x7f8456bbc6f0 op.type=3 op.reqBuff=0x7f844c021640 op.respSize=80 done
n232-194-226:235008:235044 [0] NCCL INFO ncclPollProxyResponse Received new opId=0x7fec4ebbc510
n232-194-226:235011:235042 [3] NCCL INFO ncclPollProxyResponse Received new opId=0x7f8456bbc6f0
n232-194-226:235008:235044 [0] NCCL INFO recvOpId=0x7fec4ebbc510 matches expected opId=0x7fec4ebbc510
n232-194-226:235008:235110 [0] NCCL INFO Received and initiated operation=Init res=0
n232-194-226:235008:235044 [0] NCCL INFO Connection to proxy localRank 0 -> connection 0x7fec640037e0
n232-194-226:235011:235042 [3] NCCL INFO recvOpId=0x7f8456bbc6f0 matches expected opId=0x7f8456bbc6f0
n232-194-226:235011:235108 [3] NCCL INFO Received and initiated operation=Setup res=0
n232-194-226:235011:235042 [3] NCCL INFO Channel 04/0 : 3[3] -> 4[4] via P2P/IPC
n232-194-226:235011:235108 [3] NCCL INFO New proxy send connection 20 from local rank 3, transport 0
n232-194-226:235011:235108 [3] NCCL INFO proxyProgressAsync opId=0x7f8456bbc6f0 op.type=1 op.reqBuff=0x7f844c021640 op.respSize=16 done
n232-194-226:235011:235042 [3] NCCL INFO ncclPollProxyResponse Received new opId=0x7f8456bbc6f0
n232-194-226:235011:235108 [3] NCCL INFO Received and initiated operation=Init res=0
n232-194-226:235011:235042 [3] NCCL INFO recvOpId=0x7f8456bbc6f0 matches expected opId=0x7f8456bbc6f0
n232-194-226:235011:235042 [3] NCCL INFO Connection to proxy localRank 3 -> connection 0x7f844c003790
n232-194-226:235009:235112 [1] NCCL INFO transport/p2p.cc:204 Cuda Alloc Size 2097152 pointer 0x7fd914200000
n232-194-226:235014:235109 [6] NCCL INFO transport/p2p.cc:204 Cuda Alloc Size 2097152 pointer 0x7faa2c200000
n232-194-226:235009:235112 [1] NCCL INFO Allocated shareable buffer 0x7fd914200000 size 2097152 ipcDesc 0x7fd920018bc0
n232-194-226:235009:235112 [1] NCCL INFO proxyProgressAsync opId=0x7fd92abbc6f0 op.type=3 op.reqBuff=0x7fd9200289e0 op.respSize=80 done
n232-194-226:235009:235048 [1] NCCL INFO ncclPollProxyResponse Received new opId=0x7fd92abbc6f0
n232-194-226:235009:235112 [1] NCCL INFO Received and initiated operation=Setup res=0
n232-194-226:235009:235048 [1] NCCL INFO recvOpId=0x7fd92abbc6f0 matches expected opId=0x7fd92abbc6f0
n232-194-226:235009:235048 [1] NCCL INFO Channel 14/0 : 1[1] -> 2[2] via P2P/IPC
n232-194-226:235009:235112 [1] NCCL INFO New proxy send connection 30 from local rank 1, transport 0
n232-194-226:235009:235112 [1] NCCL INFO proxyProgressAsync opId=0x7fd92abbc6f0 op.type=1 op.reqBuff=0x7fd9200289e0 op.respSize=16 done
n232-194-226:235012:235106 [4] NCCL INFO transport/p2p.cc:204 Cuda Alloc Size 2097152 pointer 0x7ff810400000
n232-194-226:235009:235048 [1] NCCL INFO ncclPollProxyResponse Received new opId=0x7fd92abbc6f0
n232-194-226:235009:235112 [1] NCCL INFO Received and initiated operation=Init res=0
n232-194-226:235009:235048 [1] NCCL INFO recvOpId=0x7fd92abbc6f0 matches expected opId=0x7fd92abbc6f0
n232-194-226:235009:235048 [1] NCCL INFO Connection to proxy localRank 1 -> connection 0x7fd920003ab0
n232-194-226:235014:235109 [6] NCCL INFO Allocated shareable buffer 0x7faa2c200000 size 2097152 ipcDesc 0x7faa38018bc0
n232-194-226:235014:235109 [6] NCCL INFO proxyProgressAsync opId=0x7faa42bbc6f0 op.type=3 op.reqBuff=0x7faa380289e0 op.respSize=80 done
n232-194-226:235014:235041 [6] NCCL INFO ncclPollProxyResponse Received new opId=0x7faa42bbc6f0
n232-194-226:235014:235109 [6] NCCL INFO Received and initiated operation=Setup res=0
n232-194-226:235014:235041 [6] NCCL INFO recvOpId=0x7faa42bbc6f0 matches expected opId=0x7faa42bbc6f0
n232-194-226:235014:235041 [6] NCCL INFO Channel 14/0 : 6[6] -> 7[7] via P2P/IPC
n232-194-226:235012:235106 [4] NCCL INFO Allocated shareable buffer 0x7ff810400000 size 2097152 ipcDesc 0x7ff81c018bc0
n232-194-226:235014:235109 [6] NCCL INFO New proxy send connection 30 from local rank 6, transport 0
n232-194-226:235012:235106 [4] NCCL INFO proxyProgressAsync opId=0x7ff826bbc510 op.type=3 op.reqBuff=0x7ff81c02a5f0 op.respSize=80 done
n232-194-226:235014:235109 [6] NCCL INFO proxyProgressAsync opId=0x7faa42bbc6f0 op.type=1 op.reqBuff=0x7faa380289e0 op.respSize=16 done
n232-194-226:235014:235041 [6] NCCL INFO ncclPollProxyResponse Received new opId=0x7faa42bbc6f0
n232-194-226:235012:235047 [4] NCCL INFO ncclPollProxyResponse Received new opId=0x7ff826bbc510
n232-194-226:235012:235106 [4] NCCL INFO Received and initiated operation=Setup res=0
n232-194-226:235014:235109 [6] NCCL INFO Received and initiated operation=Init res=0
n232-194-226:235012:235047 [4] NCCL INFO recvOpId=0x7ff826bbc510 matches expected opId=0x7ff826bbc510
n232-194-226:235014:235041 [6] NCCL INFO recvOpId=0x7faa42bbc6f0 matches expected opId=0x7faa42bbc6f0
n232-194-226:235014:235041 [6] NCCL INFO Connection to proxy localRank 6 -> connection 0x7faa38003ab0
n232-194-226:235012:235047 [4] NCCL INFO Channel 15/0 : 4[4] -> 5[5] via P2P/IPC
n232-194-226:235010:235111 [2] NCCL INFO transport/p2p.cc:204 Cuda Alloc Size 2097152 pointer 0x7faf3c200000
n232-194-226:235012:235106 [4] NCCL INFO New proxy send connection 31 from local rank 4, transport 0
n232-194-226:235012:235106 [4] NCCL INFO proxyProgressAsync opId=0x7ff826bbc510 op.type=1 op.reqBuff=0x7ff81c02a5f0 op.respSize=16 done
n232-194-226:235012:235047 [4] NCCL INFO ncclPollProxyResponse Received new opId=0x7ff826bbc510
n232-194-226:235012:235106 [4] NCCL INFO Received and initiated operation=Init res=0
n232-194-226:235012:235047 [4] NCCL INFO recvOpId=0x7ff826bbc510 matches expected opId=0x7ff826bbc510
n232-194-226:235012:235047 [4] NCCL INFO Connection to proxy localRank 4 -> connection 0x7ff81c003b00
n232-194-226:235015:235107 [7] NCCL INFO transport/p2p.cc:204 Cuda Alloc Size 2097152 pointer 0x7fe17c600000
n232-194-226:235010:235111 [2] NCCL INFO Allocated shareable buffer 0x7faf3c200000 size 2097152 ipcDesc 0x7faf48018bc0
n232-194-226:235010:235111 [2] NCCL INFO proxyProgressAsync opId=0x7faf52bbc6f0 op.type=3 op.reqBuff=0x7faf480289e0 op.respSize=80 done
n232-194-226:235010:235043 [2] NCCL INFO ncclPollProxyResponse Received new opId=0x7faf52bbc6f0
n232-194-226:235010:235111 [2] NCCL INFO Received and initiated operation=Setup res=0
n232-194-226:235010:235043 [2] NCCL INFO recvOpId=0x7faf52bbc6f0 matches expected opId=0x7faf52bbc6f0
n232-194-226:235010:235043 [2] NCCL INFO Channel 14/0 : 2[2] -> 3[3] via P2P/IPC
n232-194-226:235008:235110 [0] NCCL INFO transport/p2p.cc:204 Cuda Alloc Size 2097152 pointer 0x7fec41e00000
n232-194-226:235015:235107 [7] NCCL INFO Allocated shareable buffer 0x7fe17c600000 size 2097152 ipcDesc 0x7fe188018bc0
n232-194-226:235015:235107 [7] NCCL INFO proxyProgressAsync opId=0x7fe192bbc510 op.type=3 op.reqBuff=0x7fe18802a630 op.respSize=80 done
n232-194-226:235010:235111 [2] NCCL INFO New proxy send connection 30 from local rank 2, transport 0
n232-194-226:235010:235111 [2] NCCL INFO proxyProgressAsync opId=0x7faf52bbc6f0 op.type=1 op.reqBuff=0x7faf480289e0 op.respSize=16 done
n232-194-226:235015:235045 [7] NCCL INFO ncclPollProxyResponse Received new opId=0x7fe192bbc510
n232-194-226:235015:235107 [7] NCCL INFO Received and initiated operation=Setup res=0
n232-194-226:235010:235043 [2] NCCL INFO ncclPollProxyResponse Received new opId=0x7faf52bbc6f0
n232-194-226:235015:235045 [7] NCCL INFO recvOpId=0x7fe192bbc510 matches expected opId=0x7fe192bbc510
n232-194-226:235010:235111 [2] NCCL INFO Received and initiated operation=Init res=0
n232-194-226:235010:235043 [2] NCCL INFO recvOpId=0x7faf52bbc6f0 matches expected opId=0x7faf52bbc6f0
n232-194-226:235010:235043 [2] NCCL INFO Connection to proxy localRank 2 -> connection 0x7faf48003ab0
n232-194-226:235011:235108 [3] NCCL INFO transport/p2p.cc:204 Cuda Alloc Size 2097152 pointer 0x7f8443c00000
n232-194-226:235008:235110 [0] NCCL INFO Allocated shareable buffer 0x7fec41e00000 size 2097152 ipcDesc 0x7fec64018b70
n232-194-226:235008:235110 [0] NCCL INFO proxyProgressAsync opId=0x7fec4ebbc510 op.type=3 op.reqBuff=0x7fec64022f30 op.respSize=80 done
n232-194-226:235008:235044 [0] NCCL INFO ncclPollProxyResponse Received new opId=0x7fec4ebbc510
n232-194-226:235008:235110 [0] NCCL INFO Received and initiated operation=Setup res=0
n232-194-226:235008:235044 [0] NCCL INFO recvOpId=0x7fec4ebbc510 matches expected opId=0x7fec4ebbc510
n232-194-226:235008:235044 [0] NCCL INFO Channel 06/0 : 0[0] -> 1[1] via P2P/IPC
n232-194-226:235011:235108 [3] NCCL INFO Allocated shareable buffer 0x7f8443c00000 size 2097152 ipcDesc 0x7f844c018bc0
n232-194-226:235011:235108 [3] NCCL INFO proxyProgressAsync opId=0x7f8456bbc6f0 op.type=3 op.reqBuff=0x7f844c022f40 op.respSize=80 done
n232-194-226:235011:235042 [3] NCCL INFO ncclPollProxyResponse Received new opId=0x7f8456bbc6f0
n232-194-226:235011:235108 [3] NCCL INFO Received and initiated operation=Setup res=0
n232-194-226:235011:235042 [3] NCCL INFO recvOpId=0x7f8456bbc6f0 matches expected opId=0x7f8456bbc6f0
n232-194-226:235008:235110 [0] NCCL INFO New proxy send connection 22 from local rank 0, transport 0
n232-194-226:235008:235110 [0] NCCL INFO proxyProgressAsync opId=0x7fec4ebbc510 op.type=1 op.reqBuff=0x7fec64022f30 op.respSize=16 done
n232-194-226:235011:235042 [3] NCCL INFO Channel 05/0 : 3[3] -> 4[4] via P2P/IPC
n232-194-226:235008:235044 [0] NCCL INFO ncclPollProxyResponse Received new opId=0x7fec4ebbc510
n232-194-226:235008:235110 [0] NCCL INFO Received and initiated operation=Init res=0
n232-194-226:235008:235044 [0] NCCL INFO recvOpId=0x7fec4ebbc510 matches expected opId=0x7fec4ebbc510
n232-194-226:235008:235044 [0] NCCL INFO Connection to proxy localRank 0 -> connection 0x7fec64003830
n232-194-226:235011:235108 [3] NCCL INFO New proxy send connection 21 from local rank 3, transport 0
n232-194-226:235011:235108 [3] NCCL INFO proxyProgressAsync opId=0x7f8456bbc6f0 op.type=1 op.reqBuff=0x7f844c022f40 op.respSize=16 done
n232-194-226:235009:235112 [1] NCCL INFO transport/p2p.cc:204 Cuda Alloc Size 2097152 pointer 0x7fd914400000
n232-194-226:235011:235042 [3] NCCL INFO ncclPollProxyResponse Received new opId=0x7f8456bbc6f0
n232-194-226:235011:235042 [3] NCCL INFO recvOpId=0x7f8456bbc6f0 matches expected opId=0x7f8456bbc6f0
n232-194-226:235011:235108 [3] NCCL INFO Received and initiated operation=Init res=0
n232-194-226:235011:235042 [3] NCCL INFO Connection to proxy localRank 3 -> connection 0x7f844c0037e0
n232-194-226:235009:235112 [1] NCCL INFO Allocated shareable buffer 0x7fd914400000 size 2097152 ipcDesc 0x7fd920018bc0
n232-194-226:235009:235112 [1] NCCL INFO proxyProgressAsync opId=0x7fd92abbc6f0 op.type=3 op.reqBuff=0x7fd92002a5f0 op.respSize=80 done
n232-194-226:235009:235048 [1] NCCL INFO ncclPollProxyResponse Received new opId=0x7fd92abbc6f0
n232-194-226:235009:235112 [1] NCCL INFO Received and initiated operation=Setup res=0
n232-194-226:235009:235048 [1] NCCL INFO recvOpId=0x7fd92abbc6f0 matches expected opId=0x7fd92abbc6f0
n232-194-226:235009:235048 [1] NCCL INFO Channel 15/0 : 1[1] -> 2[2] via P2P/IPC
n232-194-226:235009:235112 [1] NCCL INFO New proxy send connection 31 from local rank 1, transport 0
n232-194-226:235009:235112 [1] NCCL INFO proxyProgressAsync opId=0x7fd92abbc6f0 op.type=1 op.reqBuff=0x7fd92002a5f0 op.respSize=16 done
n232-194-226:235009:235048 [1] NCCL INFO ncclPollProxyResponse Received new opId=0x7fd92abbc6f0
n232-194-226:235009:235048 [1] NCCL INFO recvOpId=0x7fd92abbc6f0 matches expected opId=0x7fd92abbc6f0
n232-194-226:235009:235048 [1] NCCL INFO Connection to proxy localRank 1 -> connection 0x7fd920003b00
n232-194-226:235009:235112 [1] NCCL INFO Received and initiated operation=Init res=0
n232-194-226:235014:235109 [6] NCCL INFO transport/p2p.cc:204 Cuda Alloc Size 2097152 pointer 0x7faa2c400000
n232-194-226:235012:235106 [4] NCCL INFO transport/p2p.cc:204 Cuda Alloc Size 2097152 pointer 0x7ff810600000
n232-194-226:235014:235109 [6] NCCL INFO Allocated shareable buffer 0x7faa2c400000 size 2097152 ipcDesc 0x7faa38018bc0
n232-194-226:235014:235109 [6] NCCL INFO proxyProgressAsync opId=0x7faa42bbc6f0 op.type=3 op.reqBuff=0x7faa3802a5f0 op.respSize=80 done
n232-194-226:235014:235041 [6] NCCL INFO ncclPollProxyResponse Received new opId=0x7faa42bbc6f0
n232-194-226:235014:235109 [6] NCCL INFO Received and initiated operation=Setup res=0
n232-194-226:235014:235041 [6] NCCL INFO recvOpId=0x7faa42bbc6f0 matches expected opId=0x7faa42bbc6f0
n232-194-226:235012:235106 [4] NCCL INFO Allocated shareable buffer 0x7ff810600000 size 2097152 ipcDesc 0x7ff81c018bc0
n232-194-226:235012:235106 [4] NCCL INFO proxyProgressAsync opId=0x7ff826bbc510 op.type=3 op.reqBuff=0x7ff81c02a630 op.respSize=80 done
n232-194-226:235012:235047 [4] NCCL INFO ncclPollProxyResponse Received new opId=0x7ff826bbc510
n232-194-226:235012:235106 [4] NCCL INFO Received and initiated operation=Setup res=0
n232-194-226:235014:235041 [6] NCCL INFO Channel 15/0 : 6[6] -> 7[7] via P2P/IPC
n232-194-226:235012:235047 [4] NCCL INFO recvOpId=0x7ff826bbc510 matches expected opId=0x7ff826bbc510
n232-194-226:235014:235109 [6] NCCL INFO New proxy send connection 31 from local rank 6, transport 0
n232-194-226:235014:235109 [6] NCCL INFO proxyProgressAsync opId=0x7faa42bbc6f0 op.type=1 op.reqBuff=0x7faa3802a5f0 op.respSize=16 done
n232-194-226:235010:235111 [2] NCCL INFO transport/p2p.cc:204 Cuda Alloc Size 2097152 pointer 0x7faf3c400000
n232-194-226:235014:235041 [6] NCCL INFO ncclPollProxyResponse Received new opId=0x7faa42bbc6f0
n232-194-226:235014:235109 [6] NCCL INFO Received and initiated operation=Init res=0
n232-194-226:235014:235041 [6] NCCL INFO recvOpId=0x7faa42bbc6f0 matches expected opId=0x7faa42bbc6f0
n232-194-226:235014:235041 [6] NCCL INFO Connection to proxy localRank 6 -> connection 0x7faa38003b00
n232-194-226:235010:235111 [2] NCCL INFO Allocated shareable buffer 0x7faf3c400000 size 2097152 ipcDesc 0x7faf48018bc0
n232-194-226:235010:235111 [2] NCCL INFO proxyProgressAsync opId=0x7faf52bbc6f0 op.type=3 op.reqBuff=0x7faf4802a5f0 op.respSize=80 done
n232-194-226:235010:235043 [2] NCCL INFO ncclPollProxyResponse Received new opId=0x7faf52bbc6f0
n232-194-226:235010:235111 [2] NCCL INFO Received and initiated operation=Setup res=0
n232-194-226:235010:235043 [2] NCCL INFO recvOpId=0x7faf52bbc6f0 matches expected opId=0x7faf52bbc6f0
n232-194-226:235010:235043 [2] NCCL INFO Channel 15/0 : 2[2] -> 3[3] via P2P/IPC
n232-194-226:235008:235110 [0] NCCL INFO transport/p2p.cc:204 Cuda Alloc Size 2097152 pointer 0x7fec43e00000
n232-194-226:235010:235111 [2] NCCL INFO New proxy send connection 31 from local rank 2, transport 0
n232-194-226:235010:235111 [2] NCCL INFO proxyProgressAsync opId=0x7faf52bbc6f0 op.type=1 op.reqBuff=0x7faf4802a5f0 op.respSize=16 done
n232-194-226:235010:235043 [2] NCCL INFO ncclPollProxyResponse Received new opId=0x7faf52bbc6f0
n232-194-226:235010:235043 [2] NCCL INFO recvOpId=0x7faf52bbc6f0 matches expected opId=0x7faf52bbc6f0
n232-194-226:235011:235108 [3] NCCL INFO transport/p2p.cc:204 Cuda Alloc Size 2097152 pointer 0x7f8443e00000
n232-194-226:235010:235043 [2] NCCL INFO Connection to proxy localRank 2 -> connection 0x7faf48003b00
n232-194-226:235008:235110 [0] NCCL INFO Allocated shareable buffer 0x7fec43e00000 size 2097152 ipcDesc 0x7fec64018b70
n232-194-226:235008:235110 [0] NCCL INFO proxyProgressAsync opId=0x7fec4ebbc510 op.type=3 op.reqBuff=0x7fec64024830 op.respSize=80 done
n232-194-226:235010:235111 [2] NCCL INFO Received and initiated operation=Init res=0
n232-194-226:235008:235044 [0] NCCL INFO ncclPollProxyResponse Received new opId=0x7fec4ebbc510
n232-194-226:235008:235044 [0] NCCL INFO recvOpId=0x7fec4ebbc510 matches expected opId=0x7fec4ebbc510
n232-194-226:235008:235110 [0] NCCL INFO Received and initiated operation=Setup res=0
n232-194-226:235008:235044 [0] NCCL INFO Channel 07/0 : 0[0] -> 1[1] via P2P/IPC
n232-194-226:235011:235108 [3] NCCL INFO Allocated shareable buffer 0x7f8443e00000 size 2097152 ipcDesc 0x7f844c018bc0
n232-194-226:235011:235108 [3] NCCL INFO proxyProgressAsync opId=0x7f8456bbc6f0 op.type=3 op.reqBuff=0x7f844c022f80 op.respSize=80 done
n232-194-226:235011:235042 [3] NCCL INFO ncclPollProxyResponse Received new opId=0x7f8456bbc6f0
n232-194-226:235011:235108 [3] NCCL INFO Received and initiated operation=Setup res=0
n232-194-226:235011:235042 [3] NCCL INFO recvOpId=0x7f8456bbc6f0 matches expected opId=0x7f8456bbc6f0
n232-194-226:235008:235110 [0] NCCL INFO New proxy send connection 23 from local rank 0, transport 0
n232-194-226:235011:235042 [3] NCCL INFO Channel 06/0 : 3[3] -> 4[4] via P2P/IPC
n232-194-226:235008:235110 [0] NCCL INFO proxyProgressAsync opId=0x7fec4ebbc510 op.type=1 op.reqBuff=0x7fec64024830 op.respSize=16 done
n232-194-226:235009:235112 [1] NCCL INFO transport/p2p.cc:204 Cuda Alloc Size 2097152 pointer 0x7fd914600000
n232-194-226:235008:235044 [0] NCCL INFO ncclPollProxyResponse Received new opId=0x7fec4ebbc510
n232-194-226:235008:235110 [0] NCCL INFO Received and initiated operation=Init res=0
n232-194-226:235008:235044 [0] NCCL INFO recvOpId=0x7fec4ebbc510 matches expected opId=0x7fec4ebbc510
n232-194-226:235008:235044 [0] NCCL INFO Connection to proxy localRank 0 -> connection 0x7fec64003880
n232-194-226:235011:235108 [3] NCCL INFO New proxy send connection 22 from local rank 3, transport 0
n232-194-226:235011:235108 [3] NCCL INFO proxyProgressAsync opId=0x7f8456bbc6f0 op.type=1 op.reqBuff=0x7f844c022f80 op.respSize=16 done
n232-194-226:235011:235042 [3] NCCL INFO ncclPollProxyResponse Received new opId=0x7f8456bbc6f0
n232-194-226:235011:235108 [3] NCCL INFO Received and initiated operation=Init res=0
n232-194-226:235011:235042 [3] NCCL INFO recvOpId=0x7f8456bbc6f0 matches expected opId=0x7f8456bbc6f0
n232-194-226:235011:235042 [3] NCCL INFO Connection to proxy localRank 3 -> connection 0x7f844c003830
n232-194-226:235009:235112 [1] NCCL INFO Allocated shareable buffer 0x7fd914600000 size 2097152 ipcDesc 0x7fd920018bc0
n232-194-226:235009:235112 [1] NCCL INFO proxyProgressAsync opId=0x7fd92abbc6f0 op.type=3 op.reqBuff=0x7fd92002a630 op.respSize=80 done
