n232-194-226:234885:234904 [1] NCCL INFO ncclPollProxyResponse Received new opId=0x7f3832bbc500
n232-194-226:234885:234904 [1] NCCL INFO recvOpId=0x7f3832bbc500 matches expected opId=0x7f3832bbc500
n232-194-226:234885:234935 [1] NCCL INFO Received and initiated operation=Init res=0
n232-194-226:234885:234904 [1] NCCL INFO Connection to proxy localRank 1 -> connection 0x7f3828003920
n232-194-226:234887:234934 [3] NCCL INFO transport/p2p.cc:204 Cuda Alloc Size 2097152 pointer 0x7f72bfe00000
n232-194-226:234884:234936 [0] NCCL INFO transport/p2p.cc:204 Cuda Alloc Size 2097152 pointer 0x7f650de00000
n232-194-226:234887:234934 [3] NCCL INFO Allocated shareable buffer 0x7f72bfe00000 size 2097152 ipcDesc 0x7f72c000f1c0
n232-194-226:234887:234934 [3] NCCL INFO proxyProgressAsync opId=0x7f72cebbc360 op.type=3 op.reqBuff=0x7f72c001bac0 op.respSize=80 done
n232-194-226:234887:234903 [3] NCCL INFO ncclPollProxyResponse Received new opId=0x7f72cebbc360
n232-194-226:234887:234903 [3] NCCL INFO recvOpId=0x7f72cebbc360 matches expected opId=0x7f72cebbc360
n232-194-226:234887:234934 [3] NCCL INFO Received and initiated operation=Setup res=0
n232-194-226:234887:234903 [3] NCCL INFO Channel 09/0 : 3[3] -> 0[0] via P2P/IPC
n232-194-226:234884:234936 [0] NCCL INFO Allocated shareable buffer 0x7f650de00000 size 2097152 ipcDesc 0x7f655400f170
n232-194-226:234884:234936 [0] NCCL INFO proxyProgressAsync opId=0x7f6516bbc360 op.type=3 op.reqBuff=0x7f655401ba70 op.respSize=80 done
n232-194-226:234884:234901 [0] NCCL INFO ncclPollProxyResponse Received new opId=0x7f6516bbc360
n232-194-226:234884:234901 [0] NCCL INFO recvOpId=0x7f6516bbc360 matches expected opId=0x7f6516bbc360
n232-194-226:234884:234936 [0] NCCL INFO Received and initiated operation=Setup res=0
n232-194-226:234884:234901 [0] NCCL INFO Channel 09/0 : 0[0] -> 1[1] via P2P/IPC
n232-194-226:234887:234934 [3] NCCL INFO New proxy send connection 25 from local rank 3, transport 0
n232-194-226:234887:234934 [3] NCCL INFO proxyProgressAsync opId=0x7f72cebbc360 op.type=1 op.reqBuff=0x7f72c001bac0 op.respSize=16 done
n232-194-226:234887:234903 [3] NCCL INFO ncclPollProxyResponse Received new opId=0x7f72cebbc360
n232-194-226:234887:234934 [3] NCCL INFO Received and initiated operation=Init res=0
n232-194-226:234887:234903 [3] NCCL INFO recvOpId=0x7f72cebbc360 matches expected opId=0x7f72cebbc360
n232-194-226:234887:234903 [3] NCCL INFO Connection to proxy localRank 3 -> connection 0x7f72c0003920
n232-194-226:234884:234936 [0] NCCL INFO New proxy send connection 25 from local rank 0, transport 0
n232-194-226:234884:234936 [0] NCCL INFO proxyProgressAsync opId=0x7f6516bbc360 op.type=1 op.reqBuff=0x7f655401ba70 op.respSize=16 done
n232-194-226:234884:234901 [0] NCCL INFO ncclPollProxyResponse Received new opId=0x7f6516bbc360
n232-194-226:234884:234901 [0] NCCL INFO recvOpId=0x7f6516bbc360 matches expected opId=0x7f6516bbc360
n232-194-226:234884:234901 [0] NCCL INFO Connection to proxy localRank 0 -> connection 0x7f65540039b0
n232-194-226:234884:234936 [0] NCCL INFO Received and initiated operation=Init res=0
n232-194-226:234886:234933 [2] NCCL INFO transport/p2p.cc:204 Cuda Alloc Size 2097152 pointer 0x7f1387e00000
n232-194-226:234885:234935 [1] NCCL INFO transport/p2p.cc:204 Cuda Alloc Size 2097152 pointer 0x7f3827e00000
n232-194-226:234886:234933 [2] NCCL INFO Allocated shareable buffer 0x7f1387e00000 size 2097152 ipcDesc 0x7f138000f1c0
n232-194-226:234886:234933 [2] NCCL INFO proxyProgressAsync opId=0x7f138ebbc360 op.type=3 op.reqBuff=0x7f138001bb00 op.respSize=80 done
n232-194-226:234886:234902 [2] NCCL INFO ncclPollProxyResponse Received new opId=0x7f138ebbc360
n232-194-226:234886:234933 [2] NCCL INFO Received and initiated operation=Setup res=0
n232-194-226:234886:234902 [2] NCCL INFO recvOpId=0x7f138ebbc360 matches expected opId=0x7f138ebbc360
n232-194-226:234886:234902 [2] NCCL INFO Channel 10/0 : 2[2] -> 3[3] via P2P/IPC
n232-194-226:234885:234935 [1] NCCL INFO Allocated shareable buffer 0x7f3827e00000 size 2097152 ipcDesc 0x7f382800f1c0
n232-194-226:234885:234935 [1] NCCL INFO proxyProgressAsync opId=0x7f3832bbc500 op.type=3 op.reqBuff=0x7f382801bb00 op.respSize=80 done
n232-194-226:234885:234904 [1] NCCL INFO ncclPollProxyResponse Received new opId=0x7f3832bbc500
n232-194-226:234885:234935 [1] NCCL INFO Received and initiated operation=Setup res=0
n232-194-226:234885:234904 [1] NCCL INFO recvOpId=0x7f3832bbc500 matches expected opId=0x7f3832bbc500
n232-194-226:234885:234904 [1] NCCL INFO Channel 10/0 : 1[1] -> 2[2] via P2P/IPC
n232-194-226:234886:234933 [2] NCCL INFO New proxy send connection 26 from local rank 2, transport 0
n232-194-226:234886:234933 [2] NCCL INFO proxyProgressAsync opId=0x7f138ebbc360 op.type=1 op.reqBuff=0x7f138001bb00 op.respSize=16 done
n232-194-226:234886:234902 [2] NCCL INFO ncclPollProxyResponse Received new opId=0x7f138ebbc360
n232-194-226:234886:234902 [2] NCCL INFO recvOpId=0x7f138ebbc360 matches expected opId=0x7f138ebbc360
n232-194-226:234885:234935 [1] NCCL INFO New proxy send connection 26 from local rank 1, transport 0
n232-194-226:234886:234902 [2] NCCL INFO Connection to proxy localRank 2 -> connection 0x7f1380003970
n232-194-226:234885:234935 [1] NCCL INFO proxyProgressAsync opId=0x7f3832bbc500 op.type=1 op.reqBuff=0x7f382801bb00 op.respSize=16 done
n232-194-226:234886:234933 [2] NCCL INFO Received and initiated operation=Init res=0
n232-194-226:234885:234904 [1] NCCL INFO ncclPollProxyResponse Received new opId=0x7f3832bbc500
n232-194-226:234885:234904 [1] NCCL INFO recvOpId=0x7f3832bbc500 matches expected opId=0x7f3832bbc500
n232-194-226:234885:234935 [1] NCCL INFO Received and initiated operation=Init res=0
n232-194-226:234885:234904 [1] NCCL INFO Connection to proxy localRank 1 -> connection 0x7f3828003970
n232-194-226:234887:234934 [3] NCCL INFO transport/p2p.cc:204 Cuda Alloc Size 2097152 pointer 0x7f72c7e00000
n232-194-226:234884:234936 [0] NCCL INFO transport/p2p.cc:204 Cuda Alloc Size 2097152 pointer 0x7f650fe00000
n232-194-226:234887:234934 [3] NCCL INFO Allocated shareable buffer 0x7f72c7e00000 size 2097152 ipcDesc 0x7f72c000f1c0
n232-194-226:234887:234934 [3] NCCL INFO proxyProgressAsync opId=0x7f72cebbc360 op.type=3 op.reqBuff=0x7f72c001bb00 op.respSize=80 done
n232-194-226:234887:234903 [3] NCCL INFO ncclPollProxyResponse Received new opId=0x7f72cebbc360
n232-194-226:234887:234903 [3] NCCL INFO recvOpId=0x7f72cebbc360 matches expected opId=0x7f72cebbc360
n232-194-226:234887:234934 [3] NCCL INFO Received and initiated operation=Setup res=0
n232-194-226:234887:234903 [3] NCCL INFO Channel 10/0 : 3[3] -> 0[0] via P2P/IPC
n232-194-226:234884:234936 [0] NCCL INFO Allocated shareable buffer 0x7f650fe00000 size 2097152 ipcDesc 0x7f655400f170
n232-194-226:234884:234936 [0] NCCL INFO proxyProgressAsync opId=0x7f6516bbc360 op.type=3 op.reqBuff=0x7f655401bab0 op.respSize=80 done
n232-194-226:234884:234901 [0] NCCL INFO ncclPollProxyResponse Received new opId=0x7f6516bbc360
n232-194-226:234884:234936 [0] NCCL INFO Received and initiated operation=Setup res=0
n232-194-226:234884:234901 [0] NCCL INFO recvOpId=0x7f6516bbc360 matches expected opId=0x7f6516bbc360
n232-194-226:234884:234901 [0] NCCL INFO Channel 10/0 : 0[0] -> 1[1] via P2P/IPC
n232-194-226:234887:234934 [3] NCCL INFO New proxy send connection 26 from local rank 3, transport 0
n232-194-226:234887:234934 [3] NCCL INFO proxyProgressAsync opId=0x7f72cebbc360 op.type=1 op.reqBuff=0x7f72c001bb00 op.respSize=16 done
n232-194-226:234887:234903 [3] NCCL INFO ncclPollProxyResponse Received new opId=0x7f72cebbc360
n232-194-226:234887:234903 [3] NCCL INFO recvOpId=0x7f72cebbc360 matches expected opId=0x7f72cebbc360
n232-194-226:234887:234934 [3] NCCL INFO Received and initiated operation=Init res=0
n232-194-226:234887:234903 [3] NCCL INFO Connection to proxy localRank 3 -> connection 0x7f72c0003970
n232-194-226:234884:234936 [0] NCCL INFO New proxy send connection 26 from local rank 0, transport 0
n232-194-226:234884:234936 [0] NCCL INFO proxyProgressAsync opId=0x7f6516bbc360 op.type=1 op.reqBuff=0x7f655401bab0 op.respSize=16 done
n232-194-226:234884:234901 [0] NCCL INFO ncclPollProxyResponse Received new opId=0x7f6516bbc360
n232-194-226:234884:234936 [0] NCCL INFO Received and initiated operation=Init res=0
n232-194-226:234884:234901 [0] NCCL INFO recvOpId=0x7f6516bbc360 matches expected opId=0x7f6516bbc360
n232-194-226:234884:234901 [0] NCCL INFO Connection to proxy localRank 0 -> connection 0x7f6554003a00
n232-194-226:234886:234933 [2] NCCL INFO transport/p2p.cc:204 Cuda Alloc Size 2097152 pointer 0x7f1389a00000
n232-194-226:234885:234935 [1] NCCL INFO transport/p2p.cc:204 Cuda Alloc Size 2097152 pointer 0x7f382fa00000
n232-194-226:234886:234933 [2] NCCL INFO Allocated shareable buffer 0x7f1389a00000 size 2097152 ipcDesc 0x7f138000f1c0
n232-194-226:234886:234933 [2] NCCL INFO proxyProgressAsync opId=0x7f138ebbc360 op.type=3 op.reqBuff=0x7f138001cfe0 op.respSize=80 done
n232-194-226:234886:234902 [2] NCCL INFO ncclPollProxyResponse Received new opId=0x7f138ebbc360
n232-194-226:234886:234902 [2] NCCL INFO recvOpId=0x7f138ebbc360 matches expected opId=0x7f138ebbc360
n232-194-226:234886:234933 [2] NCCL INFO Received and initiated operation=Setup res=0
n232-194-226:234886:234902 [2] NCCL INFO Channel 11/0 : 2[2] -> 3[3] via P2P/IPC
n232-194-226:234885:234935 [1] NCCL INFO Allocated shareable buffer 0x7f382fa00000 size 2097152 ipcDesc 0x7f382800f1c0
n232-194-226:234885:234935 [1] NCCL INFO proxyProgressAsync opId=0x7f3832bbc500 op.type=3 op.reqBuff=0x7f382801ce00 op.respSize=80 done
n232-194-226:234885:234904 [1] NCCL INFO ncclPollProxyResponse Received new opId=0x7f3832bbc500
n232-194-226:234885:234935 [1] NCCL INFO Received and initiated operation=Setup res=0
n232-194-226:234885:234904 [1] NCCL INFO recvOpId=0x7f3832bbc500 matches expected opId=0x7f3832bbc500
n232-194-226:234885:234904 [1] NCCL INFO Channel 11/0 : 1[1] -> 2[2] via P2P/IPC
n232-194-226:234886:234933 [2] NCCL INFO New proxy send connection 27 from local rank 2, transport 0
n232-194-226:234886:234933 [2] NCCL INFO proxyProgressAsync opId=0x7f138ebbc360 op.type=1 op.reqBuff=0x7f138001cfe0 op.respSize=16 done
n232-194-226:234886:234902 [2] NCCL INFO ncclPollProxyResponse Received new opId=0x7f138ebbc360
n232-194-226:234886:234902 [2] NCCL INFO recvOpId=0x7f138ebbc360 matches expected opId=0x7f138ebbc360
n232-194-226:234886:234933 [2] NCCL INFO Received and initiated operation=Init res=0
n232-194-226:234885:234935 [1] NCCL INFO New proxy send connection 27 from local rank 1, transport 0
n232-194-226:234886:234902 [2] NCCL INFO Connection to proxy localRank 2 -> connection 0x7f13800039c0
n232-194-226:234885:234935 [1] NCCL INFO proxyProgressAsync opId=0x7f3832bbc500 op.type=1 op.reqBuff=0x7f382801ce00 op.respSize=16 done
n232-194-226:234885:234904 [1] NCCL INFO ncclPollProxyResponse Received new opId=0x7f3832bbc500
n232-194-226:234885:234904 [1] NCCL INFO recvOpId=0x7f3832bbc500 matches expected opId=0x7f3832bbc500
n232-194-226:234885:234904 [1] NCCL INFO Connection to proxy localRank 1 -> connection 0x7f38280039c0
n232-194-226:234885:234935 [1] NCCL INFO Received and initiated operation=Init res=0
n232-194-226:234887:234934 [3] NCCL INFO transport/p2p.cc:204 Cuda Alloc Size 2097152 pointer 0x7f72c9a00000
n232-194-226:234884:234936 [0] NCCL INFO transport/p2p.cc:204 Cuda Alloc Size 2097152 pointer 0x7f6511a00000
n232-194-226:234887:234934 [3] NCCL INFO Allocated shareable buffer 0x7f72c9a00000 size 2097152 ipcDesc 0x7f72c000f1c0
n232-194-226:234887:234934 [3] NCCL INFO proxyProgressAsync opId=0x7f72cebbc360 op.type=3 op.reqBuff=0x7f72c001cfe0 op.respSize=80 done
n232-194-226:234887:234903 [3] NCCL INFO ncclPollProxyResponse Received new opId=0x7f72cebbc360
n232-194-226:234887:234934 [3] NCCL INFO Received and initiated operation=Setup res=0
n232-194-226:234887:234903 [3] NCCL INFO recvOpId=0x7f72cebbc360 matches expected opId=0x7f72cebbc360
n232-194-226:234887:234903 [3] NCCL INFO Channel 11/0 : 3[3] -> 0[0] via P2P/IPC
n232-194-226:234884:234936 [0] NCCL INFO Allocated shareable buffer 0x7f6511a00000 size 2097152 ipcDesc 0x7f655400f170
n232-194-226:234884:234936 [0] NCCL INFO proxyProgressAsync opId=0x7f6516bbc360 op.type=3 op.reqBuff=0x7f655401cdb0 op.respSize=80 done
n232-194-226:234884:234901 [0] NCCL INFO ncclPollProxyResponse Received new opId=0x7f6516bbc360
n232-194-226:234884:234936 [0] NCCL INFO Received and initiated operation=Setup res=0
n232-194-226:234884:234901 [0] NCCL INFO recvOpId=0x7f6516bbc360 matches expected opId=0x7f6516bbc360
n232-194-226:234884:234901 [0] NCCL INFO Channel 11/0 : 0[0] -> 1[1] via P2P/IPC
n232-194-226:234887:234934 [3] NCCL INFO New proxy send connection 27 from local rank 3, transport 0
n232-194-226:234887:234934 [3] NCCL INFO proxyProgressAsync opId=0x7f72cebbc360 op.type=1 op.reqBuff=0x7f72c001cfe0 op.respSize=16 done
n232-194-226:234887:234903 [3] NCCL INFO ncclPollProxyResponse Received new opId=0x7f72cebbc360
n232-194-226:234887:234903 [3] NCCL INFO recvOpId=0x7f72cebbc360 matches expected opId=0x7f72cebbc360
n232-194-226:234887:234903 [3] NCCL INFO Connection to proxy localRank 3 -> connection 0x7f72c00039c0
n232-194-226:234887:234934 [3] NCCL INFO Received and initiated operation=Init res=0
n232-194-226:234884:234936 [0] NCCL INFO New proxy send connection 27 from local rank 0, transport 0
n232-194-226:234884:234936 [0] NCCL INFO proxyProgressAsync opId=0x7f6516bbc360 op.type=1 op.reqBuff=0x7f655401cdb0 op.respSize=16 done
n232-194-226:234884:234901 [0] NCCL INFO ncclPollProxyResponse Received new opId=0x7f6516bbc360
n232-194-226:234884:234936 [0] NCCL INFO Received and initiated operation=Init res=0
n232-194-226:234884:234901 [0] NCCL INFO recvOpId=0x7f6516bbc360 matches expected opId=0x7f6516bbc360
n232-194-226:234884:234901 [0] NCCL INFO Connection to proxy localRank 0 -> connection 0x7f6554003a50
n232-194-226:234886:234933 [2] NCCL INFO transport/p2p.cc:204 Cuda Alloc Size 2097152 pointer 0x7f1389c00000
n232-194-226:234885:234935 [1] NCCL INFO transport/p2p.cc:204 Cuda Alloc Size 2097152 pointer 0x7f382fc00000
n232-194-226:234886:234933 [2] NCCL INFO Allocated shareable buffer 0x7f1389c00000 size 2097152 ipcDesc 0x7f138000f1c0
n232-194-226:234886:234933 [2] NCCL INFO proxyProgressAsync opId=0x7f138ebbc360 op.type=3 op.reqBuff=0x7f138001d020 op.respSize=80 done
n232-194-226:234886:234902 [2] NCCL INFO ncclPollProxyResponse Received new opId=0x7f138ebbc360
n232-194-226:234886:234902 [2] NCCL INFO recvOpId=0x7f138ebbc360 matches expected opId=0x7f138ebbc360
n232-194-226:234886:234933 [2] NCCL INFO Received and initiated operation=Setup res=0
n232-194-226:234886:234902 [2] NCCL INFO Channel 12/0 : 2[2] -> 3[3] via P2P/IPC
n232-194-226:234885:234935 [1] NCCL INFO Allocated shareable buffer 0x7f382fc00000 size 2097152 ipcDesc 0x7f382800f1c0
n232-194-226:234885:234935 [1] NCCL INFO proxyProgressAsync opId=0x7f3832bbc500 op.type=3 op.reqBuff=0x7f382801ce40 op.respSize=80 done
n232-194-226:234885:234904 [1] NCCL INFO ncclPollProxyResponse Received new opId=0x7f3832bbc500
n232-194-226:234885:234935 [1] NCCL INFO Received and initiated operation=Setup res=0
n232-194-226:234885:234904 [1] NCCL INFO recvOpId=0x7f3832bbc500 matches expected opId=0x7f3832bbc500
n232-194-226:234885:234904 [1] NCCL INFO Channel 12/0 : 1[1] -> 2[2] via P2P/IPC
n232-194-226:234886:234933 [2] NCCL INFO New proxy send connection 28 from local rank 2, transport 0
n232-194-226:234886:234933 [2] NCCL INFO proxyProgressAsync opId=0x7f138ebbc360 op.type=1 op.reqBuff=0x7f138001d020 op.respSize=16 done
n232-194-226:234886:234902 [2] NCCL INFO ncclPollProxyResponse Received new opId=0x7f138ebbc360
n232-194-226:234886:234902 [2] NCCL INFO recvOpId=0x7f138ebbc360 matches expected opId=0x7f138ebbc360
n232-194-226:234886:234902 [2] NCCL INFO Connection to proxy localRank 2 -> connection 0x7f1380003a10
n232-194-226:234885:234935 [1] NCCL INFO New proxy send connection 28 from local rank 1, transport 0
n232-194-226:234885:234935 [1] NCCL INFO proxyProgressAsync opId=0x7f3832bbc500 op.type=1 op.reqBuff=0x7f382801ce40 op.respSize=16 done
n232-194-226:234886:234933 [2] NCCL INFO Received and initiated operation=Init res=0
n232-194-226:234885:234904 [1] NCCL INFO ncclPollProxyResponse Received new opId=0x7f3832bbc500
n232-194-226:234885:234904 [1] NCCL INFO recvOpId=0x7f3832bbc500 matches expected opId=0x7f3832bbc500
n232-194-226:234885:234935 [1] NCCL INFO Received and initiated operation=Init res=0
n232-194-226:234885:234904 [1] NCCL INFO Connection to proxy localRank 1 -> connection 0x7f3828003a10
n232-194-226:234887:234934 [3] NCCL INFO transport/p2p.cc:204 Cuda Alloc Size 2097152 pointer 0x7f72c9c00000
n232-194-226:234884:234936 [0] NCCL INFO transport/p2p.cc:204 Cuda Alloc Size 2097152 pointer 0x7f6511c00000
n232-194-226:234887:234934 [3] NCCL INFO Allocated shareable buffer 0x7f72c9c00000 size 2097152 ipcDesc 0x7f72c000f1c0
n232-194-226:234887:234934 [3] NCCL INFO proxyProgressAsync opId=0x7f72cebbc360 op.type=3 op.reqBuff=0x7f72c001d020 op.respSize=80 done
n232-194-226:234887:234903 [3] NCCL INFO ncclPollProxyResponse Received new opId=0x7f72cebbc360
n232-194-226:234887:234934 [3] NCCL INFO Received and initiated operation=Setup res=0
n232-194-226:234887:234903 [3] NCCL INFO recvOpId=0x7f72cebbc360 matches expected opId=0x7f72cebbc360
n232-194-226:234887:234903 [3] NCCL INFO Channel 12/0 : 3[3] -> 0[0] via P2P/IPC
n232-194-226:234884:234936 [0] NCCL INFO Allocated shareable buffer 0x7f6511c00000 size 2097152 ipcDesc 0x7f655400f170
n232-194-226:234884:234936 [0] NCCL INFO proxyProgressAsync opId=0x7f6516bbc360 op.type=3 op.reqBuff=0x7f655401cdf0 op.respSize=80 done
n232-194-226:234884:234901 [0] NCCL INFO ncclPollProxyResponse Received new opId=0x7f6516bbc360
n232-194-226:234884:234901 [0] NCCL INFO recvOpId=0x7f6516bbc360 matches expected opId=0x7f6516bbc360
n232-194-226:234884:234936 [0] NCCL INFO Received and initiated operation=Setup res=0
n232-194-226:234884:234901 [0] NCCL INFO Channel 12/0 : 0[0] -> 1[1] via P2P/IPC
n232-194-226:234887:234934 [3] NCCL INFO New proxy send connection 28 from local rank 3, transport 0
n232-194-226:234887:234934 [3] NCCL INFO proxyProgressAsync opId=0x7f72cebbc360 op.type=1 op.reqBuff=0x7f72c001d020 op.respSize=16 done
n232-194-226:234887:234903 [3] NCCL INFO ncclPollProxyResponse Received new opId=0x7f72cebbc360
n232-194-226:234887:234903 [3] NCCL INFO recvOpId=0x7f72cebbc360 matches expected opId=0x7f72cebbc360
n232-194-226:234887:234934 [3] NCCL INFO Received and initiated operation=Init res=0
n232-194-226:234887:234903 [3] NCCL INFO Connection to proxy localRank 3 -> connection 0x7f72c0003a10
n232-194-226:234884:234936 [0] NCCL INFO New proxy send connection 28 from local rank 0, transport 0
n232-194-226:234884:234936 [0] NCCL INFO proxyProgressAsync opId=0x7f6516bbc360 op.type=1 op.reqBuff=0x7f655401cdf0 op.respSize=16 done
n232-194-226:234884:234901 [0] NCCL INFO ncclPollProxyResponse Received new opId=0x7f6516bbc360
n232-194-226:234884:234901 [0] NCCL INFO recvOpId=0x7f6516bbc360 matches expected opId=0x7f6516bbc360
n232-194-226:234884:234901 [0] NCCL INFO Connection to proxy localRank 0 -> connection 0x7f6554003aa0
n232-194-226:234884:234936 [0] NCCL INFO Received and initiated operation=Init res=0
n232-194-226:234886:234933 [2] NCCL INFO transport/p2p.cc:204 Cuda Alloc Size 2097152 pointer 0x7f1389e00000
n232-194-226:234885:234935 [1] NCCL INFO transport/p2p.cc:204 Cuda Alloc Size 2097152 pointer 0x7f382fe00000
n232-194-226:234886:234933 [2] NCCL INFO Allocated shareable buffer 0x7f1389e00000 size 2097152 ipcDesc 0x7f138000f1c0
n232-194-226:234886:234933 [2] NCCL INFO proxyProgressAsync opId=0x7f138ebbc360 op.type=3 op.reqBuff=0x7f138001e5a0 op.respSize=80 done
n232-194-226:234886:234902 [2] NCCL INFO ncclPollProxyResponse Received new opId=0x7f138ebbc360
n232-194-226:234886:234902 [2] NCCL INFO recvOpId=0x7f138ebbc360 matches expected opId=0x7f138ebbc360
n232-194-226:234886:234933 [2] NCCL INFO Received and initiated operation=Setup res=0
n232-194-226:234886:234902 [2] NCCL INFO Channel 13/0 : 2[2] -> 3[3] via P2P/IPC
n232-194-226:234885:234935 [1] NCCL INFO Allocated shareable buffer 0x7f382fe00000 size 2097152 ipcDesc 0x7f382800f1c0
n232-194-226:234885:234935 [1] NCCL INFO proxyProgressAsync opId=0x7f3832bbc500 op.type=3 op.reqBuff=0x7f382801e5a0 op.respSize=80 done
n232-194-226:234885:234904 [1] NCCL INFO ncclPollProxyResponse Received new opId=0x7f3832bbc500
n232-194-226:234885:234935 [1] NCCL INFO Received and initiated operation=Setup res=0
n232-194-226:234885:234904 [1] NCCL INFO recvOpId=0x7f3832bbc500 matches expected opId=0x7f3832bbc500
n232-194-226:234886:234933 [2] NCCL INFO New proxy send connection 29 from local rank 2, transport 0
n232-194-226:234885:234904 [1] NCCL INFO Channel 13/0 : 1[1] -> 2[2] via P2P/IPC
n232-194-226:234886:234933 [2] NCCL INFO proxyProgressAsync opId=0x7f138ebbc360 op.type=1 op.reqBuff=0x7f138001e5a0 op.respSize=16 done
n232-194-226:234886:234902 [2] NCCL INFO ncclPollProxyResponse Received new opId=0x7f138ebbc360
n232-194-226:234886:234902 [2] NCCL INFO recvOpId=0x7f138ebbc360 matches expected opId=0x7f138ebbc360
n232-194-226:234886:234902 [2] NCCL INFO Connection to proxy localRank 2 -> connection 0x7f1380003a60
n232-194-226:234886:234933 [2] NCCL INFO Received and initiated operation=Init res=0
n232-194-226:234885:234935 [1] NCCL INFO New proxy send connection 29 from local rank 1, transport 0
n232-194-226:234885:234935 [1] NCCL INFO proxyProgressAsync opId=0x7f3832bbc500 op.type=1 op.reqBuff=0x7f382801e5a0 op.respSize=16 done
n232-194-226:234885:234904 [1] NCCL INFO ncclPollProxyResponse Received new opId=0x7f3832bbc500
n232-194-226:234885:234935 [1] NCCL INFO Received and initiated operation=Init res=0
n232-194-226:234885:234904 [1] NCCL INFO recvOpId=0x7f3832bbc500 matches expected opId=0x7f3832bbc500
n232-194-226:234885:234904 [1] NCCL INFO Connection to proxy localRank 1 -> connection 0x7f3828003a60
n232-194-226:234887:234934 [3] NCCL INFO transport/p2p.cc:204 Cuda Alloc Size 2097152 pointer 0x7f72c9e00000
n232-194-226:234884:234936 [0] NCCL INFO transport/p2p.cc:204 Cuda Alloc Size 2097152 pointer 0x7f6511e00000
n232-194-226:234887:234934 [3] NCCL INFO Allocated shareable buffer 0x7f72c9e00000 size 2097152 ipcDesc 0x7f72c000f1c0
n232-194-226:234887:234934 [3] NCCL INFO proxyProgressAsync opId=0x7f72cebbc360 op.type=3 op.reqBuff=0x7f72c001e5a0 op.respSize=80 done
n232-194-226:234887:234903 [3] NCCL INFO ncclPollProxyResponse Received new opId=0x7f72cebbc360
n232-194-226:234887:234934 [3] NCCL INFO Received and initiated operation=Setup res=0
n232-194-226:234887:234903 [3] NCCL INFO recvOpId=0x7f72cebbc360 matches expected opId=0x7f72cebbc360
n232-194-226:234887:234903 [3] NCCL INFO Channel 13/0 : 3[3] -> 0[0] via P2P/IPC
n232-194-226:234884:234936 [0] NCCL INFO Allocated shareable buffer 0x7f6511e00000 size 2097152 ipcDesc 0x7f655400f170
n232-194-226:234884:234936 [0] NCCL INFO proxyProgressAsync opId=0x7f6516bbc360 op.type=3 op.reqBuff=0x7f655401e370 op.respSize=80 done
n232-194-226:234884:234901 [0] NCCL INFO ncclPollProxyResponse Received new opId=0x7f6516bbc360
n232-194-226:234884:234936 [0] NCCL INFO Received and initiated operation=Setup res=0
n232-194-226:234884:234901 [0] NCCL INFO recvOpId=0x7f6516bbc360 matches expected opId=0x7f6516bbc360
n232-194-226:234884:234901 [0] NCCL INFO Channel 13/0 : 0[0] -> 1[1] via P2P/IPC
n232-194-226:234887:234934 [3] NCCL INFO New proxy send connection 29 from local rank 3, transport 0
n232-194-226:234887:234934 [3] NCCL INFO proxyProgressAsync opId=0x7f72cebbc360 op.type=1 op.reqBuff=0x7f72c001e5a0 op.respSize=16 done
n232-194-226:234887:234903 [3] NCCL INFO ncclPollProxyResponse Received new opId=0x7f72cebbc360
n232-194-226:234887:234903 [3] NCCL INFO recvOpId=0x7f72cebbc360 matches expected opId=0x7f72cebbc360
n232-194-226:234887:234903 [3] NCCL INFO Connection to proxy localRank 3 -> connection 0x7f72c0003a60
n232-194-226:234887:234934 [3] NCCL INFO Received and initiated operation=Init res=0
n232-194-226:234884:234936 [0] NCCL INFO New proxy send connection 29 from local rank 0, transport 0
n232-194-226:234884:234936 [0] NCCL INFO proxyProgressAsync opId=0x7f6516bbc360 op.type=1 op.reqBuff=0x7f655401e370 op.respSize=16 done
n232-194-226:234884:234901 [0] NCCL INFO ncclPollProxyResponse Received new opId=0x7f6516bbc360
n232-194-226:234884:234901 [0] NCCL INFO recvOpId=0x7f6516bbc360 matches expected opId=0x7f6516bbc360
n232-194-226:234884:234901 [0] NCCL INFO Connection to proxy localRank 0 -> connection 0x7f6554003af0
n232-194-226:234884:234936 [0] NCCL INFO Received and initiated operation=Init res=0
n232-194-226:234886:234933 [2] NCCL INFO transport/p2p.cc:204 Cuda Alloc Size 2097152 pointer 0x7f1376000000
n232-194-226:234885:234935 [1] NCCL INFO transport/p2p.cc:204 Cuda Alloc Size 2097152 pointer 0x7f381c000000
n232-194-226:234886:234933 [2] NCCL INFO Allocated shareable buffer 0x7f1376000000 size 2097152 ipcDesc 0x7f138000f1c0
n232-194-226:234886:234933 [2] NCCL INFO proxyProgressAsync opId=0x7f138ebbc360 op.type=3 op.reqBuff=0x7f138001e5e0 op.respSize=80 done
n232-194-226:234886:234902 [2] NCCL INFO ncclPollProxyResponse Received new opId=0x7f138ebbc360
n232-194-226:234886:234902 [2] NCCL INFO recvOpId=0x7f138ebbc360 matches expected opId=0x7f138ebbc360
n232-194-226:234886:234933 [2] NCCL INFO Received and initiated operation=Setup res=0
n232-194-226:234886:234902 [2] NCCL INFO Channel 14/0 : 2[2] -> 3[3] via P2P/IPC
n232-194-226:234885:234935 [1] NCCL INFO Allocated shareable buffer 0x7f381c000000 size 2097152 ipcDesc 0x7f382800f1c0
n232-194-226:234885:234935 [1] NCCL INFO proxyProgressAsync opId=0x7f3832bbc500 op.type=3 op.reqBuff=0x7f382801e5e0 op.respSize=80 done
n232-194-226:234885:234904 [1] NCCL INFO ncclPollProxyResponse Received new opId=0x7f3832bbc500
n232-194-226:234885:234935 [1] NCCL INFO Received and initiated operation=Setup res=0
n232-194-226:234886:234933 [2] NCCL INFO New proxy send connection 30 from local rank 2, transport 0
n232-194-226:234886:234933 [2] NCCL INFO proxyProgressAsync opId=0x7f138ebbc360 op.type=1 op.reqBuff=0x7f138001e5e0 op.respSize=16 done
n232-194-226:234885:234904 [1] NCCL INFO recvOpId=0x7f3832bbc500 matches expected opId=0x7f3832bbc500
n232-194-226:234885:234904 [1] NCCL INFO Channel 14/0 : 1[1] -> 2[2] via P2P/IPC
n232-194-226:234886:234902 [2] NCCL INFO ncclPollProxyResponse Received new opId=0x7f138ebbc360
n232-194-226:234886:234933 [2] NCCL INFO Received and initiated operation=Init res=0
n232-194-226:234886:234902 [2] NCCL INFO recvOpId=0x7f138ebbc360 matches expected opId=0x7f138ebbc360
n232-194-226:234886:234902 [2] NCCL INFO Connection to proxy localRank 2 -> connection 0x7f1380003ab0
n232-194-226:234885:234935 [1] NCCL INFO New proxy send connection 30 from local rank 1, transport 0
n232-194-226:234885:234935 [1] NCCL INFO proxyProgressAsync opId=0x7f3832bbc500 op.type=1 op.reqBuff=0x7f382801e5e0 op.respSize=16 done
n232-194-226:234885:234904 [1] NCCL INFO ncclPollProxyResponse Received new opId=0x7f3832bbc500
n232-194-226:234885:234935 [1] NCCL INFO Received and initiated operation=Init res=0
n232-194-226:234885:234904 [1] NCCL INFO recvOpId=0x7f3832bbc500 matches expected opId=0x7f3832bbc500
n232-194-226:234885:234904 [1] NCCL INFO Connection to proxy localRank 1 -> connection 0x7f3828003ab0
n232-194-226:234887:234934 [3] NCCL INFO transport/p2p.cc:204 Cuda Alloc Size 2097152 pointer 0x7f72b6000000
n232-194-226:234887:234934 [3] NCCL INFO Allocated shareable buffer 0x7f72b6000000 size 2097152 ipcDesc 0x7f72c000f1c0
n232-194-226:234884:234936 [0] NCCL INFO transport/p2p.cc:204 Cuda Alloc Size 2097152 pointer 0x7f6504000000
n232-194-226:234887:234934 [3] NCCL INFO proxyProgressAsync opId=0x7f72cebbc360 op.type=3 op.reqBuff=0x7f72c001e5e0 op.respSize=80 done
n232-194-226:234887:234903 [3] NCCL INFO ncclPollProxyResponse Received new opId=0x7f72cebbc360
n232-194-226:234887:234903 [3] NCCL INFO recvOpId=0x7f72cebbc360 matches expected opId=0x7f72cebbc360
n232-194-226:234887:234934 [3] NCCL INFO Received and initiated operation=Setup res=0
n232-194-226:234887:234903 [3] NCCL INFO Channel 14/0 : 3[3] -> 0[0] via P2P/IPC
n232-194-226:234884:234936 [0] NCCL INFO Allocated shareable buffer 0x7f6504000000 size 2097152 ipcDesc 0x7f655400f170
n232-194-226:234884:234936 [0] NCCL INFO proxyProgressAsync opId=0x7f6516bbc360 op.type=3 op.reqBuff=0x7f655401e3b0 op.respSize=80 done
n232-194-226:234884:234901 [0] NCCL INFO ncclPollProxyResponse Received new opId=0x7f6516bbc360
n232-194-226:234884:234901 [0] NCCL INFO recvOpId=0x7f6516bbc360 matches expected opId=0x7f6516bbc360
n232-194-226:234884:234936 [0] NCCL INFO Received and initiated operation=Setup res=0
n232-194-226:234884:234901 [0] NCCL INFO Channel 14/0 : 0[0] -> 1[1] via P2P/IPC
n232-194-226:234887:234934 [3] NCCL INFO New proxy send connection 30 from local rank 3, transport 0
n232-194-226:234887:234934 [3] NCCL INFO proxyProgressAsync opId=0x7f72cebbc360 op.type=1 op.reqBuff=0x7f72c001e5e0 op.respSize=16 done
n232-194-226:234887:234903 [3] NCCL INFO ncclPollProxyResponse Received new opId=0x7f72cebbc360
n232-194-226:234887:234903 [3] NCCL INFO recvOpId=0x7f72cebbc360 matches expected opId=0x7f72cebbc360
n232-194-226:234887:234903 [3] NCCL INFO Connection to proxy localRank 3 -> connection 0x7f72c0003ab0
n232-194-226:234887:234934 [3] NCCL INFO Received and initiated operation=Init res=0
n232-194-226:234884:234936 [0] NCCL INFO New proxy send connection 30 from local rank 0, transport 0
n232-194-226:234884:234936 [0] NCCL INFO proxyProgressAsync opId=0x7f6516bbc360 op.type=1 op.reqBuff=0x7f655401e3b0 op.respSize=16 done
n232-194-226:234884:234901 [0] NCCL INFO ncclPollProxyResponse Received new opId=0x7f6516bbc360
n232-194-226:234884:234901 [0] NCCL INFO recvOpId=0x7f6516bbc360 matches expected opId=0x7f6516bbc360
n232-194-226:234884:234936 [0] NCCL INFO Received and initiated operation=Init res=0
n232-194-226:234884:234901 [0] NCCL INFO Connection to proxy localRank 0 -> connection 0x7f6554003b40
n232-194-226:234886:234933 [2] NCCL INFO transport/p2p.cc:204 Cuda Alloc Size 2097152 pointer 0x7f1376200000
n232-194-226:234886:234933 [2] NCCL INFO Allocated shareable buffer 0x7f1376200000 size 2097152 ipcDesc 0x7f138000f1c0
n232-194-226:234886:234933 [2] NCCL INFO proxyProgressAsync opId=0x7f138ebbc360 op.type=3 op.reqBuff=0x7f138001fb60 op.respSize=80 done
n232-194-226:234886:234902 [2] NCCL INFO ncclPollProxyResponse Received new opId=0x7f138ebbc360
n232-194-226:234885:234935 [1] NCCL INFO transport/p2p.cc:204 Cuda Alloc Size 2097152 pointer 0x7f381c200000
n232-194-226:234886:234902 [2] NCCL INFO recvOpId=0x7f138ebbc360 matches expected opId=0x7f138ebbc360
n232-194-226:234886:234933 [2] NCCL INFO Received and initiated operation=Setup res=0
n232-194-226:234886:234902 [2] NCCL INFO Channel 15/0 : 2[2] -> 3[3] via P2P/IPC
n232-194-226:234886:234933 [2] NCCL INFO New proxy send connection 31 from local rank 2, transport 0
n232-194-226:234886:234933 [2] NCCL INFO proxyProgressAsync opId=0x7f138ebbc360 op.type=1 op.reqBuff=0x7f138001fb60 op.respSize=16 done
n232-194-226:234886:234902 [2] NCCL INFO ncclPollProxyResponse Received new opId=0x7f138ebbc360
n232-194-226:234886:234933 [2] NCCL INFO Received and initiated operation=Init res=0
n232-194-226:234885:234935 [1] NCCL INFO Allocated shareable buffer 0x7f381c200000 size 2097152 ipcDesc 0x7f382800f1c0
n232-194-226:234885:234935 [1] NCCL INFO proxyProgressAsync opId=0x7f3832bbc500 op.type=3 op.reqBuff=0x7f382801fd40 op.respSize=80 done
n232-194-226:234886:234902 [2] NCCL INFO recvOpId=0x7f138ebbc360 matches expected opId=0x7f138ebbc360
n232-194-226:234886:234902 [2] NCCL INFO Connection to proxy localRank 2 -> connection 0x7f1380003b00
n232-194-226:234885:234904 [1] NCCL INFO ncclPollProxyResponse Received new opId=0x7f3832bbc500
n232-194-226:234885:234904 [1] NCCL INFO recvOpId=0x7f3832bbc500 matches expected opId=0x7f3832bbc500
n232-194-226:234885:234935 [1] NCCL INFO Received and initiated operation=Setup res=0
n232-194-226:234885:234904 [1] NCCL INFO Channel 15/0 : 1[1] -> 2[2] via P2P/IPC
n232-194-226:234885:234935 [1] NCCL INFO New proxy send connection 31 from local rank 1, transport 0
n232-194-226:234885:234935 [1] NCCL INFO proxyProgressAsync opId=0x7f3832bbc500 op.type=1 op.reqBuff=0x7f382801fd40 op.respSize=16 done
n232-194-226:234885:234904 [1] NCCL INFO ncclPollProxyResponse Received new opId=0x7f3832bbc500
n232-194-226:234885:234904 [1] NCCL INFO recvOpId=0x7f3832bbc500 matches expected opId=0x7f3832bbc500
n232-194-226:234885:234935 [1] NCCL INFO Received and initiated operation=Init res=0
n232-194-226:234885:234904 [1] NCCL INFO Connection to proxy localRank 1 -> connection 0x7f3828003b00
n232-194-226:234887:234934 [3] NCCL INFO transport/p2p.cc:204 Cuda Alloc Size 2097152 pointer 0x7f72b6200000
n232-194-226:234884:234936 [0] NCCL INFO transport/p2p.cc:204 Cuda Alloc Size 2097152 pointer 0x7f6504200000
n232-194-226:234887:234934 [3] NCCL INFO Allocated shareable buffer 0x7f72b6200000 size 2097152 ipcDesc 0x7f72c000f1c0
n232-194-226:234887:234934 [3] NCCL INFO proxyProgressAsync opId=0x7f72cebbc360 op.type=3 op.reqBuff=0x7f72c001fb60 op.respSize=80 done
n232-194-226:234887:234903 [3] NCCL INFO ncclPollProxyResponse Received new opId=0x7f72cebbc360
n232-194-226:234887:234903 [3] NCCL INFO recvOpId=0x7f72cebbc360 matches expected opId=0x7f72cebbc360
n232-194-226:234887:234934 [3] NCCL INFO Received and initiated operation=Setup res=0
n232-194-226:234887:234903 [3] NCCL INFO Channel 15/0 : 3[3] -> 0[0] via P2P/IPC
n232-194-226:234887:234934 [3] NCCL INFO New proxy send connection 31 from local rank 3, transport 0
n232-194-226:234887:234934 [3] NCCL INFO proxyProgressAsync opId=0x7f72cebbc360 op.type=1 op.reqBuff=0x7f72c001fb60 op.respSize=16 done
n232-194-226:234884:234936 [0] NCCL INFO Allocated shareable buffer 0x7f6504200000 size 2097152 ipcDesc 0x7f655400f170
n232-194-226:234884:234936 [0] NCCL INFO proxyProgressAsync opId=0x7f6516bbc360 op.type=3 op.reqBuff=0x7f655401f930 op.respSize=80 done
n232-194-226:234887:234903 [3] NCCL INFO ncclPollProxyResponse Received new opId=0x7f72cebbc360
n232-194-226:234887:234903 [3] NCCL INFO recvOpId=0x7f72cebbc360 matches expected opId=0x7f72cebbc360
n232-194-226:234884:234901 [0] NCCL INFO ncclPollProxyResponse Received new opId=0x7f6516bbc360
n232-194-226:234887:234934 [3] NCCL INFO Received and initiated operation=Init res=0
n232-194-226:234884:234936 [0] NCCL INFO Received and initiated operation=Setup res=0
n232-194-226:234887:234903 [3] NCCL INFO Connection to proxy localRank 3 -> connection 0x7f72c0003b00
n232-194-226:234884:234901 [0] NCCL INFO recvOpId=0x7f6516bbc360 matches expected opId=0x7f6516bbc360
n232-194-226:234884:234901 [0] NCCL INFO Channel 15/0 : 0[0] -> 1[1] via P2P/IPC
n232-194-226:234884:234936 [0] NCCL INFO New proxy send connection 31 from local rank 0, transport 0
n232-194-226:234884:234936 [0] NCCL INFO proxyProgressAsync opId=0x7f6516bbc360 op.type=1 op.reqBuff=0x7f655401f930 op.respSize=16 done
n232-194-226:234884:234901 [0] NCCL INFO ncclPollProxyResponse Received new opId=0x7f6516bbc360
n232-194-226:234884:234936 [0] NCCL INFO Received and initiated operation=Init res=0
n232-194-226:234886:234933 [2] NCCL INFO transport/p2p.cc:204 Cuda Alloc Size 2097152 pointer 0x7f1376400000
n232-194-226:234884:234901 [0] NCCL INFO recvOpId=0x7f6516bbc360 matches expected opId=0x7f6516bbc360
n232-194-226:234884:234901 [0] NCCL INFO Connection to proxy localRank 0 -> connection 0x7f6554003b90
n232-194-226:234886:234933 [2] NCCL INFO Allocated shareable buffer 0x7f1376400000 size 2097152 ipcDesc 0x7f138000f1c0
n232-194-226:234886:234933 [2] NCCL INFO proxyProgressAsync opId=0x7f138ebbc360 op.type=3 op.reqBuff=0x7f138001fba0 op.respSize=80 done
n232-194-226:234886:234902 [2] NCCL INFO ncclPollProxyResponse Received new opId=0x7f138ebbc360
n232-194-226:234886:234902 [2] NCCL INFO recvOpId=0x7f138ebbc360 matches expected opId=0x7f138ebbc360
n232-194-226:234886:234933 [2] NCCL INFO Received and initiated operation=Setup res=0
n232-194-226:234885:234935 [1] NCCL INFO transport/p2p.cc:204 Cuda Alloc Size 2097152 pointer 0x7f381c400000
n232-194-226:234885:234935 [1] NCCL INFO Allocated shareable buffer 0x7f381c400000 size 2097152 ipcDesc 0x7f382800f1c0
n232-194-226:234885:234935 [1] NCCL INFO proxyProgressAsync opId=0x7f3832bbc500 op.type=3 op.reqBuff=0x7f382801fd80 op.respSize=80 done
n232-194-226:234885:234904 [1] NCCL INFO ncclPollProxyResponse Received new opId=0x7f3832bbc500
n232-194-226:234885:234935 [1] NCCL INFO Received and initiated operation=Setup res=0
n232-194-226:234885:234904 [1] NCCL INFO recvOpId=0x7f3832bbc500 matches expected opId=0x7f3832bbc500
n232-194-226:234887:234934 [3] NCCL INFO transport/p2p.cc:204 Cuda Alloc Size 2097152 pointer 0x7f72b6400000
n232-194-226:234887:234934 [3] NCCL INFO Allocated shareable buffer 0x7f72b6400000 size 2097152 ipcDesc 0x7f72c000f1c0
n232-194-226:234887:234934 [3] NCCL INFO proxyProgressAsync opId=0x7f72cebbc360 op.type=3 op.reqBuff=0x7f72c001fba0 op.respSize=80 done
n232-194-226:234887:234903 [3] NCCL INFO ncclPollProxyResponse Received new opId=0x7f72cebbc360
n232-194-226:234887:234934 [3] NCCL INFO Received and initiated operation=Setup res=0
n232-194-226:234887:234903 [3] NCCL INFO recvOpId=0x7f72cebbc360 matches expected opId=0x7f72cebbc360
n232-194-226:234884:234936 [0] NCCL INFO transport/p2p.cc:204 Cuda Alloc Size 2097152 pointer 0x7f6504400000
n232-194-226:234884:234936 [0] NCCL INFO Allocated shareable buffer 0x7f6504400000 size 2097152 ipcDesc 0x7f655400f170
n232-194-226:234884:234936 [0] NCCL INFO proxyProgressAsync opId=0x7f6516bbc360 op.type=3 op.reqBuff=0x7f655401f970 op.respSize=80 done
n232-194-226:234884:234901 [0] NCCL INFO ncclPollProxyResponse Received new opId=0x7f6516bbc360
n232-194-226:234884:234936 [0] NCCL INFO Received and initiated operation=Setup res=0
n232-194-226:234884:234901 [0] NCCL INFO recvOpId=0x7f6516bbc360 matches expected opId=0x7f6516bbc360
n232-194-226:234886:234902 [2] NCCL INFO Imported shareable buffer device 2 size 10485760 ptr 0x7f1376600000
n232-194-226:234885:234904 [1] NCCL INFO Imported shareable buffer device 1 size 10485760 ptr 0x7f381c600000
n232-194-226:234886:234902 [2] NCCL INFO Imported shareable buffer device 2 size 2097152 ptr 0x7f1377000000
n232-194-226:234885:234904 [1] NCCL INFO Imported shareable buffer device 1 size 2097152 ptr 0x7f381d000000
n232-194-226:234886:234902 [2] NCCL INFO Imported shareable buffer device 2 size 10485760 ptr 0x7f1377200000
n232-194-226:234885:234904 [1] NCCL INFO Imported shareable buffer device 1 size 10485760 ptr 0x7f381d200000
n232-194-226:234884:234901 [0] NCCL INFO Imported shareable buffer device 0 size 10485760 ptr 0x7f6504600000
n232-194-226:234887:234903 [3] NCCL INFO Imported shareable buffer device 3 size 10485760 ptr 0x7f72b6600000
n232-194-226:234886:234902 [2] NCCL INFO Imported shareable buffer device 2 size 2097152 ptr 0x7f1377c00000
n232-194-226:234885:234904 [1] NCCL INFO Imported shareable buffer device 1 size 2097152 ptr 0x7f381dc00000
n232-194-226:234884:234901 [0] NCCL INFO Imported shareable buffer device 0 size 2097152 ptr 0x7f6505000000
n232-194-226:234886:234902 [2] NCCL INFO Imported shareable buffer device 2 size 10485760 ptr 0x7f1374000000
n232-194-226:234887:234903 [3] NCCL INFO Imported shareable buffer device 3 size 2097152 ptr 0x7f72b7000000
n232-194-226:234885:234904 [1] NCCL INFO Imported shareable buffer device 1 size 10485760 ptr 0x7f381a000000
n232-194-226:234884:234901 [0] NCCL INFO Imported shareable buffer device 0 size 10485760 ptr 0x7f6505200000
n232-194-226:234886:234902 [2] NCCL INFO Imported shareable buffer device 2 size 2097152 ptr 0x7f1374a00000
n232-194-226:234887:234903 [3] NCCL INFO Imported shareable buffer device 3 size 10485760 ptr 0x7f72b7200000
n232-194-226:234885:234904 [1] NCCL INFO Imported shareable buffer device 1 size 2097152 ptr 0x7f381aa00000
n232-194-226:234886:234902 [2] NCCL INFO Imported shareable buffer device 2 size 10485760 ptr 0x7f1374c00000
n232-194-226:234887:234903 [3] NCCL INFO Imported shareable buffer device 3 size 2097152 ptr 0x7f72b7c00000
n232-194-226:234885:234904 [1] NCCL INFO Imported shareable buffer device 1 size 10485760 ptr 0x7f381ac00000
n232-194-226:234886:234902 [2] NCCL INFO Imported shareable buffer device 2 size 2097152 ptr 0x7f1375600000
n232-194-226:234887:234903 [3] NCCL INFO Imported shareable buffer device 3 size 10485760 ptr 0x7f72b4000000
n232-194-226:234884:234901 [0] NCCL INFO Imported shareable buffer device 0 size 2097152 ptr 0x7f6505c00000
n232-194-226:234885:234904 [1] NCCL INFO Imported shareable buffer device 1 size 2097152 ptr 0x7f381b600000
n232-194-226:234886:234902 [2] NCCL INFO Imported shareable buffer device 2 size 10485760 ptr 0x7f1372000000
n232-194-226:234887:234903 [3] NCCL INFO Imported shareable buffer device 3 size 2097152 ptr 0x7f72b4a00000
n232-194-226:234885:234904 [1] NCCL INFO Imported shareable buffer device 1 size 10485760 ptr 0x7f3818000000
n232-194-226:234884:234901 [0] NCCL INFO Imported shareable buffer device 0 size 10485760 ptr 0x7f6502000000
n232-194-226:234886:234902 [2] NCCL INFO Imported shareable buffer device 2 size 2097152 ptr 0x7f1372a00000
n232-194-226:234887:234903 [3] NCCL INFO Imported shareable buffer device 3 size 10485760 ptr 0x7f72b4c00000
n232-194-226:234884:234901 [0] NCCL INFO Imported shareable buffer device 0 size 2097152 ptr 0x7f6502a00000
n232-194-226:234886:234902 [2] NCCL INFO Imported shareable buffer device 2 size 10485760 ptr 0x7f1372c00000
n232-194-226:234887:234903 [3] NCCL INFO Imported shareable buffer device 3 size 2097152 ptr 0x7f72b5600000
n232-194-226:234884:234901 [0] NCCL INFO Imported shareable buffer device 0 size 10485760 ptr 0x7f6502c00000
n232-194-226:234885:234904 [1] NCCL INFO Imported shareable buffer device 1 size 2097152 ptr 0x7f3818a00000
n232-194-226:234887:234903 [3] NCCL INFO Imported shareable buffer device 3 size 10485760 ptr 0x7f72b2000000
n232-194-226:234884:234901 [0] NCCL INFO Imported shareable buffer device 0 size 2097152 ptr 0x7f6503600000
n232-194-226:234885:234904 [1] NCCL INFO Imported shareable buffer device 1 size 10485760 ptr 0x7f3818c00000
n232-194-226:234887:234903 [3] NCCL INFO Imported shareable buffer device 3 size 2097152 ptr 0x7f72b2a00000
n232-194-226:234886:234902 [2] NCCL INFO Imported shareable buffer device 2 size 2097152 ptr 0x7f1373600000
n232-194-226:234884:234901 [0] NCCL INFO Imported shareable buffer device 0 size 10485760 ptr 0x7f6500000000
n232-194-226:234885:234904 [1] NCCL INFO Imported shareable buffer device 1 size 2097152 ptr 0x7f3819600000
n232-194-226:234886:234902 [2] NCCL INFO Imported shareable buffer device 2 size 10485760 ptr 0x7f1370000000
n232-194-226:234884:234901 [0] NCCL INFO Imported shareable buffer device 0 size 2097152 ptr 0x7f6500a00000
n232-194-226:234885:234904 [1] NCCL INFO Imported shareable buffer device 1 size 10485760 ptr 0x7f3816000000
n232-194-226:234886:234902 [2] NCCL INFO Imported shareable buffer device 2 size 2097152 ptr 0x7f1370a00000
n232-194-226:234884:234901 [0] NCCL INFO Imported shareable buffer device 0 size 10485760 ptr 0x7f6500c00000
n232-194-226:234885:234904 [1] NCCL INFO Imported shareable buffer device 1 size 2097152 ptr 0x7f3816a00000
n232-194-226:234886:234902 [2] NCCL INFO Imported shareable buffer device 2 size 10485760 ptr 0x7f1370c00000
n232-194-226:234884:234901 [0] NCCL INFO Imported shareable buffer device 0 size 2097152 ptr 0x7f6501600000
n232-194-226:234885:234904 [1] NCCL INFO Imported shareable buffer device 1 size 10485760 ptr 0x7f3816c00000
n232-194-226:234887:234903 [3] NCCL INFO Imported shareable buffer device 3 size 10485760 ptr 0x7f72b2c00000
n232-194-226:234886:234902 [2] NCCL INFO Imported shareable buffer device 2 size 2097152 ptr 0x7f1371600000
n232-194-226:234884:234901 [0] NCCL INFO Imported shareable buffer device 0 size 10485760 ptr 0x7f64fe000000
n232-194-226:234885:234904 [1] NCCL INFO Imported shareable buffer device 1 size 2097152 ptr 0x7f3817600000
n232-194-226:234886:234902 [2] NCCL INFO Imported shareable buffer device 2 size 10485760 ptr 0x7f136e000000
n232-194-226:234884:234901 [0] NCCL INFO Imported shareable buffer device 0 size 2097152 ptr 0x7f64fea00000
n232-194-226:234887:234903 [3] NCCL INFO Imported shareable buffer device 3 size 2097152 ptr 0x7f72b3600000
n232-194-226:234885:234904 [1] NCCL INFO Imported shareable buffer device 1 size 10485760 ptr 0x7f3814000000
n232-194-226:234886:234902 [2] NCCL INFO Imported shareable buffer device 2 size 2097152 ptr 0x7f136ea00000
n232-194-226:234884:234901 [0] NCCL INFO Imported shareable buffer device 0 size 10485760 ptr 0x7f64fec00000
n232-194-226:234887:234903 [3] NCCL INFO Imported shareable buffer device 3 size 10485760 ptr 0x7f72b0000000
n232-194-226:234885:234904 [1] NCCL INFO Imported shareable buffer device 1 size 2097152 ptr 0x7f3814a00000
n232-194-226:234886:234902 [2] NCCL INFO Imported shareable buffer device 2 size 10485760 ptr 0x7f136ec00000
n232-194-226:234884:234901 [0] NCCL INFO Imported shareable buffer device 0 size 2097152 ptr 0x7f64ff600000
n232-194-226:234887:234903 [3] NCCL INFO Imported shareable buffer device 3 size 2097152 ptr 0x7f72b0a00000
n232-194-226:234885:234904 [1] NCCL INFO Imported shareable buffer device 1 size 10485760 ptr 0x7f3814c00000
n232-194-226:234886:234902 [2] NCCL INFO Imported shareable buffer device 2 size 2097152 ptr 0x7f136f600000
n232-194-226:234884:234901 [0] NCCL INFO Imported shareable buffer device 0 size 10485760 ptr 0x7f64fc000000
n232-194-226:234887:234903 [3] NCCL INFO Imported shareable buffer device 3 size 10485760 ptr 0x7f72b0c00000
n232-194-226:234885:234904 [1] NCCL INFO Imported shareable buffer device 1 size 2097152 ptr 0x7f3815600000
n232-194-226:234886:234902 [2] NCCL INFO Imported shareable buffer device 2 size 10485760 ptr 0x7f136c000000
n232-194-226:234884:234901 [0] NCCL INFO Imported shareable buffer device 0 size 2097152 ptr 0x7f64fca00000
n232-194-226:234887:234903 [3] NCCL INFO Imported shareable buffer device 3 size 2097152 ptr 0x7f72b1600000
n232-194-226:234885:234904 [1] NCCL INFO Imported shareable buffer device 1 size 10485760 ptr 0x7f3812000000
n232-194-226:234886:234902 [2] NCCL INFO Imported shareable buffer device 2 size 2097152 ptr 0x7f136ca00000
n232-194-226:234884:234901 [0] NCCL INFO Imported shareable buffer device 0 size 10485760 ptr 0x7f64fcc00000
n232-194-226:234887:234903 [3] NCCL INFO Imported shareable buffer device 3 size 10485760 ptr 0x7f72ae000000
n232-194-226:234885:234904 [1] NCCL INFO Imported shareable buffer device 1 size 2097152 ptr 0x7f3812a00000
n232-194-226:234886:234902 [2] NCCL INFO Imported shareable buffer device 2 size 10485760 ptr 0x7f136cc00000
n232-194-226:234884:234901 [0] NCCL INFO Imported shareable buffer device 0 size 2097152 ptr 0x7f64fd600000
n232-194-226:234887:234903 [3] NCCL INFO Imported shareable buffer device 3 size 2097152 ptr 0x7f72aea00000
n232-194-226:234885:234904 [1] NCCL INFO Imported shareable buffer device 1 size 10485760 ptr 0x7f3812c00000
n232-194-226:234886:234902 [2] NCCL INFO Imported shareable buffer device 2 size 2097152 ptr 0x7f136d600000
n232-194-226:234884:234901 [0] NCCL INFO Imported shareable buffer device 0 size 10485760 ptr 0x7f64fa000000
n232-194-226:234887:234903 [3] NCCL INFO Imported shareable buffer device 3 size 10485760 ptr 0x7f72aec00000
n232-194-226:234885:234904 [1] NCCL INFO Imported shareable buffer device 1 size 2097152 ptr 0x7f3813600000
n232-194-226:234886:234902 [2] NCCL INFO Imported shareable buffer device 2 size 10485760 ptr 0x7f136a000000
n232-194-226:234884:234901 [0] NCCL INFO Imported shareable buffer device 0 size 2097152 ptr 0x7f64faa00000
n232-194-226:234887:234903 [3] NCCL INFO Imported shareable buffer device 3 size 2097152 ptr 0x7f72af600000
n232-194-226:234885:234904 [1] NCCL INFO Imported shareable buffer device 1 size 10485760 ptr 0x7f3810000000
n232-194-226:234886:234902 [2] NCCL INFO Imported shareable buffer device 2 size 2097152 ptr 0x7f136aa00000
n232-194-226:234887:234903 [3] NCCL INFO Imported shareable buffer device 3 size 10485760 ptr 0x7f72ac000000
n232-194-226:234885:234904 [1] NCCL INFO Imported shareable buffer device 1 size 2097152 ptr 0x7f3810a00000
n232-194-226:234886:234902 [2] NCCL INFO Imported shareable buffer device 2 size 10485760 ptr 0x7f136ac00000
n232-194-226:234887:234903 [3] NCCL INFO Imported shareable buffer device 3 size 2097152 ptr 0x7f72aca00000
n232-194-226:234885:234904 [1] NCCL INFO Imported shareable buffer device 1 size 10485760 ptr 0x7f3810c00000
n232-194-226:234886:234902 [2] NCCL INFO Imported shareable buffer device 2 size 2097152 ptr 0x7f136b600000
n232-194-226:234884:234901 [0] NCCL INFO Imported shareable buffer device 0 size 10485760 ptr 0x7f64fac00000
n232-194-226:234887:234903 [3] NCCL INFO Imported shareable buffer device 3 size 10485760 ptr 0x7f72acc00000
n232-194-226:234885:234904 [1] NCCL INFO Imported shareable buffer device 1 size 2097152 ptr 0x7f3811600000
n232-194-226:234886:234902 [2] NCCL INFO Imported shareable buffer device 2 size 10485760 ptr 0x7f1368000000
n232-194-226:234884:234901 [0] NCCL INFO Imported shareable buffer device 0 size 2097152 ptr 0x7f64fb600000
n232-194-226:234887:234903 [3] NCCL INFO Imported shareable buffer device 3 size 2097152 ptr 0x7f72ad600000
n232-194-226:234885:234904 [1] NCCL INFO Imported shareable buffer device 1 size 10485760 ptr 0x7f380e000000
n232-194-226:234886:234902 [2] NCCL INFO Imported shareable buffer device 2 size 2097152 ptr 0x7f1368a00000
n232-194-226:234884:234901 [0] NCCL INFO Imported shareable buffer device 0 size 10485760 ptr 0x7f64f8000000
n232-194-226:234887:234903 [3] NCCL INFO Imported shareable buffer device 3 size 10485760 ptr 0x7f72aa000000
