n232-194-226:235008:235044 [0] NCCL INFO Ring 09 : 7 -> 0 -> 1
n232-194-226:235008:235044 [0] NCCL INFO Ring 10 : 7 -> 0 -> 1
n232-194-226:235008:235044 [0] NCCL INFO Ring 11 : 7 -> 0 -> 1
n232-194-226:235008:235044 [0] NCCL INFO Ring 12 : 7 -> 0 -> 1
n232-194-226:235008:235044 [0] NCCL INFO Ring 13 : 7 -> 0 -> 1
n232-194-226:235008:235044 [0] NCCL INFO Ring 14 : 7 -> 0 -> 1
n232-194-226:235008:235044 [0] NCCL INFO Ring 15 : 7 -> 0 -> 1
n232-194-226:235008:235044 [0] NCCL INFO Trees [0] 1/-1/-1->0->-1 [1] 1/-1/-1->0->-1 [2] 1/-1/-1->0->-1 [3] 1/-1/-1->0->-1 [4] 1/-1/-1->0->-1 [5] 1/-1/-1->0->-1 [6] 1/-1/-1->0->-1 [7] 1/-1/-1->0->-1 [8] 1/-1/-1->0->-1 [9] 1/-1/-1->0->-1 [10] 1/-1/-1->0->-1 [11] 1/-1/-1->0->-1 [12] 1/-1/-1->0->-1 [13] 1/-1/-1->0->-1 [14] 1/-1/-1->0->-1 [15] 1/-1/-1->0->-1
n232-194-226:235008:235044 [0] NCCL INFO P2P Chunksize set to 524288
n232-194-226:235015:235045 [7] NCCL INFO misc/utils.cc:235 memory stack hunk malloc(65536)
n232-194-226:235012:235047 [4] NCCL INFO misc/utils.cc:235 memory stack hunk malloc(65536)
n232-194-226:235011:235042 [3] NCCL INFO misc/utils.cc:235 memory stack hunk malloc(65536)
n232-194-226:235014:235041 [6] NCCL INFO misc/utils.cc:235 memory stack hunk malloc(65536)
n232-194-226:235008:235044 [0] NCCL INFO misc/utils.cc:235 memory stack hunk malloc(65536)
n232-194-226:235010:235043 [2] NCCL INFO misc/utils.cc:235 memory stack hunk malloc(65536)
n232-194-226:235009:235048 [1] NCCL INFO misc/utils.cc:235 memory stack hunk malloc(65536)
n232-194-226:235013:235046 [5] NCCL INFO channel.cc:40 Cuda Alloc Size 3072 pointer 0x7f4b52400000
n232-194-226:235013:235046 [5] NCCL INFO channel.cc:43 Cuda Alloc Size 136 pointer 0x7f4b52400c00
n232-194-226:235013:235046 [5] NCCL INFO channel.cc:54 Cuda Alloc Size 32 pointer 0x7f4b52400e00
n232-194-226:235013:235046 [5] NCCL INFO channel.cc:40 Cuda Alloc Size 3072 pointer 0x7f4b52401000
n232-194-226:235013:235046 [5] NCCL INFO channel.cc:43 Cuda Alloc Size 136 pointer 0x7f4b52401c00
n232-194-226:235013:235046 [5] NCCL INFO channel.cc:54 Cuda Alloc Size 32 pointer 0x7f4b52401e00
n232-194-226:235013:235046 [5] NCCL INFO channel.cc:40 Cuda Alloc Size 3072 pointer 0x7f4b52402000
n232-194-226:235013:235046 [5] NCCL INFO channel.cc:43 Cuda Alloc Size 136 pointer 0x7f4b52402c00
n232-194-226:235013:235046 [5] NCCL INFO channel.cc:54 Cuda Alloc Size 32 pointer 0x7f4b52402e00
n232-194-226:235013:235046 [5] NCCL INFO channel.cc:40 Cuda Alloc Size 3072 pointer 0x7f4b52403000
n232-194-226:235013:235046 [5] NCCL INFO channel.cc:43 Cuda Alloc Size 136 pointer 0x7f4b52403c00
n232-194-226:235013:235046 [5] NCCL INFO channel.cc:54 Cuda Alloc Size 32 pointer 0x7f4b52403e00
n232-194-226:235013:235046 [5] NCCL INFO channel.cc:40 Cuda Alloc Size 3072 pointer 0x7f4b52404000
n232-194-226:235013:235046 [5] NCCL INFO channel.cc:43 Cuda Alloc Size 136 pointer 0x7f4b52404c00
n232-194-226:235013:235046 [5] NCCL INFO channel.cc:54 Cuda Alloc Size 32 pointer 0x7f4b52404e00
n232-194-226:235013:235046 [5] NCCL INFO channel.cc:40 Cuda Alloc Size 3072 pointer 0x7f4b52405000
n232-194-226:235013:235046 [5] NCCL INFO channel.cc:43 Cuda Alloc Size 136 pointer 0x7f4b52405c00
n232-194-226:235013:235046 [5] NCCL INFO channel.cc:54 Cuda Alloc Size 32 pointer 0x7f4b52405e00
n232-194-226:235013:235046 [5] NCCL INFO channel.cc:40 Cuda Alloc Size 3072 pointer 0x7f4b52406000
n232-194-226:235013:235046 [5] NCCL INFO channel.cc:43 Cuda Alloc Size 136 pointer 0x7f4b52406c00
n232-194-226:235013:235046 [5] NCCL INFO channel.cc:54 Cuda Alloc Size 32 pointer 0x7f4b52406e00
n232-194-226:235013:235046 [5] NCCL INFO channel.cc:40 Cuda Alloc Size 3072 pointer 0x7f4b52407000
n232-194-226:235013:235046 [5] NCCL INFO channel.cc:43 Cuda Alloc Size 136 pointer 0x7f4b52407c00
n232-194-226:235013:235046 [5] NCCL INFO channel.cc:54 Cuda Alloc Size 32 pointer 0x7f4b52407e00
n232-194-226:235013:235046 [5] NCCL INFO channel.cc:40 Cuda Alloc Size 3072 pointer 0x7f4b52408000
n232-194-226:235013:235046 [5] NCCL INFO channel.cc:43 Cuda Alloc Size 136 pointer 0x7f4b52408c00
n232-194-226:235013:235046 [5] NCCL INFO channel.cc:54 Cuda Alloc Size 32 pointer 0x7f4b52408e00
n232-194-226:235013:235046 [5] NCCL INFO channel.cc:40 Cuda Alloc Size 3072 pointer 0x7f4b52409000
n232-194-226:235013:235046 [5] NCCL INFO channel.cc:43 Cuda Alloc Size 136 pointer 0x7f4b52409c00
n232-194-226:235013:235046 [5] NCCL INFO channel.cc:54 Cuda Alloc Size 32 pointer 0x7f4b52409e00
n232-194-226:235013:235046 [5] NCCL INFO channel.cc:40 Cuda Alloc Size 3072 pointer 0x7f4b5240a000
n232-194-226:235013:235046 [5] NCCL INFO channel.cc:43 Cuda Alloc Size 136 pointer 0x7f4b5240ac00
n232-194-226:235013:235046 [5] NCCL INFO channel.cc:54 Cuda Alloc Size 32 pointer 0x7f4b5240ae00
n232-194-226:235013:235046 [5] NCCL INFO channel.cc:40 Cuda Alloc Size 3072 pointer 0x7f4b5240b000
n232-194-226:235013:235046 [5] NCCL INFO channel.cc:43 Cuda Alloc Size 136 pointer 0x7f4b5240bc00
n232-194-226:235013:235046 [5] NCCL INFO channel.cc:54 Cuda Alloc Size 32 pointer 0x7f4b5240be00
n232-194-226:235013:235046 [5] NCCL INFO channel.cc:40 Cuda Alloc Size 3072 pointer 0x7f4b5240c000
n232-194-226:235013:235046 [5] NCCL INFO channel.cc:43 Cuda Alloc Size 136 pointer 0x7f4b5240cc00
n232-194-226:235013:235046 [5] NCCL INFO channel.cc:54 Cuda Alloc Size 32 pointer 0x7f4b5240ce00
n232-194-226:235013:235046 [5] NCCL INFO channel.cc:40 Cuda Alloc Size 3072 pointer 0x7f4b5240d000
n232-194-226:235012:235047 [4] NCCL INFO channel.cc:40 Cuda Alloc Size 3072 pointer 0x7ff822400000
n232-194-226:235013:235046 [5] NCCL INFO channel.cc:43 Cuda Alloc Size 136 pointer 0x7f4b5240dc00
n232-194-226:235012:235047 [4] NCCL INFO channel.cc:43 Cuda Alloc Size 136 pointer 0x7ff822400c00
n232-194-226:235013:235046 [5] NCCL INFO channel.cc:54 Cuda Alloc Size 32 pointer 0x7f4b5240de00
n232-194-226:235013:235046 [5] NCCL INFO channel.cc:40 Cuda Alloc Size 3072 pointer 0x7f4b5240e000
n232-194-226:235013:235046 [5] NCCL INFO channel.cc:43 Cuda Alloc Size 136 pointer 0x7f4b5240ec00
n232-194-226:235013:235046 [5] NCCL INFO channel.cc:54 Cuda Alloc Size 32 pointer 0x7f4b5240ee00
n232-194-226:235013:235046 [5] NCCL INFO channel.cc:40 Cuda Alloc Size 3072 pointer 0x7f4b5240f000
n232-194-226:235011:235042 [3] NCCL INFO channel.cc:40 Cuda Alloc Size 3072 pointer 0x7f8452400000
n232-194-226:235012:235047 [4] NCCL INFO channel.cc:54 Cuda Alloc Size 32 pointer 0x7ff822400e00
n232-194-226:235013:235046 [5] NCCL INFO channel.cc:43 Cuda Alloc Size 136 pointer 0x7f4b5240fc00
n232-194-226:235011:235042 [3] NCCL INFO channel.cc:43 Cuda Alloc Size 136 pointer 0x7f8452400c00
n232-194-226:235013:235046 [5] NCCL INFO channel.cc:54 Cuda Alloc Size 32 pointer 0x7f4b5240fe00
n232-194-226:235012:235047 [4] NCCL INFO channel.cc:40 Cuda Alloc Size 3072 pointer 0x7ff822401000
n232-194-226:235012:235047 [4] NCCL INFO channel.cc:43 Cuda Alloc Size 136 pointer 0x7ff822401c00
n232-194-226:235008:235044 [0] NCCL INFO channel.cc:40 Cuda Alloc Size 3072 pointer 0x7fec4a400000
n232-194-226:235014:235041 [6] NCCL INFO channel.cc:40 Cuda Alloc Size 3072 pointer 0x7faa3e400000
n232-194-226:235015:235045 [7] NCCL INFO channel.cc:40 Cuda Alloc Size 3072 pointer 0x7fe18e400000
n232-194-226:235008:235044 [0] NCCL INFO channel.cc:43 Cuda Alloc Size 136 pointer 0x7fec4a400c00
n232-194-226:235015:235045 [7] NCCL INFO channel.cc:43 Cuda Alloc Size 136 pointer 0x7fe18e400c00
n232-194-226:235014:235041 [6] NCCL INFO channel.cc:43 Cuda Alloc Size 136 pointer 0x7faa3e400c00
n232-194-226:235012:235047 [4] NCCL INFO channel.cc:54 Cuda Alloc Size 32 pointer 0x7ff822401e00
n232-194-226:235012:235047 [4] NCCL INFO channel.cc:40 Cuda Alloc Size 3072 pointer 0x7ff822402000
n232-194-226:235015:235045 [7] NCCL INFO channel.cc:54 Cuda Alloc Size 32 pointer 0x7fe18e400e00
n232-194-226:235012:235047 [4] NCCL INFO channel.cc:43 Cuda Alloc Size 136 pointer 0x7ff822402c00
n232-194-226:235008:235044 [0] NCCL INFO channel.cc:54 Cuda Alloc Size 32 pointer 0x7fec4a400e00
n232-194-226:235009:235048 [1] NCCL INFO channel.cc:40 Cuda Alloc Size 3072 pointer 0x7fd926400000
n232-194-226:235011:235042 [3] NCCL INFO channel.cc:54 Cuda Alloc Size 32 pointer 0x7f8452400e00
n232-194-226:235008:235044 [0] NCCL INFO channel.cc:40 Cuda Alloc Size 3072 pointer 0x7fec4a401000
n232-194-226:235008:235044 [0] NCCL INFO channel.cc:43 Cuda Alloc Size 136 pointer 0x7fec4a401c00
n232-194-226:235012:235047 [4] NCCL INFO channel.cc:54 Cuda Alloc Size 32 pointer 0x7ff822402e00
n232-194-226:235015:235045 [7] NCCL INFO channel.cc:40 Cuda Alloc Size 3072 pointer 0x7fe18e401000
n232-194-226:235015:235045 [7] NCCL INFO channel.cc:43 Cuda Alloc Size 136 pointer 0x7fe18e401c00
n232-194-226:235014:235041 [6] NCCL INFO channel.cc:54 Cuda Alloc Size 32 pointer 0x7faa3e400e00
n232-194-226:235011:235042 [3] NCCL INFO channel.cc:40 Cuda Alloc Size 3072 pointer 0x7f8452401000
n232-194-226:235012:235047 [4] NCCL INFO channel.cc:40 Cuda Alloc Size 3072 pointer 0x7ff822403000
n232-194-226:235011:235042 [3] NCCL INFO channel.cc:43 Cuda Alloc Size 136 pointer 0x7f8452401c00
n232-194-226:235012:235047 [4] NCCL INFO channel.cc:43 Cuda Alloc Size 136 pointer 0x7ff822403c00
n232-194-226:235008:235044 [0] NCCL INFO channel.cc:54 Cuda Alloc Size 32 pointer 0x7fec4a401e00
n232-194-226:235009:235048 [1] NCCL INFO channel.cc:43 Cuda Alloc Size 136 pointer 0x7fd926400c00
n232-194-226:235015:235045 [7] NCCL INFO channel.cc:54 Cuda Alloc Size 32 pointer 0x7fe18e401e00
n232-194-226:235014:235041 [6] NCCL INFO channel.cc:40 Cuda Alloc Size 3072 pointer 0x7faa3e401000
n232-194-226:235008:235044 [0] NCCL INFO channel.cc:40 Cuda Alloc Size 3072 pointer 0x7fec4a402000
n232-194-226:235013:235105 [5] NCCL INFO Mem Realloc old size 0, new size 8 pointer 0x7f4b4c002f10
n232-194-226:235014:235041 [6] NCCL INFO channel.cc:43 Cuda Alloc Size 136 pointer 0x7faa3e401c00
n232-194-226:235008:235044 [0] NCCL INFO channel.cc:43 Cuda Alloc Size 136 pointer 0x7fec4a402c00
n232-194-226:235015:235045 [7] NCCL INFO channel.cc:40 Cuda Alloc Size 3072 pointer 0x7fe18e402000
n232-194-226:235013:235105 [5] NCCL INFO New proxy recv connection 0 from local rank 5, transport 0
n232-194-226:235011:235042 [3] NCCL INFO channel.cc:54 Cuda Alloc Size 32 pointer 0x7f8452401e00
n232-194-226:235013:235105 [5] NCCL INFO proxyProgressAsync opId=0x7f4b56bbc6f0 op.type=1 op.reqBuff=0x7f4b4c002ed0 op.respSize=16 done
n232-194-226:235015:235045 [7] NCCL INFO channel.cc:43 Cuda Alloc Size 136 pointer 0x7fe18e402c00
n232-194-226:235012:235047 [4] NCCL INFO channel.cc:54 Cuda Alloc Size 32 pointer 0x7ff822403e00
n232-194-226:235011:235042 [3] NCCL INFO channel.cc:40 Cuda Alloc Size 3072 pointer 0x7f8452402000
n232-194-226:235013:235046 [5] NCCL INFO ncclPollProxyResponse Received new opId=0x7f4b56bbc6f0
n232-194-226:235011:235042 [3] NCCL INFO channel.cc:43 Cuda Alloc Size 136 pointer 0x7f8452402c00
n232-194-226:235012:235047 [4] NCCL INFO channel.cc:40 Cuda Alloc Size 3072 pointer 0x7ff822404000
n232-194-226:235008:235044 [0] NCCL INFO channel.cc:54 Cuda Alloc Size 32 pointer 0x7fec4a402e00
n232-194-226:235013:235105 [5] NCCL INFO Received and initiated operation=Init res=0
n232-194-226:235015:235045 [7] NCCL INFO channel.cc:54 Cuda Alloc Size 32 pointer 0x7fe18e402e00
n232-194-226:235014:235041 [6] NCCL INFO channel.cc:54 Cuda Alloc Size 32 pointer 0x7faa3e401e00
n232-194-226:235012:235047 [4] NCCL INFO channel.cc:43 Cuda Alloc Size 136 pointer 0x7ff822404c00
n232-194-226:235013:235046 [5] NCCL INFO recvOpId=0x7f4b56bbc6f0 matches expected opId=0x7f4b56bbc6f0
n232-194-226:235008:235044 [0] NCCL INFO channel.cc:40 Cuda Alloc Size 3072 pointer 0x7fec4a403000
n232-194-226:235015:235045 [7] NCCL INFO channel.cc:40 Cuda Alloc Size 3072 pointer 0x7fe18e403000
n232-194-226:235013:235046 [5] NCCL INFO Connection to proxy localRank 5 -> connection 0x7f4b4c003150
n232-194-226:235008:235044 [0] NCCL INFO channel.cc:43 Cuda Alloc Size 136 pointer 0x7fec4a403c00
n232-194-226:235015:235045 [7] NCCL INFO channel.cc:43 Cuda Alloc Size 136 pointer 0x7fe18e403c00
n232-194-226:235014:235041 [6] NCCL INFO channel.cc:40 Cuda Alloc Size 3072 pointer 0x7faa3e402000
n232-194-226:235011:235042 [3] NCCL INFO channel.cc:54 Cuda Alloc Size 32 pointer 0x7f8452402e00
n232-194-226:235014:235041 [6] NCCL INFO channel.cc:43 Cuda Alloc Size 136 pointer 0x7faa3e402c00
n232-194-226:235009:235048 [1] NCCL INFO channel.cc:54 Cuda Alloc Size 32 pointer 0x7fd926400e00
n232-194-226:235011:235042 [3] NCCL INFO channel.cc:40 Cuda Alloc Size 3072 pointer 0x7f8452403000
n232-194-226:235011:235042 [3] NCCL INFO channel.cc:43 Cuda Alloc Size 136 pointer 0x7f8452403c00
n232-194-226:235015:235045 [7] NCCL INFO channel.cc:54 Cuda Alloc Size 32 pointer 0x7fe18e403e00
n232-194-226:235012:235047 [4] NCCL INFO channel.cc:54 Cuda Alloc Size 32 pointer 0x7ff822404e00
n232-194-226:235008:235044 [0] NCCL INFO channel.cc:54 Cuda Alloc Size 32 pointer 0x7fec4a403e00
n232-194-226:235015:235045 [7] NCCL INFO channel.cc:40 Cuda Alloc Size 3072 pointer 0x7fe18e404000
n232-194-226:235009:235048 [1] NCCL INFO channel.cc:40 Cuda Alloc Size 3072 pointer 0x7fd926401000
n232-194-226:235008:235044 [0] NCCL INFO channel.cc:40 Cuda Alloc Size 3072 pointer 0x7fec4a404000
n232-194-226:235012:235047 [4] NCCL INFO channel.cc:40 Cuda Alloc Size 3072 pointer 0x7ff822405000
n232-194-226:235009:235048 [1] NCCL INFO channel.cc:43 Cuda Alloc Size 136 pointer 0x7fd926401c00
n232-194-226:235015:235045 [7] NCCL INFO channel.cc:43 Cuda Alloc Size 136 pointer 0x7fe18e404c00
n232-194-226:235014:235041 [6] NCCL INFO channel.cc:54 Cuda Alloc Size 32 pointer 0x7faa3e402e00
n232-194-226:235012:235047 [4] NCCL INFO channel.cc:43 Cuda Alloc Size 136 pointer 0x7ff822405c00
n232-194-226:235008:235044 [0] NCCL INFO channel.cc:43 Cuda Alloc Size 136 pointer 0x7fec4a404c00
n232-194-226:235011:235042 [3] NCCL INFO channel.cc:54 Cuda Alloc Size 32 pointer 0x7f8452403e00
n232-194-226:235014:235041 [6] NCCL INFO channel.cc:40 Cuda Alloc Size 3072 pointer 0x7faa3e403000
n232-194-226:235015:235045 [7] NCCL INFO channel.cc:54 Cuda Alloc Size 32 pointer 0x7fe18e404e00
n232-194-226:235014:235041 [6] NCCL INFO channel.cc:43 Cuda Alloc Size 136 pointer 0x7faa3e403c00
n232-194-226:235011:235042 [3] NCCL INFO channel.cc:40 Cuda Alloc Size 3072 pointer 0x7f8452404000
n232-194-226:235009:235048 [1] NCCL INFO channel.cc:54 Cuda Alloc Size 32 pointer 0x7fd926401e00
n232-194-226:235008:235044 [0] NCCL INFO channel.cc:54 Cuda Alloc Size 32 pointer 0x7fec4a404e00
n232-194-226:235011:235042 [3] NCCL INFO channel.cc:43 Cuda Alloc Size 136 pointer 0x7f8452404c00
n232-194-226:235015:235045 [7] NCCL INFO channel.cc:40 Cuda Alloc Size 3072 pointer 0x7fe18e405000
n232-194-226:235012:235047 [4] NCCL INFO channel.cc:54 Cuda Alloc Size 32 pointer 0x7ff822405e00
n232-194-226:235009:235048 [1] NCCL INFO channel.cc:40 Cuda Alloc Size 3072 pointer 0x7fd926402000
n232-194-226:235015:235045 [7] NCCL INFO channel.cc:43 Cuda Alloc Size 136 pointer 0x7fe18e405c00
n232-194-226:235009:235048 [1] NCCL INFO channel.cc:43 Cuda Alloc Size 136 pointer 0x7fd926402c00
n232-194-226:235008:235044 [0] NCCL INFO channel.cc:40 Cuda Alloc Size 3072 pointer 0x7fec4a405000
n232-194-226:235008:235044 [0] NCCL INFO channel.cc:43 Cuda Alloc Size 136 pointer 0x7fec4a405c00
n232-194-226:235012:235047 [4] NCCL INFO channel.cc:40 Cuda Alloc Size 3072 pointer 0x7ff822406000
n232-194-226:235014:235041 [6] NCCL INFO channel.cc:54 Cuda Alloc Size 32 pointer 0x7faa3e403e00
n232-194-226:235015:235045 [7] NCCL INFO channel.cc:54 Cuda Alloc Size 32 pointer 0x7fe18e405e00
n232-194-226:235012:235047 [4] NCCL INFO channel.cc:43 Cuda Alloc Size 136 pointer 0x7ff822406c00
n232-194-226:235011:235042 [3] NCCL INFO channel.cc:54 Cuda Alloc Size 32 pointer 0x7f8452404e00
n232-194-226:235009:235048 [1] NCCL INFO channel.cc:54 Cuda Alloc Size 32 pointer 0x7fd926402e00
n232-194-226:235014:235041 [6] NCCL INFO channel.cc:40 Cuda Alloc Size 3072 pointer 0x7faa3e404000
n232-194-226:235015:235045 [7] NCCL INFO channel.cc:40 Cuda Alloc Size 3072 pointer 0x7fe18e406000
n232-194-226:235011:235042 [3] NCCL INFO channel.cc:40 Cuda Alloc Size 3072 pointer 0x7f8452405000
n232-194-226:235008:235044 [0] NCCL INFO channel.cc:54 Cuda Alloc Size 32 pointer 0x7fec4a405e00
n232-194-226:235015:235045 [7] NCCL INFO channel.cc:43 Cuda Alloc Size 136 pointer 0x7fe18e406c00
n232-194-226:235014:235041 [6] NCCL INFO channel.cc:43 Cuda Alloc Size 136 pointer 0x7faa3e404c00
n232-194-226:235011:235042 [3] NCCL INFO channel.cc:43 Cuda Alloc Size 136 pointer 0x7f8452405c00
n232-194-226:235009:235048 [1] NCCL INFO channel.cc:40 Cuda Alloc Size 3072 pointer 0x7fd926403000
n232-194-226:235008:235044 [0] NCCL INFO channel.cc:40 Cuda Alloc Size 3072 pointer 0x7fec4a406000
n232-194-226:235009:235048 [1] NCCL INFO channel.cc:43 Cuda Alloc Size 136 pointer 0x7fd926403c00
n232-194-226:235008:235044 [0] NCCL INFO channel.cc:43 Cuda Alloc Size 136 pointer 0x7fec4a406c00
n232-194-226:235012:235047 [4] NCCL INFO channel.cc:54 Cuda Alloc Size 32 pointer 0x7ff822406e00
n232-194-226:235015:235045 [7] NCCL INFO channel.cc:54 Cuda Alloc Size 32 pointer 0x7fe18e406e00
n232-194-226:235011:235042 [3] NCCL INFO channel.cc:54 Cuda Alloc Size 32 pointer 0x7f8452405e00
n232-194-226:235012:235047 [4] NCCL INFO channel.cc:40 Cuda Alloc Size 3072 pointer 0x7ff822407000
n232-194-226:235015:235045 [7] NCCL INFO channel.cc:40 Cuda Alloc Size 3072 pointer 0x7fe18e407000
n232-194-226:235015:235045 [7] NCCL INFO channel.cc:43 Cuda Alloc Size 136 pointer 0x7fe18e407c00
n232-194-226:235014:235041 [6] NCCL INFO channel.cc:54 Cuda Alloc Size 32 pointer 0x7faa3e404e00
n232-194-226:235012:235047 [4] NCCL INFO channel.cc:43 Cuda Alloc Size 136 pointer 0x7ff822407c00
n232-194-226:235008:235044 [0] NCCL INFO channel.cc:54 Cuda Alloc Size 32 pointer 0x7fec4a406e00
n232-194-226:235009:235048 [1] NCCL INFO channel.cc:54 Cuda Alloc Size 32 pointer 0x7fd926403e00
n232-194-226:235011:235042 [3] NCCL INFO channel.cc:40 Cuda Alloc Size 3072 pointer 0x7f8452406000
n232-194-226:235011:235042 [3] NCCL INFO channel.cc:43 Cuda Alloc Size 136 pointer 0x7f8452406c00
n232-194-226:235014:235041 [6] NCCL INFO channel.cc:40 Cuda Alloc Size 3072 pointer 0x7faa3e405000
n232-194-226:235008:235044 [0] NCCL INFO channel.cc:40 Cuda Alloc Size 3072 pointer 0x7fec4a407000
n232-194-226:235009:235048 [1] NCCL INFO channel.cc:40 Cuda Alloc Size 3072 pointer 0x7fd926404000
n232-194-226:235015:235045 [7] NCCL INFO channel.cc:54 Cuda Alloc Size 32 pointer 0x7fe18e407e00
n232-194-226:235008:235044 [0] NCCL INFO channel.cc:43 Cuda Alloc Size 136 pointer 0x7fec4a407c00
n232-194-226:235009:235048 [1] NCCL INFO channel.cc:43 Cuda Alloc Size 136 pointer 0x7fd926404c00
n232-194-226:235014:235041 [6] NCCL INFO channel.cc:43 Cuda Alloc Size 136 pointer 0x7faa3e405c00
n232-194-226:235015:235045 [7] NCCL INFO channel.cc:40 Cuda Alloc Size 3072 pointer 0x7fe18e408000
n232-194-226:235012:235047 [4] NCCL INFO channel.cc:54 Cuda Alloc Size 32 pointer 0x7ff822407e00
n232-194-226:235015:235045 [7] NCCL INFO channel.cc:43 Cuda Alloc Size 136 pointer 0x7fe18e408c00
n232-194-226:235011:235042 [3] NCCL INFO channel.cc:54 Cuda Alloc Size 32 pointer 0x7f8452406e00
n232-194-226:235008:235044 [0] NCCL INFO channel.cc:54 Cuda Alloc Size 32 pointer 0x7fec4a407e00
n232-194-226:235012:235047 [4] NCCL INFO channel.cc:40 Cuda Alloc Size 3072 pointer 0x7ff822408000
n232-194-226:235011:235042 [3] NCCL INFO channel.cc:40 Cuda Alloc Size 3072 pointer 0x7f8452407000
n232-194-226:235009:235048 [1] NCCL INFO channel.cc:54 Cuda Alloc Size 32 pointer 0x7fd926404e00
n232-194-226:235014:235041 [6] NCCL INFO channel.cc:54 Cuda Alloc Size 32 pointer 0x7faa3e405e00
n232-194-226:235012:235047 [4] NCCL INFO channel.cc:43 Cuda Alloc Size 136 pointer 0x7ff822408c00
n232-194-226:235015:235045 [7] NCCL INFO channel.cc:54 Cuda Alloc Size 32 pointer 0x7fe18e408e00
n232-194-226:235011:235042 [3] NCCL INFO channel.cc:43 Cuda Alloc Size 136 pointer 0x7f8452407c00
n232-194-226:235010:235043 [2] NCCL INFO channel.cc:40 Cuda Alloc Size 3072 pointer 0x7faf4e400000
n232-194-226:235008:235044 [0] NCCL INFO channel.cc:40 Cuda Alloc Size 3072 pointer 0x7fec4a408000
n232-194-226:235009:235048 [1] NCCL INFO channel.cc:40 Cuda Alloc Size 3072 pointer 0x7fd926405000
n232-194-226:235008:235044 [0] NCCL INFO channel.cc:43 Cuda Alloc Size 136 pointer 0x7fec4a408c00
n232-194-226:235015:235045 [7] NCCL INFO channel.cc:40 Cuda Alloc Size 3072 pointer 0x7fe18e409000
n232-194-226:235014:235041 [6] NCCL INFO channel.cc:40 Cuda Alloc Size 3072 pointer 0x7faa3e406000
n232-194-226:235015:235045 [7] NCCL INFO channel.cc:43 Cuda Alloc Size 136 pointer 0x7fe18e409c00
n232-194-226:235009:235048 [1] NCCL INFO channel.cc:43 Cuda Alloc Size 136 pointer 0x7fd926405c00
n232-194-226:235014:235041 [6] NCCL INFO channel.cc:43 Cuda Alloc Size 136 pointer 0x7faa3e406c00
n232-194-226:235012:235047 [4] NCCL INFO channel.cc:54 Cuda Alloc Size 32 pointer 0x7ff822408e00
n232-194-226:235011:235042 [3] NCCL INFO channel.cc:54 Cuda Alloc Size 32 pointer 0x7f8452407e00
n232-194-226:235010:235043 [2] NCCL INFO channel.cc:43 Cuda Alloc Size 136 pointer 0x7faf4e400c00
n232-194-226:235008:235044 [0] NCCL INFO channel.cc:54 Cuda Alloc Size 32 pointer 0x7fec4a408e00
n232-194-226:235015:235045 [7] NCCL INFO channel.cc:54 Cuda Alloc Size 32 pointer 0x7fe18e409e00
n232-194-226:235011:235042 [3] NCCL INFO channel.cc:40 Cuda Alloc Size 3072 pointer 0x7f8452408000
n232-194-226:235009:235048 [1] NCCL INFO channel.cc:54 Cuda Alloc Size 32 pointer 0x7fd926405e00
n232-194-226:235008:235044 [0] NCCL INFO channel.cc:40 Cuda Alloc Size 3072 pointer 0x7fec4a409000
n232-194-226:235011:235042 [3] NCCL INFO channel.cc:43 Cuda Alloc Size 136 pointer 0x7f8452408c00
n232-194-226:235015:235045 [7] NCCL INFO channel.cc:40 Cuda Alloc Size 3072 pointer 0x7fe18e40a000
n232-194-226:235012:235047 [4] NCCL INFO channel.cc:40 Cuda Alloc Size 3072 pointer 0x7ff822409000
n232-194-226:235008:235044 [0] NCCL INFO channel.cc:43 Cuda Alloc Size 136 pointer 0x7fec4a409c00
n232-194-226:235015:235045 [7] NCCL INFO channel.cc:43 Cuda Alloc Size 136 pointer 0x7fe18e40ac00
n232-194-226:235009:235048 [1] NCCL INFO channel.cc:40 Cuda Alloc Size 3072 pointer 0x7fd926406000
n232-194-226:235012:235047 [4] NCCL INFO channel.cc:43 Cuda Alloc Size 136 pointer 0x7ff822409c00
n232-194-226:235014:235041 [6] NCCL INFO channel.cc:54 Cuda Alloc Size 32 pointer 0x7faa3e406e00
n232-194-226:235009:235048 [1] NCCL INFO channel.cc:43 Cuda Alloc Size 136 pointer 0x7fd926406c00
n232-194-226:235014:235041 [6] NCCL INFO channel.cc:40 Cuda Alloc Size 3072 pointer 0x7faa3e407000
n232-194-226:235011:235042 [3] NCCL INFO channel.cc:54 Cuda Alloc Size 32 pointer 0x7f8452408e00
n232-194-226:235015:235045 [7] NCCL INFO channel.cc:54 Cuda Alloc Size 32 pointer 0x7fe18e40ae00
n232-194-226:235008:235044 [0] NCCL INFO channel.cc:54 Cuda Alloc Size 32 pointer 0x7fec4a409e00
n232-194-226:235014:235041 [6] NCCL INFO channel.cc:43 Cuda Alloc Size 136 pointer 0x7faa3e407c00
n232-194-226:235008:235044 [0] NCCL INFO channel.cc:40 Cuda Alloc Size 3072 pointer 0x7fec4a40a000
n232-194-226:235015:235045 [7] NCCL INFO channel.cc:40 Cuda Alloc Size 3072 pointer 0x7fe18e40b000
n232-194-226:235011:235042 [3] NCCL INFO channel.cc:40 Cuda Alloc Size 3072 pointer 0x7f8452409000
n232-194-226:235009:235048 [1] NCCL INFO channel.cc:54 Cuda Alloc Size 32 pointer 0x7fd926406e00
n232-194-226:235012:235047 [4] NCCL INFO channel.cc:54 Cuda Alloc Size 32 pointer 0x7ff822409e00
n232-194-226:235015:235045 [7] NCCL INFO channel.cc:43 Cuda Alloc Size 136 pointer 0x7fe18e40bc00
n232-194-226:235008:235044 [0] NCCL INFO channel.cc:43 Cuda Alloc Size 136 pointer 0x7fec4a40ac00
n232-194-226:235011:235042 [3] NCCL INFO channel.cc:43 Cuda Alloc Size 136 pointer 0x7f8452409c00
n232-194-226:235009:235048 [1] NCCL INFO channel.cc:40 Cuda Alloc Size 3072 pointer 0x7fd926407000
n232-194-226:235012:235047 [4] NCCL INFO channel.cc:40 Cuda Alloc Size 3072 pointer 0x7ff82240a000
n232-194-226:235009:235048 [1] NCCL INFO channel.cc:43 Cuda Alloc Size 136 pointer 0x7fd926407c00
n232-194-226:235012:235047 [4] NCCL INFO channel.cc:43 Cuda Alloc Size 136 pointer 0x7ff82240ac00
n232-194-226:235015:235045 [7] NCCL INFO channel.cc:54 Cuda Alloc Size 32 pointer 0x7fe18e40be00
n232-194-226:235014:235041 [6] NCCL INFO channel.cc:54 Cuda Alloc Size 32 pointer 0x7faa3e407e00
n232-194-226:235010:235043 [2] NCCL INFO channel.cc:54 Cuda Alloc Size 32 pointer 0x7faf4e400e00
n232-194-226:235011:235042 [3] NCCL INFO channel.cc:54 Cuda Alloc Size 32 pointer 0x7f8452409e00
n232-194-226:235008:235044 [0] NCCL INFO channel.cc:54 Cuda Alloc Size 32 pointer 0x7fec4a40ae00
n232-194-226:235015:235045 [7] NCCL INFO channel.cc:40 Cuda Alloc Size 3072 pointer 0x7fe18e40c000
n232-194-226:235015:235045 [7] NCCL INFO channel.cc:43 Cuda Alloc Size 136 pointer 0x7fe18e40cc00
n232-194-226:235009:235048 [1] NCCL INFO channel.cc:54 Cuda Alloc Size 32 pointer 0x7fd926407e00
n232-194-226:235011:235042 [3] NCCL INFO channel.cc:40 Cuda Alloc Size 3072 pointer 0x7f845240a000
n232-194-226:235014:235041 [6] NCCL INFO channel.cc:40 Cuda Alloc Size 3072 pointer 0x7faa3e408000
n232-194-226:235013:235105 [5] NCCL INFO transport/p2p.cc:204 Cuda Alloc Size 10485760 pointer 0x7f4b52800000
n232-194-226:235008:235044 [0] NCCL INFO channel.cc:40 Cuda Alloc Size 3072 pointer 0x7fec4a40b000
n232-194-226:235011:235042 [3] NCCL INFO channel.cc:43 Cuda Alloc Size 136 pointer 0x7f845240ac00
n232-194-226:235014:235041 [6] NCCL INFO channel.cc:43 Cuda Alloc Size 136 pointer 0x7faa3e408c00
n232-194-226:235012:235047 [4] NCCL INFO channel.cc:54 Cuda Alloc Size 32 pointer 0x7ff82240ae00
n232-194-226:235009:235048 [1] NCCL INFO channel.cc:40 Cuda Alloc Size 3072 pointer 0x7fd926408000
n232-194-226:235013:235105 [5] NCCL INFO Allocated shareable buffer 0x7f4b52800000 size 10485760 ipcDesc 0x7f4b4c0059d0
n232-194-226:235008:235044 [0] NCCL INFO channel.cc:43 Cuda Alloc Size 136 pointer 0x7fec4a40bc00
n232-194-226:235013:235105 [5] NCCL INFO proxyProgressAsync opId=0x7f4b56bbc6f0 op.type=3 op.reqBuff=0x7f4b4c0059a0 op.respSize=80 done
n232-194-226:235015:235045 [7] NCCL INFO channel.cc:54 Cuda Alloc Size 32 pointer 0x7fe18e40ce00
n232-194-226:235009:235048 [1] NCCL INFO channel.cc:43 Cuda Alloc Size 136 pointer 0x7fd926408c00
n232-194-226:235013:235046 [5] NCCL INFO ncclPollProxyResponse Received new opId=0x7f4b56bbc6f0
n232-194-226:235012:235047 [4] NCCL INFO channel.cc:40 Cuda Alloc Size 3072 pointer 0x7ff82240b000
n232-194-226:235015:235045 [7] NCCL INFO channel.cc:40 Cuda Alloc Size 3072 pointer 0x7fe18e40d000
n232-194-226:235013:235046 [5] NCCL INFO recvOpId=0x7f4b56bbc6f0 matches expected opId=0x7f4b56bbc6f0
n232-194-226:235013:235105 [5] NCCL INFO Received and initiated operation=Setup res=0
n232-194-226:235010:235043 [2] NCCL INFO channel.cc:40 Cuda Alloc Size 3072 pointer 0x7faf4e401000
n232-194-226:235015:235045 [7] NCCL INFO channel.cc:43 Cuda Alloc Size 136 pointer 0x7fe18e40dc00
n232-194-226:235012:235047 [4] NCCL INFO channel.cc:43 Cuda Alloc Size 136 pointer 0x7ff82240bc00
n232-194-226:235011:235042 [3] NCCL INFO channel.cc:54 Cuda Alloc Size 32 pointer 0x7f845240ae00
n232-194-226:235008:235044 [0] NCCL INFO channel.cc:54 Cuda Alloc Size 32 pointer 0x7fec4a40be00
n232-194-226:235014:235041 [6] NCCL INFO channel.cc:54 Cuda Alloc Size 32 pointer 0x7faa3e408e00
n232-194-226:235010:235043 [2] NCCL INFO channel.cc:43 Cuda Alloc Size 136 pointer 0x7faf4e401c00
n232-194-226:235009:235048 [1] NCCL INFO channel.cc:54 Cuda Alloc Size 32 pointer 0x7fd926408e00
n232-194-226:235011:235042 [3] NCCL INFO channel.cc:40 Cuda Alloc Size 3072 pointer 0x7f845240b000
n232-194-226:235008:235044 [0] NCCL INFO channel.cc:40 Cuda Alloc Size 3072 pointer 0x7fec4a40c000
n232-194-226:235015:235045 [7] NCCL INFO channel.cc:54 Cuda Alloc Size 32 pointer 0x7fe18e40de00
n232-194-226:235013:235105 [5] NCCL INFO New proxy recv connection 1 from local rank 5, transport 0
n232-194-226:235009:235048 [1] NCCL INFO channel.cc:40 Cuda Alloc Size 3072 pointer 0x7fd926409000
n232-194-226:235013:235105 [5] NCCL INFO proxyProgressAsync opId=0x7f4b56bbc6f0 op.type=1 op.reqBuff=0x7f4b4c012e20 op.respSize=16 done
n232-194-226:235014:235041 [6] NCCL INFO channel.cc:40 Cuda Alloc Size 3072 pointer 0x7faa3e409000
n232-194-226:235008:235044 [0] NCCL INFO channel.cc:43 Cuda Alloc Size 136 pointer 0x7fec4a40cc00
n232-194-226:235009:235048 [1] NCCL INFO channel.cc:43 Cuda Alloc Size 136 pointer 0x7fd926409c00
n232-194-226:235011:235042 [3] NCCL INFO channel.cc:43 Cuda Alloc Size 136 pointer 0x7f845240bc00
n232-194-226:235013:235046 [5] NCCL INFO ncclPollProxyResponse Received new opId=0x7f4b56bbc6f0
n232-194-226:235015:235045 [7] NCCL INFO channel.cc:40 Cuda Alloc Size 3072 pointer 0x7fe18e40e000
n232-194-226:235012:235047 [4] NCCL INFO channel.cc:54 Cuda Alloc Size 32 pointer 0x7ff82240be00
n232-194-226:235013:235046 [5] NCCL INFO recvOpId=0x7f4b56bbc6f0 matches expected opId=0x7f4b56bbc6f0
n232-194-226:235014:235041 [6] NCCL INFO channel.cc:43 Cuda Alloc Size 136 pointer 0x7faa3e409c00
n232-194-226:235013:235105 [5] NCCL INFO Received and initiated operation=Init res=0
n232-194-226:235015:235045 [7] NCCL INFO channel.cc:43 Cuda Alloc Size 136 pointer 0x7fe18e40ec00
n232-194-226:235013:235046 [5] NCCL INFO Connection to proxy localRank 5 -> connection 0x7f4b4c0031a0
n232-194-226:235010:235043 [2] NCCL INFO channel.cc:54 Cuda Alloc Size 32 pointer 0x7faf4e401e00
n232-194-226:235012:235047 [4] NCCL INFO channel.cc:40 Cuda Alloc Size 3072 pointer 0x7ff82240c000
n232-194-226:235008:235044 [0] NCCL INFO channel.cc:54 Cuda Alloc Size 32 pointer 0x7fec4a40ce00
n232-194-226:235009:235048 [1] NCCL INFO channel.cc:54 Cuda Alloc Size 32 pointer 0x7fd926409e00
n232-194-226:235011:235042 [3] NCCL INFO channel.cc:54 Cuda Alloc Size 32 pointer 0x7f845240be00
n232-194-226:235010:235043 [2] NCCL INFO channel.cc:40 Cuda Alloc Size 3072 pointer 0x7faf4e402000
n232-194-226:235012:235047 [4] NCCL INFO channel.cc:43 Cuda Alloc Size 136 pointer 0x7ff82240cc00
n232-194-226:235015:235045 [7] NCCL INFO channel.cc:54 Cuda Alloc Size 32 pointer 0x7fe18e40ee00
n232-194-226:235010:235043 [2] NCCL INFO channel.cc:43 Cuda Alloc Size 136 pointer 0x7faf4e402c00
n232-194-226:235014:235041 [6] NCCL INFO channel.cc:54 Cuda Alloc Size 32 pointer 0x7faa3e409e00
n232-194-226:235009:235048 [1] NCCL INFO channel.cc:40 Cuda Alloc Size 3072 pointer 0x7fd92640a000
n232-194-226:235008:235044 [0] NCCL INFO channel.cc:40 Cuda Alloc Size 3072 pointer 0x7fec4a40d000
n232-194-226:235015:235045 [7] NCCL INFO channel.cc:40 Cuda Alloc Size 3072 pointer 0x7fe18e40f000
n232-194-226:235011:235042 [3] NCCL INFO channel.cc:40 Cuda Alloc Size 3072 pointer 0x7f845240c000
n232-194-226:235009:235048 [1] NCCL INFO channel.cc:43 Cuda Alloc Size 136 pointer 0x7fd92640ac00
n232-194-226:235008:235044 [0] NCCL INFO channel.cc:43 Cuda Alloc Size 136 pointer 0x7fec4a40dc00
n232-194-226:235015:235045 [7] NCCL INFO channel.cc:43 Cuda Alloc Size 136 pointer 0x7fe18e40fc00
n232-194-226:235011:235042 [3] NCCL INFO channel.cc:43 Cuda Alloc Size 136 pointer 0x7f845240cc00
n232-194-226:235014:235041 [6] NCCL INFO channel.cc:40 Cuda Alloc Size 3072 pointer 0x7faa3e40a000
n232-194-226:235010:235043 [2] NCCL INFO channel.cc:54 Cuda Alloc Size 32 pointer 0x7faf4e402e00
n232-194-226:235012:235047 [4] NCCL INFO channel.cc:54 Cuda Alloc Size 32 pointer 0x7ff82240ce00
n232-194-226:235014:235041 [6] NCCL INFO channel.cc:43 Cuda Alloc Size 136 pointer 0x7faa3e40ac00
n232-194-226:235015:235045 [7] NCCL INFO channel.cc:54 Cuda Alloc Size 32 pointer 0x7fe18e40fe00
n232-194-226:235009:235048 [1] NCCL INFO channel.cc:54 Cuda Alloc Size 32 pointer 0x7fd92640ae00
n232-194-226:235008:235044 [0] NCCL INFO channel.cc:54 Cuda Alloc Size 32 pointer 0x7fec4a40de00
n232-194-226:235011:235042 [3] NCCL INFO channel.cc:54 Cuda Alloc Size 32 pointer 0x7f845240ce00
n232-194-226:235010:235043 [2] NCCL INFO channel.cc:40 Cuda Alloc Size 3072 pointer 0x7faf4e403000
n232-194-226:235012:235047 [4] NCCL INFO channel.cc:40 Cuda Alloc Size 3072 pointer 0x7ff82240d000
n232-194-226:235008:235044 [0] NCCL INFO channel.cc:40 Cuda Alloc Size 3072 pointer 0x7fec4a40e000
n232-194-226:235010:235043 [2] NCCL INFO channel.cc:43 Cuda Alloc Size 136 pointer 0x7faf4e403c00
n232-194-226:235009:235048 [1] NCCL INFO channel.cc:40 Cuda Alloc Size 3072 pointer 0x7fd92640b000
n232-194-226:235012:235047 [4] NCCL INFO channel.cc:43 Cuda Alloc Size 136 pointer 0x7ff82240dc00
n232-194-226:235011:235042 [3] NCCL INFO channel.cc:40 Cuda Alloc Size 3072 pointer 0x7f845240d000
n232-194-226:235008:235044 [0] NCCL INFO channel.cc:43 Cuda Alloc Size 136 pointer 0x7fec4a40ec00
n232-194-226:235009:235048 [1] NCCL INFO channel.cc:43 Cuda Alloc Size 136 pointer 0x7fd92640bc00
n232-194-226:235014:235041 [6] NCCL INFO channel.cc:54 Cuda Alloc Size 32 pointer 0x7faa3e40ae00
n232-194-226:235011:235042 [3] NCCL INFO channel.cc:43 Cuda Alloc Size 136 pointer 0x7f845240dc00
n232-194-226:235014:235041 [6] NCCL INFO channel.cc:40 Cuda Alloc Size 3072 pointer 0x7faa3e40b000
n232-194-226:235010:235043 [2] NCCL INFO channel.cc:54 Cuda Alloc Size 32 pointer 0x7faf4e403e00
n232-194-226:235008:235044 [0] NCCL INFO channel.cc:54 Cuda Alloc Size 32 pointer 0x7fec4a40ee00
n232-194-226:235012:235047 [4] NCCL INFO channel.cc:54 Cuda Alloc Size 32 pointer 0x7ff82240de00
n232-194-226:235009:235048 [1] NCCL INFO channel.cc:54 Cuda Alloc Size 32 pointer 0x7fd92640be00
n232-194-226:235014:235041 [6] NCCL INFO channel.cc:43 Cuda Alloc Size 136 pointer 0x7faa3e40bc00
n232-194-226:235011:235042 [3] NCCL INFO channel.cc:54 Cuda Alloc Size 32 pointer 0x7f845240de00
n232-194-226:235010:235043 [2] NCCL INFO channel.cc:40 Cuda Alloc Size 3072 pointer 0x7faf4e404000
n232-194-226:235008:235044 [0] NCCL INFO channel.cc:40 Cuda Alloc Size 3072 pointer 0x7fec4a40f000
n232-194-226:235012:235047 [4] NCCL INFO channel.cc:40 Cuda Alloc Size 3072 pointer 0x7ff82240e000
n232-194-226:235010:235043 [2] NCCL INFO channel.cc:43 Cuda Alloc Size 136 pointer 0x7faf4e404c00
n232-194-226:235008:235044 [0] NCCL INFO channel.cc:43 Cuda Alloc Size 136 pointer 0x7fec4a40fc00
n232-194-226:235009:235048 [1] NCCL INFO channel.cc:40 Cuda Alloc Size 3072 pointer 0x7fd92640c000
n232-194-226:235013:235105 [5] NCCL INFO transport/p2p.cc:204 Cuda Alloc Size 10485760 pointer 0x7f4b53200000
n232-194-226:235011:235042 [3] NCCL INFO channel.cc:40 Cuda Alloc Size 3072 pointer 0x7f845240e000
n232-194-226:235012:235047 [4] NCCL INFO channel.cc:43 Cuda Alloc Size 136 pointer 0x7ff82240ec00
n232-194-226:235013:235105 [5] NCCL INFO Allocated shareable buffer 0x7f4b53200000 size 10485760 ipcDesc 0x7f4b4c012ed0
n232-194-226:235009:235048 [1] NCCL INFO channel.cc:43 Cuda Alloc Size 136 pointer 0x7fd92640cc00
n232-194-226:235013:235105 [5] NCCL INFO proxyProgressAsync opId=0x7f4b56bbc6f0 op.type=3 op.reqBuff=0x7f4b4c012ea0 op.respSize=80 done
n232-194-226:235011:235042 [3] NCCL INFO channel.cc:43 Cuda Alloc Size 136 pointer 0x7f845240ec00
n232-194-226:235013:235046 [5] NCCL INFO ncclPollProxyResponse Received new opId=0x7f4b56bbc6f0
n232-194-226:235014:235041 [6] NCCL INFO channel.cc:54 Cuda Alloc Size 32 pointer 0x7faa3e40be00
n232-194-226:235013:235105 [5] NCCL INFO Received and initiated operation=Setup res=0
n232-194-226:235013:235046 [5] NCCL INFO recvOpId=0x7f4b56bbc6f0 matches expected opId=0x7f4b56bbc6f0
n232-194-226:235008:235044 [0] NCCL INFO channel.cc:54 Cuda Alloc Size 32 pointer 0x7fec4a40fe00
n232-194-226:235010:235043 [2] NCCL INFO channel.cc:54 Cuda Alloc Size 32 pointer 0x7faf4e404e00
n232-194-226:235009:235048 [1] NCCL INFO channel.cc:54 Cuda Alloc Size 32 pointer 0x7fd92640ce00
n232-194-226:235014:235041 [6] NCCL INFO channel.cc:40 Cuda Alloc Size 3072 pointer 0x7faa3e40c000
n232-194-226:235011:235042 [3] NCCL INFO channel.cc:54 Cuda Alloc Size 32 pointer 0x7f845240ee00
n232-194-226:235012:235047 [4] NCCL INFO channel.cc:54 Cuda Alloc Size 32 pointer 0x7ff82240ee00
n232-194-226:235014:235041 [6] NCCL INFO channel.cc:43 Cuda Alloc Size 136 pointer 0x7faa3e40cc00
n232-194-226:235009:235048 [1] NCCL INFO channel.cc:40 Cuda Alloc Size 3072 pointer 0x7fd92640d000
n232-194-226:235013:235105 [5] NCCL INFO New proxy recv connection 2 from local rank 5, transport 0
n232-194-226:235011:235042 [3] NCCL INFO channel.cc:40 Cuda Alloc Size 3072 pointer 0x7f845240f000
n232-194-226:235013:235105 [5] NCCL INFO proxyProgressAsync opId=0x7f4b56bbc6f0 op.type=1 op.reqBuff=0x7f4b4c013cb0 op.respSize=16 done
n232-194-226:235010:235043 [2] NCCL INFO channel.cc:40 Cuda Alloc Size 3072 pointer 0x7faf4e405000
n232-194-226:235009:235048 [1] NCCL INFO channel.cc:43 Cuda Alloc Size 136 pointer 0x7fd92640dc00
n232-194-226:235012:235047 [4] NCCL INFO channel.cc:40 Cuda Alloc Size 3072 pointer 0x7ff82240f000
n232-194-226:235011:235042 [3] NCCL INFO channel.cc:43 Cuda Alloc Size 136 pointer 0x7f845240fc00
n232-194-226:235013:235046 [5] NCCL INFO ncclPollProxyResponse Received new opId=0x7f4b56bbc6f0
n232-194-226:235010:235043 [2] NCCL INFO channel.cc:43 Cuda Alloc Size 136 pointer 0x7faf4e405c00
n232-194-226:235013:235105 [5] NCCL INFO Received and initiated operation=Init res=0
n232-194-226:235012:235047 [4] NCCL INFO channel.cc:43 Cuda Alloc Size 136 pointer 0x7ff82240fc00
n232-194-226:235013:235046 [5] NCCL INFO recvOpId=0x7f4b56bbc6f0 matches expected opId=0x7f4b56bbc6f0
n232-194-226:235013:235046 [5] NCCL INFO Connection to proxy localRank 5 -> connection 0x7f4b4c0031f0
n232-194-226:235009:235048 [1] NCCL INFO channel.cc:54 Cuda Alloc Size 32 pointer 0x7fd92640de00
n232-194-226:235011:235042 [3] NCCL INFO channel.cc:54 Cuda Alloc Size 32 pointer 0x7f845240fe00
n232-194-226:235014:235041 [6] NCCL INFO channel.cc:54 Cuda Alloc Size 32 pointer 0x7faa3e40ce00
n232-194-226:235015:235107 [7] NCCL INFO Mem Realloc old size 0, new size 8 pointer 0x7fe188002f10
n232-194-226:235009:235048 [1] NCCL INFO channel.cc:40 Cuda Alloc Size 3072 pointer 0x7fd92640e000
n232-194-226:235015:235107 [7] NCCL INFO New proxy recv connection 0 from local rank 7, transport 0
n232-194-226:235015:235107 [7] NCCL INFO proxyProgressAsync opId=0x7fe192bbc510 op.type=1 op.reqBuff=0x7fe188002ed0 op.respSize=16 done
n232-194-226:235012:235047 [4] NCCL INFO channel.cc:54 Cuda Alloc Size 32 pointer 0x7ff82240fe00
n232-194-226:235010:235043 [2] NCCL INFO channel.cc:54 Cuda Alloc Size 32 pointer 0x7faf4e405e00
n232-194-226:235009:235048 [1] NCCL INFO channel.cc:43 Cuda Alloc Size 136 pointer 0x7fd92640ec00
n232-194-226:235014:235041 [6] NCCL INFO channel.cc:40 Cuda Alloc Size 3072 pointer 0x7faa3e40d000
n232-194-226:235015:235045 [7] NCCL INFO ncclPollProxyResponse Received new opId=0x7fe192bbc510
n232-194-226:235014:235041 [6] NCCL INFO channel.cc:43 Cuda Alloc Size 136 pointer 0x7faa3e40dc00
n232-194-226:235015:235107 [7] NCCL INFO Received and initiated operation=Init res=0
n232-194-226:235010:235043 [2] NCCL INFO channel.cc:40 Cuda Alloc Size 3072 pointer 0x7faf4e406000
n232-194-226:235015:235045 [7] NCCL INFO recvOpId=0x7fe192bbc510 matches expected opId=0x7fe192bbc510
n232-194-226:235015:235045 [7] NCCL INFO Connection to proxy localRank 7 -> connection 0x7fe188003150
n232-194-226:235010:235043 [2] NCCL INFO channel.cc:43 Cuda Alloc Size 136 pointer 0x7faf4e406c00
n232-194-226:235009:235048 [1] NCCL INFO channel.cc:54 Cuda Alloc Size 32 pointer 0x7fd92640ee00
n232-194-226:235014:235041 [6] NCCL INFO channel.cc:54 Cuda Alloc Size 32 pointer 0x7faa3e40de00
n232-194-226:235009:235048 [1] NCCL INFO channel.cc:40 Cuda Alloc Size 3072 pointer 0x7fd92640f000
n232-194-226:235009:235048 [1] NCCL INFO channel.cc:43 Cuda Alloc Size 136 pointer 0x7fd92640fc00
n232-194-226:235014:235041 [6] NCCL INFO channel.cc:40 Cuda Alloc Size 3072 pointer 0x7faa3e40e000
n232-194-226:235008:235110 [0] NCCL INFO Mem Realloc old size 0, new size 8 pointer 0x7fec64002f10
n232-194-226:235014:235041 [6] NCCL INFO channel.cc:43 Cuda Alloc Size 136 pointer 0x7faa3e40ec00
n232-194-226:235008:235110 [0] NCCL INFO New proxy recv connection 0 from local rank 0, transport 0
n232-194-226:235008:235110 [0] NCCL INFO proxyProgressAsync opId=0x7fec4ebbc510 op.type=1 op.reqBuff=0x7fec64002ed0 op.respSize=16 done
n232-194-226:235010:235043 [2] NCCL INFO channel.cc:54 Cuda Alloc Size 32 pointer 0x7faf4e406e00
n232-194-226:235009:235048 [1] NCCL INFO channel.cc:54 Cuda Alloc Size 32 pointer 0x7fd92640fe00
n232-194-226:235008:235044 [0] NCCL INFO ncclPollProxyResponse Received new opId=0x7fec4ebbc510
n232-194-226:235010:235043 [2] NCCL INFO channel.cc:40 Cuda Alloc Size 3072 pointer 0x7faf4e407000
n232-194-226:235008:235110 [0] NCCL INFO Received and initiated operation=Init res=0
n232-194-226:235014:235041 [6] NCCL INFO channel.cc:54 Cuda Alloc Size 32 pointer 0x7faa3e40ee00
n232-194-226:235008:235044 [0] NCCL INFO recvOpId=0x7fec4ebbc510 matches expected opId=0x7fec4ebbc510
n232-194-226:235008:235044 [0] NCCL INFO Connection to proxy localRank 0 -> connection 0x7fec64003150
n232-194-226:235010:235043 [2] NCCL INFO channel.cc:43 Cuda Alloc Size 136 pointer 0x7faf4e407c00
n232-194-226:235014:235041 [6] NCCL INFO channel.cc:40 Cuda Alloc Size 3072 pointer 0x7faa3e40f000
n232-194-226:235014:235041 [6] NCCL INFO channel.cc:43 Cuda Alloc Size 136 pointer 0x7faa3e40fc00
n232-194-226:235013:235105 [5] NCCL INFO transport/p2p.cc:204 Cuda Alloc Size 10485760 pointer 0x7f4b4a000000
n232-194-226:235011:235108 [3] NCCL INFO Mem Realloc old size 0, new size 8 pointer 0x7f844c002f10
n232-194-226:235013:235105 [5] NCCL INFO Allocated shareable buffer 0x7f4b4a000000 size 10485760 ipcDesc 0x7f4b4c013d40
n232-194-226:235013:235105 [5] NCCL INFO proxyProgressAsync opId=0x7f4b56bbc6f0 op.type=3 op.reqBuff=0x7f4b4c013cd0 op.respSize=80 done
n232-194-226:235011:235108 [3] NCCL INFO New proxy recv connection 0 from local rank 3, transport 0
n232-194-226:235013:235046 [5] NCCL INFO ncclPollProxyResponse Received new opId=0x7f4b56bbc6f0
n232-194-226:235011:235108 [3] NCCL INFO proxyProgressAsync opId=0x7f8456bbc6f0 op.type=1 op.reqBuff=0x7f844c002ed0 op.respSize=16 done
n232-194-226:235010:235043 [2] NCCL INFO channel.cc:54 Cuda Alloc Size 32 pointer 0x7faf4e407e00
n232-194-226:235013:235105 [5] NCCL INFO Received and initiated operation=Setup res=0
n232-194-226:235014:235041 [6] NCCL INFO channel.cc:54 Cuda Alloc Size 32 pointer 0x7faa3e40fe00
n232-194-226:235013:235046 [5] NCCL INFO recvOpId=0x7f4b56bbc6f0 matches expected opId=0x7f4b56bbc6f0
n232-194-226:235011:235042 [3] NCCL INFO ncclPollProxyResponse Received new opId=0x7f8456bbc6f0
n232-194-226:235010:235043 [2] NCCL INFO channel.cc:40 Cuda Alloc Size 3072 pointer 0x7faf4e408000
n232-194-226:235011:235108 [3] NCCL INFO Received and initiated operation=Init res=0
n232-194-226:235010:235043 [2] NCCL INFO channel.cc:43 Cuda Alloc Size 136 pointer 0x7faf4e408c00
n232-194-226:235011:235042 [3] NCCL INFO recvOpId=0x7f8456bbc6f0 matches expected opId=0x7f8456bbc6f0
n232-194-226:235011:235042 [3] NCCL INFO Connection to proxy localRank 3 -> connection 0x7f844c003150
n232-194-226:235013:235105 [5] NCCL INFO New proxy recv connection 3 from local rank 5, transport 0
n232-194-226:235013:235105 [5] NCCL INFO proxyProgressAsync opId=0x7f4b56bbc6f0 op.type=1 op.reqBuff=0x7f4b4c013cd0 op.respSize=16 done
n232-194-226:235012:235106 [4] NCCL INFO Mem Realloc old size 0, new size 8 pointer 0x7ff81c002f10
n232-194-226:235013:235046 [5] NCCL INFO ncclPollProxyResponse Received new opId=0x7f4b56bbc6f0
n232-194-226:235012:235106 [4] NCCL INFO New proxy recv connection 0 from local rank 4, transport 0
n232-194-226:235012:235106 [4] NCCL INFO proxyProgressAsync opId=0x7ff826bbc510 op.type=1 op.reqBuff=0x7ff81c002ed0 op.respSize=16 done
n232-194-226:235013:235046 [5] NCCL INFO recvOpId=0x7f4b56bbc6f0 matches expected opId=0x7f4b56bbc6f0
n232-194-226:235013:235046 [5] NCCL INFO Connection to proxy localRank 5 -> connection 0x7f4b4c003240
n232-194-226:235013:235105 [5] NCCL INFO Received and initiated operation=Init res=0
n232-194-226:235012:235047 [4] NCCL INFO ncclPollProxyResponse Received new opId=0x7ff826bbc510
n232-194-226:235010:235043 [2] NCCL INFO channel.cc:54 Cuda Alloc Size 32 pointer 0x7faf4e408e00
n232-194-226:235012:235106 [4] NCCL INFO Received and initiated operation=Init res=0
n232-194-226:235009:235112 [1] NCCL INFO Mem Realloc old size 0, new size 8 pointer 0x7fd920002f10
n232-194-226:235009:235112 [1] NCCL INFO New proxy recv connection 0 from local rank 1, transport 0
n232-194-226:235012:235047 [4] NCCL INFO recvOpId=0x7ff826bbc510 matches expected opId=0x7ff826bbc510
n232-194-226:235010:235043 [2] NCCL INFO channel.cc:40 Cuda Alloc Size 3072 pointer 0x7faf4e409000
n232-194-226:235009:235112 [1] NCCL INFO proxyProgressAsync opId=0x7fd92abbc6f0 op.type=1 op.reqBuff=0x7fd920002ed0 op.respSize=16 done
n232-194-226:235012:235047 [4] NCCL INFO Connection to proxy localRank 4 -> connection 0x7ff81c003150
n232-194-226:235010:235043 [2] NCCL INFO channel.cc:43 Cuda Alloc Size 136 pointer 0x7faf4e409c00
n232-194-226:235009:235048 [1] NCCL INFO ncclPollProxyResponse Received new opId=0x7fd92abbc6f0
n232-194-226:235009:235112 [1] NCCL INFO Received and initiated operation=Init res=0
n232-194-226:235009:235048 [1] NCCL INFO recvOpId=0x7fd92abbc6f0 matches expected opId=0x7fd92abbc6f0
n232-194-226:235009:235048 [1] NCCL INFO Connection to proxy localRank 1 -> connection 0x7fd920003150
n232-194-226:235010:235043 [2] NCCL INFO channel.cc:54 Cuda Alloc Size 32 pointer 0x7faf4e409e00
n232-194-226:235010:235043 [2] NCCL INFO channel.cc:40 Cuda Alloc Size 3072 pointer 0x7faf4e40a000
n232-194-226:235010:235043 [2] NCCL INFO channel.cc:43 Cuda Alloc Size 136 pointer 0x7faf4e40ac00
n232-194-226:235014:235109 [6] NCCL INFO Mem Realloc old size 0, new size 8 pointer 0x7faa38002f10
n232-194-226:235014:235109 [6] NCCL INFO New proxy recv connection 0 from local rank 6, transport 0
n232-194-226:235014:235109 [6] NCCL INFO proxyProgressAsync opId=0x7faa42bbc6f0 op.type=1 op.reqBuff=0x7faa38002ed0 op.respSize=16 done
n232-194-226:235014:235041 [6] NCCL INFO ncclPollProxyResponse Received new opId=0x7faa42bbc6f0
n232-194-226:235010:235043 [2] NCCL INFO channel.cc:54 Cuda Alloc Size 32 pointer 0x7faf4e40ae00
n232-194-226:235014:235109 [6] NCCL INFO Received and initiated operation=Init res=0
n232-194-226:235014:235041 [6] NCCL INFO recvOpId=0x7faa42bbc6f0 matches expected opId=0x7faa42bbc6f0
n232-194-226:235014:235041 [6] NCCL INFO Connection to proxy localRank 6 -> connection 0x7faa38003150
n232-194-226:235010:235043 [2] NCCL INFO channel.cc:40 Cuda Alloc Size 3072 pointer 0x7faf4e40b000
n232-194-226:235010:235043 [2] NCCL INFO channel.cc:43 Cuda Alloc Size 136 pointer 0x7faf4e40bc00
n232-194-226:235010:235043 [2] NCCL INFO channel.cc:54 Cuda Alloc Size 32 pointer 0x7faf4e40be00
n232-194-226:235010:235043 [2] NCCL INFO channel.cc:40 Cuda Alloc Size 3072 pointer 0x7faf4e40c000
n232-194-226:235010:235043 [2] NCCL INFO channel.cc:43 Cuda Alloc Size 136 pointer 0x7faf4e40cc00
n232-194-226:235010:235043 [2] NCCL INFO channel.cc:54 Cuda Alloc Size 32 pointer 0x7faf4e40ce00
n232-194-226:235010:235043 [2] NCCL INFO channel.cc:40 Cuda Alloc Size 3072 pointer 0x7faf4e40d000
n232-194-226:235010:235043 [2] NCCL INFO channel.cc:43 Cuda Alloc Size 136 pointer 0x7faf4e40dc00
n232-194-226:235010:235043 [2] NCCL INFO channel.cc:54 Cuda Alloc Size 32 pointer 0x7faf4e40de00
n232-194-226:235010:235043 [2] NCCL INFO channel.cc:40 Cuda Alloc Size 3072 pointer 0x7faf4e40e000
n232-194-226:235010:235043 [2] NCCL INFO channel.cc:43 Cuda Alloc Size 136 pointer 0x7faf4e40ec00
n232-194-226:235010:235043 [2] NCCL INFO channel.cc:54 Cuda Alloc Size 32 pointer 0x7faf4e40ee00
n232-194-226:235010:235043 [2] NCCL INFO channel.cc:40 Cuda Alloc Size 3072 pointer 0x7faf4e40f000
n232-194-226:235010:235043 [2] NCCL INFO channel.cc:43 Cuda Alloc Size 136 pointer 0x7faf4e40fc00
n232-194-226:235010:235043 [2] NCCL INFO channel.cc:54 Cuda Alloc Size 32 pointer 0x7faf4e40fe00
n232-194-226:235010:235111 [2] NCCL INFO Mem Realloc old size 0, new size 8 pointer 0x7faf48002f10
n232-194-226:235013:235105 [5] NCCL INFO transport/p2p.cc:204 Cuda Alloc Size 10485760 pointer 0x7f4b4aa00000
n232-194-226:235010:235111 [2] NCCL INFO New proxy recv connection 0 from local rank 2, transport 0
n232-194-226:235010:235111 [2] NCCL INFO proxyProgressAsync opId=0x7faf52bbc6f0 op.type=1 op.reqBuff=0x7faf48002ed0 op.respSize=16 done
n232-194-226:235010:235043 [2] NCCL INFO ncclPollProxyResponse Received new opId=0x7faf52bbc6f0
n232-194-226:235010:235111 [2] NCCL INFO Received and initiated operation=Init res=0
n232-194-226:235010:235043 [2] NCCL INFO recvOpId=0x7faf52bbc6f0 matches expected opId=0x7faf52bbc6f0
n232-194-226:235010:235043 [2] NCCL INFO Connection to proxy localRank 2 -> connection 0x7faf48003150
n232-194-226:235013:235105 [5] NCCL INFO Allocated shareable buffer 0x7f4b4aa00000 size 10485760 ipcDesc 0x7f4b4c014fe0
n232-194-226:235013:235105 [5] NCCL INFO proxyProgressAsync opId=0x7f4b56bbc6f0 op.type=3 op.reqBuff=0x7f4b4c014f70 op.respSize=80 done
n232-194-226:235013:235046 [5] NCCL INFO ncclPollProxyResponse Received new opId=0x7f4b56bbc6f0
n232-194-226:235013:235105 [5] NCCL INFO Received and initiated operation=Setup res=0
n232-194-226:235013:235046 [5] NCCL INFO recvOpId=0x7f4b56bbc6f0 matches expected opId=0x7f4b56bbc6f0
n232-194-226:235013:235105 [5] NCCL INFO New proxy recv connection 4 from local rank 5, transport 0
n232-194-226:235013:235105 [5] NCCL INFO proxyProgressAsync opId=0x7f4b56bbc6f0 op.type=1 op.reqBuff=0x7f4b4c014f70 op.respSize=16 done
n232-194-226:235013:235046 [5] NCCL INFO ncclPollProxyResponse Received new opId=0x7f4b56bbc6f0
n232-194-226:235013:235046 [5] NCCL INFO recvOpId=0x7f4b56bbc6f0 matches expected opId=0x7f4b56bbc6f0
n232-194-226:235013:235105 [5] NCCL INFO Received and initiated operation=Init res=0
n232-194-226:235013:235046 [5] NCCL INFO Connection to proxy localRank 5 -> connection 0x7f4b4c003290
