n232-194-226:234788:234788 [0] NCCL INFO AllReduce: opCount b2 sendbuff 0x7f3f7fe00000 recvbuff 0x7f3f7fe00000 count 1 datatype 1 op 0 root 0 comm 0x5653c1e301f0 [nranks=2] stream 0x5653c1878e60
n232-194-226:234789:234789 [1] NCCL INFO AllReduce: opCount b3 sendbuff 0x7f7995e00400 recvbuff 0x7f7995e00400 count 4096 datatype 7 op 0 root 0 comm 0x55a8482cd050 [nranks=2] stream 0x55a8482d0de0
n232-194-226:234788:234788 [0] NCCL INFO AllReduce: opCount b3 sendbuff 0x7f3f7fe00400 recvbuff 0x7f3f7fe00400 count 4096 datatype 7 op 0 root 0 comm 0x5653c1e301f0 [nranks=2] stream 0x5653c1878e60
       16K        4096     float     sum     N/A     39.49     3.32     3.32       0
n232-194-226:234789:234789 [1] NCCL INFO AllReduce: opCount b4 sendbuff 0x7f7995e00400 recvbuff 0x7f7995e00400 count 8192 datatype 7 op 0 root 0 comm 0x55a8482cd050 [nranks=2] stream 0x55a8482d0de0
n232-194-226:234788:234788 [0] NCCL INFO AllReduce: opCount b4 sendbuff 0x7f3f7fe00400 recvbuff 0x7f3f7fe00400 count 8192 datatype 7 op 0 root 0 comm 0x5653c1e301f0 [nranks=2] stream 0x5653c1878e60
n232-194-226:234789:234789 [1] NCCL INFO AllReduce: opCount b5 sendbuff 0x7f7995e00400 recvbuff 0x7f7995e00400 count 8192 datatype 7 op 0 root 0 comm 0x55a8482cd050 [nranks=2] stream 0x55a8482d0de0
n232-194-226:234788:234788 [0] NCCL INFO AllReduce: opCount b5 sendbuff 0x7f3f7fe00400 recvbuff 0x7f3f7fe00400 count 8192 datatype 7 op 0 root 0 comm 0x5653c1e301f0 [nranks=2] stream 0x5653c1878e60
n232-194-226:234788:234788 [0] NCCL INFO AllReduce: opCount b6 sendbuff 0x7f3f7fe00400 recvbuff 0x7f3f7fe00400 count 8192 datatype 7 op 0 root 0 comm 0x5653c1e301f0 [nranks=2] stream 0x5653c1878e60
n232-194-226:234789:234789 [1] NCCL INFO AllReduce: opCount b6 sendbuff 0x7f7995e00400 recvbuff 0x7f7995e00400 count 8192 datatype 7 op 0 root 0 comm 0x55a8482cd050 [nranks=2] stream 0x55a8482d0de0
n232-194-226:234789:234789 [1] NCCL INFO AllReduce: opCount b7 sendbuff 0x7f7995e00400 recvbuff 0x7f7995e00400 count 8192 datatype 7 op 0 root 0 comm 0x55a8482cd050 [nranks=2] stream 0x55a8482d0de0
n232-194-226:234788:234788 [0] NCCL INFO AllReduce: opCount b7 sendbuff 0x7f3f7fe00400 recvbuff 0x7f3f7fe00400 count 8192 datatype 7 op 0 root 0 comm 0x5653c1e301f0 [nranks=2] stream 0x5653c1878e60
n232-194-226:234788:234788 [0] NCCL INFO AllReduce: opCount b8 sendbuff 0x7f3f7fe00400 recvbuff 0x7f3f7fe00400 count 8192 datatype 7 op 0 root 0 comm 0x5653c1e301f0 [nranks=2] stream 0x5653c1878e60
n232-194-226:234789:234789 [1] NCCL INFO AllReduce: opCount b8 sendbuff 0x7f7995e00400 recvbuff 0x7f7995e00400 count 8192 datatype 7 op 0 root 0 comm 0x55a8482cd050 [nranks=2] stream 0x55a8482d0de0
n232-194-226:234789:234789 [1] NCCL INFO AllReduce: opCount b9 sendbuff 0x7f7995e00200 recvbuff 0x7f7995e00200 count 1 datatype 1 op 0 root 0 comm 0x55a8482cd050 [nranks=2] stream 0x55a8482d0de0
n232-194-226:234788:234788 [0] NCCL INFO AllReduce: opCount b9 sendbuff 0x7f3f7fe00200 recvbuff 0x7f3f7fe00200 count 1 datatype 1 op 0 root 0 comm 0x5653c1e301f0 [nranks=2] stream 0x5653c1878e60
n232-194-226:234789:234789 [1] NCCL INFO AllReduce: opCount ba sendbuff 0x7f7995e00400 recvbuff 0x7f7995e00400 count 8192 datatype 7 op 0 root 0 comm 0x55a8482cd050 [nranks=2] stream 0x55a8482d0de0
n232-194-226:234788:234788 [0] NCCL INFO AllReduce: opCount ba sendbuff 0x7f3f7fe00400 recvbuff 0x7f3f7fe00400 count 8192 datatype 7 op 0 root 0 comm 0x5653c1e301f0 [nranks=2] stream 0x5653c1878e60
n232-194-226:234789:234789 [1] NCCL INFO AllReduce: opCount bb sendbuff 0x7f7995e00000 recvbuff 0x7f7995e00000 count 1 datatype 1 op 0 root 0 comm 0x55a8482cd050 [nranks=2] stream 0x55a8482d0de0
n232-194-226:234788:234788 [0] NCCL INFO AllReduce: opCount bb sendbuff 0x7f3f7fe00000 recvbuff 0x7f3f7fe00000 count 1 datatype 1 op 0 root 0 comm 0x5653c1e301f0 [nranks=2] stream 0x5653c1878e60
n232-194-226:234789:234789 [1] NCCL INFO AllReduce: opCount bc sendbuff 0x7f7995e00400 recvbuff 0x7f7995e00400 count 8192 datatype 7 op 0 root 0 comm 0x55a8482cd050 [nranks=2] stream 0x55a8482d0de0
n232-194-226:234788:234788 [0] NCCL INFO AllReduce: opCount bc sendbuff 0x7f3f7fe00400 recvbuff 0x7f3f7fe00400 count 8192 datatype 7 op 0 root 0 comm 0x5653c1e301f0 [nranks=2] stream 0x5653c1878e60
n232-194-226:234789:234789 [1] NCCL INFO AllReduce: opCount bd sendbuff 0x7f7995e00200 recvbuff 0x7f7995e00200 count 1 datatype 1 op 0 root 0 comm 0x55a8482cd050 [nranks=2] stream 0x55a8482d0de0
n232-194-226:234788:234788 [0] NCCL INFO AllReduce: opCount bd sendbuff 0x7f3f7fe00200 recvbuff 0x7f3f7fe00200 count 1 datatype 1 op 0 root 0 comm 0x5653c1e301f0 [nranks=2] stream 0x5653c1878e60
n232-194-226:234788:234788 [0] NCCL INFO AllReduce: opCount be sendbuff 0x7f3f7fe00400 recvbuff 0x7f3f7fe00400 count 8192 datatype 7 op 0 root 0 comm 0x5653c1e301f0 [nranks=2] stream 0x5653c1878e60
n232-194-226:234789:234789 [1] NCCL INFO AllReduce: opCount be sendbuff 0x7f7995e00400 recvbuff 0x7f7995e00400 count 8192 datatype 7 op 0 root 0 comm 0x55a8482cd050 [nranks=2] stream 0x55a8482d0de0
n232-194-226:234789:234789 [1] NCCL INFO AllReduce: opCount bf sendbuff 0x7f7995e00000 recvbuff 0x7f7995e00000 count 1 datatype 1 op 0 root 0 comm 0x55a8482cd050 [nranks=2] stream 0x55a8482d0de0
n232-194-226:234788:234788 [0] NCCL INFO AllReduce: opCount bf sendbuff 0x7f3f7fe00000 recvbuff 0x7f3f7fe00000 count 1 datatype 1 op 0 root 0 comm 0x5653c1e301f0 [nranks=2] stream 0x5653c1878e60
n232-194-226:234788:234788 [0] NCCL INFO AllReduce: opCount c0 sendbuff 0x7f3f7fe00400 recvbuff 0x7f3f7fe00400 count 8192 datatype 7 op 0 root 0 comm 0x5653c1e301f0 [nranks=2] stream 0x5653c1878e60
n232-194-226:234789:234789 [1] NCCL INFO AllReduce: opCount c0 sendbuff 0x7f7995e00400 recvbuff 0x7f7995e00400 count 8192 datatype 7 op 0 root 0 comm 0x55a8482cd050 [nranks=2] stream 0x55a8482d0de0
n232-194-226:234789:234789 [1] NCCL INFO AllReduce: opCount c1 sendbuff 0x7f7995e00200 recvbuff 0x7f7995e00200 count 1 datatype 1 op 0 root 0 comm 0x55a8482cd050 [nranks=2] stream 0x55a8482d0de0
n232-194-226:234788:234788 [0] NCCL INFO AllReduce: opCount c1 sendbuff 0x7f3f7fe00200 recvbuff 0x7f3f7fe00200 count 1 datatype 1 op 0 root 0 comm 0x5653c1e301f0 [nranks=2] stream 0x5653c1878e60
n232-194-226:234788:234788 [0] NCCL INFO AllReduce: opCount c2 sendbuff 0x7f3f7fe00400 recvbuff 0x7f3f7fe00400 count 8192 datatype 7 op 0 root 0 comm 0x5653c1e301f0 [nranks=2] stream 0x5653c1878e60
n232-194-226:234789:234789 [1] NCCL INFO AllReduce: opCount c2 sendbuff 0x7f7995e00400 recvbuff 0x7f7995e00400 count 8192 datatype 7 op 0 root 0 comm 0x55a8482cd050 [nranks=2] stream 0x55a8482d0de0
n232-194-226:234789:234789 [1] NCCL INFO AllReduce: opCount c3 sendbuff 0x7f7995e00000 recvbuff 0x7f7995e00000 count 1 datatype 1 op 0 root 0 comm 0x55a8482cd050 [nranks=2] stream 0x55a8482d0de0
n232-194-226:234788:234788 [0] NCCL INFO AllReduce: opCount c3 sendbuff 0x7f3f7fe00000 recvbuff 0x7f3f7fe00000 count 1 datatype 1 op 0 root 0 comm 0x5653c1e301f0 [nranks=2] stream 0x5653c1878e60
n232-194-226:234789:234789 [1] NCCL INFO AllReduce: opCount c4 sendbuff 0x7f7995e00400 recvbuff 0x7f7995e00400 count 8192 datatype 7 op 0 root 0 comm 0x55a8482cd050 [nranks=2] stream 0x55a8482d0de0
n232-194-226:234788:234788 [0] NCCL INFO AllReduce: opCount c4 sendbuff 0x7f3f7fe00400 recvbuff 0x7f3f7fe00400 count 8192 datatype 7 op 0 root 0 comm 0x5653c1e301f0 [nranks=2] stream 0x5653c1878e60
n232-194-226:234789:234789 [1] NCCL INFO AllReduce: opCount c5 sendbuff 0x7f7995e00200 recvbuff 0x7f7995e00200 count 1 datatype 1 op 0 root 0 comm 0x55a8482cd050 [nranks=2] stream 0x55a8482d0de0
n232-194-226:234788:234788 [0] NCCL INFO AllReduce: opCount c5 sendbuff 0x7f3f7fe00200 recvbuff 0x7f3f7fe00200 count 1 datatype 1 op 0 root 0 comm 0x5653c1e301f0 [nranks=2] stream 0x5653c1878e60
n232-194-226:234788:234788 [0] NCCL INFO AllReduce: opCount c6 sendbuff 0x7f3f7fe00400 recvbuff 0x7f3f7fe00400 count 8192 datatype 7 op 0 root 0 comm 0x5653c1e301f0 [nranks=2] stream 0x5653c1878e60
n232-194-226:234789:234789 [1] NCCL INFO AllReduce: opCount c6 sendbuff 0x7f7995e00400 recvbuff 0x7f7995e00400 count 8192 datatype 7 op 0 root 0 comm 0x55a8482cd050 [nranks=2] stream 0x55a8482d0de0
n232-194-226:234789:234789 [1] NCCL INFO AllReduce: opCount c7 sendbuff 0x7f7995e00000 recvbuff 0x7f7995e00000 count 1 datatype 1 op 0 root 0 comm 0x55a8482cd050 [nranks=2] stream 0x55a8482d0de0
n232-194-226:234788:234788 [0] NCCL INFO AllReduce: opCount c7 sendbuff 0x7f3f7fe00000 recvbuff 0x7f3f7fe00000 count 1 datatype 1 op 0 root 0 comm 0x5653c1e301f0 [nranks=2] stream 0x5653c1878e60
n232-194-226:234788:234788 [0] NCCL INFO AllReduce: opCount c8 sendbuff 0x7f3f7fe00400 recvbuff 0x7f3f7fe00400 count 8192 datatype 7 op 0 root 0 comm 0x5653c1e301f0 [nranks=2] stream 0x5653c1878e60
n232-194-226:234789:234789 [1] NCCL INFO AllReduce: opCount c8 sendbuff 0x7f7995e00400 recvbuff 0x7f7995e00400 count 8192 datatype 7 op 0 root 0 comm 0x55a8482cd050 [nranks=2] stream 0x55a8482d0de0
n232-194-226:234789:234789 [1] NCCL INFO AllReduce: opCount c9 sendbuff 0x7f7995e00200 recvbuff 0x7f7995e00200 count 1 datatype 1 op 0 root 0 comm 0x55a8482cd050 [nranks=2] stream 0x55a8482d0de0
n232-194-226:234788:234788 [0] NCCL INFO AllReduce: opCount c9 sendbuff 0x7f3f7fe00200 recvbuff 0x7f3f7fe00200 count 1 datatype 1 op 0 root 0 comm 0x5653c1e301f0 [nranks=2] stream 0x5653c1878e60
n232-194-226:234788:234788 [0] NCCL INFO AllReduce: opCount ca sendbuff 0x7f3f7fe00400 recvbuff 0x7f3f7fe00400 count 8192 datatype 7 op 0 root 0 comm 0x5653c1e301f0 [nranks=2] stream 0x5653c1878e60
n232-194-226:234789:234789 [1] NCCL INFO AllReduce: opCount ca sendbuff 0x7f7995e00400 recvbuff 0x7f7995e00400 count 8192 datatype 7 op 0 root 0 comm 0x55a8482cd050 [nranks=2] stream 0x55a8482d0de0
n232-194-226:234789:234789 [1] NCCL INFO AllReduce: opCount cb sendbuff 0x7f7995e00000 recvbuff 0x7f7995e00000 count 1 datatype 1 op 0 root 0 comm 0x55a8482cd050 [nranks=2] stream 0x55a8482d0de0
n232-194-226:234788:234788 [0] NCCL INFO AllReduce: opCount cb sendbuff 0x7f3f7fe00000 recvbuff 0x7f3f7fe00000 count 1 datatype 1 op 0 root 0 comm 0x5653c1e301f0 [nranks=2] stream 0x5653c1878e60
n232-194-226:234788:234788 [0] NCCL INFO AllReduce: opCount cc sendbuff 0x7f3f7fe00400 recvbuff 0x7f3f7fe00400 count 8192 datatype 7 op 0 root 0 comm 0x5653c1e301f0 [nranks=2] stream 0x5653c1878e60
n232-194-226:234789:234789 [1] NCCL INFO AllReduce: opCount cc sendbuff 0x7f7995e00400 recvbuff 0x7f7995e00400 count 8192 datatype 7 op 0 root 0 comm 0x55a8482cd050 [nranks=2] stream 0x55a8482d0de0
n232-194-226:234789:234789 [1] NCCL INFO AllReduce: opCount cd sendbuff 0x7f7995e00200 recvbuff 0x7f7995e00200 count 1 datatype 1 op 0 root 0 comm 0x55a8482cd050 [nranks=2] stream 0x55a8482d0de0
n232-194-226:234788:234788 [0] NCCL INFO AllReduce: opCount cd sendbuff 0x7f3f7fe00200 recvbuff 0x7f3f7fe00200 count 1 datatype 1 op 0 root 0 comm 0x5653c1e301f0 [nranks=2] stream 0x5653c1878e60
n232-194-226:234788:234788 [0] NCCL INFO AllReduce: opCount ce sendbuff 0x7f3f7fe00400 recvbuff 0x7f3f7fe00400 count 8192 datatype 7 op 0 root 0 comm 0x5653c1e301f0 [nranks=2] stream 0x5653c1878e60
n232-194-226:234789:234789 [1] NCCL INFO AllReduce: opCount ce sendbuff 0x7f7995e00400 recvbuff 0x7f7995e00400 count 8192 datatype 7 op 0 root 0 comm 0x55a8482cd050 [nranks=2] stream 0x55a8482d0de0
n232-194-226:234789:234789 [1] NCCL INFO AllReduce: opCount cf sendbuff 0x7f7995e00000 recvbuff 0x7f7995e00000 count 1 datatype 1 op 0 root 0 comm 0x55a8482cd050 [nranks=2] stream 0x55a8482d0de0
n232-194-226:234788:234788 [0] NCCL INFO AllReduce: opCount cf sendbuff 0x7f3f7fe00000 recvbuff 0x7f3f7fe00000 count 1 datatype 1 op 0 root 0 comm 0x5653c1e301f0 [nranks=2] stream 0x5653c1878e60
n232-194-226:234788:234788 [0] NCCL INFO AllReduce: opCount d0 sendbuff 0x7f3f7fe00400 recvbuff 0x7f3f7fe00400 count 8192 datatype 7 op 0 root 0 comm 0x5653c1e301f0 [nranks=2] stream 0x5653c1878e60
n232-194-226:234789:234789 [1] NCCL INFO AllReduce: opCount d0 sendbuff 0x7f7995e00400 recvbuff 0x7f7995e00400 count 8192 datatype 7 op 0 root 0 comm 0x55a8482cd050 [nranks=2] stream 0x55a8482d0de0
n232-194-226:234789:234789 [1] NCCL INFO AllReduce: opCount d1 sendbuff 0x7f7995e00200 recvbuff 0x7f7995e00200 count 1 datatype 1 op 0 root 0 comm 0x55a8482cd050 [nranks=2] stream 0x55a8482d0de0
n232-194-226:234788:234788 [0] NCCL INFO AllReduce: opCount d1 sendbuff 0x7f3f7fe00200 recvbuff 0x7f3f7fe00200 count 1 datatype 1 op 0 root 0 comm 0x5653c1e301f0 [nranks=2] stream 0x5653c1878e60
n232-194-226:234788:234788 [0] NCCL INFO AllReduce: opCount d2 sendbuff 0x7f3f7fe00400 recvbuff 0x7f3f7fe00400 count 8192 datatype 7 op 0 root 0 comm 0x5653c1e301f0 [nranks=2] stream 0x5653c1878e60
n232-194-226:234789:234789 [1] NCCL INFO AllReduce: opCount d2 sendbuff 0x7f7995e00400 recvbuff 0x7f7995e00400 count 8192 datatype 7 op 0 root 0 comm 0x55a8482cd050 [nranks=2] stream 0x55a8482d0de0
n232-194-226:234789:234789 [1] NCCL INFO AllReduce: opCount d3 sendbuff 0x7f7995e00000 recvbuff 0x7f7995e00000 count 1 datatype 1 op 0 root 0 comm 0x55a8482cd050 [nranks=2] stream 0x55a8482d0de0
n232-194-226:234788:234788 [0] NCCL INFO AllReduce: opCount d3 sendbuff 0x7f3f7fe00000 recvbuff 0x7f3f7fe00000 count 1 datatype 1 op 0 root 0 comm 0x5653c1e301f0 [nranks=2] stream 0x5653c1878e60
n232-194-226:234788:234788 [0] NCCL INFO AllReduce: opCount d4 sendbuff 0x7f3f7fe00400 recvbuff 0x7f3f7fe00400 count 8192 datatype 7 op 0 root 0 comm 0x5653c1e301f0 [nranks=2] stream 0x5653c1878e60
n232-194-226:234789:234789 [1] NCCL INFO AllReduce: opCount d4 sendbuff 0x7f7995e00400 recvbuff 0x7f7995e00400 count 8192 datatype 7 op 0 root 0 comm 0x55a8482cd050 [nranks=2] stream 0x55a8482d0de0
n232-194-226:234789:234789 [1] NCCL INFO AllReduce: opCount d5 sendbuff 0x7f7995e00200 recvbuff 0x7f7995e00200 count 1 datatype 1 op 0 root 0 comm 0x55a8482cd050 [nranks=2] stream 0x55a8482d0de0
n232-194-226:234788:234788 [0] NCCL INFO AllReduce: opCount d5 sendbuff 0x7f3f7fe00200 recvbuff 0x7f3f7fe00200 count 1 datatype 1 op 0 root 0 comm 0x5653c1e301f0 [nranks=2] stream 0x5653c1878e60
n232-194-226:234788:234788 [0] NCCL INFO AllReduce: opCount d6 sendbuff 0x7f3f7fe00400 recvbuff 0x7f3f7fe00400 count 8192 datatype 7 op 0 root 0 comm 0x5653c1e301f0 [nranks=2] stream 0x5653c1878e60
n232-194-226:234789:234789 [1] NCCL INFO AllReduce: opCount d6 sendbuff 0x7f7995e00400 recvbuff 0x7f7995e00400 count 8192 datatype 7 op 0 root 0 comm 0x55a8482cd050 [nranks=2] stream 0x55a8482d0de0
n232-194-226:234789:234789 [1] NCCL INFO AllReduce: opCount d7 sendbuff 0x7f7995e00000 recvbuff 0x7f7995e00000 count 1 datatype 1 op 0 root 0 comm 0x55a8482cd050 [nranks=2] stream 0x55a8482d0de0
n232-194-226:234788:234788 [0] NCCL INFO AllReduce: opCount d7 sendbuff 0x7f3f7fe00000 recvbuff 0x7f3f7fe00000 count 1 datatype 1 op 0 root 0 comm 0x5653c1e301f0 [nranks=2] stream 0x5653c1878e60
n232-194-226:234788:234788 [0] NCCL INFO AllReduce: opCount d8 sendbuff 0x7f3f7fe00400 recvbuff 0x7f3f7fe00400 count 8192 datatype 7 op 0 root 0 comm 0x5653c1e301f0 [nranks=2] stream 0x5653c1878e60
n232-194-226:234789:234789 [1] NCCL INFO AllReduce: opCount d8 sendbuff 0x7f7995e00400 recvbuff 0x7f7995e00400 count 8192 datatype 7 op 0 root 0 comm 0x55a8482cd050 [nranks=2] stream 0x55a8482d0de0
n232-194-226:234789:234789 [1] NCCL INFO AllReduce: opCount d9 sendbuff 0x7f7995e00200 recvbuff 0x7f7995e00200 count 1 datatype 1 op 0 root 0 comm 0x55a8482cd050 [nranks=2] stream 0x55a8482d0de0
n232-194-226:234788:234788 [0] NCCL INFO AllReduce: opCount d9 sendbuff 0x7f3f7fe00200 recvbuff 0x7f3f7fe00200 count 1 datatype 1 op 0 root 0 comm 0x5653c1e301f0 [nranks=2] stream 0x5653c1878e60
n232-194-226:234788:234788 [0] NCCL INFO AllReduce: opCount da sendbuff 0x7f3f7fe00400 recvbuff 0x7f3f7fe00400 count 8192 datatype 7 op 0 root 0 comm 0x5653c1e301f0 [nranks=2] stream 0x5653c1878e60
n232-194-226:234789:234789 [1] NCCL INFO AllReduce: opCount da sendbuff 0x7f7995e00400 recvbuff 0x7f7995e00400 count 8192 datatype 7 op 0 root 0 comm 0x55a8482cd050 [nranks=2] stream 0x55a8482d0de0
n232-194-226:234789:234789 [1] NCCL INFO AllReduce: opCount db sendbuff 0x7f7995e00000 recvbuff 0x7f7995e00000 count 1 datatype 1 op 0 root 0 comm 0x55a8482cd050 [nranks=2] stream 0x55a8482d0de0
n232-194-226:234788:234788 [0] NCCL INFO AllReduce: opCount db sendbuff 0x7f3f7fe00000 recvbuff 0x7f3f7fe00000 count 1 datatype 1 op 0 root 0 comm 0x5653c1e301f0 [nranks=2] stream 0x5653c1878e60
n232-194-226:234788:234788 [0] NCCL INFO AllReduce: opCount dc sendbuff 0x7f3f7fe00400 recvbuff 0x7f3f7fe00400 count 8192 datatype 7 op 0 root 0 comm 0x5653c1e301f0 [nranks=2] stream 0x5653c1878e60
n232-194-226:234789:234789 [1] NCCL INFO AllReduce: opCount dc sendbuff 0x7f7995e00400 recvbuff 0x7f7995e00400 count 8192 datatype 7 op 0 root 0 comm 0x55a8482cd050 [nranks=2] stream 0x55a8482d0de0
n232-194-226:234789:234789 [1] NCCL INFO AllReduce: opCount dd sendbuff 0x7f7995e00200 recvbuff 0x7f7995e00200 count 1 datatype 1 op 0 root 0 comm 0x55a8482cd050 [nranks=2] stream 0x55a8482d0de0
n232-194-226:234788:234788 [0] NCCL INFO AllReduce: opCount dd sendbuff 0x7f3f7fe00200 recvbuff 0x7f3f7fe00200 count 1 datatype 1 op 0 root 0 comm 0x5653c1e301f0 [nranks=2] stream 0x5653c1878e60
n232-194-226:234788:234788 [0] NCCL INFO AllReduce: opCount de sendbuff 0x7f3f7fe00400 recvbuff 0x7f3f7fe00400 count 8192 datatype 7 op 0 root 0 comm 0x5653c1e301f0 [nranks=2] stream 0x5653c1878e60
n232-194-226:234789:234789 [1] NCCL INFO AllReduce: opCount de sendbuff 0x7f7995e00400 recvbuff 0x7f7995e00400 count 8192 datatype 7 op 0 root 0 comm 0x55a8482cd050 [nranks=2] stream 0x55a8482d0de0
n232-194-226:234789:234789 [1] NCCL INFO AllReduce: opCount df sendbuff 0x7f7995e00000 recvbuff 0x7f7995e00000 count 1 datatype 1 op 0 root 0 comm 0x55a8482cd050 [nranks=2] stream 0x55a8482d0de0
n232-194-226:234788:234788 [0] NCCL INFO AllReduce: opCount df sendbuff 0x7f3f7fe00000 recvbuff 0x7f3f7fe00000 count 1 datatype 1 op 0 root 0 comm 0x5653c1e301f0 [nranks=2] stream 0x5653c1878e60
n232-194-226:234788:234788 [0] NCCL INFO AllReduce: opCount e0 sendbuff 0x7f3f7fe00400 recvbuff 0x7f3f7fe00400 count 8192 datatype 7 op 0 root 0 comm 0x5653c1e301f0 [nranks=2] stream 0x5653c1878e60
n232-194-226:234789:234789 [1] NCCL INFO AllReduce: opCount e0 sendbuff 0x7f7995e00400 recvbuff 0x7f7995e00400 count 8192 datatype 7 op 0 root 0 comm 0x55a8482cd050 [nranks=2] stream 0x55a8482d0de0
       32K        8192     float     sum     N/A     39.31     6.67     6.67       0
n232-194-226:234789:234789 [1] NCCL INFO AllReduce: opCount e1 sendbuff 0x7f7995e00400 recvbuff 0x7f7995e00400 count 16384 datatype 7 op 0 root 0 comm 0x55a8482cd050 [nranks=2] stream 0x55a8482d0de0
n232-194-226:234788:234788 [0] NCCL INFO AllReduce: opCount e1 sendbuff 0x7f3f7fe00400 recvbuff 0x7f3f7fe00400 count 16384 datatype 7 op 0 root 0 comm 0x5653c1e301f0 [nranks=2] stream 0x5653c1878e60
n232-194-226:234788:234788 [0] NCCL INFO AllReduce: opCount e2 sendbuff 0x7f3f7fe00400 recvbuff 0x7f3f7fe00400 count 16384 datatype 7 op 0 root 0 comm 0x5653c1e301f0 [nranks=2] stream 0x5653c1878e60
n232-194-226:234789:234789 [1] NCCL INFO AllReduce: opCount e2 sendbuff 0x7f7995e00400 recvbuff 0x7f7995e00400 count 16384 datatype 7 op 0 root 0 comm 0x55a8482cd050 [nranks=2] stream 0x55a8482d0de0
n232-194-226:234789:234789 [1] NCCL INFO AllReduce: opCount e3 sendbuff 0x7f7995e00400 recvbuff 0x7f7995e00400 count 16384 datatype 7 op 0 root 0 comm 0x55a8482cd050 [nranks=2] stream 0x55a8482d0de0
n232-194-226:234788:234788 [0] NCCL INFO AllReduce: opCount e3 sendbuff 0x7f3f7fe00400 recvbuff 0x7f3f7fe00400 count 16384 datatype 7 op 0 root 0 comm 0x5653c1e301f0 [nranks=2] stream 0x5653c1878e60
n232-194-226:234788:234788 [0] NCCL INFO AllReduce: opCount e4 sendbuff 0x7f3f7fe00400 recvbuff 0x7f3f7fe00400 count 16384 datatype 7 op 0 root 0 comm 0x5653c1e301f0 [nranks=2] stream 0x5653c1878e60
n232-194-226:234789:234789 [1] NCCL INFO AllReduce: opCount e4 sendbuff 0x7f7995e00400 recvbuff 0x7f7995e00400 count 16384 datatype 7 op 0 root 0 comm 0x55a8482cd050 [nranks=2] stream 0x55a8482d0de0
n232-194-226:234789:234789 [1] NCCL INFO AllReduce: opCount e5 sendbuff 0x7f7995e00400 recvbuff 0x7f7995e00400 count 16384 datatype 7 op 0 root 0 comm 0x55a8482cd050 [nranks=2] stream 0x55a8482d0de0
n232-194-226:234788:234788 [0] NCCL INFO AllReduce: opCount e5 sendbuff 0x7f3f7fe00400 recvbuff 0x7f3f7fe00400 count 16384 datatype 7 op 0 root 0 comm 0x5653c1e301f0 [nranks=2] stream 0x5653c1878e60
n232-194-226:234789:234789 [1] NCCL INFO AllReduce: opCount e6 sendbuff 0x7f7995e00200 recvbuff 0x7f7995e00200 count 1 datatype 1 op 0 root 0 comm 0x55a8482cd050 [nranks=2] stream 0x55a8482d0de0
n232-194-226:234788:234788 [0] NCCL INFO AllReduce: opCount e6 sendbuff 0x7f3f7fe00200 recvbuff 0x7f3f7fe00200 count 1 datatype 1 op 0 root 0 comm 0x5653c1e301f0 [nranks=2] stream 0x5653c1878e60
n232-194-226:234789:234789 [1] NCCL INFO AllReduce: opCount e7 sendbuff 0x7f7995e00400 recvbuff 0x7f7995e00400 count 16384 datatype 7 op 0 root 0 comm 0x55a8482cd050 [nranks=2] stream 0x55a8482d0de0
n232-194-226:234788:234788 [0] NCCL INFO AllReduce: opCount e7 sendbuff 0x7f3f7fe00400 recvbuff 0x7f3f7fe00400 count 16384 datatype 7 op 0 root 0 comm 0x5653c1e301f0 [nranks=2] stream 0x5653c1878e60
n232-194-226:234788:234788 [0] NCCL INFO AllReduce: opCount e8 sendbuff 0x7f3f7fe00000 recvbuff 0x7f3f7fe00000 count 1 datatype 1 op 0 root 0 comm 0x5653c1e301f0 [nranks=2] stream 0x5653c1878e60
n232-194-226:234789:234789 [1] NCCL INFO AllReduce: opCount e8 sendbuff 0x7f7995e00000 recvbuff 0x7f7995e00000 count 1 datatype 1 op 0 root 0 comm 0x55a8482cd050 [nranks=2] stream 0x55a8482d0de0
n232-194-226:234789:234789 [1] NCCL INFO AllReduce: opCount e9 sendbuff 0x7f7995e00400 recvbuff 0x7f7995e00400 count 16384 datatype 7 op 0 root 0 comm 0x55a8482cd050 [nranks=2] stream 0x55a8482d0de0
n232-194-226:234788:234788 [0] NCCL INFO AllReduce: opCount e9 sendbuff 0x7f3f7fe00400 recvbuff 0x7f3f7fe00400 count 16384 datatype 7 op 0 root 0 comm 0x5653c1e301f0 [nranks=2] stream 0x5653c1878e60
n232-194-226:234788:234788 [0] NCCL INFO AllReduce: opCount ea sendbuff 0x7f3f7fe00200 recvbuff 0x7f3f7fe00200 count 1 datatype 1 op 0 root 0 comm 0x5653c1e301f0 [nranks=2] stream 0x5653c1878e60
n232-194-226:234789:234789 [1] NCCL INFO AllReduce: opCount ea sendbuff 0x7f7995e00200 recvbuff 0x7f7995e00200 count 1 datatype 1 op 0 root 0 comm 0x55a8482cd050 [nranks=2] stream 0x55a8482d0de0
n232-194-226:234789:234789 [1] NCCL INFO AllReduce: opCount eb sendbuff 0x7f7995e00400 recvbuff 0x7f7995e00400 count 16384 datatype 7 op 0 root 0 comm 0x55a8482cd050 [nranks=2] stream 0x55a8482d0de0
n232-194-226:234788:234788 [0] NCCL INFO AllReduce: opCount eb sendbuff 0x7f3f7fe00400 recvbuff 0x7f3f7fe00400 count 16384 datatype 7 op 0 root 0 comm 0x5653c1e301f0 [nranks=2] stream 0x5653c1878e60
n232-194-226:234788:234788 [0] NCCL INFO AllReduce: opCount ec sendbuff 0x7f3f7fe00000 recvbuff 0x7f3f7fe00000 count 1 datatype 1 op 0 root 0 comm 0x5653c1e301f0 [nranks=2] stream 0x5653c1878e60
n232-194-226:234789:234789 [1] NCCL INFO AllReduce: opCount ec sendbuff 0x7f7995e00000 recvbuff 0x7f7995e00000 count 1 datatype 1 op 0 root 0 comm 0x55a8482cd050 [nranks=2] stream 0x55a8482d0de0
n232-194-226:234789:234789 [1] NCCL INFO AllReduce: opCount ed sendbuff 0x7f7995e00400 recvbuff 0x7f7995e00400 count 16384 datatype 7 op 0 root 0 comm 0x55a8482cd050 [nranks=2] stream 0x55a8482d0de0
n232-194-226:234788:234788 [0] NCCL INFO AllReduce: opCount ed sendbuff 0x7f3f7fe00400 recvbuff 0x7f3f7fe00400 count 16384 datatype 7 op 0 root 0 comm 0x5653c1e301f0 [nranks=2] stream 0x5653c1878e60
n232-194-226:234788:234788 [0] NCCL INFO AllReduce: opCount ee sendbuff 0x7f3f7fe00200 recvbuff 0x7f3f7fe00200 count 1 datatype 1 op 0 root 0 comm 0x5653c1e301f0 [nranks=2] stream 0x5653c1878e60
n232-194-226:234789:234789 [1] NCCL INFO AllReduce: opCount ee sendbuff 0x7f7995e00200 recvbuff 0x7f7995e00200 count 1 datatype 1 op 0 root 0 comm 0x55a8482cd050 [nranks=2] stream 0x55a8482d0de0
n232-194-226:234789:234789 [1] NCCL INFO AllReduce: opCount ef sendbuff 0x7f7995e00400 recvbuff 0x7f7995e00400 count 16384 datatype 7 op 0 root 0 comm 0x55a8482cd050 [nranks=2] stream 0x55a8482d0de0
n232-194-226:234788:234788 [0] NCCL INFO AllReduce: opCount ef sendbuff 0x7f3f7fe00400 recvbuff 0x7f3f7fe00400 count 16384 datatype 7 op 0 root 0 comm 0x5653c1e301f0 [nranks=2] stream 0x5653c1878e60
n232-194-226:234789:234789 [1] NCCL INFO AllReduce: opCount f0 sendbuff 0x7f7995e00000 recvbuff 0x7f7995e00000 count 1 datatype 1 op 0 root 0 comm 0x55a8482cd050 [nranks=2] stream 0x55a8482d0de0
n232-194-226:234788:234788 [0] NCCL INFO AllReduce: opCount f0 sendbuff 0x7f3f7fe00000 recvbuff 0x7f3f7fe00000 count 1 datatype 1 op 0 root 0 comm 0x5653c1e301f0 [nranks=2] stream 0x5653c1878e60
n232-194-226:234789:234789 [1] NCCL INFO AllReduce: opCount f1 sendbuff 0x7f7995e00400 recvbuff 0x7f7995e00400 count 16384 datatype 7 op 0 root 0 comm 0x55a8482cd050 [nranks=2] stream 0x55a8482d0de0
n232-194-226:234788:234788 [0] NCCL INFO AllReduce: opCount f1 sendbuff 0x7f3f7fe00400 recvbuff 0x7f3f7fe00400 count 16384 datatype 7 op 0 root 0 comm 0x5653c1e301f0 [nranks=2] stream 0x5653c1878e60
n232-194-226:234788:234788 [0] NCCL INFO AllReduce: opCount f2 sendbuff 0x7f3f7fe00200 recvbuff 0x7f3f7fe00200 count 1 datatype 1 op 0 root 0 comm 0x5653c1e301f0 [nranks=2] stream 0x5653c1878e60
n232-194-226:234789:234789 [1] NCCL INFO AllReduce: opCount f2 sendbuff 0x7f7995e00200 recvbuff 0x7f7995e00200 count 1 datatype 1 op 0 root 0 comm 0x55a8482cd050 [nranks=2] stream 0x55a8482d0de0
n232-194-226:234789:234789 [1] NCCL INFO AllReduce: opCount f3 sendbuff 0x7f7995e00400 recvbuff 0x7f7995e00400 count 16384 datatype 7 op 0 root 0 comm 0x55a8482cd050 [nranks=2] stream 0x55a8482d0de0
n232-194-226:234788:234788 [0] NCCL INFO AllReduce: opCount f3 sendbuff 0x7f3f7fe00400 recvbuff 0x7f3f7fe00400 count 16384 datatype 7 op 0 root 0 comm 0x5653c1e301f0 [nranks=2] stream 0x5653c1878e60
n232-194-226:234788:234788 [0] NCCL INFO AllReduce: opCount f4 sendbuff 0x7f3f7fe00000 recvbuff 0x7f3f7fe00000 count 1 datatype 1 op 0 root 0 comm 0x5653c1e301f0 [nranks=2] stream 0x5653c1878e60
n232-194-226:234789:234789 [1] NCCL INFO AllReduce: opCount f4 sendbuff 0x7f7995e00000 recvbuff 0x7f7995e00000 count 1 datatype 1 op 0 root 0 comm 0x55a8482cd050 [nranks=2] stream 0x55a8482d0de0
n232-194-226:234789:234789 [1] NCCL INFO AllReduce: opCount f5 sendbuff 0x7f7995e00400 recvbuff 0x7f7995e00400 count 16384 datatype 7 op 0 root 0 comm 0x55a8482cd050 [nranks=2] stream 0x55a8482d0de0
n232-194-226:234788:234788 [0] NCCL INFO AllReduce: opCount f5 sendbuff 0x7f3f7fe00400 recvbuff 0x7f3f7fe00400 count 16384 datatype 7 op 0 root 0 comm 0x5653c1e301f0 [nranks=2] stream 0x5653c1878e60
n232-194-226:234788:234788 [0] NCCL INFO AllReduce: opCount f6 sendbuff 0x7f3f7fe00200 recvbuff 0x7f3f7fe00200 count 1 datatype 1 op 0 root 0 comm 0x5653c1e301f0 [nranks=2] stream 0x5653c1878e60
n232-194-226:234789:234789 [1] NCCL INFO AllReduce: opCount f6 sendbuff 0x7f7995e00200 recvbuff 0x7f7995e00200 count 1 datatype 1 op 0 root 0 comm 0x55a8482cd050 [nranks=2] stream 0x55a8482d0de0
n232-194-226:234789:234789 [1] NCCL INFO AllReduce: opCount f7 sendbuff 0x7f7995e00400 recvbuff 0x7f7995e00400 count 16384 datatype 7 op 0 root 0 comm 0x55a8482cd050 [nranks=2] stream 0x55a8482d0de0
n232-194-226:234788:234788 [0] NCCL INFO AllReduce: opCount f7 sendbuff 0x7f3f7fe00400 recvbuff 0x7f3f7fe00400 count 16384 datatype 7 op 0 root 0 comm 0x5653c1e301f0 [nranks=2] stream 0x5653c1878e60
n232-194-226:234789:234789 [1] NCCL INFO AllReduce: opCount f8 sendbuff 0x7f7995e00000 recvbuff 0x7f7995e00000 count 1 datatype 1 op 0 root 0 comm 0x55a8482cd050 [nranks=2] stream 0x55a8482d0de0
n232-194-226:234788:234788 [0] NCCL INFO AllReduce: opCount f8 sendbuff 0x7f3f7fe00000 recvbuff 0x7f3f7fe00000 count 1 datatype 1 op 0 root 0 comm 0x5653c1e301f0 [nranks=2] stream 0x5653c1878e60
n232-194-226:234788:234788 [0] NCCL INFO AllReduce: opCount f9 sendbuff 0x7f3f7fe00400 recvbuff 0x7f3f7fe00400 count 16384 datatype 7 op 0 root 0 comm 0x5653c1e301f0 [nranks=2] stream 0x5653c1878e60
n232-194-226:234789:234789 [1] NCCL INFO AllReduce: opCount f9 sendbuff 0x7f7995e00400 recvbuff 0x7f7995e00400 count 16384 datatype 7 op 0 root 0 comm 0x55a8482cd050 [nranks=2] stream 0x55a8482d0de0
n232-194-226:234789:234789 [1] NCCL INFO AllReduce: opCount fa sendbuff 0x7f7995e00200 recvbuff 0x7f7995e00200 count 1 datatype 1 op 0 root 0 comm 0x55a8482cd050 [nranks=2] stream 0x55a8482d0de0
n232-194-226:234788:234788 [0] NCCL INFO AllReduce: opCount fa sendbuff 0x7f3f7fe00200 recvbuff 0x7f3f7fe00200 count 1 datatype 1 op 0 root 0 comm 0x5653c1e301f0 [nranks=2] stream 0x5653c1878e60
n232-194-226:234788:234788 [0] NCCL INFO AllReduce: opCount fb sendbuff 0x7f3f7fe00400 recvbuff 0x7f3f7fe00400 count 16384 datatype 7 op 0 root 0 comm 0x5653c1e301f0 [nranks=2] stream 0x5653c1878e60
n232-194-226:234789:234789 [1] NCCL INFO AllReduce: opCount fb sendbuff 0x7f7995e00400 recvbuff 0x7f7995e00400 count 16384 datatype 7 op 0 root 0 comm 0x55a8482cd050 [nranks=2] stream 0x55a8482d0de0
n232-194-226:234789:234789 [1] NCCL INFO AllReduce: opCount fc sendbuff 0x7f7995e00000 recvbuff 0x7f7995e00000 count 1 datatype 1 op 0 root 0 comm 0x55a8482cd050 [nranks=2] stream 0x55a8482d0de0
n232-194-226:234788:234788 [0] NCCL INFO AllReduce: opCount fc sendbuff 0x7f3f7fe00000 recvbuff 0x7f3f7fe00000 count 1 datatype 1 op 0 root 0 comm 0x5653c1e301f0 [nranks=2] stream 0x5653c1878e60
n232-194-226:234788:234788 [0] NCCL INFO AllReduce: opCount fd sendbuff 0x7f3f7fe00400 recvbuff 0x7f3f7fe00400 count 16384 datatype 7 op 0 root 0 comm 0x5653c1e301f0 [nranks=2] stream 0x5653c1878e60
n232-194-226:234789:234789 [1] NCCL INFO AllReduce: opCount fd sendbuff 0x7f7995e00400 recvbuff 0x7f7995e00400 count 16384 datatype 7 op 0 root 0 comm 0x55a8482cd050 [nranks=2] stream 0x55a8482d0de0
n232-194-226:234789:234789 [1] NCCL INFO AllReduce: opCount fe sendbuff 0x7f7995e00200 recvbuff 0x7f7995e00200 count 1 datatype 1 op 0 root 0 comm 0x55a8482cd050 [nranks=2] stream 0x55a8482d0de0
n232-194-226:234788:234788 [0] NCCL INFO AllReduce: opCount fe sendbuff 0x7f3f7fe00200 recvbuff 0x7f3f7fe00200 count 1 datatype 1 op 0 root 0 comm 0x5653c1e301f0 [nranks=2] stream 0x5653c1878e60
n232-194-226:234788:234788 [0] NCCL INFO AllReduce: opCount ff sendbuff 0x7f3f7fe00400 recvbuff 0x7f3f7fe00400 count 16384 datatype 7 op 0 root 0 comm 0x5653c1e301f0 [nranks=2] stream 0x5653c1878e60
n232-194-226:234789:234789 [1] NCCL INFO AllReduce: opCount ff sendbuff 0x7f7995e00400 recvbuff 0x7f7995e00400 count 16384 datatype 7 op 0 root 0 comm 0x55a8482cd050 [nranks=2] stream 0x55a8482d0de0
n232-194-226:234789:234789 [1] NCCL INFO AllReduce: opCount 100 sendbuff 0x7f7995e00000 recvbuff 0x7f7995e00000 count 1 datatype 1 op 0 root 0 comm 0x55a8482cd050 [nranks=2] stream 0x55a8482d0de0
n232-194-226:234788:234788 [0] NCCL INFO AllReduce: opCount 100 sendbuff 0x7f3f7fe00000 recvbuff 0x7f3f7fe00000 count 1 datatype 1 op 0 root 0 comm 0x5653c1e301f0 [nranks=2] stream 0x5653c1878e60
n232-194-226:234788:234788 [0] NCCL INFO AllReduce: opCount 101 sendbuff 0x7f3f7fe00400 recvbuff 0x7f3f7fe00400 count 16384 datatype 7 op 0 root 0 comm 0x5653c1e301f0 [nranks=2] stream 0x5653c1878e60
n232-194-226:234789:234789 [1] NCCL INFO AllReduce: opCount 101 sendbuff 0x7f7995e00400 recvbuff 0x7f7995e00400 count 16384 datatype 7 op 0 root 0 comm 0x55a8482cd050 [nranks=2] stream 0x55a8482d0de0
n232-194-226:234789:234789 [1] NCCL INFO AllReduce: opCount 102 sendbuff 0x7f7995e00200 recvbuff 0x7f7995e00200 count 1 datatype 1 op 0 root 0 comm 0x55a8482cd050 [nranks=2] stream 0x55a8482d0de0
n232-194-226:234788:234788 [0] NCCL INFO AllReduce: opCount 102 sendbuff 0x7f3f7fe00200 recvbuff 0x7f3f7fe00200 count 1 datatype 1 op 0 root 0 comm 0x5653c1e301f0 [nranks=2] stream 0x5653c1878e60
n232-194-226:234788:234788 [0] NCCL INFO AllReduce: opCount 103 sendbuff 0x7f3f7fe00400 recvbuff 0x7f3f7fe00400 count 16384 datatype 7 op 0 root 0 comm 0x5653c1e301f0 [nranks=2] stream 0x5653c1878e60
n232-194-226:234789:234789 [1] NCCL INFO AllReduce: opCount 103 sendbuff 0x7f7995e00400 recvbuff 0x7f7995e00400 count 16384 datatype 7 op 0 root 0 comm 0x55a8482cd050 [nranks=2] stream 0x55a8482d0de0
n232-194-226:234789:234789 [1] NCCL INFO AllReduce: opCount 104 sendbuff 0x7f7995e00000 recvbuff 0x7f7995e00000 count 1 datatype 1 op 0 root 0 comm 0x55a8482cd050 [nranks=2] stream 0x55a8482d0de0
n232-194-226:234788:234788 [0] NCCL INFO AllReduce: opCount 104 sendbuff 0x7f3f7fe00000 recvbuff 0x7f3f7fe00000 count 1 datatype 1 op 0 root 0 comm 0x5653c1e301f0 [nranks=2] stream 0x5653c1878e60
n232-194-226:234788:234788 [0] NCCL INFO AllReduce: opCount 105 sendbuff 0x7f3f7fe00400 recvbuff 0x7f3f7fe00400 count 16384 datatype 7 op 0 root 0 comm 0x5653c1e301f0 [nranks=2] stream 0x5653c1878e60
n232-194-226:234789:234789 [1] NCCL INFO AllReduce: opCount 105 sendbuff 0x7f7995e00400 recvbuff 0x7f7995e00400 count 16384 datatype 7 op 0 root 0 comm 0x55a8482cd050 [nranks=2] stream 0x55a8482d0de0
n232-194-226:234789:234789 [1] NCCL INFO AllReduce: opCount 106 sendbuff 0x7f7995e00200 recvbuff 0x7f7995e00200 count 1 datatype 1 op 0 root 0 comm 0x55a8482cd050 [nranks=2] stream 0x55a8482d0de0
n232-194-226:234788:234788 [0] NCCL INFO AllReduce: opCount 106 sendbuff 0x7f3f7fe00200 recvbuff 0x7f3f7fe00200 count 1 datatype 1 op 0 root 0 comm 0x5653c1e301f0 [nranks=2] stream 0x5653c1878e60
n232-194-226:234788:234788 [0] NCCL INFO AllReduce: opCount 107 sendbuff 0x7f3f7fe00400 recvbuff 0x7f3f7fe00400 count 16384 datatype 7 op 0 root 0 comm 0x5653c1e301f0 [nranks=2] stream 0x5653c1878e60
n232-194-226:234789:234789 [1] NCCL INFO AllReduce: opCount 107 sendbuff 0x7f7995e00400 recvbuff 0x7f7995e00400 count 16384 datatype 7 op 0 root 0 comm 0x55a8482cd050 [nranks=2] stream 0x55a8482d0de0
n232-194-226:234789:234789 [1] NCCL INFO AllReduce: opCount 108 sendbuff 0x7f7995e00000 recvbuff 0x7f7995e00000 count 1 datatype 1 op 0 root 0 comm 0x55a8482cd050 [nranks=2] stream 0x55a8482d0de0
n232-194-226:234788:234788 [0] NCCL INFO AllReduce: opCount 108 sendbuff 0x7f3f7fe00000 recvbuff 0x7f3f7fe00000 count 1 datatype 1 op 0 root 0 comm 0x5653c1e301f0 [nranks=2] stream 0x5653c1878e60
n232-194-226:234788:234788 [0] NCCL INFO AllReduce: opCount 109 sendbuff 0x7f3f7fe00400 recvbuff 0x7f3f7fe00400 count 16384 datatype 7 op 0 root 0 comm 0x5653c1e301f0 [nranks=2] stream 0x5653c1878e60
n232-194-226:234789:234789 [1] NCCL INFO AllReduce: opCount 109 sendbuff 0x7f7995e00400 recvbuff 0x7f7995e00400 count 16384 datatype 7 op 0 root 0 comm 0x55a8482cd050 [nranks=2] stream 0x55a8482d0de0
n232-194-226:234789:234789 [1] NCCL INFO AllReduce: opCount 10a sendbuff 0x7f7995e00200 recvbuff 0x7f7995e00200 count 1 datatype 1 op 0 root 0 comm 0x55a8482cd050 [nranks=2] stream 0x55a8482d0de0
n232-194-226:234788:234788 [0] NCCL INFO AllReduce: opCount 10a sendbuff 0x7f3f7fe00200 recvbuff 0x7f3f7fe00200 count 1 datatype 1 op 0 root 0 comm 0x5653c1e301f0 [nranks=2] stream 0x5653c1878e60
n232-194-226:234788:234788 [0] NCCL INFO AllReduce: opCount 10b sendbuff 0x7f3f7fe00400 recvbuff 0x7f3f7fe00400 count 16384 datatype 7 op 0 root 0 comm 0x5653c1e301f0 [nranks=2] stream 0x5653c1878e60
n232-194-226:234789:234789 [1] NCCL INFO AllReduce: opCount 10b sendbuff 0x7f7995e00400 recvbuff 0x7f7995e00400 count 16384 datatype 7 op 0 root 0 comm 0x55a8482cd050 [nranks=2] stream 0x55a8482d0de0
n232-194-226:234789:234789 [1] NCCL INFO AllReduce: opCount 10c sendbuff 0x7f7995e00000 recvbuff 0x7f7995e00000 count 1 datatype 1 op 0 root 0 comm 0x55a8482cd050 [nranks=2] stream 0x55a8482d0de0
n232-194-226:234788:234788 [0] NCCL INFO AllReduce: opCount 10c sendbuff 0x7f3f7fe00000 recvbuff 0x7f3f7fe00000 count 1 datatype 1 op 0 root 0 comm 0x5653c1e301f0 [nranks=2] stream 0x5653c1878e60
n232-194-226:234788:234788 [0] NCCL INFO AllReduce: opCount 10d sendbuff 0x7f3f7fe00400 recvbuff 0x7f3f7fe00400 count 16384 datatype 7 op 0 root 0 comm 0x5653c1e301f0 [nranks=2] stream 0x5653c1878e60
n232-194-226:234789:234789 [1] NCCL INFO AllReduce: opCount 10d sendbuff 0x7f7995e00400 recvbuff 0x7f7995e00400 count 16384 datatype 7 op 0 root 0 comm 0x55a8482cd050 [nranks=2] stream 0x55a8482d0de0
       64K       16384     float     sum     N/A     39.69    13.21    13.21       0
n232-194-226:234789:234789 [1] NCCL INFO AllReduce: opCount 10e sendbuff 0x7f7995e00400 recvbuff 0x7f7995e00400 count 32768 datatype 7 op 0 root 0 comm 0x55a8482cd050 [nranks=2] stream 0x55a8482d0de0
n232-194-226:234788:234788 [0] NCCL INFO AllReduce: opCount 10e sendbuff 0x7f3f7fe00400 recvbuff 0x7f3f7fe00400 count 32768 datatype 7 op 0 root 0 comm 0x5653c1e301f0 [nranks=2] stream 0x5653c1878e60
n232-194-226:234789:234789 [1] NCCL INFO AllReduce: opCount 10f sendbuff 0x7f7995e00400 recvbuff 0x7f7995e00400 count 32768 datatype 7 op 0 root 0 comm 0x55a8482cd050 [nranks=2] stream 0x55a8482d0de0
n232-194-226:234788:234788 [0] NCCL INFO AllReduce: opCount 10f sendbuff 0x7f3f7fe00400 recvbuff 0x7f3f7fe00400 count 32768 datatype 7 op 0 root 0 comm 0x5653c1e301f0 [nranks=2] stream 0x5653c1878e60
n232-194-226:234788:234788 [0] NCCL INFO AllReduce: opCount 110 sendbuff 0x7f3f7fe00400 recvbuff 0x7f3f7fe00400 count 32768 datatype 7 op 0 root 0 comm 0x5653c1e301f0 [nranks=2] stream 0x5653c1878e60
n232-194-226:234789:234789 [1] NCCL INFO AllReduce: opCount 110 sendbuff 0x7f7995e00400 recvbuff 0x7f7995e00400 count 32768 datatype 7 op 0 root 0 comm 0x55a8482cd050 [nranks=2] stream 0x55a8482d0de0
n232-194-226:234789:234789 [1] NCCL INFO AllReduce: opCount 111 sendbuff 0x7f7995e00400 recvbuff 0x7f7995e00400 count 32768 datatype 7 op 0 root 0 comm 0x55a8482cd050 [nranks=2] stream 0x55a8482d0de0
n232-194-226:234788:234788 [0] NCCL INFO AllReduce: opCount 111 sendbuff 0x7f3f7fe00400 recvbuff 0x7f3f7fe00400 count 32768 datatype 7 op 0 root 0 comm 0x5653c1e301f0 [nranks=2] stream 0x5653c1878e60
n232-194-226:234788:234788 [0] NCCL INFO AllReduce: opCount 112 sendbuff 0x7f3f7fe00400 recvbuff 0x7f3f7fe00400 count 32768 datatype 7 op 0 root 0 comm 0x5653c1e301f0 [nranks=2] stream 0x5653c1878e60
n232-194-226:234789:234789 [1] NCCL INFO AllReduce: opCount 112 sendbuff 0x7f7995e00400 recvbuff 0x7f7995e00400 count 32768 datatype 7 op 0 root 0 comm 0x55a8482cd050 [nranks=2] stream 0x55a8482d0de0
n232-194-226:234789:234789 [1] NCCL INFO AllReduce: opCount 113 sendbuff 0x7f7995e00200 recvbuff 0x7f7995e00200 count 1 datatype 1 op 0 root 0 comm 0x55a8482cd050 [nranks=2] stream 0x55a8482d0de0
n232-194-226:234788:234788 [0] NCCL INFO AllReduce: opCount 113 sendbuff 0x7f3f7fe00200 recvbuff 0x7f3f7fe00200 count 1 datatype 1 op 0 root 0 comm 0x5653c1e301f0 [nranks=2] stream 0x5653c1878e60
n232-194-226:234789:234789 [1] NCCL INFO AllReduce: opCount 114 sendbuff 0x7f7995e00400 recvbuff 0x7f7995e00400 count 32768 datatype 7 op 0 root 0 comm 0x55a8482cd050 [nranks=2] stream 0x55a8482d0de0
n232-194-226:234788:234788 [0] NCCL INFO AllReduce: opCount 114 sendbuff 0x7f3f7fe00400 recvbuff 0x7f3f7fe00400 count 32768 datatype 7 op 0 root 0 comm 0x5653c1e301f0 [nranks=2] stream 0x5653c1878e60
n232-194-226:234788:234788 [0] NCCL INFO AllReduce: opCount 115 sendbuff 0x7f3f7fe00000 recvbuff 0x7f3f7fe00000 count 1 datatype 1 op 0 root 0 comm 0x5653c1e301f0 [nranks=2] stream 0x5653c1878e60
n232-194-226:234789:234789 [1] NCCL INFO AllReduce: opCount 115 sendbuff 0x7f7995e00000 recvbuff 0x7f7995e00000 count 1 datatype 1 op 0 root 0 comm 0x55a8482cd050 [nranks=2] stream 0x55a8482d0de0
n232-194-226:234789:234789 [1] NCCL INFO AllReduce: opCount 116 sendbuff 0x7f7995e00400 recvbuff 0x7f7995e00400 count 32768 datatype 7 op 0 root 0 comm 0x55a8482cd050 [nranks=2] stream 0x55a8482d0de0
n232-194-226:234788:234788 [0] NCCL INFO AllReduce: opCount 116 sendbuff 0x7f3f7fe00400 recvbuff 0x7f3f7fe00400 count 32768 datatype 7 op 0 root 0 comm 0x5653c1e301f0 [nranks=2] stream 0x5653c1878e60
n232-194-226:234788:234788 [0] NCCL INFO AllReduce: opCount 117 sendbuff 0x7f3f7fe00200 recvbuff 0x7f3f7fe00200 count 1 datatype 1 op 0 root 0 comm 0x5653c1e301f0 [nranks=2] stream 0x5653c1878e60
n232-194-226:234789:234789 [1] NCCL INFO AllReduce: opCount 117 sendbuff 0x7f7995e00200 recvbuff 0x7f7995e00200 count 1 datatype 1 op 0 root 0 comm 0x55a8482cd050 [nranks=2] stream 0x55a8482d0de0
n232-194-226:234789:234789 [1] NCCL INFO AllReduce: opCount 118 sendbuff 0x7f7995e00400 recvbuff 0x7f7995e00400 count 32768 datatype 7 op 0 root 0 comm 0x55a8482cd050 [nranks=2] stream 0x55a8482d0de0
n232-194-226:234788:234788 [0] NCCL INFO AllReduce: opCount 118 sendbuff 0x7f3f7fe00400 recvbuff 0x7f3f7fe00400 count 32768 datatype 7 op 0 root 0 comm 0x5653c1e301f0 [nranks=2] stream 0x5653c1878e60
n232-194-226:234788:234788 [0] NCCL INFO AllReduce: opCount 119 sendbuff 0x7f3f7fe00000 recvbuff 0x7f3f7fe00000 count 1 datatype 1 op 0 root 0 comm 0x5653c1e301f0 [nranks=2] stream 0x5653c1878e60
n232-194-226:234789:234789 [1] NCCL INFO AllReduce: opCount 119 sendbuff 0x7f7995e00000 recvbuff 0x7f7995e00000 count 1 datatype 1 op 0 root 0 comm 0x55a8482cd050 [nranks=2] stream 0x55a8482d0de0
n232-194-226:234789:234789 [1] NCCL INFO AllReduce: opCount 11a sendbuff 0x7f7995e00400 recvbuff 0x7f7995e00400 count 32768 datatype 7 op 0 root 0 comm 0x55a8482cd050 [nranks=2] stream 0x55a8482d0de0
n232-194-226:234788:234788 [0] NCCL INFO AllReduce: opCount 11a sendbuff 0x7f3f7fe00400 recvbuff 0x7f3f7fe00400 count 32768 datatype 7 op 0 root 0 comm 0x5653c1e301f0 [nranks=2] stream 0x5653c1878e60
n232-194-226:234788:234788 [0] NCCL INFO AllReduce: opCount 11b sendbuff 0x7f3f7fe00200 recvbuff 0x7f3f7fe00200 count 1 datatype 1 op 0 root 0 comm 0x5653c1e301f0 [nranks=2] stream 0x5653c1878e60
n232-194-226:234789:234789 [1] NCCL INFO AllReduce: opCount 11b sendbuff 0x7f7995e00200 recvbuff 0x7f7995e00200 count 1 datatype 1 op 0 root 0 comm 0x55a8482cd050 [nranks=2] stream 0x55a8482d0de0
n232-194-226:234789:234789 [1] NCCL INFO AllReduce: opCount 11c sendbuff 0x7f7995e00400 recvbuff 0x7f7995e00400 count 32768 datatype 7 op 0 root 0 comm 0x55a8482cd050 [nranks=2] stream 0x55a8482d0de0
n232-194-226:234788:234788 [0] NCCL INFO AllReduce: opCount 11c sendbuff 0x7f3f7fe00400 recvbuff 0x7f3f7fe00400 count 32768 datatype 7 op 0 root 0 comm 0x5653c1e301f0 [nranks=2] stream 0x5653c1878e60
n232-194-226:234788:234788 [0] NCCL INFO AllReduce: opCount 11d sendbuff 0x7f3f7fe00000 recvbuff 0x7f3f7fe00000 count 1 datatype 1 op 0 root 0 comm 0x5653c1e301f0 [nranks=2] stream 0x5653c1878e60
n232-194-226:234789:234789 [1] NCCL INFO AllReduce: opCount 11d sendbuff 0x7f7995e00000 recvbuff 0x7f7995e00000 count 1 datatype 1 op 0 root 0 comm 0x55a8482cd050 [nranks=2] stream 0x55a8482d0de0
n232-194-226:234789:234789 [1] NCCL INFO AllReduce: opCount 11e sendbuff 0x7f7995e00400 recvbuff 0x7f7995e00400 count 32768 datatype 7 op 0 root 0 comm 0x55a8482cd050 [nranks=2] stream 0x55a8482d0de0
n232-194-226:234788:234788 [0] NCCL INFO AllReduce: opCount 11e sendbuff 0x7f3f7fe00400 recvbuff 0x7f3f7fe00400 count 32768 datatype 7 op 0 root 0 comm 0x5653c1e301f0 [nranks=2] stream 0x5653c1878e60
n232-194-226:234788:234788 [0] NCCL INFO AllReduce: opCount 11f sendbuff 0x7f3f7fe00200 recvbuff 0x7f3f7fe00200 count 1 datatype 1 op 0 root 0 comm 0x5653c1e301f0 [nranks=2] stream 0x5653c1878e60
n232-194-226:234789:234789 [1] NCCL INFO AllReduce: opCount 11f sendbuff 0x7f7995e00200 recvbuff 0x7f7995e00200 count 1 datatype 1 op 0 root 0 comm 0x55a8482cd050 [nranks=2] stream 0x55a8482d0de0
n232-194-226:234789:234789 [1] NCCL INFO AllReduce: opCount 120 sendbuff 0x7f7995e00400 recvbuff 0x7f7995e00400 count 32768 datatype 7 op 0 root 0 comm 0x55a8482cd050 [nranks=2] stream 0x55a8482d0de0
n232-194-226:234788:234788 [0] NCCL INFO AllReduce: opCount 120 sendbuff 0x7f3f7fe00400 recvbuff 0x7f3f7fe00400 count 32768 datatype 7 op 0 root 0 comm 0x5653c1e301f0 [nranks=2] stream 0x5653c1878e60
n232-194-226:234788:234788 [0] NCCL INFO AllReduce: opCount 121 sendbuff 0x7f3f7fe00000 recvbuff 0x7f3f7fe00000 count 1 datatype 1 op 0 root 0 comm 0x5653c1e301f0 [nranks=2] stream 0x5653c1878e60
n232-194-226:234789:234789 [1] NCCL INFO AllReduce: opCount 121 sendbuff 0x7f7995e00000 recvbuff 0x7f7995e00000 count 1 datatype 1 op 0 root 0 comm 0x55a8482cd050 [nranks=2] stream 0x55a8482d0de0
n232-194-226:234789:234789 [1] NCCL INFO AllReduce: opCount 122 sendbuff 0x7f7995e00400 recvbuff 0x7f7995e00400 count 32768 datatype 7 op 0 root 0 comm 0x55a8482cd050 [nranks=2] stream 0x55a8482d0de0
n232-194-226:234788:234788 [0] NCCL INFO AllReduce: opCount 122 sendbuff 0x7f3f7fe00400 recvbuff 0x7f3f7fe00400 count 32768 datatype 7 op 0 root 0 comm 0x5653c1e301f0 [nranks=2] stream 0x5653c1878e60
n232-194-226:234788:234788 [0] NCCL INFO AllReduce: opCount 123 sendbuff 0x7f3f7fe00200 recvbuff 0x7f3f7fe00200 count 1 datatype 1 op 0 root 0 comm 0x5653c1e301f0 [nranks=2] stream 0x5653c1878e60
n232-194-226:234789:234789 [1] NCCL INFO AllReduce: opCount 123 sendbuff 0x7f7995e00200 recvbuff 0x7f7995e00200 count 1 datatype 1 op 0 root 0 comm 0x55a8482cd050 [nranks=2] stream 0x55a8482d0de0
n232-194-226:234789:234789 [1] NCCL INFO AllReduce: opCount 124 sendbuff 0x7f7995e00400 recvbuff 0x7f7995e00400 count 32768 datatype 7 op 0 root 0 comm 0x55a8482cd050 [nranks=2] stream 0x55a8482d0de0
n232-194-226:234788:234788 [0] NCCL INFO AllReduce: opCount 124 sendbuff 0x7f3f7fe00400 recvbuff 0x7f3f7fe00400 count 32768 datatype 7 op 0 root 0 comm 0x5653c1e301f0 [nranks=2] stream 0x5653c1878e60
n232-194-226:234789:234789 [1] NCCL INFO AllReduce: opCount 125 sendbuff 0x7f7995e00000 recvbuff 0x7f7995e00000 count 1 datatype 1 op 0 root 0 comm 0x55a8482cd050 [nranks=2] stream 0x55a8482d0de0
n232-194-226:234788:234788 [0] NCCL INFO AllReduce: opCount 125 sendbuff 0x7f3f7fe00000 recvbuff 0x7f3f7fe00000 count 1 datatype 1 op 0 root 0 comm 0x5653c1e301f0 [nranks=2] stream 0x5653c1878e60
n232-194-226:234789:234789 [1] NCCL INFO AllReduce: opCount 126 sendbuff 0x7f7995e00400 recvbuff 0x7f7995e00400 count 32768 datatype 7 op 0 root 0 comm 0x55a8482cd050 [nranks=2] stream 0x55a8482d0de0
n232-194-226:234788:234788 [0] NCCL INFO AllReduce: opCount 126 sendbuff 0x7f3f7fe00400 recvbuff 0x7f3f7fe00400 count 32768 datatype 7 op 0 root 0 comm 0x5653c1e301f0 [nranks=2] stream 0x5653c1878e60
n232-194-226:234788:234788 [0] NCCL INFO AllReduce: opCount 127 sendbuff 0x7f3f7fe00200 recvbuff 0x7f3f7fe00200 count 1 datatype 1 op 0 root 0 comm 0x5653c1e301f0 [nranks=2] stream 0x5653c1878e60
n232-194-226:234789:234789 [1] NCCL INFO AllReduce: opCount 127 sendbuff 0x7f7995e00200 recvbuff 0x7f7995e00200 count 1 datatype 1 op 0 root 0 comm 0x55a8482cd050 [nranks=2] stream 0x55a8482d0de0
n232-194-226:234789:234789 [1] NCCL INFO AllReduce: opCount 128 sendbuff 0x7f7995e00400 recvbuff 0x7f7995e00400 count 32768 datatype 7 op 0 root 0 comm 0x55a8482cd050 [nranks=2] stream 0x55a8482d0de0
n232-194-226:234788:234788 [0] NCCL INFO AllReduce: opCount 128 sendbuff 0x7f3f7fe00400 recvbuff 0x7f3f7fe00400 count 32768 datatype 7 op 0 root 0 comm 0x5653c1e301f0 [nranks=2] stream 0x5653c1878e60
n232-194-226:234788:234788 [0] NCCL INFO AllReduce: opCount 129 sendbuff 0x7f3f7fe00000 recvbuff 0x7f3f7fe00000 count 1 datatype 1 op 0 root 0 comm 0x5653c1e301f0 [nranks=2] stream 0x5653c1878e60
n232-194-226:234789:234789 [1] NCCL INFO AllReduce: opCount 129 sendbuff 0x7f7995e00000 recvbuff 0x7f7995e00000 count 1 datatype 1 op 0 root 0 comm 0x55a8482cd050 [nranks=2] stream 0x55a8482d0de0
n232-194-226:234789:234789 [1] NCCL INFO AllReduce: opCount 12a sendbuff 0x7f7995e00400 recvbuff 0x7f7995e00400 count 32768 datatype 7 op 0 root 0 comm 0x55a8482cd050 [nranks=2] stream 0x55a8482d0de0
n232-194-226:234788:234788 [0] NCCL INFO AllReduce: opCount 12a sendbuff 0x7f3f7fe00400 recvbuff 0x7f3f7fe00400 count 32768 datatype 7 op 0 root 0 comm 0x5653c1e301f0 [nranks=2] stream 0x5653c1878e60
n232-194-226:234788:234788 [0] NCCL INFO AllReduce: opCount 12b sendbuff 0x7f3f7fe00200 recvbuff 0x7f3f7fe00200 count 1 datatype 1 op 0 root 0 comm 0x5653c1e301f0 [nranks=2] stream 0x5653c1878e60
n232-194-226:234789:234789 [1] NCCL INFO AllReduce: opCount 12b sendbuff 0x7f7995e00200 recvbuff 0x7f7995e00200 count 1 datatype 1 op 0 root 0 comm 0x55a8482cd050 [nranks=2] stream 0x55a8482d0de0
n232-194-226:234789:234789 [1] NCCL INFO AllReduce: opCount 12c sendbuff 0x7f7995e00400 recvbuff 0x7f7995e00400 count 32768 datatype 7 op 0 root 0 comm 0x55a8482cd050 [nranks=2] stream 0x55a8482d0de0
n232-194-226:234788:234788 [0] NCCL INFO AllReduce: opCount 12c sendbuff 0x7f3f7fe00400 recvbuff 0x7f3f7fe00400 count 32768 datatype 7 op 0 root 0 comm 0x5653c1e301f0 [nranks=2] stream 0x5653c1878e60
n232-194-226:234788:234788 [0] NCCL INFO AllReduce: opCount 12d sendbuff 0x7f3f7fe00000 recvbuff 0x7f3f7fe00000 count 1 datatype 1 op 0 root 0 comm 0x5653c1e301f0 [nranks=2] stream 0x5653c1878e60
n232-194-226:234789:234789 [1] NCCL INFO AllReduce: opCount 12d sendbuff 0x7f7995e00000 recvbuff 0x7f7995e00000 count 1 datatype 1 op 0 root 0 comm 0x55a8482cd050 [nranks=2] stream 0x55a8482d0de0
n232-194-226:234789:234789 [1] NCCL INFO AllReduce: opCount 12e sendbuff 0x7f7995e00400 recvbuff 0x7f7995e00400 count 32768 datatype 7 op 0 root 0 comm 0x55a8482cd050 [nranks=2] stream 0x55a8482d0de0
n232-194-226:234788:234788 [0] NCCL INFO AllReduce: opCount 12e sendbuff 0x7f3f7fe00400 recvbuff 0x7f3f7fe00400 count 32768 datatype 7 op 0 root 0 comm 0x5653c1e301f0 [nranks=2] stream 0x5653c1878e60
n232-194-226:234788:234788 [0] NCCL INFO AllReduce: opCount 12f sendbuff 0x7f3f7fe00200 recvbuff 0x7f3f7fe00200 count 1 datatype 1 op 0 root 0 comm 0x5653c1e301f0 [nranks=2] stream 0x5653c1878e60
n232-194-226:234789:234789 [1] NCCL INFO AllReduce: opCount 12f sendbuff 0x7f7995e00200 recvbuff 0x7f7995e00200 count 1 datatype 1 op 0 root 0 comm 0x55a8482cd050 [nranks=2] stream 0x55a8482d0de0
