n232-194-226:234788:234814 [0] NCCL INFO transport/p2p.cc:204 Cuda Alloc Size 2097152 pointer 0x7f3f41800000
n232-194-226:234788:234814 [0] NCCL INFO Allocated shareable buffer 0x7f3f41800000 size 2097152 ipcDesc 0x7f3f6000c160
n232-194-226:234788:234814 [0] NCCL INFO proxyProgressAsync opId=0x7f3f46bba200 op.type=3 op.reqBuff=0x7f3f60019920 op.respSize=80 done
n232-194-226:234788:234798 [0] NCCL INFO ncclPollProxyResponse Received new opId=0x7f3f46bba200
n232-194-226:234788:234814 [0] NCCL INFO Received and initiated operation=Setup res=0
n232-194-226:234788:234798 [0] NCCL INFO recvOpId=0x7f3f46bba200 matches expected opId=0x7f3f46bba200
n232-194-226:234788:234798 [0] NCCL INFO Channel 11/0 : 0[0] -> 1[1] via P2P/IPC
n232-194-226:234789:234813 [1] NCCL INFO transport/p2p.cc:204 Cuda Alloc Size 2097152 pointer 0x7f795f800000
n232-194-226:234789:234813 [1] NCCL INFO Allocated shareable buffer 0x7f795f800000 size 2097152 ipcDesc 0x7f795800c1a0
n232-194-226:234789:234813 [1] NCCL INFO proxyProgressAsync opId=0x7f7962bba1b0 op.type=3 op.reqBuff=0x7f7958019960 op.respSize=80 done
n232-194-226:234788:234814 [0] NCCL INFO New proxy send connection 27 from local rank 0, transport 0
n232-194-226:234788:234814 [0] NCCL INFO proxyProgressAsync opId=0x7f3f46bba200 op.type=1 op.reqBuff=0x7f3f60019920 op.respSize=16 done
n232-194-226:234789:234797 [1] NCCL INFO ncclPollProxyResponse Received new opId=0x7f7962bba1b0
n232-194-226:234788:234798 [0] NCCL INFO ncclPollProxyResponse Received new opId=0x7f3f46bba200
n232-194-226:234789:234813 [1] NCCL INFO Received and initiated operation=Setup res=0
n232-194-226:234788:234814 [0] NCCL INFO Received and initiated operation=Init res=0
n232-194-226:234789:234797 [1] NCCL INFO recvOpId=0x7f7962bba1b0 matches expected opId=0x7f7962bba1b0
n232-194-226:234788:234798 [0] NCCL INFO recvOpId=0x7f3f46bba200 matches expected opId=0x7f3f46bba200
n232-194-226:234788:234798 [0] NCCL INFO Connection to proxy localRank 0 -> connection 0x7f3f600039d0
n232-194-226:234789:234797 [1] NCCL INFO Channel 11/0 : 1[1] -> 0[0] via P2P/IPC
n232-194-226:234789:234813 [1] NCCL INFO New proxy send connection 27 from local rank 1, transport 0
n232-194-226:234789:234813 [1] NCCL INFO proxyProgressAsync opId=0x7f7962bba1b0 op.type=1 op.reqBuff=0x7f7958019960 op.respSize=16 done
n232-194-226:234789:234797 [1] NCCL INFO ncclPollProxyResponse Received new opId=0x7f7962bba1b0
n232-194-226:234789:234813 [1] NCCL INFO Received and initiated operation=Init res=0
n232-194-226:234789:234797 [1] NCCL INFO recvOpId=0x7f7962bba1b0 matches expected opId=0x7f7962bba1b0
n232-194-226:234789:234797 [1] NCCL INFO Connection to proxy localRank 1 -> connection 0x7f79580039c0
n232-194-226:234788:234814 [0] NCCL INFO transport/p2p.cc:204 Cuda Alloc Size 2097152 pointer 0x7f3f41a00000
n232-194-226:234788:234814 [0] NCCL INFO Allocated shareable buffer 0x7f3f41a00000 size 2097152 ipcDesc 0x7f3f6000c160
n232-194-226:234788:234814 [0] NCCL INFO proxyProgressAsync opId=0x7f3f46bba200 op.type=3 op.reqBuff=0x7f3f60019960 op.respSize=80 done
n232-194-226:234788:234798 [0] NCCL INFO ncclPollProxyResponse Received new opId=0x7f3f46bba200
n232-194-226:234788:234814 [0] NCCL INFO Received and initiated operation=Setup res=0
n232-194-226:234788:234798 [0] NCCL INFO recvOpId=0x7f3f46bba200 matches expected opId=0x7f3f46bba200
n232-194-226:234788:234798 [0] NCCL INFO Channel 12/0 : 0[0] -> 1[1] via P2P/IPC
n232-194-226:234789:234813 [1] NCCL INFO transport/p2p.cc:204 Cuda Alloc Size 2097152 pointer 0x7f795fa00000
n232-194-226:234789:234813 [1] NCCL INFO Allocated shareable buffer 0x7f795fa00000 size 2097152 ipcDesc 0x7f795800c1a0
n232-194-226:234789:234813 [1] NCCL INFO proxyProgressAsync opId=0x7f7962bba1b0 op.type=3 op.reqBuff=0x7f79580199a0 op.respSize=80 done
n232-194-226:234788:234814 [0] NCCL INFO New proxy send connection 28 from local rank 0, transport 0
n232-194-226:234788:234814 [0] NCCL INFO proxyProgressAsync opId=0x7f3f46bba200 op.type=1 op.reqBuff=0x7f3f60019960 op.respSize=16 done
n232-194-226:234789:234797 [1] NCCL INFO ncclPollProxyResponse Received new opId=0x7f7962bba1b0
n232-194-226:234788:234798 [0] NCCL INFO ncclPollProxyResponse Received new opId=0x7f3f46bba200
n232-194-226:234789:234813 [1] NCCL INFO Received and initiated operation=Setup res=0
n232-194-226:234788:234814 [0] NCCL INFO Received and initiated operation=Init res=0
n232-194-226:234789:234797 [1] NCCL INFO recvOpId=0x7f7962bba1b0 matches expected opId=0x7f7962bba1b0
n232-194-226:234788:234798 [0] NCCL INFO recvOpId=0x7f3f46bba200 matches expected opId=0x7f3f46bba200
n232-194-226:234788:234798 [0] NCCL INFO Connection to proxy localRank 0 -> connection 0x7f3f60003a20
n232-194-226:234789:234797 [1] NCCL INFO Channel 12/0 : 1[1] -> 0[0] via P2P/IPC
n232-194-226:234789:234813 [1] NCCL INFO New proxy send connection 28 from local rank 1, transport 0
n232-194-226:234789:234813 [1] NCCL INFO proxyProgressAsync opId=0x7f7962bba1b0 op.type=1 op.reqBuff=0x7f79580199a0 op.respSize=16 done
n232-194-226:234789:234797 [1] NCCL INFO ncclPollProxyResponse Received new opId=0x7f7962bba1b0
n232-194-226:234789:234813 [1] NCCL INFO Received and initiated operation=Init res=0
n232-194-226:234789:234797 [1] NCCL INFO recvOpId=0x7f7962bba1b0 matches expected opId=0x7f7962bba1b0
n232-194-226:234789:234797 [1] NCCL INFO Connection to proxy localRank 1 -> connection 0x7f7958003a10
n232-194-226:234788:234814 [0] NCCL INFO transport/p2p.cc:204 Cuda Alloc Size 2097152 pointer 0x7f3f41c00000
n232-194-226:234788:234814 [0] NCCL INFO Allocated shareable buffer 0x7f3f41c00000 size 2097152 ipcDesc 0x7f3f6000c160
n232-194-226:234788:234814 [0] NCCL INFO proxyProgressAsync opId=0x7f3f46bba200 op.type=3 op.reqBuff=0x7f3f6001ae60 op.respSize=80 done
n232-194-226:234788:234798 [0] NCCL INFO ncclPollProxyResponse Received new opId=0x7f3f46bba200
n232-194-226:234788:234814 [0] NCCL INFO Received and initiated operation=Setup res=0
n232-194-226:234788:234798 [0] NCCL INFO recvOpId=0x7f3f46bba200 matches expected opId=0x7f3f46bba200
n232-194-226:234788:234798 [0] NCCL INFO Channel 13/0 : 0[0] -> 1[1] via P2P/IPC
n232-194-226:234789:234813 [1] NCCL INFO transport/p2p.cc:204 Cuda Alloc Size 2097152 pointer 0x7f795fc00000
n232-194-226:234789:234813 [1] NCCL INFO Allocated shareable buffer 0x7f795fc00000 size 2097152 ipcDesc 0x7f795800c1a0
n232-194-226:234789:234813 [1] NCCL INFO proxyProgressAsync opId=0x7f7962bba1b0 op.type=3 op.reqBuff=0x7f795801b080 op.respSize=80 done
n232-194-226:234788:234814 [0] NCCL INFO New proxy send connection 29 from local rank 0, transport 0
n232-194-226:234788:234814 [0] NCCL INFO proxyProgressAsync opId=0x7f3f46bba200 op.type=1 op.reqBuff=0x7f3f6001ae60 op.respSize=16 done
n232-194-226:234789:234797 [1] NCCL INFO ncclPollProxyResponse Received new opId=0x7f7962bba1b0
n232-194-226:234789:234813 [1] NCCL INFO Received and initiated operation=Setup res=0
n232-194-226:234788:234798 [0] NCCL INFO ncclPollProxyResponse Received new opId=0x7f3f46bba200
n232-194-226:234788:234814 [0] NCCL INFO Received and initiated operation=Init res=0
n232-194-226:234789:234797 [1] NCCL INFO recvOpId=0x7f7962bba1b0 matches expected opId=0x7f7962bba1b0
n232-194-226:234788:234798 [0] NCCL INFO recvOpId=0x7f3f46bba200 matches expected opId=0x7f3f46bba200
n232-194-226:234789:234797 [1] NCCL INFO Channel 13/0 : 1[1] -> 0[0] via P2P/IPC
n232-194-226:234788:234798 [0] NCCL INFO Connection to proxy localRank 0 -> connection 0x7f3f60003a70
n232-194-226:234789:234813 [1] NCCL INFO New proxy send connection 29 from local rank 1, transport 0
n232-194-226:234789:234813 [1] NCCL INFO proxyProgressAsync opId=0x7f7962bba1b0 op.type=1 op.reqBuff=0x7f795801b080 op.respSize=16 done
n232-194-226:234789:234797 [1] NCCL INFO ncclPollProxyResponse Received new opId=0x7f7962bba1b0
n232-194-226:234789:234813 [1] NCCL INFO Received and initiated operation=Init res=0
n232-194-226:234789:234797 [1] NCCL INFO recvOpId=0x7f7962bba1b0 matches expected opId=0x7f7962bba1b0
n232-194-226:234789:234797 [1] NCCL INFO Connection to proxy localRank 1 -> connection 0x7f7958003a60
n232-194-226:234788:234814 [0] NCCL INFO transport/p2p.cc:204 Cuda Alloc Size 2097152 pointer 0x7f3f41e00000
n232-194-226:234788:234814 [0] NCCL INFO Allocated shareable buffer 0x7f3f41e00000 size 2097152 ipcDesc 0x7f3f6000c160
n232-194-226:234788:234814 [0] NCCL INFO proxyProgressAsync opId=0x7f3f46bba200 op.type=3 op.reqBuff=0x7f3f6001aea0 op.respSize=80 done
n232-194-226:234788:234798 [0] NCCL INFO ncclPollProxyResponse Received new opId=0x7f3f46bba200
n232-194-226:234788:234814 [0] NCCL INFO Received and initiated operation=Setup res=0
n232-194-226:234788:234798 [0] NCCL INFO recvOpId=0x7f3f46bba200 matches expected opId=0x7f3f46bba200
n232-194-226:234788:234798 [0] NCCL INFO Channel 14/0 : 0[0] -> 1[1] via P2P/IPC
n232-194-226:234789:234813 [1] NCCL INFO transport/p2p.cc:204 Cuda Alloc Size 2097152 pointer 0x7f795fe00000
n232-194-226:234789:234813 [1] NCCL INFO Allocated shareable buffer 0x7f795fe00000 size 2097152 ipcDesc 0x7f795800c1a0
n232-194-226:234789:234813 [1] NCCL INFO proxyProgressAsync opId=0x7f7962bba1b0 op.type=3 op.reqBuff=0x7f795801b0c0 op.respSize=80 done
n232-194-226:234788:234814 [0] NCCL INFO New proxy send connection 30 from local rank 0, transport 0
n232-194-226:234788:234814 [0] NCCL INFO proxyProgressAsync opId=0x7f3f46bba200 op.type=1 op.reqBuff=0x7f3f6001aea0 op.respSize=16 done
n232-194-226:234789:234797 [1] NCCL INFO ncclPollProxyResponse Received new opId=0x7f7962bba1b0
n232-194-226:234788:234798 [0] NCCL INFO ncclPollProxyResponse Received new opId=0x7f3f46bba200
n232-194-226:234789:234813 [1] NCCL INFO Received and initiated operation=Setup res=0
n232-194-226:234788:234814 [0] NCCL INFO Received and initiated operation=Init res=0
n232-194-226:234789:234797 [1] NCCL INFO recvOpId=0x7f7962bba1b0 matches expected opId=0x7f7962bba1b0
n232-194-226:234788:234798 [0] NCCL INFO recvOpId=0x7f3f46bba200 matches expected opId=0x7f3f46bba200
n232-194-226:234788:234798 [0] NCCL INFO Connection to proxy localRank 0 -> connection 0x7f3f60003ac0
n232-194-226:234789:234797 [1] NCCL INFO Channel 14/0 : 1[1] -> 0[0] via P2P/IPC
n232-194-226:234789:234813 [1] NCCL INFO New proxy send connection 30 from local rank 1, transport 0
n232-194-226:234789:234813 [1] NCCL INFO proxyProgressAsync opId=0x7f7962bba1b0 op.type=1 op.reqBuff=0x7f795801b0c0 op.respSize=16 done
n232-194-226:234789:234797 [1] NCCL INFO ncclPollProxyResponse Received new opId=0x7f7962bba1b0
n232-194-226:234789:234813 [1] NCCL INFO Received and initiated operation=Init res=0
n232-194-226:234789:234797 [1] NCCL INFO recvOpId=0x7f7962bba1b0 matches expected opId=0x7f7962bba1b0
n232-194-226:234789:234797 [1] NCCL INFO Connection to proxy localRank 1 -> connection 0x7f7958003ab0
n232-194-226:234788:234814 [0] NCCL INFO transport/p2p.cc:204 Cuda Alloc Size 2097152 pointer 0x7f3f34000000
n232-194-226:234788:234814 [0] NCCL INFO Allocated shareable buffer 0x7f3f34000000 size 2097152 ipcDesc 0x7f3f6000c160
n232-194-226:234788:234814 [0] NCCL INFO proxyProgressAsync opId=0x7f3f46bba200 op.type=3 op.reqBuff=0x7f3f6001c620 op.respSize=80 done
n232-194-226:234788:234798 [0] NCCL INFO ncclPollProxyResponse Received new opId=0x7f3f46bba200
n232-194-226:234788:234814 [0] NCCL INFO Received and initiated operation=Setup res=0
n232-194-226:234788:234798 [0] NCCL INFO recvOpId=0x7f3f46bba200 matches expected opId=0x7f3f46bba200
n232-194-226:234788:234798 [0] NCCL INFO Channel 15/0 : 0[0] -> 1[1] via P2P/IPC
n232-194-226:234789:234813 [1] NCCL INFO transport/p2p.cc:204 Cuda Alloc Size 2097152 pointer 0x7f794c000000
n232-194-226:234789:234813 [1] NCCL INFO Allocated shareable buffer 0x7f794c000000 size 2097152 ipcDesc 0x7f795800c1a0
n232-194-226:234789:234813 [1] NCCL INFO proxyProgressAsync opId=0x7f7962bba1b0 op.type=3 op.reqBuff=0x7f795801c840 op.respSize=80 done
n232-194-226:234788:234814 [0] NCCL INFO New proxy send connection 31 from local rank 0, transport 0
n232-194-226:234788:234814 [0] NCCL INFO proxyProgressAsync opId=0x7f3f46bba200 op.type=1 op.reqBuff=0x7f3f6001c620 op.respSize=16 done
n232-194-226:234789:234797 [1] NCCL INFO ncclPollProxyResponse Received new opId=0x7f7962bba1b0
n232-194-226:234788:234798 [0] NCCL INFO ncclPollProxyResponse Received new opId=0x7f3f46bba200
n232-194-226:234789:234813 [1] NCCL INFO Received and initiated operation=Setup res=0
n232-194-226:234788:234814 [0] NCCL INFO Received and initiated operation=Init res=0
n232-194-226:234788:234798 [0] NCCL INFO recvOpId=0x7f3f46bba200 matches expected opId=0x7f3f46bba200
n232-194-226:234789:234797 [1] NCCL INFO recvOpId=0x7f7962bba1b0 matches expected opId=0x7f7962bba1b0
n232-194-226:234788:234798 [0] NCCL INFO Connection to proxy localRank 0 -> connection 0x7f3f60003b10
n232-194-226:234789:234797 [1] NCCL INFO Channel 15/0 : 1[1] -> 0[0] via P2P/IPC
n232-194-226:234789:234813 [1] NCCL INFO New proxy send connection 31 from local rank 1, transport 0
n232-194-226:234789:234813 [1] NCCL INFO proxyProgressAsync opId=0x7f7962bba1b0 op.type=1 op.reqBuff=0x7f795801c840 op.respSize=16 done
n232-194-226:234789:234797 [1] NCCL INFO ncclPollProxyResponse Received new opId=0x7f7962bba1b0
n232-194-226:234789:234813 [1] NCCL INFO Received and initiated operation=Init res=0
n232-194-226:234789:234797 [1] NCCL INFO recvOpId=0x7f7962bba1b0 matches expected opId=0x7f7962bba1b0
n232-194-226:234789:234797 [1] NCCL INFO Connection to proxy localRank 1 -> connection 0x7f7958003b00
n232-194-226:234788:234814 [0] NCCL INFO transport/p2p.cc:204 Cuda Alloc Size 2097152 pointer 0x7f3f34200000
n232-194-226:234788:234814 [0] NCCL INFO Allocated shareable buffer 0x7f3f34200000 size 2097152 ipcDesc 0x7f3f6000c160
n232-194-226:234788:234814 [0] NCCL INFO proxyProgressAsync opId=0x7f3f46bba200 op.type=3 op.reqBuff=0x7f3f6001c660 op.respSize=80 done
n232-194-226:234788:234798 [0] NCCL INFO ncclPollProxyResponse Received new opId=0x7f3f46bba200
n232-194-226:234788:234814 [0] NCCL INFO Received and initiated operation=Setup res=0
n232-194-226:234788:234798 [0] NCCL INFO recvOpId=0x7f3f46bba200 matches expected opId=0x7f3f46bba200
n232-194-226:234789:234813 [1] NCCL INFO transport/p2p.cc:204 Cuda Alloc Size 2097152 pointer 0x7f794c200000
n232-194-226:234789:234813 [1] NCCL INFO Allocated shareable buffer 0x7f794c200000 size 2097152 ipcDesc 0x7f795800c1a0
n232-194-226:234789:234813 [1] NCCL INFO proxyProgressAsync opId=0x7f7962bba1b0 op.type=3 op.reqBuff=0x7f795801c880 op.respSize=80 done
n232-194-226:234789:234797 [1] NCCL INFO ncclPollProxyResponse Received new opId=0x7f7962bba1b0
n232-194-226:234789:234813 [1] NCCL INFO Received and initiated operation=Setup res=0
n232-194-226:234789:234797 [1] NCCL INFO recvOpId=0x7f7962bba1b0 matches expected opId=0x7f7962bba1b0
n232-194-226:234788:234798 [0] NCCL INFO Imported shareable buffer device 0 size 10485760 ptr 0x7f3f34400000
n232-194-226:234789:234797 [1] NCCL INFO Imported shareable buffer device 1 size 10485760 ptr 0x7f794c400000
n232-194-226:234788:234798 [0] NCCL INFO Imported shareable buffer device 0 size 2097152 ptr 0x7f3f34e00000
n232-194-226:234789:234797 [1] NCCL INFO Imported shareable buffer device 1 size 2097152 ptr 0x7f794ce00000
n232-194-226:234788:234798 [0] NCCL INFO Imported shareable buffer device 0 size 10485760 ptr 0x7f3f35000000
n232-194-226:234789:234797 [1] NCCL INFO Imported shareable buffer device 1 size 10485760 ptr 0x7f794d000000
n232-194-226:234788:234798 [0] NCCL INFO Imported shareable buffer device 0 size 2097152 ptr 0x7f3f35a00000
n232-194-226:234789:234797 [1] NCCL INFO Imported shareable buffer device 1 size 2097152 ptr 0x7f794da00000
n232-194-226:234788:234798 [0] NCCL INFO Imported shareable buffer device 0 size 10485760 ptr 0x7f3f32000000
n232-194-226:234789:234797 [1] NCCL INFO Imported shareable buffer device 1 size 10485760 ptr 0x7f794a000000
n232-194-226:234788:234798 [0] NCCL INFO Imported shareable buffer device 0 size 2097152 ptr 0x7f3f32a00000
n232-194-226:234789:234797 [1] NCCL INFO Imported shareable buffer device 1 size 2097152 ptr 0x7f794aa00000
n232-194-226:234788:234798 [0] NCCL INFO Imported shareable buffer device 0 size 10485760 ptr 0x7f3f32c00000
n232-194-226:234789:234797 [1] NCCL INFO Imported shareable buffer device 1 size 10485760 ptr 0x7f794ac00000
n232-194-226:234788:234798 [0] NCCL INFO Imported shareable buffer device 0 size 2097152 ptr 0x7f3f33600000
n232-194-226:234789:234797 [1] NCCL INFO Imported shareable buffer device 1 size 2097152 ptr 0x7f794b600000
n232-194-226:234788:234798 [0] NCCL INFO Imported shareable buffer device 0 size 10485760 ptr 0x7f3f30000000
n232-194-226:234789:234797 [1] NCCL INFO Imported shareable buffer device 1 size 10485760 ptr 0x7f7948000000
n232-194-226:234788:234798 [0] NCCL INFO Imported shareable buffer device 0 size 2097152 ptr 0x7f3f30a00000
n232-194-226:234789:234797 [1] NCCL INFO Imported shareable buffer device 1 size 2097152 ptr 0x7f7948a00000
n232-194-226:234788:234798 [0] NCCL INFO Imported shareable buffer device 0 size 10485760 ptr 0x7f3f30c00000
n232-194-226:234789:234797 [1] NCCL INFO Imported shareable buffer device 1 size 10485760 ptr 0x7f7948c00000
n232-194-226:234788:234798 [0] NCCL INFO Imported shareable buffer device 0 size 2097152 ptr 0x7f3f31600000
n232-194-226:234789:234797 [1] NCCL INFO Imported shareable buffer device 1 size 2097152 ptr 0x7f7949600000
n232-194-226:234788:234798 [0] NCCL INFO Imported shareable buffer device 0 size 10485760 ptr 0x7f3f2e000000
n232-194-226:234789:234797 [1] NCCL INFO Imported shareable buffer device 1 size 10485760 ptr 0x7f7946000000
n232-194-226:234788:234798 [0] NCCL INFO Imported shareable buffer device 0 size 2097152 ptr 0x7f3f2ea00000
n232-194-226:234789:234797 [1] NCCL INFO Imported shareable buffer device 1 size 2097152 ptr 0x7f7946a00000
n232-194-226:234788:234798 [0] NCCL INFO Imported shareable buffer device 0 size 10485760 ptr 0x7f3f2ec00000
n232-194-226:234789:234797 [1] NCCL INFO Imported shareable buffer device 1 size 10485760 ptr 0x7f7946c00000
n232-194-226:234788:234798 [0] NCCL INFO Imported shareable buffer device 0 size 2097152 ptr 0x7f3f2f600000
n232-194-226:234789:234797 [1] NCCL INFO Imported shareable buffer device 1 size 2097152 ptr 0x7f7947600000
n232-194-226:234788:234798 [0] NCCL INFO Imported shareable buffer device 0 size 10485760 ptr 0x7f3f2c000000
n232-194-226:234789:234797 [1] NCCL INFO Imported shareable buffer device 1 size 10485760 ptr 0x7f7944000000
n232-194-226:234788:234798 [0] NCCL INFO Imported shareable buffer device 0 size 2097152 ptr 0x7f3f2ca00000
n232-194-226:234789:234797 [1] NCCL INFO Imported shareable buffer device 1 size 2097152 ptr 0x7f7944a00000
n232-194-226:234788:234798 [0] NCCL INFO Imported shareable buffer device 0 size 10485760 ptr 0x7f3f2cc00000
n232-194-226:234789:234797 [1] NCCL INFO Imported shareable buffer device 1 size 10485760 ptr 0x7f7944c00000
n232-194-226:234788:234798 [0] NCCL INFO Imported shareable buffer device 0 size 2097152 ptr 0x7f3f2d600000
n232-194-226:234789:234797 [1] NCCL INFO Imported shareable buffer device 1 size 2097152 ptr 0x7f7945600000
n232-194-226:234788:234798 [0] NCCL INFO Imported shareable buffer device 0 size 10485760 ptr 0x7f3f2a000000
n232-194-226:234789:234797 [1] NCCL INFO Imported shareable buffer device 1 size 10485760 ptr 0x7f7942000000
n232-194-226:234788:234798 [0] NCCL INFO Imported shareable buffer device 0 size 2097152 ptr 0x7f3f2aa00000
n232-194-226:234789:234797 [1] NCCL INFO Imported shareable buffer device 1 size 2097152 ptr 0x7f7942a00000
n232-194-226:234788:234798 [0] NCCL INFO Imported shareable buffer device 0 size 10485760 ptr 0x7f3f2ac00000
n232-194-226:234789:234797 [1] NCCL INFO Imported shareable buffer device 1 size 10485760 ptr 0x7f7942c00000
n232-194-226:234788:234798 [0] NCCL INFO Imported shareable buffer device 0 size 2097152 ptr 0x7f3f2b600000
n232-194-226:234789:234797 [1] NCCL INFO Imported shareable buffer device 1 size 2097152 ptr 0x7f7943600000
n232-194-226:234788:234798 [0] NCCL INFO Imported shareable buffer device 0 size 10485760 ptr 0x7f3f28000000
n232-194-226:234789:234797 [1] NCCL INFO Imported shareable buffer device 1 size 10485760 ptr 0x7f7940000000
n232-194-226:234788:234798 [0] NCCL INFO Imported shareable buffer device 0 size 2097152 ptr 0x7f3f28a00000
n232-194-226:234789:234797 [1] NCCL INFO Imported shareable buffer device 1 size 2097152 ptr 0x7f7940a00000
n232-194-226:234788:234798 [0] NCCL INFO Imported shareable buffer device 0 size 10485760 ptr 0x7f3f28c00000
n232-194-226:234789:234797 [1] NCCL INFO Imported shareable buffer device 1 size 10485760 ptr 0x7f7940c00000
n232-194-226:234788:234798 [0] NCCL INFO Imported shareable buffer device 0 size 2097152 ptr 0x7f3f29600000
n232-194-226:234789:234797 [1] NCCL INFO Imported shareable buffer device 1 size 2097152 ptr 0x7f7941600000
n232-194-226:234788:234798 [0] NCCL INFO Imported shareable buffer device 0 size 10485760 ptr 0x7f3f26000000
n232-194-226:234789:234797 [1] NCCL INFO Imported shareable buffer device 1 size 10485760 ptr 0x7f793e000000
n232-194-226:234788:234798 [0] NCCL INFO Imported shareable buffer device 0 size 2097152 ptr 0x7f3f26a00000
n232-194-226:234789:234797 [1] NCCL INFO Imported shareable buffer device 1 size 2097152 ptr 0x7f793ea00000
n232-194-226:234788:234798 [0] NCCL INFO Imported shareable buffer device 0 size 10485760 ptr 0x7f3f26c00000
n232-194-226:234789:234797 [1] NCCL INFO Imported shareable buffer device 1 size 10485760 ptr 0x7f793ec00000
n232-194-226:234788:234798 [0] NCCL INFO Imported shareable buffer device 0 size 2097152 ptr 0x7f3f27600000
n232-194-226:234788:234798 [0] NCCL INFO Connected all rings
n232-194-226:234788:234798 [0] NCCL INFO Connected all trees
n232-194-226:234788:234798 [0] NCCL INFO   Algorithm   |                            Tree                  |                            Ring                  |                   CollNetDirect                  |
n232-194-226:234788:234798 [0] NCCL INFO   Protocol    |             LL |          LL128 |         Simple |             LL |          LL128 |         Simple |             LL |          LL128 |         Simple |
n232-194-226:234788:234798 [0] NCCL INFO  Max NThreads |            512 |            640 |            512 |            512 |            640 |            512 |              0 |              0 |            640 |
n232-194-226:234788:234798 [0] NCCL INFO     Broadcast |     0.0/   0.0 |     0.0/   0.0 |     0.0/   0.0 |     7.2/  53.3 |    15.9/ 147.2 |    11.8/ 160.0 |     0.0/   0.0 |     0.0/   0.0 |     0.0/   0.0 |
n232-194-226:234788:234798 [0] NCCL INFO        Reduce |     0.0/   0.0 |     0.0/   0.0 |     0.0/   0.0 |     7.2/  40.0 |    15.9/ 147.2 |    11.8/ 160.0 |     0.0/   0.0 |     0.0/   0.0 |     0.0/   0.0 |
n232-194-226:234788:234798 [0] NCCL INFO     AllGather |     0.0/   0.0 |     0.0/   0.0 |     0.0/   0.0 |     7.2/ 106.7 |    15.9/ 294.4 |    11.8/ 320.0 |     0.0/   0.0 |     0.0/   0.0 |     0.0/   0.0 |
n232-194-226:234788:234798 [0] NCCL INFO ReduceScatter |     0.0/   0.0 |     0.0/   0.0 |     0.0/   0.0 |     7.2/ 106.7 |    15.9/ 294.4 |    11.8/ 320.0 |     0.0/   0.0 |     0.0/   0.0 |     0.0/   0.0 |
n232-194-226:234788:234798 [0] NCCL INFO     AllReduce |     8.0/  38.7 |    16.5/ 114.5 |     8.0/ 147.2 |     7.8/  40.0 |    17.8/ 147.2 |    15.2/ 160.0 |     7.8/   0.0 |    15.0/   0.0 |    27.7/   0.0 |
n232-194-226:234788:234798 [0] NCCL INFO   Algorithm   |                    CollNetChain                  |                            NVLS                  |                        NVLSTree                  |
n232-194-226:234788:234798 [0] NCCL INFO   Protocol    |             LL |          LL128 |         Simple |             LL |          LL128 |         Simple |             LL |          LL128 |         Simple |
n232-194-226:234788:234798 [0] NCCL INFO  Max NThreads |              0 |              0 |            640 |              0 |              0 |            640 |              0 |              0 |            640 |
n232-194-226:234788:234798 [0] NCCL INFO     Broadcast |     0.0/   0.0 |     0.0/   0.0 |     0.0/   0.0 |     0.0/   0.0 |     0.0/   0.0 |     0.0/   0.0 |     0.0/   0.0 |     0.0/   0.0 |     0.0/   0.0 |
n232-194-226:234788:234798 [0] NCCL INFO        Reduce |     0.0/   0.0 |     0.0/   0.0 |     0.0/   0.0 |     0.0/   0.0 |     0.0/   0.0 |     0.0/   0.0 |     0.0/   0.0 |     0.0/   0.0 |     0.0/   0.0 |
n232-194-226:234788:234798 [0] NCCL INFO     AllGather |     0.0/   0.0 |     0.0/   0.0 |     0.0/   0.0 |     0.0/   0.0 |     0.0/   0.0 |     0.0/   0.0 |     0.0/   0.0 |     0.0/   0.0 |     0.0/   0.0 |
n232-194-226:234788:234798 [0] NCCL INFO ReduceScatter |     0.0/   0.0 |     0.0/   0.0 |     0.0/   0.0 |     0.0/   0.0 |     0.0/   0.0 |     0.0/   0.0 |     0.0/   0.0 |     0.0/   0.0 |     0.0/   0.0 |
n232-194-226:234788:234798 [0] NCCL INFO     AllReduce |     6.8/   0.0 |    14.0/   0.0 |    30.0/   0.0 |     0.0/   0.0 |     0.0/   0.0 |    23.0/   0.0 |     0.0/   0.0 |     0.0/   0.0 |    23.0/   0.0 |
n232-194-226:234788:234798 [0] NCCL INFO threadThresholds 8/8/64 | 16/8/64 | 512 | 512
n232-194-226:234788:234798 [0] NCCL INFO 16 coll channels, 0 nvls channels, 16 p2p channels, 16 p2p channels per peer
n232-194-226:234788:234814 [0] NCCL INFO Allocated 4194660 bytes of shared memory in /dev/shm/nccl-wtmIid
n232-194-226:234789:234797 [1] NCCL INFO Imported shareable buffer device 1 size 2097152 ptr 0x7f793f600000
n232-194-226:234789:234797 [1] NCCL INFO Connected all rings
n232-194-226:234789:234797 [1] NCCL INFO Connected all trees
n232-194-226:234789:234797 [1] NCCL INFO threadThresholds 8/8/64 | 16/8/64 | 512 | 512
n232-194-226:234789:234797 [1] NCCL INFO 16 coll channels, 0 nvls channels, 16 p2p channels, 16 p2p channels per peer
n232-194-226:234789:234813 [1] NCCL INFO Allocated 4194660 bytes of shared memory in /dev/shm/nccl-8D2iDa
n232-194-226:234788:234814 [0] NCCL INFO New proxy send connection 32 from local rank 0, transport 2
n232-194-226:234788:234814 [0] NCCL INFO proxyProgressAsync opId=0x7f3f46bb76d0 op.type=1 op.reqBuff=0x7f3f6001c660 op.respSize=16 done
n232-194-226:234788:234798 [0] NCCL INFO ncclPollProxyResponse Received new opId=0x7f3f46bb76d0
n232-194-226:234788:234814 [0] NCCL INFO Received and initiated operation=Init res=0
n232-194-226:234788:234798 [0] NCCL INFO recvOpId=0x7f3f46bb76d0 matches expected opId=0x7f3f46bb76d0
n232-194-226:234788:234798 [0] NCCL INFO Connection to proxy localRank 0 -> connection 0x7f3f60003b60
n232-194-226:234788:234814 [0] NCCL INFO transport/net.cc:446 Cuda Alloc Size 134217728 pointer 0x7f3f18000000
n232-194-226:234788:234814 [0] NCCL INFO proxyProgressAsync opId=0x7f3f46bb76d0 op.type=2 op.reqBuff=0x7f3f6001df10 op.respSize=0 done
n232-194-226:234788:234798 [0] NCCL INFO ncclPollProxyResponse Received new opId=0x7f3f46bb76d0
n232-194-226:234788:234814 [0] NCCL INFO Received and initiated operation=SharedInit res=0
n232-194-226:234788:234798 [0] NCCL INFO recvOpId=0x7f3f46bb76d0 matches expected opId=0x7f3f46bb76d0
n232-194-226:234788:234798 [0] NCCL INFO init.cc:387 Cuda Alloc Size 7728 pointer 0x7f3f40208000
n232-194-226:234789:234813 [1] NCCL INFO New proxy send connection 32 from local rank 1, transport 2
n232-194-226:234789:234813 [1] NCCL INFO proxyProgressAsync opId=0x7f7962bb7680 op.type=1 op.reqBuff=0x7f795801c880 op.respSize=16 done
n232-194-226:234789:234797 [1] NCCL INFO ncclPollProxyResponse Received new opId=0x7f7962bb7680
n232-194-226:234789:234813 [1] NCCL INFO Received and initiated operation=Init res=0
n232-194-226:234789:234797 [1] NCCL INFO recvOpId=0x7f7962bb7680 matches expected opId=0x7f7962bb7680
n232-194-226:234789:234797 [1] NCCL INFO Connection to proxy localRank 1 -> connection 0x7f7958003b50
n232-194-226:234789:234813 [1] NCCL INFO transport/net.cc:446 Cuda Alloc Size 134217728 pointer 0x7f7930000000
n232-194-226:234789:234813 [1] NCCL INFO proxyProgressAsync opId=0x7f7962bb7680 op.type=2 op.reqBuff=0x7f795801e310 op.respSize=0 done
n232-194-226:234789:234797 [1] NCCL INFO ncclPollProxyResponse Received new opId=0x7f7962bb7680
n232-194-226:234789:234813 [1] NCCL INFO Received and initiated operation=SharedInit res=0
n232-194-226:234789:234797 [1] NCCL INFO recvOpId=0x7f7962bb7680 matches expected opId=0x7f7962bb7680
n232-194-226:234789:234797 [1] NCCL INFO init.cc:387 Cuda Alloc Size 7728 pointer 0x7f795e208000
n232-194-226:234788:234798 [0] NCCL INFO init.cc:412 Cuda Host Alloc Size 33554432 pointer 0x7f3f16000000
n232-194-226:234788:234798 [0] NCCL INFO init.cc:418 Cuda Host Alloc Size 128 pointer 0x7f3f84a00200
n232-194-226:234789:234797 [1] NCCL INFO init.cc:412 Cuda Host Alloc Size 33554432 pointer 0x7f792e000000
n232-194-226:234789:234797 [1] NCCL INFO init.cc:418 Cuda Host Alloc Size 128 pointer 0x7f799aa00200
n232-194-226:234788:234798 [0] NCCL INFO comm 0x5653c1e301f0 rank 0 nranks 2 cudaDev 0 nvmlDev 0 busId f000 commId 0xba610d602d2b581f - Init COMPLETE
n232-194-226:234789:234797 [1] NCCL INFO comm 0x55a8482cd050 rank 1 nranks 2 cudaDev 1 nvmlDev 1 busId 34000 commId 0xba610d602d2b581f - Init COMPLETE
n232-194-226:234789:234789 [1] NCCL INFO AllReduce: opCount 0 sendbuff 0x7f7995e00000 recvbuff 0x7f7995e00000 count 512 datatype 7 op 0 root 0 comm 0x55a8482cd050 [nranks=2] stream 0x55a8482d0de0
n232-194-226:234788:234788 [0] NCCL INFO AllReduce: opCount 0 sendbuff 0x7f3f7fe00000 recvbuff 0x7f3f7fe00000 count 512 datatype 7 op 0 root 0 comm 0x5653c1e301f0 [nranks=2] stream 0x5653c1878e60
n232-194-226:234788:234788 [0] NCCL INFO misc/utils.cc:235 memory stack hunk malloc(65536)
n232-194-226:234789:234789 [1] NCCL INFO misc/utils.cc:235 memory stack hunk malloc(65536)
n232-194-226:234789:234789 [1] NCCL INFO AllReduce: opCount 1 sendbuff 0x7f7995e00000 recvbuff 0x7f7995e00000 count 512 datatype 7 op 0 root 0 comm 0x55a8482cd050 [nranks=2] stream 0x55a8482d0de0
n232-194-226:234788:234788 [0] NCCL INFO AllReduce: opCount 1 sendbuff 0x7f3f7fe00000 recvbuff 0x7f3f7fe00000 count 512 datatype 7 op 0 root 0 comm 0x5653c1e301f0 [nranks=2] stream 0x5653c1878e60
n232-194-226:234789:234789 [1] NCCL INFO AllReduce: opCount 2 sendbuff 0x7f7995e00000 recvbuff 0x7f7995e00000 count 512 datatype 7 op 0 root 0 comm 0x55a8482cd050 [nranks=2] stream 0x55a8482d0de0
n232-194-226:234788:234788 [0] NCCL INFO AllReduce: opCount 2 sendbuff 0x7f3f7fe00000 recvbuff 0x7f3f7fe00000 count 512 datatype 7 op 0 root 0 comm 0x5653c1e301f0 [nranks=2] stream 0x5653c1878e60
n232-194-226:234789:234789 [1] NCCL INFO AllReduce: opCount 3 sendbuff 0x7f7995e00000 recvbuff 0x7f7995e00000 count 512 datatype 7 op 0 root 0 comm 0x55a8482cd050 [nranks=2] stream 0x55a8482d0de0
n232-194-226:234788:234788 [0] NCCL INFO AllReduce: opCount 3 sendbuff 0x7f3f7fe00000 recvbuff 0x7f3f7fe00000 count 512 datatype 7 op 0 root 0 comm 0x5653c1e301f0 [nranks=2] stream 0x5653c1878e60
n232-194-226:234789:234789 [1] NCCL INFO AllReduce: opCount 4 sendbuff 0x7f7995e00000 recvbuff 0x7f7995e00000 count 512 datatype 7 op 0 root 0 comm 0x55a8482cd050 [nranks=2] stream 0x55a8482d0de0
n232-194-226:234788:234788 [0] NCCL INFO AllReduce: opCount 4 sendbuff 0x7f3f7fe00000 recvbuff 0x7f3f7fe00000 count 512 datatype 7 op 0 root 0 comm 0x5653c1e301f0 [nranks=2] stream 0x5653c1878e60
n232-194-226:234788:234788 [0] NCCL INFO AllReduce: opCount 5 sendbuff 0x7f3f7fe00a00 recvbuff 0x7f3f7fe00a00 count 1 datatype 1 op 0 root 0 comm 0x5653c1e301f0 [nranks=2] stream 0x5653c1878e60
n232-194-226:234789:234789 [1] NCCL INFO AllReduce: opCount 5 sendbuff 0x7f7995e00a00 recvbuff 0x7f7995e00a00 count 1 datatype 1 op 0 root 0 comm 0x55a8482cd050 [nranks=2] stream 0x55a8482d0de0
n232-194-226:234789:234789 [1] NCCL INFO AllReduce: opCount 6 sendbuff 0x7f7995e00000 recvbuff 0x7f7995e00000 count 512 datatype 7 op 0 root 0 comm 0x55a8482cd050 [nranks=2] stream 0x55a8482d0de0
n232-194-226:234788:234788 [0] NCCL INFO AllReduce: opCount 6 sendbuff 0x7f3f7fe00000 recvbuff 0x7f3f7fe00000 count 512 datatype 7 op 0 root 0 comm 0x5653c1e301f0 [nranks=2] stream 0x5653c1878e60
n232-194-226:234789:234789 [1] NCCL INFO AllReduce: opCount 7 sendbuff 0x7f7995e00800 recvbuff 0x7f7995e00800 count 1 datatype 1 op 0 root 0 comm 0x55a8482cd050 [nranks=2] stream 0x55a8482d0de0
n232-194-226:234788:234788 [0] NCCL INFO AllReduce: opCount 7 sendbuff 0x7f3f7fe00800 recvbuff 0x7f3f7fe00800 count 1 datatype 1 op 0 root 0 comm 0x5653c1e301f0 [nranks=2] stream 0x5653c1878e60
n232-194-226:234789:234789 [1] NCCL INFO AllReduce: opCount 8 sendbuff 0x7f7995e00000 recvbuff 0x7f7995e00000 count 512 datatype 7 op 0 root 0 comm 0x55a8482cd050 [nranks=2] stream 0x55a8482d0de0
n232-194-226:234788:234788 [0] NCCL INFO AllReduce: opCount 8 sendbuff 0x7f3f7fe00000 recvbuff 0x7f3f7fe00000 count 512 datatype 7 op 0 root 0 comm 0x5653c1e301f0 [nranks=2] stream 0x5653c1878e60
n232-194-226:234789:234789 [1] NCCL INFO AllReduce: opCount 9 sendbuff 0x7f7995e00a00 recvbuff 0x7f7995e00a00 count 1 datatype 1 op 0 root 0 comm 0x55a8482cd050 [nranks=2] stream 0x55a8482d0de0
n232-194-226:234788:234788 [0] NCCL INFO AllReduce: opCount 9 sendbuff 0x7f3f7fe00a00 recvbuff 0x7f3f7fe00a00 count 1 datatype 1 op 0 root 0 comm 0x5653c1e301f0 [nranks=2] stream 0x5653c1878e60
n232-194-226:234789:234789 [1] NCCL INFO AllReduce: opCount a sendbuff 0x7f7995e00000 recvbuff 0x7f7995e00000 count 512 datatype 7 op 0 root 0 comm 0x55a8482cd050 [nranks=2] stream 0x55a8482d0de0
n232-194-226:234788:234788 [0] NCCL INFO AllReduce: opCount a sendbuff 0x7f3f7fe00000 recvbuff 0x7f3f7fe00000 count 512 datatype 7 op 0 root 0 comm 0x5653c1e301f0 [nranks=2] stream 0x5653c1878e60
n232-194-226:234789:234789 [1] NCCL INFO AllReduce: opCount b sendbuff 0x7f7995e00800 recvbuff 0x7f7995e00800 count 1 datatype 1 op 0 root 0 comm 0x55a8482cd050 [nranks=2] stream 0x55a8482d0de0
n232-194-226:234788:234788 [0] NCCL INFO AllReduce: opCount b sendbuff 0x7f3f7fe00800 recvbuff 0x7f3f7fe00800 count 1 datatype 1 op 0 root 0 comm 0x5653c1e301f0 [nranks=2] stream 0x5653c1878e60
n232-194-226:234789:234789 [1] NCCL INFO AllReduce: opCount c sendbuff 0x7f7995e00000 recvbuff 0x7f7995e00000 count 512 datatype 7 op 0 root 0 comm 0x55a8482cd050 [nranks=2] stream 0x55a8482d0de0
n232-194-226:234788:234788 [0] NCCL INFO AllReduce: opCount c sendbuff 0x7f3f7fe00000 recvbuff 0x7f3f7fe00000 count 512 datatype 7 op 0 root 0 comm 0x5653c1e301f0 [nranks=2] stream 0x5653c1878e60
n232-194-226:234789:234789 [1] NCCL INFO AllReduce: opCount d sendbuff 0x7f7995e00a00 recvbuff 0x7f7995e00a00 count 1 datatype 1 op 0 root 0 comm 0x55a8482cd050 [nranks=2] stream 0x55a8482d0de0
n232-194-226:234788:234788 [0] NCCL INFO AllReduce: opCount d sendbuff 0x7f3f7fe00a00 recvbuff 0x7f3f7fe00a00 count 1 datatype 1 op 0 root 0 comm 0x5653c1e301f0 [nranks=2] stream 0x5653c1878e60
n232-194-226:234789:234789 [1] NCCL INFO AllReduce: opCount e sendbuff 0x7f7995e00000 recvbuff 0x7f7995e00000 count 512 datatype 7 op 0 root 0 comm 0x55a8482cd050 [nranks=2] stream 0x55a8482d0de0
n232-194-226:234788:234788 [0] NCCL INFO AllReduce: opCount e sendbuff 0x7f3f7fe00000 recvbuff 0x7f3f7fe00000 count 512 datatype 7 op 0 root 0 comm 0x5653c1e301f0 [nranks=2] stream 0x5653c1878e60
n232-194-226:234789:234789 [1] NCCL INFO AllReduce: opCount f sendbuff 0x7f7995e00800 recvbuff 0x7f7995e00800 count 1 datatype 1 op 0 root 0 comm 0x55a8482cd050 [nranks=2] stream 0x55a8482d0de0
n232-194-226:234788:234788 [0] NCCL INFO AllReduce: opCount f sendbuff 0x7f3f7fe00800 recvbuff 0x7f3f7fe00800 count 1 datatype 1 op 0 root 0 comm 0x5653c1e301f0 [nranks=2] stream 0x5653c1878e60
n232-194-226:234789:234789 [1] NCCL INFO AllReduce: opCount 10 sendbuff 0x7f7995e00000 recvbuff 0x7f7995e00000 count 512 datatype 7 op 0 root 0 comm 0x55a8482cd050 [nranks=2] stream 0x55a8482d0de0
n232-194-226:234788:234788 [0] NCCL INFO AllReduce: opCount 10 sendbuff 0x7f3f7fe00000 recvbuff 0x7f3f7fe00000 count 512 datatype 7 op 0 root 0 comm 0x5653c1e301f0 [nranks=2] stream 0x5653c1878e60
n232-194-226:234789:234789 [1] NCCL INFO AllReduce: opCount 11 sendbuff 0x7f7995e00a00 recvbuff 0x7f7995e00a00 count 1 datatype 1 op 0 root 0 comm 0x55a8482cd050 [nranks=2] stream 0x55a8482d0de0
n232-194-226:234788:234788 [0] NCCL INFO AllReduce: opCount 11 sendbuff 0x7f3f7fe00a00 recvbuff 0x7f3f7fe00a00 count 1 datatype 1 op 0 root 0 comm 0x5653c1e301f0 [nranks=2] stream 0x5653c1878e60
n232-194-226:234789:234789 [1] NCCL INFO AllReduce: opCount 12 sendbuff 0x7f7995e00000 recvbuff 0x7f7995e00000 count 512 datatype 7 op 0 root 0 comm 0x55a8482cd050 [nranks=2] stream 0x55a8482d0de0
n232-194-226:234788:234788 [0] NCCL INFO AllReduce: opCount 12 sendbuff 0x7f3f7fe00000 recvbuff 0x7f3f7fe00000 count 512 datatype 7 op 0 root 0 comm 0x5653c1e301f0 [nranks=2] stream 0x5653c1878e60
n232-194-226:234789:234789 [1] NCCL INFO AllReduce: opCount 13 sendbuff 0x7f7995e00800 recvbuff 0x7f7995e00800 count 1 datatype 1 op 0 root 0 comm 0x55a8482cd050 [nranks=2] stream 0x55a8482d0de0
n232-194-226:234788:234788 [0] NCCL INFO AllReduce: opCount 13 sendbuff 0x7f3f7fe00800 recvbuff 0x7f3f7fe00800 count 1 datatype 1 op 0 root 0 comm 0x5653c1e301f0 [nranks=2] stream 0x5653c1878e60
n232-194-226:234788:234788 [0] NCCL INFO AllReduce: opCount 14 sendbuff 0x7f3f7fe00000 recvbuff 0x7f3f7fe00000 count 512 datatype 7 op 0 root 0 comm 0x5653c1e301f0 [nranks=2] stream 0x5653c1878e60
n232-194-226:234789:234789 [1] NCCL INFO AllReduce: opCount 14 sendbuff 0x7f7995e00000 recvbuff 0x7f7995e00000 count 512 datatype 7 op 0 root 0 comm 0x55a8482cd050 [nranks=2] stream 0x55a8482d0de0
n232-194-226:234789:234789 [1] NCCL INFO AllReduce: opCount 15 sendbuff 0x7f7995e00a00 recvbuff 0x7f7995e00a00 count 1 datatype 1 op 0 root 0 comm 0x55a8482cd050 [nranks=2] stream 0x55a8482d0de0
n232-194-226:234788:234788 [0] NCCL INFO AllReduce: opCount 15 sendbuff 0x7f3f7fe00a00 recvbuff 0x7f3f7fe00a00 count 1 datatype 1 op 0 root 0 comm 0x5653c1e301f0 [nranks=2] stream 0x5653c1878e60
n232-194-226:234788:234788 [0] NCCL INFO AllReduce: opCount 16 sendbuff 0x7f3f7fe00000 recvbuff 0x7f3f7fe00000 count 512 datatype 7 op 0 root 0 comm 0x5653c1e301f0 [nranks=2] stream 0x5653c1878e60
n232-194-226:234789:234789 [1] NCCL INFO AllReduce: opCount 16 sendbuff 0x7f7995e00000 recvbuff 0x7f7995e00000 count 512 datatype 7 op 0 root 0 comm 0x55a8482cd050 [nranks=2] stream 0x55a8482d0de0
n232-194-226:234789:234789 [1] NCCL INFO AllReduce: opCount 17 sendbuff 0x7f7995e00800 recvbuff 0x7f7995e00800 count 1 datatype 1 op 0 root 0 comm 0x55a8482cd050 [nranks=2] stream 0x55a8482d0de0
n232-194-226:234788:234788 [0] NCCL INFO AllReduce: opCount 17 sendbuff 0x7f3f7fe00800 recvbuff 0x7f3f7fe00800 count 1 datatype 1 op 0 root 0 comm 0x5653c1e301f0 [nranks=2] stream 0x5653c1878e60
n232-194-226:234789:234789 [1] NCCL INFO AllReduce: opCount 18 sendbuff 0x7f7995e00000 recvbuff 0x7f7995e00000 count 512 datatype 7 op 0 root 0 comm 0x55a8482cd050 [nranks=2] stream 0x55a8482d0de0
n232-194-226:234788:234788 [0] NCCL INFO AllReduce: opCount 18 sendbuff 0x7f3f7fe00000 recvbuff 0x7f3f7fe00000 count 512 datatype 7 op 0 root 0 comm 0x5653c1e301f0 [nranks=2] stream 0x5653c1878e60
n232-194-226:234789:234789 [1] NCCL INFO AllReduce: opCount 19 sendbuff 0x7f7995e00a00 recvbuff 0x7f7995e00a00 count 1 datatype 1 op 0 root 0 comm 0x55a8482cd050 [nranks=2] stream 0x55a8482d0de0
n232-194-226:234788:234788 [0] NCCL INFO AllReduce: opCount 19 sendbuff 0x7f3f7fe00a00 recvbuff 0x7f3f7fe00a00 count 1 datatype 1 op 0 root 0 comm 0x5653c1e301f0 [nranks=2] stream 0x5653c1878e60
n232-194-226:234789:234789 [1] NCCL INFO AllReduce: opCount 1a sendbuff 0x7f7995e00000 recvbuff 0x7f7995e00000 count 512 datatype 7 op 0 root 0 comm 0x55a8482cd050 [nranks=2] stream 0x55a8482d0de0
n232-194-226:234788:234788 [0] NCCL INFO AllReduce: opCount 1a sendbuff 0x7f3f7fe00000 recvbuff 0x7f3f7fe00000 count 512 datatype 7 op 0 root 0 comm 0x5653c1e301f0 [nranks=2] stream 0x5653c1878e60
n232-194-226:234789:234789 [1] NCCL INFO AllReduce: opCount 1b sendbuff 0x7f7995e00800 recvbuff 0x7f7995e00800 count 1 datatype 1 op 0 root 0 comm 0x55a8482cd050 [nranks=2] stream 0x55a8482d0de0
n232-194-226:234788:234788 [0] NCCL INFO AllReduce: opCount 1b sendbuff 0x7f3f7fe00800 recvbuff 0x7f3f7fe00800 count 1 datatype 1 op 0 root 0 comm 0x5653c1e301f0 [nranks=2] stream 0x5653c1878e60
n232-194-226:234789:234789 [1] NCCL INFO AllReduce: opCount 1c sendbuff 0x7f7995e00000 recvbuff 0x7f7995e00000 count 512 datatype 7 op 0 root 0 comm 0x55a8482cd050 [nranks=2] stream 0x55a8482d0de0
n232-194-226:234788:234788 [0] NCCL INFO AllReduce: opCount 1c sendbuff 0x7f3f7fe00000 recvbuff 0x7f3f7fe00000 count 512 datatype 7 op 0 root 0 comm 0x5653c1e301f0 [nranks=2] stream 0x5653c1878e60
n232-194-226:234789:234789 [1] NCCL INFO AllReduce: opCount 1d sendbuff 0x7f7995e00a00 recvbuff 0x7f7995e00a00 count 1 datatype 1 op 0 root 0 comm 0x55a8482cd050 [nranks=2] stream 0x55a8482d0de0
n232-194-226:234788:234788 [0] NCCL INFO AllReduce: opCount 1d sendbuff 0x7f3f7fe00a00 recvbuff 0x7f3f7fe00a00 count 1 datatype 1 op 0 root 0 comm 0x5653c1e301f0 [nranks=2] stream 0x5653c1878e60
n232-194-226:234789:234789 [1] NCCL INFO AllReduce: opCount 1e sendbuff 0x7f7995e00000 recvbuff 0x7f7995e00000 count 512 datatype 7 op 0 root 0 comm 0x55a8482cd050 [nranks=2] stream 0x55a8482d0de0
n232-194-226:234788:234788 [0] NCCL INFO AllReduce: opCount 1e sendbuff 0x7f3f7fe00000 recvbuff 0x7f3f7fe00000 count 512 datatype 7 op 0 root 0 comm 0x5653c1e301f0 [nranks=2] stream 0x5653c1878e60
n232-194-226:234789:234789 [1] NCCL INFO AllReduce: opCount 1f sendbuff 0x7f7995e00800 recvbuff 0x7f7995e00800 count 1 datatype 1 op 0 root 0 comm 0x55a8482cd050 [nranks=2] stream 0x55a8482d0de0
n232-194-226:234788:234788 [0] NCCL INFO AllReduce: opCount 1f sendbuff 0x7f3f7fe00800 recvbuff 0x7f3f7fe00800 count 1 datatype 1 op 0 root 0 comm 0x5653c1e301f0 [nranks=2] stream 0x5653c1878e60
n232-194-226:234789:234789 [1] NCCL INFO AllReduce: opCount 20 sendbuff 0x7f7995e00000 recvbuff 0x7f7995e00000 count 512 datatype 7 op 0 root 0 comm 0x55a8482cd050 [nranks=2] stream 0x55a8482d0de0
n232-194-226:234788:234788 [0] NCCL INFO AllReduce: opCount 20 sendbuff 0x7f3f7fe00000 recvbuff 0x7f3f7fe00000 count 512 datatype 7 op 0 root 0 comm 0x5653c1e301f0 [nranks=2] stream 0x5653c1878e60
n232-194-226:234789:234789 [1] NCCL INFO AllReduce: opCount 21 sendbuff 0x7f7995e00a00 recvbuff 0x7f7995e00a00 count 1 datatype 1 op 0 root 0 comm 0x55a8482cd050 [nranks=2] stream 0x55a8482d0de0
n232-194-226:234788:234788 [0] NCCL INFO AllReduce: opCount 21 sendbuff 0x7f3f7fe00a00 recvbuff 0x7f3f7fe00a00 count 1 datatype 1 op 0 root 0 comm 0x5653c1e301f0 [nranks=2] stream 0x5653c1878e60
n232-194-226:234789:234789 [1] NCCL INFO AllReduce: opCount 22 sendbuff 0x7f7995e00000 recvbuff 0x7f7995e00000 count 512 datatype 7 op 0 root 0 comm 0x55a8482cd050 [nranks=2] stream 0x55a8482d0de0
n232-194-226:234788:234788 [0] NCCL INFO AllReduce: opCount 22 sendbuff 0x7f3f7fe00000 recvbuff 0x7f3f7fe00000 count 512 datatype 7 op 0 root 0 comm 0x5653c1e301f0 [nranks=2] stream 0x5653c1878e60
n232-194-226:234789:234789 [1] NCCL INFO AllReduce: opCount 23 sendbuff 0x7f7995e00800 recvbuff 0x7f7995e00800 count 1 datatype 1 op 0 root 0 comm 0x55a8482cd050 [nranks=2] stream 0x55a8482d0de0
n232-194-226:234788:234788 [0] NCCL INFO AllReduce: opCount 23 sendbuff 0x7f3f7fe00800 recvbuff 0x7f3f7fe00800 count 1 datatype 1 op 0 root 0 comm 0x5653c1e301f0 [nranks=2] stream 0x5653c1878e60
n232-194-226:234789:234789 [1] NCCL INFO AllReduce: opCount 24 sendbuff 0x7f7995e00000 recvbuff 0x7f7995e00000 count 512 datatype 7 op 0 root 0 comm 0x55a8482cd050 [nranks=2] stream 0x55a8482d0de0
n232-194-226:234788:234788 [0] NCCL INFO AllReduce: opCount 24 sendbuff 0x7f3f7fe00000 recvbuff 0x7f3f7fe00000 count 512 datatype 7 op 0 root 0 comm 0x5653c1e301f0 [nranks=2] stream 0x5653c1878e60
n232-194-226:234789:234789 [1] NCCL INFO AllReduce: opCount 25 sendbuff 0x7f7995e00a00 recvbuff 0x7f7995e00a00 count 1 datatype 1 op 0 root 0 comm 0x55a8482cd050 [nranks=2] stream 0x55a8482d0de0
n232-194-226:234788:234788 [0] NCCL INFO AllReduce: opCount 25 sendbuff 0x7f3f7fe00a00 recvbuff 0x7f3f7fe00a00 count 1 datatype 1 op 0 root 0 comm 0x5653c1e301f0 [nranks=2] stream 0x5653c1878e60
n232-194-226:234789:234789 [1] NCCL INFO AllReduce: opCount 26 sendbuff 0x7f7995e00000 recvbuff 0x7f7995e00000 count 512 datatype 7 op 0 root 0 comm 0x55a8482cd050 [nranks=2] stream 0x55a8482d0de0
n232-194-226:234788:234788 [0] NCCL INFO AllReduce: opCount 26 sendbuff 0x7f3f7fe00000 recvbuff 0x7f3f7fe00000 count 512 datatype 7 op 0 root 0 comm 0x5653c1e301f0 [nranks=2] stream 0x5653c1878e60
n232-194-226:234789:234789 [1] NCCL INFO AllReduce: opCount 27 sendbuff 0x7f7995e00800 recvbuff 0x7f7995e00800 count 1 datatype 1 op 0 root 0 comm 0x55a8482cd050 [nranks=2] stream 0x55a8482d0de0
n232-194-226:234788:234788 [0] NCCL INFO AllReduce: opCount 27 sendbuff 0x7f3f7fe00800 recvbuff 0x7f3f7fe00800 count 1 datatype 1 op 0 root 0 comm 0x5653c1e301f0 [nranks=2] stream 0x5653c1878e60
n232-194-226:234789:234789 [1] NCCL INFO AllReduce: opCount 28 sendbuff 0x7f7995e00000 recvbuff 0x7f7995e00000 count 512 datatype 7 op 0 root 0 comm 0x55a8482cd050 [nranks=2] stream 0x55a8482d0de0
n232-194-226:234788:234788 [0] NCCL INFO AllReduce: opCount 28 sendbuff 0x7f3f7fe00000 recvbuff 0x7f3f7fe00000 count 512 datatype 7 op 0 root 0 comm 0x5653c1e301f0 [nranks=2] stream 0x5653c1878e60
n232-194-226:234789:234789 [1] NCCL INFO AllReduce: opCount 29 sendbuff 0x7f7995e00a00 recvbuff 0x7f7995e00a00 count 1 datatype 1 op 0 root 0 comm 0x55a8482cd050 [nranks=2] stream 0x55a8482d0de0
n232-194-226:234788:234788 [0] NCCL INFO AllReduce: opCount 29 sendbuff 0x7f3f7fe00a00 recvbuff 0x7f3f7fe00a00 count 1 datatype 1 op 0 root 0 comm 0x5653c1e301f0 [nranks=2] stream 0x5653c1878e60
n232-194-226:234789:234789 [1] NCCL INFO AllReduce: opCount 2a sendbuff 0x7f7995e00000 recvbuff 0x7f7995e00000 count 512 datatype 7 op 0 root 0 comm 0x55a8482cd050 [nranks=2] stream 0x55a8482d0de0
n232-194-226:234788:234788 [0] NCCL INFO AllReduce: opCount 2a sendbuff 0x7f3f7fe00000 recvbuff 0x7f3f7fe00000 count 512 datatype 7 op 0 root 0 comm 0x5653c1e301f0 [nranks=2] stream 0x5653c1878e60
n232-194-226:234789:234789 [1] NCCL INFO AllReduce: opCount 2b sendbuff 0x7f7995e00800 recvbuff 0x7f7995e00800 count 1 datatype 1 op 0 root 0 comm 0x55a8482cd050 [nranks=2] stream 0x55a8482d0de0
n232-194-226:234788:234788 [0] NCCL INFO AllReduce: opCount 2b sendbuff 0x7f3f7fe00800 recvbuff 0x7f3f7fe00800 count 1 datatype 1 op 0 root 0 comm 0x5653c1e301f0 [nranks=2] stream 0x5653c1878e60
n232-194-226:234789:234789 [1] NCCL INFO AllReduce: opCount 2c sendbuff 0x7f7995e00000 recvbuff 0x7f7995e00000 count 512 datatype 7 op 0 root 0 comm 0x55a8482cd050 [nranks=2] stream 0x55a8482d0de0
n232-194-226:234788:234788 [0] NCCL INFO AllReduce: opCount 2c sendbuff 0x7f3f7fe00000 recvbuff 0x7f3f7fe00000 count 512 datatype 7 op 0 root 0 comm 0x5653c1e301f0 [nranks=2] stream 0x5653c1878e60
        2K         512     float     sum     N/A     38.29     0.43     0.43       0
n232-194-226:234789:234789 [1] NCCL INFO AllReduce: opCount 2d sendbuff 0x7f7995e00c00 recvbuff 0x7f7995e00c00 count 1024 datatype 7 op 0 root 0 comm 0x55a8482cd050 [nranks=2] stream 0x55a8482d0de0
n232-194-226:234788:234788 [0] NCCL INFO AllReduce: opCount 2d sendbuff 0x7f3f7fe00c00 recvbuff 0x7f3f7fe00c00 count 1024 datatype 7 op 0 root 0 comm 0x5653c1e301f0 [nranks=2] stream 0x5653c1878e60
n232-194-226:234789:234789 [1] NCCL INFO AllReduce: opCount 2e sendbuff 0x7f7995e00c00 recvbuff 0x7f7995e00c00 count 1024 datatype 7 op 0 root 0 comm 0x55a8482cd050 [nranks=2] stream 0x55a8482d0de0
n232-194-226:234788:234788 [0] NCCL INFO AllReduce: opCount 2e sendbuff 0x7f3f7fe00c00 recvbuff 0x7f3f7fe00c00 count 1024 datatype 7 op 0 root 0 comm 0x5653c1e301f0 [nranks=2] stream 0x5653c1878e60
n232-194-226:234789:234789 [1] NCCL INFO AllReduce: opCount 2f sendbuff 0x7f7995e00c00 recvbuff 0x7f7995e00c00 count 1024 datatype 7 op 0 root 0 comm 0x55a8482cd050 [nranks=2] stream 0x55a8482d0de0
n232-194-226:234788:234788 [0] NCCL INFO AllReduce: opCount 2f sendbuff 0x7f3f7fe00c00 recvbuff 0x7f3f7fe00c00 count 1024 datatype 7 op 0 root 0 comm 0x5653c1e301f0 [nranks=2] stream 0x5653c1878e60
n232-194-226:234789:234789 [1] NCCL INFO AllReduce: opCount 30 sendbuff 0x7f7995e00c00 recvbuff 0x7f7995e00c00 count 1024 datatype 7 op 0 root 0 comm 0x55a8482cd050 [nranks=2] stream 0x55a8482d0de0
n232-194-226:234788:234788 [0] NCCL INFO AllReduce: opCount 30 sendbuff 0x7f3f7fe00c00 recvbuff 0x7f3f7fe00c00 count 1024 datatype 7 op 0 root 0 comm 0x5653c1e301f0 [nranks=2] stream 0x5653c1878e60
n232-194-226:234789:234789 [1] NCCL INFO AllReduce: opCount 31 sendbuff 0x7f7995e00c00 recvbuff 0x7f7995e00c00 count 1024 datatype 7 op 0 root 0 comm 0x55a8482cd050 [nranks=2] stream 0x55a8482d0de0
n232-194-226:234788:234788 [0] NCCL INFO AllReduce: opCount 31 sendbuff 0x7f3f7fe00c00 recvbuff 0x7f3f7fe00c00 count 1024 datatype 7 op 0 root 0 comm 0x5653c1e301f0 [nranks=2] stream 0x5653c1878e60
n232-194-226:234789:234789 [1] NCCL INFO AllReduce: opCount 32 sendbuff 0x7f7995e00200 recvbuff 0x7f7995e00200 count 1 datatype 1 op 0 root 0 comm 0x55a8482cd050 [nranks=2] stream 0x55a8482d0de0
n232-194-226:234788:234788 [0] NCCL INFO AllReduce: opCount 32 sendbuff 0x7f3f7fe00200 recvbuff 0x7f3f7fe00200 count 1 datatype 1 op 0 root 0 comm 0x5653c1e301f0 [nranks=2] stream 0x5653c1878e60
n232-194-226:234789:234789 [1] NCCL INFO AllReduce: opCount 33 sendbuff 0x7f7995e00c00 recvbuff 0x7f7995e00c00 count 1024 datatype 7 op 0 root 0 comm 0x55a8482cd050 [nranks=2] stream 0x55a8482d0de0
n232-194-226:234788:234788 [0] NCCL INFO AllReduce: opCount 33 sendbuff 0x7f3f7fe00c00 recvbuff 0x7f3f7fe00c00 count 1024 datatype 7 op 0 root 0 comm 0x5653c1e301f0 [nranks=2] stream 0x5653c1878e60
