n232-194-226:234885:234904 [1] NCCL INFO ncclPollProxyResponse Received new opId=0x7f3832bbc500
n232-194-226:234884:234936 [0] NCCL INFO Received and initiated operation=Init res=0
n232-194-226:234885:234904 [1] NCCL INFO recvOpId=0x7f3832bbc500 matches expected opId=0x7f3832bbc500
n232-194-226:234885:234904 [1] NCCL INFO Connection to proxy localRank 0 -> connection 0x7f6554004180
n232-194-226:234884:234936 [0] NCCL INFO UDS proxyConvertFd received fd 89 peer 1 opId 7f3832bbc500
n232-194-226:234884:234936 [0] NCCL INFO proxyProgressAsync opId=0x7f3832bbc500 op.type=9 op.reqBuff=0x7f655402e990 op.respSize=0 done
n232-194-226:234885:234904 [1] NCCL INFO ncclPollProxyResponse Received new opId=0x7f3832bbc500
n232-194-226:234884:234936 [0] NCCL INFO Received and initiated operation=ConvertFd res=0
n232-194-226:234885:234904 [1] NCCL INFO recvOpId=0x7f3832bbc500 matches expected opId=0x7f3832bbc500
n232-194-226:234885:234904 [1] NCCL INFO NVLS group 7f3833133940 adding dev 1
n232-194-226:234885:234904 [1] NCCL INFO NVLS Mapped UC at 0x620000000 size 1073741824
n232-194-226:234885:234904 [1] NCCL INFO NVLS Bind mem 0x620000000 UC handle 0x7f3833134130 MC handle 0x7f3833133940 size 1073741824
n232-194-226:234886:234902 [2] NCCL INFO NVLS Mapped MC buffer at 0x660000000 size 1073741824
n232-194-226:234884:234901 [0] NCCL INFO NVLS Mapped MC buffer at 0x660000000 size 1073741824
n232-194-226:234885:234904 [1] NCCL INFO NVLS Mapped MC buffer at 0x660000000 size 1073741824
n232-194-226:234887:234903 [3] NCCL INFO NVLS Mapped MC buffer at 0x660000000 size 1073741824
n232-194-226:234884:234901 [0] NCCL INFO Connected NVLS tree
n232-194-226:234884:234901 [0] NCCL INFO   Algorithm   |                            Tree                  |                            Ring                  |                   CollNetDirect                  |
n232-194-226:234885:234904 [1] NCCL INFO Connected NVLS tree
n232-194-226:234884:234901 [0] NCCL INFO   Protocol    |             LL |          LL128 |         Simple |             LL |          LL128 |         Simple |             LL |          LL128 |         Simple |
n232-194-226:234884:234901 [0] NCCL INFO  Max NThreads |            512 |            640 |            512 |            512 |            640 |            512 |              0 |              0 |            640 |
n232-194-226:234884:234901 [0] NCCL INFO     Broadcast |     0.0/   0.0 |     0.0/   0.0 |     0.0/   0.0 |     7.2/  53.3 |    15.9/ 147.2 |    11.8/ 160.0 |     0.0/   0.0 |     0.0/   0.0 |     0.0/   0.0 |
n232-194-226:234884:234901 [0] NCCL INFO        Reduce |     0.0/   0.0 |     0.0/   0.0 |     0.0/   0.0 |     7.2/  40.0 |    15.9/ 147.2 |    11.8/ 160.0 |     0.0/   0.0 |     0.0/   0.0 |     0.0/   0.0 |
n232-194-226:234885:234904 [1] NCCL INFO threadThresholds 8/8/64 | 32/8/64 | 512 | 512
n232-194-226:234884:234901 [0] NCCL INFO     AllGather |     0.0/   0.0 |     0.0/   0.0 |     0.0/   0.0 |     8.4/  71.1 |    19.7/ 196.3 |    18.6/ 213.3 |     0.0/   0.0 |     0.0/   0.0 |     0.0/   0.0 |
n232-194-226:234885:234904 [1] NCCL INFO 16 coll channels, 16 nvls channels, 16 p2p channels, 16 p2p channels per peer
n232-194-226:234884:234901 [0] NCCL INFO ReduceScatter |     0.0/   0.0 |     0.0/   0.0 |     0.0/   0.0 |     8.4/  71.1 |    19.7/ 196.3 |    18.6/ 213.3 |     0.0/   0.0 |     0.0/   0.0 |     0.0/   0.0 |
n232-194-226:234884:234901 [0] NCCL INFO     AllReduce |    10.4/  19.4 |    21.5/  57.2 |    24.0/  73.6 |    10.2/  26.7 |    25.4/  98.1 |    28.8/ 106.7 |     9.8/   0.0 |    17.0/   0.0 |    29.7/   0.0 |
n232-194-226:234884:234901 [0] NCCL INFO   Algorithm   |                    CollNetChain                  |                            NVLS                  |                        NVLSTree                  |
n232-194-226:234884:234901 [0] NCCL INFO   Protocol    |             LL |          LL128 |         Simple |             LL |          LL128 |         Simple |             LL |          LL128 |         Simple |
n232-194-226:234884:234901 [0] NCCL INFO  Max NThreads |              0 |              0 |            640 |              0 |              0 |            640 |              0 |              0 |            640 |
n232-194-226:234886:234902 [2] NCCL INFO Connected NVLS tree
n232-194-226:234884:234901 [0] NCCL INFO     Broadcast |     0.0/   0.0 |     0.0/   0.0 |     0.0/   0.0 |     0.0/   0.0 |     0.0/   0.0 |     0.0/   0.0 |     0.0/   0.0 |     0.0/   0.0 |     0.0/   0.0 |
n232-194-226:234884:234901 [0] NCCL INFO        Reduce |     0.0/   0.0 |     0.0/   0.0 |     0.0/   0.0 |     0.0/   0.0 |     0.0/   0.0 |     0.0/   0.0 |     0.0/   0.0 |     0.0/   0.0 |     0.0/   0.0 |
n232-194-226:234884:234901 [0] NCCL INFO     AllGather |     0.0/   0.0 |     0.0/   0.0 |     0.0/   0.0 |     0.0/   0.0 |     0.0/   0.0 |     0.0/   0.0 |     0.0/   0.0 |     0.0/   0.0 |     0.0/   0.0 |
n232-194-226:234884:234901 [0] NCCL INFO ReduceScatter |     0.0/   0.0 |     0.0/   0.0 |     0.0/   0.0 |     0.0/   0.0 |     0.0/   0.0 |     0.0/   0.0 |     0.0/   0.0 |     0.0/   0.0 |     0.0/   0.0 |
n232-194-226:234884:234901 [0] NCCL INFO     AllReduce |     6.8/   0.0 |    14.0/   0.0 |    62.0/   0.0 |     0.0/   0.0 |     0.0/   0.0 |    23.0/ 100.0 |     0.0/   0.0 |     0.0/   0.0 |    23.0/   0.0 |
n232-194-226:234884:234901 [0] NCCL INFO threadThresholds 8/8/64 | 32/8/64 | 512 | 512
n232-194-226:234884:234901 [0] NCCL INFO 16 coll channels, 16 nvls channels, 16 p2p channels, 16 p2p channels per peer
n232-194-226:234886:234902 [2] NCCL INFO threadThresholds 8/8/64 | 32/8/64 | 512 | 512
n232-194-226:234886:234902 [2] NCCL INFO 16 coll channels, 16 nvls channels, 16 p2p channels, 16 p2p channels per peer
n232-194-226:234885:234935 [1] NCCL INFO Allocated 4194660 bytes of shared memory in /dev/shm/nccl-rQyQE4
n232-194-226:234887:234903 [3] NCCL INFO Connected NVLS tree
n232-194-226:234884:234936 [0] NCCL INFO Allocated 4194660 bytes of shared memory in /dev/shm/nccl-hIwbkL
n232-194-226:234887:234903 [3] NCCL INFO threadThresholds 8/8/64 | 32/8/64 | 512 | 512
n232-194-226:234887:234903 [3] NCCL INFO 16 coll channels, 16 nvls channels, 16 p2p channels, 16 p2p channels per peer
n232-194-226:234886:234933 [2] NCCL INFO Allocated 4194660 bytes of shared memory in /dev/shm/nccl-hkWznk
n232-194-226:234887:234934 [3] NCCL INFO Allocated 4194660 bytes of shared memory in /dev/shm/nccl-vx0rHq
n232-194-226:234885:234935 [1] NCCL INFO New proxy send connection 64 from local rank 1, transport 2
n232-194-226:234885:234935 [1] NCCL INFO proxyProgressAsync opId=0x7f3832bbc500 op.type=1 op.reqBuff=0x7f38280393d0 op.respSize=16 done
n232-194-226:234885:234904 [1] NCCL INFO ncclPollProxyResponse Received new opId=0x7f3832bbc500
n232-194-226:234885:234935 [1] NCCL INFO Received and initiated operation=Init res=0
n232-194-226:234885:234904 [1] NCCL INFO recvOpId=0x7f3832bbc500 matches expected opId=0x7f3832bbc500
n232-194-226:234885:234904 [1] NCCL INFO Connection to proxy localRank 1 -> connection 0x7f3828004550
n232-194-226:234884:234936 [0] NCCL INFO New proxy send connection 51 from local rank 0, transport 2
n232-194-226:234884:234936 [0] NCCL INFO proxyProgressAsync opId=0x7f6516bbc360 op.type=1 op.reqBuff=0x7f655402e990 op.respSize=16 done
n232-194-226:234884:234901 [0] NCCL INFO ncclPollProxyResponse Received new opId=0x7f6516bbc360
n232-194-226:234886:234933 [2] NCCL INFO New proxy send connection 64 from local rank 2, transport 2
n232-194-226:234884:234901 [0] NCCL INFO recvOpId=0x7f6516bbc360 matches expected opId=0x7f6516bbc360
n232-194-226:234884:234936 [0] NCCL INFO Received and initiated operation=Init res=0
n232-194-226:234886:234933 [2] NCCL INFO proxyProgressAsync opId=0x7f138ebbc360 op.type=1 op.reqBuff=0x7f13800391f0 op.respSize=16 done
n232-194-226:234884:234901 [0] NCCL INFO Connection to proxy localRank 0 -> connection 0x7f65540041d0
n232-194-226:234886:234902 [2] NCCL INFO ncclPollProxyResponse Received new opId=0x7f138ebbc360
n232-194-226:234887:234934 [3] NCCL INFO New proxy send connection 48 from local rank 3, transport 2
n232-194-226:234887:234934 [3] NCCL INFO proxyProgressAsync opId=0x7f72cebbc360 op.type=1 op.reqBuff=0x7f72c002b9d0 op.respSize=16 done
n232-194-226:234886:234902 [2] NCCL INFO recvOpId=0x7f138ebbc360 matches expected opId=0x7f138ebbc360
n232-194-226:234886:234933 [2] NCCL INFO Received and initiated operation=Init res=0
n232-194-226:234887:234903 [3] NCCL INFO ncclPollProxyResponse Received new opId=0x7f72cebbc360
n232-194-226:234886:234902 [2] NCCL INFO Connection to proxy localRank 2 -> connection 0x7f1380004550
n232-194-226:234887:234934 [3] NCCL INFO Received and initiated operation=Init res=0
n232-194-226:234887:234903 [3] NCCL INFO recvOpId=0x7f72cebbc360 matches expected opId=0x7f72cebbc360
n232-194-226:234887:234903 [3] NCCL INFO Connection to proxy localRank 3 -> connection 0x7f72c0004050
n232-194-226:234885:234935 [1] NCCL INFO transport/net.cc:446 Cuda Alloc Size 134217728 pointer 0x7f37e4000000
n232-194-226:234885:234935 [1] NCCL INFO proxyProgressAsync opId=0x7f3832bbc500 op.type=2 op.reqBuff=0x7f382803a6d0 op.respSize=0 done
n232-194-226:234885:234904 [1] NCCL INFO ncclPollProxyResponse Received new opId=0x7f3832bbc500
n232-194-226:234885:234935 [1] NCCL INFO Received and initiated operation=SharedInit res=0
n232-194-226:234885:234904 [1] NCCL INFO recvOpId=0x7f3832bbc500 matches expected opId=0x7f3832bbc500
n232-194-226:234885:234904 [1] NCCL INFO init.cc:387 Cuda Alloc Size 7728 pointer 0x7f382e210000
n232-194-226:234884:234936 [0] NCCL INFO transport/net.cc:446 Cuda Alloc Size 134217728 pointer 0x7f64dc000000
n232-194-226:234884:234936 [0] NCCL INFO proxyProgressAsync opId=0x7f6516bbc360 op.type=2 op.reqBuff=0x7f655402d190 op.respSize=0 done
n232-194-226:234884:234901 [0] NCCL INFO ncclPollProxyResponse Received new opId=0x7f6516bbc360
n232-194-226:234884:234936 [0] NCCL INFO Received and initiated operation=SharedInit res=0
n232-194-226:234884:234901 [0] NCCL INFO recvOpId=0x7f6516bbc360 matches expected opId=0x7f6516bbc360
n232-194-226:234886:234933 [2] NCCL INFO transport/net.cc:446 Cuda Alloc Size 134217728 pointer 0x7f1340000000
n232-194-226:234886:234933 [2] NCCL INFO proxyProgressAsync opId=0x7f138ebbc360 op.type=2 op.reqBuff=0x7f138003a4f0 op.respSize=0 done
n232-194-226:234886:234902 [2] NCCL INFO ncclPollProxyResponse Received new opId=0x7f138ebbc360
n232-194-226:234886:234933 [2] NCCL INFO Received and initiated operation=SharedInit res=0
n232-194-226:234887:234934 [3] NCCL INFO transport/net.cc:446 Cuda Alloc Size 134217728 pointer 0x7f7290000000
n232-194-226:234886:234902 [2] NCCL INFO recvOpId=0x7f138ebbc360 matches expected opId=0x7f138ebbc360
n232-194-226:234887:234934 [3] NCCL INFO proxyProgressAsync opId=0x7f72cebbc360 op.type=2 op.reqBuff=0x7f72c002d1d0 op.respSize=0 done
n232-194-226:234887:234903 [3] NCCL INFO ncclPollProxyResponse Received new opId=0x7f72cebbc360
n232-194-226:234887:234934 [3] NCCL INFO Received and initiated operation=SharedInit res=0
n232-194-226:234887:234903 [3] NCCL INFO recvOpId=0x7f72cebbc360 matches expected opId=0x7f72cebbc360
n232-194-226:234884:234901 [0] NCCL INFO init.cc:387 Cuda Alloc Size 7728 pointer 0x7f6510210000
n232-194-226:234886:234902 [2] NCCL INFO init.cc:387 Cuda Alloc Size 7728 pointer 0x7f1388210000
n232-194-226:234887:234903 [3] NCCL INFO init.cc:387 Cuda Alloc Size 7728 pointer 0x7f72c8210000
n232-194-226:234885:234904 [1] NCCL INFO init.cc:412 Cuda Host Alloc Size 33554432 pointer 0x7f37e2000000
n232-194-226:234885:234904 [1] NCCL INFO init.cc:418 Cuda Host Alloc Size 128 pointer 0x7f386ca00200
n232-194-226:234884:234901 [0] NCCL INFO init.cc:412 Cuda Host Alloc Size 33554432 pointer 0x7f64da000000
n232-194-226:234886:234902 [2] NCCL INFO init.cc:412 Cuda Host Alloc Size 33554432 pointer 0x7f133e000000
n232-194-226:234884:234901 [0] NCCL INFO init.cc:418 Cuda Host Alloc Size 128 pointer 0x7f654ea00200
n232-194-226:234886:234902 [2] NCCL INFO init.cc:418 Cuda Host Alloc Size 128 pointer 0x7f13c6a00200
n232-194-226:234887:234903 [3] NCCL INFO init.cc:412 Cuda Host Alloc Size 33554432 pointer 0x7f728e000000
n232-194-226:234887:234903 [3] NCCL INFO init.cc:418 Cuda Host Alloc Size 128 pointer 0x7f7306a00200
n232-194-226:234886:234902 [2] NCCL INFO comm 0x55f8368a4c20 rank 2 nranks 4 cudaDev 2 nvmlDev 2 busId 48000 commId 0x7399c941042c7810 - Init COMPLETE
n232-194-226:234884:234901 [0] NCCL INFO comm 0x55b8998d37e0 rank 0 nranks 4 cudaDev 0 nvmlDev 0 busId f000 commId 0x7399c941042c7810 - Init COMPLETE
n232-194-226:234885:234904 [1] NCCL INFO comm 0x565202005870 rank 1 nranks 4 cudaDev 1 nvmlDev 1 busId 34000 commId 0x7399c941042c7810 - Init COMPLETE
n232-194-226:234887:234903 [3] NCCL INFO comm 0x559442d568a0 rank 3 nranks 4 cudaDev 3 nvmlDev 3 busId 5a000 commId 0x7399c941042c7810 - Init COMPLETE
n232-194-226:234886:234886 [2] NCCL INFO AllReduce: opCount 0 sendbuff 0x7f13c1e00000 recvbuff 0x7f13c1e00000 count 512 datatype 7 op 0 root 0 comm 0x55f8368a4c20 [nranks=4] stream 0x55f8368a89f0
n232-194-226:234885:234885 [1] NCCL INFO AllReduce: opCount 0 sendbuff 0x7f3867e00000 recvbuff 0x7f3867e00000 count 512 datatype 7 op 0 root 0 comm 0x565202005870 [nranks=4] stream 0x565202009640
n232-194-226:234887:234887 [3] NCCL INFO AllReduce: opCount 0 sendbuff 0x7f7301e00000 recvbuff 0x7f7301e00000 count 512 datatype 7 op 0 root 0 comm 0x559442d568a0 [nranks=4] stream 0x559442d5a670
n232-194-226:234884:234884 [0] NCCL INFO AllReduce: opCount 0 sendbuff 0x7f6549e00000 recvbuff 0x7f6549e00000 count 512 datatype 7 op 0 root 0 comm 0x55b8998d37e0 [nranks=4] stream 0x55b8998d32b0
n232-194-226:234885:234885 [1] NCCL INFO misc/utils.cc:235 memory stack hunk malloc(65536)
n232-194-226:234887:234887 [3] NCCL INFO misc/utils.cc:235 memory stack hunk malloc(65536)
n232-194-226:234884:234884 [0] NCCL INFO misc/utils.cc:235 memory stack hunk malloc(65536)
n232-194-226:234886:234886 [2] NCCL INFO misc/utils.cc:235 memory stack hunk malloc(65536)
n232-194-226:234887:234887 [3] NCCL INFO AllReduce: opCount 1 sendbuff 0x7f7301e00000 recvbuff 0x7f7301e00000 count 512 datatype 7 op 0 root 0 comm 0x559442d568a0 [nranks=4] stream 0x559442d5a670
n232-194-226:234884:234884 [0] NCCL INFO AllReduce: opCount 1 sendbuff 0x7f6549e00000 recvbuff 0x7f6549e00000 count 512 datatype 7 op 0 root 0 comm 0x55b8998d37e0 [nranks=4] stream 0x55b8998d32b0
n232-194-226:234885:234885 [1] NCCL INFO AllReduce: opCount 1 sendbuff 0x7f3867e00000 recvbuff 0x7f3867e00000 count 512 datatype 7 op 0 root 0 comm 0x565202005870 [nranks=4] stream 0x565202009640
n232-194-226:234886:234886 [2] NCCL INFO AllReduce: opCount 1 sendbuff 0x7f13c1e00000 recvbuff 0x7f13c1e00000 count 512 datatype 7 op 0 root 0 comm 0x55f8368a4c20 [nranks=4] stream 0x55f8368a89f0
n232-194-226:234884:234884 [0] NCCL INFO AllReduce: opCount 2 sendbuff 0x7f6549e00000 recvbuff 0x7f6549e00000 count 512 datatype 7 op 0 root 0 comm 0x55b8998d37e0 [nranks=4] stream 0x55b8998d32b0
n232-194-226:234885:234885 [1] NCCL INFO AllReduce: opCount 2 sendbuff 0x7f3867e00000 recvbuff 0x7f3867e00000 count 512 datatype 7 op 0 root 0 comm 0x565202005870 [nranks=4] stream 0x565202009640
n232-194-226:234887:234887 [3] NCCL INFO AllReduce: opCount 2 sendbuff 0x7f7301e00000 recvbuff 0x7f7301e00000 count 512 datatype 7 op 0 root 0 comm 0x559442d568a0 [nranks=4] stream 0x559442d5a670
n232-194-226:234886:234886 [2] NCCL INFO AllReduce: opCount 2 sendbuff 0x7f13c1e00000 recvbuff 0x7f13c1e00000 count 512 datatype 7 op 0 root 0 comm 0x55f8368a4c20 [nranks=4] stream 0x55f8368a89f0
n232-194-226:234884:234884 [0] NCCL INFO AllReduce: opCount 3 sendbuff 0x7f6549e00000 recvbuff 0x7f6549e00000 count 512 datatype 7 op 0 root 0 comm 0x55b8998d37e0 [nranks=4] stream 0x55b8998d32b0
n232-194-226:234887:234887 [3] NCCL INFO AllReduce: opCount 3 sendbuff 0x7f7301e00000 recvbuff 0x7f7301e00000 count 512 datatype 7 op 0 root 0 comm 0x559442d568a0 [nranks=4] stream 0x559442d5a670
n232-194-226:234886:234886 [2] NCCL INFO AllReduce: opCount 3 sendbuff 0x7f13c1e00000 recvbuff 0x7f13c1e00000 count 512 datatype 7 op 0 root 0 comm 0x55f8368a4c20 [nranks=4] stream 0x55f8368a89f0
n232-194-226:234885:234885 [1] NCCL INFO AllReduce: opCount 3 sendbuff 0x7f3867e00000 recvbuff 0x7f3867e00000 count 512 datatype 7 op 0 root 0 comm 0x565202005870 [nranks=4] stream 0x565202009640
n232-194-226:234884:234884 [0] NCCL INFO AllReduce: opCount 4 sendbuff 0x7f6549e00000 recvbuff 0x7f6549e00000 count 512 datatype 7 op 0 root 0 comm 0x55b8998d37e0 [nranks=4] stream 0x55b8998d32b0
n232-194-226:234887:234887 [3] NCCL INFO AllReduce: opCount 4 sendbuff 0x7f7301e00000 recvbuff 0x7f7301e00000 count 512 datatype 7 op 0 root 0 comm 0x559442d568a0 [nranks=4] stream 0x559442d5a670
n232-194-226:234886:234886 [2] NCCL INFO AllReduce: opCount 4 sendbuff 0x7f13c1e00000 recvbuff 0x7f13c1e00000 count 512 datatype 7 op 0 root 0 comm 0x55f8368a4c20 [nranks=4] stream 0x55f8368a89f0
n232-194-226:234885:234885 [1] NCCL INFO AllReduce: opCount 4 sendbuff 0x7f3867e00000 recvbuff 0x7f3867e00000 count 512 datatype 7 op 0 root 0 comm 0x565202005870 [nranks=4] stream 0x565202009640
n232-194-226:234887:234887 [3] NCCL INFO AllReduce: opCount 5 sendbuff 0x7f7301e00a00 recvbuff 0x7f7301e00a00 count 1 datatype 1 op 0 root 0 comm 0x559442d568a0 [nranks=4] stream 0x559442d5a670
n232-194-226:234885:234885 [1] NCCL INFO AllReduce: opCount 5 sendbuff 0x7f3867e00a00 recvbuff 0x7f3867e00a00 count 1 datatype 1 op 0 root 0 comm 0x565202005870 [nranks=4] stream 0x565202009640
n232-194-226:234884:234884 [0] NCCL INFO AllReduce: opCount 5 sendbuff 0x7f6549e00a00 recvbuff 0x7f6549e00a00 count 1 datatype 1 op 0 root 0 comm 0x55b8998d37e0 [nranks=4] stream 0x55b8998d32b0
n232-194-226:234886:234886 [2] NCCL INFO AllReduce: opCount 5 sendbuff 0x7f13c1e00a00 recvbuff 0x7f13c1e00a00 count 1 datatype 1 op 0 root 0 comm 0x55f8368a4c20 [nranks=4] stream 0x55f8368a89f0
n232-194-226:234884:234884 [0] NCCL INFO AllReduce: opCount 6 sendbuff 0x7f6549e00000 recvbuff 0x7f6549e00000 count 512 datatype 7 op 0 root 0 comm 0x55b8998d37e0 [nranks=4] stream 0x55b8998d32b0
n232-194-226:234886:234886 [2] NCCL INFO AllReduce: opCount 6 sendbuff 0x7f13c1e00000 recvbuff 0x7f13c1e00000 count 512 datatype 7 op 0 root 0 comm 0x55f8368a4c20 [nranks=4] stream 0x55f8368a89f0
n232-194-226:234885:234885 [1] NCCL INFO AllReduce: opCount 6 sendbuff 0x7f3867e00000 recvbuff 0x7f3867e00000 count 512 datatype 7 op 0 root 0 comm 0x565202005870 [nranks=4] stream 0x565202009640
n232-194-226:234887:234887 [3] NCCL INFO AllReduce: opCount 6 sendbuff 0x7f7301e00000 recvbuff 0x7f7301e00000 count 512 datatype 7 op 0 root 0 comm 0x559442d568a0 [nranks=4] stream 0x559442d5a670
n232-194-226:234884:234884 [0] NCCL INFO AllReduce: opCount 7 sendbuff 0x7f6549e00800 recvbuff 0x7f6549e00800 count 1 datatype 1 op 0 root 0 comm 0x55b8998d37e0 [nranks=4] stream 0x55b8998d32b0
n232-194-226:234885:234885 [1] NCCL INFO AllReduce: opCount 7 sendbuff 0x7f3867e00800 recvbuff 0x7f3867e00800 count 1 datatype 1 op 0 root 0 comm 0x565202005870 [nranks=4] stream 0x565202009640
n232-194-226:234886:234886 [2] NCCL INFO AllReduce: opCount 7 sendbuff 0x7f13c1e00800 recvbuff 0x7f13c1e00800 count 1 datatype 1 op 0 root 0 comm 0x55f8368a4c20 [nranks=4] stream 0x55f8368a89f0
n232-194-226:234887:234887 [3] NCCL INFO AllReduce: opCount 7 sendbuff 0x7f7301e00800 recvbuff 0x7f7301e00800 count 1 datatype 1 op 0 root 0 comm 0x559442d568a0 [nranks=4] stream 0x559442d5a670
n232-194-226:234887:234887 [3] NCCL INFO AllReduce: opCount 8 sendbuff 0x7f7301e00000 recvbuff 0x7f7301e00000 count 512 datatype 7 op 0 root 0 comm 0x559442d568a0 [nranks=4] stream 0x559442d5a670
n232-194-226:234884:234884 [0] NCCL INFO AllReduce: opCount 8 sendbuff 0x7f6549e00000 recvbuff 0x7f6549e00000 count 512 datatype 7 op 0 root 0 comm 0x55b8998d37e0 [nranks=4] stream 0x55b8998d32b0
n232-194-226:234885:234885 [1] NCCL INFO AllReduce: opCount 8 sendbuff 0x7f3867e00000 recvbuff 0x7f3867e00000 count 512 datatype 7 op 0 root 0 comm 0x565202005870 [nranks=4] stream 0x565202009640
n232-194-226:234886:234886 [2] NCCL INFO AllReduce: opCount 8 sendbuff 0x7f13c1e00000 recvbuff 0x7f13c1e00000 count 512 datatype 7 op 0 root 0 comm 0x55f8368a4c20 [nranks=4] stream 0x55f8368a89f0
n232-194-226:234887:234887 [3] NCCL INFO AllReduce: opCount 9 sendbuff 0x7f7301e00a00 recvbuff 0x7f7301e00a00 count 1 datatype 1 op 0 root 0 comm 0x559442d568a0 [nranks=4] stream 0x559442d5a670
n232-194-226:234885:234885 [1] NCCL INFO AllReduce: opCount 9 sendbuff 0x7f3867e00a00 recvbuff 0x7f3867e00a00 count 1 datatype 1 op 0 root 0 comm 0x565202005870 [nranks=4] stream 0x565202009640
n232-194-226:234884:234884 [0] NCCL INFO AllReduce: opCount 9 sendbuff 0x7f6549e00a00 recvbuff 0x7f6549e00a00 count 1 datatype 1 op 0 root 0 comm 0x55b8998d37e0 [nranks=4] stream 0x55b8998d32b0
n232-194-226:234886:234886 [2] NCCL INFO AllReduce: opCount 9 sendbuff 0x7f13c1e00a00 recvbuff 0x7f13c1e00a00 count 1 datatype 1 op 0 root 0 comm 0x55f8368a4c20 [nranks=4] stream 0x55f8368a89f0
n232-194-226:234885:234885 [1] NCCL INFO AllReduce: opCount a sendbuff 0x7f3867e00000 recvbuff 0x7f3867e00000 count 512 datatype 7 op 0 root 0 comm 0x565202005870 [nranks=4] stream 0x565202009640
n232-194-226:234884:234884 [0] NCCL INFO AllReduce: opCount a sendbuff 0x7f6549e00000 recvbuff 0x7f6549e00000 count 512 datatype 7 op 0 root 0 comm 0x55b8998d37e0 [nranks=4] stream 0x55b8998d32b0
n232-194-226:234887:234887 [3] NCCL INFO AllReduce: opCount a sendbuff 0x7f7301e00000 recvbuff 0x7f7301e00000 count 512 datatype 7 op 0 root 0 comm 0x559442d568a0 [nranks=4] stream 0x559442d5a670
n232-194-226:234886:234886 [2] NCCL INFO AllReduce: opCount a sendbuff 0x7f13c1e00000 recvbuff 0x7f13c1e00000 count 512 datatype 7 op 0 root 0 comm 0x55f8368a4c20 [nranks=4] stream 0x55f8368a89f0
n232-194-226:234886:234886 [2] NCCL INFO AllReduce: opCount b sendbuff 0x7f13c1e00800 recvbuff 0x7f13c1e00800 count 1 datatype 1 op 0 root 0 comm 0x55f8368a4c20 [nranks=4] stream 0x55f8368a89f0
n232-194-226:234885:234885 [1] NCCL INFO AllReduce: opCount b sendbuff 0x7f3867e00800 recvbuff 0x7f3867e00800 count 1 datatype 1 op 0 root 0 comm 0x565202005870 [nranks=4] stream 0x565202009640
n232-194-226:234887:234887 [3] NCCL INFO AllReduce: opCount b sendbuff 0x7f7301e00800 recvbuff 0x7f7301e00800 count 1 datatype 1 op 0 root 0 comm 0x559442d568a0 [nranks=4] stream 0x559442d5a670
n232-194-226:234884:234884 [0] NCCL INFO AllReduce: opCount b sendbuff 0x7f6549e00800 recvbuff 0x7f6549e00800 count 1 datatype 1 op 0 root 0 comm 0x55b8998d37e0 [nranks=4] stream 0x55b8998d32b0
n232-194-226:234884:234884 [0] NCCL INFO AllReduce: opCount c sendbuff 0x7f6549e00000 recvbuff 0x7f6549e00000 count 512 datatype 7 op 0 root 0 comm 0x55b8998d37e0 [nranks=4] stream 0x55b8998d32b0
n232-194-226:234885:234885 [1] NCCL INFO AllReduce: opCount c sendbuff 0x7f3867e00000 recvbuff 0x7f3867e00000 count 512 datatype 7 op 0 root 0 comm 0x565202005870 [nranks=4] stream 0x565202009640
n232-194-226:234886:234886 [2] NCCL INFO AllReduce: opCount c sendbuff 0x7f13c1e00000 recvbuff 0x7f13c1e00000 count 512 datatype 7 op 0 root 0 comm 0x55f8368a4c20 [nranks=4] stream 0x55f8368a89f0
n232-194-226:234887:234887 [3] NCCL INFO AllReduce: opCount c sendbuff 0x7f7301e00000 recvbuff 0x7f7301e00000 count 512 datatype 7 op 0 root 0 comm 0x559442d568a0 [nranks=4] stream 0x559442d5a670
n232-194-226:234887:234887 [3] NCCL INFO AllReduce: opCount d sendbuff 0x7f7301e00a00 recvbuff 0x7f7301e00a00 count 1 datatype 1 op 0 root 0 comm 0x559442d568a0 [nranks=4] stream 0x559442d5a670
n232-194-226:234884:234884 [0] NCCL INFO AllReduce: opCount d sendbuff 0x7f6549e00a00 recvbuff 0x7f6549e00a00 count 1 datatype 1 op 0 root 0 comm 0x55b8998d37e0 [nranks=4] stream 0x55b8998d32b0
n232-194-226:234885:234885 [1] NCCL INFO AllReduce: opCount d sendbuff 0x7f3867e00a00 recvbuff 0x7f3867e00a00 count 1 datatype 1 op 0 root 0 comm 0x565202005870 [nranks=4] stream 0x565202009640
n232-194-226:234886:234886 [2] NCCL INFO AllReduce: opCount d sendbuff 0x7f13c1e00a00 recvbuff 0x7f13c1e00a00 count 1 datatype 1 op 0 root 0 comm 0x55f8368a4c20 [nranks=4] stream 0x55f8368a89f0
n232-194-226:234884:234884 [0] NCCL INFO AllReduce: opCount e sendbuff 0x7f6549e00000 recvbuff 0x7f6549e00000 count 512 datatype 7 op 0 root 0 comm 0x55b8998d37e0 [nranks=4] stream 0x55b8998d32b0
n232-194-226:234885:234885 [1] NCCL INFO AllReduce: opCount e sendbuff 0x7f3867e00000 recvbuff 0x7f3867e00000 count 512 datatype 7 op 0 root 0 comm 0x565202005870 [nranks=4] stream 0x565202009640
n232-194-226:234886:234886 [2] NCCL INFO AllReduce: opCount e sendbuff 0x7f13c1e00000 recvbuff 0x7f13c1e00000 count 512 datatype 7 op 0 root 0 comm 0x55f8368a4c20 [nranks=4] stream 0x55f8368a89f0
n232-194-226:234887:234887 [3] NCCL INFO AllReduce: opCount e sendbuff 0x7f7301e00000 recvbuff 0x7f7301e00000 count 512 datatype 7 op 0 root 0 comm 0x559442d568a0 [nranks=4] stream 0x559442d5a670
n232-194-226:234886:234886 [2] NCCL INFO AllReduce: opCount f sendbuff 0x7f13c1e00800 recvbuff 0x7f13c1e00800 count 1 datatype 1 op 0 root 0 comm 0x55f8368a4c20 [nranks=4] stream 0x55f8368a89f0
n232-194-226:234884:234884 [0] NCCL INFO AllReduce: opCount f sendbuff 0x7f6549e00800 recvbuff 0x7f6549e00800 count 1 datatype 1 op 0 root 0 comm 0x55b8998d37e0 [nranks=4] stream 0x55b8998d32b0
n232-194-226:234885:234885 [1] NCCL INFO AllReduce: opCount f sendbuff 0x7f3867e00800 recvbuff 0x7f3867e00800 count 1 datatype 1 op 0 root 0 comm 0x565202005870 [nranks=4] stream 0x565202009640
n232-194-226:234887:234887 [3] NCCL INFO AllReduce: opCount f sendbuff 0x7f7301e00800 recvbuff 0x7f7301e00800 count 1 datatype 1 op 0 root 0 comm 0x559442d568a0 [nranks=4] stream 0x559442d5a670
n232-194-226:234884:234884 [0] NCCL INFO AllReduce: opCount 10 sendbuff 0x7f6549e00000 recvbuff 0x7f6549e00000 count 512 datatype 7 op 0 root 0 comm 0x55b8998d37e0 [nranks=4] stream 0x55b8998d32b0
n232-194-226:234886:234886 [2] NCCL INFO AllReduce: opCount 10 sendbuff 0x7f13c1e00000 recvbuff 0x7f13c1e00000 count 512 datatype 7 op 0 root 0 comm 0x55f8368a4c20 [nranks=4] stream 0x55f8368a89f0
n232-194-226:234885:234885 [1] NCCL INFO AllReduce: opCount 10 sendbuff 0x7f3867e00000 recvbuff 0x7f3867e00000 count 512 datatype 7 op 0 root 0 comm 0x565202005870 [nranks=4] stream 0x565202009640
n232-194-226:234887:234887 [3] NCCL INFO AllReduce: opCount 10 sendbuff 0x7f7301e00000 recvbuff 0x7f7301e00000 count 512 datatype 7 op 0 root 0 comm 0x559442d568a0 [nranks=4] stream 0x559442d5a670
n232-194-226:234886:234886 [2] NCCL INFO AllReduce: opCount 11 sendbuff 0x7f13c1e00a00 recvbuff 0x7f13c1e00a00 count 1 datatype 1 op 0 root 0 comm 0x55f8368a4c20 [nranks=4] stream 0x55f8368a89f0
n232-194-226:234885:234885 [1] NCCL INFO AllReduce: opCount 11 sendbuff 0x7f3867e00a00 recvbuff 0x7f3867e00a00 count 1 datatype 1 op 0 root 0 comm 0x565202005870 [nranks=4] stream 0x565202009640
n232-194-226:234884:234884 [0] NCCL INFO AllReduce: opCount 11 sendbuff 0x7f6549e00a00 recvbuff 0x7f6549e00a00 count 1 datatype 1 op 0 root 0 comm 0x55b8998d37e0 [nranks=4] stream 0x55b8998d32b0
n232-194-226:234887:234887 [3] NCCL INFO AllReduce: opCount 11 sendbuff 0x7f7301e00a00 recvbuff 0x7f7301e00a00 count 1 datatype 1 op 0 root 0 comm 0x559442d568a0 [nranks=4] stream 0x559442d5a670
n232-194-226:234884:234884 [0] NCCL INFO AllReduce: opCount 12 sendbuff 0x7f6549e00000 recvbuff 0x7f6549e00000 count 512 datatype 7 op 0 root 0 comm 0x55b8998d37e0 [nranks=4] stream 0x55b8998d32b0
n232-194-226:234886:234886 [2] NCCL INFO AllReduce: opCount 12 sendbuff 0x7f13c1e00000 recvbuff 0x7f13c1e00000 count 512 datatype 7 op 0 root 0 comm 0x55f8368a4c20 [nranks=4] stream 0x55f8368a89f0
n232-194-226:234887:234887 [3] NCCL INFO AllReduce: opCount 12 sendbuff 0x7f7301e00000 recvbuff 0x7f7301e00000 count 512 datatype 7 op 0 root 0 comm 0x559442d568a0 [nranks=4] stream 0x559442d5a670
n232-194-226:234885:234885 [1] NCCL INFO AllReduce: opCount 12 sendbuff 0x7f3867e00000 recvbuff 0x7f3867e00000 count 512 datatype 7 op 0 root 0 comm 0x565202005870 [nranks=4] stream 0x565202009640
n232-194-226:234884:234884 [0] NCCL INFO AllReduce: opCount 13 sendbuff 0x7f6549e00800 recvbuff 0x7f6549e00800 count 1 datatype 1 op 0 root 0 comm 0x55b8998d37e0 [nranks=4] stream 0x55b8998d32b0
n232-194-226:234886:234886 [2] NCCL INFO AllReduce: opCount 13 sendbuff 0x7f13c1e00800 recvbuff 0x7f13c1e00800 count 1 datatype 1 op 0 root 0 comm 0x55f8368a4c20 [nranks=4] stream 0x55f8368a89f0
n232-194-226:234887:234887 [3] NCCL INFO AllReduce: opCount 13 sendbuff 0x7f7301e00800 recvbuff 0x7f7301e00800 count 1 datatype 1 op 0 root 0 comm 0x559442d568a0 [nranks=4] stream 0x559442d5a670
n232-194-226:234885:234885 [1] NCCL INFO AllReduce: opCount 13 sendbuff 0x7f3867e00800 recvbuff 0x7f3867e00800 count 1 datatype 1 op 0 root 0 comm 0x565202005870 [nranks=4] stream 0x565202009640
n232-194-226:234884:234884 [0] NCCL INFO AllReduce: opCount 14 sendbuff 0x7f6549e00000 recvbuff 0x7f6549e00000 count 512 datatype 7 op 0 root 0 comm 0x55b8998d37e0 [nranks=4] stream 0x55b8998d32b0
n232-194-226:234885:234885 [1] NCCL INFO AllReduce: opCount 14 sendbuff 0x7f3867e00000 recvbuff 0x7f3867e00000 count 512 datatype 7 op 0 root 0 comm 0x565202005870 [nranks=4] stream 0x565202009640
n232-194-226:234886:234886 [2] NCCL INFO AllReduce: opCount 14 sendbuff 0x7f13c1e00000 recvbuff 0x7f13c1e00000 count 512 datatype 7 op 0 root 0 comm 0x55f8368a4c20 [nranks=4] stream 0x55f8368a89f0
n232-194-226:234887:234887 [3] NCCL INFO AllReduce: opCount 14 sendbuff 0x7f7301e00000 recvbuff 0x7f7301e00000 count 512 datatype 7 op 0 root 0 comm 0x559442d568a0 [nranks=4] stream 0x559442d5a670
n232-194-226:234885:234885 [1] NCCL INFO AllReduce: opCount 15 sendbuff 0x7f3867e00a00 recvbuff 0x7f3867e00a00 count 1 datatype 1 op 0 root 0 comm 0x565202005870 [nranks=4] stream 0x565202009640
n232-194-226:234886:234886 [2] NCCL INFO AllReduce: opCount 15 sendbuff 0x7f13c1e00a00 recvbuff 0x7f13c1e00a00 count 1 datatype 1 op 0 root 0 comm 0x55f8368a4c20 [nranks=4] stream 0x55f8368a89f0
n232-194-226:234884:234884 [0] NCCL INFO AllReduce: opCount 15 sendbuff 0x7f6549e00a00 recvbuff 0x7f6549e00a00 count 1 datatype 1 op 0 root 0 comm 0x55b8998d37e0 [nranks=4] stream 0x55b8998d32b0
n232-194-226:234887:234887 [3] NCCL INFO AllReduce: opCount 15 sendbuff 0x7f7301e00a00 recvbuff 0x7f7301e00a00 count 1 datatype 1 op 0 root 0 comm 0x559442d568a0 [nranks=4] stream 0x559442d5a670
n232-194-226:234886:234886 [2] NCCL INFO AllReduce: opCount 16 sendbuff 0x7f13c1e00000 recvbuff 0x7f13c1e00000 count 512 datatype 7 op 0 root 0 comm 0x55f8368a4c20 [nranks=4] stream 0x55f8368a89f0
n232-194-226:234887:234887 [3] NCCL INFO AllReduce: opCount 16 sendbuff 0x7f7301e00000 recvbuff 0x7f7301e00000 count 512 datatype 7 op 0 root 0 comm 0x559442d568a0 [nranks=4] stream 0x559442d5a670
n232-194-226:234884:234884 [0] NCCL INFO AllReduce: opCount 16 sendbuff 0x7f6549e00000 recvbuff 0x7f6549e00000 count 512 datatype 7 op 0 root 0 comm 0x55b8998d37e0 [nranks=4] stream 0x55b8998d32b0
n232-194-226:234885:234885 [1] NCCL INFO AllReduce: opCount 16 sendbuff 0x7f3867e00000 recvbuff 0x7f3867e00000 count 512 datatype 7 op 0 root 0 comm 0x565202005870 [nranks=4] stream 0x565202009640
n232-194-226:234884:234884 [0] NCCL INFO AllReduce: opCount 17 sendbuff 0x7f6549e00800 recvbuff 0x7f6549e00800 count 1 datatype 1 op 0 root 0 comm 0x55b8998d37e0 [nranks=4] stream 0x55b8998d32b0
n232-194-226:234886:234886 [2] NCCL INFO AllReduce: opCount 17 sendbuff 0x7f13c1e00800 recvbuff 0x7f13c1e00800 count 1 datatype 1 op 0 root 0 comm 0x55f8368a4c20 [nranks=4] stream 0x55f8368a89f0
n232-194-226:234887:234887 [3] NCCL INFO AllReduce: opCount 17 sendbuff 0x7f7301e00800 recvbuff 0x7f7301e00800 count 1 datatype 1 op 0 root 0 comm 0x559442d568a0 [nranks=4] stream 0x559442d5a670
n232-194-226:234885:234885 [1] NCCL INFO AllReduce: opCount 17 sendbuff 0x7f3867e00800 recvbuff 0x7f3867e00800 count 1 datatype 1 op 0 root 0 comm 0x565202005870 [nranks=4] stream 0x565202009640
n232-194-226:234884:234884 [0] NCCL INFO AllReduce: opCount 18 sendbuff 0x7f6549e00000 recvbuff 0x7f6549e00000 count 512 datatype 7 op 0 root 0 comm 0x55b8998d37e0 [nranks=4] stream 0x55b8998d32b0
n232-194-226:234885:234885 [1] NCCL INFO AllReduce: opCount 18 sendbuff 0x7f3867e00000 recvbuff 0x7f3867e00000 count 512 datatype 7 op 0 root 0 comm 0x565202005870 [nranks=4] stream 0x565202009640
n232-194-226:234886:234886 [2] NCCL INFO AllReduce: opCount 18 sendbuff 0x7f13c1e00000 recvbuff 0x7f13c1e00000 count 512 datatype 7 op 0 root 0 comm 0x55f8368a4c20 [nranks=4] stream 0x55f8368a89f0
n232-194-226:234887:234887 [3] NCCL INFO AllReduce: opCount 18 sendbuff 0x7f7301e00000 recvbuff 0x7f7301e00000 count 512 datatype 7 op 0 root 0 comm 0x559442d568a0 [nranks=4] stream 0x559442d5a670
n232-194-226:234887:234887 [3] NCCL INFO AllReduce: opCount 19 sendbuff 0x7f7301e00a00 recvbuff 0x7f7301e00a00 count 1 datatype 1 op 0 root 0 comm 0x559442d568a0 [nranks=4] stream 0x559442d5a670
n232-194-226:234885:234885 [1] NCCL INFO AllReduce: opCount 19 sendbuff 0x7f3867e00a00 recvbuff 0x7f3867e00a00 count 1 datatype 1 op 0 root 0 comm 0x565202005870 [nranks=4] stream 0x565202009640
n232-194-226:234886:234886 [2] NCCL INFO AllReduce: opCount 19 sendbuff 0x7f13c1e00a00 recvbuff 0x7f13c1e00a00 count 1 datatype 1 op 0 root 0 comm 0x55f8368a4c20 [nranks=4] stream 0x55f8368a89f0
n232-194-226:234884:234884 [0] NCCL INFO AllReduce: opCount 19 sendbuff 0x7f6549e00a00 recvbuff 0x7f6549e00a00 count 1 datatype 1 op 0 root 0 comm 0x55b8998d37e0 [nranks=4] stream 0x55b8998d32b0
n232-194-226:234885:234885 [1] NCCL INFO AllReduce: opCount 1a sendbuff 0x7f3867e00000 recvbuff 0x7f3867e00000 count 512 datatype 7 op 0 root 0 comm 0x565202005870 [nranks=4] stream 0x565202009640
n232-194-226:234886:234886 [2] NCCL INFO AllReduce: opCount 1a sendbuff 0x7f13c1e00000 recvbuff 0x7f13c1e00000 count 512 datatype 7 op 0 root 0 comm 0x55f8368a4c20 [nranks=4] stream 0x55f8368a89f0
n232-194-226:234887:234887 [3] NCCL INFO AllReduce: opCount 1a sendbuff 0x7f7301e00000 recvbuff 0x7f7301e00000 count 512 datatype 7 op 0 root 0 comm 0x559442d568a0 [nranks=4] stream 0x559442d5a670
n232-194-226:234884:234884 [0] NCCL INFO AllReduce: opCount 1a sendbuff 0x7f6549e00000 recvbuff 0x7f6549e00000 count 512 datatype 7 op 0 root 0 comm 0x55b8998d37e0 [nranks=4] stream 0x55b8998d32b0
n232-194-226:234887:234887 [3] NCCL INFO AllReduce: opCount 1b sendbuff 0x7f7301e00800 recvbuff 0x7f7301e00800 count 1 datatype 1 op 0 root 0 comm 0x559442d568a0 [nranks=4] stream 0x559442d5a670
n232-194-226:234884:234884 [0] NCCL INFO AllReduce: opCount 1b sendbuff 0x7f6549e00800 recvbuff 0x7f6549e00800 count 1 datatype 1 op 0 root 0 comm 0x55b8998d37e0 [nranks=4] stream 0x55b8998d32b0
n232-194-226:234885:234885 [1] NCCL INFO AllReduce: opCount 1b sendbuff 0x7f3867e00800 recvbuff 0x7f3867e00800 count 1 datatype 1 op 0 root 0 comm 0x565202005870 [nranks=4] stream 0x565202009640
n232-194-226:234886:234886 [2] NCCL INFO AllReduce: opCount 1b sendbuff 0x7f13c1e00800 recvbuff 0x7f13c1e00800 count 1 datatype 1 op 0 root 0 comm 0x55f8368a4c20 [nranks=4] stream 0x55f8368a89f0
n232-194-226:234884:234884 [0] NCCL INFO AllReduce: opCount 1c sendbuff 0x7f6549e00000 recvbuff 0x7f6549e00000 count 512 datatype 7 op 0 root 0 comm 0x55b8998d37e0 [nranks=4] stream 0x55b8998d32b0
n232-194-226:234885:234885 [1] NCCL INFO AllReduce: opCount 1c sendbuff 0x7f3867e00000 recvbuff 0x7f3867e00000 count 512 datatype 7 op 0 root 0 comm 0x565202005870 [nranks=4] stream 0x565202009640
n232-194-226:234886:234886 [2] NCCL INFO AllReduce: opCount 1c sendbuff 0x7f13c1e00000 recvbuff 0x7f13c1e00000 count 512 datatype 7 op 0 root 0 comm 0x55f8368a4c20 [nranks=4] stream 0x55f8368a89f0
n232-194-226:234887:234887 [3] NCCL INFO AllReduce: opCount 1c sendbuff 0x7f7301e00000 recvbuff 0x7f7301e00000 count 512 datatype 7 op 0 root 0 comm 0x559442d568a0 [nranks=4] stream 0x559442d5a670
n232-194-226:234887:234887 [3] NCCL INFO AllReduce: opCount 1d sendbuff 0x7f7301e00a00 recvbuff 0x7f7301e00a00 count 1 datatype 1 op 0 root 0 comm 0x559442d568a0 [nranks=4] stream 0x559442d5a670
n232-194-226:234885:234885 [1] NCCL INFO AllReduce: opCount 1d sendbuff 0x7f3867e00a00 recvbuff 0x7f3867e00a00 count 1 datatype 1 op 0 root 0 comm 0x565202005870 [nranks=4] stream 0x565202009640
n232-194-226:234884:234884 [0] NCCL INFO AllReduce: opCount 1d sendbuff 0x7f6549e00a00 recvbuff 0x7f6549e00a00 count 1 datatype 1 op 0 root 0 comm 0x55b8998d37e0 [nranks=4] stream 0x55b8998d32b0
n232-194-226:234886:234886 [2] NCCL INFO AllReduce: opCount 1d sendbuff 0x7f13c1e00a00 recvbuff 0x7f13c1e00a00 count 1 datatype 1 op 0 root 0 comm 0x55f8368a4c20 [nranks=4] stream 0x55f8368a89f0
n232-194-226:234884:234884 [0] NCCL INFO AllReduce: opCount 1e sendbuff 0x7f6549e00000 recvbuff 0x7f6549e00000 count 512 datatype 7 op 0 root 0 comm 0x55b8998d37e0 [nranks=4] stream 0x55b8998d32b0
n232-194-226:234885:234885 [1] NCCL INFO AllReduce: opCount 1e sendbuff 0x7f3867e00000 recvbuff 0x7f3867e00000 count 512 datatype 7 op 0 root 0 comm 0x565202005870 [nranks=4] stream 0x565202009640
n232-194-226:234886:234886 [2] NCCL INFO AllReduce: opCount 1e sendbuff 0x7f13c1e00000 recvbuff 0x7f13c1e00000 count 512 datatype 7 op 0 root 0 comm 0x55f8368a4c20 [nranks=4] stream 0x55f8368a89f0
n232-194-226:234887:234887 [3] NCCL INFO AllReduce: opCount 1e sendbuff 0x7f7301e00000 recvbuff 0x7f7301e00000 count 512 datatype 7 op 0 root 0 comm 0x559442d568a0 [nranks=4] stream 0x559442d5a670
n232-194-226:234885:234885 [1] NCCL INFO AllReduce: opCount 1f sendbuff 0x7f3867e00800 recvbuff 0x7f3867e00800 count 1 datatype 1 op 0 root 0 comm 0x565202005870 [nranks=4] stream 0x565202009640
n232-194-226:234887:234887 [3] NCCL INFO AllReduce: opCount 1f sendbuff 0x7f7301e00800 recvbuff 0x7f7301e00800 count 1 datatype 1 op 0 root 0 comm 0x559442d568a0 [nranks=4] stream 0x559442d5a670
n232-194-226:234886:234886 [2] NCCL INFO AllReduce: opCount 1f sendbuff 0x7f13c1e00800 recvbuff 0x7f13c1e00800 count 1 datatype 1 op 0 root 0 comm 0x55f8368a4c20 [nranks=4] stream 0x55f8368a89f0
n232-194-226:234884:234884 [0] NCCL INFO AllReduce: opCount 1f sendbuff 0x7f6549e00800 recvbuff 0x7f6549e00800 count 1 datatype 1 op 0 root 0 comm 0x55b8998d37e0 [nranks=4] stream 0x55b8998d32b0
n232-194-226:234884:234884 [0] NCCL INFO AllReduce: opCount 20 sendbuff 0x7f6549e00000 recvbuff 0x7f6549e00000 count 512 datatype 7 op 0 root 0 comm 0x55b8998d37e0 [nranks=4] stream 0x55b8998d32b0
n232-194-226:234885:234885 [1] NCCL INFO AllReduce: opCount 20 sendbuff 0x7f3867e00000 recvbuff 0x7f3867e00000 count 512 datatype 7 op 0 root 0 comm 0x565202005870 [nranks=4] stream 0x565202009640
n232-194-226:234886:234886 [2] NCCL INFO AllReduce: opCount 20 sendbuff 0x7f13c1e00000 recvbuff 0x7f13c1e00000 count 512 datatype 7 op 0 root 0 comm 0x55f8368a4c20 [nranks=4] stream 0x55f8368a89f0
n232-194-226:234887:234887 [3] NCCL INFO AllReduce: opCount 20 sendbuff 0x7f7301e00000 recvbuff 0x7f7301e00000 count 512 datatype 7 op 0 root 0 comm 0x559442d568a0 [nranks=4] stream 0x559442d5a670
n232-194-226:234885:234885 [1] NCCL INFO AllReduce: opCount 21 sendbuff 0x7f3867e00a00 recvbuff 0x7f3867e00a00 count 1 datatype 1 op 0 root 0 comm 0x565202005870 [nranks=4] stream 0x565202009640
n232-194-226:234886:234886 [2] NCCL INFO AllReduce: opCount 21 sendbuff 0x7f13c1e00a00 recvbuff 0x7f13c1e00a00 count 1 datatype 1 op 0 root 0 comm 0x55f8368a4c20 [nranks=4] stream 0x55f8368a89f0
n232-194-226:234887:234887 [3] NCCL INFO AllReduce: opCount 21 sendbuff 0x7f7301e00a00 recvbuff 0x7f7301e00a00 count 1 datatype 1 op 0 root 0 comm 0x559442d568a0 [nranks=4] stream 0x559442d5a670
n232-194-226:234884:234884 [0] NCCL INFO AllReduce: opCount 21 sendbuff 0x7f6549e00a00 recvbuff 0x7f6549e00a00 count 1 datatype 1 op 0 root 0 comm 0x55b8998d37e0 [nranks=4] stream 0x55b8998d32b0
n232-194-226:234884:234884 [0] NCCL INFO AllReduce: opCount 22 sendbuff 0x7f6549e00000 recvbuff 0x7f6549e00000 count 512 datatype 7 op 0 root 0 comm 0x55b8998d37e0 [nranks=4] stream 0x55b8998d32b0
n232-194-226:234885:234885 [1] NCCL INFO AllReduce: opCount 22 sendbuff 0x7f3867e00000 recvbuff 0x7f3867e00000 count 512 datatype 7 op 0 root 0 comm 0x565202005870 [nranks=4] stream 0x565202009640
n232-194-226:234886:234886 [2] NCCL INFO AllReduce: opCount 22 sendbuff 0x7f13c1e00000 recvbuff 0x7f13c1e00000 count 512 datatype 7 op 0 root 0 comm 0x55f8368a4c20 [nranks=4] stream 0x55f8368a89f0
n232-194-226:234887:234887 [3] NCCL INFO AllReduce: opCount 22 sendbuff 0x7f7301e00000 recvbuff 0x7f7301e00000 count 512 datatype 7 op 0 root 0 comm 0x559442d568a0 [nranks=4] stream 0x559442d5a670
n232-194-226:234885:234885 [1] NCCL INFO AllReduce: opCount 23 sendbuff 0x7f3867e00800 recvbuff 0x7f3867e00800 count 1 datatype 1 op 0 root 0 comm 0x565202005870 [nranks=4] stream 0x565202009640
n232-194-226:234886:234886 [2] NCCL INFO AllReduce: opCount 23 sendbuff 0x7f13c1e00800 recvbuff 0x7f13c1e00800 count 1 datatype 1 op 0 root 0 comm 0x55f8368a4c20 [nranks=4] stream 0x55f8368a89f0
n232-194-226:234884:234884 [0] NCCL INFO AllReduce: opCount 23 sendbuff 0x7f6549e00800 recvbuff 0x7f6549e00800 count 1 datatype 1 op 0 root 0 comm 0x55b8998d37e0 [nranks=4] stream 0x55b8998d32b0
n232-194-226:234887:234887 [3] NCCL INFO AllReduce: opCount 23 sendbuff 0x7f7301e00800 recvbuff 0x7f7301e00800 count 1 datatype 1 op 0 root 0 comm 0x559442d568a0 [nranks=4] stream 0x559442d5a670
n232-194-226:234884:234884 [0] NCCL INFO AllReduce: opCount 24 sendbuff 0x7f6549e00000 recvbuff 0x7f6549e00000 count 512 datatype 7 op 0 root 0 comm 0x55b8998d37e0 [nranks=4] stream 0x55b8998d32b0
n232-194-226:234885:234885 [1] NCCL INFO AllReduce: opCount 24 sendbuff 0x7f3867e00000 recvbuff 0x7f3867e00000 count 512 datatype 7 op 0 root 0 comm 0x565202005870 [nranks=4] stream 0x565202009640
n232-194-226:234886:234886 [2] NCCL INFO AllReduce: opCount 24 sendbuff 0x7f13c1e00000 recvbuff 0x7f13c1e00000 count 512 datatype 7 op 0 root 0 comm 0x55f8368a4c20 [nranks=4] stream 0x55f8368a89f0
n232-194-226:234887:234887 [3] NCCL INFO AllReduce: opCount 24 sendbuff 0x7f7301e00000 recvbuff 0x7f7301e00000 count 512 datatype 7 op 0 root 0 comm 0x559442d568a0 [nranks=4] stream 0x559442d5a670
n232-194-226:234884:234884 [0] NCCL INFO AllReduce: opCount 25 sendbuff 0x7f6549e00a00 recvbuff 0x7f6549e00a00 count 1 datatype 1 op 0 root 0 comm 0x55b8998d37e0 [nranks=4] stream 0x55b8998d32b0
n232-194-226:234887:234887 [3] NCCL INFO AllReduce: opCount 25 sendbuff 0x7f7301e00a00 recvbuff 0x7f7301e00a00 count 1 datatype 1 op 0 root 0 comm 0x559442d568a0 [nranks=4] stream 0x559442d5a670
n232-194-226:234885:234885 [1] NCCL INFO AllReduce: opCount 25 sendbuff 0x7f3867e00a00 recvbuff 0x7f3867e00a00 count 1 datatype 1 op 0 root 0 comm 0x565202005870 [nranks=4] stream 0x565202009640
n232-194-226:234886:234886 [2] NCCL INFO AllReduce: opCount 25 sendbuff 0x7f13c1e00a00 recvbuff 0x7f13c1e00a00 count 1 datatype 1 op 0 root 0 comm 0x55f8368a4c20 [nranks=4] stream 0x55f8368a89f0
n232-194-226:234884:234884 [0] NCCL INFO AllReduce: opCount 26 sendbuff 0x7f6549e00000 recvbuff 0x7f6549e00000 count 512 datatype 7 op 0 root 0 comm 0x55b8998d37e0 [nranks=4] stream 0x55b8998d32b0
n232-194-226:234885:234885 [1] NCCL INFO AllReduce: opCount 26 sendbuff 0x7f3867e00000 recvbuff 0x7f3867e00000 count 512 datatype 7 op 0 root 0 comm 0x565202005870 [nranks=4] stream 0x565202009640
n232-194-226:234886:234886 [2] NCCL INFO AllReduce: opCount 26 sendbuff 0x7f13c1e00000 recvbuff 0x7f13c1e00000 count 512 datatype 7 op 0 root 0 comm 0x55f8368a4c20 [nranks=4] stream 0x55f8368a89f0
n232-194-226:234887:234887 [3] NCCL INFO AllReduce: opCount 26 sendbuff 0x7f7301e00000 recvbuff 0x7f7301e00000 count 512 datatype 7 op 0 root 0 comm 0x559442d568a0 [nranks=4] stream 0x559442d5a670
n232-194-226:234885:234885 [1] NCCL INFO AllReduce: opCount 27 sendbuff 0x7f3867e00800 recvbuff 0x7f3867e00800 count 1 datatype 1 op 0 root 0 comm 0x565202005870 [nranks=4] stream 0x565202009640
n232-194-226:234887:234887 [3] NCCL INFO AllReduce: opCount 27 sendbuff 0x7f7301e00800 recvbuff 0x7f7301e00800 count 1 datatype 1 op 0 root 0 comm 0x559442d568a0 [nranks=4] stream 0x559442d5a670
n232-194-226:234884:234884 [0] NCCL INFO AllReduce: opCount 27 sendbuff 0x7f6549e00800 recvbuff 0x7f6549e00800 count 1 datatype 1 op 0 root 0 comm 0x55b8998d37e0 [nranks=4] stream 0x55b8998d32b0
n232-194-226:234886:234886 [2] NCCL INFO AllReduce: opCount 27 sendbuff 0x7f13c1e00800 recvbuff 0x7f13c1e00800 count 1 datatype 1 op 0 root 0 comm 0x55f8368a4c20 [nranks=4] stream 0x55f8368a89f0
n232-194-226:234884:234884 [0] NCCL INFO AllReduce: opCount 28 sendbuff 0x7f6549e00000 recvbuff 0x7f6549e00000 count 512 datatype 7 op 0 root 0 comm 0x55b8998d37e0 [nranks=4] stream 0x55b8998d32b0
n232-194-226:234885:234885 [1] NCCL INFO AllReduce: opCount 28 sendbuff 0x7f3867e00000 recvbuff 0x7f3867e00000 count 512 datatype 7 op 0 root 0 comm 0x565202005870 [nranks=4] stream 0x565202009640
n232-194-226:234886:234886 [2] NCCL INFO AllReduce: opCount 28 sendbuff 0x7f13c1e00000 recvbuff 0x7f13c1e00000 count 512 datatype 7 op 0 root 0 comm 0x55f8368a4c20 [nranks=4] stream 0x55f8368a89f0
n232-194-226:234887:234887 [3] NCCL INFO AllReduce: opCount 28 sendbuff 0x7f7301e00000 recvbuff 0x7f7301e00000 count 512 datatype 7 op 0 root 0 comm 0x559442d568a0 [nranks=4] stream 0x559442d5a670
n232-194-226:234887:234887 [3] NCCL INFO AllReduce: opCount 29 sendbuff 0x7f7301e00a00 recvbuff 0x7f7301e00a00 count 1 datatype 1 op 0 root 0 comm 0x559442d568a0 [nranks=4] stream 0x559442d5a670
n232-194-226:234885:234885 [1] NCCL INFO AllReduce: opCount 29 sendbuff 0x7f3867e00a00 recvbuff 0x7f3867e00a00 count 1 datatype 1 op 0 root 0 comm 0x565202005870 [nranks=4] stream 0x565202009640
n232-194-226:234886:234886 [2] NCCL INFO AllReduce: opCount 29 sendbuff 0x7f13c1e00a00 recvbuff 0x7f13c1e00a00 count 1 datatype 1 op 0 root 0 comm 0x55f8368a4c20 [nranks=4] stream 0x55f8368a89f0
n232-194-226:234884:234884 [0] NCCL INFO AllReduce: opCount 29 sendbuff 0x7f6549e00a00 recvbuff 0x7f6549e00a00 count 1 datatype 1 op 0 root 0 comm 0x55b8998d37e0 [nranks=4] stream 0x55b8998d32b0
n232-194-226:234884:234884 [0] NCCL INFO AllReduce: opCount 2a sendbuff 0x7f6549e00000 recvbuff 0x7f6549e00000 count 512 datatype 7 op 0 root 0 comm 0x55b8998d37e0 [nranks=4] stream 0x55b8998d32b0
n232-194-226:234885:234885 [1] NCCL INFO AllReduce: opCount 2a sendbuff 0x7f3867e00000 recvbuff 0x7f3867e00000 count 512 datatype 7 op 0 root 0 comm 0x565202005870 [nranks=4] stream 0x565202009640
n232-194-226:234886:234886 [2] NCCL INFO AllReduce: opCount 2a sendbuff 0x7f13c1e00000 recvbuff 0x7f13c1e00000 count 512 datatype 7 op 0 root 0 comm 0x55f8368a4c20 [nranks=4] stream 0x55f8368a89f0
n232-194-226:234887:234887 [3] NCCL INFO AllReduce: opCount 2a sendbuff 0x7f7301e00000 recvbuff 0x7f7301e00000 count 512 datatype 7 op 0 root 0 comm 0x559442d568a0 [nranks=4] stream 0x559442d5a670
n232-194-226:234885:234885 [1] NCCL INFO AllReduce: opCount 2b sendbuff 0x7f3867e00800 recvbuff 0x7f3867e00800 count 1 datatype 1 op 0 root 0 comm 0x565202005870 [nranks=4] stream 0x565202009640
n232-194-226:234887:234887 [3] NCCL INFO AllReduce: opCount 2b sendbuff 0x7f7301e00800 recvbuff 0x7f7301e00800 count 1 datatype 1 op 0 root 0 comm 0x559442d568a0 [nranks=4] stream 0x559442d5a670
n232-194-226:234886:234886 [2] NCCL INFO AllReduce: opCount 2b sendbuff 0x7f13c1e00800 recvbuff 0x7f13c1e00800 count 1 datatype 1 op 0 root 0 comm 0x55f8368a4c20 [nranks=4] stream 0x55f8368a89f0
n232-194-226:234884:234884 [0] NCCL INFO AllReduce: opCount 2b sendbuff 0x7f6549e00800 recvbuff 0x7f6549e00800 count 1 datatype 1 op 0 root 0 comm 0x55b8998d37e0 [nranks=4] stream 0x55b8998d32b0
n232-194-226:234884:234884 [0] NCCL INFO AllReduce: opCount 2c sendbuff 0x7f6549e00000 recvbuff 0x7f6549e00000 count 512 datatype 7 op 0 root 0 comm 0x55b8998d37e0 [nranks=4] stream 0x55b8998d32b0
n232-194-226:234885:234885 [1] NCCL INFO AllReduce: opCount 2c sendbuff 0x7f3867e00000 recvbuff 0x7f3867e00000 count 512 datatype 7 op 0 root 0 comm 0x565202005870 [nranks=4] stream 0x565202009640
n232-194-226:234886:234886 [2] NCCL INFO AllReduce: opCount 2c sendbuff 0x7f13c1e00000 recvbuff 0x7f13c1e00000 count 512 datatype 7 op 0 root 0 comm 0x55f8368a4c20 [nranks=4] stream 0x55f8368a89f0
n232-194-226:234887:234887 [3] NCCL INFO AllReduce: opCount 2c sendbuff 0x7f7301e00000 recvbuff 0x7f7301e00000 count 512 datatype 7 op 0 root 0 comm 0x559442d568a0 [nranks=4] stream 0x559442d5a670
        2K         512     float     sum     N/A     36.19     0.45     0.68       0n232-194-226:234885:234885 [1] NCCL INFO AllReduce: opCount 2d sendbuff 0x7f3867e00c00 recvbuff 0x7f3867e00c00 count 1024 datatype 7 op 0 root 0 comm 0x565202005870 [nranks=4] stream 0x565202009640

n232-194-226:234886:234886 [2] NCCL INFO AllReduce: opCount 2d sendbuff 0x7f13c1e00c00 recvbuff 0x7f13c1e00c00 count 1024 datatype 7 op 0 root 0 comm 0x55f8368a4c20 [nranks=4] stream 0x55f8368a89f0
n232-194-226:234887:234887 [3] NCCL INFO AllReduce: opCount 2d sendbuff 0x7f7301e00c00 recvbuff 0x7f7301e00c00 count 1024 datatype 7 op 0 root 0 comm 0x559442d568a0 [nranks=4] stream 0x559442d5a670
n232-194-226:234884:234884 [0] NCCL INFO AllReduce: opCount 2d sendbuff 0x7f6549e00c00 recvbuff 0x7f6549e00c00 count 1024 datatype 7 op 0 root 0 comm 0x55b8998d37e0 [nranks=4] stream 0x55b8998d32b0
n232-194-226:234887:234887 [3] NCCL INFO AllReduce: opCount 2e sendbuff 0x7f7301e00c00 recvbuff 0x7f7301e00c00 count 1024 datatype 7 op 0 root 0 comm 0x559442d568a0 [nranks=4] stream 0x559442d5a670
n232-194-226:234885:234885 [1] NCCL INFO AllReduce: opCount 2e sendbuff 0x7f3867e00c00 recvbuff 0x7f3867e00c00 count 1024 datatype 7 op 0 root 0 comm 0x565202005870 [nranks=4] stream 0x565202009640
n232-194-226:234886:234886 [2] NCCL INFO AllReduce: opCount 2e sendbuff 0x7f13c1e00c00 recvbuff 0x7f13c1e00c00 count 1024 datatype 7 op 0 root 0 comm 0x55f8368a4c20 [nranks=4] stream 0x55f8368a89f0
